OpenJDK 64-Bit Server VM (25.212-b01) for linux-amd64 JRE (1.8.0_212-8u212-b01-1~deb9u1-b01), built on Mar 18 2019 23:06:47 by "jmm" with gcc 6.3.0 20170516
Memory: 4k page, physical 1014380k(310728k free), swap 0k(0k free)
CommandLine flags: -XX:+CMSEdenChunksRecordAlways -XX:CMSInitiatingOccupancyFraction=75 -XX:+CMSParallelInitialMarkEnabled -XX:+CMSParallelRemarkEnabled -XX:CMSWaitDuration=10000 -XX:+ExitOnOutOfMemoryError -XX:GCLogFileSize=10485760 -XX:+HeapDumpOnOutOfMemoryError -XX:+IgnoreUnrecognizedVMOptions -XX:InitialHeapSize=16230080 -XX:MaxHeapSize=259681280 -XX:MaxNewSize=85983232 -XX:MaxTenuringThreshold=6 -XX:NumberOfGCLogFiles=10 -XX:OldPLABSize=16 -XX:+PerfDisableSharedMem -XX:+PrintGC -XX:+PrintGCApplicationStoppedTime -XX:+PrintGCDateStamps -XX:+PrintGCDetails -XX:+PrintGCTimeStamps -XX:+PrintHeapAtGC -XX:+PrintTenuringDistribution -XX:+ResizeTLAB -XX:-UseBiasedLocking -XX:+UseCMSInitiatingOccupancyOnly -XX:+UseCompressedClassPointers -XX:+UseCompressedOops -XX:+UseConcMarkSweepGC -XX:+UseCondCardMark -XX:+UseGCLogFileRotation -XX:+UseParNewGC -XX:+UseTLAB 
{Heap before GC invocations=0 (full 0):
 par new generation   total 4928K, used 4416K [0x00000000f0800000, 0x00000000f0d50000, 0x00000000f5a00000)
  eden space 4416K, 100% used [0x00000000f0800000, 0x00000000f0c50000, 0x00000000f0c50000)
  from space 512K,   0% used [0x00000000f0c50000, 0x00000000f0c50000, 0x00000000f0cd0000)
  to   space 512K,   0% used [0x00000000f0cd0000, 0x00000000f0cd0000, 0x00000000f0d50000)
 concurrent mark-sweep generation total 10944K, used 0K [0x00000000f5a00000, 0x00000000f64b0000, 0x0000000100000000)
 Metaspace       used 4568K, capacity 4910K, committed 5248K, reserved 1056768K
  class space    used 480K, capacity 539K, committed 640K, reserved 1048576K
2019-10-16T14:16:40.549+0000: 0.401: [GC (Allocation Failure) 2019-10-16T14:16:40.549+0000: 0.401: [ParNew
Desired survivor size 262144 bytes, new threshold 1 (max 6)
- age   1:     519512 bytes,     519512 total
: 4416K->512K(4928K), 0.0088875 secs] 4416K->1175K(15872K), 0.0089490 secs] [Times: user=0.01 sys=0.00, real=0.01 secs] 
Heap after GC invocations=1 (full 0):
 par new generation   total 4928K, used 512K [0x00000000f0800000, 0x00000000f0d50000, 0x00000000f5a00000)
  eden space 4416K,   0% used [0x00000000f0800000, 0x00000000f0800000, 0x00000000f0c50000)
  from space 512K, 100% used [0x00000000f0cd0000, 0x00000000f0d50000, 0x00000000f0d50000)
  to   space 512K,   0% used [0x00000000f0c50000, 0x00000000f0c50000, 0x00000000f0cd0000)
 concurrent mark-sweep generation total 10944K, used 663K [0x00000000f5a00000, 0x00000000f64b0000, 0x0000000100000000)
 Metaspace       used 4568K, capacity 4910K, committed 5248K, reserved 1056768K
  class space    used 480K, capacity 539K, committed 640K, reserved 1048576K
}
2019-10-16T14:16:40.558+0000: 0.410: Total time for which application threads were stopped: 0.0090861 seconds, Stopping threads took: 0.0000212 seconds
{Heap before GC invocations=1 (full 0):
 par new generation   total 4928K, used 4757K [0x00000000f0800000, 0x00000000f0d50000, 0x00000000f5a00000)
  eden space 4416K,  96% used [0x00000000f0800000, 0x00000000f0c25530, 0x00000000f0c50000)
  from space 512K, 100% used [0x00000000f0cd0000, 0x00000000f0d50000, 0x00000000f0d50000)
  to   space 512K,   0% used [0x00000000f0c50000, 0x00000000f0c50000, 0x00000000f0cd0000)
 concurrent mark-sweep generation total 10944K, used 663K [0x00000000f5a00000, 0x00000000f64b0000, 0x0000000100000000)
 Metaspace       used 4936K, capacity 5126K, committed 5248K, reserved 1056768K
  class space    used 510K, capacity 581K, committed 640K, reserved 1048576K
2019-10-16T14:16:40.700+0000: 0.552: [GC (Allocation Failure) 2019-10-16T14:16:40.700+0000: 0.552: [ParNew
Desired survivor size 262144 bytes, new threshold 1 (max 6)
- age   1:     376816 bytes,     376816 total
: 4757K->504K(4928K), 0.0032771 secs] 5421K->1678K(15872K), 0.0033263 secs] [Times: user=0.00 sys=0.00, real=0.01 secs] 
Heap after GC invocations=2 (full 0):
 par new generation   total 4928K, used 504K [0x00000000f0800000, 0x00000000f0d50000, 0x00000000f5a00000)
  eden space 4416K,   0% used [0x00000000f0800000, 0x00000000f0800000, 0x00000000f0c50000)
  from space 512K,  98% used [0x00000000f0c50000, 0x00000000f0cce208, 0x00000000f0cd0000)
  to   space 512K,   0% used [0x00000000f0cd0000, 0x00000000f0cd0000, 0x00000000f0d50000)
 concurrent mark-sweep generation total 10944K, used 1174K [0x00000000f5a00000, 0x00000000f64b0000, 0x0000000100000000)
 Metaspace       used 4936K, capacity 5126K, committed 5248K, reserved 1056768K
  class space    used 510K, capacity 581K, committed 640K, reserved 1048576K
}
2019-10-16T14:16:40.704+0000: 0.556: Total time for which application threads were stopped: 0.0034526 seconds, Stopping threads took: 0.0000237 seconds
{Heap before GC invocations=2 (full 0):
 par new generation   total 4928K, used 4920K [0x00000000f0800000, 0x00000000f0d50000, 0x00000000f5a00000)
  eden space 4416K, 100% used [0x00000000f0800000, 0x00000000f0c50000, 0x00000000f0c50000)
  from space 512K,  98% used [0x00000000f0c50000, 0x00000000f0cce208, 0x00000000f0cd0000)
  to   space 512K,   0% used [0x00000000f0cd0000, 0x00000000f0cd0000, 0x00000000f0d50000)
 concurrent mark-sweep generation total 10944K, used 1174K [0x00000000f5a00000, 0x00000000f64b0000, 0x0000000100000000)
 Metaspace       used 4943K, capacity 5126K, committed 5248K, reserved 1056768K
  class space    used 510K, capacity 581K, committed 640K, reserved 1048576K
2019-10-16T14:16:40.748+0000: 0.600: [GC (Allocation Failure) 2019-10-16T14:16:40.748+0000: 0.600: [ParNew
Desired survivor size 262144 bytes, new threshold 1 (max 6)
- age   1:     327184 bytes,     327184 total
: 4920K->401K(4928K), 0.0016023 secs] 6094K->1931K(15872K), 0.0016546 secs] [Times: user=0.00 sys=0.00, real=0.00 secs] 
Heap after GC invocations=3 (full 0):
 par new generation   total 4928K, used 401K [0x00000000f0800000, 0x00000000f0d50000, 0x00000000f5a00000)
  eden space 4416K,   0% used [0x00000000f0800000, 0x00000000f0800000, 0x00000000f0c50000)
  from space 512K,  78% used [0x00000000f0cd0000, 0x00000000f0d344a8, 0x00000000f0d50000)
  to   space 512K,   0% used [0x00000000f0c50000, 0x00000000f0c50000, 0x00000000f0cd0000)
 concurrent mark-sweep generation total 10944K, used 1530K [0x00000000f5a00000, 0x00000000f64b0000, 0x0000000100000000)
 Metaspace       used 4943K, capacity 5126K, committed 5248K, reserved 1056768K
  class space    used 510K, capacity 581K, committed 640K, reserved 1048576K
}
2019-10-16T14:16:40.750+0000: 0.602: Total time for which application threads were stopped: 0.0017472 seconds, Stopping threads took: 0.0000203 seconds
{Heap before GC invocations=3 (full 0):
 par new generation   total 4928K, used 4817K [0x00000000f0800000, 0x00000000f0d50000, 0x00000000f5a00000)
  eden space 4416K, 100% used [0x00000000f0800000, 0x00000000f0c50000, 0x00000000f0c50000)
  from space 512K,  78% used [0x00000000f0cd0000, 0x00000000f0d344a8, 0x00000000f0d50000)
  to   space 512K,   0% used [0x00000000f0c50000, 0x00000000f0c50000, 0x00000000f0cd0000)
 concurrent mark-sweep generation total 10944K, used 1530K [0x00000000f5a00000, 0x00000000f64b0000, 0x0000000100000000)
 Metaspace       used 4953K, capacity 5126K, committed 5248K, reserved 1056768K
  class space    used 511K, capacity 581K, committed 640K, reserved 1048576K
2019-10-16T14:16:40.787+0000: 0.639: [GC (Allocation Failure) 2019-10-16T14:16:40.787+0000: 0.639: [ParNew
Desired survivor size 262144 bytes, new threshold 1 (max 6)
- age   1:     523776 bytes,     523776 total
: 4817K->512K(4928K), 0.0014093 secs] 6347K->2463K(15872K), 0.0014473 secs] [Times: user=0.01 sys=0.00, real=0.00 secs] 
Heap after GC invocations=4 (full 0):
 par new generation   total 4928K, used 512K [0x00000000f0800000, 0x00000000f0d50000, 0x00000000f5a00000)
  eden space 4416K,   0% used [0x00000000f0800000, 0x00000000f0800000, 0x00000000f0c50000)
  from space 512K, 100% used [0x00000000f0c50000, 0x00000000f0cd0000, 0x00000000f0cd0000)
  to   space 512K,   0% used [0x00000000f0cd0000, 0x00000000f0cd0000, 0x00000000f0d50000)
 concurrent mark-sweep generation total 10944K, used 1951K [0x00000000f5a00000, 0x00000000f64b0000, 0x0000000100000000)
 Metaspace       used 4953K, capacity 5126K, committed 5248K, reserved 1056768K
  class space    used 511K, capacity 581K, committed 640K, reserved 1048576K
}
2019-10-16T14:16:40.789+0000: 0.641: Total time for which application threads were stopped: 0.0015527 seconds, Stopping threads took: 0.0000206 seconds
{Heap before GC invocations=4 (full 0):
 par new generation   total 4928K, used 4928K [0x00000000f0800000, 0x00000000f0d50000, 0x00000000f5a00000)
  eden space 4416K, 100% used [0x00000000f0800000, 0x00000000f0c50000, 0x00000000f0c50000)
  from space 512K, 100% used [0x00000000f0c50000, 0x00000000f0cd0000, 0x00000000f0cd0000)
  to   space 512K,   0% used [0x00000000f0cd0000, 0x00000000f0cd0000, 0x00000000f0d50000)
 concurrent mark-sweep generation total 10944K, used 1951K [0x00000000f5a00000, 0x00000000f64b0000, 0x0000000100000000)
 Metaspace       used 5341K, capacity 5566K, committed 5760K, reserved 1056768K
  class space    used 552K, capacity 620K, committed 640K, reserved 1048576K
2019-10-16T14:16:40.917+0000: 0.769: [GC (Allocation Failure) 2019-10-16T14:16:40.917+0000: 0.769: [ParNew
Desired survivor size 262144 bytes, new threshold 1 (max 6)
- age   1:     399880 bytes,     399880 total
: 4928K->500K(4928K), 0.0021262 secs] 6879K->2963K(15872K), 0.0021846 secs] [Times: user=0.00 sys=0.00, real=0.00 secs] 
Heap after GC invocations=5 (full 0):
 par new generation   total 4928K, used 500K [0x00000000f0800000, 0x00000000f0d50000, 0x00000000f5a00000)
  eden space 4416K,   0% used [0x00000000f0800000, 0x00000000f0800000, 0x00000000f0c50000)
  from space 512K,  97% used [0x00000000f0cd0000, 0x00000000f0d4d270, 0x00000000f0d50000)
  to   space 512K,   0% used [0x00000000f0c50000, 0x00000000f0c50000, 0x00000000f0cd0000)
 concurrent mark-sweep generation total 10944K, used 2462K [0x00000000f5a00000, 0x00000000f64b0000, 0x0000000100000000)
 Metaspace       used 5341K, capacity 5566K, committed 5760K, reserved 1056768K
  class space    used 552K, capacity 620K, committed 640K, reserved 1048576K
}
2019-10-16T14:16:40.919+0000: 0.771: Total time for which application threads were stopped: 0.0023288 seconds, Stopping threads took: 0.0000230 seconds
{Heap before GC invocations=5 (full 0):
 par new generation   total 4928K, used 4916K [0x00000000f0800000, 0x00000000f0d50000, 0x00000000f5a00000)
  eden space 4416K, 100% used [0x00000000f0800000, 0x00000000f0c50000, 0x00000000f0c50000)
  from space 512K,  97% used [0x00000000f0cd0000, 0x00000000f0d4d270, 0x00000000f0d50000)
  to   space 512K,   0% used [0x00000000f0c50000, 0x00000000f0c50000, 0x00000000f0cd0000)
 concurrent mark-sweep generation total 10944K, used 2462K [0x00000000f5a00000, 0x00000000f64b0000, 0x0000000100000000)
 Metaspace       used 5416K, capacity 5636K, committed 5760K, reserved 1056768K
  class space    used 558K, capacity 626K, committed 640K, reserved 1048576K
2019-10-16T14:16:40.990+0000: 0.842: [GC (Allocation Failure) 2019-10-16T14:16:40.990+0000: 0.842: [ParNew
Desired survivor size 262144 bytes, new threshold 6 (max 6)
- age   1:      67304 bytes,      67304 total
: 4916K->387K(4928K), 0.0019654 secs] 7379K->3208K(15872K), 0.0020169 secs] [Times: user=0.00 sys=0.00, real=0.00 secs] 
Heap after GC invocations=6 (full 0):
 par new generation   total 4928K, used 387K [0x00000000f0800000, 0x00000000f0d50000, 0x00000000f5a00000)
  eden space 4416K,   0% used [0x00000000f0800000, 0x00000000f0800000, 0x00000000f0c50000)
  from space 512K,  75% used [0x00000000f0c50000, 0x00000000f0cb0ea0, 0x00000000f0cd0000)
  to   space 512K,   0% used [0x00000000f0cd0000, 0x00000000f0cd0000, 0x00000000f0d50000)
 concurrent mark-sweep generation total 10944K, used 2820K [0x00000000f5a00000, 0x00000000f64b0000, 0x0000000100000000)
 Metaspace       used 5416K, capacity 5636K, committed 5760K, reserved 1056768K
  class space    used 558K, capacity 626K, committed 640K, reserved 1048576K
}
2019-10-16T14:16:40.992+0000: 0.844: Total time for which application threads were stopped: 0.0021496 seconds, Stopping threads took: 0.0000260 seconds
{Heap before GC invocations=6 (full 0):
 par new generation   total 4928K, used 4803K [0x00000000f0800000, 0x00000000f0d50000, 0x00000000f5a00000)
  eden space 4416K, 100% used [0x00000000f0800000, 0x00000000f0c50000, 0x00000000f0c50000)
  from space 512K,  75% used [0x00000000f0c50000, 0x00000000f0cb0ea0, 0x00000000f0cd0000)
  to   space 512K,   0% used [0x00000000f0cd0000, 0x00000000f0cd0000, 0x00000000f0d50000)
 concurrent mark-sweep generation total 10944K, used 2820K [0x00000000f5a00000, 0x00000000f64b0000, 0x0000000100000000)
 Metaspace       used 5442K, capacity 5668K, committed 5888K, reserved 1056768K
  class space    used 564K, capacity 658K, committed 768K, reserved 1048576K
2019-10-16T14:16:41.018+0000: 0.870: [GC (Allocation Failure) 2019-10-16T14:16:41.018+0000: 0.870: [ParNew
Desired survivor size 262144 bytes, new threshold 6 (max 6)
- age   1:      19544 bytes,      19544 total
- age   2:      63672 bytes,      83216 total
: 4803K->109K(4928K), 0.0008289 secs] 7624K->2930K(15872K), 0.0008839 secs] [Times: user=0.00 sys=0.00, real=0.00 secs] 
Heap after GC invocations=7 (full 0):
 par new generation   total 4928K, used 109K [0x00000000f0800000, 0x00000000f0d50000, 0x00000000f5a00000)
  eden space 4416K,   0% used [0x00000000f0800000, 0x00000000f0800000, 0x00000000f0c50000)
  from space 512K,  21% used [0x00000000f0cd0000, 0x00000000f0ceb778, 0x00000000f0d50000)
  to   space 512K,   0% used [0x00000000f0c50000, 0x00000000f0c50000, 0x00000000f0cd0000)
 concurrent mark-sweep generation total 10944K, used 2820K [0x00000000f5a00000, 0x00000000f64b0000, 0x0000000100000000)
 Metaspace       used 5442K, capacity 5668K, committed 5888K, reserved 1056768K
  class space    used 564K, capacity 658K, committed 768K, reserved 1048576K
}
2019-10-16T14:16:41.019+0000: 0.871: Total time for which application threads were stopped: 0.0009917 seconds, Stopping threads took: 0.0000267 seconds
2019-10-16T14:16:41.034+0000: 0.886: Total time for which application threads were stopped: 0.0001746 seconds, Stopping threads took: 0.0000420 seconds
{Heap before GC invocations=7 (full 0):
 par new generation   total 4928K, used 4525K [0x00000000f0800000, 0x00000000f0d50000, 0x00000000f5a00000)
  eden space 4416K, 100% used [0x00000000f0800000, 0x00000000f0c50000, 0x00000000f0c50000)
  from space 512K,  21% used [0x00000000f0cd0000, 0x00000000f0ceb778, 0x00000000f0d50000)
  to   space 512K,   0% used [0x00000000f0c50000, 0x00000000f0c50000, 0x00000000f0cd0000)
 concurrent mark-sweep generation total 10944K, used 2820K [0x00000000f5a00000, 0x00000000f64b0000, 0x0000000100000000)
 Metaspace       used 5519K, capacity 5732K, committed 5888K, reserved 1056768K
  class space    used 572K, capacity 658K, committed 768K, reserved 1048576K
2019-10-16T14:16:41.056+0000: 0.908: [GC (Allocation Failure) 2019-10-16T14:16:41.056+0000: 0.908: [ParNew
Desired survivor size 262144 bytes, new threshold 6 (max 6)
- age   1:      34864 bytes,      34864 total
- age   2:      10456 bytes,      45320 total
- age   3:      63304 bytes,     108624 total
: 4525K->177K(4928K), 0.0010654 secs] 7346K->2998K(15872K), 0.0011183 secs] [Times: user=0.00 sys=0.00, real=0.00 secs] 
Heap after GC invocations=8 (full 0):
 par new generation   total 4928K, used 177K [0x00000000f0800000, 0x00000000f0d50000, 0x00000000f5a00000)
  eden space 4416K,   0% used [0x00000000f0800000, 0x00000000f0800000, 0x00000000f0c50000)
  from space 512K,  34% used [0x00000000f0c50000, 0x00000000f0c7c700, 0x00000000f0cd0000)
  to   space 512K,   0% used [0x00000000f0cd0000, 0x00000000f0cd0000, 0x00000000f0d50000)
 concurrent mark-sweep generation total 10944K, used 2820K [0x00000000f5a00000, 0x00000000f64b0000, 0x0000000100000000)
 Metaspace       used 5519K, capacity 5732K, committed 5888K, reserved 1056768K
  class space    used 572K, capacity 658K, committed 768K, reserved 1048576K
}
2019-10-16T14:16:41.057+0000: 0.909: Total time for which application threads were stopped: 0.0012310 seconds, Stopping threads took: 0.0000255 seconds
{Heap before GC invocations=8 (full 0):
 par new generation   total 4928K, used 4593K [0x00000000f0800000, 0x00000000f0d50000, 0x00000000f5a00000)
  eden space 4416K, 100% used [0x00000000f0800000, 0x00000000f0c50000, 0x00000000f0c50000)
  from space 512K,  34% used [0x00000000f0c50000, 0x00000000f0c7c700, 0x00000000f0cd0000)
  to   space 512K,   0% used [0x00000000f0cd0000, 0x00000000f0cd0000, 0x00000000f0d50000)
 concurrent mark-sweep generation total 10944K, used 2820K [0x00000000f5a00000, 0x00000000f64b0000, 0x0000000100000000)
 Metaspace       used 5599K, capacity 5796K, committed 6144K, reserved 1056768K
  class space    used 575K, capacity 658K, committed 768K, reserved 1048576K
2019-10-16T14:16:41.092+0000: 0.944: [GC (Allocation Failure) 2019-10-16T14:16:41.092+0000: 0.944: [ParNew
Desired survivor size 262144 bytes, new threshold 6 (max 6)
- age   1:      73200 bytes,      73200 total
- age   2:      29392 bytes,     102592 total
- age   3:      10344 bytes,     112936 total
- age   4:      62312 bytes,     175248 total
: 4593K->181K(4928K), 0.0010516 secs] 7414K->3002K(15872K), 0.0011273 secs] [Times: user=0.00 sys=0.00, real=0.00 secs] 
Heap after GC invocations=9 (full 0):
 par new generation   total 4928K, used 181K [0x00000000f0800000, 0x00000000f0d50000, 0x00000000f5a00000)
  eden space 4416K,   0% used [0x00000000f0800000, 0x00000000f0800000, 0x00000000f0c50000)
  from space 512K,  35% used [0x00000000f0cd0000, 0x00000000f0cfd750, 0x00000000f0d50000)
  to   space 512K,   0% used [0x00000000f0c50000, 0x00000000f0c50000, 0x00000000f0cd0000)
 concurrent mark-sweep generation total 10944K, used 2820K [0x00000000f5a00000, 0x00000000f64b0000, 0x0000000100000000)
 Metaspace       used 5599K, capacity 5796K, committed 6144K, reserved 1056768K
  class space    used 575K, capacity 658K, committed 768K, reserved 1048576K
}
2019-10-16T14:16:41.093+0000: 0.945: Total time for which application threads were stopped: 0.0012338 seconds, Stopping threads took: 0.0000216 seconds
{Heap before GC invocations=9 (full 0):
 par new generation   total 4928K, used 4597K [0x00000000f0800000, 0x00000000f0d50000, 0x00000000f5a00000)
  eden space 4416K, 100% used [0x00000000f0800000, 0x00000000f0c50000, 0x00000000f0c50000)
  from space 512K,  35% used [0x00000000f0cd0000, 0x00000000f0cfd750, 0x00000000f0d50000)
  to   space 512K,   0% used [0x00000000f0c50000, 0x00000000f0c50000, 0x00000000f0cd0000)
 concurrent mark-sweep generation total 10944K, used 2820K [0x00000000f5a00000, 0x00000000f64b0000, 0x0000000100000000)
 Metaspace       used 5637K, capacity 5860K, committed 6144K, reserved 1056768K
  class space    used 580K, capacity 658K, committed 768K, reserved 1048576K
2019-10-16T14:16:41.117+0000: 0.970: [GC (Allocation Failure) 2019-10-16T14:16:41.118+0000: 0.970: [ParNew
Desired survivor size 262144 bytes, new threshold 6 (max 6)
- age   1:      19048 bytes,      19048 total
- age   2:      67416 bytes,      86464 total
- age   3:      28704 bytes,     115168 total
- age   4:      10024 bytes,     125192 total
- age   5:      62248 bytes,     187440 total
: 4597K->286K(4928K), 0.0010707 secs] 7418K->3107K(15872K), 0.0011164 secs] [Times: user=0.01 sys=0.00, real=0.00 secs] 
Heap after GC invocations=10 (full 0):
 par new generation   total 4928K, used 286K [0x00000000f0800000, 0x00000000f0d50000, 0x00000000f5a00000)
  eden space 4416K,   0% used [0x00000000f0800000, 0x00000000f0800000, 0x00000000f0c50000)
  from space 512K,  55% used [0x00000000f0c50000, 0x00000000f0c979d0, 0x00000000f0cd0000)
  to   space 512K,   0% used [0x00000000f0cd0000, 0x00000000f0cd0000, 0x00000000f0d50000)
 concurrent mark-sweep generation total 10944K, used 2820K [0x00000000f5a00000, 0x00000000f64b0000, 0x0000000100000000)
 Metaspace       used 5637K, capacity 5860K, committed 6144K, reserved 1056768K
  class space    used 580K, capacity 658K, committed 768K, reserved 1048576K
}
2019-10-16T14:16:41.119+0000: 0.971: Total time for which application threads were stopped: 0.0012387 seconds, Stopping threads took: 0.0000342 seconds
{Heap before GC invocations=10 (full 0):
 par new generation   total 4928K, used 4702K [0x00000000f0800000, 0x00000000f0d50000, 0x00000000f5a00000)
  eden space 4416K, 100% used [0x00000000f0800000, 0x00000000f0c50000, 0x00000000f0c50000)
  from space 512K,  55% used [0x00000000f0c50000, 0x00000000f0c979d0, 0x00000000f0cd0000)
  to   space 512K,   0% used [0x00000000f0cd0000, 0x00000000f0cd0000, 0x00000000f0d50000)
 concurrent mark-sweep generation total 10944K, used 2820K [0x00000000f5a00000, 0x00000000f64b0000, 0x0000000100000000)
 Metaspace       used 5651K, capacity 5860K, committed 6144K, reserved 1056768K
  class space    used 583K, capacity 658K, committed 768K, reserved 1048576K
2019-10-16T14:16:41.147+0000: 0.999: [GC (Allocation Failure) 2019-10-16T14:16:41.147+0000: 0.999: [ParNew
Desired survivor size 262144 bytes, new threshold 6 (max 6)
- age   1:      46560 bytes,      46560 total
- age   2:      16464 bytes,      63024 total
- age   3:      67304 bytes,     130328 total
- age   4:      28704 bytes,     159032 total
- age   5:      10024 bytes,     169056 total
- age   6:      62248 bytes,     231304 total
: 4702K->344K(4928K), 0.0011078 secs] 7523K->3165K(15872K), 0.0011628 secs] [Times: user=0.00 sys=0.00, real=0.00 secs] 
Heap after GC invocations=11 (full 0):
 par new generation   total 4928K, used 344K [0x00000000f0800000, 0x00000000f0d50000, 0x00000000f5a00000)
  eden space 4416K,   0% used [0x00000000f0800000, 0x00000000f0800000, 0x00000000f0c50000)
  from space 512K,  67% used [0x00000000f0cd0000, 0x00000000f0d262e0, 0x00000000f0d50000)
  to   space 512K,   0% used [0x00000000f0c50000, 0x00000000f0c50000, 0x00000000f0cd0000)
 concurrent mark-sweep generation total 10944K, used 2820K [0x00000000f5a00000, 0x00000000f64b0000, 0x0000000100000000)
 Metaspace       used 5651K, capacity 5860K, committed 6144K, reserved 1056768K
  class space    used 583K, capacity 658K, committed 768K, reserved 1048576K
}
2019-10-16T14:16:41.148+0000: 1.000: Total time for which application threads were stopped: 0.0012890 seconds, Stopping threads took: 0.0000246 seconds
{Heap before GC invocations=11 (full 0):
 par new generation   total 4928K, used 4760K [0x00000000f0800000, 0x00000000f0d50000, 0x00000000f5a00000)
  eden space 4416K, 100% used [0x00000000f0800000, 0x00000000f0c50000, 0x00000000f0c50000)
  from space 512K,  67% used [0x00000000f0cd0000, 0x00000000f0d262e0, 0x00000000f0d50000)
  to   space 512K,   0% used [0x00000000f0c50000, 0x00000000f0c50000, 0x00000000f0cd0000)
 concurrent mark-sweep generation total 10944K, used 2820K [0x00000000f5a00000, 0x00000000f64b0000, 0x0000000100000000)
 Metaspace       used 5716K, capacity 5988K, committed 6144K, reserved 1056768K
  class space    used 590K, capacity 658K, committed 768K, reserved 1048576K
2019-10-16T14:16:41.174+0000: 1.026: [GC (Allocation Failure) 2019-10-16T14:16:41.174+0000: 1.026: [ParNew
Desired survivor size 262144 bytes, new threshold 6 (max 6)
- age   1:      14992 bytes,      14992 total
- age   2:      40112 bytes,      55104 total
- age   3:      16464 bytes,      71568 total
- age   4:      67304 bytes,     138872 total
- age   5:      28704 bytes,     167576 total
- age   6:      10024 bytes,     177600 total
: 4760K->212K(4928K), 0.0013470 secs] 7581K->3094K(15872K), 0.0014035 secs] [Times: user=0.00 sys=0.00, real=0.00 secs] 
Heap after GC invocations=12 (full 0):
 par new generation   total 4928K, used 212K [0x00000000f0800000, 0x00000000f0d50000, 0x00000000f5a00000)
  eden space 4416K,   0% used [0x00000000f0800000, 0x00000000f0800000, 0x00000000f0c50000)
  from space 512K,  41% used [0x00000000f0c50000, 0x00000000f0c853f0, 0x00000000f0cd0000)
  to   space 512K,   0% used [0x00000000f0cd0000, 0x00000000f0cd0000, 0x00000000f0d50000)
 concurrent mark-sweep generation total 10944K, used 2882K [0x00000000f5a00000, 0x00000000f64b0000, 0x0000000100000000)
 Metaspace       used 5716K, capacity 5988K, committed 6144K, reserved 1056768K
  class space    used 590K, capacity 658K, committed 768K, reserved 1048576K
}
2019-10-16T14:16:41.175+0000: 1.027: Total time for which application threads were stopped: 0.0015061 seconds, Stopping threads took: 0.0000214 seconds
{Heap before GC invocations=12 (full 0):
 par new generation   total 4928K, used 4628K [0x00000000f0800000, 0x00000000f0d50000, 0x00000000f5a00000)
  eden space 4416K, 100% used [0x00000000f0800000, 0x00000000f0c50000, 0x00000000f0c50000)
  from space 512K,  41% used [0x00000000f0c50000, 0x00000000f0c853f0, 0x00000000f0cd0000)
  to   space 512K,   0% used [0x00000000f0cd0000, 0x00000000f0cd0000, 0x00000000f0d50000)
 concurrent mark-sweep generation total 10944K, used 2882K [0x00000000f5a00000, 0x00000000f64b0000, 0x0000000100000000)
 Metaspace       used 5770K, capacity 5988K, committed 6144K, reserved 1056768K
  class space    used 595K, capacity 658K, committed 768K, reserved 1048576K
2019-10-16T14:16:41.199+0000: 1.051: [GC (Allocation Failure) 2019-10-16T14:16:41.199+0000: 1.051: [ParNew
Desired survivor size 262144 bytes, new threshold 6 (max 6)
- age   1:      14184 bytes,      14184 total
- age   2:      11496 bytes,      25680 total
- age   3:      39888 bytes,      65568 total
- age   4:      16464 bytes,      82032 total
- age   5:      67240 bytes,     149272 total
- age   6:      28704 bytes,     177976 total
: 4628K->183K(4928K), 0.0010415 secs] 7510K->3075K(15872K), 0.0010901 secs] [Times: user=0.00 sys=0.00, real=0.00 secs] 
Heap after GC invocations=13 (full 0):
 par new generation   total 4928K, used 183K [0x00000000f0800000, 0x00000000f0d50000, 0x00000000f5a00000)
  eden space 4416K,   0% used [0x00000000f0800000, 0x00000000f0800000, 0x00000000f0c50000)
  from space 512K,  35% used [0x00000000f0cd0000, 0x00000000f0cfdc80, 0x00000000f0d50000)
  to   space 512K,   0% used [0x00000000f0c50000, 0x00000000f0c50000, 0x00000000f0cd0000)
 concurrent mark-sweep generation total 10944K, used 2892K [0x00000000f5a00000, 0x00000000f64b0000, 0x0000000100000000)
 Metaspace       used 5770K, capacity 5988K, committed 6144K, reserved 1056768K
  class space    used 595K, capacity 658K, committed 768K, reserved 1048576K
}
2019-10-16T14:16:41.200+0000: 1.052: Total time for which application threads were stopped: 0.0012007 seconds, Stopping threads took: 0.0000206 seconds
{Heap before GC invocations=13 (full 0):
 par new generation   total 4928K, used 4599K [0x00000000f0800000, 0x00000000f0d50000, 0x00000000f5a00000)
  eden space 4416K, 100% used [0x00000000f0800000, 0x00000000f0c50000, 0x00000000f0c50000)
  from space 512K,  35% used [0x00000000f0cd0000, 0x00000000f0cfdc80, 0x00000000f0d50000)
  to   space 512K,   0% used [0x00000000f0c50000, 0x00000000f0c50000, 0x00000000f0cd0000)
 concurrent mark-sweep generation total 10944K, used 2892K [0x00000000f5a00000, 0x00000000f64b0000, 0x0000000100000000)
 Metaspace       used 5804K, capacity 6084K, committed 6400K, reserved 1056768K
  class space    used 600K, capacity 690K, committed 768K, reserved 1048576K
2019-10-16T14:16:41.226+0000: 1.078: [GC (Allocation Failure) 2019-10-16T14:16:41.226+0000: 1.078: [ParNew
Desired survivor size 262144 bytes, new threshold 6 (max 6)
- age   1:      11312 bytes,      11312 total
- age   2:      11408 bytes,      22720 total
- age   3:      11352 bytes,      34072 total
- age   4:      39536 bytes,      73608 total
- age   5:      16464 bytes,      90072 total
- age   6:      67240 bytes,     157312 total
: 4599K->176K(4928K), 0.0012162 secs] 7491K->3097K(15872K), 0.0012664 secs] [Times: user=0.01 sys=0.00, real=0.00 secs] 
Heap after GC invocations=14 (full 0):
 par new generation   total 4928K, used 176K [0x00000000f0800000, 0x00000000f0d50000, 0x00000000f5a00000)
  eden space 4416K,   0% used [0x00000000f0800000, 0x00000000f0800000, 0x00000000f0c50000)
  from space 512K,  34% used [0x00000000f0c50000, 0x00000000f0c7c120, 0x00000000f0cd0000)
  to   space 512K,   0% used [0x00000000f0cd0000, 0x00000000f0cd0000, 0x00000000f0d50000)
 concurrent mark-sweep generation total 10944K, used 2921K [0x00000000f5a00000, 0x00000000f64b0000, 0x0000000100000000)
 Metaspace       used 5804K, capacity 6084K, committed 6400K, reserved 1056768K
  class space    used 600K, capacity 690K, committed 768K, reserved 1048576K
}
2019-10-16T14:16:41.228+0000: 1.080: Total time for which application threads were stopped: 0.0013847 seconds, Stopping threads took: 0.0000266 seconds
{Heap before GC invocations=14 (full 0):
 par new generation   total 4928K, used 4592K [0x00000000f0800000, 0x00000000f0d50000, 0x00000000f5a00000)
  eden space 4416K, 100% used [0x00000000f0800000, 0x00000000f0c50000, 0x00000000f0c50000)
  from space 512K,  34% used [0x00000000f0c50000, 0x00000000f0c7c120, 0x00000000f0cd0000)
  to   space 512K,   0% used [0x00000000f0cd0000, 0x00000000f0cd0000, 0x00000000f0d50000)
 concurrent mark-sweep generation total 10944K, used 2921K [0x00000000f5a00000, 0x00000000f64b0000, 0x0000000100000000)
 Metaspace       used 6017K, capacity 6244K, committed 6400K, reserved 1056768K
  class space    used 622K, capacity 722K, committed 768K, reserved 1048576K
2019-10-16T14:16:41.277+0000: 1.129: [GC (Allocation Failure) 2019-10-16T14:16:41.277+0000: 1.129: [ParNew
Desired survivor size 262144 bytes, new threshold 6 (max 6)
- age   1:      76472 bytes,      76472 total
- age   2:       8864 bytes,      85336 total
- age   3:      11408 bytes,      96744 total
- age   4:      10976 bytes,     107720 total
- age   5:      37736 bytes,     145456 total
- age   6:      16128 bytes,     161584 total
: 4592K->159K(4928K), 0.0013404 secs] 7513K->3146K(15872K), 0.0013996 secs] [Times: user=0.00 sys=0.00, real=0.00 secs] 
Heap after GC invocations=15 (full 0):
 par new generation   total 4928K, used 159K [0x00000000f0800000, 0x00000000f0d50000, 0x00000000f5a00000)
  eden space 4416K,   0% used [0x00000000f0800000, 0x00000000f0800000, 0x00000000f0c50000)
  from space 512K,  31% used [0x00000000f0cd0000, 0x00000000f0cf7d80, 0x00000000f0d50000)
  to   space 512K,   0% used [0x00000000f0c50000, 0x00000000f0c50000, 0x00000000f0cd0000)
 concurrent mark-sweep generation total 10944K, used 2987K [0x00000000f5a00000, 0x00000000f64b0000, 0x0000000100000000)
 Metaspace       used 6017K, capacity 6244K, committed 6400K, reserved 1056768K
  class space    used 622K, capacity 722K, committed 768K, reserved 1048576K
}
2019-10-16T14:16:41.278+0000: 1.130: Total time for which application threads were stopped: 0.0015345 seconds, Stopping threads took: 0.0000233 seconds
{Heap before GC invocations=15 (full 0):
 par new generation   total 4928K, used 4575K [0x00000000f0800000, 0x00000000f0d50000, 0x00000000f5a00000)
  eden space 4416K, 100% used [0x00000000f0800000, 0x00000000f0c50000, 0x00000000f0c50000)
  from space 512K,  31% used [0x00000000f0cd0000, 0x00000000f0cf7d80, 0x00000000f0d50000)
  to   space 512K,   0% used [0x00000000f0c50000, 0x00000000f0c50000, 0x00000000f0cd0000)
 concurrent mark-sweep generation total 10944K, used 2987K [0x00000000f5a00000, 0x00000000f64b0000, 0x0000000100000000)
 Metaspace       used 6066K, capacity 6308K, committed 6400K, reserved 1056768K
  class space    used 632K, capacity 722K, committed 768K, reserved 1048576K
2019-10-16T14:16:41.303+0000: 1.155: [GC (Allocation Failure) 2019-10-16T14:16:41.303+0000: 1.155: [ParNew
Desired survivor size 262144 bytes, new threshold 6 (max 6)
- age   1:      16312 bytes,      16312 total
- age   2:      54288 bytes,      70600 total
- age   3:       7704 bytes,      78304 total
- age   4:      10600 bytes,      88904 total
- age   5:       7968 bytes,      96872 total
- age   6:      37736 bytes,     134608 total
: 4575K->158K(4928K), 0.0010279 secs] 7562K->3162K(15872K), 0.0010820 secs] [Times: user=0.00 sys=0.00, real=0.00 secs] 
Heap after GC invocations=16 (full 0):
 par new generation   total 4928K, used 158K [0x00000000f0800000, 0x00000000f0d50000, 0x00000000f5a00000)
  eden space 4416K,   0% used [0x00000000f0800000, 0x00000000f0800000, 0x00000000f0c50000)
  from space 512K,  30% used [0x00000000f0c50000, 0x00000000f0c77ac0, 0x00000000f0cd0000)
  to   space 512K,   0% used [0x00000000f0cd0000, 0x00000000f0cd0000, 0x00000000f0d50000)
 concurrent mark-sweep generation total 10944K, used 3003K [0x00000000f5a00000, 0x00000000f64b0000, 0x0000000100000000)
 Metaspace       used 6066K, capacity 6308K, committed 6400K, reserved 1056768K
  class space    used 632K, capacity 722K, committed 768K, reserved 1048576K
}
2019-10-16T14:16:41.305+0000: 1.157: Total time for which application threads were stopped: 0.0011956 seconds, Stopping threads took: 0.0000210 seconds
{Heap before GC invocations=16 (full 0):
 par new generation   total 4928K, used 4574K [0x00000000f0800000, 0x00000000f0d50000, 0x00000000f5a00000)
  eden space 4416K, 100% used [0x00000000f0800000, 0x00000000f0c50000, 0x00000000f0c50000)
  from space 512K,  30% used [0x00000000f0c50000, 0x00000000f0c77ac0, 0x00000000f0cd0000)
  to   space 512K,   0% used [0x00000000f0cd0000, 0x00000000f0cd0000, 0x00000000f0d50000)
 concurrent mark-sweep generation total 10944K, used 3003K [0x00000000f5a00000, 0x00000000f64b0000, 0x0000000100000000)
 Metaspace       used 6103K, capacity 6308K, committed 6400K, reserved 1056768K
  class space    used 639K, capacity 722K, committed 768K, reserved 1048576K
2019-10-16T14:16:41.324+0000: 1.176: [GC (Allocation Failure) 2019-10-16T14:16:41.324+0000: 1.176: [ParNew
Desired survivor size 262144 bytes, new threshold 6 (max 6)
- age   1:      13576 bytes,      13576 total
- age   2:      11952 bytes,      25528 total
- age   3:      53312 bytes,      78840 total
- age   4:       5688 bytes,      84528 total
- age   5:      10600 bytes,      95128 total
- age   6:       7968 bytes,     103096 total
: 4574K->137K(4928K), 0.0010694 secs] 7578K->3178K(15872K), 0.0011406 secs] [Times: user=0.00 sys=0.00, real=0.00 secs] 
Heap after GC invocations=17 (full 0):
 par new generation   total 4928K, used 137K [0x00000000f0800000, 0x00000000f0d50000, 0x00000000f5a00000)
  eden space 4416K,   0% used [0x00000000f0800000, 0x00000000f0800000, 0x00000000f0c50000)
  from space 512K,  26% used [0x00000000f0cd0000, 0x00000000f0cf2768, 0x00000000f0d50000)
  to   space 512K,   0% used [0x00000000f0c50000, 0x00000000f0c50000, 0x00000000f0cd0000)
 concurrent mark-sweep generation total 10944K, used 3040K [0x00000000f5a00000, 0x00000000f64b0000, 0x0000000100000000)
 Metaspace       used 6103K, capacity 6308K, committed 6400K, reserved 1056768K
  class space    used 639K, capacity 722K, committed 768K, reserved 1048576K
}
2019-10-16T14:16:41.325+0000: 1.177: Total time for which application threads were stopped: 0.0012507 seconds, Stopping threads took: 0.0000242 seconds
{Heap before GC invocations=17 (full 0):
 par new generation   total 4928K, used 4553K [0x00000000f0800000, 0x00000000f0d50000, 0x00000000f5a00000)
  eden space 4416K, 100% used [0x00000000f0800000, 0x00000000f0c50000, 0x00000000f0c50000)
  from space 512K,  26% used [0x00000000f0cd0000, 0x00000000f0cf2768, 0x00000000f0d50000)
  to   space 512K,   0% used [0x00000000f0c50000, 0x00000000f0c50000, 0x00000000f0cd0000)
 concurrent mark-sweep generation total 10944K, used 3040K [0x00000000f5a00000, 0x00000000f64b0000, 0x0000000100000000)
 Metaspace       used 6134K, capacity 6372K, committed 6656K, reserved 1056768K
  class space    used 646K, capacity 722K, committed 768K, reserved 1048576K
2019-10-16T14:16:41.343+0000: 1.195: [GC (Allocation Failure) 2019-10-16T14:16:41.343+0000: 1.195: [ParNew
Desired survivor size 262144 bytes, new threshold 6 (max 6)
- age   1:      20160 bytes,      20160 total
- age   2:      10912 bytes,      31072 total
- age   3:      10760 bytes,      41832 total
- age   4:      51776 bytes,      93608 total
- age   5:       5688 bytes,      99296 total
- age   6:      10456 bytes,     109752 total
: 4553K->110K(4928K), 0.0009157 secs] 7594K->3158K(15872K), 0.0009532 secs] [Times: user=0.00 sys=0.00, real=0.00 secs] 
Heap after GC invocations=18 (full 0):
 par new generation   total 4928K, used 110K [0x00000000f0800000, 0x00000000f0d50000, 0x00000000f5a00000)
  eden space 4416K,   0% used [0x00000000f0800000, 0x00000000f0800000, 0x00000000f0c50000)
  from space 512K,  21% used [0x00000000f0c50000, 0x00000000f0c6b838, 0x00000000f0cd0000)
  to   space 512K,   0% used [0x00000000f0cd0000, 0x00000000f0cd0000, 0x00000000f0d50000)
 concurrent mark-sweep generation total 10944K, used 3047K [0x00000000f5a00000, 0x00000000f64b0000, 0x0000000100000000)
 Metaspace       used 6134K, capacity 6372K, committed 6656K, reserved 1056768K
  class space    used 646K, capacity 722K, committed 768K, reserved 1048576K
}
2019-10-16T14:16:41.344+0000: 1.196: Total time for which application threads were stopped: 0.0010489 seconds, Stopping threads took: 0.0000209 seconds
2019-10-16T14:16:41.364+0000: 1.216: Total time for which application threads were stopped: 0.0001533 seconds, Stopping threads took: 0.0000211 seconds
{Heap before GC invocations=18 (full 0):
 par new generation   total 4928K, used 4526K [0x00000000f0800000, 0x00000000f0d50000, 0x00000000f5a00000)
  eden space 4416K, 100% used [0x00000000f0800000, 0x00000000f0c50000, 0x00000000f0c50000)
  from space 512K,  21% used [0x00000000f0c50000, 0x00000000f0c6b838, 0x00000000f0cd0000)
  to   space 512K,   0% used [0x00000000f0cd0000, 0x00000000f0cd0000, 0x00000000f0d50000)
 concurrent mark-sweep generation total 10944K, used 3047K [0x00000000f5a00000, 0x00000000f64b0000, 0x0000000100000000)
 Metaspace       used 6219K, capacity 6468K, committed 6656K, reserved 1056768K
  class space    used 660K, capacity 754K, committed 768K, reserved 1048576K
2019-10-16T14:16:41.370+0000: 1.222: [GC (Allocation Failure) 2019-10-16T14:16:41.370+0000: 1.222: [ParNew
Desired survivor size 262144 bytes, new threshold 6 (max 6)
- age   1:      28184 bytes,      28184 total
- age   2:      12136 bytes,      40320 total
- age   3:      10288 bytes,      50608 total
- age   4:       7392 bytes,      58000 total
- age   5:      51608 bytes,     109608 total
- age   6:       5656 bytes,     115264 total
: 4526K->214K(4928K), 0.0010960 secs] 7574K->3271K(15872K), 0.0011450 secs] [Times: user=0.01 sys=0.00, real=0.00 secs] 
Heap after GC invocations=19 (full 0):
 par new generation   total 4928K, used 214K [0x00000000f0800000, 0x00000000f0d50000, 0x00000000f5a00000)
  eden space 4416K,   0% used [0x00000000f0800000, 0x00000000f0800000, 0x00000000f0c50000)
  from space 512K,  41% used [0x00000000f0cd0000, 0x00000000f0d05958, 0x00000000f0d50000)
  to   space 512K,   0% used [0x00000000f0c50000, 0x00000000f0c50000, 0x00000000f0cd0000)
 concurrent mark-sweep generation total 10944K, used 3057K [0x00000000f5a00000, 0x00000000f64b0000, 0x0000000100000000)
 Metaspace       used 6219K, capacity 6468K, committed 6656K, reserved 1056768K
  class space    used 660K, capacity 754K, committed 768K, reserved 1048576K
}
2019-10-16T14:16:41.371+0000: 1.223: Total time for which application threads were stopped: 0.0012445 seconds, Stopping threads took: 0.0000207 seconds
{Heap before GC invocations=19 (full 0):
 par new generation   total 4928K, used 4630K [0x00000000f0800000, 0x00000000f0d50000, 0x00000000f5a00000)
  eden space 4416K, 100% used [0x00000000f0800000, 0x00000000f0c50000, 0x00000000f0c50000)
  from space 512K,  41% used [0x00000000f0cd0000, 0x00000000f0d05958, 0x00000000f0d50000)
  to   space 512K,   0% used [0x00000000f0c50000, 0x00000000f0c50000, 0x00000000f0cd0000)
 concurrent mark-sweep generation total 10944K, used 3057K [0x00000000f5a00000, 0x00000000f64b0000, 0x0000000100000000)
 Metaspace       used 7248K, capacity 7524K, committed 7808K, reserved 1056768K
  class space    used 773K, capacity 850K, committed 896K, reserved 1048576K
2019-10-16T14:16:41.462+0000: 1.314: [GC (Allocation Failure) 2019-10-16T14:16:41.462+0000: 1.314: [ParNew
Desired survivor size 262144 bytes, new threshold 6 (max 6)
- age   1:     206600 bytes,     206600 total
- age   2:      17016 bytes,     223616 total
- age   3:      12024 bytes,     235640 total
- age   4:       8232 bytes,     243872 total
- age   5:       6480 bytes,     250352 total
- age   6:      51608 bytes,     301960 total
: 4630K->354K(4928K), 0.0013762 secs] 7687K->3417K(15872K), 0.0014263 secs] [Times: user=0.01 sys=0.00, real=0.00 secs] 
Heap after GC invocations=20 (full 0):
 par new generation   total 4928K, used 354K [0x00000000f0800000, 0x00000000f0d50000, 0x00000000f5a00000)
  eden space 4416K,   0% used [0x00000000f0800000, 0x00000000f0800000, 0x00000000f0c50000)
  from space 512K,  69% used [0x00000000f0c50000, 0x00000000f0ca88a0, 0x00000000f0cd0000)
  to   space 512K,   0% used [0x00000000f0cd0000, 0x00000000f0cd0000, 0x00000000f0d50000)
 concurrent mark-sweep generation total 10944K, used 3063K [0x00000000f5a00000, 0x00000000f64b0000, 0x0000000100000000)
 Metaspace       used 7248K, capacity 7524K, committed 7808K, reserved 1056768K
  class space    used 773K, capacity 850K, committed 896K, reserved 1048576K
}
2019-10-16T14:16:41.464+0000: 1.316: Total time for which application threads were stopped: 0.0015444 seconds, Stopping threads took: 0.0000248 seconds
{Heap before GC invocations=20 (full 0):
 par new generation   total 4928K, used 4770K [0x00000000f0800000, 0x00000000f0d50000, 0x00000000f5a00000)
  eden space 4416K, 100% used [0x00000000f0800000, 0x00000000f0c50000, 0x00000000f0c50000)
  from space 512K,  69% used [0x00000000f0c50000, 0x00000000f0ca88a0, 0x00000000f0cd0000)
  to   space 512K,   0% used [0x00000000f0cd0000, 0x00000000f0cd0000, 0x00000000f0d50000)
 concurrent mark-sweep generation total 10944K, used 3063K [0x00000000f5a00000, 0x00000000f64b0000, 0x0000000100000000)
 Metaspace       used 7330K, capacity 7556K, committed 7808K, reserved 1056768K
  class space    used 781K, capacity 882K, committed 896K, reserved 1048576K
2019-10-16T14:16:41.488+0000: 1.340: [GC (Allocation Failure) 2019-10-16T14:16:41.488+0000: 1.340: [ParNew
Desired survivor size 262144 bytes, new threshold 5 (max 6)
- age   1:      29816 bytes,      29816 total
- age   2:     203904 bytes,     233720 total
- age   3:      16784 bytes,     250504 total
- age   4:       9472 bytes,     259976 total
- age   5:       7232 bytes,     267208 total
- age   6:       6400 bytes,     273608 total
: 4770K->355K(4928K), 0.0014285 secs] 7833K->3469K(15872K), 0.0014865 secs] [Times: user=0.00 sys=0.00, real=0.00 secs] 
Heap after GC invocations=21 (full 0):
 par new generation   total 4928K, used 355K [0x00000000f0800000, 0x00000000f0d50000, 0x00000000f5a00000)
  eden space 4416K,   0% used [0x00000000f0800000, 0x00000000f0800000, 0x00000000f0c50000)
  from space 512K,  69% used [0x00000000f0cd0000, 0x00000000f0d28f40, 0x00000000f0d50000)
  to   space 512K,   0% used [0x00000000f0c50000, 0x00000000f0c50000, 0x00000000f0cd0000)
 concurrent mark-sweep generation total 10944K, used 3113K [0x00000000f5a00000, 0x00000000f64b0000, 0x0000000100000000)
 Metaspace       used 7330K, capacity 7556K, committed 7808K, reserved 1056768K
  class space    used 781K, capacity 882K, committed 896K, reserved 1048576K
}
2019-10-16T14:16:41.490+0000: 1.342: Total time for which application threads were stopped: 0.0015945 seconds, Stopping threads took: 0.0000226 seconds
{Heap before GC invocations=21 (full 0):
 par new generation   total 4928K, used 4771K [0x00000000f0800000, 0x00000000f0d50000, 0x00000000f5a00000)
  eden space 4416K, 100% used [0x00000000f0800000, 0x00000000f0c50000, 0x00000000f0c50000)
  from space 512K,  69% used [0x00000000f0cd0000, 0x00000000f0d28f40, 0x00000000f0d50000)
  to   space 512K,   0% used [0x00000000f0c50000, 0x00000000f0c50000, 0x00000000f0cd0000)
 concurrent mark-sweep generation total 10944K, used 3113K [0x00000000f5a00000, 0x00000000f64b0000, 0x0000000100000000)
 Metaspace       used 7368K, capacity 7620K, committed 7808K, reserved 1056768K
  class space    used 785K, capacity 882K, committed 896K, reserved 1048576K
2019-10-16T14:16:41.510+0000: 1.362: [GC (Allocation Failure) 2019-10-16T14:16:41.510+0000: 1.362: [ParNew
Desired survivor size 262144 bytes, new threshold 3 (max 6)
- age   1:      46352 bytes,      46352 total
- age   2:      27160 bytes,      73512 total
- age   3:     203904 bytes,     277416 total
- age   4:      13864 bytes,     291280 total
- age   5:       9048 bytes,     300328 total
: 4771K->489K(4928K), 0.0012854 secs] 7885K->3616K(15872K), 0.0013298 secs] [Times: user=0.00 sys=0.00, real=0.00 secs] 
Heap after GC invocations=22 (full 0):
 par new generation   total 4928K, used 489K [0x00000000f0800000, 0x00000000f0d50000, 0x00000000f5a00000)
  eden space 4416K,   0% used [0x00000000f0800000, 0x00000000f0800000, 0x00000000f0c50000)
  from space 512K,  95% used [0x00000000f0c50000, 0x00000000f0cca468, 0x00000000f0cd0000)
  to   space 512K,   0% used [0x00000000f0cd0000, 0x00000000f0cd0000, 0x00000000f0d50000)
 concurrent mark-sweep generation total 10944K, used 3127K [0x00000000f5a00000, 0x00000000f64b0000, 0x0000000100000000)
 Metaspace       used 7368K, capacity 7620K, committed 7808K, reserved 1056768K
  class space    used 785K, capacity 882K, committed 896K, reserved 1048576K
}
2019-10-16T14:16:41.512+0000: 1.364: Total time for which application threads were stopped: 0.0014385 seconds, Stopping threads took: 0.0000235 seconds
{Heap before GC invocations=22 (full 0):
 par new generation   total 4928K, used 4905K [0x00000000f0800000, 0x00000000f0d50000, 0x00000000f5a00000)
  eden space 4416K, 100% used [0x00000000f0800000, 0x00000000f0c50000, 0x00000000f0c50000)
  from space 512K,  95% used [0x00000000f0c50000, 0x00000000f0cca468, 0x00000000f0cd0000)
  to   space 512K,   0% used [0x00000000f0cd0000, 0x00000000f0cd0000, 0x00000000f0d50000)
 concurrent mark-sweep generation total 10944K, used 3127K [0x00000000f5a00000, 0x00000000f64b0000, 0x0000000100000000)
 Metaspace       used 7397K, capacity 7620K, committed 7808K, reserved 1056768K
  class space    used 794K, capacity 882K, committed 896K, reserved 1048576K
2019-10-16T14:16:41.534+0000: 1.386: [GC (Allocation Failure) 2019-10-16T14:16:41.534+0000: 1.386: [ParNew
Desired survivor size 262144 bytes, new threshold 6 (max 6)
- age   1:      12224 bytes,      12224 total
- age   2:       9648 bytes,      21872 total
- age   3:      26368 bytes,      48240 total
: 4905K->171K(4928K), 0.0017189 secs] 8032K->3520K(15872K), 0.0017727 secs] [Times: user=0.00 sys=0.00, real=0.00 secs] 
Heap after GC invocations=23 (full 0):
 par new generation   total 4928K, used 171K [0x00000000f0800000, 0x00000000f0d50000, 0x00000000f5a00000)
  eden space 4416K,   0% used [0x00000000f0800000, 0x00000000f0800000, 0x00000000f0c50000)
  from space 512K,  33% used [0x00000000f0cd0000, 0x00000000f0cfafb8, 0x00000000f0d50000)
  to   space 512K,   0% used [0x00000000f0c50000, 0x00000000f0c50000, 0x00000000f0cd0000)
 concurrent mark-sweep generation total 10944K, used 3348K [0x00000000f5a00000, 0x00000000f64b0000, 0x0000000100000000)
 Metaspace       used 7397K, capacity 7620K, committed 7808K, reserved 1056768K
  class space    used 794K, capacity 882K, committed 896K, reserved 1048576K
}
2019-10-16T14:16:41.536+0000: 1.388: Total time for which application threads were stopped: 0.0018791 seconds, Stopping threads took: 0.0000238 seconds
{Heap before GC invocations=23 (full 0):
 par new generation   total 4928K, used 4587K [0x00000000f0800000, 0x00000000f0d50000, 0x00000000f5a00000)
  eden space 4416K, 100% used [0x00000000f0800000, 0x00000000f0c50000, 0x00000000f0c50000)
  from space 512K,  33% used [0x00000000f0cd0000, 0x00000000f0cfafb8, 0x00000000f0d50000)
  to   space 512K,   0% used [0x00000000f0c50000, 0x00000000f0c50000, 0x00000000f0cd0000)
 concurrent mark-sweep generation total 10944K, used 3348K [0x00000000f5a00000, 0x00000000f64b0000, 0x0000000100000000)
 Metaspace       used 7422K, capacity 7652K, committed 7936K, reserved 1056768K
  class space    used 800K, capacity 914K, committed 1024K, reserved 1048576K
2019-10-16T14:16:41.552+0000: 1.404: [GC (Allocation Failure) 2019-10-16T14:16:41.552+0000: 1.404: [ParNew
Desired survivor size 262144 bytes, new threshold 6 (max 6)
- age   1:      12328 bytes,      12328 total
- age   2:       9736 bytes,      22064 total
- age   3:       8432 bytes,      30496 total
- age   4:      24040 bytes,      54536 total
: 4587K->55K(4928K), 0.0008855 secs] 7936K->3403K(15872K), 0.0009261 secs] [Times: user=0.00 sys=0.00, real=0.00 secs] 
Heap after GC invocations=24 (full 0):
 par new generation   total 4928K, used 55K [0x00000000f0800000, 0x00000000f0d50000, 0x00000000f5a00000)
  eden space 4416K,   0% used [0x00000000f0800000, 0x00000000f0800000, 0x00000000f0c50000)
  from space 512K,  10% used [0x00000000f0c50000, 0x00000000f0c5dcd8, 0x00000000f0cd0000)
  to   space 512K,   0% used [0x00000000f0cd0000, 0x00000000f0cd0000, 0x00000000f0d50000)
 concurrent mark-sweep generation total 10944K, used 3348K [0x00000000f5a00000, 0x00000000f64b0000, 0x0000000100000000)
 Metaspace       used 7422K, capacity 7652K, committed 7936K, reserved 1056768K
  class space    used 800K, capacity 914K, committed 1024K, reserved 1048576K
}
2019-10-16T14:16:41.553+0000: 1.405: Total time for which application threads were stopped: 0.0010296 seconds, Stopping threads took: 0.0000230 seconds
{Heap before GC invocations=24 (full 0):
 par new generation   total 4928K, used 4471K [0x00000000f0800000, 0x00000000f0d50000, 0x00000000f5a00000)
  eden space 4416K, 100% used [0x00000000f0800000, 0x00000000f0c50000, 0x00000000f0c50000)
  from space 512K,  10% used [0x00000000f0c50000, 0x00000000f0c5dcd8, 0x00000000f0cd0000)
  to   space 512K,   0% used [0x00000000f0cd0000, 0x00000000f0cd0000, 0x00000000f0d50000)
 concurrent mark-sweep generation total 10944K, used 3348K [0x00000000f5a00000, 0x00000000f64b0000, 0x0000000100000000)
 Metaspace       used 7452K, capacity 7716K, committed 7936K, reserved 1056768K
  class space    used 804K, capacity 914K, committed 1024K, reserved 1048576K
2019-10-16T14:16:41.574+0000: 1.426: [GC (Allocation Failure) 2019-10-16T14:16:41.574+0000: 1.426: [ParNew
Desired survivor size 262144 bytes, new threshold 6 (max 6)
- age   1:      12016 bytes,      12016 total
- age   2:       9960 bytes,      21976 total
- age   3:       8080 bytes,      30056 total
- age   4:       6080 bytes,      36136 total
- age   5:      24040 bytes,      60176 total
: 4471K->106K(4928K), 0.0010681 secs] 7819K->3454K(15872K), 0.0011271 secs] [Times: user=0.00 sys=0.00, real=0.00 secs] 
Heap after GC invocations=25 (full 0):
 par new generation   total 4928K, used 106K [0x00000000f0800000, 0x00000000f0d50000, 0x00000000f5a00000)
  eden space 4416K,   0% used [0x00000000f0800000, 0x00000000f0800000, 0x00000000f0c50000)
  from space 512K,  20% used [0x00000000f0cd0000, 0x00000000f0cea990, 0x00000000f0d50000)
  to   space 512K,   0% used [0x00000000f0c50000, 0x00000000f0c50000, 0x00000000f0cd0000)
 concurrent mark-sweep generation total 10944K, used 3348K [0x00000000f5a00000, 0x00000000f64b0000, 0x0000000100000000)
 Metaspace       used 7452K, capacity 7716K, committed 7936K, reserved 1056768K
  class space    used 804K, capacity 914K, committed 1024K, reserved 1048576K
}
2019-10-16T14:16:41.575+0000: 1.427: Total time for which application threads were stopped: 0.0012281 seconds, Stopping threads took: 0.0000216 seconds
{Heap before GC invocations=25 (full 0):
 par new generation   total 4928K, used 4522K [0x00000000f0800000, 0x00000000f0d50000, 0x00000000f5a00000)
  eden space 4416K, 100% used [0x00000000f0800000, 0x00000000f0c50000, 0x00000000f0c50000)
  from space 512K,  20% used [0x00000000f0cd0000, 0x00000000f0cea990, 0x00000000f0d50000)
  to   space 512K,   0% used [0x00000000f0c50000, 0x00000000f0c50000, 0x00000000f0cd0000)
 concurrent mark-sweep generation total 10944K, used 3348K [0x00000000f5a00000, 0x00000000f64b0000, 0x0000000100000000)
 Metaspace       used 7496K, capacity 7716K, committed 7936K, reserved 1056768K
  class space    used 811K, capacity 914K, committed 1024K, reserved 1048576K
2019-10-16T14:16:41.599+0000: 1.451: [GC (Allocation Failure) 2019-10-16T14:16:41.599+0000: 1.451: [ParNew
Desired survivor size 262144 bytes, new threshold 6 (max 6)
- age   1:      12088 bytes,      12088 total
- age   2:       9432 bytes,      21520 total
- age   3:       8832 bytes,      30352 total
- age   4:       5792 bytes,      36144 total
- age   5:       6080 bytes,      42224 total
- age   6:      24040 bytes,      66264 total
: 4522K->70K(4928K), 0.0009322 secs] 7870K->3419K(15872K), 0.0009737 secs] [Times: user=0.01 sys=0.00, real=0.00 secs] 
Heap after GC invocations=26 (full 0):
 par new generation   total 4928K, used 70K [0x00000000f0800000, 0x00000000f0d50000, 0x00000000f5a00000)
  eden space 4416K,   0% used [0x00000000f0800000, 0x00000000f0800000, 0x00000000f0c50000)
  from space 512K,  13% used [0x00000000f0c50000, 0x00000000f0c61bd0, 0x00000000f0cd0000)
  to   space 512K,   0% used [0x00000000f0cd0000, 0x00000000f0cd0000, 0x00000000f0d50000)
 concurrent mark-sweep generation total 10944K, used 3348K [0x00000000f5a00000, 0x00000000f64b0000, 0x0000000100000000)
 Metaspace       used 7496K, capacity 7716K, committed 7936K, reserved 1056768K
  class space    used 811K, capacity 914K, committed 1024K, reserved 1048576K
}
2019-10-16T14:16:41.600+0000: 1.452: Total time for which application threads were stopped: 0.0010743 seconds, Stopping threads took: 0.0000216 seconds
2019-10-16T14:16:41.619+0000: 1.471: Total time for which application threads were stopped: 0.0001524 seconds, Stopping threads took: 0.0000113 seconds
{Heap before GC invocations=26 (full 0):
 par new generation   total 4928K, used 4486K [0x00000000f0800000, 0x00000000f0d50000, 0x00000000f5a00000)
  eden space 4416K, 100% used [0x00000000f0800000, 0x00000000f0c50000, 0x00000000f0c50000)
  from space 512K,  13% used [0x00000000f0c50000, 0x00000000f0c61bd0, 0x00000000f0cd0000)
  to   space 512K,   0% used [0x00000000f0cd0000, 0x00000000f0cd0000, 0x00000000f0d50000)
 concurrent mark-sweep generation total 10944K, used 3348K [0x00000000f5a00000, 0x00000000f64b0000, 0x0000000100000000)
 Metaspace       used 7726K, capacity 8004K, committed 8192K, reserved 1056768K
  class space    used 843K, capacity 946K, committed 1024K, reserved 1048576K
2019-10-16T14:16:41.638+0000: 1.490: [GC (Allocation Failure) 2019-10-16T14:16:41.638+0000: 1.490: [ParNew
Desired survivor size 262144 bytes, new threshold 6 (max 6)
- age   1:      63608 bytes,      63608 total
- age   2:       8888 bytes,      72496 total
- age   3:       9000 bytes,      81496 total
- age   4:       6816 bytes,      88312 total
- age   5:       5792 bytes,      94104 total
- age   6:       6016 bytes,     100120 total
: 4486K->113K(4928K), 0.0013193 secs] 7835K->3485K(15872K), 0.0013701 secs] [Times: user=0.01 sys=0.00, real=0.00 secs] 
Heap after GC invocations=27 (full 0):
 par new generation   total 4928K, used 113K [0x00000000f0800000, 0x00000000f0d50000, 0x00000000f5a00000)
  eden space 4416K,   0% used [0x00000000f0800000, 0x00000000f0800000, 0x00000000f0c50000)
  from space 512K,  22% used [0x00000000f0cd0000, 0x00000000f0cec518, 0x00000000f0d50000)
  to   space 512K,   0% used [0x00000000f0c50000, 0x00000000f0c50000, 0x00000000f0cd0000)
 concurrent mark-sweep generation total 10944K, used 3372K [0x00000000f5a00000, 0x00000000f64b0000, 0x0000000100000000)
 Metaspace       used 7726K, capacity 8004K, committed 8192K, reserved 1056768K
  class space    used 843K, capacity 946K, committed 1024K, reserved 1048576K
}
2019-10-16T14:16:41.640+0000: 1.492: Total time for which application threads were stopped: 0.0014767 seconds, Stopping threads took: 0.0000211 seconds
{Heap before GC invocations=27 (full 0):
 par new generation   total 4928K, used 4529K [0x00000000f0800000, 0x00000000f0d50000, 0x00000000f5a00000)
  eden space 4416K, 100% used [0x00000000f0800000, 0x00000000f0c50000, 0x00000000f0c50000)
  from space 512K,  22% used [0x00000000f0cd0000, 0x00000000f0cec518, 0x00000000f0d50000)
  to   space 512K,   0% used [0x00000000f0c50000, 0x00000000f0c50000, 0x00000000f0cd0000)
 concurrent mark-sweep generation total 10944K, used 3372K [0x00000000f5a00000, 0x00000000f64b0000, 0x0000000100000000)
 Metaspace       used 7786K, capacity 8004K, committed 8192K, reserved 1056768K
  class space    used 853K, capacity 946K, committed 1024K, reserved 1048576K
2019-10-16T14:16:41.664+0000: 1.516: [GC (Allocation Failure) 2019-10-16T14:16:41.664+0000: 1.516: [ParNew
Desired survivor size 262144 bytes, new threshold 6 (max 6)
- age   1:      14952 bytes,      14952 total
- age   2:      42064 bytes,      57016 total
- age   3:       8888 bytes,      65904 total
- age   4:       5224 bytes,      71128 total
- age   5:       6816 bytes,      77944 total
- age   6:       5776 bytes,      83720 total
: 4529K->87K(4928K), 0.0011097 secs] 7901K->3466K(15872K), 0.0011667 secs] [Times: user=0.00 sys=0.00, real=0.00 secs] 
Heap after GC invocations=28 (full 0):
 par new generation   total 4928K, used 87K [0x00000000f0800000, 0x00000000f0d50000, 0x00000000f5a00000)
  eden space 4416K,   0% used [0x00000000f0800000, 0x00000000f0800000, 0x00000000f0c50000)
  from space 512K,  17% used [0x00000000f0c50000, 0x00000000f0c65f90, 0x00000000f0cd0000)
  to   space 512K,   0% used [0x00000000f0cd0000, 0x00000000f0cd0000, 0x00000000f0d50000)
 concurrent mark-sweep generation total 10944K, used 3378K [0x00000000f5a00000, 0x00000000f64b0000, 0x0000000100000000)
 Metaspace       used 7786K, capacity 8004K, committed 8192K, reserved 1056768K
  class space    used 853K, capacity 946K, committed 1024K, reserved 1048576K
}
2019-10-16T14:16:41.665+0000: 1.517: Total time for which application threads were stopped: 0.0012877 seconds, Stopping threads took: 0.0000302 seconds
{Heap before GC invocations=28 (full 0):
 par new generation   total 4928K, used 4503K [0x00000000f0800000, 0x00000000f0d50000, 0x00000000f5a00000)
  eden space 4416K, 100% used [0x00000000f0800000, 0x00000000f0c50000, 0x00000000f0c50000)
  from space 512K,  17% used [0x00000000f0c50000, 0x00000000f0c65f90, 0x00000000f0cd0000)
  to   space 512K,   0% used [0x00000000f0cd0000, 0x00000000f0cd0000, 0x00000000f0d50000)
 concurrent mark-sweep generation total 10944K, used 3378K [0x00000000f5a00000, 0x00000000f64b0000, 0x0000000100000000)
 Metaspace       used 7836K, capacity 8068K, committed 8192K, reserved 1056768K
  class space    used 858K, capacity 946K, committed 1024K, reserved 1048576K
2019-10-16T14:16:41.698+0000: 1.550: [GC (Allocation Failure) 2019-10-16T14:16:41.698+0000: 1.550: [ParNew
Desired survivor size 262144 bytes, new threshold 6 (max 6)
- age   1:      32360 bytes,      32360 total
- age   2:      12128 bytes,      44488 total
- age   3:      41952 bytes,      86440 total
- age   4:       5448 bytes,      91888 total
- age   5:       5224 bytes,      97112 total
- age   6:       6816 bytes,     103928 total
: 4503K->165K(4928K), 0.0011466 secs] 7882K->3549K(15872K), 0.0012071 secs] [Times: user=0.00 sys=0.00, real=0.00 secs] 
Heap after GC invocations=29 (full 0):
 par new generation   total 4928K, used 165K [0x00000000f0800000, 0x00000000f0d50000, 0x00000000f5a00000)
  eden space 4416K,   0% used [0x00000000f0800000, 0x00000000f0800000, 0x00000000f0c50000)
  from space 512K,  32% used [0x00000000f0cd0000, 0x00000000f0cf95e0, 0x00000000f0d50000)
  to   space 512K,   0% used [0x00000000f0c50000, 0x00000000f0c50000, 0x00000000f0cd0000)
 concurrent mark-sweep generation total 10944K, used 3384K [0x00000000f5a00000, 0x00000000f64b0000, 0x0000000100000000)
 Metaspace       used 7836K, capacity 8068K, committed 8192K, reserved 1056768K
  class space    used 858K, capacity 946K, committed 1024K, reserved 1048576K
}
2019-10-16T14:16:41.700+0000: 1.552: Total time for which application threads were stopped: 0.0013420 seconds, Stopping threads took: 0.0000241 seconds
{Heap before GC invocations=29 (full 0):
 par new generation   total 4928K, used 4581K [0x00000000f0800000, 0x00000000f0d50000, 0x00000000f5a00000)
  eden space 4416K, 100% used [0x00000000f0800000, 0x00000000f0c50000, 0x00000000f0c50000)
  from space 512K,  32% used [0x00000000f0cd0000, 0x00000000f0cf95e0, 0x00000000f0d50000)
  to   space 512K,   0% used [0x00000000f0c50000, 0x00000000f0c50000, 0x00000000f0cd0000)
 concurrent mark-sweep generation total 10944K, used 3384K [0x00000000f5a00000, 0x00000000f64b0000, 0x0000000100000000)
 Metaspace       used 7868K, capacity 8164K, committed 8448K, reserved 1056768K
  class space    used 862K, capacity 978K, committed 1024K, reserved 1048576K
2019-10-16T14:16:41.722+0000: 1.574: [GC (Allocation Failure) 2019-10-16T14:16:41.722+0000: 1.574: [ParNew
Desired survivor size 262144 bytes, new threshold 6 (max 6)
- age   1:      40792 bytes,      40792 total
- age   2:      29704 bytes,      70496 total
- age   3:      11016 bytes,      81512 total
- age   4:      39568 bytes,     121080 total
- age   5:       5448 bytes,     126528 total
- age   6:       5224 bytes,     131752 total
: 4581K->192K(4928K), 0.0011790 secs] 7965K->3583K(15872K), 0.0012530 secs] [Times: user=0.00 sys=0.00, real=0.01 secs] 
Heap after GC invocations=30 (full 0):
 par new generation   total 4928K, used 192K [0x00000000f0800000, 0x00000000f0d50000, 0x00000000f5a00000)
  eden space 4416K,   0% used [0x00000000f0800000, 0x00000000f0800000, 0x00000000f0c50000)
  from space 512K,  37% used [0x00000000f0c50000, 0x00000000f0c80190, 0x00000000f0cd0000)
  to   space 512K,   0% used [0x00000000f0cd0000, 0x00000000f0cd0000, 0x00000000f0d50000)
 concurrent mark-sweep generation total 10944K, used 3391K [0x00000000f5a00000, 0x00000000f64b0000, 0x0000000100000000)
 Metaspace       used 7868K, capacity 8164K, committed 8448K, reserved 1056768K
  class space    used 862K, capacity 978K, committed 1024K, reserved 1048576K
}
2019-10-16T14:16:41.723+0000: 1.575: Total time for which application threads were stopped: 0.0013824 seconds, Stopping threads took: 0.0000233 seconds
{Heap before GC invocations=30 (full 0):
 par new generation   total 4928K, used 4608K [0x00000000f0800000, 0x00000000f0d50000, 0x00000000f5a00000)
  eden space 4416K, 100% used [0x00000000f0800000, 0x00000000f0c50000, 0x00000000f0c50000)
  from space 512K,  37% used [0x00000000f0c50000, 0x00000000f0c80190, 0x00000000f0cd0000)
  to   space 512K,   0% used [0x00000000f0cd0000, 0x00000000f0cd0000, 0x00000000f0d50000)
 concurrent mark-sweep generation total 10944K, used 3391K [0x00000000f5a00000, 0x00000000f64b0000, 0x0000000100000000)
 Metaspace       used 7936K, capacity 8228K, committed 8448K, reserved 1056768K
  class space    used 872K, capacity 978K, committed 1024K, reserved 1048576K
2019-10-16T14:16:41.755+0000: 1.608: [GC (Allocation Failure) 2019-10-16T14:16:41.755+0000: 1.608: [ParNew
Desired survivor size 262144 bytes, new threshold 6 (max 6)
- age   1:      29656 bytes,      29656 total
- age   2:       9976 bytes,      39632 total
- age   3:      28416 bytes,      68048 total
- age   4:       8568 bytes,      76616 total
- age   5:      39568 bytes,     116184 total
- age   6:       5448 bytes,     121632 total
: 4608K->121K(4928K), 0.0011874 secs] 7999K->3517K(15872K), 0.0012324 secs] [Times: user=0.01 sys=0.00, real=0.00 secs] 
Heap after GC invocations=31 (full 0):
 par new generation   total 4928K, used 121K [0x00000000f0800000, 0x00000000f0d50000, 0x00000000f5a00000)
  eden space 4416K,   0% used [0x00000000f0800000, 0x00000000f0800000, 0x00000000f0c50000)
  from space 512K,  23% used [0x00000000f0cd0000, 0x00000000f0cee468, 0x00000000f0d50000)
  to   space 512K,   0% used [0x00000000f0c50000, 0x00000000f0c50000, 0x00000000f0cd0000)
 concurrent mark-sweep generation total 10944K, used 3396K [0x00000000f5a00000, 0x00000000f64b0000, 0x0000000100000000)
 Metaspace       used 7936K, capacity 8228K, committed 8448K, reserved 1056768K
  class space    used 872K, capacity 978K, committed 1024K, reserved 1048576K
}
2019-10-16T14:16:41.757+0000: 1.609: Total time for which application threads were stopped: 0.0013354 seconds, Stopping threads took: 0.0000221 seconds
{Heap before GC invocations=31 (full 0):
 par new generation   total 4928K, used 4537K [0x00000000f0800000, 0x00000000f0d50000, 0x00000000f5a00000)
  eden space 4416K, 100% used [0x00000000f0800000, 0x00000000f0c50000, 0x00000000f0c50000)
  from space 512K,  23% used [0x00000000f0cd0000, 0x00000000f0cee468, 0x00000000f0d50000)
  to   space 512K,   0% used [0x00000000f0c50000, 0x00000000f0c50000, 0x00000000f0cd0000)
 concurrent mark-sweep generation total 10944K, used 3396K [0x00000000f5a00000, 0x00000000f64b0000, 0x0000000100000000)
 Metaspace       used 7962K, capacity 8228K, committed 8448K, reserved 1056768K
  class space    used 876K, capacity 978K, committed 1024K, reserved 1048576K
2019-10-16T14:16:41.782+0000: 1.634: [GC (Allocation Failure) 2019-10-16T14:16:41.782+0000: 1.634: [ParNew
Desired survivor size 262144 bytes, new threshold 6 (max 6)
- age   1:      18136 bytes,      18136 total
- age   2:      26808 bytes,      44944 total
- age   3:       8472 bytes,      53416 total
- age   4:      25912 bytes,      79328 total
- age   5:       8568 bytes,      87896 total
- age   6:      39568 bytes,     127464 total
: 4537K->237K(4928K), 0.0011437 secs] 7933K->3639K(15872K), 0.0011955 secs] [Times: user=0.00 sys=0.00, real=0.00 secs] 
Heap after GC invocations=32 (full 0):
 par new generation   total 4928K, used 237K [0x00000000f0800000, 0x00000000f0d50000, 0x00000000f5a00000)
  eden space 4416K,   0% used [0x00000000f0800000, 0x00000000f0800000, 0x00000000f0c50000)
  from space 512K,  46% used [0x00000000f0c50000, 0x00000000f0c8b430, 0x00000000f0cd0000)
  to   space 512K,   0% used [0x00000000f0cd0000, 0x00000000f0cd0000, 0x00000000f0d50000)
 concurrent mark-sweep generation total 10944K, used 3402K [0x00000000f5a00000, 0x00000000f64b0000, 0x0000000100000000)
 Metaspace       used 7962K, capacity 8228K, committed 8448K, reserved 1056768K
  class space    used 876K, capacity 978K, committed 1024K, reserved 1048576K
}
2019-10-16T14:16:41.784+0000: 1.636: Total time for which application threads were stopped: 0.0013171 seconds, Stopping threads took: 0.0000246 seconds
{Heap before GC invocations=32 (full 0):
 par new generation   total 4928K, used 4653K [0x00000000f0800000, 0x00000000f0d50000, 0x00000000f5a00000)
  eden space 4416K, 100% used [0x00000000f0800000, 0x00000000f0c50000, 0x00000000f0c50000)
  from space 512K,  46% used [0x00000000f0c50000, 0x00000000f0c8b430, 0x00000000f0cd0000)
  to   space 512K,   0% used [0x00000000f0cd0000, 0x00000000f0cd0000, 0x00000000f0d50000)
 concurrent mark-sweep generation total 10944K, used 3402K [0x00000000f5a00000, 0x00000000f64b0000, 0x0000000100000000)
 Metaspace       used 8003K, capacity 8228K, committed 8448K, reserved 1056768K
  class space    used 883K, capacity 978K, committed 1024K, reserved 1048576K
2019-10-16T14:16:41.814+0000: 1.666: [GC (Allocation Failure) 2019-10-16T14:16:41.814+0000: 1.666: [ParNew
Desired survivor size 262144 bytes, new threshold 6 (max 6)
- age   1:      12528 bytes,      12528 total
- age   2:       9376 bytes,      21904 total
- age   3:      25176 bytes,      47080 total
- age   4:       5976 bytes,      53056 total
- age   5:      25912 bytes,      78968 total
- age   6:       8568 bytes,      87536 total
: 4653K->152K(4928K), 0.0012263 secs] 8055K->3594K(15872K), 0.0012677 secs] [Times: user=0.00 sys=0.00, real=0.00 secs] 
Heap after GC invocations=33 (full 0):
 par new generation   total 4928K, used 152K [0x00000000f0800000, 0x00000000f0d50000, 0x00000000f5a00000)
  eden space 4416K,   0% used [0x00000000f0800000, 0x00000000f0800000, 0x00000000f0c50000)
  from space 512K,  29% used [0x00000000f0cd0000, 0x00000000f0cf6310, 0x00000000f0d50000)
  to   space 512K,   0% used [0x00000000f0c50000, 0x00000000f0c50000, 0x00000000f0cd0000)
 concurrent mark-sweep generation total 10944K, used 3441K [0x00000000f5a00000, 0x00000000f64b0000, 0x0000000100000000)
 Metaspace       used 8003K, capacity 8228K, committed 8448K, reserved 1056768K
  class space    used 883K, capacity 978K, committed 1024K, reserved 1048576K
}
2019-10-16T14:16:41.816+0000: 1.668: Total time for which application threads were stopped: 0.0013803 seconds, Stopping threads took: 0.0000225 seconds
{Heap before GC invocations=33 (full 0):
 par new generation   total 4928K, used 4568K [0x00000000f0800000, 0x00000000f0d50000, 0x00000000f5a00000)
  eden space 4416K, 100% used [0x00000000f0800000, 0x00000000f0c50000, 0x00000000f0c50000)
  from space 512K,  29% used [0x00000000f0cd0000, 0x00000000f0cf6310, 0x00000000f0d50000)
  to   space 512K,   0% used [0x00000000f0c50000, 0x00000000f0c50000, 0x00000000f0cd0000)
 concurrent mark-sweep generation total 10944K, used 3441K [0x00000000f5a00000, 0x00000000f64b0000, 0x0000000100000000)
 Metaspace       used 8035K, capacity 8292K, committed 8448K, reserved 1056768K
  class space    used 889K, capacity 978K, committed 1024K, reserved 1048576K
2019-10-16T14:16:41.836+0000: 1.688: [GC (Allocation Failure) 2019-10-16T14:16:41.836+0000: 1.688: [ParNew
Desired survivor size 262144 bytes, new threshold 6 (max 6)
- age   1:      12608 bytes,      12608 total
- age   2:       9672 bytes,      22280 total
- age   3:       7696 bytes,      29976 total
- age   4:      23112 bytes,      53088 total
- age   5:       5976 bytes,      59064 total
- age   6:      25912 bytes,      84976 total
: 4568K->102K(4928K), 0.0010419 secs] 8010K->3552K(15872K), 0.0011032 secs] [Times: user=0.00 sys=0.00, real=0.00 secs] 
Heap after GC invocations=34 (full 0):
 par new generation   total 4928K, used 102K [0x00000000f0800000, 0x00000000f0d50000, 0x00000000f5a00000)
  eden space 4416K,   0% used [0x00000000f0800000, 0x00000000f0800000, 0x00000000f0c50000)
  from space 512K,  19% used [0x00000000f0c50000, 0x00000000f0c69940, 0x00000000f0cd0000)
  to   space 512K,   0% used [0x00000000f0cd0000, 0x00000000f0cd0000, 0x00000000f0d50000)
 concurrent mark-sweep generation total 10944K, used 3449K [0x00000000f5a00000, 0x00000000f64b0000, 0x0000000100000000)
 Metaspace       used 8035K, capacity 8292K, committed 8448K, reserved 1056768K
  class space    used 889K, capacity 978K, committed 1024K, reserved 1048576K
}
2019-10-16T14:16:41.837+0000: 1.689: Total time for which application threads were stopped: 0.0012102 seconds, Stopping threads took: 0.0000200 seconds
2019-10-16T14:16:41.874+0000: 1.726: Total time for which application threads were stopped: 0.0001666 seconds, Stopping threads took: 0.0000133 seconds
{Heap before GC invocations=34 (full 0):
 par new generation   total 4928K, used 4518K [0x00000000f0800000, 0x00000000f0d50000, 0x00000000f5a00000)
  eden space 4416K, 100% used [0x00000000f0800000, 0x00000000f0c50000, 0x00000000f0c50000)
  from space 512K,  19% used [0x00000000f0c50000, 0x00000000f0c69940, 0x00000000f0cd0000)
  to   space 512K,   0% used [0x00000000f0cd0000, 0x00000000f0cd0000, 0x00000000f0d50000)
 concurrent mark-sweep generation total 10944K, used 3449K [0x00000000f5a00000, 0x00000000f64b0000, 0x0000000100000000)
 Metaspace       used 8573K, capacity 8780K, committed 8960K, reserved 1056768K
  class space    used 942K, capacity 1010K, committed 1024K, reserved 1048576K
2019-10-16T14:16:41.898+0000: 1.750: [GC (Allocation Failure) 2019-10-16T14:16:41.898+0000: 1.750: [ParNew
Desired survivor size 262144 bytes, new threshold 6 (max 6)
- age   1:     105016 bytes,     105016 total
- age   2:       9448 bytes,     114464 total
- age   3:       8320 bytes,     122784 total
- age   4:       5640 bytes,     128424 total
- age   5:      23112 bytes,     151536 total
- age   6:       5976 bytes,     157512 total
: 4518K->223K(4928K), 0.0014381 secs] 7968K->3699K(15872K), 0.0014847 secs] [Times: user=0.00 sys=0.00, real=0.00 secs] 
Heap after GC invocations=35 (full 0):
 par new generation   total 4928K, used 223K [0x00000000f0800000, 0x00000000f0d50000, 0x00000000f5a00000)
  eden space 4416K,   0% used [0x00000000f0800000, 0x00000000f0800000, 0x00000000f0c50000)
  from space 512K,  43% used [0x00000000f0cd0000, 0x00000000f0d07c90, 0x00000000f0d50000)
  to   space 512K,   0% used [0x00000000f0c50000, 0x00000000f0c50000, 0x00000000f0cd0000)
 concurrent mark-sweep generation total 10944K, used 3475K [0x00000000f5a00000, 0x00000000f64b0000, 0x0000000100000000)
 Metaspace       used 8573K, capacity 8780K, committed 8960K, reserved 1056768K
  class space    used 942K, capacity 1010K, committed 1024K, reserved 1048576K
}
2019-10-16T14:16:41.899+0000: 1.751: Total time for which application threads were stopped: 0.0015922 seconds, Stopping threads took: 0.0000203 seconds
{Heap before GC invocations=35 (full 0):
 par new generation   total 4928K, used 4639K [0x00000000f0800000, 0x00000000f0d50000, 0x00000000f5a00000)
  eden space 4416K, 100% used [0x00000000f0800000, 0x00000000f0c50000, 0x00000000f0c50000)
  from space 512K,  43% used [0x00000000f0cd0000, 0x00000000f0d07c90, 0x00000000f0d50000)
  to   space 512K,   0% used [0x00000000f0c50000, 0x00000000f0c50000, 0x00000000f0cd0000)
 concurrent mark-sweep generation total 10944K, used 3475K [0x00000000f5a00000, 0x00000000f64b0000, 0x0000000100000000)
 Metaspace       used 8704K, capacity 8940K, committed 9088K, reserved 1056768K
  class space    used 953K, capacity 1042K, committed 1152K, reserved 1048576K
2019-10-16T14:16:41.944+0000: 1.796: [GC (Allocation Failure) 2019-10-16T14:16:41.944+0000: 1.796: [ParNew
Desired survivor size 262144 bytes, new threshold 2 (max 6)
- age   1:     163408 bytes,     163408 total
- age   2:     102112 bytes,     265520 total
- age   3:       9448 bytes,     274968 total
- age   4:       5456 bytes,     280424 total
- age   5:       5640 bytes,     286064 total
- age   6:      23008 bytes,     309072 total
: 4639K->399K(4928K), 0.0016606 secs] 8115K->3881K(15872K), 0.0017159 secs] [Times: user=0.00 sys=0.00, real=0.00 secs] 
Heap after GC invocations=36 (full 0):
 par new generation   total 4928K, used 399K [0x00000000f0800000, 0x00000000f0d50000, 0x00000000f5a00000)
  eden space 4416K,   0% used [0x00000000f0800000, 0x00000000f0800000, 0x00000000f0c50000)
  from space 512K,  78% used [0x00000000f0c50000, 0x00000000f0cb3ea0, 0x00000000f0cd0000)
  to   space 512K,   0% used [0x00000000f0cd0000, 0x00000000f0cd0000, 0x00000000f0d50000)
 concurrent mark-sweep generation total 10944K, used 3481K [0x00000000f5a00000, 0x00000000f64b0000, 0x0000000100000000)
 Metaspace       used 8704K, capacity 8940K, committed 9088K, reserved 1056768K
  class space    used 953K, capacity 1042K, committed 1152K, reserved 1048576K
}
2019-10-16T14:16:41.946+0000: 1.798: Total time for which application threads were stopped: 0.0018410 seconds, Stopping threads took: 0.0000221 seconds
{Heap before GC invocations=36 (full 0):
 par new generation   total 4928K, used 4815K [0x00000000f0800000, 0x00000000f0d50000, 0x00000000f5a00000)
  eden space 4416K, 100% used [0x00000000f0800000, 0x00000000f0c50000, 0x00000000f0c50000)
  from space 512K,  78% used [0x00000000f0c50000, 0x00000000f0cb3ea0, 0x00000000f0cd0000)
  to   space 512K,   0% used [0x00000000f0cd0000, 0x00000000f0cd0000, 0x00000000f0d50000)
 concurrent mark-sweep generation total 10944K, used 3481K [0x00000000f5a00000, 0x00000000f64b0000, 0x0000000100000000)
 Metaspace       used 8718K, capacity 8940K, committed 9088K, reserved 1056768K
  class space    used 959K, capacity 1042K, committed 1152K, reserved 1048576K
2019-10-16T14:16:41.966+0000: 1.818: [GC (Allocation Failure) 2019-10-16T14:16:41.966+0000: 1.818: [ParNew
Desired survivor size 262144 bytes, new threshold 6 (max 6)
- age   1:      11456 bytes,      11456 total
- age   2:     158384 bytes,     169840 total
: 4815K->259K(4928K), 0.0021730 secs] 8297K->3886K(15872K), 0.0022137 secs] [Times: user=0.00 sys=0.00, real=0.00 secs] 
Heap after GC invocations=37 (full 0):
 par new generation   total 4928K, used 259K [0x00000000f0800000, 0x00000000f0d50000, 0x00000000f5a00000)
  eden space 4416K,   0% used [0x00000000f0800000, 0x00000000f0800000, 0x00000000f0c50000)
  from space 512K,  50% used [0x00000000f0cd0000, 0x00000000f0d10f80, 0x00000000f0d50000)
  to   space 512K,   0% used [0x00000000f0c50000, 0x00000000f0c50000, 0x00000000f0cd0000)
 concurrent mark-sweep generation total 10944K, used 3626K [0x00000000f5a00000, 0x00000000f64b0000, 0x0000000100000000)
 Metaspace       used 8718K, capacity 8940K, committed 9088K, reserved 1056768K
  class space    used 959K, capacity 1042K, committed 1152K, reserved 1048576K
}
2019-10-16T14:16:41.969+0000: 1.821: Total time for which application threads were stopped: 0.0023255 seconds, Stopping threads took: 0.0000215 seconds
{Heap before GC invocations=37 (full 0):
 par new generation   total 4928K, used 4675K [0x00000000f0800000, 0x00000000f0d50000, 0x00000000f5a00000)
  eden space 4416K, 100% used [0x00000000f0800000, 0x00000000f0c50000, 0x00000000f0c50000)
  from space 512K,  50% used [0x00000000f0cd0000, 0x00000000f0d10f80, 0x00000000f0d50000)
  to   space 512K,   0% used [0x00000000f0c50000, 0x00000000f0c50000, 0x00000000f0cd0000)
 concurrent mark-sweep generation total 10944K, used 3626K [0x00000000f5a00000, 0x00000000f64b0000, 0x0000000100000000)
 Metaspace       used 8743K, capacity 8940K, committed 9088K, reserved 1056768K
  class space    used 966K, capacity 1042K, committed 1152K, reserved 1048576K
2019-10-16T14:16:41.987+0000: 1.840: [GC (Allocation Failure) 2019-10-16T14:16:41.988+0000: 1.840: [ParNew
Desired survivor size 262144 bytes, new threshold 6 (max 6)
- age   1:      13416 bytes,      13416 total
- age   2:       8648 bytes,      22064 total
- age   3:     158384 bytes,     180448 total
: 4675K->189K(4928K), 0.0011844 secs] 8302K->3815K(15872K), 0.0012270 secs] [Times: user=0.00 sys=0.00, real=0.00 secs] 
Heap after GC invocations=38 (full 0):
 par new generation   total 4928K, used 189K [0x00000000f0800000, 0x00000000f0d50000, 0x00000000f5a00000)
  eden space 4416K,   0% used [0x00000000f0800000, 0x00000000f0800000, 0x00000000f0c50000)
  from space 512K,  37% used [0x00000000f0c50000, 0x00000000f0c7f610, 0x00000000f0cd0000)
  to   space 512K,   0% used [0x00000000f0cd0000, 0x00000000f0cd0000, 0x00000000f0d50000)
 concurrent mark-sweep generation total 10944K, used 3626K [0x00000000f5a00000, 0x00000000f64b0000, 0x0000000100000000)
 Metaspace       used 8743K, capacity 8940K, committed 9088K, reserved 1056768K
  class space    used 966K, capacity 1042K, committed 1152K, reserved 1048576K
}
2019-10-16T14:16:41.989+0000: 1.841: Total time for which application threads were stopped: 0.0013163 seconds, Stopping threads took: 0.0000175 seconds
{Heap before GC invocations=38 (full 0):
 par new generation   total 4928K, used 4605K [0x00000000f0800000, 0x00000000f0d50000, 0x00000000f5a00000)
  eden space 4416K, 100% used [0x00000000f0800000, 0x00000000f0c50000, 0x00000000f0c50000)
  from space 512K,  37% used [0x00000000f0c50000, 0x00000000f0c7f610, 0x00000000f0cd0000)
  to   space 512K,   0% used [0x00000000f0cd0000, 0x00000000f0cd0000, 0x00000000f0d50000)
 concurrent mark-sweep generation total 10944K, used 3626K [0x00000000f5a00000, 0x00000000f64b0000, 0x0000000100000000)
 Metaspace       used 8762K, capacity 8940K, committed 9088K, reserved 1056768K
  class space    used 973K, capacity 1042K, committed 1152K, reserved 1048576K
2019-10-16T14:16:42.014+0000: 1.866: [GC (Allocation Failure) 2019-10-16T14:16:42.014+0000: 1.866: [ParNew
Desired survivor size 262144 bytes, new threshold 6 (max 6)
- age   1:      11480 bytes,      11480 total
- age   2:      10656 bytes,      22136 total
- age   3:       8648 bytes,      30784 total
- age   4:     158384 bytes,     189168 total
: 4605K->357K(4928K), 0.0013471 secs] 8231K->3983K(15872K), 0.0013949 secs] [Times: user=0.00 sys=0.00, real=0.00 secs] 
Heap after GC invocations=39 (full 0):
 par new generation   total 4928K, used 357K [0x00000000f0800000, 0x00000000f0d50000, 0x00000000f5a00000)
  eden space 4416K,   0% used [0x00000000f0800000, 0x00000000f0800000, 0x00000000f0c50000)
  from space 512K,  69% used [0x00000000f0cd0000, 0x00000000f0d296d0, 0x00000000f0d50000)
  to   space 512K,   0% used [0x00000000f0c50000, 0x00000000f0c50000, 0x00000000f0cd0000)
 concurrent mark-sweep generation total 10944K, used 3626K [0x00000000f5a00000, 0x00000000f64b0000, 0x0000000100000000)
 Metaspace       used 8762K, capacity 8940K, committed 9088K, reserved 1056768K
  class space    used 973K, capacity 1042K, committed 1152K, reserved 1048576K
}
2019-10-16T14:16:42.016+0000: 1.868: Total time for which application threads were stopped: 0.0015087 seconds, Stopping threads took: 0.0000261 seconds
{Heap before GC invocations=39 (full 0):
 par new generation   total 4928K, used 4773K [0x00000000f0800000, 0x00000000f0d50000, 0x00000000f5a00000)
  eden space 4416K, 100% used [0x00000000f0800000, 0x00000000f0c50000, 0x00000000f0c50000)
  from space 512K,  69% used [0x00000000f0cd0000, 0x00000000f0d296d0, 0x00000000f0d50000)
  to   space 512K,   0% used [0x00000000f0c50000, 0x00000000f0c50000, 0x00000000f0cd0000)
 concurrent mark-sweep generation total 10944K, used 3626K [0x00000000f5a00000, 0x00000000f64b0000, 0x0000000100000000)
 Metaspace       used 8777K, capacity 8940K, committed 9088K, reserved 1056768K
  class space    used 979K, capacity 1042K, committed 1152K, reserved 1048576K
2019-10-16T14:16:42.032+0000: 1.884: [GC (Allocation Failure) 2019-10-16T14:16:42.032+0000: 1.884: [ParNew
Desired survivor size 262144 bytes, new threshold 6 (max 6)
- age   1:      11888 bytes,      11888 total
- age   2:       9272 bytes,      21160 total
- age   3:      10384 bytes,      31544 total
- age   4:       8648 bytes,      40192 total
- age   5:     158384 bytes,     198576 total
: 4773K->227K(4928K), 0.0013632 secs] 8399K->3854K(15872K), 0.0014165 secs] [Times: user=0.00 sys=0.00, real=0.00 secs] 
Heap after GC invocations=40 (full 0):
 par new generation   total 4928K, used 227K [0x00000000f0800000, 0x00000000f0d50000, 0x00000000f5a00000)
  eden space 4416K,   0% used [0x00000000f0800000, 0x00000000f0800000, 0x00000000f0c50000)
  from space 512K,  44% used [0x00000000f0c50000, 0x00000000f0c88ff0, 0x00000000f0cd0000)
  to   space 512K,   0% used [0x00000000f0cd0000, 0x00000000f0cd0000, 0x00000000f0d50000)
 concurrent mark-sweep generation total 10944K, used 3626K [0x00000000f5a00000, 0x00000000f64b0000, 0x0000000100000000)
 Metaspace       used 8777K, capacity 8940K, committed 9088K, reserved 1056768K
  class space    used 979K, capacity 1042K, committed 1152K, reserved 1048576K
}
2019-10-16T14:16:42.033+0000: 1.885: Total time for which application threads were stopped: 0.0015311 seconds, Stopping threads took: 0.0000215 seconds
{Heap before GC invocations=40 (full 0):
 par new generation   total 4928K, used 4643K [0x00000000f0800000, 0x00000000f0d50000, 0x00000000f5a00000)
  eden space 4416K, 100% used [0x00000000f0800000, 0x00000000f0c50000, 0x00000000f0c50000)
  from space 512K,  44% used [0x00000000f0c50000, 0x00000000f0c88ff0, 0x00000000f0cd0000)
  to   space 512K,   0% used [0x00000000f0cd0000, 0x00000000f0cd0000, 0x00000000f0d50000)
 concurrent mark-sweep generation total 10944K, used 3626K [0x00000000f5a00000, 0x00000000f64b0000, 0x0000000100000000)
 Metaspace       used 8790K, capacity 9036K, committed 9344K, reserved 1056768K
  class space    used 985K, capacity 1074K, committed 1152K, reserved 1048576K
2019-10-16T14:16:42.054+0000: 1.906: [GC (Allocation Failure) 2019-10-16T14:16:42.054+0000: 1.906: [ParNew
Desired survivor size 262144 bytes, new threshold 6 (max 6)
- age   1:      12592 bytes,      12592 total
- age   2:       9416 bytes,      22008 total
- age   3:       9272 bytes,      31280 total
- age   4:      10384 bytes,      41664 total
- age   5:       8224 bytes,      49888 total
- age   6:     157960 bytes,     207848 total
: 4643K->347K(4928K), 0.0013824 secs] 8270K->3973K(15872K), 0.0014271 secs] [Times: user=0.00 sys=0.00, real=0.00 secs] 
Heap after GC invocations=41 (full 0):
 par new generation   total 4928K, used 347K [0x00000000f0800000, 0x00000000f0d50000, 0x00000000f5a00000)
  eden space 4416K,   0% used [0x00000000f0800000, 0x00000000f0800000, 0x00000000f0c50000)
  from space 512K,  67% used [0x00000000f0cd0000, 0x00000000f0d26c30, 0x00000000f0d50000)
  to   space 512K,   0% used [0x00000000f0c50000, 0x00000000f0c50000, 0x00000000f0cd0000)
 concurrent mark-sweep generation total 10944K, used 3626K [0x00000000f5a00000, 0x00000000f64b0000, 0x0000000100000000)
 Metaspace       used 8790K, capacity 9036K, committed 9344K, reserved 1056768K
  class space    used 985K, capacity 1074K, committed 1152K, reserved 1048576K
}
2019-10-16T14:16:42.055+0000: 1.907: Total time for which application threads were stopped: 0.0015342 seconds, Stopping threads took: 0.0000229 seconds
{Heap before GC invocations=41 (full 0):
 par new generation   total 4928K, used 4763K [0x00000000f0800000, 0x00000000f0d50000, 0x00000000f5a00000)
  eden space 4416K, 100% used [0x00000000f0800000, 0x00000000f0c50000, 0x00000000f0c50000)
  from space 512K,  67% used [0x00000000f0cd0000, 0x00000000f0d26c30, 0x00000000f0d50000)
  to   space 512K,   0% used [0x00000000f0c50000, 0x00000000f0c50000, 0x00000000f0cd0000)
 concurrent mark-sweep generation total 10944K, used 3626K [0x00000000f5a00000, 0x00000000f64b0000, 0x0000000100000000)
 Metaspace       used 8824K, capacity 9036K, committed 9344K, reserved 1056768K
  class space    used 990K, capacity 1074K, committed 1152K, reserved 1048576K
2019-10-16T14:16:42.082+0000: 1.934: [GC (Allocation Failure) 2019-10-16T14:16:42.082+0000: 1.934: [ParNew
Desired survivor size 262144 bytes, new threshold 6 (max 6)
- age   1:      16768 bytes,      16768 total
- age   2:       9952 bytes,      26720 total
- age   3:       9416 bytes,      36136 total
- age   4:       9256 bytes,      45392 total
- age   5:      10352 bytes,      55744 total
- age   6:       6872 bytes,      62616 total
: 4763K->120K(4928K), 0.0017900 secs] 8389K->3899K(15872K), 0.0018387 secs] [Times: user=0.00 sys=0.00, real=0.00 secs] 
Heap after GC invocations=42 (full 0):
 par new generation   total 4928K, used 120K [0x00000000f0800000, 0x00000000f0d50000, 0x00000000f5a00000)
  eden space 4416K,   0% used [0x00000000f0800000, 0x00000000f0800000, 0x00000000f0c50000)
  from space 512K,  23% used [0x00000000f0c50000, 0x00000000f0c6e0d0, 0x00000000f0cd0000)
  to   space 512K,   0% used [0x00000000f0cd0000, 0x00000000f0cd0000, 0x00000000f0d50000)
 concurrent mark-sweep generation total 10944K, used 3778K [0x00000000f5a00000, 0x00000000f64b0000, 0x0000000100000000)
 Metaspace       used 8824K, capacity 9036K, committed 9344K, reserved 1056768K
  class space    used 990K, capacity 1074K, committed 1152K, reserved 1048576K
}
2019-10-16T14:16:42.084+0000: 1.936: Total time for which application threads were stopped: 0.0019500 seconds, Stopping threads took: 0.0000209 seconds
{Heap before GC invocations=42 (full 0):
 par new generation   total 4928K, used 4536K [0x00000000f0800000, 0x00000000f0d50000, 0x00000000f5a00000)
  eden space 4416K, 100% used [0x00000000f0800000, 0x00000000f0c50000, 0x00000000f0c50000)
  from space 512K,  23% used [0x00000000f0c50000, 0x00000000f0c6e0d0, 0x00000000f0cd0000)
  to   space 512K,   0% used [0x00000000f0cd0000, 0x00000000f0cd0000, 0x00000000f0d50000)
 concurrent mark-sweep generation total 10944K, used 3778K [0x00000000f5a00000, 0x00000000f64b0000, 0x0000000100000000)
 Metaspace       used 8872K, capacity 9100K, committed 9344K, reserved 1056768K
  class space    used 997K, capacity 1074K, committed 1152K, reserved 1048576K
2019-10-16T14:16:42.115+0000: 1.967: [GC (Allocation Failure) 2019-10-16T14:16:42.115+0000: 1.967: [ParNew
Desired survivor size 262144 bytes, new threshold 6 (max 6)
- age   1:      35232 bytes,      35232 total
- age   2:      13832 bytes,      49064 total
- age   3:       9952 bytes,      59016 total
- age   4:       7624 bytes,      66640 total
- age   5:       7520 bytes,      74160 total
- age   6:      10352 bytes,      84512 total
: 4536K->105K(4928K), 0.0010367 secs] 8315K->3890K(15872K), 0.0010784 secs] [Times: user=0.00 sys=0.00, real=0.00 secs] 
Heap after GC invocations=43 (full 0):
 par new generation   total 4928K, used 105K [0x00000000f0800000, 0x00000000f0d50000, 0x00000000f5a00000)
  eden space 4416K,   0% used [0x00000000f0800000, 0x00000000f0800000, 0x00000000f0c50000)
  from space 512K,  20% used [0x00000000f0cd0000, 0x00000000f0cea690, 0x00000000f0d50000)
  to   space 512K,   0% used [0x00000000f0c50000, 0x00000000f0c50000, 0x00000000f0cd0000)
 concurrent mark-sweep generation total 10944K, used 3785K [0x00000000f5a00000, 0x00000000f64b0000, 0x0000000100000000)
 Metaspace       used 8872K, capacity 9100K, committed 9344K, reserved 1056768K
  class space    used 997K, capacity 1074K, committed 1152K, reserved 1048576K
}
2019-10-16T14:16:42.116+0000: 1.968: Total time for which application threads were stopped: 0.0011820 seconds, Stopping threads took: 0.0000223 seconds
{Heap before GC invocations=43 (full 0):
 par new generation   total 4928K, used 4521K [0x00000000f0800000, 0x00000000f0d50000, 0x00000000f5a00000)
  eden space 4416K, 100% used [0x00000000f0800000, 0x00000000f0c50000, 0x00000000f0c50000)
  from space 512K,  20% used [0x00000000f0cd0000, 0x00000000f0cea690, 0x00000000f0d50000)
  to   space 512K,   0% used [0x00000000f0c50000, 0x00000000f0c50000, 0x00000000f0cd0000)
 concurrent mark-sweep generation total 10944K, used 3785K [0x00000000f5a00000, 0x00000000f64b0000, 0x0000000100000000)
 Metaspace       used 9004K, capacity 9260K, committed 9344K, reserved 1056768K
  class space    used 1011K, capacity 1106K, committed 1152K, reserved 1048576K
2019-10-16T14:16:42.147+0000: 1.999: [GC (Allocation Failure) 2019-10-16T14:16:42.147+0000: 1.999: [ParNew
Desired survivor size 262144 bytes, new threshold 6 (max 6)
- age   1:      26224 bytes,      26224 total
- age   2:      32536 bytes,      58760 total
- age   3:      13832 bytes,      72592 total
- age   4:       9952 bytes,      82544 total
- age   5:       7176 bytes,      89720 total
- age   6:       7520 bytes,      97240 total
: 4521K->157K(4928K), 0.0013035 secs] 8306K->3952K(15872K), 0.0013595 secs] [Times: user=0.00 sys=0.00, real=0.00 secs] 
Heap after GC invocations=44 (full 0):
 par new generation   total 4928K, used 157K [0x00000000f0800000, 0x00000000f0d50000, 0x00000000f5a00000)
  eden space 4416K,   0% used [0x00000000f0800000, 0x00000000f0800000, 0x00000000f0c50000)
  from space 512K,  30% used [0x00000000f0c50000, 0x00000000f0c774a0, 0x00000000f0cd0000)
  to   space 512K,   0% used [0x00000000f0cd0000, 0x00000000f0cd0000, 0x00000000f0d50000)
 concurrent mark-sweep generation total 10944K, used 3795K [0x00000000f5a00000, 0x00000000f64b0000, 0x0000000100000000)
 Metaspace       used 9004K, capacity 9260K, committed 9344K, reserved 1056768K
  class space    used 1011K, capacity 1106K, committed 1152K, reserved 1048576K
}
2019-10-16T14:16:42.149+0000: 2.001: Total time for which application threads were stopped: 0.0014701 seconds, Stopping threads took: 0.0000234 seconds
{Heap before GC invocations=44 (full 0):
 par new generation   total 4928K, used 4573K [0x00000000f0800000, 0x00000000f0d50000, 0x00000000f5a00000)
  eden space 4416K, 100% used [0x00000000f0800000, 0x00000000f0c50000, 0x00000000f0c50000)
  from space 512K,  30% used [0x00000000f0c50000, 0x00000000f0c774a0, 0x00000000f0cd0000)
  to   space 512K,   0% used [0x00000000f0cd0000, 0x00000000f0cd0000, 0x00000000f0d50000)
 concurrent mark-sweep generation total 10944K, used 3795K [0x00000000f5a00000, 0x00000000f64b0000, 0x0000000100000000)
 Metaspace       used 9063K, capacity 9324K, committed 9600K, reserved 1058816K
  class space    used 1014K, capacity 1106K, committed 1152K, reserved 1048576K
2019-10-16T14:16:42.177+0000: 2.029: [GC (Allocation Failure) 2019-10-16T14:16:42.177+0000: 2.029: [ParNew
Desired survivor size 262144 bytes, new threshold 6 (max 6)
- age   1:      28056 bytes,      28056 total
- age   2:      23376 bytes,      51432 total
- age   3:      32536 bytes,      83968 total
- age   4:      13832 bytes,      97800 total
- age   5:       9952 bytes,     107752 total
- age   6:       7176 bytes,     114928 total
: 4573K->153K(4928K), 0.0012631 secs] 8368K->3956K(15872K), 0.0013093 secs] [Times: user=0.00 sys=0.00, real=0.00 secs] 
Heap after GC invocations=45 (full 0):
 par new generation   total 4928K, used 153K [0x00000000f0800000, 0x00000000f0d50000, 0x00000000f5a00000)
  eden space 4416K,   0% used [0x00000000f0800000, 0x00000000f0800000, 0x00000000f0c50000)
  from space 512K,  29% used [0x00000000f0cd0000, 0x00000000f0cf65e0, 0x00000000f0d50000)
  to   space 512K,   0% used [0x00000000f0c50000, 0x00000000f0c50000, 0x00000000f0cd0000)
 concurrent mark-sweep generation total 10944K, used 3803K [0x00000000f5a00000, 0x00000000f64b0000, 0x0000000100000000)
 Metaspace       used 9063K, capacity 9324K, committed 9600K, reserved 1058816K
  class space    used 1014K, capacity 1106K, committed 1152K, reserved 1048576K
}
2019-10-16T14:16:42.178+0000: 2.031: Total time for which application threads were stopped: 0.0014515 seconds, Stopping threads took: 0.0000283 seconds
{Heap before GC invocations=45 (full 0):
 par new generation   total 4928K, used 4569K [0x00000000f0800000, 0x00000000f0d50000, 0x00000000f5a00000)
  eden space 4416K, 100% used [0x00000000f0800000, 0x00000000f0c50000, 0x00000000f0c50000)
  from space 512K,  29% used [0x00000000f0cd0000, 0x00000000f0cf65e0, 0x00000000f0d50000)
  to   space 512K,   0% used [0x00000000f0c50000, 0x00000000f0c50000, 0x00000000f0cd0000)
 concurrent mark-sweep generation total 10944K, used 3803K [0x00000000f5a00000, 0x00000000f64b0000, 0x0000000100000000)
 Metaspace       used 9098K, capacity 9324K, committed 9600K, reserved 1058816K
  class space    used 1020K, capacity 1106K, committed 1152K, reserved 1048576K
2019-10-16T14:16:42.202+0000: 2.054: [GC (Allocation Failure) 2019-10-16T14:16:42.202+0000: 2.054: [ParNew
Desired survivor size 262144 bytes, new threshold 6 (max 6)
- age   1:      13024 bytes,      13024 total
- age   2:      23184 bytes,      36208 total
- age   3:      23352 bytes,      59560 total
- age   4:      32504 bytes,      92064 total
- age   5:      13832 bytes,     105896 total
- age   6:       9952 bytes,     115848 total
: 4569K->192K(4928K), 0.0012359 secs] 8372K->4003K(15872K), 0.0012862 secs] [Times: user=0.00 sys=0.00, real=0.00 secs] 
Heap after GC invocations=46 (full 0):
 par new generation   total 4928K, used 192K [0x00000000f0800000, 0x00000000f0d50000, 0x00000000f5a00000)
  eden space 4416K,   0% used [0x00000000f0800000, 0x00000000f0800000, 0x00000000f0c50000)
  from space 512K,  37% used [0x00000000f0c50000, 0x00000000f0c80380, 0x00000000f0cd0000)
  to   space 512K,   0% used [0x00000000f0cd0000, 0x00000000f0cd0000, 0x00000000f0d50000)
 concurrent mark-sweep generation total 10944K, used 3810K [0x00000000f5a00000, 0x00000000f64b0000, 0x0000000100000000)
 Metaspace       used 9098K, capacity 9324K, committed 9600K, reserved 1058816K
  class space    used 1020K, capacity 1106K, committed 1152K, reserved 1048576K
}
2019-10-16T14:16:42.204+0000: 2.056: Total time for which application threads were stopped: 0.0014046 seconds, Stopping threads took: 0.0000222 seconds
{Heap before GC invocations=46 (full 0):
 par new generation   total 4928K, used 4608K [0x00000000f0800000, 0x00000000f0d50000, 0x00000000f5a00000)
  eden space 4416K, 100% used [0x00000000f0800000, 0x00000000f0c50000, 0x00000000f0c50000)
  from space 512K,  37% used [0x00000000f0c50000, 0x00000000f0c80380, 0x00000000f0cd0000)
  to   space 512K,   0% used [0x00000000f0cd0000, 0x00000000f0cd0000, 0x00000000f0d50000)
 concurrent mark-sweep generation total 10944K, used 3810K [0x00000000f5a00000, 0x00000000f64b0000, 0x0000000100000000)
 Metaspace       used 9137K, capacity 9356K, committed 9600K, reserved 1058816K
  class space    used 1026K, capacity 1138K, committed 1152K, reserved 1048576K
2019-10-16T14:16:42.223+0000: 2.075: [GC (Allocation Failure) 2019-10-16T14:16:42.223+0000: 2.075: [ParNew
Desired survivor size 262144 bytes, new threshold 6 (max 6)
- age   1:      20000 bytes,      20000 total
- age   2:      10584 bytes,      30584 total
- age   3:      23008 bytes,      53592 total
- age   4:      23352 bytes,      76944 total
- age   5:      32504 bytes,     109448 total
- age   6:      13832 bytes,     123280 total
: 4608K->132K(4928K), 0.0012688 secs] 8419K->3953K(15872K), 0.0013072 secs] [Times: user=0.00 sys=0.00, real=0.00 secs] 
Heap after GC invocations=47 (full 0):
 par new generation   total 4928K, used 132K [0x00000000f0800000, 0x00000000f0d50000, 0x00000000f5a00000)
  eden space 4416K,   0% used [0x00000000f0800000, 0x00000000f0800000, 0x00000000f0c50000)
  from space 512K,  25% used [0x00000000f0cd0000, 0x00000000f0cf13f8, 0x00000000f0d50000)
  to   space 512K,   0% used [0x00000000f0c50000, 0x00000000f0c50000, 0x00000000f0cd0000)
 concurrent mark-sweep generation total 10944K, used 3820K [0x00000000f5a00000, 0x00000000f64b0000, 0x0000000100000000)
 Metaspace       used 9137K, capacity 9356K, committed 9600K, reserved 1058816K
  class space    used 1026K, capacity 1138K, committed 1152K, reserved 1048576K
}
2019-10-16T14:16:42.224+0000: 2.076: Total time for which application threads were stopped: 0.0014246 seconds, Stopping threads took: 0.0000204 seconds
{Heap before GC invocations=47 (full 0):
 par new generation   total 4928K, used 4548K [0x00000000f0800000, 0x00000000f0d50000, 0x00000000f5a00000)
  eden space 4416K, 100% used [0x00000000f0800000, 0x00000000f0c50000, 0x00000000f0c50000)
  from space 512K,  25% used [0x00000000f0cd0000, 0x00000000f0cf13f8, 0x00000000f0d50000)
  to   space 512K,   0% used [0x00000000f0c50000, 0x00000000f0c50000, 0x00000000f0cd0000)
 concurrent mark-sweep generation total 10944K, used 3820K [0x00000000f5a00000, 0x00000000f64b0000, 0x0000000100000000)
 Metaspace       used 9235K, capacity 9486K, committed 9600K, reserved 1058816K
  class space    used 1035K, capacity 1139K, committed 1152K, reserved 1048576K
2019-10-16T14:16:42.264+0000: 2.116: [GC (Allocation Failure) 2019-10-16T14:16:42.264+0000: 2.116: [ParNew
Desired survivor size 262144 bytes, new threshold 6 (max 6)
- age   1:      63520 bytes,      63520 total
- age   2:      11680 bytes,      75200 total
- age   3:       9712 bytes,      84912 total
- age   4:      22184 bytes,     107096 total
- age   5:      22584 bytes,     129680 total
- age   6:      32504 bytes,     162184 total
: 4548K->213K(4928K), 0.0014282 secs] 8369K->4048K(15872K), 0.0014854 secs] [Times: user=0.01 sys=0.00, real=0.00 secs] 
Heap after GC invocations=48 (full 0):
 par new generation   total 4928K, used 213K [0x00000000f0800000, 0x00000000f0d50000, 0x00000000f5a00000)
  eden space 4416K,   0% used [0x00000000f0800000, 0x00000000f0800000, 0x00000000f0c50000)
  from space 512K,  41% used [0x00000000f0c50000, 0x00000000f0c856f0, 0x00000000f0cd0000)
  to   space 512K,   0% used [0x00000000f0cd0000, 0x00000000f0cd0000, 0x00000000f0d50000)
 concurrent mark-sweep generation total 10944K, used 3834K [0x00000000f5a00000, 0x00000000f64b0000, 0x0000000100000000)
 Metaspace       used 9235K, capacity 9486K, committed 9600K, reserved 1058816K
  class space    used 1035K, capacity 1139K, committed 1152K, reserved 1048576K
}
2019-10-16T14:16:42.265+0000: 2.117: Total time for which application threads were stopped: 0.0016037 seconds, Stopping threads took: 0.0000199 seconds
{Heap before GC invocations=48 (full 0):
 par new generation   total 4928K, used 4629K [0x00000000f0800000, 0x00000000f0d50000, 0x00000000f5a00000)
  eden space 4416K, 100% used [0x00000000f0800000, 0x00000000f0c50000, 0x00000000f0c50000)
  from space 512K,  41% used [0x00000000f0c50000, 0x00000000f0c856f0, 0x00000000f0cd0000)
  to   space 512K,   0% used [0x00000000f0cd0000, 0x00000000f0cd0000, 0x00000000f0d50000)
 concurrent mark-sweep generation total 10944K, used 3834K [0x00000000f5a00000, 0x00000000f64b0000, 0x0000000100000000)
 Metaspace       used 9284K, capacity 9550K, committed 9600K, reserved 1058816K
  class space    used 1041K, capacity 1139K, committed 1152K, reserved 1048576K
2019-10-16T14:16:42.290+0000: 2.142: [GC (Allocation Failure) 2019-10-16T14:16:42.290+0000: 2.142: [ParNew
Desired survivor size 262144 bytes, new threshold 6 (max 6)
- age   1:      20256 bytes,      20256 total
- age   2:      56952 bytes,      77208 total
- age   3:      11240 bytes,      88448 total
- age   4:       8360 bytes,      96808 total
- age   5:      22184 bytes,     118992 total
- age   6:      22584 bytes,     141576 total
: 4629K->145K(4928K), 0.0014306 secs] 8464K->4011K(15872K), 0.0014708 secs] [Times: user=0.00 sys=0.00, real=0.00 secs] 
Heap after GC invocations=49 (full 0):
 par new generation   total 4928K, used 145K [0x00000000f0800000, 0x00000000f0d50000, 0x00000000f5a00000)
  eden space 4416K,   0% used [0x00000000f0800000, 0x00000000f0800000, 0x00000000f0c50000)
  from space 512K,  28% used [0x00000000f0cd0000, 0x00000000f0cf4438, 0x00000000f0d50000)
  to   space 512K,   0% used [0x00000000f0c50000, 0x00000000f0c50000, 0x00000000f0cd0000)
 concurrent mark-sweep generation total 10944K, used 3866K [0x00000000f5a00000, 0x00000000f64b0000, 0x0000000100000000)
 Metaspace       used 9284K, capacity 9550K, committed 9600K, reserved 1058816K
  class space    used 1041K, capacity 1139K, committed 1152K, reserved 1048576K
}
2019-10-16T14:16:42.292+0000: 2.144: Total time for which application threads were stopped: 0.0015987 seconds, Stopping threads took: 0.0000220 seconds
{Heap before GC invocations=49 (full 0):
 par new generation   total 4928K, used 4561K [0x00000000f0800000, 0x00000000f0d50000, 0x00000000f5a00000)
  eden space 4416K, 100% used [0x00000000f0800000, 0x00000000f0c50000, 0x00000000f0c50000)
  from space 512K,  28% used [0x00000000f0cd0000, 0x00000000f0cf4438, 0x00000000f0d50000)
  to   space 512K,   0% used [0x00000000f0c50000, 0x00000000f0c50000, 0x00000000f0cd0000)
 concurrent mark-sweep generation total 10944K, used 3866K [0x00000000f5a00000, 0x00000000f64b0000, 0x0000000100000000)
 Metaspace       used 9337K, capacity 9622K, committed 9856K, reserved 1058816K
  class space    used 1050K, capacity 1143K, committed 1152K, reserved 1048576K
2019-10-16T14:16:42.322+0000: 2.174: [GC (Allocation Failure) 2019-10-16T14:16:42.322+0000: 2.174: [ParNew
Desired survivor size 262144 bytes, new threshold 6 (max 6)
- age   1:      25848 bytes,      25848 total
- age   2:      14272 bytes,      40120 total
- age   3:      56776 bytes,      96896 total
- age   4:      10344 bytes,     107240 total
- age   5:       7432 bytes,     114672 total
- age   6:      22184 bytes,     136856 total
: 4561K->139K(4928K), 0.0013477 secs] 8427K->4029K(15872K), 0.0014051 secs] [Times: user=0.00 sys=0.00, real=0.00 secs] 
Heap after GC invocations=50 (full 0):
 par new generation   total 4928K, used 139K [0x00000000f0800000, 0x00000000f0d50000, 0x00000000f5a00000)
  eden space 4416K,   0% used [0x00000000f0800000, 0x00000000f0800000, 0x00000000f0c50000)
  from space 512K,  27% used [0x00000000f0c50000, 0x00000000f0c72ec0, 0x00000000f0cd0000)
  to   space 512K,   0% used [0x00000000f0cd0000, 0x00000000f0cd0000, 0x00000000f0d50000)
 concurrent mark-sweep generation total 10944K, used 3889K [0x00000000f5a00000, 0x00000000f64b0000, 0x0000000100000000)
 Metaspace       used 9337K, capacity 9622K, committed 9856K, reserved 1058816K
  class space    used 1050K, capacity 1143K, committed 1152K, reserved 1048576K
}
2019-10-16T14:16:42.324+0000: 2.176: Total time for which application threads were stopped: 0.0015535 seconds, Stopping threads took: 0.0000238 seconds
{Heap before GC invocations=50 (full 0):
 par new generation   total 4928K, used 4555K [0x00000000f0800000, 0x00000000f0d50000, 0x00000000f5a00000)
  eden space 4416K, 100% used [0x00000000f0800000, 0x00000000f0c50000, 0x00000000f0c50000)
  from space 512K,  27% used [0x00000000f0c50000, 0x00000000f0c72ec0, 0x00000000f0cd0000)
  to   space 512K,   0% used [0x00000000f0cd0000, 0x00000000f0cd0000, 0x00000000f0d50000)
 concurrent mark-sweep generation total 10944K, used 3889K [0x00000000f5a00000, 0x00000000f64b0000, 0x0000000100000000)
 Metaspace       used 9366K, capacity 9622K, committed 9856K, reserved 1058816K
  class space    used 1056K, capacity 1143K, committed 1152K, reserved 1048576K
2019-10-16T14:16:42.350+0000: 2.202: [GC (Allocation Failure) 2019-10-16T14:16:42.350+0000: 2.202: [ParNew
Desired survivor size 262144 bytes, new threshold 6 (max 6)
- age   1:      20152 bytes,      20152 total
- age   2:      23208 bytes,      43360 total
- age   3:      14224 bytes,      57584 total
- age   4:      56776 bytes,     114360 total
- age   5:      10344 bytes,     124704 total
- age   6:       7432 bytes,     132136 total
: 4555K->135K(4928K), 0.0012569 secs] 8445K->4046K(15872K), 0.0012944 secs] [Times: user=0.00 sys=0.00, real=0.00 secs] 
Heap after GC invocations=51 (full 0):
 par new generation   total 4928K, used 135K [0x00000000f0800000, 0x00000000f0d50000, 0x00000000f5a00000)
  eden space 4416K,   0% used [0x00000000f0800000, 0x00000000f0800000, 0x00000000f0c50000)
  from space 512K,  26% used [0x00000000f0cd0000, 0x00000000f0cf1d38, 0x00000000f0d50000)
  to   space 512K,   0% used [0x00000000f0c50000, 0x00000000f0c50000, 0x00000000f0cd0000)
 concurrent mark-sweep generation total 10944K, used 3911K [0x00000000f5a00000, 0x00000000f64b0000, 0x0000000100000000)
 Metaspace       used 9366K, capacity 9622K, committed 9856K, reserved 1058816K
  class space    used 1056K, capacity 1143K, committed 1152K, reserved 1048576K
}
2019-10-16T14:16:42.352+0000: 2.204: Total time for which application threads were stopped: 0.0014031 seconds, Stopping threads took: 0.0000337 seconds
{Heap before GC invocations=51 (full 0):
 par new generation   total 4928K, used 4551K [0x00000000f0800000, 0x00000000f0d50000, 0x00000000f5a00000)
  eden space 4416K, 100% used [0x00000000f0800000, 0x00000000f0c50000, 0x00000000f0c50000)
  from space 512K,  26% used [0x00000000f0cd0000, 0x00000000f0cf1d38, 0x00000000f0d50000)
  to   space 512K,   0% used [0x00000000f0c50000, 0x00000000f0c50000, 0x00000000f0cd0000)
 concurrent mark-sweep generation total 10944K, used 3911K [0x00000000f5a00000, 0x00000000f64b0000, 0x0000000100000000)
 Metaspace       used 9418K, capacity 9686K, committed 9856K, reserved 1058816K
  class space    used 1060K, capacity 1143K, committed 1152K, reserved 1048576K
2019-10-16T14:16:42.372+0000: 2.224: [GC (Allocation Failure) 2019-10-16T14:16:42.372+0000: 2.224: [ParNew
Desired survivor size 262144 bytes, new threshold 6 (max 6)
- age   1:      21864 bytes,      21864 total
- age   2:      16608 bytes,      38472 total
- age   3:      23208 bytes,      61680 total
- age   4:      14224 bytes,      75904 total
- age   5:      55912 bytes,     131816 total
- age   6:       7640 bytes,     139456 total
: 4551K->260K(4928K), 0.0012759 secs] 8462K->4179K(15872K), 0.0013254 secs] [Times: user=0.00 sys=0.00, real=0.00 secs] 
Heap after GC invocations=52 (full 0):
 par new generation   total 4928K, used 260K [0x00000000f0800000, 0x00000000f0d50000, 0x00000000f5a00000)
  eden space 4416K,   0% used [0x00000000f0800000, 0x00000000f0800000, 0x00000000f0c50000)
  from space 512K,  50% used [0x00000000f0c50000, 0x00000000f0c910b8, 0x00000000f0cd0000)
  to   space 512K,   0% used [0x00000000f0cd0000, 0x00000000f0cd0000, 0x00000000f0d50000)
 concurrent mark-sweep generation total 10944K, used 3919K [0x00000000f5a00000, 0x00000000f64b0000, 0x0000000100000000)
 Metaspace       used 9418K, capacity 9686K, committed 9856K, reserved 1058816K
  class space    used 1060K, capacity 1143K, committed 1152K, reserved 1048576K
}
2019-10-16T14:16:42.373+0000: 2.225: Total time for which application threads were stopped: 0.0014453 seconds, Stopping threads took: 0.0000198 seconds
{Heap before GC invocations=52 (full 0):
 par new generation   total 4928K, used 4676K [0x00000000f0800000, 0x00000000f0d50000, 0x00000000f5a00000)
  eden space 4416K, 100% used [0x00000000f0800000, 0x00000000f0c50000, 0x00000000f0c50000)
  from space 512K,  50% used [0x00000000f0c50000, 0x00000000f0c910b8, 0x00000000f0cd0000)
  to   space 512K,   0% used [0x00000000f0cd0000, 0x00000000f0cd0000, 0x00000000f0d50000)
 concurrent mark-sweep generation total 10944K, used 3919K [0x00000000f5a00000, 0x00000000f64b0000, 0x0000000100000000)
 Metaspace       used 9701K, capacity 9914K, committed 10240K, reserved 1058816K
  class space    used 1102K, capacity 1177K, committed 1280K, reserved 1048576K
2019-10-16T14:16:42.430+0000: 2.282: [GC (Allocation Failure) 2019-10-16T14:16:42.430+0000: 2.282: [ParNew
Desired survivor size 262144 bytes, new threshold 6 (max 6)
- age   1:      79304 bytes,      79304 total
- age   2:      18904 bytes,      98208 total
- age   3:      16584 bytes,     114792 total
- age   4:      23016 bytes,     137808 total
- age   5:      14160 bytes,     151968 total
- age   6:      54376 bytes,     206344 total
: 4676K->250K(4928K), 0.0015965 secs] 8595K->4177K(15872K), 0.0016508 secs] [Times: user=0.00 sys=0.00, real=0.01 secs] 
Heap after GC invocations=53 (full 0):
 par new generation   total 4928K, used 250K [0x00000000f0800000, 0x00000000f0d50000, 0x00000000f5a00000)
  eden space 4416K,   0% used [0x00000000f0800000, 0x00000000f0800000, 0x00000000f0c50000)
  from space 512K,  48% used [0x00000000f0cd0000, 0x00000000f0d0ea18, 0x00000000f0d50000)
  to   space 512K,   0% used [0x00000000f0c50000, 0x00000000f0c50000, 0x00000000f0cd0000)
 concurrent mark-sweep generation total 10944K, used 3927K [0x00000000f5a00000, 0x00000000f64b0000, 0x0000000100000000)
 Metaspace       used 9701K, capacity 9914K, committed 10240K, reserved 1058816K
  class space    used 1102K, capacity 1177K, committed 1280K, reserved 1048576K
}
2019-10-16T14:16:42.431+0000: 2.283: Total time for which application threads were stopped: 0.0017668 seconds, Stopping threads took: 0.0000233 seconds
{Heap before GC invocations=53 (full 0):
 par new generation   total 4928K, used 4666K [0x00000000f0800000, 0x00000000f0d50000, 0x00000000f5a00000)
  eden space 4416K, 100% used [0x00000000f0800000, 0x00000000f0c50000, 0x00000000f0c50000)
  from space 512K,  48% used [0x00000000f0cd0000, 0x00000000f0d0ea18, 0x00000000f0d50000)
  to   space 512K,   0% used [0x00000000f0c50000, 0x00000000f0c50000, 0x00000000f0cd0000)
 concurrent mark-sweep generation total 10944K, used 3927K [0x00000000f5a00000, 0x00000000f64b0000, 0x0000000100000000)
 Metaspace       used 9781K, capacity 10010K, committed 10240K, reserved 1058816K
  class space    used 1110K, capacity 1209K, committed 1280K, reserved 1048576K
2019-10-16T14:16:42.463+0000: 2.315: [GC (Allocation Failure) 2019-10-16T14:16:42.463+0000: 2.315: [ParNew
Desired survivor size 262144 bytes, new threshold 6 (max 6)
- age   1:      22920 bytes,      22920 total
- age   2:      75976 bytes,      98896 total
- age   3:      18904 bytes,     117800 total
- age   4:      16440 bytes,     134240 total
- age   5:      23016 bytes,     157256 total
- age   6:      13264 bytes,     170520 total
: 4666K->172K(4928K), 0.0015276 secs] 8593K->4151K(15872K), 0.0015827 secs] [Times: user=0.00 sys=0.00, real=0.00 secs] 
Heap after GC invocations=54 (full 0):
 par new generation   total 4928K, used 172K [0x00000000f0800000, 0x00000000f0d50000, 0x00000000f5a00000)
  eden space 4416K,   0% used [0x00000000f0800000, 0x00000000f0800000, 0x00000000f0c50000)
  from space 512K,  33% used [0x00000000f0c50000, 0x00000000f0c7b118, 0x00000000f0cd0000)
  to   space 512K,   0% used [0x00000000f0cd0000, 0x00000000f0cd0000, 0x00000000f0d50000)
 concurrent mark-sweep generation total 10944K, used 3979K [0x00000000f5a00000, 0x00000000f64b0000, 0x0000000100000000)
 Metaspace       used 9781K, capacity 10010K, committed 10240K, reserved 1058816K
  class space    used 1110K, capacity 1209K, committed 1280K, reserved 1048576K
}
2019-10-16T14:16:42.465+0000: 2.317: Total time for which application threads were stopped: 0.0016957 seconds, Stopping threads took: 0.0000223 seconds
{Heap before GC invocations=54 (full 0):
 par new generation   total 4928K, used 4588K [0x00000000f0800000, 0x00000000f0d50000, 0x00000000f5a00000)
  eden space 4416K, 100% used [0x00000000f0800000, 0x00000000f0c50000, 0x00000000f0c50000)
  from space 512K,  33% used [0x00000000f0c50000, 0x00000000f0c7b118, 0x00000000f0cd0000)
  to   space 512K,   0% used [0x00000000f0cd0000, 0x00000000f0cd0000, 0x00000000f0d50000)
 concurrent mark-sweep generation total 10944K, used 3979K [0x00000000f5a00000, 0x00000000f64b0000, 0x0000000100000000)
 Metaspace       used 9882K, capacity 10074K, committed 10240K, reserved 1058816K
  class space    used 1125K, capacity 1209K, committed 1280K, reserved 1048576K
2019-10-16T14:16:42.490+0000: 2.342: [GC (Allocation Failure) 2019-10-16T14:16:42.490+0000: 2.342: [ParNew
Desired survivor size 262144 bytes, new threshold 6 (max 6)
- age   1:      26192 bytes,      26192 total
- age   2:      19560 bytes,      45752 total
- age   3:      75952 bytes,     121704 total
- age   4:      18904 bytes,     140608 total
- age   5:      13912 bytes,     154520 total
- age   6:      22592 bytes,     177112 total
: 4588K->334K(4928K), 0.0015312 secs] 8567K->4326K(15872K), 0.0015693 secs] [Times: user=0.00 sys=0.00, real=0.01 secs] 
Heap after GC invocations=55 (full 0):
 par new generation   total 4928K, used 334K [0x00000000f0800000, 0x00000000f0d50000, 0x00000000f5a00000)
  eden space 4416K,   0% used [0x00000000f0800000, 0x00000000f0800000, 0x00000000f0c50000)
  from space 512K,  65% used [0x00000000f0cd0000, 0x00000000f0d23990, 0x00000000f0d50000)
  to   space 512K,   0% used [0x00000000f0c50000, 0x00000000f0c50000, 0x00000000f0cd0000)
 concurrent mark-sweep generation total 10944K, used 3992K [0x00000000f5a00000, 0x00000000f64b0000, 0x0000000100000000)
 Metaspace       used 9882K, capacity 10074K, committed 10240K, reserved 1058816K
  class space    used 1125K, capacity 1209K, committed 1280K, reserved 1048576K
}
2019-10-16T14:16:42.491+0000: 2.343: Total time for which application threads were stopped: 0.0016645 seconds, Stopping threads took: 0.0000188 seconds
{Heap before GC invocations=55 (full 0):
 par new generation   total 4928K, used 4750K [0x00000000f0800000, 0x00000000f0d50000, 0x00000000f5a00000)
  eden space 4416K, 100% used [0x00000000f0800000, 0x00000000f0c50000, 0x00000000f0c50000)
  from space 512K,  65% used [0x00000000f0cd0000, 0x00000000f0d23990, 0x00000000f0d50000)
  to   space 512K,   0% used [0x00000000f0c50000, 0x00000000f0c50000, 0x00000000f0cd0000)
 concurrent mark-sweep generation total 10944K, used 3992K [0x00000000f5a00000, 0x00000000f64b0000, 0x0000000100000000)
 Metaspace       used 9923K, capacity 10138K, committed 10496K, reserved 1058816K
  class space    used 1131K, capacity 1209K, committed 1280K, reserved 1048576K
2019-10-16T14:16:42.522+0000: 2.374: [GC (Allocation Failure) 2019-10-16T14:16:42.522+0000: 2.374: [ParNew
Desired survivor size 262144 bytes, new threshold 6 (max 6)
- age   1:      27296 bytes,      27296 total
- age   2:      23200 bytes,      50496 total
- age   3:      19560 bytes,      70056 total
- age   4:      73344 bytes,     143400 total
- age   5:      18864 bytes,     162264 total
- age   6:      12984 bytes,     175248 total
: 4750K->213K(4928K), 0.0014978 secs] 8742K->4227K(15872K), 0.0015551 secs] [Times: user=0.00 sys=0.00, real=0.01 secs] 
Heap after GC invocations=56 (full 0):
 par new generation   total 4928K, used 213K [0x00000000f0800000, 0x00000000f0d50000, 0x00000000f5a00000)
  eden space 4416K,   0% used [0x00000000f0800000, 0x00000000f0800000, 0x00000000f0c50000)
  from space 512K,  41% used [0x00000000f0c50000, 0x00000000f0c855d0, 0x00000000f0cd0000)
  to   space 512K,   0% used [0x00000000f0cd0000, 0x00000000f0cd0000, 0x00000000f0d50000)
 concurrent mark-sweep generation total 10944K, used 4013K [0x00000000f5a00000, 0x00000000f64b0000, 0x0000000100000000)
 Metaspace       used 9923K, capacity 10138K, committed 10496K, reserved 1058816K
  class space    used 1131K, capacity 1209K, committed 1280K, reserved 1048576K
}
2019-10-16T14:16:42.524+0000: 2.376: Total time for which application threads were stopped: 0.0016603 seconds, Stopping threads took: 0.0000228 seconds
{Heap before GC invocations=56 (full 0):
 par new generation   total 4928K, used 4629K [0x00000000f0800000, 0x00000000f0d50000, 0x00000000f5a00000)
  eden space 4416K, 100% used [0x00000000f0800000, 0x00000000f0c50000, 0x00000000f0c50000)
  from space 512K,  41% used [0x00000000f0c50000, 0x00000000f0c855d0, 0x00000000f0cd0000)
  to   space 512K,   0% used [0x00000000f0cd0000, 0x00000000f0cd0000, 0x00000000f0d50000)
 concurrent mark-sweep generation total 10944K, used 4013K [0x00000000f5a00000, 0x00000000f64b0000, 0x0000000100000000)
 Metaspace       used 9967K, capacity 10138K, committed 10496K, reserved 1058816K
  class space    used 1138K, capacity 1209K, committed 1280K, reserved 1048576K
2019-10-16T14:16:42.546+0000: 2.398: [GC (Allocation Failure) 2019-10-16T14:16:42.546+0000: 2.398: [ParNew
Desired survivor size 262144 bytes, new threshold 6 (max 6)
- age   1:      18008 bytes,      18008 total
- age   2:      23936 bytes,      41944 total
- age   3:      23200 bytes,      65144 total
- age   4:      17032 bytes,      82176 total
- age   5:      73344 bytes,     155520 total
- age   6:      18024 bytes,     173544 total
: 4629K->309K(4928K), 0.0014651 secs] 8643K->4335K(15872K), 0.0015073 secs] [Times: user=0.00 sys=0.00, real=0.00 secs] 
Heap after GC invocations=57 (full 0):
 par new generation   total 4928K, used 309K [0x00000000f0800000, 0x00000000f0d50000, 0x00000000f5a00000)
  eden space 4416K,   0% used [0x00000000f0800000, 0x00000000f0800000, 0x00000000f0c50000)
  from space 512K,  60% used [0x00000000f0cd0000, 0x00000000f0d1d428, 0x00000000f0d50000)
  to   space 512K,   0% used [0x00000000f0c50000, 0x00000000f0c50000, 0x00000000f0cd0000)
 concurrent mark-sweep generation total 10944K, used 4026K [0x00000000f5a00000, 0x00000000f64b0000, 0x0000000100000000)
 Metaspace       used 9967K, capacity 10138K, committed 10496K, reserved 1058816K
  class space    used 1138K, capacity 1209K, committed 1280K, reserved 1048576K
}
2019-10-16T14:16:42.548+0000: 2.400: Total time for which application threads were stopped: 0.0016167 seconds, Stopping threads took: 0.0000238 seconds
{Heap before GC invocations=57 (full 0):
 par new generation   total 4928K, used 4725K [0x00000000f0800000, 0x00000000f0d50000, 0x00000000f5a00000)
  eden space 4416K, 100% used [0x00000000f0800000, 0x00000000f0c50000, 0x00000000f0c50000)
  from space 512K,  60% used [0x00000000f0cd0000, 0x00000000f0d1d428, 0x00000000f0d50000)
  to   space 512K,   0% used [0x00000000f0c50000, 0x00000000f0c50000, 0x00000000f0cd0000)
 concurrent mark-sweep generation total 10944K, used 4026K [0x00000000f5a00000, 0x00000000f64b0000, 0x0000000100000000)
 Metaspace       used 10023K, capacity 10298K, committed 10496K, reserved 1058816K
  class space    used 1145K, capacity 1241K, committed 1280K, reserved 1048576K
2019-10-16T14:16:42.613+0000: 2.465: [GC (Allocation Failure) 2019-10-16T14:16:42.613+0000: 2.465: [ParNew
Desired survivor size 262144 bytes, new threshold 6 (max 6)
- age   1:      26880 bytes,      26880 total
- age   2:      12696 bytes,      39576 total
- age   3:      23904 bytes,      63480 total
- age   4:      23200 bytes,      86680 total
- age   5:      17032 bytes,     103712 total
- age   6:      73344 bytes,     177056 total
: 4725K->204K(4928K), 0.0029812 secs] 8751K->4248K(15872K), 0.0030454 secs] [Times: user=0.00 sys=0.00, real=0.00 secs] 
Heap after GC invocations=58 (full 0):
 par new generation   total 4928K, used 204K [0x00000000f0800000, 0x00000000f0d50000, 0x00000000f5a00000)
  eden space 4416K,   0% used [0x00000000f0800000, 0x00000000f0800000, 0x00000000f0c50000)
  from space 512K,  39% used [0x00000000f0c50000, 0x00000000f0c830a0, 0x00000000f0cd0000)
  to   space 512K,   0% used [0x00000000f0cd0000, 0x00000000f0cd0000, 0x00000000f0d50000)
 concurrent mark-sweep generation total 10944K, used 4043K [0x00000000f5a00000, 0x00000000f64b0000, 0x0000000100000000)
 Metaspace       used 10023K, capacity 10298K, committed 10496K, reserved 1058816K
  class space    used 1145K, capacity 1241K, committed 1280K, reserved 1048576K
}
2019-10-16T14:16:42.616+0000: 2.468: Total time for which application threads were stopped: 0.0031577 seconds, Stopping threads took: 0.0000239 seconds
{Heap before GC invocations=58 (full 0):
 par new generation   total 4928K, used 4620K [0x00000000f0800000, 0x00000000f0d50000, 0x00000000f5a00000)
  eden space 4416K, 100% used [0x00000000f0800000, 0x00000000f0c50000, 0x00000000f0c50000)
  from space 512K,  39% used [0x00000000f0c50000, 0x00000000f0c830a0, 0x00000000f0cd0000)
  to   space 512K,   0% used [0x00000000f0cd0000, 0x00000000f0cd0000, 0x00000000f0d50000)
 concurrent mark-sweep generation total 10944K, used 4043K [0x00000000f5a00000, 0x00000000f64b0000, 0x0000000100000000)
 Metaspace       used 10141K, capacity 10428K, committed 10496K, reserved 1058816K
  class space    used 1169K, capacity 1280K, committed 1280K, reserved 1048576K
2019-10-16T14:16:42.710+0000: 2.562: [GC (Allocation Failure) 2019-10-16T14:16:42.710+0000: 2.562: [ParNew
Desired survivor size 262144 bytes, new threshold 6 (max 6)
- age   1:      40712 bytes,      40712 total
- age   2:      22624 bytes,      63336 total
- age   3:      12584 bytes,      75920 total
- age   4:      23904 bytes,      99824 total
- age   5:      20160 bytes,     119984 total
- age   6:      15640 bytes,     135624 total
: 4620K->155K(4928K), 0.0019499 secs] 8664K->4272K(15872K), 0.0020124 secs] [Times: user=0.00 sys=0.00, real=0.00 secs] 
Heap after GC invocations=59 (full 0):
 par new generation   total 4928K, used 155K [0x00000000f0800000, 0x00000000f0d50000, 0x00000000f5a00000)
  eden space 4416K,   0% used [0x00000000f0800000, 0x00000000f0800000, 0x00000000f0c50000)
  from space 512K,  30% used [0x00000000f0cd0000, 0x00000000f0cf6db0, 0x00000000f0d50000)
  to   space 512K,   0% used [0x00000000f0c50000, 0x00000000f0c50000, 0x00000000f0cd0000)
 concurrent mark-sweep generation total 10944K, used 4117K [0x00000000f5a00000, 0x00000000f64b0000, 0x0000000100000000)
 Metaspace       used 10141K, capacity 10428K, committed 10496K, reserved 1058816K
  class space    used 1169K, capacity 1280K, committed 1280K, reserved 1048576K
}
2019-10-16T14:16:42.712+0000: 2.564: Total time for which application threads were stopped: 0.0021345 seconds, Stopping threads took: 0.0000255 seconds
{Heap before GC invocations=59 (full 0):
 par new generation   total 4928K, used 4571K [0x00000000f0800000, 0x00000000f0d50000, 0x00000000f5a00000)
  eden space 4416K, 100% used [0x00000000f0800000, 0x00000000f0c50000, 0x00000000f0c50000)
  from space 512K,  30% used [0x00000000f0cd0000, 0x00000000f0cf6db0, 0x00000000f0d50000)
  to   space 512K,   0% used [0x00000000f0c50000, 0x00000000f0c50000, 0x00000000f0cd0000)
 concurrent mark-sweep generation total 10944K, used 4117K [0x00000000f5a00000, 0x00000000f64b0000, 0x0000000100000000)
 Metaspace       used 10433K, capacity 10718K, committed 10880K, reserved 1058816K
  class space    used 1204K, capacity 1313K, committed 1408K, reserved 1048576K
2019-10-16T14:16:42.765+0000: 2.617: [GC (Allocation Failure) 2019-10-16T14:16:42.765+0000: 2.617: [ParNew
Desired survivor size 262144 bytes, new threshold 6 (max 6)
- age   1:      67264 bytes,      67264 total
- age   2:      36216 bytes,     103480 total
- age   3:      22536 bytes,     126016 total
- age   4:      12584 bytes,     138600 total
- age   5:      23056 bytes,     161656 total
- age   6:      19504 bytes,     181160 total
: 4571K->274K(4928K), 0.0016680 secs] 8688K->4407K(15872K), 0.0017284 secs] [Times: user=0.01 sys=0.00, real=0.00 secs] 
Heap after GC invocations=60 (full 0):
 par new generation   total 4928K, used 274K [0x00000000f0800000, 0x00000000f0d50000, 0x00000000f5a00000)
  eden space 4416K,   0% used [0x00000000f0800000, 0x00000000f0800000, 0x00000000f0c50000)
  from space 512K,  53% used [0x00000000f0c50000, 0x00000000f0c94928, 0x00000000f0cd0000)
  to   space 512K,   0% used [0x00000000f0cd0000, 0x00000000f0cd0000, 0x00000000f0d50000)
 concurrent mark-sweep generation total 10944K, used 4133K [0x00000000f5a00000, 0x00000000f64b0000, 0x0000000100000000)
 Metaspace       used 10433K, capacity 10718K, committed 10880K, reserved 1058816K
  class space    used 1204K, capacity 1313K, committed 1408K, reserved 1048576K
}
2019-10-16T14:16:42.767+0000: 2.619: Total time for which application threads were stopped: 0.0045687 seconds, Stopping threads took: 0.0027385 seconds
{Heap before GC invocations=60 (full 0):
 par new generation   total 4928K, used 4690K [0x00000000f0800000, 0x00000000f0d50000, 0x00000000f5a00000)
  eden space 4416K, 100% used [0x00000000f0800000, 0x00000000f0c50000, 0x00000000f0c50000)
  from space 512K,  53% used [0x00000000f0c50000, 0x00000000f0c94928, 0x00000000f0cd0000)
  to   space 512K,   0% used [0x00000000f0cd0000, 0x00000000f0cd0000, 0x00000000f0d50000)
 concurrent mark-sweep generation total 10944K, used 4133K [0x00000000f5a00000, 0x00000000f64b0000, 0x0000000100000000)
 Metaspace       used 10457K, capacity 10718K, committed 10880K, reserved 1058816K
  class space    used 1208K, capacity 1313K, committed 1408K, reserved 1048576K
2019-10-16T14:16:42.786+0000: 2.638: [GC (Allocation Failure) 2019-10-16T14:16:42.786+0000: 2.638: [ParNew
Desired survivor size 262144 bytes, new threshold 6 (max 6)
- age   1:      40504 bytes,      40504 total
- age   2:      64040 bytes,     104544 total
- age   3:      36216 bytes,     140760 total
- age   4:      22536 bytes,     163296 total
- age   5:      12584 bytes,     175880 total
- age   6:      22064 bytes,     197944 total
: 4690K->333K(4928K), 0.0016789 secs] 8823K->4485K(15872K), 0.0017286 secs] [Times: user=0.01 sys=0.00, real=0.00 secs] 
Heap after GC invocations=61 (full 0):
 par new generation   total 4928K, used 333K [0x00000000f0800000, 0x00000000f0d50000, 0x00000000f5a00000)
  eden space 4416K,   0% used [0x00000000f0800000, 0x00000000f0800000, 0x00000000f0c50000)
  from space 512K,  65% used [0x00000000f0cd0000, 0x00000000f0d23490, 0x00000000f0d50000)
  to   space 512K,   0% used [0x00000000f0c50000, 0x00000000f0c50000, 0x00000000f0cd0000)
 concurrent mark-sweep generation total 10944K, used 4152K [0x00000000f5a00000, 0x00000000f64b0000, 0x0000000100000000)
 Metaspace       used 10457K, capacity 10718K, committed 10880K, reserved 1058816K
  class space    used 1208K, capacity 1313K, committed 1408K, reserved 1048576K
}
2019-10-16T14:16:42.787+0000: 2.639: Total time for which application threads were stopped: 0.0043812 seconds, Stopping threads took: 0.0025586 seconds
{Heap before GC invocations=61 (full 0):
 par new generation   total 4928K, used 4749K [0x00000000f0800000, 0x00000000f0d50000, 0x00000000f5a00000)
  eden space 4416K, 100% used [0x00000000f0800000, 0x00000000f0c50000, 0x00000000f0c50000)
  from space 512K,  65% used [0x00000000f0cd0000, 0x00000000f0d23490, 0x00000000f0d50000)
  to   space 512K,   0% used [0x00000000f0c50000, 0x00000000f0c50000, 0x00000000f0cd0000)
 concurrent mark-sweep generation total 10944K, used 4152K [0x00000000f5a00000, 0x00000000f64b0000, 0x0000000100000000)
 Metaspace       used 10478K, capacity 10782K, committed 11136K, reserved 1058816K
  class space    used 1214K, capacity 1313K, committed 1408K, reserved 1048576K
2019-10-16T14:16:42.804+0000: 2.656: [GC (Allocation Failure) 2019-10-16T14:16:42.804+0000: 2.656: [ParNew
Desired survivor size 262144 bytes, new threshold 6 (max 6)
- age   1:      16464 bytes,      16464 total
- age   2:      23608 bytes,      40072 total
- age   3:      53488 bytes,      93560 total
- age   4:      36216 bytes,     129776 total
- age   5:      22536 bytes,     152312 total
- age   6:      12584 bytes,     164896 total
: 4749K->227K(4928K), 0.0013614 secs] 8901K->4403K(15872K), 0.0014172 secs] [Times: user=0.00 sys=0.00, real=0.00 secs] 
Heap after GC invocations=62 (full 0):
 par new generation   total 4928K, used 227K [0x00000000f0800000, 0x00000000f0d50000, 0x00000000f5a00000)
  eden space 4416K,   0% used [0x00000000f0800000, 0x00000000f0800000, 0x00000000f0c50000)
  from space 512K,  44% used [0x00000000f0c50000, 0x00000000f0c88ff0, 0x00000000f0cd0000)
  to   space 512K,   0% used [0x00000000f0cd0000, 0x00000000f0cd0000, 0x00000000f0d50000)
 concurrent mark-sweep generation total 10944K, used 4175K [0x00000000f5a00000, 0x00000000f64b0000, 0x0000000100000000)
 Metaspace       used 10478K, capacity 10782K, committed 11136K, reserved 1058816K
  class space    used 1214K, capacity 1313K, committed 1408K, reserved 1048576K
}
2019-10-16T14:16:42.805+0000: 2.657: Total time for which application threads were stopped: 0.0015310 seconds, Stopping threads took: 0.0000233 seconds
{Heap before GC invocations=62 (full 0):
 par new generation   total 4928K, used 4643K [0x00000000f0800000, 0x00000000f0d50000, 0x00000000f5a00000)
  eden space 4416K, 100% used [0x00000000f0800000, 0x00000000f0c50000, 0x00000000f0c50000)
  from space 512K,  44% used [0x00000000f0c50000, 0x00000000f0c88ff0, 0x00000000f0cd0000)
  to   space 512K,   0% used [0x00000000f0cd0000, 0x00000000f0cd0000, 0x00000000f0d50000)
 concurrent mark-sweep generation total 10944K, used 4175K [0x00000000f5a00000, 0x00000000f64b0000, 0x0000000100000000)
 Metaspace       used 10528K, capacity 10782K, committed 11136K, reserved 1058816K
  class space    used 1222K, capacity 1313K, committed 1408K, reserved 1048576K
2019-10-16T14:16:42.826+0000: 2.678: [GC (Allocation Failure) 2019-10-16T14:16:42.826+0000: 2.679: [ParNew
Desired survivor size 262144 bytes, new threshold 6 (max 6)
- age   1:      18288 bytes,      18288 total
- age   2:       8496 bytes,      26784 total
- age   3:      23432 bytes,      50216 total
- age   4:      53488 bytes,     103704 total
- age   5:      36216 bytes,     139920 total
- age   6:      22536 bytes,     162456 total
: 4643K->298K(4928K), 0.0015165 secs] 8819K->4485K(15872K), 0.0015961 secs] [Times: user=0.01 sys=0.00, real=0.00 secs] 
Heap after GC invocations=63 (full 0):
 par new generation   total 4928K, used 298K [0x00000000f0800000, 0x00000000f0d50000, 0x00000000f5a00000)
  eden space 4416K,   0% used [0x00000000f0800000, 0x00000000f0800000, 0x00000000f0c50000)
  from space 512K,  58% used [0x00000000f0cd0000, 0x00000000f0d1a890, 0x00000000f0d50000)
  to   space 512K,   0% used [0x00000000f0c50000, 0x00000000f0c50000, 0x00000000f0cd0000)
 concurrent mark-sweep generation total 10944K, used 4187K [0x00000000f5a00000, 0x00000000f64b0000, 0x0000000100000000)
 Metaspace       used 10528K, capacity 10782K, committed 11136K, reserved 1058816K
  class space    used 1222K, capacity 1313K, committed 1408K, reserved 1048576K
}
2019-10-16T14:16:42.828+0000: 2.680: Total time for which application threads were stopped: 0.0017276 seconds, Stopping threads took: 0.0000359 seconds
{Heap before GC invocations=63 (full 0):
 par new generation   total 4928K, used 4714K [0x00000000f0800000, 0x00000000f0d50000, 0x00000000f5a00000)
  eden space 4416K, 100% used [0x00000000f0800000, 0x00000000f0c50000, 0x00000000f0c50000)
  from space 512K,  58% used [0x00000000f0cd0000, 0x00000000f0d1a890, 0x00000000f0d50000)
  to   space 512K,   0% used [0x00000000f0c50000, 0x00000000f0c50000, 0x00000000f0cd0000)
 concurrent mark-sweep generation total 10944K, used 4187K [0x00000000f5a00000, 0x00000000f64b0000, 0x0000000100000000)
 Metaspace       used 10589K, capacity 10878K, committed 11136K, reserved 1058816K
  class space    used 1229K, capacity 1345K, committed 1408K, reserved 1048576K
2019-10-16T14:16:42.850+0000: 2.702: [GC (Allocation Failure) 2019-10-16T14:16:42.850+0000: 2.702: [ParNew
Desired survivor size 262144 bytes, new threshold 6 (max 6)
- age   1:      19264 bytes,      19264 total
- age   2:      12648 bytes,      31912 total
- age   3:       8480 bytes,      40392 total
- age   4:      23416 bytes,      63808 total
- age   5:      53304 bytes,     117112 total
- age   6:      36216 bytes,     153328 total
: 4714K->193K(4928K), 0.0014649 secs] 8901K->4401K(15872K), 0.0015050 secs] [Times: user=0.00 sys=0.00, real=0.00 secs] 
Heap after GC invocations=64 (full 0):
 par new generation   total 4928K, used 193K [0x00000000f0800000, 0x00000000f0d50000, 0x00000000f5a00000)
  eden space 4416K,   0% used [0x00000000f0800000, 0x00000000f0800000, 0x00000000f0c50000)
  from space 512K,  37% used [0x00000000f0c50000, 0x00000000f0c805c8, 0x00000000f0cd0000)
  to   space 512K,   0% used [0x00000000f0cd0000, 0x00000000f0cd0000, 0x00000000f0d50000)
 concurrent mark-sweep generation total 10944K, used 4208K [0x00000000f5a00000, 0x00000000f64b0000, 0x0000000100000000)
 Metaspace       used 10589K, capacity 10878K, committed 11136K, reserved 1058816K
  class space    used 1229K, capacity 1345K, committed 1408K, reserved 1048576K
}
2019-10-16T14:16:42.852+0000: 2.704: Total time for which application threads were stopped: 0.0016104 seconds, Stopping threads took: 0.0000227 seconds
{Heap before GC invocations=64 (full 0):
 par new generation   total 4928K, used 4609K [0x00000000f0800000, 0x00000000f0d50000, 0x00000000f5a00000)
  eden space 4416K, 100% used [0x00000000f0800000, 0x00000000f0c50000, 0x00000000f0c50000)
  from space 512K,  37% used [0x00000000f0c50000, 0x00000000f0c805c8, 0x00000000f0cd0000)
  to   space 512K,   0% used [0x00000000f0cd0000, 0x00000000f0cd0000, 0x00000000f0d50000)
 concurrent mark-sweep generation total 10944K, used 4208K [0x00000000f5a00000, 0x00000000f64b0000, 0x0000000100000000)
 Metaspace       used 10759K, capacity 11012K, committed 11136K, reserved 1058816K
  class space    used 1250K, capacity 1346K, committed 1408K, reserved 1048576K
2019-10-16T14:16:42.871+0000: 2.723: [GC (Allocation Failure) 2019-10-16T14:16:42.871+0000: 2.723: [ParNew
Desired survivor size 262144 bytes, new threshold 6 (max 6)
- age   1:      29752 bytes,      29752 total
- age   2:      15464 bytes,      45216 total
- age   3:      12632 bytes,      57848 total
- age   4:       8480 bytes,      66328 total
- age   5:      22128 bytes,      88456 total
- age   6:      53304 bytes,     141760 total
: 4609K->271K(4928K), 0.0016030 secs] 8817K->4516K(15872K), 0.0016561 secs] [Times: user=0.00 sys=0.00, real=0.00 secs] 
Heap after GC invocations=65 (full 0):
 par new generation   total 4928K, used 271K [0x00000000f0800000, 0x00000000f0d50000, 0x00000000f5a00000)
  eden space 4416K,   0% used [0x00000000f0800000, 0x00000000f0800000, 0x00000000f0c50000)
  from space 512K,  53% used [0x00000000f0cd0000, 0x00000000f0d13e70, 0x00000000f0d50000)
  to   space 512K,   0% used [0x00000000f0c50000, 0x00000000f0c50000, 0x00000000f0cd0000)
 concurrent mark-sweep generation total 10944K, used 4245K [0x00000000f5a00000, 0x00000000f64b0000, 0x0000000100000000)
 Metaspace       used 10759K, capacity 11012K, committed 11136K, reserved 1058816K
  class space    used 1250K, capacity 1346K, committed 1408K, reserved 1048576K
}
2019-10-16T14:16:42.873+0000: 2.725: Total time for which application threads were stopped: 0.0017665 seconds, Stopping threads took: 0.0000224 seconds
{Heap before GC invocations=65 (full 0):
 par new generation   total 4928K, used 4687K [0x00000000f0800000, 0x00000000f0d50000, 0x00000000f5a00000)
  eden space 4416K, 100% used [0x00000000f0800000, 0x00000000f0c50000, 0x00000000f0c50000)
  from space 512K,  53% used [0x00000000f0cd0000, 0x00000000f0d13e70, 0x00000000f0d50000)
  to   space 512K,   0% used [0x00000000f0c50000, 0x00000000f0c50000, 0x00000000f0cd0000)
 concurrent mark-sweep generation total 10944K, used 4245K [0x00000000f5a00000, 0x00000000f64b0000, 0x0000000100000000)
 Metaspace       used 10781K, capacity 11076K, committed 11392K, reserved 1058816K
  class space    used 1254K, capacity 1346K, committed 1408K, reserved 1048576K
2019-10-16T14:16:42.891+0000: 2.743: [GC (Allocation Failure) 2019-10-16T14:16:42.891+0000: 2.743: [ParNew
Desired survivor size 262144 bytes, new threshold 6 (max 6)
- age   1:      16632 bytes,      16632 total
- age   2:      24128 bytes,      40760 total
- age   3:      15464 bytes,      56224 total
- age   4:      12632 bytes,      68856 total
- age   5:       5832 bytes,      74688 total
- age   6:      21256 bytes,      95944 total
: 4687K->171K(4928K), 0.0014461 secs] 8932K->4469K(15872K), 0.0014868 secs] [Times: user=0.00 sys=0.00, real=0.00 secs] 
Heap after GC invocations=66 (full 0):
 par new generation   total 4928K, used 171K [0x00000000f0800000, 0x00000000f0d50000, 0x00000000f5a00000)
  eden space 4416K,   0% used [0x00000000f0800000, 0x00000000f0800000, 0x00000000f0c50000)
  from space 512K,  33% used [0x00000000f0c50000, 0x00000000f0c7ae90, 0x00000000f0cd0000)
  to   space 512K,   0% used [0x00000000f0cd0000, 0x00000000f0cd0000, 0x00000000f0d50000)
 concurrent mark-sweep generation total 10944K, used 4298K [0x00000000f5a00000, 0x00000000f64b0000, 0x0000000100000000)
 Metaspace       used 10781K, capacity 11076K, committed 11392K, reserved 1058816K
  class space    used 1254K, capacity 1346K, committed 1408K, reserved 1048576K
}
2019-10-16T14:16:42.893+0000: 2.745: Total time for which application threads were stopped: 0.0016246 seconds, Stopping threads took: 0.0000230 seconds
{Heap before GC invocations=66 (full 0):
 par new generation   total 4928K, used 4587K [0x00000000f0800000, 0x00000000f0d50000, 0x00000000f5a00000)
  eden space 4416K, 100% used [0x00000000f0800000, 0x00000000f0c50000, 0x00000000f0c50000)
  from space 512K,  33% used [0x00000000f0c50000, 0x00000000f0c7ae90, 0x00000000f0cd0000)
  to   space 512K,   0% used [0x00000000f0cd0000, 0x00000000f0cd0000, 0x00000000f0d50000)
 concurrent mark-sweep generation total 10944K, used 4298K [0x00000000f5a00000, 0x00000000f64b0000, 0x0000000100000000)
 Metaspace       used 10808K, capacity 11076K, committed 11392K, reserved 1058816K
  class space    used 1261K, capacity 1346K, committed 1408K, reserved 1048576K
2019-10-16T14:16:42.912+0000: 2.765: [GC (Allocation Failure) 2019-10-16T14:16:42.913+0000: 2.765: [ParNew
Desired survivor size 262144 bytes, new threshold 6 (max 6)
- age   1:      28856 bytes,      28856 total
- age   2:      14032 bytes,      42888 total
- age   3:      24128 bytes,      67016 total
- age   4:      15000 bytes,      82016 total
- age   5:       9936 bytes,      91952 total
- age   6:       5832 bytes,      97784 total
: 4587K->113K(4928K), 0.0011802 secs] 8885K->4432K(15872K), 0.0012276 secs] [Times: user=0.00 sys=0.00, real=0.00 secs] 
Heap after GC invocations=67 (full 0):
 par new generation   total 4928K, used 113K [0x00000000f0800000, 0x00000000f0d50000, 0x00000000f5a00000)
  eden space 4416K,   0% used [0x00000000f0800000, 0x00000000f0800000, 0x00000000f0c50000)
  from space 512K,  22% used [0x00000000f0cd0000, 0x00000000f0cec4c0, 0x00000000f0d50000)
  to   space 512K,   0% used [0x00000000f0c50000, 0x00000000f0c50000, 0x00000000f0cd0000)
 concurrent mark-sweep generation total 10944K, used 4319K [0x00000000f5a00000, 0x00000000f64b0000, 0x0000000100000000)
 Metaspace       used 10808K, capacity 11076K, committed 11392K, reserved 1058816K
  class space    used 1261K, capacity 1346K, committed 1408K, reserved 1048576K
}
2019-10-16T14:16:42.914+0000: 2.766: Total time for which application threads were stopped: 0.0013740 seconds, Stopping threads took: 0.0000214 seconds
{Heap before GC invocations=67 (full 0):
 par new generation   total 4928K, used 4529K [0x00000000f0800000, 0x00000000f0d50000, 0x00000000f5a00000)
  eden space 4416K, 100% used [0x00000000f0800000, 0x00000000f0c50000, 0x00000000f0c50000)
  from space 512K,  22% used [0x00000000f0cd0000, 0x00000000f0cec4c0, 0x00000000f0d50000)
  to   space 512K,   0% used [0x00000000f0c50000, 0x00000000f0c50000, 0x00000000f0cd0000)
 concurrent mark-sweep generation total 10944K, used 4319K [0x00000000f5a00000, 0x00000000f64b0000, 0x0000000100000000)
 Metaspace       used 10832K, capacity 11076K, committed 11392K, reserved 1058816K
  class space    used 1265K, capacity 1346K, committed 1408K, reserved 1048576K
2019-10-16T14:16:42.934+0000: 2.786: [GC (Allocation Failure) 2019-10-16T14:16:42.934+0000: 2.786: [ParNew
Desired survivor size 262144 bytes, new threshold 6 (max 6)
- age   1:      28512 bytes,      28512 total
- age   2:      26032 bytes,      54544 total
- age   3:      14032 bytes,      68576 total
- age   4:      21744 bytes,      90320 total
- age   5:      14088 bytes,     104408 total
- age   6:       9936 bytes,     114344 total
: 4529K->170K(4928K), 0.0014190 secs] 8848K->4495K(15872K), 0.0014617 secs] [Times: user=0.00 sys=0.00, real=0.00 secs] 
Heap after GC invocations=68 (full 0):
 par new generation   total 4928K, used 170K [0x00000000f0800000, 0x00000000f0d50000, 0x00000000f5a00000)
  eden space 4416K,   0% used [0x00000000f0800000, 0x00000000f0800000, 0x00000000f0c50000)
  from space 512K,  33% used [0x00000000f0c50000, 0x00000000f0c7aad0, 0x00000000f0cd0000)
  to   space 512K,   0% used [0x00000000f0cd0000, 0x00000000f0cd0000, 0x00000000f0d50000)
 concurrent mark-sweep generation total 10944K, used 4325K [0x00000000f5a00000, 0x00000000f64b0000, 0x0000000100000000)
 Metaspace       used 10832K, capacity 11076K, committed 11392K, reserved 1058816K
  class space    used 1265K, capacity 1346K, committed 1408K, reserved 1048576K
}
2019-10-16T14:16:42.936+0000: 2.788: Total time for which application threads were stopped: 0.0035687 seconds, Stopping threads took: 0.0020261 seconds
{Heap before GC invocations=68 (full 0):
 par new generation   total 4928K, used 4586K [0x00000000f0800000, 0x00000000f0d50000, 0x00000000f5a00000)
  eden space 4416K, 100% used [0x00000000f0800000, 0x00000000f0c50000, 0x00000000f0c50000)
  from space 512K,  33% used [0x00000000f0c50000, 0x00000000f0c7aad0, 0x00000000f0cd0000)
  to   space 512K,   0% used [0x00000000f0cd0000, 0x00000000f0cd0000, 0x00000000f0d50000)
 concurrent mark-sweep generation total 10944K, used 4325K [0x00000000f5a00000, 0x00000000f64b0000, 0x0000000100000000)
 Metaspace       used 10860K, capacity 11076K, committed 11392K, reserved 1058816K
  class space    used 1270K, capacity 1346K, committed 1408K, reserved 1048576K
2019-10-16T14:16:42.955+0000: 2.807: [GC (Allocation Failure) 2019-10-16T14:16:42.955+0000: 2.807: [ParNew
Desired survivor size 262144 bytes, new threshold 6 (max 6)
- age   1:      24752 bytes,      24752 total
- age   2:      25000 bytes,      49752 total
- age   3:      26032 bytes,      75784 total
- age   4:       9992 bytes,      85776 total
- age   5:      21744 bytes,     107520 total
- age   6:      14088 bytes,     121608 total
: 4586K->209K(4928K), 0.0013708 secs] 8911K->4544K(15872K), 0.0014245 secs] [Times: user=0.00 sys=0.00, real=0.00 secs] 
Heap after GC invocations=69 (full 0):
 par new generation   total 4928K, used 209K [0x00000000f0800000, 0x00000000f0d50000, 0x00000000f5a00000)
  eden space 4416K,   0% used [0x00000000f0800000, 0x00000000f0800000, 0x00000000f0c50000)
  from space 512K,  40% used [0x00000000f0cd0000, 0x00000000f0d04560, 0x00000000f0d50000)
  to   space 512K,   0% used [0x00000000f0c50000, 0x00000000f0c50000, 0x00000000f0cd0000)
 concurrent mark-sweep generation total 10944K, used 4335K [0x00000000f5a00000, 0x00000000f64b0000, 0x0000000100000000)
 Metaspace       used 10860K, capacity 11076K, committed 11392K, reserved 1058816K
  class space    used 1270K, capacity 1346K, committed 1408K, reserved 1048576K
}
2019-10-16T14:16:42.957+0000: 2.809: Total time for which application threads were stopped: 0.0015366 seconds, Stopping threads took: 0.0000237 seconds
{Heap before GC invocations=69 (full 0):
 par new generation   total 4928K, used 4625K [0x00000000f0800000, 0x00000000f0d50000, 0x00000000f5a00000)
  eden space 4416K, 100% used [0x00000000f0800000, 0x00000000f0c50000, 0x00000000f0c50000)
  from space 512K,  40% used [0x00000000f0cd0000, 0x00000000f0d04560, 0x00000000f0d50000)
  to   space 512K,   0% used [0x00000000f0c50000, 0x00000000f0c50000, 0x00000000f0cd0000)
 concurrent mark-sweep generation total 10944K, used 4335K [0x00000000f5a00000, 0x00000000f64b0000, 0x0000000100000000)
 Metaspace       used 10907K, capacity 11140K, committed 11392K, reserved 1058816K
  class space    used 1274K, capacity 1346K, committed 1408K, reserved 1048576K
2019-10-16T14:16:42.969+0000: 2.821: [GC (Allocation Failure) 2019-10-16T14:16:42.969+0000: 2.821: [ParNew
Desired survivor size 262144 bytes, new threshold 6 (max 6)
- age   1:      16680 bytes,      16680 total
- age   2:      21928 bytes,      38608 total
- age   3:      25000 bytes,      63608 total
- age   4:      22192 bytes,      85800 total
- age   5:       9992 bytes,      95792 total
- age   6:      21744 bytes,     117536 total
: 4625K->141K(4928K), 0.0012524 secs] 8960K->4490K(15872K), 0.0012923 secs] [Times: user=0.00 sys=0.00, real=0.00 secs] 
Heap after GC invocations=70 (full 0):
 par new generation   total 4928K, used 141K [0x00000000f0800000, 0x00000000f0d50000, 0x00000000f5a00000)
  eden space 4416K,   0% used [0x00000000f0800000, 0x00000000f0800000, 0x00000000f0c50000)
  from space 512K,  27% used [0x00000000f0c50000, 0x00000000f0c735a0, 0x00000000f0cd0000)
  to   space 512K,   0% used [0x00000000f0cd0000, 0x00000000f0cd0000, 0x00000000f0d50000)
 concurrent mark-sweep generation total 10944K, used 4349K [0x00000000f5a00000, 0x00000000f64b0000, 0x0000000100000000)
 Metaspace       used 10907K, capacity 11140K, committed 11392K, reserved 1058816K
  class space    used 1274K, capacity 1346K, committed 1408K, reserved 1048576K
}
2019-10-16T14:16:42.970+0000: 2.822: Total time for which application threads were stopped: 0.0013946 seconds, Stopping threads took: 0.0000252 seconds
{Heap before GC invocations=70 (full 0):
 par new generation   total 4928K, used 4557K [0x00000000f0800000, 0x00000000f0d50000, 0x00000000f5a00000)
  eden space 4416K, 100% used [0x00000000f0800000, 0x00000000f0c50000, 0x00000000f0c50000)
  from space 512K,  27% used [0x00000000f0c50000, 0x00000000f0c735a0, 0x00000000f0cd0000)
  to   space 512K,   0% used [0x00000000f0cd0000, 0x00000000f0cd0000, 0x00000000f0d50000)
 concurrent mark-sweep generation total 10944K, used 4349K [0x00000000f5a00000, 0x00000000f64b0000, 0x0000000100000000)
 Metaspace       used 10962K, capacity 11300K, committed 11392K, reserved 1058816K
  class space    used 1280K, capacity 1378K, committed 1408K, reserved 1048576K
2019-10-16T14:16:42.991+0000: 2.843: [GC (Allocation Failure) 2019-10-16T14:16:42.991+0000: 2.843: [ParNew
Desired survivor size 262144 bytes, new threshold 6 (max 6)
- age   1:      32368 bytes,      32368 total
- age   2:      14072 bytes,      46440 total
- age   3:      21928 bytes,      68368 total
- age   4:      21184 bytes,      89552 total
- age   5:      22192 bytes,     111744 total
- age   6:       9448 bytes,     121192 total
: 4557K->206K(4928K), 0.0014350 secs] 8906K->4578K(15872K), 0.0014965 secs] [Times: user=0.01 sys=0.00, real=0.00 secs] 
Heap after GC invocations=71 (full 0):
 par new generation   total 4928K, used 206K [0x00000000f0800000, 0x00000000f0d50000, 0x00000000f5a00000)
  eden space 4416K,   0% used [0x00000000f0800000, 0x00000000f0800000, 0x00000000f0c50000)
  from space 512K,  40% used [0x00000000f0cd0000, 0x00000000f0d03b60, 0x00000000f0d50000)
  to   space 512K,   0% used [0x00000000f0c50000, 0x00000000f0c50000, 0x00000000f0cd0000)
 concurrent mark-sweep generation total 10944K, used 4371K [0x00000000f5a00000, 0x00000000f64b0000, 0x0000000100000000)
 Metaspace       used 10962K, capacity 11300K, committed 11392K, reserved 1058816K
  class space    used 1280K, capacity 1378K, committed 1408K, reserved 1048576K
}
2019-10-16T14:16:42.992+0000: 2.844: Total time for which application threads were stopped: 0.0016094 seconds, Stopping threads took: 0.0000199 seconds
{Heap before GC invocations=71 (full 0):
 par new generation   total 4928K, used 4622K [0x00000000f0800000, 0x00000000f0d50000, 0x00000000f5a00000)
  eden space 4416K, 100% used [0x00000000f0800000, 0x00000000f0c50000, 0x00000000f0c50000)
  from space 512K,  40% used [0x00000000f0cd0000, 0x00000000f0d03b60, 0x00000000f0d50000)
  to   space 512K,   0% used [0x00000000f0c50000, 0x00000000f0c50000, 0x00000000f0cd0000)
 concurrent mark-sweep generation total 10944K, used 4371K [0x00000000f5a00000, 0x00000000f64b0000, 0x0000000100000000)
 Metaspace       used 11093K, capacity 11306K, committed 11392K, reserved 1058816K
  class space    used 1293K, capacity 1379K, committed 1408K, reserved 1048576K
2019-10-16T14:16:43.019+0000: 2.871: [GC (Allocation Failure) 2019-10-16T14:16:43.019+0000: 2.871: [ParNew
Desired survivor size 262144 bytes, new threshold 6 (max 6)
- age   1:      55912 bytes,      55912 total
- age   2:      24304 bytes,      80216 total
- age   3:      14072 bytes,      94288 total
- age   4:      20976 bytes,     115264 total
- age   5:      21184 bytes,     136448 total
- age   6:      22192 bytes,     158640 total
: 4622K->211K(4928K), 0.0014988 secs] 8994K->4592K(15872K), 0.0015434 secs] [Times: user=0.01 sys=0.00, real=0.00 secs] 
Heap after GC invocations=72 (full 0):
 par new generation   total 4928K, used 211K [0x00000000f0800000, 0x00000000f0d50000, 0x00000000f5a00000)
  eden space 4416K,   0% used [0x00000000f0800000, 0x00000000f0800000, 0x00000000f0c50000)
  from space 512K,  41% used [0x00000000f0c50000, 0x00000000f0c84de8, 0x00000000f0cd0000)
  to   space 512K,   0% used [0x00000000f0cd0000, 0x00000000f0cd0000, 0x00000000f0d50000)
 concurrent mark-sweep generation total 10944K, used 4381K [0x00000000f5a00000, 0x00000000f64b0000, 0x0000000100000000)
 Metaspace       used 11093K, capacity 11306K, committed 11392K, reserved 1058816K
  class space    used 1293K, capacity 1379K, committed 1408K, reserved 1048576K
}
2019-10-16T14:16:43.020+0000: 2.872: Total time for which application threads were stopped: 0.0016503 seconds, Stopping threads took: 0.0000214 seconds
{Heap before GC invocations=72 (full 0):
 par new generation   total 4928K, used 4627K [0x00000000f0800000, 0x00000000f0d50000, 0x00000000f5a00000)
  eden space 4416K, 100% used [0x00000000f0800000, 0x00000000f0c50000, 0x00000000f0c50000)
  from space 512K,  41% used [0x00000000f0c50000, 0x00000000f0c84de8, 0x00000000f0cd0000)
  to   space 512K,   0% used [0x00000000f0cd0000, 0x00000000f0cd0000, 0x00000000f0d50000)
 concurrent mark-sweep generation total 10944K, used 4381K [0x00000000f5a00000, 0x00000000f64b0000, 0x0000000100000000)
 Metaspace       used 11193K, capacity 11434K, committed 11648K, reserved 1058816K
  class space    used 1304K, capacity 1379K, committed 1408K, reserved 1048576K
2019-10-16T14:16:43.053+0000: 2.905: [GC (Allocation Failure) 2019-10-16T14:16:43.053+0000: 2.905: [ParNew
Desired survivor size 262144 bytes, new threshold 6 (max 6)
- age   1:      69776 bytes,      69776 total
- age   2:      43096 bytes,     112872 total
- age   3:      22888 bytes,     135760 total
- age   4:      14072 bytes,     149832 total
- age   5:      20976 bytes,     170808 total
- age   6:      21184 bytes,     191992 total
: 4627K->266K(4928K), 0.0016959 secs] 9008K->4669K(15872K), 0.0017555 secs] [Times: user=0.00 sys=0.00, real=0.00 secs] 
Heap after GC invocations=73 (full 0):
 par new generation   total 4928K, used 266K [0x00000000f0800000, 0x00000000f0d50000, 0x00000000f5a00000)
  eden space 4416K,   0% used [0x00000000f0800000, 0x00000000f0800000, 0x00000000f0c50000)
  from space 512K,  51% used [0x00000000f0cd0000, 0x00000000f0d12800, 0x00000000f0d50000)
  to   space 512K,   0% used [0x00000000f0c50000, 0x00000000f0c50000, 0x00000000f0cd0000)
 concurrent mark-sweep generation total 10944K, used 4403K [0x00000000f5a00000, 0x00000000f64b0000, 0x0000000100000000)
 Metaspace       used 11193K, capacity 11434K, committed 11648K, reserved 1058816K
  class space    used 1304K, capacity 1379K, committed 1408K, reserved 1048576K
}
2019-10-16T14:16:43.055+0000: 2.907: Total time for which application threads were stopped: 0.0018802 seconds, Stopping threads took: 0.0000234 seconds
{Heap before GC invocations=73 (full 0):
 par new generation   total 4928K, used 4682K [0x00000000f0800000, 0x00000000f0d50000, 0x00000000f5a00000)
  eden space 4416K, 100% used [0x00000000f0800000, 0x00000000f0c50000, 0x00000000f0c50000)
  from space 512K,  51% used [0x00000000f0cd0000, 0x00000000f0d12800, 0x00000000f0d50000)
  to   space 512K,   0% used [0x00000000f0c50000, 0x00000000f0c50000, 0x00000000f0cd0000)
 concurrent mark-sweep generation total 10944K, used 4403K [0x00000000f5a00000, 0x00000000f64b0000, 0x0000000100000000)
 Metaspace       used 11546K, capacity 11826K, committed 12032K, reserved 1060864K
  class space    used 1343K, capacity 1447K, committed 1536K, reserved 1048576K
2019-10-16T14:16:43.099+0000: 2.951: [GC (Allocation Failure) 2019-10-16T14:16:43.099+0000: 2.951: [ParNew
Desired survivor size 262144 bytes, new threshold 6 (max 6)
- age   1:     109864 bytes,     109864 total
- age   2:      53544 bytes,     163408 total
- age   3:      40416 bytes,     203824 total
- age   4:      21832 bytes,     225656 total
- age   5:      14072 bytes,     239728 total
- age   6:      20976 bytes,     260704 total
: 4682K->345K(4928K), 0.0018657 secs] 9085K->4771K(15872K), 0.0019156 secs] [Times: user=0.00 sys=0.00, real=0.00 secs] 
Heap after GC invocations=74 (full 0):
 par new generation   total 4928K, used 345K [0x00000000f0800000, 0x00000000f0d50000, 0x00000000f5a00000)
  eden space 4416K,   0% used [0x00000000f0800000, 0x00000000f0800000, 0x00000000f0c50000)
  from space 512K,  67% used [0x00000000f0c50000, 0x00000000f0ca6600, 0x00000000f0cd0000)
  to   space 512K,   0% used [0x00000000f0cd0000, 0x00000000f0cd0000, 0x00000000f0d50000)
 concurrent mark-sweep generation total 10944K, used 4425K [0x00000000f5a00000, 0x00000000f64b0000, 0x0000000100000000)
 Metaspace       used 11546K, capacity 11826K, committed 12032K, reserved 1060864K
  class space    used 1343K, capacity 1447K, committed 1536K, reserved 1048576K
}
2019-10-16T14:16:43.101+0000: 2.953: Total time for which application threads were stopped: 0.0020534 seconds, Stopping threads took: 0.0000315 seconds
{Heap before GC invocations=74 (full 0):
 par new generation   total 4928K, used 4761K [0x00000000f0800000, 0x00000000f0d50000, 0x00000000f5a00000)
  eden space 4416K, 100% used [0x00000000f0800000, 0x00000000f0c50000, 0x00000000f0c50000)
  from space 512K,  67% used [0x00000000f0c50000, 0x00000000f0ca6600, 0x00000000f0cd0000)
  to   space 512K,   0% used [0x00000000f0cd0000, 0x00000000f0cd0000, 0x00000000f0d50000)
 concurrent mark-sweep generation total 10944K, used 4425K [0x00000000f5a00000, 0x00000000f64b0000, 0x0000000100000000)
 Metaspace       used 11690K, capacity 11954K, committed 12288K, reserved 1060864K
  class space    used 1356K, capacity 1447K, committed 1536K, reserved 1048576K
2019-10-16T14:16:43.134+0000: 2.986: [GC (Allocation Failure) 2019-10-16T14:16:43.134+0000: 2.986: [ParNew
Desired survivor size 262144 bytes, new threshold 6 (max 6)
- age   1:      26416 bytes,      26416 total
- age   2:      91696 bytes,     118112 total
- age   3:      51360 bytes,     169472 total
- age   4:      40416 bytes,     209888 total
- age   5:      21832 bytes,     231720 total
- age   6:      14072 bytes,     245792 total
: 4761K->465K(4928K), 0.0018611 secs] 9187K->4912K(15872K), 0.0019176 secs] [Times: user=0.00 sys=0.00, real=0.00 secs] 
Heap after GC invocations=75 (full 0):
 par new generation   total 4928K, used 465K [0x00000000f0800000, 0x00000000f0d50000, 0x00000000f5a00000)
  eden space 4416K,   0% used [0x00000000f0800000, 0x00000000f0800000, 0x00000000f0c50000)
  from space 512K,  90% used [0x00000000f0cd0000, 0x00000000f0d446e0, 0x00000000f0d50000)
  to   space 512K,   0% used [0x00000000f0c50000, 0x00000000f0c50000, 0x00000000f0cd0000)
 concurrent mark-sweep generation total 10944K, used 4446K [0x00000000f5a00000, 0x00000000f64b0000, 0x0000000100000000)
 Metaspace       used 11690K, capacity 11954K, committed 12288K, reserved 1060864K
  class space    used 1356K, capacity 1447K, committed 1536K, reserved 1048576K
}
2019-10-16T14:16:43.136+0000: 2.988: Total time for which application threads were stopped: 0.0077460 seconds, Stopping threads took: 0.0057263 seconds
{Heap before GC invocations=75 (full 0):
 par new generation   total 4928K, used 4881K [0x00000000f0800000, 0x00000000f0d50000, 0x00000000f5a00000)
  eden space 4416K, 100% used [0x00000000f0800000, 0x00000000f0c50000, 0x00000000f0c50000)
  from space 512K,  90% used [0x00000000f0cd0000, 0x00000000f0d446e0, 0x00000000f0d50000)
  to   space 512K,   0% used [0x00000000f0c50000, 0x00000000f0c50000, 0x00000000f0cd0000)
 concurrent mark-sweep generation total 10944K, used 4446K [0x00000000f5a00000, 0x00000000f64b0000, 0x0000000100000000)
 Metaspace       used 11764K, capacity 12018K, committed 12288K, reserved 1060864K
  class space    used 1366K, capacity 1447K, committed 1536K, reserved 1048576K
2019-10-16T14:16:43.158+0000: 3.011: [GC (Allocation Failure) 2019-10-16T14:16:43.159+0000: 3.011: [ParNew
Desired survivor size 262144 bytes, new threshold 6 (max 6)
- age   1:      41768 bytes,      41768 total
- age   2:      21928 bytes,      63696 total
- age   3:      87416 bytes,     151112 total
- age   4:      50864 bytes,     201976 total
- age   5:      40416 bytes,     242392 total
- age   6:      21832 bytes,     264224 total
: 4881K->296K(4928K), 0.0017435 secs] 9328K->4757K(15872K), 0.0017862 secs] [Times: user=0.00 sys=0.00, real=0.00 secs] 
Heap after GC invocations=76 (full 0):
 par new generation   total 4928K, used 296K [0x00000000f0800000, 0x00000000f0d50000, 0x00000000f5a00000)
  eden space 4416K,   0% used [0x00000000f0800000, 0x00000000f0800000, 0x00000000f0c50000)
  from space 512K,  57% used [0x00000000f0c50000, 0x00000000f0c9a260, 0x00000000f0cd0000)
  to   space 512K,   0% used [0x00000000f0cd0000, 0x00000000f0cd0000, 0x00000000f0d50000)
 concurrent mark-sweep generation total 10944K, used 4461K [0x00000000f5a00000, 0x00000000f64b0000, 0x0000000100000000)
 Metaspace       used 11764K, capacity 12018K, committed 12288K, reserved 1060864K
  class space    used 1366K, capacity 1447K, committed 1536K, reserved 1048576K
}
2019-10-16T14:16:43.160+0000: 3.012: Total time for which application threads were stopped: 0.0018933 seconds, Stopping threads took: 0.0000229 seconds
{Heap before GC invocations=76 (full 0):
 par new generation   total 4928K, used 4712K [0x00000000f0800000, 0x00000000f0d50000, 0x00000000f5a00000)
  eden space 4416K, 100% used [0x00000000f0800000, 0x00000000f0c50000, 0x00000000f0c50000)
  from space 512K,  57% used [0x00000000f0c50000, 0x00000000f0c9a260, 0x00000000f0cd0000)
  to   space 512K,   0% used [0x00000000f0cd0000, 0x00000000f0cd0000, 0x00000000f0d50000)
 concurrent mark-sweep generation total 10944K, used 4461K [0x00000000f5a00000, 0x00000000f64b0000, 0x0000000100000000)
 Metaspace       used 11851K, capacity 12114K, committed 12288K, reserved 1060864K
  class space    used 1375K, capacity 1479K, committed 1536K, reserved 1048576K
2019-10-16T14:16:43.186+0000: 3.038: [GC (Allocation Failure) 2019-10-16T14:16:43.186+0000: 3.038: [ParNew
Desired survivor size 262144 bytes, new threshold 6 (max 6)
- age   1:      38000 bytes,      38000 total
- age   2:      37016 bytes,      75016 total
- age   3:      21208 bytes,      96224 total
- age   4:      83288 bytes,     179512 total
- age   5:      50864 bytes,     230376 total
- age   6:      40416 bytes,     270792 total
: 4712K->459K(4928K), 0.0018610 secs] 9173K->4943K(15872K), 0.0019268 secs] [Times: user=0.01 sys=0.00, real=0.00 secs] 
Heap after GC invocations=77 (full 0):
 par new generation   total 4928K, used 459K [0x00000000f0800000, 0x00000000f0d50000, 0x00000000f5a00000)
  eden space 4416K,   0% used [0x00000000f0800000, 0x00000000f0800000, 0x00000000f0c50000)
  from space 512K,  89% used [0x00000000f0cd0000, 0x00000000f0d42eb0, 0x00000000f0d50000)
  to   space 512K,   0% used [0x00000000f0c50000, 0x00000000f0c50000, 0x00000000f0cd0000)
 concurrent mark-sweep generation total 10944K, used 4483K [0x00000000f5a00000, 0x00000000f64b0000, 0x0000000100000000)
 Metaspace       used 11851K, capacity 12114K, committed 12288K, reserved 1060864K
  class space    used 1375K, capacity 1479K, committed 1536K, reserved 1048576K
}
2019-10-16T14:16:43.188+0000: 3.040: Total time for which application threads were stopped: 0.0020492 seconds, Stopping threads took: 0.0000264 seconds
{Heap before GC invocations=77 (full 0):
 par new generation   total 4928K, used 4875K [0x00000000f0800000, 0x00000000f0d50000, 0x00000000f5a00000)
  eden space 4416K, 100% used [0x00000000f0800000, 0x00000000f0c50000, 0x00000000f0c50000)
  from space 512K,  89% used [0x00000000f0cd0000, 0x00000000f0d42eb0, 0x00000000f0d50000)
  to   space 512K,   0% used [0x00000000f0c50000, 0x00000000f0c50000, 0x00000000f0cd0000)
 concurrent mark-sweep generation total 10944K, used 4483K [0x00000000f5a00000, 0x00000000f64b0000, 0x0000000100000000)
 Metaspace       used 11928K, capacity 12242K, committed 12544K, reserved 1060864K
  class space    used 1386K, capacity 1479K, committed 1536K, reserved 1048576K
2019-10-16T14:16:43.210+0000: 3.062: [GC (Allocation Failure) 2019-10-16T14:16:43.210+0000: 3.062: [ParNew
Desired survivor size 262144 bytes, new threshold 6 (max 6)
- age   1:      43000 bytes,      43000 total
- age   2:      24200 bytes,      67200 total
- age   3:      37016 bytes,     104216 total
- age   4:      19896 bytes,     124112 total
- age   5:      81752 bytes,     205864 total
- age   6:      50864 bytes,     256728 total
: 4875K->312K(4928K), 0.0020359 secs] 9359K->4837K(15872K), 0.0020819 secs] [Times: user=0.00 sys=0.00, real=0.00 secs] 
Heap after GC invocations=78 (full 0):
 par new generation   total 4928K, used 312K [0x00000000f0800000, 0x00000000f0d50000, 0x00000000f5a00000)
  eden space 4416K,   0% used [0x00000000f0800000, 0x00000000f0800000, 0x00000000f0c50000)
  from space 512K,  61% used [0x00000000f0c50000, 0x00000000f0c9e398, 0x00000000f0cd0000)
  to   space 512K,   0% used [0x00000000f0cd0000, 0x00000000f0cd0000, 0x00000000f0d50000)
 concurrent mark-sweep generation total 10944K, used 4525K [0x00000000f5a00000, 0x00000000f64b0000, 0x0000000100000000)
 Metaspace       used 11928K, capacity 12242K, committed 12544K, reserved 1060864K
  class space    used 1386K, capacity 1479K, committed 1536K, reserved 1048576K
}
2019-10-16T14:16:43.212+0000: 3.064: Total time for which application threads were stopped: 0.0021946 seconds, Stopping threads took: 0.0000240 seconds
{Heap before GC invocations=78 (full 0):
 par new generation   total 4928K, used 4728K [0x00000000f0800000, 0x00000000f0d50000, 0x00000000f5a00000)
  eden space 4416K, 100% used [0x00000000f0800000, 0x00000000f0c50000, 0x00000000f0c50000)
  from space 512K,  61% used [0x00000000f0c50000, 0x00000000f0c9e398, 0x00000000f0cd0000)
  to   space 512K,   0% used [0x00000000f0cd0000, 0x00000000f0cd0000, 0x00000000f0d50000)
 concurrent mark-sweep generation total 10944K, used 4525K [0x00000000f5a00000, 0x00000000f64b0000, 0x0000000100000000)
 Metaspace       used 11958K, capacity 12242K, committed 12544K, reserved 1060864K
  class space    used 1393K, capacity 1479K, committed 1536K, reserved 1048576K
2019-10-16T14:16:43.228+0000: 3.080: [GC (Allocation Failure) 2019-10-16T14:16:43.228+0000: 3.080: [ParNew
Desired survivor size 262144 bytes, new threshold 6 (max 6)
- age   1:      15208 bytes,      15208 total
- age   2:      37720 bytes,      52928 total
- age   3:      24200 bytes,      77128 total
- age   4:      37016 bytes,     114144 total
- age   5:      19896 bytes,     134040 total
- age   6:      81752 bytes,     215792 total
: 4728K->227K(4928K), 0.0017936 secs] 9253K->4804K(15872K), 0.0018443 secs] [Times: user=0.00 sys=0.00, real=0.00 secs] 
Heap after GC invocations=79 (full 0):
 par new generation   total 4928K, used 227K [0x00000000f0800000, 0x00000000f0d50000, 0x00000000f5a00000)
  eden space 4416K,   0% used [0x00000000f0800000, 0x00000000f0800000, 0x00000000f0c50000)
  from space 512K,  44% used [0x00000000f0cd0000, 0x00000000f0d08c38, 0x00000000f0d50000)
  to   space 512K,   0% used [0x00000000f0c50000, 0x00000000f0c50000, 0x00000000f0cd0000)
 concurrent mark-sweep generation total 10944K, used 4577K [0x00000000f5a00000, 0x00000000f64b0000, 0x0000000100000000)
 Metaspace       used 11958K, capacity 12242K, committed 12544K, reserved 1060864K
  class space    used 1393K, capacity 1479K, committed 1536K, reserved 1048576K
}
2019-10-16T14:16:43.230+0000: 3.082: Total time for which application threads were stopped: 0.0019517 seconds, Stopping threads took: 0.0000229 seconds
{Heap before GC invocations=79 (full 0):
 par new generation   total 4928K, used 4643K [0x00000000f0800000, 0x00000000f0d50000, 0x00000000f5a00000)
  eden space 4416K, 100% used [0x00000000f0800000, 0x00000000f0c50000, 0x00000000f0c50000)
  from space 512K,  44% used [0x00000000f0cd0000, 0x00000000f0d08c38, 0x00000000f0d50000)
  to   space 512K,   0% used [0x00000000f0c50000, 0x00000000f0c50000, 0x00000000f0cd0000)
 concurrent mark-sweep generation total 10944K, used 4577K [0x00000000f5a00000, 0x00000000f64b0000, 0x0000000100000000)
 Metaspace       used 12002K, capacity 12306K, committed 12544K, reserved 1060864K
  class space    used 1399K, capacity 1479K, committed 1536K, reserved 1048576K
2019-10-16T14:16:43.254+0000: 3.106: [GC (Allocation Failure) 2019-10-16T14:16:43.254+0000: 3.106: [ParNew
Desired survivor size 262144 bytes, new threshold 6 (max 6)
- age   1:      33560 bytes,      33560 total
- age   2:      11128 bytes,      44688 total
- age   3:      37640 bytes,      82328 total
- age   4:      24200 bytes,     106528 total
- age   5:      37016 bytes,     143544 total
- age   6:      19896 bytes,     163440 total
: 4643K->214K(4928K), 0.0023285 secs] 9220K->4875K(15872K), 0.0023802 secs] [Times: user=0.01 sys=0.00, real=0.00 secs] 
Heap after GC invocations=80 (full 0):
 par new generation   total 4928K, used 214K [0x00000000f0800000, 0x00000000f0d50000, 0x00000000f5a00000)
  eden space 4416K,   0% used [0x00000000f0800000, 0x00000000f0800000, 0x00000000f0c50000)
  from space 512K,  41% used [0x00000000f0c50000, 0x00000000f0c85a70, 0x00000000f0cd0000)
  to   space 512K,   0% used [0x00000000f0cd0000, 0x00000000f0cd0000, 0x00000000f0d50000)
 concurrent mark-sweep generation total 10944K, used 4660K [0x00000000f5a00000, 0x00000000f64b0000, 0x0000000100000000)
 Metaspace       used 12002K, capacity 12306K, committed 12544K, reserved 1060864K
  class space    used 1399K, capacity 1479K, committed 1536K, reserved 1048576K
}
2019-10-16T14:16:43.257+0000: 3.109: Total time for which application threads were stopped: 0.0074097 seconds, Stopping threads took: 0.0049131 seconds
{Heap before GC invocations=80 (full 0):
 par new generation   total 4928K, used 4630K [0x00000000f0800000, 0x00000000f0d50000, 0x00000000f5a00000)
  eden space 4416K, 100% used [0x00000000f0800000, 0x00000000f0c50000, 0x00000000f0c50000)
  from space 512K,  41% used [0x00000000f0c50000, 0x00000000f0c85a70, 0x00000000f0cd0000)
  to   space 512K,   0% used [0x00000000f0cd0000, 0x00000000f0cd0000, 0x00000000f0d50000)
 concurrent mark-sweep generation total 10944K, used 4660K [0x00000000f5a00000, 0x00000000f64b0000, 0x0000000100000000)
 Metaspace       used 12053K, capacity 12306K, committed 12544K, reserved 1060864K
  class space    used 1405K, capacity 1479K, committed 1536K, reserved 1048576K
2019-10-16T14:16:43.278+0000: 3.130: [GC (Allocation Failure) 2019-10-16T14:16:43.278+0000: 3.130: [ParNew
Desired survivor size 262144 bytes, new threshold 6 (max 6)
- age   1:      20120 bytes,      20120 total
- age   2:      29344 bytes,      49464 total
- age   3:      11128 bytes,      60592 total
- age   4:      37640 bytes,      98232 total
- age   5:      24200 bytes,     122432 total
- age   6:      37016 bytes,     159448 total
: 4630K->173K(4928K), 0.0015477 secs] 9291K->4854K(15872K), 0.0015994 secs] [Times: user=0.00 sys=0.00, real=0.00 secs] 
Heap after GC invocations=81 (full 0):
 par new generation   total 4928K, used 173K [0x00000000f0800000, 0x00000000f0d50000, 0x00000000f5a00000)
  eden space 4416K,   0% used [0x00000000f0800000, 0x00000000f0800000, 0x00000000f0c50000)
  from space 512K,  33% used [0x00000000f0cd0000, 0x00000000f0cfb530, 0x00000000f0d50000)
  to   space 512K,   0% used [0x00000000f0c50000, 0x00000000f0c50000, 0x00000000f0cd0000)
 concurrent mark-sweep generation total 10944K, used 4681K [0x00000000f5a00000, 0x00000000f64b0000, 0x0000000100000000)
 Metaspace       used 12053K, capacity 12306K, committed 12544K, reserved 1060864K
  class space    used 1405K, capacity 1479K, committed 1536K, reserved 1048576K
}
2019-10-16T14:16:43.280+0000: 3.132: Total time for which application threads were stopped: 0.0053537 seconds, Stopping threads took: 0.0036725 seconds
{Heap before GC invocations=81 (full 0):
 par new generation   total 4928K, used 4589K [0x00000000f0800000, 0x00000000f0d50000, 0x00000000f5a00000)
  eden space 4416K, 100% used [0x00000000f0800000, 0x00000000f0c50000, 0x00000000f0c50000)
  from space 512K,  33% used [0x00000000f0cd0000, 0x00000000f0cfb530, 0x00000000f0d50000)
  to   space 512K,   0% used [0x00000000f0c50000, 0x00000000f0c50000, 0x00000000f0cd0000)
 concurrent mark-sweep generation total 10944K, used 4681K [0x00000000f5a00000, 0x00000000f64b0000, 0x0000000100000000)
 Metaspace       used 12083K, capacity 12414K, committed 12544K, reserved 1060864K
  class space    used 1413K, capacity 1515K, committed 1536K, reserved 1048576K
2019-10-16T14:16:43.308+0000: 3.160: [GC (Allocation Failure) 2019-10-16T14:16:43.308+0000: 3.160: [ParNew
Desired survivor size 262144 bytes, new threshold 6 (max 6)
- age   1:      27872 bytes,      27872 total
- age   2:      15872 bytes,      43744 total
- age   3:      29240 bytes,      72984 total
- age   4:      11128 bytes,      84112 total
- age   5:      37200 bytes,     121312 total
- age   6:      24200 bytes,     145512 total
: 4589K->160K(4928K), 0.0016438 secs] 9270K->4879K(15872K), 0.0016880 secs] [Times: user=0.00 sys=0.00, real=0.00 secs] 
Heap after GC invocations=82 (full 0):
 par new generation   total 4928K, used 160K [0x00000000f0800000, 0x00000000f0d50000, 0x00000000f5a00000)
  eden space 4416K,   0% used [0x00000000f0800000, 0x00000000f0800000, 0x00000000f0c50000)
  from space 512K,  31% used [0x00000000f0c50000, 0x00000000f0c78108, 0x00000000f0cd0000)
  to   space 512K,   0% used [0x00000000f0cd0000, 0x00000000f0cd0000, 0x00000000f0d50000)
 concurrent mark-sweep generation total 10944K, used 4718K [0x00000000f5a00000, 0x00000000f64b0000, 0x0000000100000000)
 Metaspace       used 12083K, capacity 12414K, committed 12544K, reserved 1060864K
  class space    used 1413K, capacity 1515K, committed 1536K, reserved 1048576K
}
2019-10-16T14:16:43.309+0000: 3.161: Total time for which application threads were stopped: 0.0098656 seconds, Stopping threads took: 0.0080917 seconds
{Heap before GC invocations=82 (full 0):
 par new generation   total 4928K, used 4576K [0x00000000f0800000, 0x00000000f0d50000, 0x00000000f5a00000)
  eden space 4416K, 100% used [0x00000000f0800000, 0x00000000f0c50000, 0x00000000f0c50000)
  from space 512K,  31% used [0x00000000f0c50000, 0x00000000f0c78108, 0x00000000f0cd0000)
  to   space 512K,   0% used [0x00000000f0cd0000, 0x00000000f0cd0000, 0x00000000f0d50000)
 concurrent mark-sweep generation total 10944K, used 4718K [0x00000000f5a00000, 0x00000000f64b0000, 0x0000000100000000)
 Metaspace       used 12277K, capacity 12542K, committed 12800K, reserved 1060864K
  class space    used 1423K, capacity 1515K, committed 1536K, reserved 1048576K
2019-10-16T14:16:43.346+0000: 3.198: [GC (Allocation Failure) 2019-10-16T14:16:43.346+0000: 3.198: [ParNew
Desired survivor size 262144 bytes, new threshold 6 (max 6)
- age   1:      26832 bytes,      26832 total
- age   2:      22576 bytes,      49408 total
- age   3:      15872 bytes,      65280 total
- age   4:      29160 bytes,      94440 total
- age   5:      10640 bytes,     105080 total
- age   6:      35328 bytes,     140408 total
: 4576K->146K(4928K), 0.0016223 secs] 9295K->4890K(15872K), 0.0016785 secs] [Times: user=0.00 sys=0.00, real=0.00 secs] 
Heap after GC invocations=83 (full 0):
 par new generation   total 4928K, used 146K [0x00000000f0800000, 0x00000000f0d50000, 0x00000000f5a00000)
  eden space 4416K,   0% used [0x00000000f0800000, 0x00000000f0800000, 0x00000000f0c50000)
  from space 512K,  28% used [0x00000000f0cd0000, 0x00000000f0cf4ae0, 0x00000000f0d50000)
  to   space 512K,   0% used [0x00000000f0c50000, 0x00000000f0c50000, 0x00000000f0cd0000)
 concurrent mark-sweep generation total 10944K, used 4743K [0x00000000f5a00000, 0x00000000f64b0000, 0x0000000100000000)
 Metaspace       used 12277K, capacity 12542K, committed 12800K, reserved 1060864K
  class space    used 1423K, capacity 1515K, committed 1536K, reserved 1048576K
}
2019-10-16T14:16:43.348+0000: 3.200: Total time for which application threads were stopped: 0.0082698 seconds, Stopping threads took: 0.0064915 seconds
{Heap before GC invocations=83 (full 0):
 par new generation   total 4928K, used 4562K [0x00000000f0800000, 0x00000000f0d50000, 0x00000000f5a00000)
  eden space 4416K, 100% used [0x00000000f0800000, 0x00000000f0c50000, 0x00000000f0c50000)
  from space 512K,  28% used [0x00000000f0cd0000, 0x00000000f0cf4ae0, 0x00000000f0d50000)
  to   space 512K,   0% used [0x00000000f0c50000, 0x00000000f0c50000, 0x00000000f0cd0000)
 concurrent mark-sweep generation total 10944K, used 4743K [0x00000000f5a00000, 0x00000000f64b0000, 0x0000000100000000)
 Metaspace       used 12321K, capacity 12614K, committed 12800K, reserved 1060864K
  class space    used 1429K, capacity 1517K, committed 1536K, reserved 1048576K
2019-10-16T14:16:43.366+0000: 3.218: [GC (Allocation Failure) 2019-10-16T14:16:43.366+0000: 3.218: [ParNew
Desired survivor size 262144 bytes, new threshold 6 (max 6)
- age   1:      91992 bytes,      91992 total
- age   2:      23424 bytes,     115416 total
- age   3:      22320 bytes,     137736 total
- age   4:      15872 bytes,     153608 total
- age   5:      28712 bytes,     182320 total
- age   6:       9296 bytes,     191616 total
: 4562K->277K(4928K), 0.0015844 secs] 9306K->5056K(15872K), 0.0016247 secs] [Times: user=0.00 sys=0.00, real=0.00 secs] 
Heap after GC invocations=84 (full 0):
 par new generation   total 4928K, used 277K [0x00000000f0800000, 0x00000000f0d50000, 0x00000000f5a00000)
  eden space 4416K,   0% used [0x00000000f0800000, 0x00000000f0800000, 0x00000000f0c50000)
  from space 512K,  54% used [0x00000000f0c50000, 0x00000000f0c95498, 0x00000000f0cd0000)
  to   space 512K,   0% used [0x00000000f0cd0000, 0x00000000f0cd0000, 0x00000000f0d50000)
 concurrent mark-sweep generation total 10944K, used 4779K [0x00000000f5a00000, 0x00000000f64b0000, 0x0000000100000000)
 Metaspace       used 12321K, capacity 12614K, committed 12800K, reserved 1060864K
  class space    used 1429K, capacity 1517K, committed 1536K, reserved 1048576K
}
2019-10-16T14:16:43.368+0000: 3.220: Total time for which application threads were stopped: 0.0017298 seconds, Stopping threads took: 0.0000233 seconds
{Heap before GC invocations=84 (full 0):
 par new generation   total 4928K, used 4693K [0x00000000f0800000, 0x00000000f0d50000, 0x00000000f5a00000)
  eden space 4416K, 100% used [0x00000000f0800000, 0x00000000f0c50000, 0x00000000f0c50000)
  from space 512K,  54% used [0x00000000f0c50000, 0x00000000f0c95498, 0x00000000f0cd0000)
  to   space 512K,   0% used [0x00000000f0cd0000, 0x00000000f0cd0000, 0x00000000f0d50000)
 concurrent mark-sweep generation total 10944K, used 4779K [0x00000000f5a00000, 0x00000000f64b0000, 0x0000000100000000)
 Metaspace       used 12639K, capacity 12952K, committed 13184K, reserved 1060864K
  class space    used 1460K, capacity 1566K, committed 1664K, reserved 1048576K
2019-10-16T14:16:43.410+0000: 3.262: [GC (Allocation Failure) 2019-10-16T14:16:43.410+0000: 3.262: [ParNew
Desired survivor size 262144 bytes, new threshold 6 (max 6)
- age   1:      90864 bytes,      90864 total
- age   2:      14944 bytes,     105808 total
- age   3:      23424 bytes,     129232 total
- age   4:      22320 bytes,     151552 total
- age   5:      15872 bytes,     167424 total
- age   6:      26936 bytes,     194360 total
: 4693K->348K(4928K), 0.0017781 secs] 9472K->5138K(15872K), 0.0018369 secs] [Times: user=0.01 sys=0.00, real=0.00 secs] 
Heap after GC invocations=85 (full 0):
 par new generation   total 4928K, used 348K [0x00000000f0800000, 0x00000000f0d50000, 0x00000000f5a00000)
  eden space 4416K,   0% used [0x00000000f0800000, 0x00000000f0800000, 0x00000000f0c50000)
  from space 512K,  68% used [0x00000000f0cd0000, 0x00000000f0d27368, 0x00000000f0d50000)
  to   space 512K,   0% used [0x00000000f0c50000, 0x00000000f0c50000, 0x00000000f0cd0000)
 concurrent mark-sweep generation total 10944K, used 4789K [0x00000000f5a00000, 0x00000000f64b0000, 0x0000000100000000)
 Metaspace       used 12639K, capacity 12952K, committed 13184K, reserved 1060864K
  class space    used 1460K, capacity 1566K, committed 1664K, reserved 1048576K
}
2019-10-16T14:16:43.412+0000: 3.264: Total time for which application threads were stopped: 0.0019598 seconds, Stopping threads took: 0.0000256 seconds
{Heap before GC invocations=85 (full 0):
 par new generation   total 4928K, used 4764K [0x00000000f0800000, 0x00000000f0d50000, 0x00000000f5a00000)
  eden space 4416K, 100% used [0x00000000f0800000, 0x00000000f0c50000, 0x00000000f0c50000)
  from space 512K,  68% used [0x00000000f0cd0000, 0x00000000f0d27368, 0x00000000f0d50000)
  to   space 512K,   0% used [0x00000000f0c50000, 0x00000000f0c50000, 0x00000000f0cd0000)
 concurrent mark-sweep generation total 10944K, used 4789K [0x00000000f5a00000, 0x00000000f64b0000, 0x0000000100000000)
 Metaspace       used 12690K, capacity 13008K, committed 13184K, reserved 1060864K
  class space    used 1468K, capacity 1604K, committed 1664K, reserved 1048576K
2019-10-16T14:16:43.438+0000: 3.290: [GC (Allocation Failure) 2019-10-16T14:16:43.438+0000: 3.290: [ParNew
Desired survivor size 262144 bytes, new threshold 6 (max 6)
- age   1:      36448 bytes,      36448 total
- age   2:      85536 bytes,     121984 total
- age   3:      14832 bytes,     136816 total
- age   4:      23424 bytes,     160240 total
- age   5:      22320 bytes,     182560 total
- age   6:      15872 bytes,     198432 total
: 4764K->229K(4928K), 0.0018579 secs] 9554K->5045K(15872K), 0.0019047 secs] [Times: user=0.00 sys=0.00, real=0.00 secs] 
Heap after GC invocations=86 (full 0):
 par new generation   total 4928K, used 229K [0x00000000f0800000, 0x00000000f0d50000, 0x00000000f5a00000)
  eden space 4416K,   0% used [0x00000000f0800000, 0x00000000f0800000, 0x00000000f0c50000)
  from space 512K,  44% used [0x00000000f0c50000, 0x00000000f0c89570, 0x00000000f0cd0000)
  to   space 512K,   0% used [0x00000000f0cd0000, 0x00000000f0cd0000, 0x00000000f0d50000)
 concurrent mark-sweep generation total 10944K, used 4816K [0x00000000f5a00000, 0x00000000f64b0000, 0x0000000100000000)
 Metaspace       used 12690K, capacity 13008K, committed 13184K, reserved 1060864K
  class space    used 1468K, capacity 1604K, committed 1664K, reserved 1048576K
}
2019-10-16T14:16:43.440+0000: 3.292: Total time for which application threads were stopped: 0.0020327 seconds, Stopping threads took: 0.0000233 seconds
{Heap before GC invocations=86 (full 0):
 par new generation   total 4928K, used 4645K [0x00000000f0800000, 0x00000000f0d50000, 0x00000000f5a00000)
  eden space 4416K, 100% used [0x00000000f0800000, 0x00000000f0c50000, 0x00000000f0c50000)
  from space 512K,  44% used [0x00000000f0c50000, 0x00000000f0c89570, 0x00000000f0cd0000)
  to   space 512K,   0% used [0x00000000f0cd0000, 0x00000000f0cd0000, 0x00000000f0d50000)
 concurrent mark-sweep generation total 10944K, used 4816K [0x00000000f5a00000, 0x00000000f64b0000, 0x0000000100000000)
 Metaspace       used 12850K, capacity 13136K, committed 13440K, reserved 1060864K
  class space    used 1485K, capacity 1604K, committed 1664K, reserved 1048576K
2019-10-16T14:16:43.458+0000: 3.310: [GC (Allocation Failure) 2019-10-16T14:16:43.458+0000: 3.310: [ParNew
Desired survivor size 262144 bytes, new threshold 6 (max 6)
- age   1:      13944 bytes,      13944 total
- age   2:      32520 bytes,      46464 total
- age   3:      85536 bytes,     132000 total
- age   4:      14832 bytes,     146832 total
- age   5:      23424 bytes,     170256 total
- age   6:      22320 bytes,     192576 total
: 4645K->347K(4928K), 0.0017402 secs] 9461K->5178K(15872K), 0.0017885 secs] [Times: user=0.00 sys=0.00, real=0.00 secs] 
Heap after GC invocations=87 (full 0):
 par new generation   total 4928K, used 347K [0x00000000f0800000, 0x00000000f0d50000, 0x00000000f5a00000)
  eden space 4416K,   0% used [0x00000000f0800000, 0x00000000f0800000, 0x00000000f0c50000)
  from space 512K,  67% used [0x00000000f0cd0000, 0x00000000f0d26d30, 0x00000000f0d50000)
  to   space 512K,   0% used [0x00000000f0c50000, 0x00000000f0c50000, 0x00000000f0cd0000)
 concurrent mark-sweep generation total 10944K, used 4831K [0x00000000f5a00000, 0x00000000f64b0000, 0x0000000100000000)
 Metaspace       used 12850K, capacity 13136K, committed 13440K, reserved 1060864K
  class space    used 1485K, capacity 1604K, committed 1664K, reserved 1048576K
}
2019-10-16T14:16:43.460+0000: 3.312: Total time for which application threads were stopped: 0.0019204 seconds, Stopping threads took: 0.0000376 seconds
{Heap before GC invocations=87 (full 0):
 par new generation   total 4928K, used 4763K [0x00000000f0800000, 0x00000000f0d50000, 0x00000000f5a00000)
  eden space 4416K, 100% used [0x00000000f0800000, 0x00000000f0c50000, 0x00000000f0c50000)
  from space 512K,  67% used [0x00000000f0cd0000, 0x00000000f0d26d30, 0x00000000f0d50000)
  to   space 512K,   0% used [0x00000000f0c50000, 0x00000000f0c50000, 0x00000000f0cd0000)
 concurrent mark-sweep generation total 10944K, used 4831K [0x00000000f5a00000, 0x00000000f64b0000, 0x0000000100000000)
 Metaspace       used 12866K, capacity 13200K, committed 13440K, reserved 1060864K
  class space    used 1487K, capacity 1604K, committed 1664K, reserved 1048576K
2019-10-16T14:16:43.482+0000: 3.334: [GC (Allocation Failure) 2019-10-16T14:16:43.482+0000: 3.334: [ParNew
Desired survivor size 262144 bytes, new threshold 6 (max 6)
- age   1:      13440 bytes,      13440 total
- age   2:      10072 bytes,      23512 total
- age   3:      32520 bytes,      56032 total
- age   4:      85536 bytes,     141568 total
- age   5:      14832 bytes,     156400 total
- age   6:      23424 bytes,     179824 total
: 4763K->227K(4928K), 0.0016343 secs] 9594K->5081K(15872K), 0.0016815 secs] [Times: user=0.00 sys=0.00, real=0.00 secs] 
Heap after GC invocations=88 (full 0):
 par new generation   total 4928K, used 227K [0x00000000f0800000, 0x00000000f0d50000, 0x00000000f5a00000)
  eden space 4416K,   0% used [0x00000000f0800000, 0x00000000f0800000, 0x00000000f0c50000)
  from space 512K,  44% used [0x00000000f0c50000, 0x00000000f0c88d40, 0x00000000f0cd0000)
  to   space 512K,   0% used [0x00000000f0cd0000, 0x00000000f0cd0000, 0x00000000f0d50000)
 concurrent mark-sweep generation total 10944K, used 4853K [0x00000000f5a00000, 0x00000000f64b0000, 0x0000000100000000)
 Metaspace       used 12866K, capacity 13200K, committed 13440K, reserved 1060864K
  class space    used 1487K, capacity 1604K, committed 1664K, reserved 1048576K
}
2019-10-16T14:16:43.484+0000: 3.336: Total time for which application threads were stopped: 0.0018132 seconds, Stopping threads took: 0.0000376 seconds
{Heap before GC invocations=88 (full 0):
 par new generation   total 4928K, used 4629K [0x00000000f0800000, 0x00000000f0d50000, 0x00000000f5a00000)
  eden space 4416K,  99% used [0x00000000f0800000, 0x00000000f0c4c738, 0x00000000f0c50000)
  from space 512K,  44% used [0x00000000f0c50000, 0x00000000f0c88d40, 0x00000000f0cd0000)
  to   space 512K,   0% used [0x00000000f0cd0000, 0x00000000f0cd0000, 0x00000000f0d50000)
 concurrent mark-sweep generation total 10944K, used 4853K [0x00000000f5a00000, 0x00000000f64b0000, 0x0000000100000000)
 Metaspace       used 12898K, capacity 13200K, committed 13440K, reserved 1060864K
  class space    used 1492K, capacity 1604K, committed 1664K, reserved 1048576K
2019-10-16T14:16:43.499+0000: 3.351: [GC (Allocation Failure) 2019-10-16T14:16:43.499+0000: 3.351: [ParNew
Desired survivor size 262144 bytes, new threshold 6 (max 6)
- age   1:      19632 bytes,      19632 total
- age   2:       4656 bytes,      24288 total
- age   3:      10072 bytes,      34360 total
- age   4:      32520 bytes,      66880 total
- age   5:      85536 bytes,     152416 total
- age   6:      14832 bytes,     167248 total
: 4629K->320K(4928K), 0.0015271 secs] 9482K->5197K(15872K), 0.0015731 secs] [Times: user=0.00 sys=0.00, real=0.00 secs] 
Heap after GC invocations=89 (full 0):
 par new generation   total 4928K, used 320K [0x00000000f0800000, 0x00000000f0d50000, 0x00000000f5a00000)
  eden space 4416K,   0% used [0x00000000f0800000, 0x00000000f0800000, 0x00000000f0c50000)
  from space 512K,  62% used [0x00000000f0cd0000, 0x00000000f0d20290, 0x00000000f0d50000)
  to   space 512K,   0% used [0x00000000f0c50000, 0x00000000f0c50000, 0x00000000f0cd0000)
 concurrent mark-sweep generation total 10944K, used 4877K [0x00000000f5a00000, 0x00000000f64b0000, 0x0000000100000000)
 Metaspace       used 12898K, capacity 13200K, committed 13440K, reserved 1060864K
  class space    used 1492K, capacity 1604K, committed 1664K, reserved 1048576K
}
2019-10-16T14:16:43.501+0000: 3.353: Total time for which application threads were stopped: 0.0016750 seconds, Stopping threads took: 0.0000213 seconds
{Heap before GC invocations=89 (full 0):
 par new generation   total 4928K, used 4736K [0x00000000f0800000, 0x00000000f0d50000, 0x00000000f5a00000)
  eden space 4416K, 100% used [0x00000000f0800000, 0x00000000f0c50000, 0x00000000f0c50000)
  from space 512K,  62% used [0x00000000f0cd0000, 0x00000000f0d20290, 0x00000000f0d50000)
  to   space 512K,   0% used [0x00000000f0c50000, 0x00000000f0c50000, 0x00000000f0cd0000)
 concurrent mark-sweep generation total 10944K, used 4877K [0x00000000f5a00000, 0x00000000f64b0000, 0x0000000100000000)
 Metaspace       used 12955K, capacity 13264K, committed 13440K, reserved 1060864K
  class space    used 1497K, capacity 1604K, committed 1664K, reserved 1048576K
2019-10-16T14:16:43.522+0000: 3.374: [GC (Allocation Failure) 2019-10-16T14:16:43.522+0000: 3.374: [ParNew
Desired survivor size 262144 bytes, new threshold 6 (max 6)
- age   1:      14584 bytes,      14584 total
- age   2:      15696 bytes,      30280 total
- age   3:       4656 bytes,      34936 total
- age   4:       9928 bytes,      44864 total
- age   5:      32144 bytes,      77008 total
- age   6:      85536 bytes,     162544 total
: 4736K->202K(4928K), 0.0015814 secs] 9613K->5094K(15872K), 0.0016266 secs] [Times: user=0.00 sys=0.00, real=0.00 secs] 
Heap after GC invocations=90 (full 0):
 par new generation   total 4928K, used 202K [0x00000000f0800000, 0x00000000f0d50000, 0x00000000f5a00000)
  eden space 4416K,   0% used [0x00000000f0800000, 0x00000000f0800000, 0x00000000f0c50000)
  from space 512K,  39% used [0x00000000f0c50000, 0x00000000f0c82b78, 0x00000000f0cd0000)
  to   space 512K,   0% used [0x00000000f0cd0000, 0x00000000f0cd0000, 0x00000000f0d50000)
 concurrent mark-sweep generation total 10944K, used 4892K [0x00000000f5a00000, 0x00000000f64b0000, 0x0000000100000000)
 Metaspace       used 12955K, capacity 13264K, committed 13440K, reserved 1060864K
  class space    used 1497K, capacity 1604K, committed 1664K, reserved 1048576K
}
2019-10-16T14:16:43.524+0000: 3.376: Total time for which application threads were stopped: 0.0017425 seconds, Stopping threads took: 0.0000248 seconds
{Heap before GC invocations=90 (full 0):
 par new generation   total 4928K, used 4618K [0x00000000f0800000, 0x00000000f0d50000, 0x00000000f5a00000)
  eden space 4416K, 100% used [0x00000000f0800000, 0x00000000f0c50000, 0x00000000f0c50000)
  from space 512K,  39% used [0x00000000f0c50000, 0x00000000f0c82b78, 0x00000000f0cd0000)
  to   space 512K,   0% used [0x00000000f0cd0000, 0x00000000f0cd0000, 0x00000000f0d50000)
 concurrent mark-sweep generation total 10944K, used 4892K [0x00000000f5a00000, 0x00000000f64b0000, 0x0000000100000000)
 Metaspace       used 13019K, capacity 13360K, committed 13440K, reserved 1060864K
  class space    used 1503K, capacity 1636K, committed 1664K, reserved 1048576K
2019-10-16T14:16:43.539+0000: 3.391: [GC (Allocation Failure) 2019-10-16T14:16:43.539+0000: 3.391: [ParNew
Desired survivor size 262144 bytes, new threshold 6 (max 6)
- age   1:      15920 bytes,      15920 total
- age   2:      11024 bytes,      26944 total
- age   3:      15584 bytes,      42528 total
- age   4:       4656 bytes,      47184 total
- age   5:       9928 bytes,      57112 total
- age   6:      31384 bytes,      88496 total
: 4618K->144K(4928K), 0.0017653 secs] 9510K->5120K(15872K), 0.0018164 secs] [Times: user=0.00 sys=0.00, real=0.00 secs] 
Heap after GC invocations=91 (full 0):
 par new generation   total 4928K, used 144K [0x00000000f0800000, 0x00000000f0d50000, 0x00000000f5a00000)
  eden space 4416K,   0% used [0x00000000f0800000, 0x00000000f0800000, 0x00000000f0c50000)
  from space 512K,  28% used [0x00000000f0cd0000, 0x00000000f0cf4060, 0x00000000f0d50000)
  to   space 512K,   0% used [0x00000000f0c50000, 0x00000000f0c50000, 0x00000000f0cd0000)
 concurrent mark-sweep generation total 10944K, used 4976K [0x00000000f5a00000, 0x00000000f64b0000, 0x0000000100000000)
 Metaspace       used 13019K, capacity 13360K, committed 13440K, reserved 1060864K
  class space    used 1503K, capacity 1636K, committed 1664K, reserved 1048576K
}
2019-10-16T14:16:43.541+0000: 3.393: Total time for which application threads were stopped: 0.0019279 seconds, Stopping threads took: 0.0000222 seconds
{Heap before GC invocations=91 (full 0):
 par new generation   total 4928K, used 4560K [0x00000000f0800000, 0x00000000f0d50000, 0x00000000f5a00000)
  eden space 4416K, 100% used [0x00000000f0800000, 0x00000000f0c50000, 0x00000000f0c50000)
  from space 512K,  28% used [0x00000000f0cd0000, 0x00000000f0cf4060, 0x00000000f0d50000)
  to   space 512K,   0% used [0x00000000f0c50000, 0x00000000f0c50000, 0x00000000f0cd0000)
 concurrent mark-sweep generation total 10944K, used 4976K [0x00000000f5a00000, 0x00000000f64b0000, 0x0000000100000000)
 Metaspace       used 13111K, capacity 13432K, committed 13696K, reserved 1060864K
  class space    used 1517K, capacity 1638K, committed 1664K, reserved 1048576K
2019-10-16T14:16:43.562+0000: 3.414: [GC (Allocation Failure) 2019-10-16T14:16:43.562+0000: 3.414: [ParNew
Desired survivor size 262144 bytes, new threshold 6 (max 6)
- age   1:      17688 bytes,      17688 total
- age   2:       7016 bytes,      24704 total
- age   3:      10736 bytes,      35440 total
- age   4:      15584 bytes,      51024 total
- age   5:       4656 bytes,      55680 total
- age   6:       8352 bytes,      64032 total
: 4560K->69K(4928K), 0.0015461 secs] 9536K->5076K(15872K), 0.0016458 secs] [Times: user=0.00 sys=0.00, real=0.00 secs] 
Heap after GC invocations=92 (full 0):
 par new generation   total 4928K, used 69K [0x00000000f0800000, 0x00000000f0d50000, 0x00000000f5a00000)
  eden space 4416K,   0% used [0x00000000f0800000, 0x00000000f0800000, 0x00000000f0c50000)
  from space 512K,  13% used [0x00000000f0c50000, 0x00000000f0c614b0, 0x00000000f0cd0000)
  to   space 512K,   0% used [0x00000000f0cd0000, 0x00000000f0cd0000, 0x00000000f0d50000)
 concurrent mark-sweep generation total 10944K, used 5006K [0x00000000f5a00000, 0x00000000f64b0000, 0x0000000100000000)
 Metaspace       used 13111K, capacity 13432K, committed 13696K, reserved 1060864K
  class space    used 1517K, capacity 1638K, committed 1664K, reserved 1048576K
}
2019-10-16T14:16:43.564+0000: 3.416: Total time for which application threads were stopped: 0.0051655 seconds, Stopping threads took: 0.0034268 seconds
{Heap before GC invocations=92 (full 0):
 par new generation   total 4928K, used 4485K [0x00000000f0800000, 0x00000000f0d50000, 0x00000000f5a00000)
  eden space 4416K, 100% used [0x00000000f0800000, 0x00000000f0c50000, 0x00000000f0c50000)
  from space 512K,  13% used [0x00000000f0c50000, 0x00000000f0c614b0, 0x00000000f0cd0000)
  to   space 512K,   0% used [0x00000000f0cd0000, 0x00000000f0cd0000, 0x00000000f0d50000)
 concurrent mark-sweep generation total 10944K, used 5006K [0x00000000f5a00000, 0x00000000f64b0000, 0x0000000100000000)
 Metaspace       used 13158K, capacity 13496K, committed 13696K, reserved 1060864K
  class space    used 1523K, capacity 1638K, committed 1664K, reserved 1048576K
2019-10-16T14:16:43.596+0000: 3.448: [GC (Allocation Failure) 2019-10-16T14:16:43.596+0000: 3.448: [ParNew
Desired survivor size 262144 bytes, new threshold 6 (max 6)
- age   1:      41792 bytes,      41792 total
- age   2:      14088 bytes,      55880 total
- age   3:       6904 bytes,      62784 total
- age   4:      10720 bytes,      73504 total
- age   5:      15240 bytes,      88744 total
- age   6:       3880 bytes,      92624 total
: 4485K->126K(4928K), 0.0013283 secs] 9492K->5141K(15872K), 0.0013736 secs] [Times: user=0.00 sys=0.00, real=0.00 secs] 
Heap after GC invocations=93 (full 0):
 par new generation   total 4928K, used 126K [0x00000000f0800000, 0x00000000f0d50000, 0x00000000f5a00000)
  eden space 4416K,   0% used [0x00000000f0800000, 0x00000000f0800000, 0x00000000f0c50000)
  from space 512K,  24% used [0x00000000f0cd0000, 0x00000000f0cefb70, 0x00000000f0d50000)
  to   space 512K,   0% used [0x00000000f0c50000, 0x00000000f0c50000, 0x00000000f0cd0000)
 concurrent mark-sweep generation total 10944K, used 5014K [0x00000000f5a00000, 0x00000000f64b0000, 0x0000000100000000)
 Metaspace       used 13158K, capacity 13496K, committed 13696K, reserved 1060864K
  class space    used 1523K, capacity 1638K, committed 1664K, reserved 1048576K
}
2019-10-16T14:16:43.597+0000: 3.449: Total time for which application threads were stopped: 0.0108262 seconds, Stopping threads took: 0.0093521 seconds
{Heap before GC invocations=93 (full 0):
 par new generation   total 4928K, used 4542K [0x00000000f0800000, 0x00000000f0d50000, 0x00000000f5a00000)
  eden space 4416K, 100% used [0x00000000f0800000, 0x00000000f0c50000, 0x00000000f0c50000)
  from space 512K,  24% used [0x00000000f0cd0000, 0x00000000f0cefb70, 0x00000000f0d50000)
  to   space 512K,   0% used [0x00000000f0c50000, 0x00000000f0c50000, 0x00000000f0cd0000)
 concurrent mark-sweep generation total 10944K, used 5014K [0x00000000f5a00000, 0x00000000f64b0000, 0x0000000100000000)
 Metaspace       used 13182K, capacity 13560K, committed 13696K, reserved 1060864K
  class space    used 1526K, capacity 1638K, committed 1664K, reserved 1048576K
2019-10-16T14:16:43.618+0000: 3.470: [GC (Allocation Failure) 2019-10-16T14:16:43.618+0000: 3.470: [ParNew
Desired survivor size 262144 bytes, new threshold 6 (max 6)
- age   1:      20760 bytes,      20760 total
- age   2:      38648 bytes,      59408 total
- age   3:      14088 bytes,      73496 total
- age   4:       6888 bytes,      80384 total
- age   5:      10720 bytes,      91104 total
- age   6:      15224 bytes,     106328 total
: 4542K->166K(4928K), 0.0012769 secs] 9557K->5184K(15872K), 0.0013359 secs] [Times: user=0.01 sys=0.00, real=0.00 secs] 
Heap after GC invocations=94 (full 0):
 par new generation   total 4928K, used 166K [0x00000000f0800000, 0x00000000f0d50000, 0x00000000f5a00000)
  eden space 4416K,   0% used [0x00000000f0800000, 0x00000000f0800000, 0x00000000f0c50000)
  from space 512K,  32% used [0x00000000f0c50000, 0x00000000f0c79a20, 0x00000000f0cd0000)
  to   space 512K,   0% used [0x00000000f0cd0000, 0x00000000f0cd0000, 0x00000000f0d50000)
 concurrent mark-sweep generation total 10944K, used 5018K [0x00000000f5a00000, 0x00000000f64b0000, 0x0000000100000000)
 Metaspace       used 13182K, capacity 13560K, committed 13696K, reserved 1060864K
  class space    used 1526K, capacity 1638K, committed 1664K, reserved 1048576K
}
2019-10-16T14:16:43.619+0000: 3.471: Total time for which application threads were stopped: 0.0042420 seconds, Stopping threads took: 0.0028033 seconds
{Heap before GC invocations=94 (full 0):
 par new generation   total 4928K, used 4582K [0x00000000f0800000, 0x00000000f0d50000, 0x00000000f5a00000)
  eden space 4416K, 100% used [0x00000000f0800000, 0x00000000f0c50000, 0x00000000f0c50000)
  from space 512K,  32% used [0x00000000f0c50000, 0x00000000f0c79a20, 0x00000000f0cd0000)
  to   space 512K,   0% used [0x00000000f0cd0000, 0x00000000f0cd0000, 0x00000000f0d50000)
 concurrent mark-sweep generation total 10944K, used 5018K [0x00000000f5a00000, 0x00000000f64b0000, 0x0000000100000000)
 Metaspace       used 13271K, capacity 13560K, committed 13696K, reserved 1060864K
  class space    used 1544K, capacity 1638K, committed 1664K, reserved 1048576K
2019-10-16T14:16:43.643+0000: 3.495: [GC (Allocation Failure) 2019-10-16T14:16:43.643+0000: 3.495: [ParNew
Desired survivor size 262144 bytes, new threshold 6 (max 6)
- age   1:      23416 bytes,      23416 total
- age   2:      17680 bytes,      41096 total
- age   3:      38632 bytes,      79728 total
- age   4:      14040 bytes,      93768 total
- age   5:       6888 bytes,     100656 total
- age   6:      10720 bytes,     111376 total
: 4582K->197K(4928K), 0.0015249 secs] 9600K->5227K(15872K), 0.0015850 secs] [Times: user=0.00 sys=0.00, real=0.00 secs] 
Heap after GC invocations=95 (full 0):
 par new generation   total 4928K, used 197K [0x00000000f0800000, 0x00000000f0d50000, 0x00000000f5a00000)
  eden space 4416K,   0% used [0x00000000f0800000, 0x00000000f0800000, 0x00000000f0c50000)
  from space 512K,  38% used [0x00000000f0cd0000, 0x00000000f0d01550, 0x00000000f0d50000)
  to   space 512K,   0% used [0x00000000f0c50000, 0x00000000f0c50000, 0x00000000f0cd0000)
 concurrent mark-sweep generation total 10944K, used 5030K [0x00000000f5a00000, 0x00000000f64b0000, 0x0000000100000000)
 Metaspace       used 13271K, capacity 13560K, committed 13696K, reserved 1060864K
  class space    used 1544K, capacity 1638K, committed 1664K, reserved 1048576K
}
2019-10-16T14:16:43.644+0000: 3.496: Total time for which application threads were stopped: 0.0078341 seconds, Stopping threads took: 0.0061245 seconds
{Heap before GC invocations=95 (full 0):
 par new generation   total 4928K, used 4613K [0x00000000f0800000, 0x00000000f0d50000, 0x00000000f5a00000)
  eden space 4416K, 100% used [0x00000000f0800000, 0x00000000f0c50000, 0x00000000f0c50000)
  from space 512K,  38% used [0x00000000f0cd0000, 0x00000000f0d01550, 0x00000000f0d50000)
  to   space 512K,   0% used [0x00000000f0c50000, 0x00000000f0c50000, 0x00000000f0cd0000)
 concurrent mark-sweep generation total 10944K, used 5030K [0x00000000f5a00000, 0x00000000f64b0000, 0x0000000100000000)
 Metaspace       used 13315K, capacity 13624K, committed 13696K, reserved 1060864K
  class space    used 1550K, capacity 1638K, committed 1664K, reserved 1048576K
2019-10-16T14:16:43.665+0000: 3.517: [GC (Allocation Failure) 2019-10-16T14:16:43.665+0000: 3.517: [ParNew
Desired survivor size 262144 bytes, new threshold 6 (max 6)
- age   1:      19016 bytes,      19016 total
- age   2:      19568 bytes,      38584 total
- age   3:      17680 bytes,      56264 total
- age   4:      38488 bytes,      94752 total
- age   5:      14040 bytes,     108792 total
- age   6:       6888 bytes,     115680 total
: 4613K->130K(4928K), 0.0021050 secs] 9643K->5169K(15872K), 0.0021622 secs] [Times: user=0.01 sys=0.00, real=0.00 secs] 
Heap after GC invocations=96 (full 0):
 par new generation   total 4928K, used 130K [0x00000000f0800000, 0x00000000f0d50000, 0x00000000f5a00000)
  eden space 4416K,   0% used [0x00000000f0800000, 0x00000000f0800000, 0x00000000f0c50000)
  from space 512K,  25% used [0x00000000f0c50000, 0x00000000f0c70a80, 0x00000000f0cd0000)
  to   space 512K,   0% used [0x00000000f0cd0000, 0x00000000f0cd0000, 0x00000000f0d50000)
 concurrent mark-sweep generation total 10944K, used 5039K [0x00000000f5a00000, 0x00000000f64b0000, 0x0000000100000000)
 Metaspace       used 13315K, capacity 13624K, committed 13696K, reserved 1060864K
  class space    used 1550K, capacity 1638K, committed 1664K, reserved 1048576K
}
2019-10-16T14:16:43.667+0000: 3.519: Total time for which application threads were stopped: 0.0022719 seconds, Stopping threads took: 0.0000234 seconds
2019-10-16T14:16:43.681+0000: 3.533: Total time for which application threads were stopped: 0.0027667 seconds, Stopping threads took: 0.0026046 seconds
{Heap before GC invocations=96 (full 0):
 par new generation   total 4928K, used 4546K [0x00000000f0800000, 0x00000000f0d50000, 0x00000000f5a00000)
  eden space 4416K, 100% used [0x00000000f0800000, 0x00000000f0c50000, 0x00000000f0c50000)
  from space 512K,  25% used [0x00000000f0c50000, 0x00000000f0c70a80, 0x00000000f0cd0000)
  to   space 512K,   0% used [0x00000000f0cd0000, 0x00000000f0cd0000, 0x00000000f0d50000)
 concurrent mark-sweep generation total 10944K, used 5039K [0x00000000f5a00000, 0x00000000f64b0000, 0x0000000100000000)
 Metaspace       used 13351K, capacity 13720K, committed 14080K, reserved 1060864K
  class space    used 1556K, capacity 1670K, committed 1792K, reserved 1048576K
2019-10-16T14:16:43.687+0000: 3.539: [GC (Allocation Failure) 2019-10-16T14:16:43.687+0000: 3.539: [ParNew
Desired survivor size 262144 bytes, new threshold 6 (max 6)
- age   1:      15152 bytes,      15152 total
- age   2:      14728 bytes,      29880 total
- age   3:      19568 bytes,      49448 total
- age   4:      17680 bytes,      67128 total
- age   5:      38488 bytes,     105616 total
- age   6:      14040 bytes,     119656 total
: 4546K->201K(4928K), 0.0013459 secs] 9585K->5246K(15872K), 0.0013844 secs] [Times: user=0.00 sys=0.00, real=0.00 secs] 
Heap after GC invocations=97 (full 0):
 par new generation   total 4928K, used 201K [0x00000000f0800000, 0x00000000f0d50000, 0x00000000f5a00000)
  eden space 4416K,   0% used [0x00000000f0800000, 0x00000000f0800000, 0x00000000f0c50000)
  from space 512K,  39% used [0x00000000f0cd0000, 0x00000000f0d02520, 0x00000000f0d50000)
  to   space 512K,   0% used [0x00000000f0c50000, 0x00000000f0c50000, 0x00000000f0cd0000)
 concurrent mark-sweep generation total 10944K, used 5045K [0x00000000f5a00000, 0x00000000f64b0000, 0x0000000100000000)
 Metaspace       used 13351K, capacity 13720K, committed 14080K, reserved 1060864K
  class space    used 1556K, capacity 1670K, committed 1792K, reserved 1048576K
}
2019-10-16T14:16:43.688+0000: 3.540: Total time for which application threads were stopped: 0.0014730 seconds, Stopping threads took: 0.0000087 seconds
{Heap before GC invocations=97 (full 0):
 par new generation   total 4928K, used 4617K [0x00000000f0800000, 0x00000000f0d50000, 0x00000000f5a00000)
  eden space 4416K, 100% used [0x00000000f0800000, 0x00000000f0c50000, 0x00000000f0c50000)
  from space 512K,  39% used [0x00000000f0cd0000, 0x00000000f0d02520, 0x00000000f0d50000)
  to   space 512K,   0% used [0x00000000f0c50000, 0x00000000f0c50000, 0x00000000f0cd0000)
 concurrent mark-sweep generation total 10944K, used 5045K [0x00000000f5a00000, 0x00000000f64b0000, 0x0000000100000000)
 Metaspace       used 13370K, capacity 13720K, committed 14080K, reserved 1060864K
  class space    used 1560K, capacity 1670K, committed 1792K, reserved 1048576K
2019-10-16T14:16:43.706+0000: 3.558: [GC (Allocation Failure) 2019-10-16T14:16:43.706+0000: 3.558: [ParNew
Desired survivor size 262144 bytes, new threshold 6 (max 6)
- age   1:      10096 bytes,      10096 total
- age   2:      11704 bytes,      21800 total
- age   3:      14696 bytes,      36496 total
- age   4:      19568 bytes,      56064 total
- age   5:      17680 bytes,      73744 total
- age   6:      38488 bytes,     112232 total
: 4617K->137K(4928K), 0.0014231 secs] 9662K->5195K(15872K), 0.0014719 secs] [Times: user=0.01 sys=0.00, real=0.00 secs] 
Heap after GC invocations=98 (full 0):
 par new generation   total 4928K, used 137K [0x00000000f0800000, 0x00000000f0d50000, 0x00000000f5a00000)
  eden space 4416K,   0% used [0x00000000f0800000, 0x00000000f0800000, 0x00000000f0c50000)
  from space 512K,  26% used [0x00000000f0c50000, 0x00000000f0c72740, 0x00000000f0cd0000)
  to   space 512K,   0% used [0x00000000f0cd0000, 0x00000000f0cd0000, 0x00000000f0d50000)
 concurrent mark-sweep generation total 10944K, used 5057K [0x00000000f5a00000, 0x00000000f64b0000, 0x0000000100000000)
 Metaspace       used 13370K, capacity 13720K, committed 14080K, reserved 1060864K
  class space    used 1560K, capacity 1670K, committed 1792K, reserved 1048576K
}
2019-10-16T14:16:43.707+0000: 3.559: Total time for which application threads were stopped: 0.0051885 seconds, Stopping threads took: 0.0036347 seconds
{Heap before GC invocations=98 (full 0):
 par new generation   total 4928K, used 4553K [0x00000000f0800000, 0x00000000f0d50000, 0x00000000f5a00000)
  eden space 4416K, 100% used [0x00000000f0800000, 0x00000000f0c50000, 0x00000000f0c50000)
  from space 512K,  26% used [0x00000000f0c50000, 0x00000000f0c72740, 0x00000000f0cd0000)
  to   space 512K,   0% used [0x00000000f0cd0000, 0x00000000f0cd0000, 0x00000000f0d50000)
 concurrent mark-sweep generation total 10944K, used 5057K [0x00000000f5a00000, 0x00000000f64b0000, 0x0000000100000000)
 Metaspace       used 13385K, capacity 13720K, committed 14080K, reserved 1060864K
  class space    used 1562K, capacity 1670K, committed 1792K, reserved 1048576K
2019-10-16T14:16:43.726+0000: 3.578: [GC (Allocation Failure) 2019-10-16T14:16:43.726+0000: 3.578: [ParNew
Desired survivor size 262144 bytes, new threshold 6 (max 6)
- age   1:       7424 bytes,       7424 total
- age   2:       6896 bytes,      14320 total
- age   3:      11704 bytes,      26024 total
- age   4:      14680 bytes,      40704 total
- age   5:      19568 bytes,      60272 total
- age   6:      17680 bytes,      77952 total
: 4553K->99K(4928K), 0.0013438 secs] 9611K->5193K(15872K), 0.0013828 secs] [Times: user=0.01 sys=0.00, real=0.00 secs] 
Heap after GC invocations=99 (full 0):
 par new generation   total 4928K, used 99K [0x00000000f0800000, 0x00000000f0d50000, 0x00000000f5a00000)
  eden space 4416K,   0% used [0x00000000f0800000, 0x00000000f0800000, 0x00000000f0c50000)
  from space 512K,  19% used [0x00000000f0cd0000, 0x00000000f0ce8d20, 0x00000000f0d50000)
  to   space 512K,   0% used [0x00000000f0c50000, 0x00000000f0c50000, 0x00000000f0cd0000)
 concurrent mark-sweep generation total 10944K, used 5094K [0x00000000f5a00000, 0x00000000f64b0000, 0x0000000100000000)
 Metaspace       used 13385K, capacity 13720K, committed 14080K, reserved 1060864K
  class space    used 1562K, capacity 1670K, committed 1792K, reserved 1048576K
}
2019-10-16T14:16:43.728+0000: 3.580: Total time for which application threads were stopped: 0.0014907 seconds, Stopping threads took: 0.0000235 seconds
{Heap before GC invocations=99 (full 0):
 par new generation   total 4928K, used 4515K [0x00000000f0800000, 0x00000000f0d50000, 0x00000000f5a00000)
  eden space 4416K, 100% used [0x00000000f0800000, 0x00000000f0c50000, 0x00000000f0c50000)
  from space 512K,  19% used [0x00000000f0cd0000, 0x00000000f0ce8d20, 0x00000000f0d50000)
  to   space 512K,   0% used [0x00000000f0c50000, 0x00000000f0c50000, 0x00000000f0cd0000)
 concurrent mark-sweep generation total 10944K, used 5094K [0x00000000f5a00000, 0x00000000f64b0000, 0x0000000100000000)
 Metaspace       used 13435K, capacity 13784K, committed 14080K, reserved 1060864K
  class space    used 1578K, capacity 1670K, committed 1792K, reserved 1048576K
2019-10-16T14:16:43.742+0000: 3.594: [GC (Allocation Failure) 2019-10-16T14:16:43.742+0000: 3.594: [ParNew
Desired survivor size 262144 bytes, new threshold 6 (max 6)
- age   1:      12024 bytes,      12024 total
- age   2:       4888 bytes,      16912 total
- age   3:       6856 bytes,      23768 total
- age   4:      11704 bytes,      35472 total
- age   5:      14632 bytes,      50104 total
- age   6:      19568 bytes,      69672 total
: 4515K->82K(4928K), 0.0011781 secs] 9609K->5193K(15872K), 0.0012197 secs] [Times: user=0.00 sys=0.00, real=0.01 secs] 
Heap after GC invocations=100 (full 0):
 par new generation   total 4928K, used 82K [0x00000000f0800000, 0x00000000f0d50000, 0x00000000f5a00000)
  eden space 4416K,   0% used [0x00000000f0800000, 0x00000000f0800000, 0x00000000f0c50000)
  from space 512K,  16% used [0x00000000f0c50000, 0x00000000f0c649f0, 0x00000000f0cd0000)
  to   space 512K,   0% used [0x00000000f0cd0000, 0x00000000f0cd0000, 0x00000000f0d50000)
 concurrent mark-sweep generation total 10944K, used 5111K [0x00000000f5a00000, 0x00000000f64b0000, 0x0000000100000000)
 Metaspace       used 13435K, capacity 13784K, committed 14080K, reserved 1060864K
  class space    used 1578K, capacity 1670K, committed 1792K, reserved 1048576K
}
2019-10-16T14:16:43.743+0000: 3.595: Total time for which application threads were stopped: 0.0032856 seconds, Stopping threads took: 0.0019896 seconds
{Heap before GC invocations=100 (full 0):
 par new generation   total 4928K, used 4498K [0x00000000f0800000, 0x00000000f0d50000, 0x00000000f5a00000)
  eden space 4416K, 100% used [0x00000000f0800000, 0x00000000f0c50000, 0x00000000f0c50000)
  from space 512K,  16% used [0x00000000f0c50000, 0x00000000f0c649f0, 0x00000000f0cd0000)
  to   space 512K,   0% used [0x00000000f0cd0000, 0x00000000f0cd0000, 0x00000000f0d50000)
 concurrent mark-sweep generation total 10944K, used 5111K [0x00000000f5a00000, 0x00000000f64b0000, 0x0000000100000000)
 Metaspace       used 13476K, capacity 13784K, committed 14080K, reserved 1060864K
  class space    used 1581K, capacity 1670K, committed 1792K, reserved 1048576K
2019-10-16T14:16:43.763+0000: 3.615: [GC (Allocation Failure) 2019-10-16T14:16:43.763+0000: 3.615: [ParNew
Desired survivor size 262144 bytes, new threshold 6 (max 6)
- age   1:      12688 bytes,      12688 total
- age   2:       9496 bytes,      22184 total
- age   3:       4888 bytes,      27072 total
- age   4:       6776 bytes,      33848 total
- age   5:      11704 bytes,      45552 total
- age   6:      14632 bytes,      60184 total
: 4498K->71K(4928K), 0.0012332 secs] 9609K->5201K(15872K), 0.0012708 secs] [Times: user=0.00 sys=0.00, real=0.00 secs] 
Heap after GC invocations=101 (full 0):
 par new generation   total 4928K, used 71K [0x00000000f0800000, 0x00000000f0d50000, 0x00000000f5a00000)
  eden space 4416K,   0% used [0x00000000f0800000, 0x00000000f0800000, 0x00000000f0c50000)
  from space 512K,  13% used [0x00000000f0cd0000, 0x00000000f0ce1cf0, 0x00000000f0d50000)
  to   space 512K,   0% used [0x00000000f0c50000, 0x00000000f0c50000, 0x00000000f0cd0000)
 concurrent mark-sweep generation total 10944K, used 5129K [0x00000000f5a00000, 0x00000000f64b0000, 0x0000000100000000)
 Metaspace       used 13476K, capacity 13784K, committed 14080K, reserved 1060864K
  class space    used 1581K, capacity 1670K, committed 1792K, reserved 1048576K
}
2019-10-16T14:16:43.765+0000: 3.617: Total time for which application threads were stopped: 0.0061999 seconds, Stopping threads took: 0.0048469 seconds
{Heap before GC invocations=101 (full 0):
 par new generation   total 4928K, used 4487K [0x00000000f0800000, 0x00000000f0d50000, 0x00000000f5a00000)
  eden space 4416K, 100% used [0x00000000f0800000, 0x00000000f0c50000, 0x00000000f0c50000)
  from space 512K,  13% used [0x00000000f0cd0000, 0x00000000f0ce1cf0, 0x00000000f0d50000)
  to   space 512K,   0% used [0x00000000f0c50000, 0x00000000f0c50000, 0x00000000f0cd0000)
 concurrent mark-sweep generation total 10944K, used 5129K [0x00000000f5a00000, 0x00000000f64b0000, 0x0000000100000000)
 Metaspace       used 13515K, capacity 13880K, committed 14080K, reserved 1060864K
  class space    used 1584K, capacity 1702K, committed 1792K, reserved 1048576K
2019-10-16T14:16:43.782+0000: 3.634: [GC (Allocation Failure) 2019-10-16T14:16:43.782+0000: 3.634: [ParNew
Desired survivor size 262144 bytes, new threshold 6 (max 6)
- age   1:      14032 bytes,      14032 total
- age   2:       9056 bytes,      23088 total
- age   3:       9496 bytes,      32584 total
- age   4:       4888 bytes,      37472 total
- age   5:       6776 bytes,      44248 total
- age   6:      11704 bytes,      55952 total
: 4487K->61K(4928K), 0.0011792 secs] 9617K->5205K(15872K), 0.0012215 secs] [Times: user=0.00 sys=0.00, real=0.00 secs] 
Heap after GC invocations=102 (full 0):
 par new generation   total 4928K, used 61K [0x00000000f0800000, 0x00000000f0d50000, 0x00000000f5a00000)
  eden space 4416K,   0% used [0x00000000f0800000, 0x00000000f0800000, 0x00000000f0c50000)
  from space 512K,  12% used [0x00000000f0c50000, 0x00000000f0c5f798, 0x00000000f0cd0000)
  to   space 512K,   0% used [0x00000000f0cd0000, 0x00000000f0cd0000, 0x00000000f0d50000)
 concurrent mark-sweep generation total 10944K, used 5143K [0x00000000f5a00000, 0x00000000f64b0000, 0x0000000100000000)
 Metaspace       used 13515K, capacity 13880K, committed 14080K, reserved 1060864K
  class space    used 1584K, capacity 1702K, committed 1792K, reserved 1048576K
}
2019-10-16T14:16:43.784+0000: 3.636: Total time for which application threads were stopped: 0.0013564 seconds, Stopping threads took: 0.0000421 seconds
{Heap before GC invocations=102 (full 0):
 par new generation   total 4928K, used 4477K [0x00000000f0800000, 0x00000000f0d50000, 0x00000000f5a00000)
  eden space 4416K, 100% used [0x00000000f0800000, 0x00000000f0c50000, 0x00000000f0c50000)
  from space 512K,  12% used [0x00000000f0c50000, 0x00000000f0c5f798, 0x00000000f0cd0000)
  to   space 512K,   0% used [0x00000000f0cd0000, 0x00000000f0cd0000, 0x00000000f0d50000)
 concurrent mark-sweep generation total 10944K, used 5143K [0x00000000f5a00000, 0x00000000f64b0000, 0x0000000100000000)
 Metaspace       used 13541K, capacity 13880K, committed 14080K, reserved 1060864K
  class space    used 1589K, capacity 1702K, committed 1792K, reserved 1048576K
2019-10-16T14:16:43.798+0000: 3.650: [GC (Allocation Failure) 2019-10-16T14:16:43.798+0000: 3.650: [ParNew
Desired survivor size 262144 bytes, new threshold 6 (max 6)
- age   1:      30672 bytes,      30672 total
- age   2:       9488 bytes,      40160 total
- age   3:       9032 bytes,      49192 total
- age   4:       9496 bytes,      58688 total
- age   5:       4888 bytes,      63576 total
- age   6:       6776 bytes,      70352 total
: 4477K->112K(4928K), 0.0011437 secs] 9621K->5267K(15872K), 0.0011791 secs] [Times: user=0.01 sys=0.00, real=0.00 secs] 
Heap after GC invocations=103 (full 0):
 par new generation   total 4928K, used 112K [0x00000000f0800000, 0x00000000f0d50000, 0x00000000f5a00000)
  eden space 4416K,   0% used [0x00000000f0800000, 0x00000000f0800000, 0x00000000f0c50000)
  from space 512K,  21% used [0x00000000f0cd0000, 0x00000000f0cec050, 0x00000000f0d50000)
  to   space 512K,   0% used [0x00000000f0c50000, 0x00000000f0c50000, 0x00000000f0cd0000)
 concurrent mark-sweep generation total 10944K, used 5155K [0x00000000f5a00000, 0x00000000f64b0000, 0x0000000100000000)
 Metaspace       used 13541K, capacity 13880K, committed 14080K, reserved 1060864K
  class space    used 1589K, capacity 1702K, committed 1792K, reserved 1048576K
}
2019-10-16T14:16:43.800+0000: 3.652: Total time for which application threads were stopped: 0.0012855 seconds, Stopping threads took: 0.0000210 seconds
{Heap before GC invocations=103 (full 0):
 par new generation   total 4928K, used 4528K [0x00000000f0800000, 0x00000000f0d50000, 0x00000000f5a00000)
  eden space 4416K, 100% used [0x00000000f0800000, 0x00000000f0c50000, 0x00000000f0c50000)
  from space 512K,  21% used [0x00000000f0cd0000, 0x00000000f0cec050, 0x00000000f0d50000)
  to   space 512K,   0% used [0x00000000f0c50000, 0x00000000f0c50000, 0x00000000f0cd0000)
 concurrent mark-sweep generation total 10944K, used 5155K [0x00000000f5a00000, 0x00000000f64b0000, 0x0000000100000000)
 Metaspace       used 13583K, capacity 13944K, committed 14080K, reserved 1060864K
  class space    used 1593K, capacity 1702K, committed 1792K, reserved 1048576K
2019-10-16T14:16:43.818+0000: 3.670: [GC (Allocation Failure) 2019-10-16T14:16:43.818+0000: 3.670: [ParNew
Desired survivor size 262144 bytes, new threshold 6 (max 6)
- age   1:      20472 bytes,      20472 total
- age   2:      26728 bytes,      47200 total
- age   3:       9352 bytes,      56552 total
- age   4:       9008 bytes,      65560 total
- age   5:       9496 bytes,      75056 total
- age   6:       4888 bytes,      79944 total
: 4528K->130K(4928K), 0.0013526 secs] 9683K->5292K(15872K), 0.0013999 secs] [Times: user=0.00 sys=0.00, real=0.00 secs] 
Heap after GC invocations=104 (full 0):
 par new generation   total 4928K, used 130K [0x00000000f0800000, 0x00000000f0d50000, 0x00000000f5a00000)
  eden space 4416K,   0% used [0x00000000f0800000, 0x00000000f0800000, 0x00000000f0c50000)
  from space 512K,  25% used [0x00000000f0c50000, 0x00000000f0c70940, 0x00000000f0cd0000)
  to   space 512K,   0% used [0x00000000f0cd0000, 0x00000000f0cd0000, 0x00000000f0d50000)
 concurrent mark-sweep generation total 10944K, used 5162K [0x00000000f5a00000, 0x00000000f64b0000, 0x0000000100000000)
 Metaspace       used 13583K, capacity 13944K, committed 14080K, reserved 1060864K
  class space    used 1593K, capacity 1702K, committed 1792K, reserved 1048576K
}
2019-10-16T14:16:43.819+0000: 3.671: Total time for which application threads were stopped: 0.0051844 seconds, Stopping threads took: 0.0036976 seconds
{Heap before GC invocations=104 (full 0):
 par new generation   total 4928K, used 4546K [0x00000000f0800000, 0x00000000f0d50000, 0x00000000f5a00000)
  eden space 4416K, 100% used [0x00000000f0800000, 0x00000000f0c50000, 0x00000000f0c50000)
  from space 512K,  25% used [0x00000000f0c50000, 0x00000000f0c70940, 0x00000000f0cd0000)
  to   space 512K,   0% used [0x00000000f0cd0000, 0x00000000f0cd0000, 0x00000000f0d50000)
 concurrent mark-sweep generation total 10944K, used 5162K [0x00000000f5a00000, 0x00000000f64b0000, 0x0000000100000000)
 Metaspace       used 13618K, capacity 13944K, committed 14080K, reserved 1060864K
  class space    used 1598K, capacity 1702K, committed 1792K, reserved 1048576K
2019-10-16T14:16:43.836+0000: 3.688: [GC (Allocation Failure) 2019-10-16T14:16:43.836+0000: 3.688: [ParNew
Desired survivor size 262144 bytes, new threshold 6 (max 6)
- age   1:      18472 bytes,      18472 total
- age   2:       7816 bytes,      26288 total
- age   3:      26704 bytes,      52992 total
- age   4:       9352 bytes,      62344 total
- age   5:       9008 bytes,      71352 total
- age   6:       9496 bytes,      80848 total
: 4546K->91K(4928K), 0.0011982 secs] 9708K->5258K(15872K), 0.0012342 secs] [Times: user=0.00 sys=0.00, real=0.00 secs] 
Heap after GC invocations=105 (full 0):
 par new generation   total 4928K, used 91K [0x00000000f0800000, 0x00000000f0d50000, 0x00000000f5a00000)
  eden space 4416K,   0% used [0x00000000f0800000, 0x00000000f0800000, 0x00000000f0c50000)
  from space 512K,  17% used [0x00000000f0cd0000, 0x00000000f0ce6f08, 0x00000000f0d50000)
  to   space 512K,   0% used [0x00000000f0c50000, 0x00000000f0c50000, 0x00000000f0cd0000)
 concurrent mark-sweep generation total 10944K, used 5167K [0x00000000f5a00000, 0x00000000f64b0000, 0x0000000100000000)
 Metaspace       used 13618K, capacity 13944K, committed 14080K, reserved 1060864K
  class space    used 1598K, capacity 1702K, committed 1792K, reserved 1048576K
}
2019-10-16T14:16:43.837+0000: 3.689: Total time for which application threads were stopped: 0.0013323 seconds, Stopping threads took: 0.0000196 seconds
{Heap before GC invocations=105 (full 0):
 par new generation   total 4928K, used 4507K [0x00000000f0800000, 0x00000000f0d50000, 0x00000000f5a00000)
  eden space 4416K, 100% used [0x00000000f0800000, 0x00000000f0c50000, 0x00000000f0c50000)
  from space 512K,  17% used [0x00000000f0cd0000, 0x00000000f0ce6f08, 0x00000000f0d50000)
  to   space 512K,   0% used [0x00000000f0c50000, 0x00000000f0c50000, 0x00000000f0cd0000)
 concurrent mark-sweep generation total 10944K, used 5167K [0x00000000f5a00000, 0x00000000f64b0000, 0x0000000100000000)
 Metaspace       used 13645K, capacity 13944K, committed 14080K, reserved 1060864K
  class space    used 1602K, capacity 1702K, committed 1792K, reserved 1048576K
2019-10-16T14:16:43.846+0000: 3.698: [GC (Allocation Failure) 2019-10-16T14:16:43.846+0000: 3.698: [ParNew
Desired survivor size 262144 bytes, new threshold 6 (max 6)
- age   1:      10464 bytes,      10464 total
- age   2:      15464 bytes,      25928 total
- age   3:       7816 bytes,      33744 total
- age   4:      26704 bytes,      60448 total
- age   5:       9352 bytes,      69800 total
- age   6:       9008 bytes,      78808 total
: 4507K->139K(4928K), 0.0011450 secs] 9674K->5316K(15872K), 0.0011847 secs] [Times: user=0.00 sys=0.00, real=0.00 secs] 
Heap after GC invocations=106 (full 0):
 par new generation   total 4928K, used 139K [0x00000000f0800000, 0x00000000f0d50000, 0x00000000f5a00000)
  eden space 4416K,   0% used [0x00000000f0800000, 0x00000000f0800000, 0x00000000f0c50000)
  from space 512K,  27% used [0x00000000f0c50000, 0x00000000f0c72f90, 0x00000000f0cd0000)
  to   space 512K,   0% used [0x00000000f0cd0000, 0x00000000f0cd0000, 0x00000000f0d50000)
 concurrent mark-sweep generation total 10944K, used 5176K [0x00000000f5a00000, 0x00000000f64b0000, 0x0000000100000000)
 Metaspace       used 13645K, capacity 13944K, committed 14080K, reserved 1060864K
  class space    used 1602K, capacity 1702K, committed 1792K, reserved 1048576K
}
2019-10-16T14:16:43.848+0000: 3.700: Total time for which application threads were stopped: 0.0012755 seconds, Stopping threads took: 0.0000188 seconds
{Heap before GC invocations=106 (full 0):
 par new generation   total 4928K, used 4555K [0x00000000f0800000, 0x00000000f0d50000, 0x00000000f5a00000)
  eden space 4416K, 100% used [0x00000000f0800000, 0x00000000f0c50000, 0x00000000f0c50000)
  from space 512K,  27% used [0x00000000f0c50000, 0x00000000f0c72f90, 0x00000000f0cd0000)
  to   space 512K,   0% used [0x00000000f0cd0000, 0x00000000f0cd0000, 0x00000000f0d50000)
 concurrent mark-sweep generation total 10944K, used 5176K [0x00000000f5a00000, 0x00000000f64b0000, 0x0000000100000000)
 Metaspace       used 13664K, capacity 14008K, committed 14336K, reserved 1062912K
  class space    used 1605K, capacity 1702K, committed 1792K, reserved 1048576K
2019-10-16T14:16:43.865+0000: 3.717: [GC (Allocation Failure) 2019-10-16T14:16:43.865+0000: 3.717: [ParNew
Desired survivor size 262144 bytes, new threshold 6 (max 6)
- age   1:      11344 bytes,      11344 total
- age   2:       7648 bytes,      18992 total
- age   3:      15448 bytes,      34440 total
- age   4:       7792 bytes,      42232 total
- age   5:      26704 bytes,      68936 total
- age   6:       9352 bytes,      78288 total
: 4555K->92K(4928K), 0.0012183 secs] 9732K->5277K(15872K), 0.0012566 secs] [Times: user=0.00 sys=0.00, real=0.00 secs] 
Heap after GC invocations=107 (full 0):
 par new generation   total 4928K, used 92K [0x00000000f0800000, 0x00000000f0d50000, 0x00000000f5a00000)
  eden space 4416K,   0% used [0x00000000f0800000, 0x00000000f0800000, 0x00000000f0c50000)
  from space 512K,  18% used [0x00000000f0cd0000, 0x00000000f0ce72c0, 0x00000000f0d50000)
  to   space 512K,   0% used [0x00000000f0c50000, 0x00000000f0c50000, 0x00000000f0cd0000)
 concurrent mark-sweep generation total 10944K, used 5184K [0x00000000f5a00000, 0x00000000f64b0000, 0x0000000100000000)
 Metaspace       used 13664K, capacity 14008K, committed 14336K, reserved 1062912K
  class space    used 1605K, capacity 1702K, committed 1792K, reserved 1048576K
}
2019-10-16T14:16:43.867+0000: 3.719: Total time for which application threads were stopped: 0.0013601 seconds, Stopping threads took: 0.0000218 seconds
{Heap before GC invocations=107 (full 0):
 par new generation   total 4928K, used 4508K [0x00000000f0800000, 0x00000000f0d50000, 0x00000000f5a00000)
  eden space 4416K, 100% used [0x00000000f0800000, 0x00000000f0c50000, 0x00000000f0c50000)
  from space 512K,  18% used [0x00000000f0cd0000, 0x00000000f0ce72c0, 0x00000000f0d50000)
  to   space 512K,   0% used [0x00000000f0c50000, 0x00000000f0c50000, 0x00000000f0cd0000)
 concurrent mark-sweep generation total 10944K, used 5184K [0x00000000f5a00000, 0x00000000f64b0000, 0x0000000100000000)
 Metaspace       used 13679K, capacity 14008K, committed 14336K, reserved 1062912K
  class space    used 1609K, capacity 1702K, committed 1792K, reserved 1048576K
2019-10-16T14:16:43.878+0000: 3.730: [GC (Allocation Failure) 2019-10-16T14:16:43.878+0000: 3.730: [ParNew
Desired survivor size 262144 bytes, new threshold 6 (max 6)
- age   1:      10520 bytes,      10520 total
- age   2:       7672 bytes,      18192 total
- age   3:       7648 bytes,      25840 total
- age   4:      15448 bytes,      41288 total
- age   5:       7792 bytes,      49080 total
- age   6:      26704 bytes,      75784 total
: 4508K->137K(4928K), 0.0011942 secs] 9693K->5330K(15872K), 0.0012360 secs] [Times: user=0.00 sys=0.00, real=0.00 secs] 
Heap after GC invocations=108 (full 0):
 par new generation   total 4928K, used 137K [0x00000000f0800000, 0x00000000f0d50000, 0x00000000f5a00000)
  eden space 4416K,   0% used [0x00000000f0800000, 0x00000000f0800000, 0x00000000f0c50000)
  from space 512K,  26% used [0x00000000f0c50000, 0x00000000f0c72580, 0x00000000f0cd0000)
  to   space 512K,   0% used [0x00000000f0cd0000, 0x00000000f0cd0000, 0x00000000f0d50000)
 concurrent mark-sweep generation total 10944K, used 5193K [0x00000000f5a00000, 0x00000000f64b0000, 0x0000000100000000)
 Metaspace       used 13679K, capacity 14008K, committed 14336K, reserved 1062912K
  class space    used 1609K, capacity 1702K, committed 1792K, reserved 1048576K
}
2019-10-16T14:16:43.879+0000: 3.731: Total time for which application threads were stopped: 0.0043273 seconds, Stopping threads took: 0.0030152 seconds
{Heap before GC invocations=108 (full 0):
 par new generation   total 4928K, used 4553K [0x00000000f0800000, 0x00000000f0d50000, 0x00000000f5a00000)
  eden space 4416K, 100% used [0x00000000f0800000, 0x00000000f0c50000, 0x00000000f0c50000)
  from space 512K,  26% used [0x00000000f0c50000, 0x00000000f0c72580, 0x00000000f0cd0000)
  to   space 512K,   0% used [0x00000000f0cd0000, 0x00000000f0cd0000, 0x00000000f0d50000)
 concurrent mark-sweep generation total 10944K, used 5193K [0x00000000f5a00000, 0x00000000f64b0000, 0x0000000100000000)
 Metaspace       used 13697K, capacity 14008K, committed 14336K, reserved 1062912K
  class space    used 1612K, capacity 1702K, committed 1792K, reserved 1048576K
2019-10-16T14:16:43.898+0000: 3.750: [GC (Allocation Failure) 2019-10-16T14:16:43.898+0000: 3.750: [ParNew
Desired survivor size 262144 bytes, new threshold 6 (max 6)
- age   1:      10832 bytes,      10832 total
- age   2:       6968 bytes,      17800 total
- age   3:       7672 bytes,      25472 total
- age   4:       7648 bytes,      33120 total
- age   5:      15448 bytes,      48568 total
- age   6:       7792 bytes,      56360 total
: 4553K->89K(4928K), 0.0013856 secs] 9746K->5309K(15872K), 0.0014374 secs] [Times: user=0.00 sys=0.00, real=0.00 secs] 
Heap after GC invocations=109 (full 0):
 par new generation   total 4928K, used 89K [0x00000000f0800000, 0x00000000f0d50000, 0x00000000f5a00000)
  eden space 4416K,   0% used [0x00000000f0800000, 0x00000000f0800000, 0x00000000f0c50000)
  from space 512K,  17% used [0x00000000f0cd0000, 0x00000000f0ce66d0, 0x00000000f0d50000)
  to   space 512K,   0% used [0x00000000f0c50000, 0x00000000f0c50000, 0x00000000f0cd0000)
 concurrent mark-sweep generation total 10944K, used 5219K [0x00000000f5a00000, 0x00000000f64b0000, 0x0000000100000000)
 Metaspace       used 13697K, capacity 14008K, committed 14336K, reserved 1062912K
  class space    used 1612K, capacity 1702K, committed 1792K, reserved 1048576K
}
2019-10-16T14:16:43.900+0000: 3.752: Total time for which application threads were stopped: 0.0015411 seconds, Stopping threads took: 0.0000234 seconds
{Heap before GC invocations=109 (full 0):
 par new generation   total 4928K, used 4505K [0x00000000f0800000, 0x00000000f0d50000, 0x00000000f5a00000)
  eden space 4416K, 100% used [0x00000000f0800000, 0x00000000f0c50000, 0x00000000f0c50000)
  from space 512K,  17% used [0x00000000f0cd0000, 0x00000000f0ce66d0, 0x00000000f0d50000)
  to   space 512K,   0% used [0x00000000f0c50000, 0x00000000f0c50000, 0x00000000f0cd0000)
 concurrent mark-sweep generation total 10944K, used 5219K [0x00000000f5a00000, 0x00000000f64b0000, 0x0000000100000000)
 Metaspace       used 13719K, capacity 14008K, committed 14336K, reserved 1062912K
  class space    used 1616K, capacity 1702K, committed 1792K, reserved 1048576K
2019-10-16T14:16:43.909+0000: 3.761: [GC (Allocation Failure) 2019-10-16T14:16:43.909+0000: 3.761: [ParNew
Desired survivor size 262144 bytes, new threshold 6 (max 6)
- age   1:      10312 bytes,      10312 total
- age   2:       7040 bytes,      17352 total
- age   3:       6968 bytes,      24320 total
- age   4:       7672 bytes,      31992 total
- age   5:       7568 bytes,      39560 total
- age   6:      15448 bytes,      55008 total
: 4505K->104K(4928K), 0.0016478 secs] 9725K->5331K(15872K), 0.0016907 secs] [Times: user=0.00 sys=0.00, real=0.01 secs] 
Heap after GC invocations=110 (full 0):
 par new generation   total 4928K, used 104K [0x00000000f0800000, 0x00000000f0d50000, 0x00000000f5a00000)
  eden space 4416K,   0% used [0x00000000f0800000, 0x00000000f0800000, 0x00000000f0c50000)
  from space 512K,  20% used [0x00000000f0c50000, 0x00000000f0c6a180, 0x00000000f0cd0000)
  to   space 512K,   0% used [0x00000000f0cd0000, 0x00000000f0cd0000, 0x00000000f0d50000)
 concurrent mark-sweep generation total 10944K, used 5227K [0x00000000f5a00000, 0x00000000f64b0000, 0x0000000100000000)
 Metaspace       used 13719K, capacity 14008K, committed 14336K, reserved 1062912K
  class space    used 1616K, capacity 1702K, committed 1792K, reserved 1048576K
}
2019-10-16T14:16:43.910+0000: 3.763: Total time for which application threads were stopped: 0.0017874 seconds, Stopping threads took: 0.0000190 seconds
{Heap before GC invocations=110 (full 0):
 par new generation   total 4928K, used 4520K [0x00000000f0800000, 0x00000000f0d50000, 0x00000000f5a00000)
  eden space 4416K, 100% used [0x00000000f0800000, 0x00000000f0c50000, 0x00000000f0c50000)
  from space 512K,  20% used [0x00000000f0c50000, 0x00000000f0c6a180, 0x00000000f0cd0000)
  to   space 512K,   0% used [0x00000000f0cd0000, 0x00000000f0cd0000, 0x00000000f0d50000)
 concurrent mark-sweep generation total 10944K, used 5227K [0x00000000f5a00000, 0x00000000f64b0000, 0x0000000100000000)
 Metaspace       used 13751K, capacity 14104K, committed 14336K, reserved 1062912K
  class space    used 1620K, capacity 1734K, committed 1792K, reserved 1048576K
2019-10-16T14:16:43.924+0000: 3.776: [GC (Allocation Failure) 2019-10-16T14:16:43.924+0000: 3.776: [ParNew
Desired survivor size 262144 bytes, new threshold 6 (max 6)
- age   1:      39656 bytes,      39656 total
- age   2:       8128 bytes,      47784 total
- age   3:       6984 bytes,      54768 total
- age   4:       6968 bytes,      61736 total
- age   5:       7672 bytes,      69408 total
- age   6:       7568 bytes,      76976 total
: 4520K->93K(4928K), 0.0012688 secs] 9747K->5336K(15872K), 0.0013090 secs] [Times: user=0.01 sys=0.00, real=0.00 secs] 
Heap after GC invocations=111 (full 0):
 par new generation   total 4928K, used 93K [0x00000000f0800000, 0x00000000f0d50000, 0x00000000f5a00000)
  eden space 4416K,   0% used [0x00000000f0800000, 0x00000000f0800000, 0x00000000f0c50000)
  from space 512K,  18% used [0x00000000f0cd0000, 0x00000000f0ce7688, 0x00000000f0d50000)
  to   space 512K,   0% used [0x00000000f0c50000, 0x00000000f0c50000, 0x00000000f0cd0000)
 concurrent mark-sweep generation total 10944K, used 5242K [0x00000000f5a00000, 0x00000000f64b0000, 0x0000000100000000)
 Metaspace       used 13751K, capacity 14104K, committed 14336K, reserved 1062912K
  class space    used 1620K, capacity 1734K, committed 1792K, reserved 1048576K
}
2019-10-16T14:16:43.926+0000: 3.778: Total time for which application threads were stopped: 0.0014136 seconds, Stopping threads took: 0.0000199 seconds
{Heap before GC invocations=111 (full 0):
 par new generation   total 4928K, used 4509K [0x00000000f0800000, 0x00000000f0d50000, 0x00000000f5a00000)
  eden space 4416K, 100% used [0x00000000f0800000, 0x00000000f0c50000, 0x00000000f0c50000)
  from space 512K,  18% used [0x00000000f0cd0000, 0x00000000f0ce7688, 0x00000000f0d50000)
  to   space 512K,   0% used [0x00000000f0c50000, 0x00000000f0c50000, 0x00000000f0cd0000)
 concurrent mark-sweep generation total 10944K, used 5242K [0x00000000f5a00000, 0x00000000f64b0000, 0x0000000100000000)
 Metaspace       used 13795K, capacity 14104K, committed 14336K, reserved 1062912K
  class space    used 1626K, capacity 1734K, committed 1792K, reserved 1048576K
2019-10-16T14:16:43.945+0000: 3.797: [GC (Allocation Failure) 2019-10-16T14:16:43.945+0000: 3.797: [ParNew
Desired survivor size 262144 bytes, new threshold 6 (max 6)
- age   1:      35304 bytes,      35304 total
- age   2:       8832 bytes,      44136 total
- age   3:       8128 bytes,      52264 total
- age   4:       6984 bytes,      59248 total
- age   5:       6968 bytes,      66216 total
- age   6:       7216 bytes,      73432 total
: 4509K->88K(4928K), 0.0012563 secs] 9752K->5337K(15872K), 0.0013053 secs] [Times: user=0.01 sys=0.00, real=0.00 secs] 
Heap after GC invocations=112 (full 0):
 par new generation   total 4928K, used 88K [0x00000000f0800000, 0x00000000f0d50000, 0x00000000f5a00000)
  eden space 4416K,   0% used [0x00000000f0800000, 0x00000000f0800000, 0x00000000f0c50000)
  from space 512K,  17% used [0x00000000f0c50000, 0x00000000f0c660a0, 0x00000000f0cd0000)
  to   space 512K,   0% used [0x00000000f0cd0000, 0x00000000f0cd0000, 0x00000000f0d50000)
 concurrent mark-sweep generation total 10944K, used 5248K [0x00000000f5a00000, 0x00000000f64b0000, 0x0000000100000000)
 Metaspace       used 13795K, capacity 14104K, committed 14336K, reserved 1062912K
  class space    used 1626K, capacity 1734K, committed 1792K, reserved 1048576K
}
2019-10-16T14:16:43.946+0000: 3.798: Total time for which application threads were stopped: 0.0036072 seconds, Stopping threads took: 0.0022168 seconds
{Heap before GC invocations=112 (full 0):
 par new generation   total 4928K, used 4504K [0x00000000f0800000, 0x00000000f0d50000, 0x00000000f5a00000)
  eden space 4416K, 100% used [0x00000000f0800000, 0x00000000f0c50000, 0x00000000f0c50000)
  from space 512K,  17% used [0x00000000f0c50000, 0x00000000f0c660a0, 0x00000000f0cd0000)
  to   space 512K,   0% used [0x00000000f0cd0000, 0x00000000f0cd0000, 0x00000000f0d50000)
 concurrent mark-sweep generation total 10944K, used 5248K [0x00000000f5a00000, 0x00000000f64b0000, 0x0000000100000000)
 Metaspace       used 13825K, capacity 14110K, committed 14336K, reserved 1062912K
  class space    used 1630K, capacity 1735K, committed 1792K, reserved 1048576K
2019-10-16T14:16:43.962+0000: 3.814: [GC (Allocation Failure) 2019-10-16T14:16:43.962+0000: 3.814: [ParNew
Desired survivor size 262144 bytes, new threshold 6 (max 6)
- age   1:      41992 bytes,      41992 total
- age   2:      32368 bytes,      74360 total
- age   3:       8672 bytes,      83032 total
- age   4:       8128 bytes,      91160 total
- age   5:       6984 bytes,      98144 total
- age   6:       6968 bytes,     105112 total
: 4504K->128K(4928K), 0.0013163 secs] 9753K->5383K(15872K), 0.0013571 secs] [Times: user=0.00 sys=0.00, real=0.00 secs] 
Heap after GC invocations=113 (full 0):
 par new generation   total 4928K, used 128K [0x00000000f0800000, 0x00000000f0d50000, 0x00000000f5a00000)
  eden space 4416K,   0% used [0x00000000f0800000, 0x00000000f0800000, 0x00000000f0c50000)
  from space 512K,  25% used [0x00000000f0cd0000, 0x00000000f0cf01b8, 0x00000000f0d50000)
  to   space 512K,   0% used [0x00000000f0c50000, 0x00000000f0c50000, 0x00000000f0cd0000)
 concurrent mark-sweep generation total 10944K, used 5255K [0x00000000f5a00000, 0x00000000f64b0000, 0x0000000100000000)
 Metaspace       used 13825K, capacity 14110K, committed 14336K, reserved 1062912K
  class space    used 1630K, capacity 1735K, committed 1792K, reserved 1048576K
}
2019-10-16T14:16:43.964+0000: 3.816: Total time for which application threads were stopped: 0.0014629 seconds, Stopping threads took: 0.0000227 seconds
{Heap before GC invocations=113 (full 0):
 par new generation   total 4928K, used 4544K [0x00000000f0800000, 0x00000000f0d50000, 0x00000000f5a00000)
  eden space 4416K, 100% used [0x00000000f0800000, 0x00000000f0c50000, 0x00000000f0c50000)
  from space 512K,  25% used [0x00000000f0cd0000, 0x00000000f0cf01b8, 0x00000000f0d50000)
  to   space 512K,   0% used [0x00000000f0c50000, 0x00000000f0c50000, 0x00000000f0cd0000)
 concurrent mark-sweep generation total 10944K, used 5255K [0x00000000f5a00000, 0x00000000f64b0000, 0x0000000100000000)
 Metaspace       used 13860K, capacity 14174K, committed 14336K, reserved 1062912K
  class space    used 1634K, capacity 1735K, committed 1792K, reserved 1048576K
2019-10-16T14:16:43.987+0000: 3.839: [GC (Allocation Failure) 2019-10-16T14:16:43.987+0000: 3.839: [ParNew
Desired survivor size 262144 bytes, new threshold 6 (max 6)
- age   1:      13136 bytes,      13136 total
- age   2:      19704 bytes,      32840 total
- age   3:      32368 bytes,      65208 total
- age   4:       8672 bytes,      73880 total
- age   5:       8128 bytes,      82008 total
- age   6:       6512 bytes,      88520 total
: 4544K->93K(4928K), 0.0013442 secs] 9799K->5354K(15872K), 0.0013969 secs] [Times: user=0.00 sys=0.00, real=0.00 secs] 
Heap after GC invocations=114 (full 0):
 par new generation   total 4928K, used 93K [0x00000000f0800000, 0x00000000f0d50000, 0x00000000f5a00000)
  eden space 4416K,   0% used [0x00000000f0800000, 0x00000000f0800000, 0x00000000f0c50000)
  from space 512K,  18% used [0x00000000f0c50000, 0x00000000f0c67528, 0x00000000f0cd0000)
  to   space 512K,   0% used [0x00000000f0cd0000, 0x00000000f0cd0000, 0x00000000f0d50000)
 concurrent mark-sweep generation total 10944K, used 5261K [0x00000000f5a00000, 0x00000000f64b0000, 0x0000000100000000)
 Metaspace       used 13860K, capacity 14174K, committed 14336K, reserved 1062912K
  class space    used 1634K, capacity 1735K, committed 1792K, reserved 1048576K
}
2019-10-16T14:16:43.988+0000: 3.841: Total time for which application threads were stopped: 0.0046043 seconds, Stopping threads took: 0.0031138 seconds
{Heap before GC invocations=114 (full 0):
 par new generation   total 4928K, used 4509K [0x00000000f0800000, 0x00000000f0d50000, 0x00000000f5a00000)
  eden space 4416K, 100% used [0x00000000f0800000, 0x00000000f0c50000, 0x00000000f0c50000)
  from space 512K,  18% used [0x00000000f0c50000, 0x00000000f0c67528, 0x00000000f0cd0000)
  to   space 512K,   0% used [0x00000000f0cd0000, 0x00000000f0cd0000, 0x00000000f0d50000)
 concurrent mark-sweep generation total 10944K, used 5261K [0x00000000f5a00000, 0x00000000f64b0000, 0x0000000100000000)
 Metaspace       used 13922K, capacity 14270K, committed 14336K, reserved 1062912K
  class space    used 1647K, capacity 1767K, committed 1792K, reserved 1048576K
2019-10-16T14:16:43.999+0000: 3.851: [GC (Allocation Failure) 2019-10-16T14:16:43.999+0000: 3.851: [ParNew
Desired survivor size 262144 bytes, new threshold 6 (max 6)
- age   1:      20736 bytes,      20736 total
- age   2:       9520 bytes,      30256 total
- age   3:      19560 bytes,      49816 total
- age   4:      32368 bytes,      82184 total
- age   5:       8672 bytes,      90856 total
- age   6:       6416 bytes,      97272 total
: 4509K->175K(4928K), 0.0012539 secs] 9770K->5443K(15872K), 0.0012913 secs] [Times: user=0.00 sys=0.00, real=0.00 secs] 
Heap after GC invocations=115 (full 0):
 par new generation   total 4928K, used 175K [0x00000000f0800000, 0x00000000f0d50000, 0x00000000f5a00000)
  eden space 4416K,   0% used [0x00000000f0800000, 0x00000000f0800000, 0x00000000f0c50000)
  from space 512K,  34% used [0x00000000f0cd0000, 0x00000000f0cfbdf0, 0x00000000f0d50000)
  to   space 512K,   0% used [0x00000000f0c50000, 0x00000000f0c50000, 0x00000000f0cd0000)
 concurrent mark-sweep generation total 10944K, used 5267K [0x00000000f5a00000, 0x00000000f64b0000, 0x0000000100000000)
 Metaspace       used 13922K, capacity 14270K, committed 14336K, reserved 1062912K
  class space    used 1647K, capacity 1767K, committed 1792K, reserved 1048576K
}
2019-10-16T14:16:44.000+0000: 3.852: Total time for which application threads were stopped: 0.0018313 seconds, Stopping threads took: 0.0004616 seconds
{Heap before GC invocations=115 (full 0):
 par new generation   total 4928K, used 4591K [0x00000000f0800000, 0x00000000f0d50000, 0x00000000f5a00000)
  eden space 4416K, 100% used [0x00000000f0800000, 0x00000000f0c50000, 0x00000000f0c50000)
  from space 512K,  34% used [0x00000000f0cd0000, 0x00000000f0cfbdf0, 0x00000000f0d50000)
  to   space 512K,   0% used [0x00000000f0c50000, 0x00000000f0c50000, 0x00000000f0cd0000)
 concurrent mark-sweep generation total 10944K, used 5267K [0x00000000f5a00000, 0x00000000f64b0000, 0x0000000100000000)
 Metaspace       used 13980K, capacity 14334K, committed 14592K, reserved 1062912K
  class space    used 1655K, capacity 1767K, committed 1792K, reserved 1048576K
2019-10-16T14:16:44.018+0000: 3.870: [GC (Allocation Failure) 2019-10-16T14:16:44.018+0000: 3.870: [ParNew
Desired survivor size 262144 bytes, new threshold 6 (max 6)
- age   1:      15752 bytes,      15752 total
- age   2:      12096 bytes,      27848 total
- age   3:       9288 bytes,      37136 total
- age   4:      19560 bytes,      56696 total
- age   5:      32368 bytes,      89064 total
- age   6:       7872 bytes,      96936 total
: 4591K->115K(4928K), 0.0014860 secs] 9859K->5388K(15872K), 0.0015540 secs] [Times: user=0.00 sys=0.00, real=0.00 secs] 
Heap after GC invocations=116 (full 0):
 par new generation   total 4928K, used 115K [0x00000000f0800000, 0x00000000f0d50000, 0x00000000f5a00000)
  eden space 4416K,   0% used [0x00000000f0800000, 0x00000000f0800000, 0x00000000f0c50000)
  from space 512K,  22% used [0x00000000f0c50000, 0x00000000f0c6cd00, 0x00000000f0cd0000)
  to   space 512K,   0% used [0x00000000f0cd0000, 0x00000000f0cd0000, 0x00000000f0d50000)
 concurrent mark-sweep generation total 10944K, used 5273K [0x00000000f5a00000, 0x00000000f64b0000, 0x0000000100000000)
 Metaspace       used 13980K, capacity 14334K, committed 14592K, reserved 1062912K
  class space    used 1655K, capacity 1767K, committed 1792K, reserved 1048576K
}
2019-10-16T14:16:44.020+0000: 3.872: Total time for which application threads were stopped: 0.0037176 seconds, Stopping threads took: 0.0020727 seconds
{Heap before GC invocations=116 (full 0):
 par new generation   total 4928K, used 4531K [0x00000000f0800000, 0x00000000f0d50000, 0x00000000f5a00000)
  eden space 4416K, 100% used [0x00000000f0800000, 0x00000000f0c50000, 0x00000000f0c50000)
  from space 512K,  22% used [0x00000000f0c50000, 0x00000000f0c6cd00, 0x00000000f0cd0000)
  to   space 512K,   0% used [0x00000000f0cd0000, 0x00000000f0cd0000, 0x00000000f0d50000)
 concurrent mark-sweep generation total 10944K, used 5273K [0x00000000f5a00000, 0x00000000f64b0000, 0x0000000100000000)
 Metaspace       used 14038K, capacity 14404K, committed 14592K, reserved 1062912K
  class space    used 1660K, capacity 1768K, committed 1792K, reserved 1048576K
2019-10-16T14:16:44.036+0000: 3.888: [GC (Allocation Failure) 2019-10-16T14:16:44.036+0000: 3.888: [ParNew
Desired survivor size 262144 bytes, new threshold 6 (max 6)
- age   1:      18336 bytes,      18336 total
- age   2:      11032 bytes,      29368 total
- age   3:      12008 bytes,      41376 total
- age   4:       9072 bytes,      50448 total
- age   5:      19560 bytes,      70008 total
- age   6:      30512 bytes,     100520 total
: 4531K->169K(4928K), 0.0012597 secs] 9804K->5451K(15872K), 0.0013090 secs] [Times: user=0.00 sys=0.00, real=0.00 secs] 
Heap after GC invocations=117 (full 0):
 par new generation   total 4928K, used 169K [0x00000000f0800000, 0x00000000f0d50000, 0x00000000f5a00000)
  eden space 4416K,   0% used [0x00000000f0800000, 0x00000000f0800000, 0x00000000f0c50000)
  from space 512K,  33% used [0x00000000f0cd0000, 0x00000000f0cfa760, 0x00000000f0d50000)
  to   space 512K,   0% used [0x00000000f0c50000, 0x00000000f0c50000, 0x00000000f0cd0000)
 concurrent mark-sweep generation total 10944K, used 5281K [0x00000000f5a00000, 0x00000000f64b0000, 0x0000000100000000)
 Metaspace       used 14038K, capacity 14404K, committed 14592K, reserved 1062912K
  class space    used 1660K, capacity 1768K, committed 1792K, reserved 1048576K
}
2019-10-16T14:16:44.038+0000: 3.890: Total time for which application threads were stopped: 0.0014198 seconds, Stopping threads took: 0.0000207 seconds
{Heap before GC invocations=117 (full 0):
 par new generation   total 4928K, used 4585K [0x00000000f0800000, 0x00000000f0d50000, 0x00000000f5a00000)
  eden space 4416K, 100% used [0x00000000f0800000, 0x00000000f0c50000, 0x00000000f0c50000)
  from space 512K,  33% used [0x00000000f0cd0000, 0x00000000f0cfa760, 0x00000000f0d50000)
  to   space 512K,   0% used [0x00000000f0c50000, 0x00000000f0c50000, 0x00000000f0cd0000)
 concurrent mark-sweep generation total 10944K, used 5281K [0x00000000f5a00000, 0x00000000f64b0000, 0x0000000100000000)
 Metaspace       used 14060K, capacity 14404K, committed 14592K, reserved 1062912K
  class space    used 1666K, capacity 1768K, committed 1792K, reserved 1048576K
2019-10-16T14:16:44.051+0000: 3.903: [GC (Allocation Failure) 2019-10-16T14:16:44.051+0000: 3.903: [ParNew
Desired survivor size 262144 bytes, new threshold 6 (max 6)
- age   1:      14984 bytes,      14984 total
- age   2:      14832 bytes,      29816 total
- age   3:      11032 bytes,      40848 total
- age   4:      12008 bytes,      52856 total
- age   5:       9072 bytes,      61928 total
- age   6:      18840 bytes,      80768 total
: 4585K->116K(4928K), 0.0012792 secs] 9867K->5427K(15872K), 0.0013372 secs] [Times: user=0.00 sys=0.00, real=0.00 secs] 
Heap after GC invocations=118 (full 0):
 par new generation   total 4928K, used 116K [0x00000000f0800000, 0x00000000f0d50000, 0x00000000f5a00000)
  eden space 4416K,   0% used [0x00000000f0800000, 0x00000000f0800000, 0x00000000f0c50000)
  from space 512K,  22% used [0x00000000f0c50000, 0x00000000f0c6d0e0, 0x00000000f0cd0000)
  to   space 512K,   0% used [0x00000000f0cd0000, 0x00000000f0cd0000, 0x00000000f0d50000)
 concurrent mark-sweep generation total 10944K, used 5311K [0x00000000f5a00000, 0x00000000f64b0000, 0x0000000100000000)
 Metaspace       used 14060K, capacity 14404K, committed 14592K, reserved 1062912K
  class space    used 1666K, capacity 1768K, committed 1792K, reserved 1048576K
}
2019-10-16T14:16:44.052+0000: 3.904: Total time for which application threads were stopped: 0.0014318 seconds, Stopping threads took: 0.0000197 seconds
{Heap before GC invocations=118 (full 0):
 par new generation   total 4928K, used 4532K [0x00000000f0800000, 0x00000000f0d50000, 0x00000000f5a00000)
  eden space 4416K, 100% used [0x00000000f0800000, 0x00000000f0c50000, 0x00000000f0c50000)
  from space 512K,  22% used [0x00000000f0c50000, 0x00000000f0c6d0e0, 0x00000000f0cd0000)
  to   space 512K,   0% used [0x00000000f0cd0000, 0x00000000f0cd0000, 0x00000000f0d50000)
 concurrent mark-sweep generation total 10944K, used 5311K [0x00000000f5a00000, 0x00000000f64b0000, 0x0000000100000000)
 Metaspace       used 14076K, capacity 14404K, committed 14592K, reserved 1062912K
  class space    used 1670K, capacity 1768K, committed 1792K, reserved 1048576K
2019-10-16T14:16:44.070+0000: 3.922: [GC (Allocation Failure) 2019-10-16T14:16:44.070+0000: 3.922: [ParNew
Desired survivor size 262144 bytes, new threshold 6 (max 6)
- age   1:      12624 bytes,      12624 total
- age   2:      11576 bytes,      24200 total
- age   3:      14832 bytes,      39032 total
- age   4:      11032 bytes,      50064 total
- age   5:      12008 bytes,      62072 total
- age   6:       7576 bytes,      69648 total
: 4532K->73K(4928K), 0.0012619 secs] 9843K->5403K(15872K), 0.0013088 secs] [Times: user=0.00 sys=0.00, real=0.00 secs] 
Heap after GC invocations=119 (full 0):
 par new generation   total 4928K, used 73K [0x00000000f0800000, 0x00000000f0d50000, 0x00000000f5a00000)
  eden space 4416K,   0% used [0x00000000f0800000, 0x00000000f0800000, 0x00000000f0c50000)
  from space 512K,  14% used [0x00000000f0cd0000, 0x00000000f0ce26c8, 0x00000000f0d50000)
  to   space 512K,   0% used [0x00000000f0c50000, 0x00000000f0c50000, 0x00000000f0cd0000)
 concurrent mark-sweep generation total 10944K, used 5330K [0x00000000f5a00000, 0x00000000f64b0000, 0x0000000100000000)
 Metaspace       used 14076K, capacity 14404K, committed 14592K, reserved 1062912K
  class space    used 1670K, capacity 1768K, committed 1792K, reserved 1048576K
}
2019-10-16T14:16:44.072+0000: 3.924: Total time for which application threads were stopped: 0.0064961 seconds, Stopping threads took: 0.0051025 seconds
{Heap before GC invocations=119 (full 0):
 par new generation   total 4928K, used 4489K [0x00000000f0800000, 0x00000000f0d50000, 0x00000000f5a00000)
  eden space 4416K, 100% used [0x00000000f0800000, 0x00000000f0c50000, 0x00000000f0c50000)
  from space 512K,  14% used [0x00000000f0cd0000, 0x00000000f0ce26c8, 0x00000000f0d50000)
  to   space 512K,   0% used [0x00000000f0c50000, 0x00000000f0c50000, 0x00000000f0cd0000)
 concurrent mark-sweep generation total 10944K, used 5330K [0x00000000f5a00000, 0x00000000f64b0000, 0x0000000100000000)
 Metaspace       used 14114K, capacity 14436K, committed 14720K, reserved 1062912K
  class space    used 1677K, capacity 1800K, committed 1920K, reserved 1048576K
2019-10-16T14:16:44.090+0000: 3.942: [GC (Allocation Failure) 2019-10-16T14:16:44.090+0000: 3.942: [ParNew
Desired survivor size 262144 bytes, new threshold 6 (max 6)
- age   1:      24856 bytes,      24856 total
- age   2:       9344 bytes,      34200 total
- age   3:      11576 bytes,      45776 total
- age   4:      14616 bytes,      60392 total
- age   5:      11032 bytes,      71424 total
- age   6:      11304 bytes,      82728 total
: 4489K->138K(4928K), 0.0013282 secs] 9819K->5475K(15872K), 0.0013695 secs] [Times: user=0.00 sys=0.00, real=0.00 secs] 
Heap after GC invocations=120 (full 0):
 par new generation   total 4928K, used 138K [0x00000000f0800000, 0x00000000f0d50000, 0x00000000f5a00000)
  eden space 4416K,   0% used [0x00000000f0800000, 0x00000000f0800000, 0x00000000f0c50000)
  from space 512K,  26% used [0x00000000f0c50000, 0x00000000f0c728c0, 0x00000000f0cd0000)
  to   space 512K,   0% used [0x00000000f0cd0000, 0x00000000f0cd0000, 0x00000000f0d50000)
 concurrent mark-sweep generation total 10944K, used 5336K [0x00000000f5a00000, 0x00000000f64b0000, 0x0000000100000000)
 Metaspace       used 14114K, capacity 14436K, committed 14720K, reserved 1062912K
  class space    used 1677K, capacity 1800K, committed 1920K, reserved 1048576K
}
2019-10-16T14:16:44.092+0000: 3.944: Total time for which application threads were stopped: 0.0014781 seconds, Stopping threads took: 0.0000250 seconds
{Heap before GC invocations=120 (full 0):
 par new generation   total 4928K, used 4554K [0x00000000f0800000, 0x00000000f0d50000, 0x00000000f5a00000)
  eden space 4416K, 100% used [0x00000000f0800000, 0x00000000f0c50000, 0x00000000f0c50000)
  from space 512K,  26% used [0x00000000f0c50000, 0x00000000f0c728c0, 0x00000000f0cd0000)
  to   space 512K,   0% used [0x00000000f0cd0000, 0x00000000f0cd0000, 0x00000000f0d50000)
 concurrent mark-sweep generation total 10944K, used 5336K [0x00000000f5a00000, 0x00000000f64b0000, 0x0000000100000000)
 Metaspace       used 14159K, capacity 14506K, committed 14720K, reserved 1062912K
  class space    used 1684K, capacity 1801K, committed 1920K, reserved 1048576K
2019-10-16T14:16:44.104+0000: 3.956: [GC (Allocation Failure) 2019-10-16T14:16:44.104+0000: 3.956: [ParNew
Desired survivor size 262144 bytes, new threshold 6 (max 6)
- age   1:      18648 bytes,      18648 total
- age   2:      20960 bytes,      39608 total
- age   3:       9344 bytes,      48952 total
- age   4:      11576 bytes,      60528 total
- age   5:      14584 bytes,      75112 total
- age   6:      10928 bytes,      86040 total
: 4554K->95K(4928K), 0.0012114 secs] 9891K->5441K(15872K), 0.0012540 secs] [Times: user=0.00 sys=0.00, real=0.00 secs] 
Heap after GC invocations=121 (full 0):
 par new generation   total 4928K, used 95K [0x00000000f0800000, 0x00000000f0d50000, 0x00000000f5a00000)
  eden space 4416K,   0% used [0x00000000f0800000, 0x00000000f0800000, 0x00000000f0c50000)
  from space 512K,  18% used [0x00000000f0cd0000, 0x00000000f0ce7c00, 0x00000000f0d50000)
  to   space 512K,   0% used [0x00000000f0c50000, 0x00000000f0c50000, 0x00000000f0cd0000)
 concurrent mark-sweep generation total 10944K, used 5346K [0x00000000f5a00000, 0x00000000f64b0000, 0x0000000100000000)
 Metaspace       used 14159K, capacity 14506K, committed 14720K, reserved 1062912K
  class space    used 1684K, capacity 1801K, committed 1920K, reserved 1048576K
}
2019-10-16T14:16:44.105+0000: 3.957: Total time for which application threads were stopped: 0.0013690 seconds, Stopping threads took: 0.0000278 seconds
{Heap before GC invocations=121 (full 0):
 par new generation   total 4928K, used 4511K [0x00000000f0800000, 0x00000000f0d50000, 0x00000000f5a00000)
  eden space 4416K, 100% used [0x00000000f0800000, 0x00000000f0c50000, 0x00000000f0c50000)
  from space 512K,  18% used [0x00000000f0cd0000, 0x00000000f0ce7c00, 0x00000000f0d50000)
  to   space 512K,   0% used [0x00000000f0c50000, 0x00000000f0c50000, 0x00000000f0cd0000)
 concurrent mark-sweep generation total 10944K, used 5346K [0x00000000f5a00000, 0x00000000f64b0000, 0x0000000100000000)
 Metaspace       used 14194K, capacity 14578K, committed 14976K, reserved 1062912K
  class space    used 1691K, capacity 1805K, committed 1920K, reserved 1048576K
2019-10-16T14:16:44.126+0000: 3.978: [GC (Allocation Failure) 2019-10-16T14:16:44.126+0000: 3.978: [ParNew
Desired survivor size 262144 bytes, new threshold 6 (max 6)
- age   1:      17312 bytes,      17312 total
- age   2:      15384 bytes,      32696 total
- age   3:      20960 bytes,      53656 total
- age   4:       9344 bytes,      63000 total
- age   5:      11576 bytes,      74576 total
- age   6:      14184 bytes,      88760 total
: 4511K->148K(4928K), 0.0015162 secs] 9857K->5505K(15872K), 0.0015626 secs] [Times: user=0.01 sys=0.00, real=0.00 secs] 
Heap after GC invocations=122 (full 0):
 par new generation   total 4928K, used 148K [0x00000000f0800000, 0x00000000f0d50000, 0x00000000f5a00000)
  eden space 4416K,   0% used [0x00000000f0800000, 0x00000000f0800000, 0x00000000f0c50000)
  from space 512K,  29% used [0x00000000f0c50000, 0x00000000f0c75220, 0x00000000f0cd0000)
  to   space 512K,   0% used [0x00000000f0cd0000, 0x00000000f0cd0000, 0x00000000f0d50000)
 concurrent mark-sweep generation total 10944K, used 5356K [0x00000000f5a00000, 0x00000000f64b0000, 0x0000000100000000)
 Metaspace       used 14194K, capacity 14578K, committed 14976K, reserved 1062912K
  class space    used 1691K, capacity 1805K, committed 1920K, reserved 1048576K
}
2019-10-16T14:16:44.127+0000: 3.979: Total time for which application threads were stopped: 0.0045193 seconds, Stopping threads took: 0.0028543 seconds
{Heap before GC invocations=122 (full 0):
 par new generation   total 4928K, used 4564K [0x00000000f0800000, 0x00000000f0d50000, 0x00000000f5a00000)
  eden space 4416K, 100% used [0x00000000f0800000, 0x00000000f0c50000, 0x00000000f0c50000)
  from space 512K,  29% used [0x00000000f0c50000, 0x00000000f0c75220, 0x00000000f0cd0000)
  to   space 512K,   0% used [0x00000000f0cd0000, 0x00000000f0cd0000, 0x00000000f0d50000)
 concurrent mark-sweep generation total 10944K, used 5356K [0x00000000f5a00000, 0x00000000f64b0000, 0x0000000100000000)
 Metaspace       used 14251K, capacity 14648K, committed 14976K, reserved 1062912K
  class space    used 1697K, capacity 1806K, committed 1920K, reserved 1048576K
2019-10-16T14:16:44.145+0000: 3.997: [GC (Allocation Failure) 2019-10-16T14:16:44.145+0000: 3.997: [ParNew
Desired survivor size 262144 bytes, new threshold 6 (max 6)
- age   1:      32984 bytes,      32984 total
- age   2:      14176 bytes,      47160 total
- age   3:      15320 bytes,      62480 total
- age   4:      20960 bytes,      83440 total
- age   5:       9344 bytes,      92784 total
- age   6:      11576 bytes,     104360 total
: 4564K->102K(4928K), 0.0017273 secs] 9921K->5472K(15872K), 0.0017782 secs] [Times: user=0.00 sys=0.00, real=0.00 secs] 
Heap after GC invocations=123 (full 0):
 par new generation   total 4928K, used 102K [0x00000000f0800000, 0x00000000f0d50000, 0x00000000f5a00000)
  eden space 4416K,   0% used [0x00000000f0800000, 0x00000000f0800000, 0x00000000f0c50000)
  from space 512K,  20% used [0x00000000f0cd0000, 0x00000000f0ce9a40, 0x00000000f0d50000)
  to   space 512K,   0% used [0x00000000f0c50000, 0x00000000f0c50000, 0x00000000f0cd0000)
 concurrent mark-sweep generation total 10944K, used 5369K [0x00000000f5a00000, 0x00000000f64b0000, 0x0000000100000000)
 Metaspace       used 14251K, capacity 14648K, committed 14976K, reserved 1062912K
  class space    used 1697K, capacity 1806K, committed 1920K, reserved 1048576K
}
2019-10-16T14:16:44.147+0000: 3.999: Total time for which application threads were stopped: 0.0019109 seconds, Stopping threads took: 0.0000228 seconds
{Heap before GC invocations=123 (full 0):
 par new generation   total 4928K, used 4518K [0x00000000f0800000, 0x00000000f0d50000, 0x00000000f5a00000)
  eden space 4416K, 100% used [0x00000000f0800000, 0x00000000f0c50000, 0x00000000f0c50000)
  from space 512K,  20% used [0x00000000f0cd0000, 0x00000000f0ce9a40, 0x00000000f0d50000)
  to   space 512K,   0% used [0x00000000f0c50000, 0x00000000f0c50000, 0x00000000f0cd0000)
 concurrent mark-sweep generation total 10944K, used 5369K [0x00000000f5a00000, 0x00000000f64b0000, 0x0000000100000000)
 Metaspace       used 14270K, capacity 14648K, committed 14976K, reserved 1062912K
  class space    used 1701K, capacity 1806K, committed 1920K, reserved 1048576K
2019-10-16T14:16:44.163+0000: 4.015: [GC (Allocation Failure) 2019-10-16T14:16:44.163+0000: 4.015: [ParNew
Desired survivor size 262144 bytes, new threshold 6 (max 6)
- age   1:      11576 bytes,      11576 total
- age   2:      28064 bytes,      39640 total
- age   3:      14176 bytes,      53816 total
- age   4:      15320 bytes,      69136 total
- age   5:      20944 bytes,      90080 total
- age   6:       9344 bytes,      99424 total
: 4518K->177K(4928K), 0.0012855 secs] 9888K->5557K(15872K), 0.0013178 secs] [Times: user=0.00 sys=0.00, real=0.00 secs] 
Heap after GC invocations=124 (full 0):
 par new generation   total 4928K, used 177K [0x00000000f0800000, 0x00000000f0d50000, 0x00000000f5a00000)
  eden space 4416K,   0% used [0x00000000f0800000, 0x00000000f0800000, 0x00000000f0c50000)
  from space 512K,  34% used [0x00000000f0c50000, 0x00000000f0c7c630, 0x00000000f0cd0000)
  to   space 512K,   0% used [0x00000000f0cd0000, 0x00000000f0cd0000, 0x00000000f0d50000)
 concurrent mark-sweep generation total 10944K, used 5380K [0x00000000f5a00000, 0x00000000f64b0000, 0x0000000100000000)
 Metaspace       used 14270K, capacity 14648K, committed 14976K, reserved 1062912K
  class space    used 1701K, capacity 1806K, committed 1920K, reserved 1048576K
}
2019-10-16T14:16:44.164+0000: 4.016: Total time for which application threads were stopped: 0.0062795 seconds, Stopping threads took: 0.0048852 seconds
{Heap before GC invocations=124 (full 0):
 par new generation   total 4928K, used 4593K [0x00000000f0800000, 0x00000000f0d50000, 0x00000000f5a00000)
  eden space 4416K, 100% used [0x00000000f0800000, 0x00000000f0c50000, 0x00000000f0c50000)
  from space 512K,  34% used [0x00000000f0c50000, 0x00000000f0c7c630, 0x00000000f0cd0000)
  to   space 512K,   0% used [0x00000000f0cd0000, 0x00000000f0cd0000, 0x00000000f0d50000)
 concurrent mark-sweep generation total 10944K, used 5380K [0x00000000f5a00000, 0x00000000f64b0000, 0x0000000100000000)
 Metaspace       used 14285K, capacity 14648K, committed 14976K, reserved 1062912K
  class space    used 1705K, capacity 1806K, committed 1920K, reserved 1048576K
2019-10-16T14:16:44.182+0000: 4.034: [GC (Allocation Failure) 2019-10-16T14:16:44.182+0000: 4.034: [ParNew
Desired survivor size 262144 bytes, new threshold 6 (max 6)
- age   1:      14088 bytes,      14088 total
- age   2:       7440 bytes,      21528 total
- age   3:      28000 bytes,      49528 total
- age   4:      14176 bytes,      63704 total
- age   5:      15152 bytes,      78856 total
- age   6:      20944 bytes,      99800 total
: 4593K->117K(4928K), 0.0014103 secs] 9973K->5505K(15872K), 0.0014557 secs] [Times: user=0.00 sys=0.00, real=0.00 secs] 
Heap after GC invocations=125 (full 0):
 par new generation   total 4928K, used 117K [0x00000000f0800000, 0x00000000f0d50000, 0x00000000f5a00000)
  eden space 4416K,   0% used [0x00000000f0800000, 0x00000000f0800000, 0x00000000f0c50000)
  from space 512K,  22% used [0x00000000f0cd0000, 0x00000000f0ced4e0, 0x00000000f0d50000)
  to   space 512K,   0% used [0x00000000f0c50000, 0x00000000f0c50000, 0x00000000f0cd0000)
 concurrent mark-sweep generation total 10944K, used 5388K [0x00000000f5a00000, 0x00000000f64b0000, 0x0000000100000000)
 Metaspace       used 14285K, capacity 14648K, committed 14976K, reserved 1062912K
  class space    used 1705K, capacity 1806K, committed 1920K, reserved 1048576K
}
2019-10-16T14:16:44.184+0000: 4.036: Total time for which application threads were stopped: 0.0015805 seconds, Stopping threads took: 0.0000379 seconds
{Heap before GC invocations=125 (full 0):
 par new generation   total 4928K, used 4533K [0x00000000f0800000, 0x00000000f0d50000, 0x00000000f5a00000)
  eden space 4416K, 100% used [0x00000000f0800000, 0x00000000f0c50000, 0x00000000f0c50000)
  from space 512K,  22% used [0x00000000f0cd0000, 0x00000000f0ced4e0, 0x00000000f0d50000)
  to   space 512K,   0% used [0x00000000f0c50000, 0x00000000f0c50000, 0x00000000f0cd0000)
 concurrent mark-sweep generation total 10944K, used 5388K [0x00000000f5a00000, 0x00000000f64b0000, 0x0000000100000000)
 Metaspace       used 14298K, capacity 14648K, committed 14976K, reserved 1062912K
  class space    used 1707K, capacity 1806K, committed 1920K, reserved 1048576K
2019-10-16T14:16:44.194+0000: 4.046: [GC (Allocation Failure) 2019-10-16T14:16:44.194+0000: 4.046: [ParNew
Desired survivor size 262144 bytes, new threshold 6 (max 6)
- age   1:      13296 bytes,      13296 total
- age   2:      10688 bytes,      23984 total
- age   3:       7440 bytes,      31424 total
- age   4:      28000 bytes,      59424 total
- age   5:      14176 bytes,      73600 total
- age   6:      15152 bytes,      88752 total
: 4533K->87K(4928K), 0.0013551 secs] 9921K->5496K(15872K), 0.0013876 secs] [Times: user=0.00 sys=0.00, real=0.00 secs] 
Heap after GC invocations=126 (full 0):
 par new generation   total 4928K, used 87K [0x00000000f0800000, 0x00000000f0d50000, 0x00000000f5a00000)
  eden space 4416K,   0% used [0x00000000f0800000, 0x00000000f0800000, 0x00000000f0c50000)
  from space 512K,  17% used [0x00000000f0c50000, 0x00000000f0c65ef8, 0x00000000f0cd0000)
  to   space 512K,   0% used [0x00000000f0cd0000, 0x00000000f0cd0000, 0x00000000f0d50000)
 concurrent mark-sweep generation total 10944K, used 5409K [0x00000000f5a00000, 0x00000000f64b0000, 0x0000000100000000)
 Metaspace       used 14298K, capacity 14648K, committed 14976K, reserved 1062912K
  class space    used 1707K, capacity 1806K, committed 1920K, reserved 1048576K
}
2019-10-16T14:16:44.195+0000: 4.048: Total time for which application threads were stopped: 0.0014812 seconds, Stopping threads took: 0.0000182 seconds
{Heap before GC invocations=126 (full 0):
 par new generation   total 4928K, used 4503K [0x00000000f0800000, 0x00000000f0d50000, 0x00000000f5a00000)
  eden space 4416K, 100% used [0x00000000f0800000, 0x00000000f0c50000, 0x00000000f0c50000)
  from space 512K,  17% used [0x00000000f0c50000, 0x00000000f0c65ef8, 0x00000000f0cd0000)
  to   space 512K,   0% used [0x00000000f0cd0000, 0x00000000f0cd0000, 0x00000000f0d50000)
 concurrent mark-sweep generation total 10944K, used 5409K [0x00000000f5a00000, 0x00000000f64b0000, 0x0000000100000000)
 Metaspace       used 14314K, capacity 14648K, committed 14976K, reserved 1062912K
  class space    used 1712K, capacity 1806K, committed 1920K, reserved 1048576K
2019-10-16T14:16:44.210+0000: 4.062: [GC (Allocation Failure) 2019-10-16T14:16:44.210+0000: 4.062: [ParNew
Desired survivor size 262144 bytes, new threshold 6 (max 6)
- age   1:      11672 bytes,      11672 total
- age   2:       7928 bytes,      19600 total
- age   3:      10688 bytes,      30288 total
- age   4:       7440 bytes,      37728 total
- age   5:      28000 bytes,      65728 total
- age   6:      14176 bytes,      79904 total
: 4503K->87K(4928K), 0.0012859 secs] 9912K->5511K(15872K), 0.0013385 secs] [Times: user=0.00 sys=0.00, real=0.01 secs] 
Heap after GC invocations=127 (full 0):
 par new generation   total 4928K, used 87K [0x00000000f0800000, 0x00000000f0d50000, 0x00000000f5a00000)
  eden space 4416K,   0% used [0x00000000f0800000, 0x00000000f0800000, 0x00000000f0c50000)
  from space 512K,  17% used [0x00000000f0cd0000, 0x00000000f0ce5ce8, 0x00000000f0d50000)
  to   space 512K,   0% used [0x00000000f0c50000, 0x00000000f0c50000, 0x00000000f0cd0000)
 concurrent mark-sweep generation total 10944K, used 5424K [0x00000000f5a00000, 0x00000000f64b0000, 0x0000000100000000)
 Metaspace       used 14314K, capacity 14648K, committed 14976K, reserved 1062912K
  class space    used 1712K, capacity 1806K, committed 1920K, reserved 1048576K
}
2019-10-16T14:16:44.212+0000: 4.064: Total time for which application threads were stopped: 0.0049072 seconds, Stopping threads took: 0.0034933 seconds
{Heap before GC invocations=127 (full 0):
 par new generation   total 4928K, used 4503K [0x00000000f0800000, 0x00000000f0d50000, 0x00000000f5a00000)
  eden space 4416K, 100% used [0x00000000f0800000, 0x00000000f0c50000, 0x00000000f0c50000)
  from space 512K,  17% used [0x00000000f0cd0000, 0x00000000f0ce5ce8, 0x00000000f0d50000)
  to   space 512K,   0% used [0x00000000f0c50000, 0x00000000f0c50000, 0x00000000f0cd0000)
 concurrent mark-sweep generation total 10944K, used 5424K [0x00000000f5a00000, 0x00000000f64b0000, 0x0000000100000000)
 Metaspace       used 14340K, capacity 14750K, committed 14976K, reserved 1062912K
  class space    used 1716K, capacity 1839K, committed 1920K, reserved 1048576K
2019-10-16T14:16:44.231+0000: 4.084: [GC (Allocation Failure) 2019-10-16T14:16:44.231+0000: 4.084: [ParNew
Desired survivor size 262144 bytes, new threshold 6 (max 6)
- age   1:      27624 bytes,      27624 total
- age   2:       8312 bytes,      35936 total
- age   3:       7864 bytes,      43800 total
- age   4:      10664 bytes,      54464 total
- age   5:       7280 bytes,      61744 total
- age   6:      28000 bytes,      89744 total
: 4503K->159K(4928K), 0.0015165 secs] 9927K->5597K(15872K), 0.0015591 secs] [Times: user=0.00 sys=0.00, real=0.00 secs] 
Heap after GC invocations=128 (full 0):
 par new generation   total 4928K, used 159K [0x00000000f0800000, 0x00000000f0d50000, 0x00000000f5a00000)
  eden space 4416K,   0% used [0x00000000f0800000, 0x00000000f0800000, 0x00000000f0c50000)
  from space 512K,  31% used [0x00000000f0c50000, 0x00000000f0c77da0, 0x00000000f0cd0000)
  to   space 512K,   0% used [0x00000000f0cd0000, 0x00000000f0cd0000, 0x00000000f0d50000)
 concurrent mark-sweep generation total 10944K, used 5438K [0x00000000f5a00000, 0x00000000f64b0000, 0x0000000100000000)
 Metaspace       used 14340K, capacity 14750K, committed 14976K, reserved 1062912K
  class space    used 1716K, capacity 1839K, committed 1920K, reserved 1048576K
}
2019-10-16T14:16:44.233+0000: 4.085: Total time for which application threads were stopped: 0.0056964 seconds, Stopping threads took: 0.0040514 seconds
{Heap before GC invocations=128 (full 0):
 par new generation   total 4928K, used 4575K [0x00000000f0800000, 0x00000000f0d50000, 0x00000000f5a00000)
  eden space 4416K, 100% used [0x00000000f0800000, 0x00000000f0c50000, 0x00000000f0c50000)
  from space 512K,  31% used [0x00000000f0c50000, 0x00000000f0c77da0, 0x00000000f0cd0000)
  to   space 512K,   0% used [0x00000000f0cd0000, 0x00000000f0cd0000, 0x00000000f0d50000)
 concurrent mark-sweep generation total 10944K, used 5438K [0x00000000f5a00000, 0x00000000f64b0000, 0x0000000100000000)
 Metaspace       used 14371K, capacity 14750K, committed 14976K, reserved 1062912K
  class space    used 1720K, capacity 1839K, committed 1920K, reserved 1048576K
2019-10-16T14:16:44.266+0000: 4.118: [GC (Allocation Failure) 2019-10-16T14:16:44.266+0000: 4.118: [ParNew
Desired survivor size 262144 bytes, new threshold 6 (max 6)
- age   1:      88856 bytes,      88856 total
- age   2:      24048 bytes,     112904 total
- age   3:       8280 bytes,     121184 total
- age   4:       7864 bytes,     129048 total
- age   5:      10664 bytes,     139712 total
- age   6:       7280 bytes,     146992 total
: 4575K->158K(4928K), 0.0017322 secs] 10013K->5623K(15872K), 0.0018008 secs] [Times: user=0.00 sys=0.00, real=0.00 secs] 
Heap after GC invocations=129 (full 0):
 par new generation   total 4928K, used 158K [0x00000000f0800000, 0x00000000f0d50000, 0x00000000f5a00000)
  eden space 4416K,   0% used [0x00000000f0800000, 0x00000000f0800000, 0x00000000f0c50000)
  from space 512K,  30% used [0x00000000f0cd0000, 0x00000000f0cf7828, 0x00000000f0d50000)
  to   space 512K,   0% used [0x00000000f0c50000, 0x00000000f0c50000, 0x00000000f0cd0000)
 concurrent mark-sweep generation total 10944K, used 5465K [0x00000000f5a00000, 0x00000000f64b0000, 0x0000000100000000)
 Metaspace       used 14371K, capacity 14750K, committed 14976K, reserved 1062912K
  class space    used 1720K, capacity 1839K, committed 1920K, reserved 1048576K
}
2019-10-16T14:16:44.268+0000: 4.120: Total time for which application threads were stopped: 0.0041460 seconds, Stopping threads took: 0.0022544 seconds
{Heap before GC invocations=129 (full 0):
 par new generation   total 4928K, used 4574K [0x00000000f0800000, 0x00000000f0d50000, 0x00000000f5a00000)
  eden space 4416K, 100% used [0x00000000f0800000, 0x00000000f0c50000, 0x00000000f0c50000)
  from space 512K,  30% used [0x00000000f0cd0000, 0x00000000f0cf7828, 0x00000000f0d50000)
  to   space 512K,   0% used [0x00000000f0c50000, 0x00000000f0c50000, 0x00000000f0cd0000)
 concurrent mark-sweep generation total 10944K, used 5465K [0x00000000f5a00000, 0x00000000f64b0000, 0x0000000100000000)
 Metaspace       used 14414K, capacity 14756K, committed 14976K, reserved 1062912K
  class space    used 1724K, capacity 1840K, committed 1920K, reserved 1048576K
2019-10-16T14:16:44.305+0000: 4.157: [GC (Allocation Failure) 2019-10-16T14:16:44.305+0000: 4.157: [ParNew
Desired survivor size 262144 bytes, new threshold 6 (max 6)
- age   1:     117096 bytes,     117096 total
- age   2:      85624 bytes,     202720 total
- age   3:      23984 bytes,     226704 total
- age   4:       7688 bytes,     234392 total
- age   5:       6872 bytes,     241264 total
- age   6:      10664 bytes,     251928 total
: 4574K->360K(4928K), 0.0017573 secs] 10039K->5832K(15872K), 0.0018161 secs] [Times: user=0.00 sys=0.00, real=0.00 secs] 
Heap after GC invocations=130 (full 0):
 par new generation   total 4928K, used 360K [0x00000000f0800000, 0x00000000f0d50000, 0x00000000f5a00000)
  eden space 4416K,   0% used [0x00000000f0800000, 0x00000000f0800000, 0x00000000f0c50000)
  from space 512K,  70% used [0x00000000f0c50000, 0x00000000f0caa348, 0x00000000f0cd0000)
  to   space 512K,   0% used [0x00000000f0cd0000, 0x00000000f0cd0000, 0x00000000f0d50000)
 concurrent mark-sweep generation total 10944K, used 5471K [0x00000000f5a00000, 0x00000000f64b0000, 0x0000000100000000)
 Metaspace       used 14414K, capacity 14756K, committed 14976K, reserved 1062912K
  class space    used 1724K, capacity 1840K, committed 1920K, reserved 1048576K
}
2019-10-16T14:16:44.306+0000: 4.158: Total time for which application threads were stopped: 0.0019377 seconds, Stopping threads took: 0.0000225 seconds
{Heap before GC invocations=130 (full 0):
 par new generation   total 4928K, used 4776K [0x00000000f0800000, 0x00000000f0d50000, 0x00000000f5a00000)
  eden space 4416K, 100% used [0x00000000f0800000, 0x00000000f0c50000, 0x00000000f0c50000)
  from space 512K,  70% used [0x00000000f0c50000, 0x00000000f0caa348, 0x00000000f0cd0000)
  to   space 512K,   0% used [0x00000000f0cd0000, 0x00000000f0cd0000, 0x00000000f0d50000)
 concurrent mark-sweep generation total 10944K, used 5471K [0x00000000f5a00000, 0x00000000f64b0000, 0x0000000100000000)
 Metaspace       used 14474K, capacity 14820K, committed 14976K, reserved 1062912K
  class space    used 1727K, capacity 1840K, committed 1920K, reserved 1048576K
2019-10-16T14:16:44.337+0000: 4.189: [GC (Allocation Failure) 2019-10-16T14:16:44.338+0000: 4.190: [ParNew
Desired survivor size 262144 bytes, new threshold 3 (max 6)
- age   1:      98088 bytes,      98088 total
- age   2:     105456 bytes,     203544 total
- age   3:      85624 bytes,     289168 total
- age   4:      23392 bytes,     312560 total
- age   5:       5304 bytes,     317864 total
- age   6:       6872 bytes,     324736 total
: 4776K->428K(4928K), 0.0018423 secs] 10248K->5910K(15872K), 0.0018945 secs] [Times: user=0.00 sys=0.00, real=0.00 secs] 
Heap after GC invocations=131 (full 0):
 par new generation   total 4928K, used 428K [0x00000000f0800000, 0x00000000f0d50000, 0x00000000f5a00000)
  eden space 4416K,   0% used [0x00000000f0800000, 0x00000000f0800000, 0x00000000f0c50000)
  from space 512K,  83% used [0x00000000f0cd0000, 0x00000000f0d3b0a0, 0x00000000f0d50000)
  to   space 512K,   0% used [0x00000000f0c50000, 0x00000000f0c50000, 0x00000000f0cd0000)
 concurrent mark-sweep generation total 10944K, used 5482K [0x00000000f5a00000, 0x00000000f64b0000, 0x0000000100000000)
 Metaspace       used 14474K, capacity 14820K, committed 14976K, reserved 1062912K
  class space    used 1727K, capacity 1840K, committed 1920K, reserved 1048576K
}
2019-10-16T14:16:44.339+0000: 4.191: Total time for which application threads were stopped: 0.0088816 seconds, Stopping threads took: 0.0068986 seconds
{Heap before GC invocations=131 (full 0):
 par new generation   total 4928K, used 4844K [0x00000000f0800000, 0x00000000f0d50000, 0x00000000f5a00000)
  eden space 4416K, 100% used [0x00000000f0800000, 0x00000000f0c50000, 0x00000000f0c50000)
  from space 512K,  83% used [0x00000000f0cd0000, 0x00000000f0d3b0a0, 0x00000000f0d50000)
  to   space 512K,   0% used [0x00000000f0c50000, 0x00000000f0c50000, 0x00000000f0cd0000)
 concurrent mark-sweep generation total 10944K, used 5482K [0x00000000f5a00000, 0x00000000f64b0000, 0x0000000100000000)
 Metaspace       used 14515K, capacity 14822K, committed 14976K, reserved 1062912K
  class space    used 1735K, capacity 1841K, committed 1920K, reserved 1048576K
2019-10-16T14:16:44.360+0000: 4.212: [GC (Allocation Failure) 2019-10-16T14:16:44.360+0000: 4.212: [ParNew
Desired survivor size 262144 bytes, new threshold 6 (max 6)
- age   1:      18840 bytes,      18840 total
- age   2:      90256 bytes,     109096 total
- age   3:     104600 bytes,     213696 total
: 4844K->291K(4928K), 0.0021905 secs] 10326K->5890K(15872K), 0.0022422 secs] [Times: user=0.00 sys=0.00, real=0.01 secs] 
Heap after GC invocations=132 (full 0):
 par new generation   total 4928K, used 291K [0x00000000f0800000, 0x00000000f0d50000, 0x00000000f5a00000)
  eden space 4416K,   0% used [0x00000000f0800000, 0x00000000f0800000, 0x00000000f0c50000)
  from space 512K,  57% used [0x00000000f0c50000, 0x00000000f0c98f98, 0x00000000f0cd0000)
  to   space 512K,   0% used [0x00000000f0cd0000, 0x00000000f0cd0000, 0x00000000f0d50000)
 concurrent mark-sweep generation total 10944K, used 5598K [0x00000000f5a00000, 0x00000000f64b0000, 0x0000000100000000)
 Metaspace       used 14515K, capacity 14822K, committed 14976K, reserved 1062912K
  class space    used 1735K, capacity 1841K, committed 1920K, reserved 1048576K
}
2019-10-16T14:16:44.363+0000: 4.215: Total time for which application threads were stopped: 0.0023425 seconds, Stopping threads took: 0.0000280 seconds
{Heap before GC invocations=132 (full 0):
 par new generation   total 4928K, used 4707K [0x00000000f0800000, 0x00000000f0d50000, 0x00000000f5a00000)
  eden space 4416K, 100% used [0x00000000f0800000, 0x00000000f0c50000, 0x00000000f0c50000)
  from space 512K,  57% used [0x00000000f0c50000, 0x00000000f0c98f98, 0x00000000f0cd0000)
  to   space 512K,   0% used [0x00000000f0cd0000, 0x00000000f0cd0000, 0x00000000f0d50000)
 concurrent mark-sweep generation total 10944K, used 5598K [0x00000000f5a00000, 0x00000000f64b0000, 0x0000000100000000)
 Metaspace       used 14570K, capacity 14950K, committed 15232K, reserved 1062912K
  class space    used 1745K, capacity 1841K, committed 1920K, reserved 1048576K
2019-10-16T14:16:44.377+0000: 4.229: [GC (Allocation Failure) 2019-10-16T14:16:44.377+0000: 4.229: [ParNew
Desired survivor size 262144 bytes, new threshold 6 (max 6)
- age   1:      31720 bytes,      31720 total
- age   2:      14288 bytes,      46008 total
- age   3:      90256 bytes,     136264 total
- age   4:     103584 bytes,     239848 total
: 4707K->457K(4928K), 0.0013761 secs] 10306K->6056K(15872K), 0.0014172 secs] [Times: user=0.00 sys=0.00, real=0.00 secs] 
Heap after GC invocations=133 (full 0):
 par new generation   total 4928K, used 457K [0x00000000f0800000, 0x00000000f0d50000, 0x00000000f5a00000)
  eden space 4416K,   0% used [0x00000000f0800000, 0x00000000f0800000, 0x00000000f0c50000)
  from space 512K,  89% used [0x00000000f0cd0000, 0x00000000f0d42780, 0x00000000f0d50000)
  to   space 512K,   0% used [0x00000000f0c50000, 0x00000000f0c50000, 0x00000000f0cd0000)
 concurrent mark-sweep generation total 10944K, used 5598K [0x00000000f5a00000, 0x00000000f64b0000, 0x0000000100000000)
 Metaspace       used 14570K, capacity 14950K, committed 15232K, reserved 1062912K
  class space    used 1745K, capacity 1841K, committed 1920K, reserved 1048576K
}
2019-10-16T14:16:44.378+0000: 4.231: Total time for which application threads were stopped: 0.0015177 seconds, Stopping threads took: 0.0000253 seconds
{Heap before GC invocations=133 (full 0):
 par new generation   total 4928K, used 4873K [0x00000000f0800000, 0x00000000f0d50000, 0x00000000f5a00000)
  eden space 4416K, 100% used [0x00000000f0800000, 0x00000000f0c50000, 0x00000000f0c50000)
  from space 512K,  89% used [0x00000000f0cd0000, 0x00000000f0d42780, 0x00000000f0d50000)
  to   space 512K,   0% used [0x00000000f0c50000, 0x00000000f0c50000, 0x00000000f0cd0000)
 concurrent mark-sweep generation total 10944K, used 5598K [0x00000000f5a00000, 0x00000000f64b0000, 0x0000000100000000)
 Metaspace       used 14680K, capacity 15052K, committed 15232K, reserved 1062912K
  class space    used 1757K, capacity 1874K, committed 1920K, reserved 1048576K
2019-10-16T14:16:44.414+0000: 4.266: [GC (Allocation Failure) 2019-10-16T14:16:44.414+0000: 4.266: [ParNew
Desired survivor size 262144 bytes, new threshold 5 (max 6)
- age   1:     131952 bytes,     131952 total
- age   2:      23336 bytes,     155288 total
- age   3:      13392 bytes,     168680 total
- age   4:      80112 bytes,     248792 total
- age   5:      88240 bytes,     337032 total
: 4873K->434K(4928K), 0.0018099 secs] 10472K->6032K(15872K), 0.0018495 secs] [Times: user=0.01 sys=0.00, real=0.00 secs] 
Heap after GC invocations=134 (full 0):
 par new generation   total 4928K, used 434K [0x00000000f0800000, 0x00000000f0d50000, 0x00000000f5a00000)
  eden space 4416K,   0% used [0x00000000f0800000, 0x00000000f0800000, 0x00000000f0c50000)
  from space 512K,  84% used [0x00000000f0c50000, 0x00000000f0cbc858, 0x00000000f0cd0000)
  to   space 512K,   0% used [0x00000000f0cd0000, 0x00000000f0cd0000, 0x00000000f0d50000)
 concurrent mark-sweep generation total 10944K, used 5598K [0x00000000f5a00000, 0x00000000f64b0000, 0x0000000100000000)
 Metaspace       used 14680K, capacity 15052K, committed 15232K, reserved 1062912K
  class space    used 1757K, capacity 1874K, committed 1920K, reserved 1048576K
}
2019-10-16T14:16:44.416+0000: 4.268: Total time for which application threads were stopped: 0.0100764 seconds, Stopping threads took: 0.0081371 seconds
{Heap before GC invocations=134 (full 0):
 par new generation   total 4928K, used 4850K [0x00000000f0800000, 0x00000000f0d50000, 0x00000000f5a00000)
  eden space 4416K, 100% used [0x00000000f0800000, 0x00000000f0c50000, 0x00000000f0c50000)
  from space 512K,  84% used [0x00000000f0c50000, 0x00000000f0cbc858, 0x00000000f0cd0000)
  to   space 512K,   0% used [0x00000000f0cd0000, 0x00000000f0cd0000, 0x00000000f0d50000)
 concurrent mark-sweep generation total 10944K, used 5598K [0x00000000f5a00000, 0x00000000f64b0000, 0x0000000100000000)
 Metaspace       used 14697K, capacity 15084K, committed 15232K, reserved 1062912K
  class space    used 1762K, capacity 1906K, committed 1920K, reserved 1048576K
2019-10-16T14:16:44.433+0000: 4.285: [GC (Allocation Failure) 2019-10-16T14:16:44.433+0000: 4.285: [ParNew
Desired survivor size 262144 bytes, new threshold 6 (max 6)
- age   1:      13224 bytes,      13224 total
- age   2:     128848 bytes,     142072 total
- age   3:      23336 bytes,     165408 total
- age   4:      12248 bytes,     177656 total
- age   5:      77888 bytes,     255544 total
: 4850K->283K(4928K), 0.0017842 secs] 10448K->5968K(15872K), 0.0018312 secs] [Times: user=0.00 sys=0.00, real=0.00 secs] 
Heap after GC invocations=135 (full 0):
 par new generation   total 4928K, used 283K [0x00000000f0800000, 0x00000000f0d50000, 0x00000000f5a00000)
  eden space 4416K,   0% used [0x00000000f0800000, 0x00000000f0800000, 0x00000000f0c50000)
  from space 512K,  55% used [0x00000000f0cd0000, 0x00000000f0d16d58, 0x00000000f0d50000)
  to   space 512K,   0% used [0x00000000f0c50000, 0x00000000f0c50000, 0x00000000f0cd0000)
 concurrent mark-sweep generation total 10944K, used 5685K [0x00000000f5a00000, 0x00000000f64b0000, 0x0000000100000000)
 Metaspace       used 14697K, capacity 15084K, committed 15232K, reserved 1062912K
  class space    used 1762K, capacity 1906K, committed 1920K, reserved 1048576K
}
2019-10-16T14:16:44.435+0000: 4.287: Total time for which application threads were stopped: 0.0039297 seconds, Stopping threads took: 0.0020206 seconds
2019-10-16T14:16:44.441+0000: 4.293: Total time for which application threads were stopped: 0.0019223 seconds, Stopping threads took: 0.0017394 seconds
{Heap before GC invocations=135 (full 0):
 par new generation   total 4928K, used 4699K [0x00000000f0800000, 0x00000000f0d50000, 0x00000000f5a00000)
  eden space 4416K, 100% used [0x00000000f0800000, 0x00000000f0c50000, 0x00000000f0c50000)
  from space 512K,  55% used [0x00000000f0cd0000, 0x00000000f0d16d58, 0x00000000f0d50000)
  to   space 512K,   0% used [0x00000000f0c50000, 0x00000000f0c50000, 0x00000000f0cd0000)
 concurrent mark-sweep generation total 10944K, used 5685K [0x00000000f5a00000, 0x00000000f64b0000, 0x0000000100000000)
 Metaspace       used 14736K, capacity 15160K, committed 15232K, reserved 1062912K
  class space    used 1769K, capacity 1908K, committed 1920K, reserved 1048576K
2019-10-16T14:16:44.450+0000: 4.302: [GC (Allocation Failure) 2019-10-16T14:16:44.450+0000: 4.302: [ParNew
Desired survivor size 262144 bytes, new threshold 6 (max 6)
- age   1:      84808 bytes,      84808 total
- age   2:       8472 bytes,      93280 total
- age   3:      82768 bytes,     176048 total
- age   4:      19312 bytes,     195360 total
- age   5:       9320 bytes,     204680 total
- age   6:      77864 bytes,     282544 total
: 4699K->512K(4928K), 0.0016091 secs] 10384K->6200K(15872K), 0.0016558 secs] [Times: user=0.01 sys=0.00, real=0.00 secs] 
Heap after GC invocations=136 (full 0):
 par new generation   total 4928K, used 512K [0x00000000f0800000, 0x00000000f0d50000, 0x00000000f5a00000)
  eden space 4416K,   0% used [0x00000000f0800000, 0x00000000f0800000, 0x00000000f0c50000)
  from space 512K, 100% used [0x00000000f0c50000, 0x00000000f0cd0000, 0x00000000f0cd0000)
  to   space 512K,   0% used [0x00000000f0cd0000, 0x00000000f0cd0000, 0x00000000f0d50000)
 concurrent mark-sweep generation total 10944K, used 5688K [0x00000000f5a00000, 0x00000000f64b0000, 0x0000000100000000)
 Metaspace       used 14736K, capacity 15160K, committed 15232K, reserved 1062912K
  class space    used 1769K, capacity 1908K, committed 1920K, reserved 1048576K
}
2019-10-16T14:16:44.452+0000: 4.304: Total time for which application threads were stopped: 0.0025399 seconds, Stopping threads took: 0.0008084 seconds
{Heap before GC invocations=136 (full 0):
 par new generation   total 4928K, used 4928K [0x00000000f0800000, 0x00000000f0d50000, 0x00000000f5a00000)
  eden space 4416K, 100% used [0x00000000f0800000, 0x00000000f0c50000, 0x00000000f0c50000)
  from space 512K, 100% used [0x00000000f0c50000, 0x00000000f0cd0000, 0x00000000f0cd0000)
  to   space 512K,   0% used [0x00000000f0cd0000, 0x00000000f0cd0000, 0x00000000f0d50000)
 concurrent mark-sweep generation total 10944K, used 5688K [0x00000000f5a00000, 0x00000000f64b0000, 0x0000000100000000)
 Metaspace       used 14759K, capacity 15160K, committed 15232K, reserved 1062912K
  class space    used 1773K, capacity 1908K, committed 1920K, reserved 1048576K
2019-10-16T14:16:44.466+0000: 4.318: [GC (Allocation Failure) 2019-10-16T14:16:44.466+0000: 4.319: [ParNew
Desired survivor size 262144 bytes, new threshold 6 (max 6)
- age   1:      21640 bytes,      21640 total
- age   2:      51992 bytes,      73632 total
- age   3:       8472 bytes,      82104 total
- age   4:      82768 bytes,     164872 total
- age   5:      17024 bytes,     181896 total
- age   6:       9320 bytes,     191216 total
: 4928K->336K(4928K), 0.0018281 secs] 10616K->6101K(15872K), 0.0018710 secs] [Times: user=0.00 sys=0.00, real=0.00 secs] 
Heap after GC invocations=137 (full 0):
 par new generation   total 4928K, used 336K [0x00000000f0800000, 0x00000000f0d50000, 0x00000000f5a00000)
  eden space 4416K,   0% used [0x00000000f0800000, 0x00000000f0800000, 0x00000000f0c50000)
  from space 512K,  65% used [0x00000000f0cd0000, 0x00000000f0d242a0, 0x00000000f0d50000)
  to   space 512K,   0% used [0x00000000f0c50000, 0x00000000f0c50000, 0x00000000f0cd0000)
 concurrent mark-sweep generation total 10944K, used 5764K [0x00000000f5a00000, 0x00000000f64b0000, 0x0000000100000000)
 Metaspace       used 14759K, capacity 15160K, committed 15232K, reserved 1062912K
  class space    used 1773K, capacity 1908K, committed 1920K, reserved 1048576K
}
2019-10-16T14:16:44.468+0000: 4.320: Total time for which application threads were stopped: 0.0019795 seconds, Stopping threads took: 0.0000290 seconds
{Heap before GC invocations=137 (full 0):
 par new generation   total 4928K, used 4752K [0x00000000f0800000, 0x00000000f0d50000, 0x00000000f5a00000)
  eden space 4416K, 100% used [0x00000000f0800000, 0x00000000f0c50000, 0x00000000f0c50000)
  from space 512K,  65% used [0x00000000f0cd0000, 0x00000000f0d242a0, 0x00000000f0d50000)
  to   space 512K,   0% used [0x00000000f0c50000, 0x00000000f0c50000, 0x00000000f0cd0000)
 concurrent mark-sweep generation total 10944K, used 5764K [0x00000000f5a00000, 0x00000000f64b0000, 0x0000000100000000)
 Metaspace       used 14793K, capacity 15160K, committed 15232K, reserved 1062912K
  class space    used 1780K, capacity 1908K, committed 1920K, reserved 1048576K
2019-10-16T14:16:44.482+0000: 4.334: [GC (Allocation Failure) 2019-10-16T14:16:44.482+0000: 4.334: [ParNew
Desired survivor size 262144 bytes, new threshold 6 (max 6)
- age   1:      20752 bytes,      20752 total
- age   2:       9312 bytes,      30064 total
- age   3:      51824 bytes,      81888 total
- age   4:       8472 bytes,      90360 total
- age   5:      80464 bytes,     170824 total
- age   6:      16456 bytes,     187280 total
: 4752K->224K(4928K), 0.0016433 secs] 10517K->5998K(15872K), 0.0016797 secs] [Times: user=0.00 sys=0.00, real=0.00 secs] 
Heap after GC invocations=138 (full 0):
 par new generation   total 4928K, used 224K [0x00000000f0800000, 0x00000000f0d50000, 0x00000000f5a00000)
  eden space 4416K,   0% used [0x00000000f0800000, 0x00000000f0800000, 0x00000000f0c50000)
  from space 512K,  43% used [0x00000000f0c50000, 0x00000000f0c88200, 0x00000000f0cd0000)
  to   space 512K,   0% used [0x00000000f0cd0000, 0x00000000f0cd0000, 0x00000000f0d50000)
 concurrent mark-sweep generation total 10944K, used 5774K [0x00000000f5a00000, 0x00000000f64b0000, 0x0000000100000000)
 Metaspace       used 14793K, capacity 15160K, committed 15232K, reserved 1062912K
  class space    used 1780K, capacity 1908K, committed 1920K, reserved 1048576K
}
2019-10-16T14:16:44.484+0000: 4.336: Total time for which application threads were stopped: 0.0017919 seconds, Stopping threads took: 0.0000329 seconds
{Heap before GC invocations=138 (full 0):
 par new generation   total 4928K, used 4640K [0x00000000f0800000, 0x00000000f0d50000, 0x00000000f5a00000)
  eden space 4416K, 100% used [0x00000000f0800000, 0x00000000f0c50000, 0x00000000f0c50000)
  from space 512K,  43% used [0x00000000f0c50000, 0x00000000f0c88200, 0x00000000f0cd0000)
  to   space 512K,   0% used [0x00000000f0cd0000, 0x00000000f0cd0000, 0x00000000f0d50000)
 concurrent mark-sweep generation total 10944K, used 5774K [0x00000000f5a00000, 0x00000000f64b0000, 0x0000000100000000)
 Metaspace       used 14842K, capacity 15228K, committed 15488K, reserved 1062912K
  class space    used 1785K, capacity 1908K, committed 1920K, reserved 1048576K
2019-10-16T14:16:44.503+0000: 4.355: [GC (Allocation Failure) 2019-10-16T14:16:44.503+0000: 4.355: [ParNew
Desired survivor size 262144 bytes, new threshold 6 (max 6)
- age   1:      55640 bytes,      55640 total
- age   2:      16672 bytes,      72312 total
- age   3:       9312 bytes,      81624 total
- age   4:      51824 bytes,     133448 total
- age   5:       8472 bytes,     141920 total
- age   6:      78216 bytes,     220136 total
: 4640K->329K(4928K), 0.0019306 secs] 10414K->6119K(15872K), 0.0019849 secs] [Times: user=0.00 sys=0.00, real=0.00 secs] 
Heap after GC invocations=139 (full 0):
 par new generation   total 4928K, used 329K [0x00000000f0800000, 0x00000000f0d50000, 0x00000000f5a00000)
  eden space 4416K,   0% used [0x00000000f0800000, 0x00000000f0800000, 0x00000000f0c50000)
  from space 512K,  64% used [0x00000000f0cd0000, 0x00000000f0d22420, 0x00000000f0d50000)
  to   space 512K,   0% used [0x00000000f0c50000, 0x00000000f0c50000, 0x00000000f0cd0000)
 concurrent mark-sweep generation total 10944K, used 5790K [0x00000000f5a00000, 0x00000000f64b0000, 0x0000000100000000)
 Metaspace       used 14842K, capacity 15228K, committed 15488K, reserved 1062912K
  class space    used 1785K, capacity 1908K, committed 1920K, reserved 1048576K
}
2019-10-16T14:16:44.505+0000: 4.357: Total time for which application threads were stopped: 0.0021122 seconds, Stopping threads took: 0.0000227 seconds
{Heap before GC invocations=139 (full 0):
 par new generation   total 4928K, used 4745K [0x00000000f0800000, 0x00000000f0d50000, 0x00000000f5a00000)
  eden space 4416K, 100% used [0x00000000f0800000, 0x00000000f0c50000, 0x00000000f0c50000)
  from space 512K,  64% used [0x00000000f0cd0000, 0x00000000f0d22420, 0x00000000f0d50000)
  to   space 512K,   0% used [0x00000000f0c50000, 0x00000000f0c50000, 0x00000000f0cd0000)
 concurrent mark-sweep generation total 10944K, used 5790K [0x00000000f5a00000, 0x00000000f64b0000, 0x0000000100000000)
 Metaspace       used 14866K, capacity 15230K, committed 15488K, reserved 1062912K
  class space    used 1791K, capacity 1909K, committed 1920K, reserved 1048576K
2019-10-16T14:16:44.525+0000: 4.377: [GC (Allocation Failure) 2019-10-16T14:16:44.525+0000: 4.377: [ParNew
Desired survivor size 262144 bytes, new threshold 6 (max 6)
- age   1:      42344 bytes,      42344 total
- age   2:      51520 bytes,      93864 total
- age   3:      16672 bytes,     110536 total
- age   4:       9312 bytes,     119848 total
- age   5:      51696 bytes,     171544 total
- age   6:       5320 bytes,     176864 total
: 4745K->202K(4928K), 0.0024884 secs] 10535K->6073K(15872K), 0.0025370 secs] [Times: user=0.00 sys=0.00, real=0.00 secs] 
Heap after GC invocations=140 (full 0):
 par new generation   total 4928K, used 202K [0x00000000f0800000, 0x00000000f0d50000, 0x00000000f5a00000)
  eden space 4416K,   0% used [0x00000000f0800000, 0x00000000f0800000, 0x00000000f0c50000)
  from space 512K,  39% used [0x00000000f0c50000, 0x00000000f0c82ab0, 0x00000000f0cd0000)
  to   space 512K,   0% used [0x00000000f0cd0000, 0x00000000f0cd0000, 0x00000000f0d50000)
 concurrent mark-sweep generation total 10944K, used 5870K [0x00000000f5a00000, 0x00000000f64b0000, 0x0000000100000000)
 Metaspace       used 14866K, capacity 15230K, committed 15488K, reserved 1062912K
  class space    used 1791K, capacity 1909K, committed 1920K, reserved 1048576K
}
2019-10-16T14:16:44.527+0000: 4.379: Total time for which application threads were stopped: 0.0026567 seconds, Stopping threads took: 0.0000239 seconds
{Heap before GC invocations=140 (full 0):
 par new generation   total 4928K, used 4618K [0x00000000f0800000, 0x00000000f0d50000, 0x00000000f5a00000)
  eden space 4416K, 100% used [0x00000000f0800000, 0x00000000f0c50000, 0x00000000f0c50000)
  from space 512K,  39% used [0x00000000f0c50000, 0x00000000f0c82ab0, 0x00000000f0cd0000)
  to   space 512K,   0% used [0x00000000f0cd0000, 0x00000000f0cd0000, 0x00000000f0d50000)
 concurrent mark-sweep generation total 10944K, used 5870K [0x00000000f5a00000, 0x00000000f64b0000, 0x0000000100000000)
 Metaspace       used 14904K, capacity 15262K, committed 15616K, reserved 1062912K
  class space    used 1799K, capacity 1941K, committed 2048K, reserved 1048576K
2019-10-16T14:16:44.546+0000: 4.398: [GC (Allocation Failure) 2019-10-16T14:16:44.546+0000: 4.398: [ParNew
Desired survivor size 262144 bytes, new threshold 6 (max 6)
- age   1:      23872 bytes,      23872 total
- age   2:      38272 bytes,      62144 total
- age   3:      51520 bytes,     113664 total
- age   4:      16672 bytes,     130336 total
- age   5:       8848 bytes,     139184 total
- age   6:      49848 bytes,     189032 total
: 4618K->359K(4928K), 0.0018276 secs] 10489K->6234K(15872K), 0.0018861 secs] [Times: user=0.00 sys=0.00, real=0.00 secs] 
Heap after GC invocations=141 (full 0):
 par new generation   total 4928K, used 359K [0x00000000f0800000, 0x00000000f0d50000, 0x00000000f5a00000)
  eden space 4416K,   0% used [0x00000000f0800000, 0x00000000f0800000, 0x00000000f0c50000)
  from space 512K,  70% used [0x00000000f0cd0000, 0x00000000f0d29c20, 0x00000000f0d50000)
  to   space 512K,   0% used [0x00000000f0c50000, 0x00000000f0c50000, 0x00000000f0cd0000)
 concurrent mark-sweep generation total 10944K, used 5875K [0x00000000f5a00000, 0x00000000f64b0000, 0x0000000100000000)
 Metaspace       used 14904K, capacity 15262K, committed 15616K, reserved 1062912K
  class space    used 1799K, capacity 1941K, committed 2048K, reserved 1048576K
}
2019-10-16T14:16:44.548+0000: 4.400: Total time for which application threads were stopped: 0.0020147 seconds, Stopping threads took: 0.0000246 seconds
{Heap before GC invocations=141 (full 0):
 par new generation   total 4928K, used 4775K [0x00000000f0800000, 0x00000000f0d50000, 0x00000000f5a00000)
  eden space 4416K, 100% used [0x00000000f0800000, 0x00000000f0c50000, 0x00000000f0c50000)
  from space 512K,  70% used [0x00000000f0cd0000, 0x00000000f0d29c20, 0x00000000f0d50000)
  to   space 512K,   0% used [0x00000000f0c50000, 0x00000000f0c50000, 0x00000000f0cd0000)
 concurrent mark-sweep generation total 10944K, used 5875K [0x00000000f5a00000, 0x00000000f64b0000, 0x0000000100000000)
 Metaspace       used 14917K, capacity 15326K, committed 15616K, reserved 1062912K
  class space    used 1802K, capacity 1941K, committed 2048K, reserved 1048576K
2019-10-16T14:16:44.558+0000: 4.410: [GC (Allocation Failure) 2019-10-16T14:16:44.558+0000: 4.410: [ParNew
Desired survivor size 262144 bytes, new threshold 6 (max 6)
- age   1:      18768 bytes,      18768 total
- age   2:      20136 bytes,      38904 total
- age   3:      38224 bytes,      77128 total
- age   4:      51520 bytes,     128648 total
- age   5:      16672 bytes,     145320 total
- age   6:       6360 bytes,     151680 total
: 4775K->228K(4928K), 0.0015483 secs] 10650K->6151K(15872K), 0.0015807 secs] [Times: user=0.00 sys=0.00, real=0.00 secs] 
Heap after GC invocations=142 (full 0):
 par new generation   total 4928K, used 228K [0x00000000f0800000, 0x00000000f0d50000, 0x00000000f5a00000)
  eden space 4416K,   0% used [0x00000000f0800000, 0x00000000f0800000, 0x00000000f0c50000)
  from space 512K,  44% used [0x00000000f0c50000, 0x00000000f0c89040, 0x00000000f0cd0000)
  to   space 512K,   0% used [0x00000000f0cd0000, 0x00000000f0cd0000, 0x00000000f0d50000)
 concurrent mark-sweep generation total 10944K, used 5923K [0x00000000f5a00000, 0x00000000f64b0000, 0x0000000100000000)
 Metaspace       used 14917K, capacity 15326K, committed 15616K, reserved 1062912K
  class space    used 1802K, capacity 1941K, committed 2048K, reserved 1048576K
}
2019-10-16T14:16:44.560+0000: 4.412: Total time for which application threads were stopped: 0.0040469 seconds, Stopping threads took: 0.0023775 seconds
{Heap before GC invocations=142 (full 0):
 par new generation   total 4928K, used 4644K [0x00000000f0800000, 0x00000000f0d50000, 0x00000000f5a00000)
  eden space 4416K, 100% used [0x00000000f0800000, 0x00000000f0c50000, 0x00000000f0c50000)
  from space 512K,  44% used [0x00000000f0c50000, 0x00000000f0c89040, 0x00000000f0cd0000)
  to   space 512K,   0% used [0x00000000f0cd0000, 0x00000000f0cd0000, 0x00000000f0d50000)
 concurrent mark-sweep generation total 10944K, used 5923K [0x00000000f5a00000, 0x00000000f64b0000, 0x0000000100000000)
 Metaspace       used 14955K, capacity 15326K, committed 15616K, reserved 1062912K
  class space    used 1809K, capacity 1941K, committed 2048K, reserved 1048576K
2019-10-16T14:16:44.579+0000: 4.431: [GC (Allocation Failure) 2019-10-16T14:16:44.579+0000: 4.431: [ParNew
Desired survivor size 262144 bytes, new threshold 6 (max 6)
- age   1:      17952 bytes,      17952 total
- age   2:      10520 bytes,      28472 total
- age   3:      19976 bytes,      48448 total
- age   4:      38224 bytes,      86672 total
- age   5:      51520 bytes,     138192 total
- age   6:      15400 bytes,     153592 total
: 4644K->278K(4928K), 0.0015226 secs] 10567K->6207K(15872K), 0.0015690 secs] [Times: user=0.00 sys=0.00, real=0.00 secs] 
Heap after GC invocations=143 (full 0):
 par new generation   total 4928K, used 278K [0x00000000f0800000, 0x00000000f0d50000, 0x00000000f5a00000)
  eden space 4416K,   0% used [0x00000000f0800000, 0x00000000f0800000, 0x00000000f0c50000)
  from space 512K,  54% used [0x00000000f0cd0000, 0x00000000f0d15880, 0x00000000f0d50000)
  to   space 512K,   0% used [0x00000000f0c50000, 0x00000000f0c50000, 0x00000000f0cd0000)
 concurrent mark-sweep generation total 10944K, used 5929K [0x00000000f5a00000, 0x00000000f64b0000, 0x0000000100000000)
 Metaspace       used 14955K, capacity 15326K, committed 15616K, reserved 1062912K
  class space    used 1809K, capacity 1941K, committed 2048K, reserved 1048576K
}
2019-10-16T14:16:44.580+0000: 4.432: Total time for which application threads were stopped: 0.0079997 seconds, Stopping threads took: 0.0063382 seconds
{Heap before GC invocations=143 (full 0):
 par new generation   total 4928K, used 4694K [0x00000000f0800000, 0x00000000f0d50000, 0x00000000f5a00000)
  eden space 4416K, 100% used [0x00000000f0800000, 0x00000000f0c50000, 0x00000000f0c50000)
  from space 512K,  54% used [0x00000000f0cd0000, 0x00000000f0d15880, 0x00000000f0d50000)
  to   space 512K,   0% used [0x00000000f0c50000, 0x00000000f0c50000, 0x00000000f0cd0000)
 concurrent mark-sweep generation total 10944K, used 5929K [0x00000000f5a00000, 0x00000000f64b0000, 0x0000000100000000)
 Metaspace       used 14993K, capacity 15390K, committed 15616K, reserved 1062912K
  class space    used 1813K, capacity 1941K, committed 2048K, reserved 1048576K
2019-10-16T14:16:44.594+0000: 4.446: [GC (Allocation Failure) 2019-10-16T14:16:44.594+0000: 4.446: [ParNew
Desired survivor size 262144 bytes, new threshold 6 (max 6)
- age   1:      13536 bytes,      13536 total
- age   2:      15032 bytes,      28568 total
- age   3:      10520 bytes,      39088 total
- age   4:      19976 bytes,      59064 total
- age   5:      38208 bytes,      97272 total
- age   6:      51520 bytes,     148792 total
: 4694K->198K(4928K), 0.0017040 secs] 10623K->6141K(15872K), 0.0017464 secs] [Times: user=0.00 sys=0.00, real=0.00 secs] 
Heap after GC invocations=144 (full 0):
 par new generation   total 4928K, used 198K [0x00000000f0800000, 0x00000000f0d50000, 0x00000000f5a00000)
  eden space 4416K,   0% used [0x00000000f0800000, 0x00000000f0800000, 0x00000000f0c50000)
  from space 512K,  38% used [0x00000000f0c50000, 0x00000000f0c81830, 0x00000000f0cd0000)
  to   space 512K,   0% used [0x00000000f0cd0000, 0x00000000f0cd0000, 0x00000000f0d50000)
 concurrent mark-sweep generation total 10944K, used 5943K [0x00000000f5a00000, 0x00000000f64b0000, 0x0000000100000000)
 Metaspace       used 14993K, capacity 15390K, committed 15616K, reserved 1062912K
  class space    used 1813K, capacity 1941K, committed 2048K, reserved 1048576K
}
2019-10-16T14:16:44.596+0000: 4.448: Total time for which application threads were stopped: 0.0018555 seconds, Stopping threads took: 0.0000287 seconds
{Heap before GC invocations=144 (full 0):
 par new generation   total 4928K, used 4614K [0x00000000f0800000, 0x00000000f0d50000, 0x00000000f5a00000)
  eden space 4416K, 100% used [0x00000000f0800000, 0x00000000f0c50000, 0x00000000f0c50000)
  from space 512K,  38% used [0x00000000f0c50000, 0x00000000f0c81830, 0x00000000f0cd0000)
  to   space 512K,   0% used [0x00000000f0cd0000, 0x00000000f0cd0000, 0x00000000f0d50000)
 concurrent mark-sweep generation total 10944K, used 5943K [0x00000000f5a00000, 0x00000000f64b0000, 0x0000000100000000)
 Metaspace       used 15014K, capacity 15390K, committed 15616K, reserved 1062912K
  class space    used 1817K, capacity 1941K, committed 2048K, reserved 1048576K
2019-10-16T14:16:44.615+0000: 4.467: [GC (Allocation Failure) 2019-10-16T14:16:44.615+0000: 4.467: [ParNew
Desired survivor size 262144 bytes, new threshold 6 (max 6)
- age   1:     143904 bytes,     143904 total
- age   2:      10784 bytes,     154688 total
- age   3:      15032 bytes,     169720 total
- age   4:      10520 bytes,     180240 total
- age   5:      19976 bytes,     200216 total
- age   6:      36624 bytes,     236840 total
: 4614K->238K(4928K), 0.0018957 secs] 10557K->6231K(15872K), 0.0019437 secs] [Times: user=0.00 sys=0.00, real=0.00 secs] 
Heap after GC invocations=145 (full 0):
 par new generation   total 4928K, used 238K [0x00000000f0800000, 0x00000000f0d50000, 0x00000000f5a00000)
  eden space 4416K,   0% used [0x00000000f0800000, 0x00000000f0800000, 0x00000000f0c50000)
  from space 512K,  46% used [0x00000000f0cd0000, 0x00000000f0d0ba70, 0x00000000f0d50000)
  to   space 512K,   0% used [0x00000000f0c50000, 0x00000000f0c50000, 0x00000000f0cd0000)
 concurrent mark-sweep generation total 10944K, used 5992K [0x00000000f5a00000, 0x00000000f64b0000, 0x0000000100000000)
 Metaspace       used 15014K, capacity 15390K, committed 15616K, reserved 1062912K
  class space    used 1817K, capacity 1941K, committed 2048K, reserved 1048576K
}
2019-10-16T14:16:44.617+0000: 4.469: Total time for which application threads were stopped: 0.0020577 seconds, Stopping threads took: 0.0000328 seconds
{Heap before GC invocations=145 (full 0):
 par new generation   total 4928K, used 4654K [0x00000000f0800000, 0x00000000f0d50000, 0x00000000f5a00000)
  eden space 4416K, 100% used [0x00000000f0800000, 0x00000000f0c50000, 0x00000000f0c50000)
  from space 512K,  46% used [0x00000000f0cd0000, 0x00000000f0d0ba70, 0x00000000f0d50000)
  to   space 512K,   0% used [0x00000000f0c50000, 0x00000000f0c50000, 0x00000000f0cd0000)
 concurrent mark-sweep generation total 10944K, used 5992K [0x00000000f5a00000, 0x00000000f64b0000, 0x0000000100000000)
 Metaspace       used 15052K, capacity 15414K, committed 15616K, reserved 1062912K
  class space    used 1824K, capacity 1947K, committed 2048K, reserved 1048576K
2019-10-16T14:16:44.646+0000: 4.498: [GC (Allocation Failure) 2019-10-16T14:16:44.646+0000: 4.498: [ParNew
Desired survivor size 262144 bytes, new threshold 6 (max 6)
- age   1:      31032 bytes,      31032 total
- age   2:     137688 bytes,     168720 total
- age   3:      10688 bytes,     179408 total
- age   4:      15032 bytes,     194440 total
- age   5:      10520 bytes,     204960 total
- age   6:      17632 bytes,     222592 total
: 4654K->405K(4928K), 0.0020114 secs] 10647K->6433K(15872K), 0.0020603 secs] [Times: user=0.01 sys=0.00, real=0.00 secs] 
Heap after GC invocations=146 (full 0):
 par new generation   total 4928K, used 405K [0x00000000f0800000, 0x00000000f0d50000, 0x00000000f5a00000)
  eden space 4416K,   0% used [0x00000000f0800000, 0x00000000f0800000, 0x00000000f0c50000)
  from space 512K,  79% used [0x00000000f0c50000, 0x00000000f0cb5680, 0x00000000f0cd0000)
  to   space 512K,   0% used [0x00000000f0cd0000, 0x00000000f0cd0000, 0x00000000f0d50000)
 concurrent mark-sweep generation total 10944K, used 6027K [0x00000000f5a00000, 0x00000000f64b0000, 0x0000000100000000)
 Metaspace       used 15052K, capacity 15414K, committed 15616K, reserved 1062912K
  class space    used 1824K, capacity 1947K, committed 2048K, reserved 1048576K
}
2019-10-16T14:16:44.648+0000: 4.500: Total time for which application threads were stopped: 0.0056132 seconds, Stopping threads took: 0.0034525 seconds
{Heap before GC invocations=146 (full 0):
 par new generation   total 4928K, used 4821K [0x00000000f0800000, 0x00000000f0d50000, 0x00000000f5a00000)
  eden space 4416K, 100% used [0x00000000f0800000, 0x00000000f0c50000, 0x00000000f0c50000)
  from space 512K,  79% used [0x00000000f0c50000, 0x00000000f0cb5680, 0x00000000f0cd0000)
  to   space 512K,   0% used [0x00000000f0cd0000, 0x00000000f0cd0000, 0x00000000f0d50000)
 concurrent mark-sweep generation total 10944K, used 6027K [0x00000000f5a00000, 0x00000000f64b0000, 0x0000000100000000)
 Metaspace       used 15054K, capacity 15414K, committed 15616K, reserved 1062912K
  class space    used 1825K, capacity 1947K, committed 2048K, reserved 1048576K
2019-10-16T14:16:44.666+0000: 4.518: [GC (Allocation Failure) 2019-10-16T14:16:44.666+0000: 4.518: [ParNew
Desired survivor size 262144 bytes, new threshold 6 (max 6)
- age   1:      11280 bytes,      11280 total
- age   2:      27416 bytes,      38696 total
- age   3:     137688 bytes,     176384 total
- age   4:      10688 bytes,     187072 total
- age   5:      15032 bytes,     202104 total
- age   6:       9952 bytes,     212056 total
: 4821K->263K(4928K), 0.0016384 secs] 10849K->6309K(15872K), 0.0016893 secs] [Times: user=0.01 sys=0.00, real=0.00 secs] 
Heap after GC invocations=147 (full 0):
 par new generation   total 4928K, used 263K [0x00000000f0800000, 0x00000000f0d50000, 0x00000000f5a00000)
  eden space 4416K,   0% used [0x00000000f0800000, 0x00000000f0800000, 0x00000000f0c50000)
  from space 512K,  51% used [0x00000000f0cd0000, 0x00000000f0d11e60, 0x00000000f0d50000)
  to   space 512K,   0% used [0x00000000f0c50000, 0x00000000f0c50000, 0x00000000f0cd0000)
 concurrent mark-sweep generation total 10944K, used 6045K [0x00000000f5a00000, 0x00000000f64b0000, 0x0000000100000000)
 Metaspace       used 15054K, capacity 15414K, committed 15616K, reserved 1062912K
  class space    used 1825K, capacity 1947K, committed 2048K, reserved 1048576K
}
2019-10-16T14:16:44.668+0000: 4.520: Total time for which application threads were stopped: 0.0125973 seconds, Stopping threads took: 0.0108208 seconds
{Heap before GC invocations=147 (full 0):
 par new generation   total 4928K, used 4679K [0x00000000f0800000, 0x00000000f0d50000, 0x00000000f5a00000)
  eden space 4416K, 100% used [0x00000000f0800000, 0x00000000f0c50000, 0x00000000f0c50000)
  from space 512K,  51% used [0x00000000f0cd0000, 0x00000000f0d11e60, 0x00000000f0d50000)
  to   space 512K,   0% used [0x00000000f0c50000, 0x00000000f0c50000, 0x00000000f0cd0000)
 concurrent mark-sweep generation total 10944K, used 6045K [0x00000000f5a00000, 0x00000000f64b0000, 0x0000000100000000)
 Metaspace       used 15065K, capacity 15414K, committed 15616K, reserved 1062912K
  class space    used 1828K, capacity 1947K, committed 2048K, reserved 1048576K
2019-10-16T14:16:44.682+0000: 4.534: [GC (Allocation Failure) 2019-10-16T14:16:44.682+0000: 4.534: [ParNew
Desired survivor size 262144 bytes, new threshold 6 (max 6)
- age   1:      23224 bytes,      23224 total
- age   2:       9416 bytes,      32640 total
- age   3:      25848 bytes,      58488 total
- age   4:     137632 bytes,     196120 total
- age   5:      10688 bytes,     206808 total
- age   6:      13952 bytes,     220760 total
: 4679K->377K(4928K), 0.0014808 secs] 10725K->6430K(15872K), 0.0015165 secs] [Times: user=0.00 sys=0.00, real=0.00 secs] 
Heap after GC invocations=148 (full 0):
 par new generation   total 4928K, used 377K [0x00000000f0800000, 0x00000000f0d50000, 0x00000000f5a00000)
  eden space 4416K,   0% used [0x00000000f0800000, 0x00000000f0800000, 0x00000000f0c50000)
  from space 512K,  73% used [0x00000000f0c50000, 0x00000000f0cae520, 0x00000000f0cd0000)
  to   space 512K,   0% used [0x00000000f0cd0000, 0x00000000f0cd0000, 0x00000000f0d50000)
 concurrent mark-sweep generation total 10944K, used 6052K [0x00000000f5a00000, 0x00000000f64b0000, 0x0000000100000000)
 Metaspace       used 15065K, capacity 15414K, committed 15616K, reserved 1062912K
  class space    used 1828K, capacity 1947K, committed 2048K, reserved 1048576K
}
2019-10-16T14:16:44.684+0000: 4.536: Total time for which application threads were stopped: 0.0016252 seconds, Stopping threads took: 0.0000232 seconds
{Heap before GC invocations=148 (full 0):
 par new generation   total 4928K, used 4793K [0x00000000f0800000, 0x00000000f0d50000, 0x00000000f5a00000)
  eden space 4416K, 100% used [0x00000000f0800000, 0x00000000f0c50000, 0x00000000f0c50000)
  from space 512K,  73% used [0x00000000f0c50000, 0x00000000f0cae520, 0x00000000f0cd0000)
  to   space 512K,   0% used [0x00000000f0cd0000, 0x00000000f0cd0000, 0x00000000f0d50000)
 concurrent mark-sweep generation total 10944K, used 6052K [0x00000000f5a00000, 0x00000000f64b0000, 0x0000000100000000)
 Metaspace       used 15072K, capacity 15446K, committed 15616K, reserved 1062912K
  class space    used 1831K, capacity 1979K, committed 2048K, reserved 1048576K
2019-10-16T14:16:44.696+0000: 4.548: [GC (Allocation Failure) 2019-10-16T14:16:44.696+0000: 4.548: [ParNew
Desired survivor size 262144 bytes, new threshold 6 (max 6)
- age   1:       8112 bytes,       8112 total
- age   2:      20192 bytes,      28304 total
- age   3:       8936 bytes,      37240 total
- age   4:      25848 bytes,      63088 total
- age   5:     137064 bytes,     200152 total
- age   6:       9048 bytes,     209200 total
: 4793K->255K(4928K), 0.0014472 secs] 10846K->6322K(15872K), 0.0014824 secs] [Times: user=0.00 sys=0.00, real=0.00 secs] 
Heap after GC invocations=149 (full 0):
 par new generation   total 4928K, used 255K [0x00000000f0800000, 0x00000000f0d50000, 0x00000000f5a00000)
  eden space 4416K,   0% used [0x00000000f0800000, 0x00000000f0800000, 0x00000000f0c50000)
  from space 512K,  49% used [0x00000000f0cd0000, 0x00000000f0d0fe60, 0x00000000f0d50000)
  to   space 512K,   0% used [0x00000000f0c50000, 0x00000000f0c50000, 0x00000000f0cd0000)
 concurrent mark-sweep generation total 10944K, used 6067K [0x00000000f5a00000, 0x00000000f64b0000, 0x0000000100000000)
 Metaspace       used 15072K, capacity 15446K, committed 15616K, reserved 1062912K
  class space    used 1831K, capacity 1979K, committed 2048K, reserved 1048576K
}
2019-10-16T14:16:44.698+0000: 4.550: Total time for which application threads were stopped: 0.0063722 seconds, Stopping threads took: 0.0048056 seconds
{Heap before GC invocations=149 (full 0):
 par new generation   total 4928K, used 4671K [0x00000000f0800000, 0x00000000f0d50000, 0x00000000f5a00000)
  eden space 4416K, 100% used [0x00000000f0800000, 0x00000000f0c50000, 0x00000000f0c50000)
  from space 512K,  49% used [0x00000000f0cd0000, 0x00000000f0d0fe60, 0x00000000f0d50000)
  to   space 512K,   0% used [0x00000000f0c50000, 0x00000000f0c50000, 0x00000000f0cd0000)
 concurrent mark-sweep generation total 10944K, used 6067K [0x00000000f5a00000, 0x00000000f64b0000, 0x0000000100000000)
 Metaspace       used 15079K, capacity 15446K, committed 15616K, reserved 1062912K
  class space    used 1833K, capacity 1979K, committed 2048K, reserved 1048576K
2019-10-16T14:16:44.715+0000: 4.567: [GC (Allocation Failure) 2019-10-16T14:16:44.715+0000: 4.567: [ParNew
Desired survivor size 262144 bytes, new threshold 6 (max 6)
- age   1:      32080 bytes,      32080 total
- age   2:       5528 bytes,      37608 total
- age   3:      20192 bytes,      57800 total
- age   4:       8936 bytes,      66736 total
- age   5:      25848 bytes,      92584 total
- age   6:     134816 bytes,     227400 total
: 4671K->369K(4928K), 0.0015692 secs] 10738K->6446K(15872K), 0.0016182 secs] [Times: user=0.00 sys=0.00, real=0.00 secs] 
Heap after GC invocations=150 (full 0):
 par new generation   total 4928K, used 369K [0x00000000f0800000, 0x00000000f0d50000, 0x00000000f5a00000)
  eden space 4416K,   0% used [0x00000000f0800000, 0x00000000f0800000, 0x00000000f0c50000)
  from space 512K,  72% used [0x00000000f0c50000, 0x00000000f0cac7c0, 0x00000000f0cd0000)
  to   space 512K,   0% used [0x00000000f0cd0000, 0x00000000f0cd0000, 0x00000000f0d50000)
 concurrent mark-sweep generation total 10944K, used 6076K [0x00000000f5a00000, 0x00000000f64b0000, 0x0000000100000000)
 Metaspace       used 15079K, capacity 15446K, committed 15616K, reserved 1062912K
  class space    used 1833K, capacity 1979K, committed 2048K, reserved 1048576K
}
2019-10-16T14:16:44.717+0000: 4.569: Total time for which application threads were stopped: 0.0017393 seconds, Stopping threads took: 0.0000436 seconds
{Heap before GC invocations=150 (full 0):
 par new generation   total 4928K, used 4785K [0x00000000f0800000, 0x00000000f0d50000, 0x00000000f5a00000)
  eden space 4416K, 100% used [0x00000000f0800000, 0x00000000f0c50000, 0x00000000f0c50000)
  from space 512K,  72% used [0x00000000f0c50000, 0x00000000f0cac7c0, 0x00000000f0cd0000)
  to   space 512K,   0% used [0x00000000f0cd0000, 0x00000000f0cd0000, 0x00000000f0d50000)
 concurrent mark-sweep generation total 10944K, used 6076K [0x00000000f5a00000, 0x00000000f64b0000, 0x0000000100000000)
 Metaspace       used 15083K, capacity 15446K, committed 15616K, reserved 1062912K
  class space    used 1834K, capacity 1979K, committed 2048K, reserved 1048576K
2019-10-16T14:16:44.733+0000: 4.585: [GC (Allocation Failure) 2019-10-16T14:16:44.733+0000: 4.585: [ParNew
Desired survivor size 262144 bytes, new threshold 6 (max 6)
- age   1:      18120 bytes,      18120 total
- age   2:      29504 bytes,      47624 total
- age   3:       5328 bytes,      52952 total
- age   4:      20128 bytes,      73080 total
- age   5:       8720 bytes,      81800 total
- age   6:      25848 bytes,     107648 total
: 4785K->129K(4928K), 0.0019818 secs] 10862K->6337K(15872K), 0.0020221 secs] [Times: user=0.00 sys=0.00, real=0.00 secs] 
Heap after GC invocations=151 (full 0):
 par new generation   total 4928K, used 129K [0x00000000f0800000, 0x00000000f0d50000, 0x00000000f5a00000)
  eden space 4416K,   0% used [0x00000000f0800000, 0x00000000f0800000, 0x00000000f0c50000)
  from space 512K,  25% used [0x00000000f0cd0000, 0x00000000f0cf0610, 0x00000000f0d50000)
  to   space 512K,   0% used [0x00000000f0c50000, 0x00000000f0c50000, 0x00000000f0cd0000)
 concurrent mark-sweep generation total 10944K, used 6208K [0x00000000f5a00000, 0x00000000f64b0000, 0x0000000100000000)
 Metaspace       used 15083K, capacity 15446K, committed 15616K, reserved 1062912K
  class space    used 1834K, capacity 1979K, committed 2048K, reserved 1048576K
}
2019-10-16T14:16:44.735+0000: 4.587: Total time for which application threads were stopped: 0.0048377 seconds, Stopping threads took: 0.0027374 seconds
{Heap before GC invocations=151 (full 0):
 par new generation   total 4928K, used 4545K [0x00000000f0800000, 0x00000000f0d50000, 0x00000000f5a00000)
  eden space 4416K, 100% used [0x00000000f0800000, 0x00000000f0c50000, 0x00000000f0c50000)
  from space 512K,  25% used [0x00000000f0cd0000, 0x00000000f0cf0610, 0x00000000f0d50000)
  to   space 512K,   0% used [0x00000000f0c50000, 0x00000000f0c50000, 0x00000000f0cd0000)
 concurrent mark-sweep generation total 10944K, used 6208K [0x00000000f5a00000, 0x00000000f64b0000, 0x0000000100000000)
 Metaspace       used 15089K, capacity 15446K, committed 15616K, reserved 1062912K
  class space    used 1836K, capacity 1979K, committed 2048K, reserved 1048576K
2019-10-16T14:16:44.746+0000: 4.598: [GC (Allocation Failure) 2019-10-16T14:16:44.746+0000: 4.598: [ParNew
Desired survivor size 262144 bytes, new threshold 6 (max 6)
- age   1:      13648 bytes,      13648 total
- age   2:      15840 bytes,      29488 total
- age   3:      29504 bytes,      58992 total
- age   4:       5272 bytes,      64264 total
- age   5:      20128 bytes,      84392 total
- age   6:       8144 bytes,      92536 total
: 4545K->111K(4928K), 0.0016330 secs] 10753K->6343K(15872K), 0.0016799 secs] [Times: user=0.00 sys=0.00, real=0.00 secs] 
Heap after GC invocations=152 (full 0):
 par new generation   total 4928K, used 111K [0x00000000f0800000, 0x00000000f0d50000, 0x00000000f5a00000)
  eden space 4416K,   0% used [0x00000000f0800000, 0x00000000f0800000, 0x00000000f0c50000)
  from space 512K,  21% used [0x00000000f0c50000, 0x00000000f0c6be10, 0x00000000f0cd0000)
  to   space 512K,   0% used [0x00000000f0cd0000, 0x00000000f0cd0000, 0x00000000f0d50000)
 concurrent mark-sweep generation total 10944K, used 6232K [0x00000000f5a00000, 0x00000000f64b0000, 0x0000000100000000)
 Metaspace       used 15089K, capacity 15446K, committed 15616K, reserved 1062912K
  class space    used 1836K, capacity 1979K, committed 2048K, reserved 1048576K
}
2019-10-16T14:16:44.748+0000: 4.600: Total time for which application threads were stopped: 0.0017870 seconds, Stopping threads took: 0.0000238 seconds
{Heap before GC invocations=152 (full 0):
 par new generation   total 4928K, used 4527K [0x00000000f0800000, 0x00000000f0d50000, 0x00000000f5a00000)
  eden space 4416K, 100% used [0x00000000f0800000, 0x00000000f0c50000, 0x00000000f0c50000)
  from space 512K,  21% used [0x00000000f0c50000, 0x00000000f0c6be10, 0x00000000f0cd0000)
  to   space 512K,   0% used [0x00000000f0cd0000, 0x00000000f0cd0000, 0x00000000f0d50000)
 concurrent mark-sweep generation total 10944K, used 6232K [0x00000000f5a00000, 0x00000000f64b0000, 0x0000000100000000)
 Metaspace       used 15096K, capacity 15510K, committed 15616K, reserved 1062912K
  class space    used 1839K, capacity 1979K, committed 2048K, reserved 1048576K
2019-10-16T14:16:44.755+0000: 4.607: [GC (Allocation Failure) 2019-10-16T14:16:44.755+0000: 4.607: [ParNew
Desired survivor size 262144 bytes, new threshold 6 (max 6)
- age   1:       8024 bytes,       8024 total
- age   2:      10536 bytes,      18560 total
- age   3:      15840 bytes,      34400 total
- age   4:      29504 bytes,      63904 total
- age   5:       5272 bytes,      69176 total
- age   6:      20128 bytes,      89304 total
: 4527K->95K(4928K), 0.0013526 secs] 10759K->6335K(15872K), 0.0013897 secs] [Times: user=0.00 sys=0.00, real=0.00 secs] 
Heap after GC invocations=153 (full 0):
 par new generation   total 4928K, used 95K [0x00000000f0800000, 0x00000000f0d50000, 0x00000000f5a00000)
  eden space 4416K,   0% used [0x00000000f0800000, 0x00000000f0800000, 0x00000000f0c50000)
  from space 512K,  18% used [0x00000000f0cd0000, 0x00000000f0ce7f38, 0x00000000f0d50000)
  to   space 512K,   0% used [0x00000000f0c50000, 0x00000000f0c50000, 0x00000000f0cd0000)
 concurrent mark-sweep generation total 10944K, used 6239K [0x00000000f5a00000, 0x00000000f64b0000, 0x0000000100000000)
 Metaspace       used 15096K, capacity 15510K, committed 15616K, reserved 1062912K
  class space    used 1839K, capacity 1979K, committed 2048K, reserved 1048576K
}
2019-10-16T14:16:44.757+0000: 4.609: Total time for which application threads were stopped: 0.0015315 seconds, Stopping threads took: 0.0000646 seconds
{Heap before GC invocations=153 (full 0):
 par new generation   total 4928K, used 4511K [0x00000000f0800000, 0x00000000f0d50000, 0x00000000f5a00000)
  eden space 4416K, 100% used [0x00000000f0800000, 0x00000000f0c50000, 0x00000000f0c50000)
  from space 512K,  18% used [0x00000000f0cd0000, 0x00000000f0ce7f38, 0x00000000f0d50000)
  to   space 512K,   0% used [0x00000000f0c50000, 0x00000000f0c50000, 0x00000000f0cd0000)
 concurrent mark-sweep generation total 10944K, used 6239K [0x00000000f5a00000, 0x00000000f64b0000, 0x0000000100000000)
 Metaspace       used 15104K, capacity 15510K, committed 15616K, reserved 1062912K
  class space    used 1841K, capacity 1979K, committed 2048K, reserved 1048576K
2019-10-16T14:16:44.772+0000: 4.624: [GC (Allocation Failure) 2019-10-16T14:16:44.772+0000: 4.624: [ParNew
Desired survivor size 262144 bytes, new threshold 6 (max 6)
- age   1:       7256 bytes,       7256 total
- age   2:       5968 bytes,      13224 total
- age   3:      10536 bytes,      23760 total
- age   4:      15840 bytes,      39600 total
- age   5:      29504 bytes,      69104 total
- age   6:       5272 bytes,      74376 total
: 4511K->89K(4928K), 0.0014841 secs] 10751K->6347K(15872K), 0.0015264 secs] [Times: user=0.00 sys=0.00, real=0.00 secs] 
Heap after GC invocations=154 (full 0):
 par new generation   total 4928K, used 89K [0x00000000f0800000, 0x00000000f0d50000, 0x00000000f5a00000)
  eden space 4416K,   0% used [0x00000000f0800000, 0x00000000f0800000, 0x00000000f0c50000)
  from space 512K,  17% used [0x00000000f0c50000, 0x00000000f0c664e8, 0x00000000f0cd0000)
  to   space 512K,   0% used [0x00000000f0cd0000, 0x00000000f0cd0000, 0x00000000f0d50000)
 concurrent mark-sweep generation total 10944K, used 6258K [0x00000000f5a00000, 0x00000000f64b0000, 0x0000000100000000)
 Metaspace       used 15104K, capacity 15510K, committed 15616K, reserved 1062912K
  class space    used 1841K, capacity 1979K, committed 2048K, reserved 1048576K
}
2019-10-16T14:16:44.773+0000: 4.625: Total time for which application threads were stopped: 0.0038958 seconds, Stopping threads took: 0.0022864 seconds
{Heap before GC invocations=154 (full 0):
 par new generation   total 4928K, used 4505K [0x00000000f0800000, 0x00000000f0d50000, 0x00000000f5a00000)
  eden space 4416K, 100% used [0x00000000f0800000, 0x00000000f0c50000, 0x00000000f0c50000)
  from space 512K,  17% used [0x00000000f0c50000, 0x00000000f0c664e8, 0x00000000f0cd0000)
  to   space 512K,   0% used [0x00000000f0cd0000, 0x00000000f0cd0000, 0x00000000f0d50000)
 concurrent mark-sweep generation total 10944K, used 6258K [0x00000000f5a00000, 0x00000000f64b0000, 0x0000000100000000)
 Metaspace       used 15113K, capacity 15510K, committed 15616K, reserved 1062912K
  class space    used 1845K, capacity 1979K, committed 2048K, reserved 1048576K
2019-10-16T14:16:44.788+0000: 4.640: [GC (Allocation Failure) 2019-10-16T14:16:44.788+0000: 4.640: [ParNew
Desired survivor size 262144 bytes, new threshold 6 (max 6)
- age   1:       9816 bytes,       9816 total
- age   2:       4464 bytes,      14280 total
- age   3:       5784 bytes,      20064 total
- age   4:      10512 bytes,      30576 total
- age   5:      15840 bytes,      46416 total
- age   6:      29504 bytes,      75920 total
: 4505K->77K(4928K), 0.0013700 secs] 10763K->6338K(15872K), 0.0014103 secs] [Times: user=0.00 sys=0.00, real=0.00 secs] 
Heap after GC invocations=155 (full 0):
 par new generation   total 4928K, used 77K [0x00000000f0800000, 0x00000000f0d50000, 0x00000000f5a00000)
  eden space 4416K,   0% used [0x00000000f0800000, 0x00000000f0800000, 0x00000000f0c50000)
  from space 512K,  15% used [0x00000000f0cd0000, 0x00000000f0ce3448, 0x00000000f0d50000)
  to   space 512K,   0% used [0x00000000f0c50000, 0x00000000f0c50000, 0x00000000f0cd0000)
 concurrent mark-sweep generation total 10944K, used 6261K [0x00000000f5a00000, 0x00000000f64b0000, 0x0000000100000000)
 Metaspace       used 15113K, capacity 15510K, committed 15616K, reserved 1062912K
  class space    used 1845K, capacity 1979K, committed 2048K, reserved 1048576K
}
2019-10-16T14:16:44.790+0000: 4.642: Total time for which application threads were stopped: 0.0095512 seconds, Stopping threads took: 0.0080588 seconds
{Heap before GC invocations=155 (full 0):
 par new generation   total 4928K, used 4493K [0x00000000f0800000, 0x00000000f0d50000, 0x00000000f5a00000)
  eden space 4416K, 100% used [0x00000000f0800000, 0x00000000f0c50000, 0x00000000f0c50000)
  from space 512K,  15% used [0x00000000f0cd0000, 0x00000000f0ce3448, 0x00000000f0d50000)
  to   space 512K,   0% used [0x00000000f0c50000, 0x00000000f0c50000, 0x00000000f0cd0000)
 concurrent mark-sweep generation total 10944K, used 6261K [0x00000000f5a00000, 0x00000000f64b0000, 0x0000000100000000)
 Metaspace       used 15122K, capacity 15510K, committed 15616K, reserved 1062912K
  class space    used 1848K, capacity 1979K, committed 2048K, reserved 1048576K
2019-10-16T14:16:44.805+0000: 4.657: [GC (Allocation Failure) 2019-10-16T14:16:44.805+0000: 4.657: [ParNew
Desired survivor size 262144 bytes, new threshold 6 (max 6)
- age   1:       9936 bytes,       9936 total
- age   2:       8144 bytes,      18080 total
- age   3:       4464 bytes,      22544 total
- age   4:       5784 bytes,      28328 total
- age   5:      10512 bytes,      38840 total
- age   6:      15840 bytes,      54680 total
: 4493K->74K(4928K), 0.0013258 secs] 10754K->6363K(15872K), 0.0013739 secs] [Times: user=0.00 sys=0.00, real=0.00 secs] 
Heap after GC invocations=156 (full 0):
 par new generation   total 4928K, used 74K [0x00000000f0800000, 0x00000000f0d50000, 0x00000000f5a00000)
  eden space 4416K,   0% used [0x00000000f0800000, 0x00000000f0800000, 0x00000000f0c50000)
  from space 512K,  14% used [0x00000000f0c50000, 0x00000000f0c62b88, 0x00000000f0cd0000)
  to   space 512K,   0% used [0x00000000f0cd0000, 0x00000000f0cd0000, 0x00000000f0d50000)
 concurrent mark-sweep generation total 10944K, used 6288K [0x00000000f5a00000, 0x00000000f64b0000, 0x0000000100000000)
 Metaspace       used 15122K, capacity 15510K, committed 15616K, reserved 1062912K
  class space    used 1848K, capacity 1979K, committed 2048K, reserved 1048576K
}
2019-10-16T14:16:44.807+0000: 4.659: Total time for which application threads were stopped: 0.0097282 seconds, Stopping threads took: 0.0082723 seconds
{Heap before GC invocations=156 (full 0):
 par new generation   total 4928K, used 4490K [0x00000000f0800000, 0x00000000f0d50000, 0x00000000f5a00000)
  eden space 4416K, 100% used [0x00000000f0800000, 0x00000000f0c50000, 0x00000000f0c50000)
  from space 512K,  14% used [0x00000000f0c50000, 0x00000000f0c62b88, 0x00000000f0cd0000)
  to   space 512K,   0% used [0x00000000f0cd0000, 0x00000000f0cd0000, 0x00000000f0d50000)
 concurrent mark-sweep generation total 10944K, used 6288K [0x00000000f5a00000, 0x00000000f64b0000, 0x0000000100000000)
 Metaspace       used 15201K, capacity 15582K, committed 15872K, reserved 1062912K
  class space    used 1860K, capacity 1983K, committed 2048K, reserved 1048576K
2019-10-16T14:16:44.825+0000: 4.677: [GC (Allocation Failure) 2019-10-16T14:16:44.825+0000: 4.677: [ParNew
Desired survivor size 262144 bytes, new threshold 6 (max 6)
- age   1:      34032 bytes,      34032 total
- age   2:       6440 bytes,      40472 total
- age   3:       6744 bytes,      47216 total
- age   4:       4464 bytes,      51680 total
- age   5:       5752 bytes,      57432 total
- age   6:       9016 bytes,      66448 total
: 4490K->116K(4928K), 0.0015580 secs] 10779K->6420K(15872K), 0.0016036 secs] [Times: user=0.00 sys=0.00, real=0.00 secs] 
Heap after GC invocations=157 (full 0):
 par new generation   total 4928K, used 116K [0x00000000f0800000, 0x00000000f0d50000, 0x00000000f5a00000)
  eden space 4416K,   0% used [0x00000000f0800000, 0x00000000f0800000, 0x00000000f0c50000)
  from space 512K,  22% used [0x00000000f0cd0000, 0x00000000f0ced130, 0x00000000f0d50000)
  to   space 512K,   0% used [0x00000000f0c50000, 0x00000000f0c50000, 0x00000000f0cd0000)
 concurrent mark-sweep generation total 10944K, used 6304K [0x00000000f5a00000, 0x00000000f64b0000, 0x0000000100000000)
 Metaspace       used 15201K, capacity 15582K, committed 15872K, reserved 1062912K
  class space    used 1860K, capacity 1983K, committed 2048K, reserved 1048576K
}
2019-10-16T14:16:44.826+0000: 4.679: Total time for which application threads were stopped: 0.0017120 seconds, Stopping threads took: 0.0000249 seconds
{Heap before GC invocations=157 (full 0):
 par new generation   total 4928K, used 4532K [0x00000000f0800000, 0x00000000f0d50000, 0x00000000f5a00000)
  eden space 4416K, 100% used [0x00000000f0800000, 0x00000000f0c50000, 0x00000000f0c50000)
  from space 512K,  22% used [0x00000000f0cd0000, 0x00000000f0ced130, 0x00000000f0d50000)
  to   space 512K,   0% used [0x00000000f0c50000, 0x00000000f0c50000, 0x00000000f0cd0000)
 concurrent mark-sweep generation total 10944K, used 6304K [0x00000000f5a00000, 0x00000000f64b0000, 0x0000000100000000)
 Metaspace       used 15231K, capacity 15660K, committed 15872K, reserved 1062912K
  class space    used 1867K, capacity 1986K, committed 2048K, reserved 1048576K
2019-10-16T14:16:44.845+0000: 4.697: [GC (Allocation Failure) 2019-10-16T14:16:44.845+0000: 4.697: [ParNew
Desired survivor size 262144 bytes, new threshold 6 (max 6)
- age   1:      16872 bytes,      16872 total
- age   2:      31720 bytes,      48592 total
- age   3:       6440 bytes,      55032 total
- age   4:       6744 bytes,      61776 total
- age   5:       4464 bytes,      66240 total
- age   6:       3520 bytes,      69760 total
: 4532K->78K(4928K), 0.0014147 secs] 10836K->6391K(15872K), 0.0014640 secs] [Times: user=0.00 sys=0.00, real=0.00 secs] 
Heap after GC invocations=158 (full 0):
 par new generation   total 4928K, used 78K [0x00000000f0800000, 0x00000000f0d50000, 0x00000000f5a00000)
  eden space 4416K,   0% used [0x00000000f0800000, 0x00000000f0800000, 0x00000000f0c50000)
  from space 512K,  15% used [0x00000000f0c50000, 0x00000000f0c63820, 0x00000000f0cd0000)
  to   space 512K,   0% used [0x00000000f0cd0000, 0x00000000f0cd0000, 0x00000000f0d50000)
 concurrent mark-sweep generation total 10944K, used 6313K [0x00000000f5a00000, 0x00000000f64b0000, 0x0000000100000000)
 Metaspace       used 15231K, capacity 15660K, committed 15872K, reserved 1062912K
  class space    used 1867K, capacity 1986K, committed 2048K, reserved 1048576K
}
2019-10-16T14:16:44.847+0000: 4.699: Total time for which application threads were stopped: 0.0038047 seconds, Stopping threads took: 0.0022461 seconds
{Heap before GC invocations=158 (full 0):
 par new generation   total 4928K, used 4494K [0x00000000f0800000, 0x00000000f0d50000, 0x00000000f5a00000)
  eden space 4416K, 100% used [0x00000000f0800000, 0x00000000f0c50000, 0x00000000f0c50000)
  from space 512K,  15% used [0x00000000f0c50000, 0x00000000f0c63820, 0x00000000f0cd0000)
  to   space 512K,   0% used [0x00000000f0cd0000, 0x00000000f0cd0000, 0x00000000f0d50000)
 concurrent mark-sweep generation total 10944K, used 6313K [0x00000000f5a00000, 0x00000000f64b0000, 0x0000000100000000)
 Metaspace       used 15236K, capacity 15660K, committed 15872K, reserved 1062912K
  class space    used 1869K, capacity 1986K, committed 2048K, reserved 1048576K
2019-10-16T14:16:44.860+0000: 4.712: [GC (Allocation Failure) 2019-10-16T14:16:44.860+0000: 4.712: [ParNew
Desired survivor size 262144 bytes, new threshold 6 (max 6)
- age   1:      16976 bytes,      16976 total
- age   2:      12016 bytes,      28992 total
- age   3:      31720 bytes,      60712 total
- age   4:       6440 bytes,      67152 total
- age   5:       6744 bytes,      73896 total
- age   6:       3336 bytes,      77232 total
: 4494K->130K(4928K), 0.0011739 secs] 10807K->6447K(15872K), 0.0012069 secs] [Times: user=0.00 sys=0.00, real=0.00 secs] 
Heap after GC invocations=159 (full 0):
 par new generation   total 4928K, used 130K [0x00000000f0800000, 0x00000000f0d50000, 0x00000000f5a00000)
  eden space 4416K,   0% used [0x00000000f0800000, 0x00000000f0800000, 0x00000000f0c50000)
  from space 512K,  25% used [0x00000000f0cd0000, 0x00000000f0cf0bb0, 0x00000000f0d50000)
  to   space 512K,   0% used [0x00000000f0c50000, 0x00000000f0c50000, 0x00000000f0cd0000)
 concurrent mark-sweep generation total 10944K, used 6316K [0x00000000f5a00000, 0x00000000f64b0000, 0x0000000100000000)
 Metaspace       used 15236K, capacity 15660K, committed 15872K, reserved 1062912K
  class space    used 1869K, capacity 1986K, committed 2048K, reserved 1048576K
}
2019-10-16T14:16:44.862+0000: 4.714: Total time for which application threads were stopped: 0.0033389 seconds, Stopping threads took: 0.0020466 seconds
{Heap before GC invocations=159 (full 0):
 par new generation   total 4928K, used 4546K [0x00000000f0800000, 0x00000000f0d50000, 0x00000000f5a00000)
  eden space 4416K, 100% used [0x00000000f0800000, 0x00000000f0c50000, 0x00000000f0c50000)
  from space 512K,  25% used [0x00000000f0cd0000, 0x00000000f0cf0bb0, 0x00000000f0d50000)
  to   space 512K,   0% used [0x00000000f0c50000, 0x00000000f0c50000, 0x00000000f0cd0000)
 concurrent mark-sweep generation total 10944K, used 6316K [0x00000000f5a00000, 0x00000000f64b0000, 0x0000000100000000)
 Metaspace       used 15242K, capacity 15660K, committed 15872K, reserved 1062912K
  class space    used 1872K, capacity 1986K, committed 2048K, reserved 1048576K
2019-10-16T14:16:44.869+0000: 4.721: [GC (Allocation Failure) 2019-10-16T14:16:44.869+0000: 4.721: [ParNew
Desired survivor size 262144 bytes, new threshold 6 (max 6)
- age   1:       8216 bytes,       8216 total
- age   2:      14704 bytes,      22920 total
- age   3:      11440 bytes,      34360 total
- age   4:      31720 bytes,      66080 total
- age   5:       6440 bytes,      72520 total
- age   6:       5064 bytes,      77584 total
: 4546K->79K(4928K), 0.0013305 secs] 10863K->6399K(15872K), 0.0013715 secs] [Times: user=0.00 sys=0.00, real=0.00 secs] 
Heap after GC invocations=160 (full 0):
 par new generation   total 4928K, used 79K [0x00000000f0800000, 0x00000000f0d50000, 0x00000000f5a00000)
  eden space 4416K,   0% used [0x00000000f0800000, 0x00000000f0800000, 0x00000000f0c50000)
  from space 512K,  15% used [0x00000000f0c50000, 0x00000000f0c63db0, 0x00000000f0cd0000)
  to   space 512K,   0% used [0x00000000f0cd0000, 0x00000000f0cd0000, 0x00000000f0d50000)
 concurrent mark-sweep generation total 10944K, used 6319K [0x00000000f5a00000, 0x00000000f64b0000, 0x0000000100000000)
 Metaspace       used 15242K, capacity 15660K, committed 15872K, reserved 1062912K
  class space    used 1872K, capacity 1986K, committed 2048K, reserved 1048576K
}
2019-10-16T14:16:44.870+0000: 4.722: Total time for which application threads were stopped: 0.0014799 seconds, Stopping threads took: 0.0000261 seconds
{Heap before GC invocations=160 (full 0):
 par new generation   total 4928K, used 4495K [0x00000000f0800000, 0x00000000f0d50000, 0x00000000f5a00000)
  eden space 4416K, 100% used [0x00000000f0800000, 0x00000000f0c50000, 0x00000000f0c50000)
  from space 512K,  15% used [0x00000000f0c50000, 0x00000000f0c63db0, 0x00000000f0cd0000)
  to   space 512K,   0% used [0x00000000f0cd0000, 0x00000000f0cd0000, 0x00000000f0d50000)
 concurrent mark-sweep generation total 10944K, used 6319K [0x00000000f5a00000, 0x00000000f64b0000, 0x0000000100000000)
 Metaspace       used 15257K, capacity 15660K, committed 15872K, reserved 1062912K
  class space    used 1875K, capacity 1986K, committed 2048K, reserved 1048576K
2019-10-16T14:16:44.885+0000: 4.737: [GC (Allocation Failure) 2019-10-16T14:16:44.885+0000: 4.737: [ParNew
Desired survivor size 262144 bytes, new threshold 6 (max 6)
- age   1:      14904 bytes,      14904 total
- age   2:       5216 bytes,      20120 total
- age   3:      14704 bytes,      34824 total
- age   4:      10736 bytes,      45560 total
- age   5:      31720 bytes,      77280 total
- age   6:       5312 bytes,      82592 total
: 4495K->133K(4928K), 0.0013069 secs] 10815K->6456K(15872K), 0.0013454 secs] [Times: user=0.00 sys=0.00, real=0.00 secs] 
Heap after GC invocations=161 (full 0):
 par new generation   total 4928K, used 133K [0x00000000f0800000, 0x00000000f0d50000, 0x00000000f5a00000)
  eden space 4416K,   0% used [0x00000000f0800000, 0x00000000f0800000, 0x00000000f0c50000)
  from space 512K,  26% used [0x00000000f0cd0000, 0x00000000f0cf1580, 0x00000000f0d50000)
  to   space 512K,   0% used [0x00000000f0c50000, 0x00000000f0c50000, 0x00000000f0cd0000)
 concurrent mark-sweep generation total 10944K, used 6323K [0x00000000f5a00000, 0x00000000f64b0000, 0x0000000100000000)
 Metaspace       used 15257K, capacity 15660K, committed 15872K, reserved 1062912K
  class space    used 1875K, capacity 1986K, committed 2048K, reserved 1048576K
}
2019-10-16T14:16:44.887+0000: 4.739: Total time for which application threads were stopped: 0.0038706 seconds, Stopping threads took: 0.0024174 seconds
{Heap before GC invocations=161 (full 0):
 par new generation   total 4928K, used 4549K [0x00000000f0800000, 0x00000000f0d50000, 0x00000000f5a00000)
  eden space 4416K, 100% used [0x00000000f0800000, 0x00000000f0c50000, 0x00000000f0c50000)
  from space 512K,  26% used [0x00000000f0cd0000, 0x00000000f0cf1580, 0x00000000f0d50000)
  to   space 512K,   0% used [0x00000000f0c50000, 0x00000000f0c50000, 0x00000000f0cd0000)
 concurrent mark-sweep generation total 10944K, used 6323K [0x00000000f5a00000, 0x00000000f64b0000, 0x0000000100000000)
 Metaspace       used 15304K, capacity 15774K, committed 15872K, reserved 1062912K
  class space    used 1884K, capacity 2021K, committed 2048K, reserved 1048576K
2019-10-16T14:16:44.910+0000: 4.762: [GC (Allocation Failure) 2019-10-16T14:16:44.910+0000: 4.762: [ParNew
Desired survivor size 262144 bytes, new threshold 6 (max 6)
- age   1:      64560 bytes,      64560 total
- age   2:      11304 bytes,      75864 total
- age   3:       5216 bytes,      81080 total
- age   4:      14704 bytes,      95784 total
- age   5:      10544 bytes,     106328 total
- age   6:      31720 bytes,     138048 total
: 4549K->154K(4928K), 0.0016181 secs] 10872K->6480K(15872K), 0.0016678 secs] [Times: user=0.00 sys=0.00, real=0.01 secs] 
Heap after GC invocations=162 (full 0):
 par new generation   total 4928K, used 154K [0x00000000f0800000, 0x00000000f0d50000, 0x00000000f5a00000)
  eden space 4416K,   0% used [0x00000000f0800000, 0x00000000f0800000, 0x00000000f0c50000)
  from space 512K,  30% used [0x00000000f0c50000, 0x00000000f0c76890, 0x00000000f0cd0000)
  to   space 512K,   0% used [0x00000000f0cd0000, 0x00000000f0cd0000, 0x00000000f0d50000)
 concurrent mark-sweep generation total 10944K, used 6326K [0x00000000f5a00000, 0x00000000f64b0000, 0x0000000100000000)
 Metaspace       used 15304K, capacity 15774K, committed 15872K, reserved 1062912K
  class space    used 1884K, capacity 2021K, committed 2048K, reserved 1048576K
}
2019-10-16T14:16:44.912+0000: 4.764: Total time for which application threads were stopped: 0.0017785 seconds, Stopping threads took: 0.0000228 seconds
{Heap before GC invocations=162 (full 0):
 par new generation   total 4928K, used 4570K [0x00000000f0800000, 0x00000000f0d50000, 0x00000000f5a00000)
  eden space 4416K, 100% used [0x00000000f0800000, 0x00000000f0c50000, 0x00000000f0c50000)
  from space 512K,  30% used [0x00000000f0c50000, 0x00000000f0c76890, 0x00000000f0cd0000)
  to   space 512K,   0% used [0x00000000f0cd0000, 0x00000000f0cd0000, 0x00000000f0d50000)
 concurrent mark-sweep generation total 10944K, used 6326K [0x00000000f5a00000, 0x00000000f64b0000, 0x0000000100000000)
 Metaspace       used 15395K, capacity 15858K, committed 16128K, reserved 1062912K
  class space    used 1899K, capacity 2027K, committed 2048K, reserved 1048576K
2019-10-16T14:16:44.933+0000: 4.785: [GC (Allocation Failure) 2019-10-16T14:16:44.933+0000: 4.785: [ParNew
Desired survivor size 262144 bytes, new threshold 6 (max 6)
- age   1:      21384 bytes,      21384 total
- age   2:      34984 bytes,      56368 total
- age   3:       8384 bytes,      64752 total
- age   4:       5216 bytes,      69968 total
- age   5:      14704 bytes,      84672 total
- age   6:       9352 bytes,      94024 total
: 4570K->120K(4928K), 0.0019113 secs] 10896K->6477K(15872K), 0.0019613 secs] [Times: user=0.01 sys=0.00, real=0.00 secs] 
Heap after GC invocations=163 (full 0):
 par new generation   total 4928K, used 120K [0x00000000f0800000, 0x00000000f0d50000, 0x00000000f5a00000)
  eden space 4416K,   0% used [0x00000000f0800000, 0x00000000f0800000, 0x00000000f0c50000)
  from space 512K,  23% used [0x00000000f0cd0000, 0x00000000f0cee1a0, 0x00000000f0d50000)
  to   space 512K,   0% used [0x00000000f0c50000, 0x00000000f0c50000, 0x00000000f0cd0000)
 concurrent mark-sweep generation total 10944K, used 6357K [0x00000000f5a00000, 0x00000000f64b0000, 0x0000000100000000)
 Metaspace       used 15395K, capacity 15858K, committed 16128K, reserved 1062912K
  class space    used 1899K, capacity 2027K, committed 2048K, reserved 1048576K
}
2019-10-16T14:16:44.935+0000: 4.787: Total time for which application threads were stopped: 0.0020846 seconds, Stopping threads took: 0.0000247 seconds
{Heap before GC invocations=163 (full 0):
 par new generation   total 4928K, used 4536K [0x00000000f0800000, 0x00000000f0d50000, 0x00000000f5a00000)
  eden space 4416K, 100% used [0x00000000f0800000, 0x00000000f0c50000, 0x00000000f0c50000)
  from space 512K,  23% used [0x00000000f0cd0000, 0x00000000f0cee1a0, 0x00000000f0d50000)
  to   space 512K,   0% used [0x00000000f0c50000, 0x00000000f0c50000, 0x00000000f0cd0000)
 concurrent mark-sweep generation total 10944K, used 6357K [0x00000000f5a00000, 0x00000000f64b0000, 0x0000000100000000)
 Metaspace       used 15446K, capacity 15858K, committed 16128K, reserved 1062912K
  class space    used 1907K, capacity 2027K, committed 2048K, reserved 1048576K
2019-10-16T14:16:44.955+0000: 4.807: [GC (Allocation Failure) 2019-10-16T14:16:44.955+0000: 4.807: [ParNew
Desired survivor size 262144 bytes, new threshold 6 (max 6)
- age   1:      30944 bytes,      30944 total
- age   2:      18072 bytes,      49016 total
- age   3:      34984 bytes,      84000 total
- age   4:       8384 bytes,      92384 total
- age   5:       5216 bytes,      97600 total
- age   6:      14088 bytes,     111688 total
: 4536K->196K(4928K), 0.0017393 secs] 10893K->6561K(15872K), 0.0017938 secs] [Times: user=0.01 sys=0.00, real=0.00 secs] 
Heap after GC invocations=164 (full 0):
 par new generation   total 4928K, used 196K [0x00000000f0800000, 0x00000000f0d50000, 0x00000000f5a00000)
  eden space 4416K,   0% used [0x00000000f0800000, 0x00000000f0800000, 0x00000000f0c50000)
  from space 512K,  38% used [0x00000000f0c50000, 0x00000000f0c813e0, 0x00000000f0cd0000)
  to   space 512K,   0% used [0x00000000f0cd0000, 0x00000000f0cd0000, 0x00000000f0d50000)
 concurrent mark-sweep generation total 10944K, used 6364K [0x00000000f5a00000, 0x00000000f64b0000, 0x0000000100000000)
 Metaspace       used 15446K, capacity 15858K, committed 16128K, reserved 1062912K
  class space    used 1907K, capacity 2027K, committed 2048K, reserved 1048576K
}
2019-10-16T14:16:44.956+0000: 4.808: Total time for which application threads were stopped: 0.0019116 seconds, Stopping threads took: 0.0000259 seconds
{Heap before GC invocations=164 (full 0):
 par new generation   total 4928K, used 4612K [0x00000000f0800000, 0x00000000f0d50000, 0x00000000f5a00000)
  eden space 4416K, 100% used [0x00000000f0800000, 0x00000000f0c50000, 0x00000000f0c50000)
  from space 512K,  38% used [0x00000000f0c50000, 0x00000000f0c813e0, 0x00000000f0cd0000)
  to   space 512K,   0% used [0x00000000f0cd0000, 0x00000000f0cd0000, 0x00000000f0d50000)
 concurrent mark-sweep generation total 10944K, used 6364K [0x00000000f5a00000, 0x00000000f64b0000, 0x0000000100000000)
 Metaspace       used 15561K, capacity 15954K, committed 16256K, reserved 1062912K
  class space    used 1925K, capacity 2059K, committed 2176K, reserved 1048576K
2019-10-16T14:16:44.977+0000: 4.829: [GC (Allocation Failure) 2019-10-16T14:16:44.977+0000: 4.829: [ParNew
Desired survivor size 262144 bytes, new threshold 6 (max 6)
- age   1:      27560 bytes,      27560 total
- age   2:      27368 bytes,      54928 total
- age   3:      18072 bytes,      73000 total
- age   4:      34984 bytes,     107984 total
- age   5:       7776 bytes,     115760 total
- age   6:       2768 bytes,     118528 total
: 4612K->131K(4928K), 0.0017462 secs] 10977K->6508K(15872K), 0.0017924 secs] [Times: user=0.00 sys=0.00, real=0.00 secs] 
Heap after GC invocations=165 (full 0):
 par new generation   total 4928K, used 131K [0x00000000f0800000, 0x00000000f0d50000, 0x00000000f5a00000)
  eden space 4416K,   0% used [0x00000000f0800000, 0x00000000f0800000, 0x00000000f0c50000)
  from space 512K,  25% used [0x00000000f0cd0000, 0x00000000f0cf0cf8, 0x00000000f0d50000)
  to   space 512K,   0% used [0x00000000f0c50000, 0x00000000f0c50000, 0x00000000f0cd0000)
 concurrent mark-sweep generation total 10944K, used 6377K [0x00000000f5a00000, 0x00000000f64b0000, 0x0000000100000000)
 Metaspace       used 15561K, capacity 15954K, committed 16256K, reserved 1062912K
  class space    used 1925K, capacity 2059K, committed 2176K, reserved 1048576K
}
2019-10-16T14:16:44.979+0000: 4.831: Total time for which application threads were stopped: 0.0019003 seconds, Stopping threads took: 0.0000228 seconds
{Heap before GC invocations=165 (full 0):
 par new generation   total 4928K, used 4547K [0x00000000f0800000, 0x00000000f0d50000, 0x00000000f5a00000)
  eden space 4416K, 100% used [0x00000000f0800000, 0x00000000f0c50000, 0x00000000f0c50000)
  from space 512K,  25% used [0x00000000f0cd0000, 0x00000000f0cf0cf8, 0x00000000f0d50000)
  to   space 512K,   0% used [0x00000000f0c50000, 0x00000000f0c50000, 0x00000000f0cd0000)
 concurrent mark-sweep generation total 10944K, used 6377K [0x00000000f5a00000, 0x00000000f64b0000, 0x0000000100000000)
 Metaspace       used 15588K, capacity 16018K, committed 16256K, reserved 1062912K
  class space    used 1930K, capacity 2059K, committed 2176K, reserved 1048576K
2019-10-16T14:16:44.998+0000: 4.850: [GC (Allocation Failure) 2019-10-16T14:16:44.998+0000: 4.850: [ParNew
Desired survivor size 262144 bytes, new threshold 6 (max 6)
- age   1:      23760 bytes,      23760 total
- age   2:      23296 bytes,      47056 total
- age   3:      27312 bytes,      74368 total
- age   4:      18072 bytes,      92440 total
- age   5:      33760 bytes,     126200 total
- age   6:       5304 bytes,     131504 total
: 4547K->205K(4928K), 0.0017606 secs] 10924K->6585K(15872K), 0.0018084 secs] [Times: user=0.01 sys=0.00, real=0.00 secs] 
Heap after GC invocations=166 (full 0):
 par new generation   total 4928K, used 205K [0x00000000f0800000, 0x00000000f0d50000, 0x00000000f5a00000)
  eden space 4416K,   0% used [0x00000000f0800000, 0x00000000f0800000, 0x00000000f0c50000)
  from space 512K,  40% used [0x00000000f0c50000, 0x00000000f0c83410, 0x00000000f0cd0000)
  to   space 512K,   0% used [0x00000000f0cd0000, 0x00000000f0cd0000, 0x00000000f0d50000)
 concurrent mark-sweep generation total 10944K, used 6380K [0x00000000f5a00000, 0x00000000f64b0000, 0x0000000100000000)
 Metaspace       used 15588K, capacity 16018K, committed 16256K, reserved 1062912K
  class space    used 1930K, capacity 2059K, committed 2176K, reserved 1048576K
}
2019-10-16T14:16:45.000+0000: 4.852: Total time for which application threads were stopped: 0.0060330 seconds, Stopping threads took: 0.0041249 seconds
{Heap before GC invocations=166 (full 0):
 par new generation   total 4928K, used 4621K [0x00000000f0800000, 0x00000000f0d50000, 0x00000000f5a00000)
  eden space 4416K, 100% used [0x00000000f0800000, 0x00000000f0c50000, 0x00000000f0c50000)
  from space 512K,  40% used [0x00000000f0c50000, 0x00000000f0c83410, 0x00000000f0cd0000)
  to   space 512K,   0% used [0x00000000f0cd0000, 0x00000000f0cd0000, 0x00000000f0d50000)
 concurrent mark-sweep generation total 10944K, used 6380K [0x00000000f5a00000, 0x00000000f64b0000, 0x0000000100000000)
 Metaspace       used 15619K, capacity 16018K, committed 16256K, reserved 1062912K
  class space    used 1935K, capacity 2059K, committed 2176K, reserved 1048576K
2019-10-16T14:16:45.014+0000: 4.866: [GC (Allocation Failure) 2019-10-16T14:16:45.014+0000: 4.866: [ParNew
Desired survivor size 262144 bytes, new threshold 6 (max 6)
- age   1:      26784 bytes,      26784 total
- age   2:      19760 bytes,      46544 total
- age   3:      23296 bytes,      69840 total
- age   4:      27312 bytes,      97152 total
- age   5:      16352 bytes,     113504 total
- age   6:      33280 bytes,     146784 total
: 4621K->243K(4928K), 0.0020980 secs] 11001K->6628K(15872K), 0.0021710 secs] [Times: user=0.00 sys=0.00, real=0.00 secs] 
Heap after GC invocations=167 (full 0):
 par new generation   total 4928K, used 243K [0x00000000f0800000, 0x00000000f0d50000, 0x00000000f5a00000)
  eden space 4416K,   0% used [0x00000000f0800000, 0x00000000f0800000, 0x00000000f0c50000)
  from space 512K,  47% used [0x00000000f0cd0000, 0x00000000f0d0cc40, 0x00000000f0d50000)
  to   space 512K,   0% used [0x00000000f0c50000, 0x00000000f0c50000, 0x00000000f0cd0000)
 concurrent mark-sweep generation total 10944K, used 6385K [0x00000000f5a00000, 0x00000000f64b0000, 0x0000000100000000)
 Metaspace       used 15619K, capacity 16018K, committed 16256K, reserved 1062912K
  class space    used 1935K, capacity 2059K, committed 2176K, reserved 1048576K
}
2019-10-16T14:16:45.016+0000: 4.868: Total time for which application threads were stopped: 0.0022938 seconds, Stopping threads took: 0.0000332 seconds
{Heap before GC invocations=167 (full 0):
 par new generation   total 4928K, used 4659K [0x00000000f0800000, 0x00000000f0d50000, 0x00000000f5a00000)
  eden space 4416K, 100% used [0x00000000f0800000, 0x00000000f0c50000, 0x00000000f0c50000)
  from space 512K,  47% used [0x00000000f0cd0000, 0x00000000f0d0cc40, 0x00000000f0d50000)
  to   space 512K,   0% used [0x00000000f0c50000, 0x00000000f0c50000, 0x00000000f0cd0000)
 concurrent mark-sweep generation total 10944K, used 6385K [0x00000000f5a00000, 0x00000000f64b0000, 0x0000000100000000)
 Metaspace       used 15637K, capacity 16050K, committed 16256K, reserved 1062912K
  class space    used 1939K, capacity 2091K, committed 2176K, reserved 1048576K
2019-10-16T14:16:45.041+0000: 4.893: [GC (Allocation Failure) 2019-10-16T14:16:45.041+0000: 4.893: [ParNew
Desired survivor size 262144 bytes, new threshold 6 (max 6)
- age   1:      89288 bytes,      89288 total
- age   2:      14456 bytes,     103744 total
- age   3:      19696 bytes,     123440 total
- age   4:      22136 bytes,     145576 total
- age   5:      25048 bytes,     170624 total
- age   6:      14680 bytes,     185304 total
: 4659K->251K(4928K), 0.0020902 secs] 11044K->6671K(15872K), 0.0021493 secs] [Times: user=0.00 sys=0.00, real=0.01 secs] 
Heap after GC invocations=168 (full 0):
 par new generation   total 4928K, used 251K [0x00000000f0800000, 0x00000000f0d50000, 0x00000000f5a00000)
  eden space 4416K,   0% used [0x00000000f0800000, 0x00000000f0800000, 0x00000000f0c50000)
  from space 512K,  49% used [0x00000000f0c50000, 0x00000000f0c8ef30, 0x00000000f0cd0000)
  to   space 512K,   0% used [0x00000000f0cd0000, 0x00000000f0cd0000, 0x00000000f0d50000)
 concurrent mark-sweep generation total 10944K, used 6419K [0x00000000f5a00000, 0x00000000f64b0000, 0x0000000100000000)
 Metaspace       used 15637K, capacity 16050K, committed 16256K, reserved 1062912K
  class space    used 1939K, capacity 2091K, committed 2176K, reserved 1048576K
}
2019-10-16T14:16:45.043+0000: 4.895: Total time for which application threads were stopped: 0.0022831 seconds, Stopping threads took: 0.0000354 seconds
{Heap before GC invocations=168 (full 0):
 par new generation   total 4928K, used 4667K [0x00000000f0800000, 0x00000000f0d50000, 0x00000000f5a00000)
  eden space 4416K, 100% used [0x00000000f0800000, 0x00000000f0c50000, 0x00000000f0c50000)
  from space 512K,  49% used [0x00000000f0c50000, 0x00000000f0c8ef30, 0x00000000f0cd0000)
  to   space 512K,   0% used [0x00000000f0cd0000, 0x00000000f0cd0000, 0x00000000f0d50000)
 concurrent mark-sweep generation total 10944K, used 6419K [0x00000000f5a00000, 0x00000000f64b0000, 0x0000000100000000)
 Metaspace       used 15671K, capacity 16074K, committed 16256K, reserved 1062912K
  class space    used 1944K, capacity 2095K, committed 2176K, reserved 1048576K
2019-10-16T14:16:45.072+0000: 4.924: [GC (Allocation Failure) 2019-10-16T14:16:45.072+0000: 4.924: [ParNew
Desired survivor size 262144 bytes, new threshold 2 (max 6)
- age   1:     231288 bytes,     231288 total
- age   2:      65416 bytes,     296704 total
- age   3:      10024 bytes,     306728 total
- age   4:      19008 bytes,     325736 total
- age   5:      19128 bytes,     344864 total
- age   6:      25048 bytes,     369912 total
: 4667K->468K(4928K), 0.0024529 secs] 11087K->6901K(15872K), 0.0025096 secs] [Times: user=0.00 sys=0.00, real=0.00 secs] 
Heap after GC invocations=169 (full 0):
 par new generation   total 4928K, used 468K [0x00000000f0800000, 0x00000000f0d50000, 0x00000000f5a00000)
  eden space 4416K,   0% used [0x00000000f0800000, 0x00000000f0800000, 0x00000000f0c50000)
  from space 512K,  91% used [0x00000000f0cd0000, 0x00000000f0d45150, 0x00000000f0d50000)
  to   space 512K,   0% used [0x00000000f0c50000, 0x00000000f0c50000, 0x00000000f0cd0000)
 concurrent mark-sweep generation total 10944K, used 6433K [0x00000000f5a00000, 0x00000000f64b0000, 0x0000000100000000)
 Metaspace       used 15671K, capacity 16074K, committed 16256K, reserved 1062912K
  class space    used 1944K, capacity 2095K, committed 2176K, reserved 1048576K
}
2019-10-16T14:16:45.075+0000: 4.927: Total time for which application threads were stopped: 0.0026258 seconds, Stopping threads took: 0.0000235 seconds
{Heap before GC invocations=169 (full 0):
 par new generation   total 4928K, used 4884K [0x00000000f0800000, 0x00000000f0d50000, 0x00000000f5a00000)
  eden space 4416K, 100% used [0x00000000f0800000, 0x00000000f0c50000, 0x00000000f0c50000)
  from space 512K,  91% used [0x00000000f0cd0000, 0x00000000f0d45150, 0x00000000f0d50000)
  to   space 512K,   0% used [0x00000000f0c50000, 0x00000000f0c50000, 0x00000000f0cd0000)
 concurrent mark-sweep generation total 10944K, used 6433K [0x00000000f5a00000, 0x00000000f64b0000, 0x0000000100000000)
 Metaspace       used 15710K, capacity 16208K, committed 16512K, reserved 1062912K
  class space    used 1949K, capacity 2096K, committed 2176K, reserved 1048576K
2019-10-16T14:16:45.097+0000: 4.949: [GC (Allocation Failure) 2019-10-16T14:16:45.097+0000: 4.949: [ParNew
Desired survivor size 262144 bytes, new threshold 6 (max 6)
- age   1:     189208 bytes,     189208 total
- age   2:      48056 bytes,     237264 total
: 4884K->310K(4928K), 0.0026071 secs] 11317K->6879K(15872K), 0.0026601 secs] [Times: user=0.01 sys=0.00, real=0.00 secs] 
Heap after GC invocations=170 (full 0):
 par new generation   total 4928K, used 310K [0x00000000f0800000, 0x00000000f0d50000, 0x00000000f5a00000)
  eden space 4416K,   0% used [0x00000000f0800000, 0x00000000f0800000, 0x00000000f0c50000)
  from space 512K,  60% used [0x00000000f0c50000, 0x00000000f0c9da20, 0x00000000f0cd0000)
  to   space 512K,   0% used [0x00000000f0cd0000, 0x00000000f0cd0000, 0x00000000f0d50000)
 concurrent mark-sweep generation total 10944K, used 6569K [0x00000000f5a00000, 0x00000000f64b0000, 0x0000000100000000)
 Metaspace       used 15710K, capacity 16208K, committed 16512K, reserved 1062912K
  class space    used 1949K, capacity 2096K, committed 2176K, reserved 1048576K
}
2019-10-16T14:16:45.100+0000: 4.952: Total time for which application threads were stopped: 0.0027756 seconds, Stopping threads took: 0.0000232 seconds
{Heap before GC invocations=170 (full 0):
 par new generation   total 4928K, used 4726K [0x00000000f0800000, 0x00000000f0d50000, 0x00000000f5a00000)
  eden space 4416K, 100% used [0x00000000f0800000, 0x00000000f0c50000, 0x00000000f0c50000)
  from space 512K,  60% used [0x00000000f0c50000, 0x00000000f0c9da20, 0x00000000f0cd0000)
  to   space 512K,   0% used [0x00000000f0cd0000, 0x00000000f0cd0000, 0x00000000f0d50000)
 concurrent mark-sweep generation total 10944K, used 6569K [0x00000000f5a00000, 0x00000000f64b0000, 0x0000000100000000)
 Metaspace       used 15736K, capacity 16208K, committed 16512K, reserved 1062912K
  class space    used 1954K, capacity 2096K, committed 2176K, reserved 1048576K
2019-10-16T14:16:45.119+0000: 4.971: [GC (Allocation Failure) 2019-10-16T14:16:45.119+0000: 4.972: [ParNew
Desired survivor size 262144 bytes, new threshold 6 (max 6)
- age   1:      40424 bytes,      40424 total
- age   2:     160456 bytes,     200880 total
- age   3:      48056 bytes,     248936 total
: 4726K->251K(4928K), 0.0071060 secs] 11295K->6820K(15872K), 0.0071543 secs] [Times: user=0.01 sys=0.00, real=0.01 secs] 
Heap after GC invocations=171 (full 0):
 par new generation   total 4928K, used 251K [0x00000000f0800000, 0x00000000f0d50000, 0x00000000f5a00000)
  eden space 4416K,   0% used [0x00000000f0800000, 0x00000000f0800000, 0x00000000f0c50000)
  from space 512K,  49% used [0x00000000f0cd0000, 0x00000000f0d0edb0, 0x00000000f0d50000)
  to   space 512K,   0% used [0x00000000f0c50000, 0x00000000f0c50000, 0x00000000f0cd0000)
 concurrent mark-sweep generation total 10944K, used 6569K [0x00000000f5a00000, 0x00000000f64b0000, 0x0000000100000000)
 Metaspace       used 15736K, capacity 16208K, committed 16512K, reserved 1062912K
  class space    used 1954K, capacity 2096K, committed 2176K, reserved 1048576K
}
2019-10-16T14:16:45.127+0000: 4.979: Total time for which application threads were stopped: 0.0123235 seconds, Stopping threads took: 0.0050652 seconds
{Heap before GC invocations=171 (full 0):
 par new generation   total 4928K, used 4667K [0x00000000f0800000, 0x00000000f0d50000, 0x00000000f5a00000)
  eden space 4416K, 100% used [0x00000000f0800000, 0x00000000f0c50000, 0x00000000f0c50000)
  from space 512K,  49% used [0x00000000f0cd0000, 0x00000000f0d0edb0, 0x00000000f0d50000)
  to   space 512K,   0% used [0x00000000f0c50000, 0x00000000f0c50000, 0x00000000f0cd0000)
 concurrent mark-sweep generation total 10944K, used 6569K [0x00000000f5a00000, 0x00000000f64b0000, 0x0000000100000000)
 Metaspace       used 15774K, capacity 16208K, committed 16512K, reserved 1062912K
  class space    used 1959K, capacity 2096K, committed 2176K, reserved 1048576K
2019-10-16T14:16:45.142+0000: 4.994: [GC (Allocation Failure) 2019-10-16T14:16:45.142+0000: 4.994: [ParNew
Desired survivor size 262144 bytes, new threshold 4 (max 6)
- age   1:      25472 bytes,      25472 total
- age   2:      36160 bytes,      61632 total
- age   3:     160456 bytes,     222088 total
- age   4:      48056 bytes,     270144 total
: 4667K->488K(4928K), 0.0017235 secs] 11236K->7058K(15872K), 0.0017683 secs] [Times: user=0.00 sys=0.00, real=0.00 secs] 
Heap after GC invocations=172 (full 0):
 par new generation   total 4928K, used 488K [0x00000000f0800000, 0x00000000f0d50000, 0x00000000f5a00000)
  eden space 4416K,   0% used [0x00000000f0800000, 0x00000000f0800000, 0x00000000f0c50000)
  from space 512K,  95% used [0x00000000f0c50000, 0x00000000f0cca3e0, 0x00000000f0cd0000)
  to   space 512K,   0% used [0x00000000f0cd0000, 0x00000000f0cd0000, 0x00000000f0d50000)
 concurrent mark-sweep generation total 10944K, used 6569K [0x00000000f5a00000, 0x00000000f64b0000, 0x0000000100000000)
 Metaspace       used 15774K, capacity 16208K, committed 16512K, reserved 1062912K
  class space    used 1959K, capacity 2096K, committed 2176K, reserved 1048576K
}
2019-10-16T14:16:45.144+0000: 4.996: Total time for which application threads were stopped: 0.0018748 seconds, Stopping threads took: 0.0000216 seconds
{Heap before GC invocations=172 (full 0):
 par new generation   total 4928K, used 4904K [0x00000000f0800000, 0x00000000f0d50000, 0x00000000f5a00000)
  eden space 4416K, 100% used [0x00000000f0800000, 0x00000000f0c50000, 0x00000000f0c50000)
  from space 512K,  95% used [0x00000000f0c50000, 0x00000000f0cca3e0, 0x00000000f0cd0000)
  to   space 512K,   0% used [0x00000000f0cd0000, 0x00000000f0cd0000, 0x00000000f0d50000)
 concurrent mark-sweep generation total 10944K, used 6569K [0x00000000f5a00000, 0x00000000f64b0000, 0x0000000100000000)
 Metaspace       used 15803K, capacity 16272K, committed 16512K, reserved 1062912K
  class space    used 1966K, capacity 2096K, committed 2176K, reserved 1048576K
2019-10-16T14:16:45.159+0000: 5.011: [GC (Allocation Failure) 2019-10-16T14:16:45.159+0000: 5.011: [ParNew
Desired survivor size 262144 bytes, new threshold 6 (max 6)
- age   1:      24448 bytes,      24448 total
- age   2:      14184 bytes,      38632 total
- age   3:      36160 bytes,      74792 total
- age   4:     160456 bytes,     235248 total
: 4904K->320K(4928K), 0.0018684 secs] 11474K->6935K(15872K), 0.0019050 secs] [Times: user=0.01 sys=0.00, real=0.00 secs] 
Heap after GC invocations=173 (full 0):
 par new generation   total 4928K, used 320K [0x00000000f0800000, 0x00000000f0d50000, 0x00000000f5a00000)
  eden space 4416K,   0% used [0x00000000f0800000, 0x00000000f0800000, 0x00000000f0c50000)
  from space 512K,  62% used [0x00000000f0cd0000, 0x00000000f0d202e8, 0x00000000f0d50000)
  to   space 512K,   0% used [0x00000000f0c50000, 0x00000000f0c50000, 0x00000000f0cd0000)
 concurrent mark-sweep generation total 10944K, used 6614K [0x00000000f5a00000, 0x00000000f64b0000, 0x0000000100000000)
 Metaspace       used 15803K, capacity 16272K, committed 16512K, reserved 1062912K
  class space    used 1966K, capacity 2096K, committed 2176K, reserved 1048576K
}
2019-10-16T14:16:45.161+0000: 5.013: Total time for which application threads were stopped: 0.0020253 seconds, Stopping threads took: 0.0000205 seconds
{Heap before GC invocations=173 (full 0):
 par new generation   total 4928K, used 4736K [0x00000000f0800000, 0x00000000f0d50000, 0x00000000f5a00000)
  eden space 4416K, 100% used [0x00000000f0800000, 0x00000000f0c50000, 0x00000000f0c50000)
  from space 512K,  62% used [0x00000000f0cd0000, 0x00000000f0d202e8, 0x00000000f0d50000)
  to   space 512K,   0% used [0x00000000f0c50000, 0x00000000f0c50000, 0x00000000f0cd0000)
 concurrent mark-sweep generation total 10944K, used 6614K [0x00000000f5a00000, 0x00000000f64b0000, 0x0000000100000000)
 Metaspace       used 15837K, capacity 16276K, committed 16512K, reserved 1062912K
  class space    used 1972K, capacity 2098K, committed 2176K, reserved 1048576K
2019-10-16T14:16:45.183+0000: 5.035: [GC (Allocation Failure) 2019-10-16T14:16:45.183+0000: 5.035: [ParNew
Desired survivor size 262144 bytes, new threshold 6 (max 6)
- age   1:      26456 bytes,      26456 total
- age   2:      19448 bytes,      45904 total
- age   3:      13176 bytes,      59080 total
- age   4:      36120 bytes,      95200 total
- age   5:     158064 bytes,     253264 total
: 4736K->423K(4928K), 0.0019172 secs] 11351K->7037K(15872K), 0.0020097 secs] [Times: user=0.00 sys=0.00, real=0.00 secs] 
Heap after GC invocations=174 (full 0):
 par new generation   total 4928K, used 423K [0x00000000f0800000, 0x00000000f0d50000, 0x00000000f5a00000)
  eden space 4416K,   0% used [0x00000000f0800000, 0x00000000f0800000, 0x00000000f0c50000)
  from space 512K,  82% used [0x00000000f0c50000, 0x00000000f0cb9ca0, 0x00000000f0cd0000)
  to   space 512K,   0% used [0x00000000f0cd0000, 0x00000000f0cd0000, 0x00000000f0d50000)
 concurrent mark-sweep generation total 10944K, used 6614K [0x00000000f5a00000, 0x00000000f64b0000, 0x0000000100000000)
 Metaspace       used 15837K, capacity 16276K, committed 16512K, reserved 1062912K
  class space    used 1972K, capacity 2098K, committed 2176K, reserved 1048576K
}
2019-10-16T14:16:45.185+0000: 5.037: Total time for which application threads were stopped: 0.0021682 seconds, Stopping threads took: 0.0000674 seconds
{Heap before GC invocations=174 (full 0):
 par new generation   total 4928K, used 4839K [0x00000000f0800000, 0x00000000f0d50000, 0x00000000f5a00000)
  eden space 4416K, 100% used [0x00000000f0800000, 0x00000000f0c50000, 0x00000000f0c50000)
  from space 512K,  82% used [0x00000000f0c50000, 0x00000000f0cb9ca0, 0x00000000f0cd0000)
  to   space 512K,   0% used [0x00000000f0cd0000, 0x00000000f0cd0000, 0x00000000f0d50000)
 concurrent mark-sweep generation total 10944K, used 6614K [0x00000000f5a00000, 0x00000000f64b0000, 0x0000000100000000)
 Metaspace       used 15900K, capacity 16372K, committed 16512K, reserved 1062912K
  class space    used 1977K, capacity 2130K, committed 2176K, reserved 1048576K
2019-10-16T14:16:45.206+0000: 5.058: [GC (Allocation Failure) 2019-10-16T14:16:45.206+0000: 5.058: [ParNew
Desired survivor size 262144 bytes, new threshold 6 (max 6)
- age   1:      47744 bytes,      47744 total
- age   2:      21496 bytes,      69240 total
- age   3:      19448 bytes,      88688 total
- age   4:      12680 bytes,     101368 total
- age   5:      34248 bytes,     135616 total
- age   6:     158064 bytes,     293680 total
: 4839K->291K(4928K), 0.0018112 secs] 11453K->6906K(15872K), 0.0018511 secs] [Times: user=0.00 sys=0.00, real=0.00 secs] 
Heap after GC invocations=175 (full 0):
 par new generation   total 4928K, used 291K [0x00000000f0800000, 0x00000000f0d50000, 0x00000000f5a00000)
  eden space 4416K,   0% used [0x00000000f0800000, 0x00000000f0800000, 0x00000000f0c50000)
  from space 512K,  56% used [0x00000000f0cd0000, 0x00000000f0d18e50, 0x00000000f0d50000)
  to   space 512K,   0% used [0x00000000f0c50000, 0x00000000f0c50000, 0x00000000f0cd0000)
 concurrent mark-sweep generation total 10944K, used 6614K [0x00000000f5a00000, 0x00000000f64b0000, 0x0000000100000000)
 Metaspace       used 15900K, capacity 16372K, committed 16512K, reserved 1062912K
  class space    used 1977K, capacity 2130K, committed 2176K, reserved 1048576K
}
2019-10-16T14:16:45.208+0000: 5.060: Total time for which application threads were stopped: 0.0019561 seconds, Stopping threads took: 0.0000219 seconds
{Heap before GC invocations=175 (full 0):
 par new generation   total 4928K, used 4707K [0x00000000f0800000, 0x00000000f0d50000, 0x00000000f5a00000)
  eden space 4416K, 100% used [0x00000000f0800000, 0x00000000f0c50000, 0x00000000f0c50000)
  from space 512K,  56% used [0x00000000f0cd0000, 0x00000000f0d18e50, 0x00000000f0d50000)
  to   space 512K,   0% used [0x00000000f0c50000, 0x00000000f0c50000, 0x00000000f0cd0000)
 concurrent mark-sweep generation total 10944K, used 6614K [0x00000000f5a00000, 0x00000000f64b0000, 0x0000000100000000)
 Metaspace       used 15978K, capacity 16436K, committed 16512K, reserved 1062912K
  class space    used 2001K, capacity 2130K, committed 2176K, reserved 1048576K
2019-10-16T14:16:45.230+0000: 5.082: [GC (Allocation Failure) 2019-10-16T14:16:45.230+0000: 5.082: [ParNew
Desired survivor size 262144 bytes, new threshold 6 (max 6)
- age   1:      19320 bytes,      19320 total
- age   2:      18408 bytes,      37728 total
- age   3:      21360 bytes,      59088 total
- age   4:      18936 bytes,      78024 total
- age   5:      11336 bytes,      89360 total
- age   6:      34248 bytes,     123608 total
: 4707K->251K(4928K), 0.0020716 secs] 11322K->7021K(15872K), 0.0021290 secs] [Times: user=0.00 sys=0.00, real=0.01 secs] 
Heap after GC invocations=176 (full 0):
 par new generation   total 4928K, used 251K [0x00000000f0800000, 0x00000000f0d50000, 0x00000000f5a00000)
  eden space 4416K,   0% used [0x00000000f0800000, 0x00000000f0800000, 0x00000000f0c50000)
  from space 512K,  49% used [0x00000000f0c50000, 0x00000000f0c8eec8, 0x00000000f0cd0000)
  to   space 512K,   0% used [0x00000000f0cd0000, 0x00000000f0cd0000, 0x00000000f0d50000)
 concurrent mark-sweep generation total 10944K, used 6769K [0x00000000f5a00000, 0x00000000f64b0000, 0x0000000100000000)
 Metaspace       used 15978K, capacity 16436K, committed 16512K, reserved 1062912K
  class space    used 2001K, capacity 2130K, committed 2176K, reserved 1048576K
}
2019-10-16T14:16:45.232+0000: 5.084: Total time for which application threads were stopped: 0.0052153 seconds, Stopping threads took: 0.0029960 seconds
{Heap before GC invocations=176 (full 0):
 par new generation   total 4928K, used 4667K [0x00000000f0800000, 0x00000000f0d50000, 0x00000000f5a00000)
  eden space 4416K, 100% used [0x00000000f0800000, 0x00000000f0c50000, 0x00000000f0c50000)
  from space 512K,  49% used [0x00000000f0c50000, 0x00000000f0c8eec8, 0x00000000f0cd0000)
  to   space 512K,   0% used [0x00000000f0cd0000, 0x00000000f0cd0000, 0x00000000f0d50000)
 concurrent mark-sweep generation total 10944K, used 6769K [0x00000000f5a00000, 0x00000000f64b0000, 0x0000000100000000)
 Metaspace       used 16006K, capacity 16436K, committed 16512K, reserved 1062912K
  class space    used 2005K, capacity 2130K, committed 2176K, reserved 1048576K
2019-10-16T14:16:45.246+0000: 5.098: [GC (Allocation Failure) 2019-10-16T14:16:45.246+0000: 5.098: [ParNew
Desired survivor size 262144 bytes, new threshold 6 (max 6)
- age   1:      23320 bytes,      23320 total
- age   2:      14808 bytes,      38128 total
- age   3:      18408 bytes,      56536 total
- age   4:      21360 bytes,      77896 total
- age   5:      18520 bytes,      96416 total
- age   6:      11336 bytes,     107752 total
: 4667K->108K(4928K), 0.0015557 secs] 11437K->6912K(15872K), 0.0015926 secs] [Times: user=0.00 sys=0.00, real=0.00 secs] 
Heap after GC invocations=177 (full 0):
 par new generation   total 4928K, used 108K [0x00000000f0800000, 0x00000000f0d50000, 0x00000000f5a00000)
  eden space 4416K,   0% used [0x00000000f0800000, 0x00000000f0800000, 0x00000000f0c50000)
  from space 512K,  21% used [0x00000000f0cd0000, 0x00000000f0ceb258, 0x00000000f0d50000)
  to   space 512K,   0% used [0x00000000f0c50000, 0x00000000f0c50000, 0x00000000f0cd0000)
 concurrent mark-sweep generation total 10944K, used 6803K [0x00000000f5a00000, 0x00000000f64b0000, 0x0000000100000000)
 Metaspace       used 16006K, capacity 16436K, committed 16512K, reserved 1062912K
  class space    used 2005K, capacity 2130K, committed 2176K, reserved 1048576K
}
2019-10-16T14:16:45.248+0000: 5.100: Total time for which application threads were stopped: 0.0017106 seconds, Stopping threads took: 0.0000342 seconds
{Heap before GC invocations=177 (full 0):
 par new generation   total 4928K, used 4524K [0x00000000f0800000, 0x00000000f0d50000, 0x00000000f5a00000)
  eden space 4416K, 100% used [0x00000000f0800000, 0x00000000f0c50000, 0x00000000f0c50000)
  from space 512K,  21% used [0x00000000f0cd0000, 0x00000000f0ceb258, 0x00000000f0d50000)
  to   space 512K,   0% used [0x00000000f0c50000, 0x00000000f0c50000, 0x00000000f0cd0000)
 concurrent mark-sweep generation total 10944K, used 6803K [0x00000000f5a00000, 0x00000000f64b0000, 0x0000000100000000)
 Metaspace       used 16058K, capacity 16532K, committed 16768K, reserved 1064960K
  class space    used 2012K, capacity 2162K, committed 2176K, reserved 1048576K
2019-10-16T14:16:45.262+0000: 5.114: [GC (Allocation Failure) 2019-10-16T14:16:45.262+0000: 5.114: [ParNew
Desired survivor size 262144 bytes, new threshold 6 (max 6)
- age   1:      11808 bytes,      11808 total
- age   2:      15688 bytes,      27496 total
- age   3:      14808 bytes,      42304 total
- age   4:      18408 bytes,      60712 total
- age   5:      21360 bytes,      82072 total
- age   6:      18520 bytes,     100592 total
: 4524K->105K(4928K), 0.0012785 secs] 11328K->6921K(15872K), 0.0013481 secs] [Times: user=0.00 sys=0.00, real=0.01 secs] 
Heap after GC invocations=178 (full 0):
 par new generation   total 4928K, used 105K [0x00000000f0800000, 0x00000000f0d50000, 0x00000000f5a00000)
  eden space 4416K,   0% used [0x00000000f0800000, 0x00000000f0800000, 0x00000000f0c50000)
  from space 512K,  20% used [0x00000000f0c50000, 0x00000000f0c6a730, 0x00000000f0cd0000)
  to   space 512K,   0% used [0x00000000f0cd0000, 0x00000000f0cd0000, 0x00000000f0d50000)
 concurrent mark-sweep generation total 10944K, used 6815K [0x00000000f5a00000, 0x00000000f64b0000, 0x0000000100000000)
 Metaspace       used 16058K, capacity 16532K, committed 16768K, reserved 1064960K
  class space    used 2012K, capacity 2162K, committed 2176K, reserved 1048576K
}
2019-10-16T14:16:45.264+0000: 5.116: Total time for which application threads were stopped: 0.0016500 seconds, Stopping threads took: 0.0002258 seconds
{Heap before GC invocations=178 (full 0):
 par new generation   total 4928K, used 4521K [0x00000000f0800000, 0x00000000f0d50000, 0x00000000f5a00000)
  eden space 4416K, 100% used [0x00000000f0800000, 0x00000000f0c50000, 0x00000000f0c50000)
  from space 512K,  20% used [0x00000000f0c50000, 0x00000000f0c6a730, 0x00000000f0cd0000)
  to   space 512K,   0% used [0x00000000f0cd0000, 0x00000000f0cd0000, 0x00000000f0d50000)
 concurrent mark-sweep generation total 10944K, used 6815K [0x00000000f5a00000, 0x00000000f64b0000, 0x0000000100000000)
 Metaspace       used 16096K, capacity 16532K, committed 16768K, reserved 1064960K
  class space    used 2018K, capacity 2162K, committed 2176K, reserved 1048576K
2019-10-16T14:16:45.282+0000: 5.134: [GC (Allocation Failure) 2019-10-16T14:16:45.282+0000: 5.134: [ParNew
Desired survivor size 262144 bytes, new threshold 6 (max 6)
- age   1:      15680 bytes,      15680 total
- age   2:       7432 bytes,      23112 total
- age   3:      15688 bytes,      38800 total
- age   4:      14808 bytes,      53608 total
- age   5:      18408 bytes,      72016 total
- age   6:      21360 bytes,      93376 total
: 4521K->100K(4928K), 0.0013538 secs] 11337K->6934K(15872K), 0.0013901 secs] [Times: user=0.00 sys=0.00, real=0.00 secs] 
Heap after GC invocations=179 (full 0):
 par new generation   total 4928K, used 100K [0x00000000f0800000, 0x00000000f0d50000, 0x00000000f5a00000)
  eden space 4416K,   0% used [0x00000000f0800000, 0x00000000f0800000, 0x00000000f0c50000)
  from space 512K,  19% used [0x00000000f0cd0000, 0x00000000f0ce9118, 0x00000000f0d50000)
  to   space 512K,   0% used [0x00000000f0c50000, 0x00000000f0c50000, 0x00000000f0cd0000)
 concurrent mark-sweep generation total 10944K, used 6834K [0x00000000f5a00000, 0x00000000f64b0000, 0x0000000100000000)
 Metaspace       used 16096K, capacity 16532K, committed 16768K, reserved 1064960K
  class space    used 2018K, capacity 2162K, committed 2176K, reserved 1048576K
}
2019-10-16T14:16:45.284+0000: 5.136: Total time for which application threads were stopped: 0.0014936 seconds, Stopping threads took: 0.0000226 seconds
{Heap before GC invocations=179 (full 0):
 par new generation   total 4928K, used 4516K [0x00000000f0800000, 0x00000000f0d50000, 0x00000000f5a00000)
  eden space 4416K, 100% used [0x00000000f0800000, 0x00000000f0c50000, 0x00000000f0c50000)
  from space 512K,  19% used [0x00000000f0cd0000, 0x00000000f0ce9118, 0x00000000f0d50000)
  to   space 512K,   0% used [0x00000000f0c50000, 0x00000000f0c50000, 0x00000000f0cd0000)
 concurrent mark-sweep generation total 10944K, used 6834K [0x00000000f5a00000, 0x00000000f64b0000, 0x0000000100000000)
 Metaspace       used 16132K, capacity 16596K, committed 16768K, reserved 1064960K
  class space    used 2023K, capacity 2162K, committed 2176K, reserved 1048576K
2019-10-16T14:16:45.294+0000: 5.146: [GC (Allocation Failure) 2019-10-16T14:16:45.294+0000: 5.146: [ParNew
Desired survivor size 262144 bytes, new threshold 6 (max 6)
- age   1:      16232 bytes,      16232 total
- age   2:      10040 bytes,      26272 total
- age   3:       7400 bytes,      33672 total
- age   4:      15480 bytes,      49152 total
- age   5:      14728 bytes,      63880 total
- age   6:      18408 bytes,      82288 total
: 4516K->93K(4928K), 0.0012436 secs] 11350K->6948K(15872K), 0.0012853 secs] [Times: user=0.00 sys=0.00, real=0.00 secs] 
Heap after GC invocations=180 (full 0):
 par new generation   total 4928K, used 93K [0x00000000f0800000, 0x00000000f0d50000, 0x00000000f5a00000)
  eden space 4416K,   0% used [0x00000000f0800000, 0x00000000f0800000, 0x00000000f0c50000)
  from space 512K,  18% used [0x00000000f0c50000, 0x00000000f0c67550, 0x00000000f0cd0000)
  to   space 512K,   0% used [0x00000000f0cd0000, 0x00000000f0cd0000, 0x00000000f0d50000)
 concurrent mark-sweep generation total 10944K, used 6855K [0x00000000f5a00000, 0x00000000f64b0000, 0x0000000100000000)
 Metaspace       used 16132K, capacity 16596K, committed 16768K, reserved 1064960K
  class space    used 2023K, capacity 2162K, committed 2176K, reserved 1048576K
}
2019-10-16T14:16:45.295+0000: 5.147: Total time for which application threads were stopped: 0.0013739 seconds, Stopping threads took: 0.0000178 seconds
{Heap before GC invocations=180 (full 0):
 par new generation   total 4928K, used 4509K [0x00000000f0800000, 0x00000000f0d50000, 0x00000000f5a00000)
  eden space 4416K, 100% used [0x00000000f0800000, 0x00000000f0c50000, 0x00000000f0c50000)
  from space 512K,  18% used [0x00000000f0c50000, 0x00000000f0c67550, 0x00000000f0cd0000)
  to   space 512K,   0% used [0x00000000f0cd0000, 0x00000000f0cd0000, 0x00000000f0d50000)
 concurrent mark-sweep generation total 10944K, used 6855K [0x00000000f5a00000, 0x00000000f64b0000, 0x0000000100000000)
 Metaspace       used 16268K, capacity 16724K, committed 16768K, reserved 1064960K
  class space    used 2025K, capacity 2162K, committed 2176K, reserved 1048576K
2019-10-16T14:16:45.314+0000: 5.166: [GC (Allocation Failure) 2019-10-16T14:16:45.314+0000: 5.166: [ParNew
Desired survivor size 262144 bytes, new threshold 6 (max 6)
- age   1:     162448 bytes,     162448 total
- age   2:      12816 bytes,     175264 total
- age   3:      10040 bytes,     185304 total
- age   4:       7400 bytes,     192704 total
- age   5:      15480 bytes,     208184 total
- age   6:      14728 bytes,     222912 total
: 4509K->272K(4928K), 0.0014130 secs] 11364K->7146K(15872K), 0.0014513 secs] [Times: user=0.00 sys=0.00, real=0.00 secs] 
Heap after GC invocations=181 (full 0):
 par new generation   total 4928K, used 272K [0x00000000f0800000, 0x00000000f0d50000, 0x00000000f5a00000)
  eden space 4416K,   0% used [0x00000000f0800000, 0x00000000f0800000, 0x00000000f0c50000)
  from space 512K,  53% used [0x00000000f0cd0000, 0x00000000f0d142f0, 0x00000000f0d50000)
  to   space 512K,   0% used [0x00000000f0c50000, 0x00000000f0c50000, 0x00000000f0cd0000)
 concurrent mark-sweep generation total 10944K, used 6873K [0x00000000f5a00000, 0x00000000f64b0000, 0x0000000100000000)
 Metaspace       used 16268K, capacity 16724K, committed 16768K, reserved 1064960K
  class space    used 2025K, capacity 2162K, committed 2176K, reserved 1048576K
}
2019-10-16T14:16:45.315+0000: 5.167: Total time for which application threads were stopped: 0.0051914 seconds, Stopping threads took: 0.0036443 seconds
{Heap before GC invocations=181 (full 0):
 par new generation   total 4928K, used 4688K [0x00000000f0800000, 0x00000000f0d50000, 0x00000000f5a00000)
  eden space 4416K, 100% used [0x00000000f0800000, 0x00000000f0c50000, 0x00000000f0c50000)
  from space 512K,  53% used [0x00000000f0cd0000, 0x00000000f0d142f0, 0x00000000f0d50000)
  to   space 512K,   0% used [0x00000000f0c50000, 0x00000000f0c50000, 0x00000000f0cd0000)
 concurrent mark-sweep generation total 10944K, used 6873K [0x00000000f5a00000, 0x00000000f64b0000, 0x0000000100000000)
 Metaspace       used 16319K, capacity 16788K, committed 17024K, reserved 1064960K
  class space    used 2037K, capacity 2162K, committed 2176K, reserved 1048576K
2019-10-16T14:16:45.328+0000: 5.180: [GC (Allocation Failure) 2019-10-16T14:16:45.328+0000: 5.180: [ParNew
Desired survivor size 262144 bytes, new threshold 6 (max 6)
- age   1:      19408 bytes,      19408 total
- age   2:       5560 bytes,      24968 total
- age   3:      12576 bytes,      37544 total
- age   4:      10040 bytes,      47584 total
- age   5:       7400 bytes,      54984 total
- age   6:      15480 bytes,      70464 total
: 4688K->103K(4928K), 0.0011655 secs] 11562K->6992K(15872K), 0.0012066 secs] [Times: user=0.00 sys=0.00, real=0.00 secs] 
Heap after GC invocations=182 (full 0):
 par new generation   total 4928K, used 103K [0x00000000f0800000, 0x00000000f0d50000, 0x00000000f5a00000)
  eden space 4416K,   0% used [0x00000000f0800000, 0x00000000f0800000, 0x00000000f0c50000)
  from space 512K,  20% used [0x00000000f0c50000, 0x00000000f0c69fa8, 0x00000000f0cd0000)
  to   space 512K,   0% used [0x00000000f0cd0000, 0x00000000f0cd0000, 0x00000000f0d50000)
 concurrent mark-sweep generation total 10944K, used 6888K [0x00000000f5a00000, 0x00000000f64b0000, 0x0000000100000000)
 Metaspace       used 16319K, capacity 16788K, committed 17024K, reserved 1064960K
  class space    used 2037K, capacity 2162K, committed 2176K, reserved 1048576K
}
2019-10-16T14:16:45.329+0000: 5.181: Total time for which application threads were stopped: 0.0032105 seconds, Stopping threads took: 0.0019278 seconds
{Heap before GC invocations=182 (full 0):
 par new generation   total 4928K, used 4519K [0x00000000f0800000, 0x00000000f0d50000, 0x00000000f5a00000)
  eden space 4416K, 100% used [0x00000000f0800000, 0x00000000f0c50000, 0x00000000f0c50000)
  from space 512K,  20% used [0x00000000f0c50000, 0x00000000f0c69fa8, 0x00000000f0cd0000)
  to   space 512K,   0% used [0x00000000f0cd0000, 0x00000000f0cd0000, 0x00000000f0d50000)
 concurrent mark-sweep generation total 10944K, used 6888K [0x00000000f5a00000, 0x00000000f64b0000, 0x0000000100000000)
 Metaspace       used 16352K, capacity 16820K, committed 17152K, reserved 1064960K
  class space    used 2041K, capacity 2194K, committed 2304K, reserved 1048576K
2019-10-16T14:16:45.345+0000: 5.197: [GC (Allocation Failure) 2019-10-16T14:16:45.345+0000: 5.197: [ParNew
Desired survivor size 262144 bytes, new threshold 6 (max 6)
- age   1:      15696 bytes,      15696 total
- age   2:       9000 bytes,      24696 total
- age   3:       5560 bytes,      30256 total
- age   4:      12576 bytes,      42832 total
- age   5:      10040 bytes,      52872 total
- age   6:       7400 bytes,      60272 total
: 4519K->77K(4928K), 0.0011638 secs] 11408K->6982K(15872K), 0.0011988 secs] [Times: user=0.00 sys=0.00, real=0.00 secs] 
Heap after GC invocations=183 (full 0):
 par new generation   total 4928K, used 77K [0x00000000f0800000, 0x00000000f0d50000, 0x00000000f5a00000)
  eden space 4416K,   0% used [0x00000000f0800000, 0x00000000f0800000, 0x00000000f0c50000)
  from space 512K,  15% used [0x00000000f0cd0000, 0x00000000f0ce3780, 0x00000000f0d50000)
  to   space 512K,   0% used [0x00000000f0c50000, 0x00000000f0c50000, 0x00000000f0cd0000)
 concurrent mark-sweep generation total 10944K, used 6904K [0x00000000f5a00000, 0x00000000f64b0000, 0x0000000100000000)
 Metaspace       used 16352K, capacity 16820K, committed 17152K, reserved 1064960K
  class space    used 2041K, capacity 2194K, committed 2304K, reserved 1048576K
}
2019-10-16T14:16:45.346+0000: 5.198: Total time for which application threads were stopped: 0.0034778 seconds, Stopping threads took: 0.0021958 seconds
{Heap before GC invocations=183 (full 0):
 par new generation   total 4928K, used 4493K [0x00000000f0800000, 0x00000000f0d50000, 0x00000000f5a00000)
  eden space 4416K, 100% used [0x00000000f0800000, 0x00000000f0c50000, 0x00000000f0c50000)
  from space 512K,  15% used [0x00000000f0cd0000, 0x00000000f0ce3780, 0x00000000f0d50000)
  to   space 512K,   0% used [0x00000000f0c50000, 0x00000000f0c50000, 0x00000000f0cd0000)
 concurrent mark-sweep generation total 10944K, used 6904K [0x00000000f5a00000, 0x00000000f64b0000, 0x0000000100000000)
 Metaspace       used 16377K, capacity 16820K, committed 17152K, reserved 1064960K
  class space    used 2046K, capacity 2194K, committed 2304K, reserved 1048576K
2019-10-16T14:16:45.362+0000: 5.214: [GC (Allocation Failure) 2019-10-16T14:16:45.362+0000: 5.214: [ParNew
Desired survivor size 262144 bytes, new threshold 6 (max 6)
- age   1:      12368 bytes,      12368 total
- age   2:       8944 bytes,      21312 total
- age   3:       8800 bytes,      30112 total
- age   4:       5560 bytes,      35672 total
- age   5:      12576 bytes,      48248 total
- age   6:      10040 bytes,      58288 total
: 4493K->63K(4928K), 0.0013324 secs] 11398K->6975K(15872K), 0.0013747 secs] [Times: user=0.01 sys=0.00, real=0.00 secs] 
Heap after GC invocations=184 (full 0):
 par new generation   total 4928K, used 63K [0x00000000f0800000, 0x00000000f0d50000, 0x00000000f5a00000)
  eden space 4416K,   0% used [0x00000000f0800000, 0x00000000f0800000, 0x00000000f0c50000)
  from space 512K,  12% used [0x00000000f0c50000, 0x00000000f0c5fe80, 0x00000000f0cd0000)
  to   space 512K,   0% used [0x00000000f0cd0000, 0x00000000f0cd0000, 0x00000000f0d50000)
 concurrent mark-sweep generation total 10944K, used 6911K [0x00000000f5a00000, 0x00000000f64b0000, 0x0000000100000000)
 Metaspace       used 16377K, capacity 16820K, committed 17152K, reserved 1064960K
  class space    used 2046K, capacity 2194K, committed 2304K, reserved 1048576K
}
2019-10-16T14:16:45.364+0000: 5.216: Total time for which application threads were stopped: 0.0014818 seconds, Stopping threads took: 0.0000233 seconds
{Heap before GC invocations=184 (full 0):
 par new generation   total 4928K, used 4479K [0x00000000f0800000, 0x00000000f0d50000, 0x00000000f5a00000)
  eden space 4416K, 100% used [0x00000000f0800000, 0x00000000f0c50000, 0x00000000f0c50000)
  from space 512K,  12% used [0x00000000f0c50000, 0x00000000f0c5fe80, 0x00000000f0cd0000)
  to   space 512K,   0% used [0x00000000f0cd0000, 0x00000000f0cd0000, 0x00000000f0d50000)
 concurrent mark-sweep generation total 10944K, used 6911K [0x00000000f5a00000, 0x00000000f64b0000, 0x0000000100000000)
 Metaspace       used 16400K, capacity 16884K, committed 17152K, reserved 1064960K
  class space    used 2050K, capacity 2194K, committed 2304K, reserved 1048576K
2019-10-16T14:16:45.377+0000: 5.229: [GC (Allocation Failure) 2019-10-16T14:16:45.377+0000: 5.229: [ParNew
Desired survivor size 262144 bytes, new threshold 6 (max 6)
- age   1:      17680 bytes,      17680 total
- age   2:       8744 bytes,      26424 total
- age   3:       8928 bytes,      35352 total
- age   4:       8472 bytes,      43824 total
- age   5:       5560 bytes,      49384 total
- age   6:      12576 bytes,      61960 total
: 4479K->115K(4928K), 0.0012421 secs] 11391K->7037K(15872K), 0.0012874 secs] [Times: user=0.00 sys=0.00, real=0.00 secs] 
Heap after GC invocations=185 (full 0):
 par new generation   total 4928K, used 115K [0x00000000f0800000, 0x00000000f0d50000, 0x00000000f5a00000)
  eden space 4416K,   0% used [0x00000000f0800000, 0x00000000f0800000, 0x00000000f0c50000)
  from space 512K,  22% used [0x00000000f0cd0000, 0x00000000f0cecfd0, 0x00000000f0d50000)
  to   space 512K,   0% used [0x00000000f0c50000, 0x00000000f0c50000, 0x00000000f0cd0000)
 concurrent mark-sweep generation total 10944K, used 6922K [0x00000000f5a00000, 0x00000000f64b0000, 0x0000000100000000)
 Metaspace       used 16400K, capacity 16884K, committed 17152K, reserved 1064960K
  class space    used 2050K, capacity 2194K, committed 2304K, reserved 1048576K
}
2019-10-16T14:16:45.378+0000: 5.230: Total time for which application threads were stopped: 0.0056583 seconds, Stopping threads took: 0.0042923 seconds
{Heap before GC invocations=185 (full 0):
 par new generation   total 4928K, used 4531K [0x00000000f0800000, 0x00000000f0d50000, 0x00000000f5a00000)
  eden space 4416K, 100% used [0x00000000f0800000, 0x00000000f0c50000, 0x00000000f0c50000)
  from space 512K,  22% used [0x00000000f0cd0000, 0x00000000f0cecfd0, 0x00000000f0d50000)
  to   space 512K,   0% used [0x00000000f0c50000, 0x00000000f0c50000, 0x00000000f0cd0000)
 concurrent mark-sweep generation total 10944K, used 6922K [0x00000000f5a00000, 0x00000000f64b0000, 0x0000000100000000)
 Metaspace       used 16424K, capacity 16884K, committed 17152K, reserved 1064960K
  class space    used 2054K, capacity 2194K, committed 2304K, reserved 1048576K
2019-10-16T14:16:45.395+0000: 5.247: [GC (Allocation Failure) 2019-10-16T14:16:45.395+0000: 5.247: [ParNew
Desired survivor size 262144 bytes, new threshold 6 (max 6)
- age   1:      11880 bytes,      11880 total
- age   2:       8720 bytes,      20600 total
- age   3:       8744 bytes,      29344 total
- age   4:       8928 bytes,      38272 total
- age   5:       8472 bytes,      46744 total
- age   6:       5560 bytes,      52304 total
: 4531K->74K(4928K), 0.0014833 secs] 11453K->7008K(15872K), 0.0015263 secs] [Times: user=0.00 sys=0.00, real=0.00 secs] 
Heap after GC invocations=186 (full 0):
 par new generation   total 4928K, used 74K [0x00000000f0800000, 0x00000000f0d50000, 0x00000000f5a00000)
  eden space 4416K,   0% used [0x00000000f0800000, 0x00000000f0800000, 0x00000000f0c50000)
  from space 512K,  14% used [0x00000000f0c50000, 0x00000000f0c62980, 0x00000000f0cd0000)
  to   space 512K,   0% used [0x00000000f0cd0000, 0x00000000f0cd0000, 0x00000000f0d50000)
 concurrent mark-sweep generation total 10944K, used 6934K [0x00000000f5a00000, 0x00000000f64b0000, 0x0000000100000000)
 Metaspace       used 16424K, capacity 16884K, committed 17152K, reserved 1064960K
  class space    used 2054K, capacity 2194K, committed 2304K, reserved 1048576K
}
2019-10-16T14:16:45.397+0000: 5.249: Total time for which application threads were stopped: 0.0061030 seconds, Stopping threads took: 0.0044917 seconds
{Heap before GC invocations=186 (full 0):
 par new generation   total 4928K, used 4490K [0x00000000f0800000, 0x00000000f0d50000, 0x00000000f5a00000)
  eden space 4416K, 100% used [0x00000000f0800000, 0x00000000f0c50000, 0x00000000f0c50000)
  from space 512K,  14% used [0x00000000f0c50000, 0x00000000f0c62980, 0x00000000f0cd0000)
  to   space 512K,   0% used [0x00000000f0cd0000, 0x00000000f0cd0000, 0x00000000f0d50000)
 concurrent mark-sweep generation total 10944K, used 6934K [0x00000000f5a00000, 0x00000000f64b0000, 0x0000000100000000)
 Metaspace       used 16443K, capacity 16884K, committed 17152K, reserved 1064960K
  class space    used 2058K, capacity 2194K, committed 2304K, reserved 1048576K
2019-10-16T14:16:45.404+0000: 5.256: [GC (Allocation Failure) 2019-10-16T14:16:45.404+0000: 5.256: [ParNew
Desired survivor size 262144 bytes, new threshold 6 (max 6)
- age   1:      12072 bytes,      12072 total
- age   2:       7944 bytes,      20016 total
- age   3:       8720 bytes,      28736 total
- age   4:       8744 bytes,      37480 total
- age   5:       8560 bytes,      46040 total
- age   6:       7448 bytes,      53488 total
: 4490K->94K(4928K), 0.0011606 secs] 11424K->7034K(15872K), 0.0012166 secs] [Times: user=0.00 sys=0.00, real=0.00 secs] 
Heap after GC invocations=187 (full 0):
 par new generation   total 4928K, used 94K [0x00000000f0800000, 0x00000000f0d50000, 0x00000000f5a00000)
  eden space 4416K,   0% used [0x00000000f0800000, 0x00000000f0800000, 0x00000000f0c50000)
  from space 512K,  18% used [0x00000000f0cd0000, 0x00000000f0ce7a80, 0x00000000f0d50000)
  to   space 512K,   0% used [0x00000000f0c50000, 0x00000000f0c50000, 0x00000000f0cd0000)
 concurrent mark-sweep generation total 10944K, used 6939K [0x00000000f5a00000, 0x00000000f64b0000, 0x0000000100000000)
 Metaspace       used 16443K, capacity 16884K, committed 17152K, reserved 1064960K
  class space    used 2058K, capacity 2194K, committed 2304K, reserved 1048576K
}
2019-10-16T14:16:45.405+0000: 5.258: Total time for which application threads were stopped: 0.0014558 seconds, Stopping threads took: 0.0001531 seconds
{Heap before GC invocations=187 (full 0):
 par new generation   total 4928K, used 4510K [0x00000000f0800000, 0x00000000f0d50000, 0x00000000f5a00000)
  eden space 4416K, 100% used [0x00000000f0800000, 0x00000000f0c50000, 0x00000000f0c50000)
  from space 512K,  18% used [0x00000000f0cd0000, 0x00000000f0ce7a80, 0x00000000f0d50000)
  to   space 512K,   0% used [0x00000000f0c50000, 0x00000000f0c50000, 0x00000000f0cd0000)
 concurrent mark-sweep generation total 10944K, used 6939K [0x00000000f5a00000, 0x00000000f64b0000, 0x0000000100000000)
 Metaspace       used 16478K, capacity 16948K, committed 17152K, reserved 1064960K
  class space    used 2062K, capacity 2194K, committed 2304K, reserved 1048576K
2019-10-16T14:16:45.426+0000: 5.278: [GC (Allocation Failure) 2019-10-16T14:16:45.426+0000: 5.278: [ParNew
Desired survivor size 262144 bytes, new threshold 6 (max 6)
- age   1:      14192 bytes,      14192 total
- age   2:       9648 bytes,      23840 total
- age   3:       7944 bytes,      31784 total
- age   4:       8720 bytes,      40504 total
- age   5:       8744 bytes,      49248 total
- age   6:       6304 bytes,      55552 total
: 4510K->62K(4928K), 0.0013829 secs] 11450K->7010K(15872K), 0.0014226 secs] [Times: user=0.00 sys=0.00, real=0.00 secs] 
Heap after GC invocations=188 (full 0):
 par new generation   total 4928K, used 62K [0x00000000f0800000, 0x00000000f0d50000, 0x00000000f5a00000)
  eden space 4416K,   0% used [0x00000000f0800000, 0x00000000f0800000, 0x00000000f0c50000)
  from space 512K,  12% used [0x00000000f0c50000, 0x00000000f0c5fb60, 0x00000000f0cd0000)
  to   space 512K,   0% used [0x00000000f0cd0000, 0x00000000f0cd0000, 0x00000000f0d50000)
 concurrent mark-sweep generation total 10944K, used 6947K [0x00000000f5a00000, 0x00000000f64b0000, 0x0000000100000000)
 Metaspace       used 16478K, capacity 16948K, committed 17152K, reserved 1064960K
  class space    used 2062K, capacity 2194K, committed 2304K, reserved 1048576K
}
2019-10-16T14:16:45.427+0000: 5.279: Total time for which application threads were stopped: 0.0059538 seconds, Stopping threads took: 0.0044483 seconds
{Heap before GC invocations=188 (full 0):
 par new generation   total 4928K, used 4478K [0x00000000f0800000, 0x00000000f0d50000, 0x00000000f5a00000)
  eden space 4416K, 100% used [0x00000000f0800000, 0x00000000f0c50000, 0x00000000f0c50000)
  from space 512K,  12% used [0x00000000f0c50000, 0x00000000f0c5fb60, 0x00000000f0cd0000)
  to   space 512K,   0% used [0x00000000f0cd0000, 0x00000000f0cd0000, 0x00000000f0d50000)
 concurrent mark-sweep generation total 10944K, used 6947K [0x00000000f5a00000, 0x00000000f64b0000, 0x0000000100000000)
 Metaspace       used 16525K, capacity 16948K, committed 17152K, reserved 1064960K
  class space    used 2068K, capacity 2194K, committed 2304K, reserved 1048576K
2019-10-16T14:16:45.447+0000: 5.299: [GC (Allocation Failure) 2019-10-16T14:16:45.447+0000: 5.299: [ParNew
Desired survivor size 262144 bytes, new threshold 6 (max 6)
- age   1:      11928 bytes,      11928 total
- age   2:      11632 bytes,      23560 total
- age   3:       9648 bytes,      33208 total
- age   4:       7944 bytes,      41152 total
- age   5:       8720 bytes,      49872 total
- age   6:       7880 bytes,      57752 total
: 4478K->95K(4928K), 0.0012145 secs] 11426K->7049K(15872K), 0.0012502 secs] [Times: user=0.00 sys=0.00, real=0.00 secs] 
Heap after GC invocations=189 (full 0):
 par new generation   total 4928K, used 95K [0x00000000f0800000, 0x00000000f0d50000, 0x00000000f5a00000)
  eden space 4416K,   0% used [0x00000000f0800000, 0x00000000f0800000, 0x00000000f0c50000)
  from space 512K,  18% used [0x00000000f0cd0000, 0x00000000f0ce7ff0, 0x00000000f0d50000)
  to   space 512K,   0% used [0x00000000f0c50000, 0x00000000f0c50000, 0x00000000f0cd0000)
 concurrent mark-sweep generation total 10944K, used 6953K [0x00000000f5a00000, 0x00000000f64b0000, 0x0000000100000000)
 Metaspace       used 16525K, capacity 16948K, committed 17152K, reserved 1064960K
  class space    used 2068K, capacity 2194K, committed 2304K, reserved 1048576K
}
2019-10-16T14:16:45.448+0000: 5.300: Total time for which application threads were stopped: 0.0077794 seconds, Stopping threads took: 0.0064550 seconds
{Heap before GC invocations=189 (full 0):
 par new generation   total 4928K, used 4511K [0x00000000f0800000, 0x00000000f0d50000, 0x00000000f5a00000)
  eden space 4416K, 100% used [0x00000000f0800000, 0x00000000f0c50000, 0x00000000f0c50000)
  from space 512K,  18% used [0x00000000f0cd0000, 0x00000000f0ce7ff0, 0x00000000f0d50000)
  to   space 512K,   0% used [0x00000000f0c50000, 0x00000000f0c50000, 0x00000000f0cd0000)
 concurrent mark-sweep generation total 10944K, used 6953K [0x00000000f5a00000, 0x00000000f64b0000, 0x0000000100000000)
 Metaspace       used 16602K, capacity 17044K, committed 17152K, reserved 1064960K
  class space    used 2074K, capacity 2226K, committed 2304K, reserved 1048576K
2019-10-16T14:16:45.467+0000: 5.319: [GC (Allocation Failure) 2019-10-16T14:16:45.467+0000: 5.319: [ParNew
Desired survivor size 262144 bytes, new threshold 6 (max 6)
- age   1:      25360 bytes,      25360 total
- age   2:       9528 bytes,      34888 total
- age   3:       9840 bytes,      44728 total
- age   4:       9648 bytes,      54376 total
- age   5:       7944 bytes,      62320 total
- age   6:       8720 bytes,      71040 total
: 4511K->99K(4928K), 0.0012730 secs] 11465K->7060K(15872K), 0.0013099 secs] [Times: user=0.00 sys=0.00, real=0.00 secs] 
Heap after GC invocations=190 (full 0):
 par new generation   total 4928K, used 99K [0x00000000f0800000, 0x00000000f0d50000, 0x00000000f5a00000)
  eden space 4416K,   0% used [0x00000000f0800000, 0x00000000f0800000, 0x00000000f0c50000)
  from space 512K,  19% used [0x00000000f0c50000, 0x00000000f0c68e10, 0x00000000f0cd0000)
  to   space 512K,   0% used [0x00000000f0cd0000, 0x00000000f0cd0000, 0x00000000f0d50000)
 concurrent mark-sweep generation total 10944K, used 6961K [0x00000000f5a00000, 0x00000000f64b0000, 0x0000000100000000)
 Metaspace       used 16602K, capacity 17044K, committed 17152K, reserved 1064960K
  class space    used 2074K, capacity 2226K, committed 2304K, reserved 1048576K
}
2019-10-16T14:16:45.469+0000: 5.321: Total time for which application threads were stopped: 0.0061297 seconds, Stopping threads took: 0.0047415 seconds
{Heap before GC invocations=190 (full 0):
 par new generation   total 4928K, used 4515K [0x00000000f0800000, 0x00000000f0d50000, 0x00000000f5a00000)
  eden space 4416K, 100% used [0x00000000f0800000, 0x00000000f0c50000, 0x00000000f0c50000)
  from space 512K,  19% used [0x00000000f0c50000, 0x00000000f0c68e10, 0x00000000f0cd0000)
  to   space 512K,   0% used [0x00000000f0cd0000, 0x00000000f0cd0000, 0x00000000f0d50000)
 concurrent mark-sweep generation total 10944K, used 6961K [0x00000000f5a00000, 0x00000000f64b0000, 0x0000000100000000)
 Metaspace       used 16648K, capacity 17108K, committed 17408K, reserved 1064960K
  class space    used 2081K, capacity 2226K, committed 2304K, reserved 1048576K
2019-10-16T14:16:45.483+0000: 5.335: [GC (Allocation Failure) 2019-10-16T14:16:45.483+0000: 5.335: [ParNew
Desired survivor size 262144 bytes, new threshold 6 (max 6)
- age   1:      14976 bytes,      14976 total
- age   2:      21504 bytes,      36480 total
- age   3:       9528 bytes,      46008 total
- age   4:       9840 bytes,      55848 total
- age   5:       9648 bytes,      65496 total
- age   6:       7944 bytes,      73440 total
: 4515K->119K(4928K), 0.0013333 secs] 11476K->7089K(15872K), 0.0013815 secs] [Times: user=0.00 sys=0.00, real=0.00 secs] 
Heap after GC invocations=191 (full 0):
 par new generation   total 4928K, used 119K [0x00000000f0800000, 0x00000000f0d50000, 0x00000000f5a00000)
  eden space 4416K,   0% used [0x00000000f0800000, 0x00000000f0800000, 0x00000000f0c50000)
  from space 512K,  23% used [0x00000000f0cd0000, 0x00000000f0ceded0, 0x00000000f0d50000)
  to   space 512K,   0% used [0x00000000f0c50000, 0x00000000f0c50000, 0x00000000f0cd0000)
 concurrent mark-sweep generation total 10944K, used 6970K [0x00000000f5a00000, 0x00000000f64b0000, 0x0000000100000000)
 Metaspace       used 16648K, capacity 17108K, committed 17408K, reserved 1064960K
  class space    used 2081K, capacity 2226K, committed 2304K, reserved 1048576K
}
2019-10-16T14:16:45.485+0000: 5.337: Total time for which application threads were stopped: 0.0015759 seconds, Stopping threads took: 0.0001141 seconds
{Heap before GC invocations=191 (full 0):
 par new generation   total 4928K, used 4535K [0x00000000f0800000, 0x00000000f0d50000, 0x00000000f5a00000)
  eden space 4416K, 100% used [0x00000000f0800000, 0x00000000f0c50000, 0x00000000f0c50000)
  from space 512K,  23% used [0x00000000f0cd0000, 0x00000000f0ceded0, 0x00000000f0d50000)
  to   space 512K,   0% used [0x00000000f0c50000, 0x00000000f0c50000, 0x00000000f0cd0000)
 concurrent mark-sweep generation total 10944K, used 6970K [0x00000000f5a00000, 0x00000000f64b0000, 0x0000000100000000)
 Metaspace       used 16688K, capacity 17172K, committed 17408K, reserved 1064960K
  class space    used 2087K, capacity 2226K, committed 2304K, reserved 1048576K
2019-10-16T14:16:45.499+0000: 5.351: [GC (Allocation Failure) 2019-10-16T14:16:45.499+0000: 5.351: [ParNew
Desired survivor size 262144 bytes, new threshold 6 (max 6)
- age   1:      12784 bytes,      12784 total
- age   2:       8936 bytes,      21720 total
- age   3:      21424 bytes,      43144 total
- age   4:       9528 bytes,      52672 total
- age   5:       9840 bytes,      62512 total
- age   6:       9648 bytes,      72160 total
: 4535K->83K(4928K), 0.0011280 secs] 11505K->7062K(15872K), 0.0011717 secs] [Times: user=0.00 sys=0.00, real=0.00 secs] 
Heap after GC invocations=192 (full 0):
 par new generation   total 4928K, used 83K [0x00000000f0800000, 0x00000000f0d50000, 0x00000000f5a00000)
  eden space 4416K,   0% used [0x00000000f0800000, 0x00000000f0800000, 0x00000000f0c50000)
  from space 512K,  16% used [0x00000000f0c50000, 0x00000000f0c64f70, 0x00000000f0cd0000)
  to   space 512K,   0% used [0x00000000f0cd0000, 0x00000000f0cd0000, 0x00000000f0d50000)
 concurrent mark-sweep generation total 10944K, used 6978K [0x00000000f5a00000, 0x00000000f64b0000, 0x0000000100000000)
 Metaspace       used 16688K, capacity 17172K, committed 17408K, reserved 1064960K
  class space    used 2087K, capacity 2226K, committed 2304K, reserved 1048576K
}
2019-10-16T14:16:45.500+0000: 5.352: Total time for which application threads were stopped: 0.0012663 seconds, Stopping threads took: 0.0000256 seconds
{Heap before GC invocations=192 (full 0):
 par new generation   total 4928K, used 4499K [0x00000000f0800000, 0x00000000f0d50000, 0x00000000f5a00000)
  eden space 4416K, 100% used [0x00000000f0800000, 0x00000000f0c50000, 0x00000000f0c50000)
  from space 512K,  16% used [0x00000000f0c50000, 0x00000000f0c64f70, 0x00000000f0cd0000)
  to   space 512K,   0% used [0x00000000f0cd0000, 0x00000000f0cd0000, 0x00000000f0d50000)
 concurrent mark-sweep generation total 10944K, used 6978K [0x00000000f5a00000, 0x00000000f64b0000, 0x0000000100000000)
 Metaspace       used 16728K, capacity 17172K, committed 17408K, reserved 1064960K
  class space    used 2093K, capacity 2226K, committed 2304K, reserved 1048576K
2019-10-16T14:16:45.517+0000: 5.369: [GC (Allocation Failure) 2019-10-16T14:16:45.517+0000: 5.369: [ParNew
Desired survivor size 262144 bytes, new threshold 6 (max 6)
- age   1:      11784 bytes,      11784 total
- age   2:      10064 bytes,      21848 total
- age   3:       8920 bytes,      30768 total
- age   4:      21424 bytes,      52192 total
- age   5:       9528 bytes,      61720 total
- age   6:       9840 bytes,      71560 total
: 4499K->125K(4928K), 0.0013637 secs] 11478K->7113K(15872K), 0.0014122 secs] [Times: user=0.00 sys=0.00, real=0.00 secs] 
Heap after GC invocations=193 (full 0):
 par new generation   total 4928K, used 125K [0x00000000f0800000, 0x00000000f0d50000, 0x00000000f5a00000)
  eden space 4416K,   0% used [0x00000000f0800000, 0x00000000f0800000, 0x00000000f0c50000)
  from space 512K,  24% used [0x00000000f0cd0000, 0x00000000f0cef5f0, 0x00000000f0d50000)
  to   space 512K,   0% used [0x00000000f0c50000, 0x00000000f0c50000, 0x00000000f0cd0000)
 concurrent mark-sweep generation total 10944K, used 6987K [0x00000000f5a00000, 0x00000000f64b0000, 0x0000000100000000)
 Metaspace       used 16728K, capacity 17172K, committed 17408K, reserved 1064960K
  class space    used 2093K, capacity 2226K, committed 2304K, reserved 1048576K
}
2019-10-16T14:16:45.519+0000: 5.371: Total time for which application threads were stopped: 0.0044591 seconds, Stopping threads took: 0.0029641 seconds
{Heap before GC invocations=193 (full 0):
 par new generation   total 4928K, used 4541K [0x00000000f0800000, 0x00000000f0d50000, 0x00000000f5a00000)
  eden space 4416K, 100% used [0x00000000f0800000, 0x00000000f0c50000, 0x00000000f0c50000)
  from space 512K,  24% used [0x00000000f0cd0000, 0x00000000f0cef5f0, 0x00000000f0d50000)
  to   space 512K,   0% used [0x00000000f0c50000, 0x00000000f0c50000, 0x00000000f0cd0000)
 concurrent mark-sweep generation total 10944K, used 6987K [0x00000000f5a00000, 0x00000000f64b0000, 0x0000000100000000)
 Metaspace       used 16743K, capacity 17172K, committed 17408K, reserved 1064960K
  class space    used 2095K, capacity 2226K, committed 2304K, reserved 1048576K
2019-10-16T14:16:45.537+0000: 5.389: [GC (Allocation Failure) 2019-10-16T14:16:45.537+0000: 5.389: [ParNew
Desired survivor size 262144 bytes, new threshold 6 (max 6)
- age   1:      17216 bytes,      17216 total
- age   2:       8088 bytes,      25304 total
- age   3:      10064 bytes,      35368 total
- age   4:       8920 bytes,      44288 total
- age   5:      21424 bytes,      65712 total
- age   6:       9528 bytes,      75240 total
: 4541K->83K(4928K), 0.0015684 secs] 11529K->7080K(15872K), 0.0016253 secs] [Times: user=0.00 sys=0.00, real=0.00 secs] 
Heap after GC invocations=194 (full 0):
 par new generation   total 4928K, used 83K [0x00000000f0800000, 0x00000000f0d50000, 0x00000000f5a00000)
  eden space 4416K,   0% used [0x00000000f0800000, 0x00000000f0800000, 0x00000000f0c50000)
  from space 512K,  16% used [0x00000000f0c50000, 0x00000000f0c64d70, 0x00000000f0cd0000)
  to   space 512K,   0% used [0x00000000f0cd0000, 0x00000000f0cd0000, 0x00000000f0d50000)
 concurrent mark-sweep generation total 10944K, used 6997K [0x00000000f5a00000, 0x00000000f64b0000, 0x0000000100000000)
 Metaspace       used 16743K, capacity 17172K, committed 17408K, reserved 1064960K
  class space    used 2095K, capacity 2226K, committed 2304K, reserved 1048576K
}
2019-10-16T14:16:45.538+0000: 5.390: Total time for which application threads were stopped: 0.0037269 seconds, Stopping threads took: 0.0020118 seconds
{Heap before GC invocations=194 (full 0):
 par new generation   total 4928K, used 4499K [0x00000000f0800000, 0x00000000f0d50000, 0x00000000f5a00000)
  eden space 4416K, 100% used [0x00000000f0800000, 0x00000000f0c50000, 0x00000000f0c50000)
  from space 512K,  16% used [0x00000000f0c50000, 0x00000000f0c64d70, 0x00000000f0cd0000)
  to   space 512K,   0% used [0x00000000f0cd0000, 0x00000000f0cd0000, 0x00000000f0d50000)
 concurrent mark-sweep generation total 10944K, used 6997K [0x00000000f5a00000, 0x00000000f64b0000, 0x0000000100000000)
 Metaspace       used 16772K, capacity 17236K, committed 17408K, reserved 1064960K
  class space    used 2100K, capacity 2226K, committed 2304K, reserved 1048576K
2019-10-16T14:16:45.548+0000: 5.400: [GC (Allocation Failure) 2019-10-16T14:16:45.548+0000: 5.400: [ParNew
Desired survivor size 262144 bytes, new threshold 6 (max 6)
- age   1:      12928 bytes,      12928 total
- age   2:      10272 bytes,      23200 total
- age   3:       8088 bytes,      31288 total
- age   4:      10064 bytes,      41352 total
- age   5:       8920 bytes,      50272 total
- age   6:      21424 bytes,      71696 total
: 4499K->130K(4928K), 0.0011572 secs] 11496K->7137K(15872K), 0.0012028 secs] [Times: user=0.01 sys=0.00, real=0.00 secs] 
Heap after GC invocations=195 (full 0):
 par new generation   total 4928K, used 130K [0x00000000f0800000, 0x00000000f0d50000, 0x00000000f5a00000)
  eden space 4416K,   0% used [0x00000000f0800000, 0x00000000f0800000, 0x00000000f0c50000)
  from space 512K,  25% used [0x00000000f0cd0000, 0x00000000f0cf0a50, 0x00000000f0d50000)
  to   space 512K,   0% used [0x00000000f0c50000, 0x00000000f0c50000, 0x00000000f0cd0000)
 concurrent mark-sweep generation total 10944K, used 7007K [0x00000000f5a00000, 0x00000000f64b0000, 0x0000000100000000)
 Metaspace       used 16772K, capacity 17236K, committed 17408K, reserved 1064960K
  class space    used 2100K, capacity 2226K, committed 2304K, reserved 1048576K
}
2019-10-16T14:16:45.549+0000: 5.401: Total time for which application threads were stopped: 0.0012999 seconds, Stopping threads took: 0.0000197 seconds
{Heap before GC invocations=195 (full 0):
 par new generation   total 4928K, used 4546K [0x00000000f0800000, 0x00000000f0d50000, 0x00000000f5a00000)
  eden space 4416K, 100% used [0x00000000f0800000, 0x00000000f0c50000, 0x00000000f0c50000)
  from space 512K,  25% used [0x00000000f0cd0000, 0x00000000f0cf0a50, 0x00000000f0d50000)
  to   space 512K,   0% used [0x00000000f0c50000, 0x00000000f0c50000, 0x00000000f0cd0000)
 concurrent mark-sweep generation total 10944K, used 7007K [0x00000000f5a00000, 0x00000000f64b0000, 0x0000000100000000)
 Metaspace       used 16804K, capacity 17236K, committed 17408K, reserved 1064960K
  class space    used 2103K, capacity 2226K, committed 2304K, reserved 1048576K
2019-10-16T14:16:45.565+0000: 5.417: [GC (Allocation Failure) 2019-10-16T14:16:45.565+0000: 5.417: [ParNew
Desired survivor size 262144 bytes, new threshold 6 (max 6)
- age   1:      12696 bytes,      12696 total
- age   2:       8704 bytes,      21400 total
- age   3:      10272 bytes,      31672 total
- age   4:       8088 bytes,      39760 total
- age   5:      10064 bytes,      49824 total
- age   6:       8920 bytes,      58744 total
: 4546K->85K(4928K), 0.0013983 secs] 11553K->7113K(15872K), 0.0014352 secs] [Times: user=0.00 sys=0.00, real=0.00 secs] 
Heap after GC invocations=196 (full 0):
 par new generation   total 4928K, used 85K [0x00000000f0800000, 0x00000000f0d50000, 0x00000000f5a00000)
  eden space 4416K,   0% used [0x00000000f0800000, 0x00000000f0800000, 0x00000000f0c50000)
  from space 512K,  16% used [0x00000000f0c50000, 0x00000000f0c654a0, 0x00000000f0cd0000)
  to   space 512K,   0% used [0x00000000f0cd0000, 0x00000000f0cd0000, 0x00000000f0d50000)
 concurrent mark-sweep generation total 10944K, used 7028K [0x00000000f5a00000, 0x00000000f64b0000, 0x0000000100000000)
 Metaspace       used 16804K, capacity 17236K, committed 17408K, reserved 1064960K
  class space    used 2103K, capacity 2226K, committed 2304K, reserved 1048576K
}
2019-10-16T14:16:45.567+0000: 5.419: Total time for which application threads were stopped: 0.0038910 seconds, Stopping threads took: 0.0023770 seconds
{Heap before GC invocations=196 (full 0):
 par new generation   total 4928K, used 4501K [0x00000000f0800000, 0x00000000f0d50000, 0x00000000f5a00000)
  eden space 4416K, 100% used [0x00000000f0800000, 0x00000000f0c50000, 0x00000000f0c50000)
  from space 512K,  16% used [0x00000000f0c50000, 0x00000000f0c654a0, 0x00000000f0cd0000)
  to   space 512K,   0% used [0x00000000f0cd0000, 0x00000000f0cd0000, 0x00000000f0d50000)
 concurrent mark-sweep generation total 10944K, used 7028K [0x00000000f5a00000, 0x00000000f64b0000, 0x0000000100000000)
 Metaspace       used 16826K, capacity 17268K, committed 17408K, reserved 1064960K
  class space    used 2108K, capacity 2258K, committed 2304K, reserved 1048576K
2019-10-16T14:16:45.581+0000: 5.433: [GC (Allocation Failure) 2019-10-16T14:16:45.581+0000: 5.433: [ParNew
Desired survivor size 262144 bytes, new threshold 6 (max 6)
- age   1:      20464 bytes,      20464 total
- age   2:       9096 bytes,      29560 total
- age   3:       8664 bytes,      38224 total
- age   4:      10272 bytes,      48496 total
- age   5:       8088 bytes,      56584 total
- age   6:      10048 bytes,      66632 total
: 4501K->106K(4928K), 0.0013164 secs] 11529K->7144K(15872K), 0.0013609 secs] [Times: user=0.00 sys=0.00, real=0.01 secs] 
Heap after GC invocations=197 (full 0):
 par new generation   total 4928K, used 106K [0x00000000f0800000, 0x00000000f0d50000, 0x00000000f5a00000)
  eden space 4416K,   0% used [0x00000000f0800000, 0x00000000f0800000, 0x00000000f0c50000)
  from space 512K,  20% used [0x00000000f0cd0000, 0x00000000f0ceaba0, 0x00000000f0d50000)
  to   space 512K,   0% used [0x00000000f0c50000, 0x00000000f0c50000, 0x00000000f0cd0000)
 concurrent mark-sweep generation total 10944K, used 7037K [0x00000000f5a00000, 0x00000000f64b0000, 0x0000000100000000)
 Metaspace       used 16826K, capacity 17268K, committed 17408K, reserved 1064960K
  class space    used 2108K, capacity 2258K, committed 2304K, reserved 1048576K
}
2019-10-16T14:16:45.583+0000: 5.435: Total time for which application threads were stopped: 0.0014587 seconds, Stopping threads took: 0.0000199 seconds
{Heap before GC invocations=197 (full 0):
 par new generation   total 4928K, used 4522K [0x00000000f0800000, 0x00000000f0d50000, 0x00000000f5a00000)
  eden space 4416K, 100% used [0x00000000f0800000, 0x00000000f0c50000, 0x00000000f0c50000)
  from space 512K,  20% used [0x00000000f0cd0000, 0x00000000f0ceaba0, 0x00000000f0d50000)
  to   space 512K,   0% used [0x00000000f0c50000, 0x00000000f0c50000, 0x00000000f0cd0000)
 concurrent mark-sweep generation total 10944K, used 7037K [0x00000000f5a00000, 0x00000000f64b0000, 0x0000000100000000)
 Metaspace       used 16874K, capacity 17338K, committed 17408K, reserved 1064960K
  class space    used 2115K, capacity 2259K, committed 2304K, reserved 1048576K
2019-10-16T14:16:45.597+0000: 5.449: [GC (Allocation Failure) 2019-10-16T14:16:45.597+0000: 5.449: [ParNew
Desired survivor size 262144 bytes, new threshold 6 (max 6)
- age   1:      23760 bytes,      23760 total
- age   2:      15384 bytes,      39144 total
- age   3:       9096 bytes,      48240 total
- age   4:       8664 bytes,      56904 total
- age   5:      10272 bytes,      67176 total
- age   6:       8088 bytes,      75264 total
: 4522K->123K(4928K), 0.0014261 secs] 11560K->7171K(15872K), 0.0014630 secs] [Times: user=0.00 sys=0.00, real=0.00 secs] 
Heap after GC invocations=198 (full 0):
 par new generation   total 4928K, used 123K [0x00000000f0800000, 0x00000000f0d50000, 0x00000000f5a00000)
  eden space 4416K,   0% used [0x00000000f0800000, 0x00000000f0800000, 0x00000000f0c50000)
  from space 512K,  24% used [0x00000000f0c50000, 0x00000000f0c6ef50, 0x00000000f0cd0000)
  to   space 512K,   0% used [0x00000000f0cd0000, 0x00000000f0cd0000, 0x00000000f0d50000)
 concurrent mark-sweep generation total 10944K, used 7047K [0x00000000f5a00000, 0x00000000f64b0000, 0x0000000100000000)
 Metaspace       used 16874K, capacity 17338K, committed 17408K, reserved 1064960K
  class space    used 2115K, capacity 2259K, committed 2304K, reserved 1048576K
}
2019-10-16T14:16:45.599+0000: 5.451: Total time for which application threads were stopped: 0.0015612 seconds, Stopping threads took: 0.0000201 seconds
{Heap before GC invocations=198 (full 0):
 par new generation   total 4928K, used 4539K [0x00000000f0800000, 0x00000000f0d50000, 0x00000000f5a00000)
  eden space 4416K, 100% used [0x00000000f0800000, 0x00000000f0c50000, 0x00000000f0c50000)
  from space 512K,  24% used [0x00000000f0c50000, 0x00000000f0c6ef50, 0x00000000f0cd0000)
  to   space 512K,   0% used [0x00000000f0cd0000, 0x00000000f0cd0000, 0x00000000f0d50000)
 concurrent mark-sweep generation total 10944K, used 7047K [0x00000000f5a00000, 0x00000000f64b0000, 0x0000000100000000)
 Metaspace       used 16911K, capacity 17338K, committed 17408K, reserved 1064960K
  class space    used 2119K, capacity 2259K, committed 2304K, reserved 1048576K
2019-10-16T14:16:45.613+0000: 5.465: [GC (Allocation Failure) 2019-10-16T14:16:45.613+0000: 5.465: [ParNew
Desired survivor size 262144 bytes, new threshold 6 (max 6)
- age   1:      36176 bytes,      36176 total
- age   2:      18680 bytes,      54856 total
- age   3:      15384 bytes,      70240 total
- age   4:       9096 bytes,      79336 total
- age   5:       8664 bytes,      88000 total
- age   6:      10272 bytes,      98272 total
: 4539K->127K(4928K), 0.0015256 secs] 11587K->7183K(15872K), 0.0015796 secs] [Times: user=0.00 sys=0.00, real=0.00 secs] 
Heap after GC invocations=199 (full 0):
 par new generation   total 4928K, used 127K [0x00000000f0800000, 0x00000000f0d50000, 0x00000000f5a00000)
  eden space 4416K,   0% used [0x00000000f0800000, 0x00000000f0800000, 0x00000000f0c50000)
  from space 512K,  24% used [0x00000000f0cd0000, 0x00000000f0ceff38, 0x00000000f0d50000)
  to   space 512K,   0% used [0x00000000f0c50000, 0x00000000f0c50000, 0x00000000f0cd0000)
 concurrent mark-sweep generation total 10944K, used 7056K [0x00000000f5a00000, 0x00000000f64b0000, 0x0000000100000000)
 Metaspace       used 16911K, capacity 17338K, committed 17408K, reserved 1064960K
  class space    used 2119K, capacity 2259K, committed 2304K, reserved 1048576K
}
2019-10-16T14:16:45.615+0000: 5.467: Total time for which application threads were stopped: 0.0038099 seconds, Stopping threads took: 0.0021357 seconds
{Heap before GC invocations=199 (full 0):
 par new generation   total 4928K, used 4543K [0x00000000f0800000, 0x00000000f0d50000, 0x00000000f5a00000)
  eden space 4416K, 100% used [0x00000000f0800000, 0x00000000f0c50000, 0x00000000f0c50000)
  from space 512K,  24% used [0x00000000f0cd0000, 0x00000000f0ceff38, 0x00000000f0d50000)
  to   space 512K,   0% used [0x00000000f0c50000, 0x00000000f0c50000, 0x00000000f0cd0000)
 concurrent mark-sweep generation total 10944K, used 7056K [0x00000000f5a00000, 0x00000000f64b0000, 0x0000000100000000)
 Metaspace       used 16985K, capacity 17402K, committed 17664K, reserved 1064960K
  class space    used 2125K, capacity 2259K, committed 2304K, reserved 1048576K
2019-10-16T14:16:45.628+0000: 5.480: [GC (Allocation Failure) 2019-10-16T14:16:45.628+0000: 5.480: [ParNew
Desired survivor size 262144 bytes, new threshold 6 (max 6)
- age   1:      18224 bytes,      18224 total
- age   2:      12808 bytes,      31032 total
- age   3:      18680 bytes,      49712 total
- age   4:      15384 bytes,      65096 total
- age   5:       9096 bytes,      74192 total
- age   6:       8664 bytes,      82856 total
: 4543K->82K(4928K), 0.0013000 secs] 11599K->7149K(15872K), 0.0013322 secs] [Times: user=0.00 sys=0.00, real=0.00 secs] 
Heap after GC invocations=200 (full 0):
 par new generation   total 4928K, used 82K [0x00000000f0800000, 0x00000000f0d50000, 0x00000000f5a00000)
  eden space 4416K,   0% used [0x00000000f0800000, 0x00000000f0800000, 0x00000000f0c50000)
  from space 512K,  16% used [0x00000000f0c50000, 0x00000000f0c64a80, 0x00000000f0cd0000)
  to   space 512K,   0% used [0x00000000f0cd0000, 0x00000000f0cd0000, 0x00000000f0d50000)
 concurrent mark-sweep generation total 10944K, used 7066K [0x00000000f5a00000, 0x00000000f64b0000, 0x0000000100000000)
 Metaspace       used 16985K, capacity 17402K, committed 17664K, reserved 1064960K
  class space    used 2125K, capacity 2259K, committed 2304K, reserved 1048576K
}
2019-10-16T14:16:45.629+0000: 5.481: Total time for which application threads were stopped: 0.0014511 seconds, Stopping threads took: 0.0000210 seconds
{Heap before GC invocations=200 (full 0):
 par new generation   total 4928K, used 4498K [0x00000000f0800000, 0x00000000f0d50000, 0x00000000f5a00000)
  eden space 4416K, 100% used [0x00000000f0800000, 0x00000000f0c50000, 0x00000000f0c50000)
  from space 512K,  16% used [0x00000000f0c50000, 0x00000000f0c64a80, 0x00000000f0cd0000)
  to   space 512K,   0% used [0x00000000f0cd0000, 0x00000000f0cd0000, 0x00000000f0d50000)
 concurrent mark-sweep generation total 10944K, used 7066K [0x00000000f5a00000, 0x00000000f64b0000, 0x0000000100000000)
 Metaspace       used 17023K, capacity 17466K, committed 17664K, reserved 1064960K
  class space    used 2128K, capacity 2259K, committed 2304K, reserved 1048576K
2019-10-16T14:16:45.646+0000: 5.499: [GC (Allocation Failure) 2019-10-16T14:16:45.647+0000: 5.499: [ParNew
Desired survivor size 262144 bytes, new threshold 6 (max 6)
- age   1:      14344 bytes,      14344 total
- age   2:      15272 bytes,      29616 total
- age   3:      12784 bytes,      42400 total
- age   4:      18680 bytes,      61080 total
- age   5:      15368 bytes,      76448 total
- age   6:       9096 bytes,      85544 total
: 4498K->161K(4928K), 0.0015020 secs] 11565K->7236K(15872K), 0.0015524 secs] [Times: user=0.00 sys=0.00, real=0.00 secs] 
Heap after GC invocations=201 (full 0):
 par new generation   total 4928K, used 161K [0x00000000f0800000, 0x00000000f0d50000, 0x00000000f5a00000)
  eden space 4416K,   0% used [0x00000000f0800000, 0x00000000f0800000, 0x00000000f0c50000)
  from space 512K,  31% used [0x00000000f0cd0000, 0x00000000f0cf8650, 0x00000000f0d50000)
  to   space 512K,   0% used [0x00000000f0c50000, 0x00000000f0c50000, 0x00000000f0cd0000)
 concurrent mark-sweep generation total 10944K, used 7075K [0x00000000f5a00000, 0x00000000f64b0000, 0x0000000100000000)
 Metaspace       used 17023K, capacity 17466K, committed 17664K, reserved 1064960K
  class space    used 2128K, capacity 2259K, committed 2304K, reserved 1048576K
}
2019-10-16T14:16:45.648+0000: 5.500: Total time for which application threads were stopped: 0.0018902 seconds, Stopping threads took: 0.0002452 seconds
{Heap before GC invocations=201 (full 0):
 par new generation   total 4928K, used 4577K [0x00000000f0800000, 0x00000000f0d50000, 0x00000000f5a00000)
  eden space 4416K, 100% used [0x00000000f0800000, 0x00000000f0c50000, 0x00000000f0c50000)
  from space 512K,  31% used [0x00000000f0cd0000, 0x00000000f0cf8650, 0x00000000f0d50000)
  to   space 512K,   0% used [0x00000000f0c50000, 0x00000000f0c50000, 0x00000000f0cd0000)
 concurrent mark-sweep generation total 10944K, used 7075K [0x00000000f5a00000, 0x00000000f64b0000, 0x0000000100000000)
 Metaspace       used 17083K, capacity 17548K, committed 17664K, reserved 1064960K
  class space    used 2136K, capacity 2264K, committed 2304K, reserved 1048576K
2019-10-16T14:16:45.663+0000: 5.515: [GC (Allocation Failure) 2019-10-16T14:16:45.663+0000: 5.515: [ParNew
Desired survivor size 262144 bytes, new threshold 6 (max 6)
- age   1:      46256 bytes,      46256 total
- age   2:      11592 bytes,      57848 total
- age   3:      15272 bytes,      73120 total
- age   4:      12784 bytes,      85904 total
- age   5:      18616 bytes,     104520 total
- age   6:      15368 bytes,     119888 total
: 4577K->154K(4928K), 0.0014987 secs] 11652K->7239K(15872K), 0.0015339 secs] [Times: user=0.00 sys=0.00, real=0.00 secs] 
Heap after GC invocations=202 (full 0):
 par new generation   total 4928K, used 154K [0x00000000f0800000, 0x00000000f0d50000, 0x00000000f5a00000)
  eden space 4416K,   0% used [0x00000000f0800000, 0x00000000f0800000, 0x00000000f0c50000)
  from space 512K,  30% used [0x00000000f0c50000, 0x00000000f0c76ad8, 0x00000000f0cd0000)
  to   space 512K,   0% used [0x00000000f0cd0000, 0x00000000f0cd0000, 0x00000000f0d50000)
 concurrent mark-sweep generation total 10944K, used 7084K [0x00000000f5a00000, 0x00000000f64b0000, 0x0000000100000000)
 Metaspace       used 17083K, capacity 17548K, committed 17664K, reserved 1064960K
  class space    used 2136K, capacity 2264K, committed 2304K, reserved 1048576K
}
2019-10-16T14:16:45.665+0000: 5.517: Total time for which application threads were stopped: 0.0016365 seconds, Stopping threads took: 0.0000263 seconds
{Heap before GC invocations=202 (full 0):
 par new generation   total 4928K, used 4570K [0x00000000f0800000, 0x00000000f0d50000, 0x00000000f5a00000)
  eden space 4416K, 100% used [0x00000000f0800000, 0x00000000f0c50000, 0x00000000f0c50000)
  from space 512K,  30% used [0x00000000f0c50000, 0x00000000f0c76ad8, 0x00000000f0cd0000)
  to   space 512K,   0% used [0x00000000f0cd0000, 0x00000000f0cd0000, 0x00000000f0d50000)
 concurrent mark-sweep generation total 10944K, used 7084K [0x00000000f5a00000, 0x00000000f64b0000, 0x0000000100000000)
 Metaspace       used 17138K, capacity 17580K, committed 17664K, reserved 1064960K
  class space    used 2142K, capacity 2296K, committed 2304K, reserved 1048576K
2019-10-16T14:16:45.682+0000: 5.534: [GC (Allocation Failure) 2019-10-16T14:16:45.682+0000: 5.534: [ParNew
Desired survivor size 262144 bytes, new threshold 6 (max 6)
- age   1:      19200 bytes,      19200 total
- age   2:      19456 bytes,      38656 total
- age   3:      11592 bytes,      50248 total
- age   4:      15272 bytes,      65520 total
- age   5:      12784 bytes,      78304 total
- age   6:      18616 bytes,      96920 total
: 4570K->100K(4928K), 0.0014573 secs] 11655K->7200K(15872K), 0.0015017 secs] [Times: user=0.00 sys=0.00, real=0.00 secs] 
Heap after GC invocations=203 (full 0):
 par new generation   total 4928K, used 100K [0x00000000f0800000, 0x00000000f0d50000, 0x00000000f5a00000)
  eden space 4416K,   0% used [0x00000000f0800000, 0x00000000f0800000, 0x00000000f0c50000)
  from space 512K,  19% used [0x00000000f0cd0000, 0x00000000f0ce93c8, 0x00000000f0d50000)
  to   space 512K,   0% used [0x00000000f0c50000, 0x00000000f0c50000, 0x00000000f0cd0000)
 concurrent mark-sweep generation total 10944K, used 7099K [0x00000000f5a00000, 0x00000000f64b0000, 0x0000000100000000)
 Metaspace       used 17138K, capacity 17580K, committed 17664K, reserved 1064960K
  class space    used 2142K, capacity 2296K, committed 2304K, reserved 1048576K
}
2019-10-16T14:16:45.684+0000: 5.536: Total time for which application threads were stopped: 0.0055843 seconds, Stopping threads took: 0.0039971 seconds
{Heap before GC invocations=203 (full 0):
 par new generation   total 4928K, used 4516K [0x00000000f0800000, 0x00000000f0d50000, 0x00000000f5a00000)
  eden space 4416K, 100% used [0x00000000f0800000, 0x00000000f0c50000, 0x00000000f0c50000)
  from space 512K,  19% used [0x00000000f0cd0000, 0x00000000f0ce93c8, 0x00000000f0d50000)
  to   space 512K,   0% used [0x00000000f0c50000, 0x00000000f0c50000, 0x00000000f0cd0000)
 concurrent mark-sweep generation total 10944K, used 7099K [0x00000000f5a00000, 0x00000000f64b0000, 0x0000000100000000)
 Metaspace       used 17182K, capacity 17644K, committed 17920K, reserved 1064960K
  class space    used 2147K, capacity 2296K, committed 2304K, reserved 1048576K
2019-10-16T14:16:45.698+0000: 5.550: [GC (Allocation Failure) 2019-10-16T14:16:45.698+0000: 5.550: [ParNew
Desired survivor size 262144 bytes, new threshold 6 (max 6)
- age   1:      14248 bytes,      14248 total
- age   2:      11896 bytes,      26144 total
- age   3:      19240 bytes,      45384 total
- age   4:      11520 bytes,      56904 total
- age   5:      15272 bytes,      72176 total
- age   6:      12784 bytes,      84960 total
: 4516K->95K(4928K), 0.0014045 secs] 11616K->7213K(15872K), 0.0014408 secs] [Times: user=0.00 sys=0.00, real=0.00 secs] 
Heap after GC invocations=204 (full 0):
 par new generation   total 4928K, used 95K [0x00000000f0800000, 0x00000000f0d50000, 0x00000000f5a00000)
  eden space 4416K,   0% used [0x00000000f0800000, 0x00000000f0800000, 0x00000000f0c50000)
  from space 512K,  18% used [0x00000000f0c50000, 0x00000000f0c67f40, 0x00000000f0cd0000)
  to   space 512K,   0% used [0x00000000f0cd0000, 0x00000000f0cd0000, 0x00000000f0d50000)
 concurrent mark-sweep generation total 10944K, used 7118K [0x00000000f5a00000, 0x00000000f64b0000, 0x0000000100000000)
 Metaspace       used 17182K, capacity 17644K, committed 17920K, reserved 1064960K
  class space    used 2147K, capacity 2296K, committed 2304K, reserved 1048576K
}
2019-10-16T14:16:45.700+0000: 5.552: Total time for which application threads were stopped: 0.0015488 seconds, Stopping threads took: 0.0000208 seconds
{Heap before GC invocations=204 (full 0):
 par new generation   total 4928K, used 4511K [0x00000000f0800000, 0x00000000f0d50000, 0x00000000f5a00000)
  eden space 4416K, 100% used [0x00000000f0800000, 0x00000000f0c50000, 0x00000000f0c50000)
  from space 512K,  18% used [0x00000000f0c50000, 0x00000000f0c67f40, 0x00000000f0cd0000)
  to   space 512K,   0% used [0x00000000f0cd0000, 0x00000000f0cd0000, 0x00000000f0d50000)
 concurrent mark-sweep generation total 10944K, used 7118K [0x00000000f5a00000, 0x00000000f64b0000, 0x0000000100000000)
 Metaspace       used 17214K, capacity 17644K, committed 17920K, reserved 1064960K
  class space    used 2154K, capacity 2296K, committed 2304K, reserved 1048576K
2019-10-16T14:16:45.714+0000: 5.566: [GC (Allocation Failure) 2019-10-16T14:16:45.714+0000: 5.566: [ParNew
Desired survivor size 262144 bytes, new threshold 6 (max 6)
- age   1:      19424 bytes,      19424 total
- age   2:       9344 bytes,      28768 total
- age   3:      11896 bytes,      40664 total
- age   4:      19192 bytes,      59856 total
- age   5:      11520 bytes,      71376 total
- age   6:      15272 bytes,      86648 total
: 4511K->86K(4928K), 0.0016843 secs] 11629K->7217K(15872K), 0.0017314 secs] [Times: user=0.00 sys=0.00, real=0.00 secs] 
Heap after GC invocations=205 (full 0):
 par new generation   total 4928K, used 86K [0x00000000f0800000, 0x00000000f0d50000, 0x00000000f5a00000)
  eden space 4416K,   0% used [0x00000000f0800000, 0x00000000f0800000, 0x00000000f0c50000)
  from space 512K,  16% used [0x00000000f0cd0000, 0x00000000f0ce5a70, 0x00000000f0d50000)
  to   space 512K,   0% used [0x00000000f0c50000, 0x00000000f0c50000, 0x00000000f0cd0000)
 concurrent mark-sweep generation total 10944K, used 7130K [0x00000000f5a00000, 0x00000000f64b0000, 0x0000000100000000)
 Metaspace       used 17214K, capacity 17644K, committed 17920K, reserved 1064960K
  class space    used 2154K, capacity 2296K, committed 2304K, reserved 1048576K
}
2019-10-16T14:16:45.716+0000: 5.568: Total time for which application threads were stopped: 0.0018385 seconds, Stopping threads took: 0.0000231 seconds
2019-10-16T14:16:45.722+0000: 5.574: Total time for which application threads were stopped: 0.0001896 seconds, Stopping threads took: 0.0000185 seconds
{Heap before GC invocations=205 (full 0):
 par new generation   total 4928K, used 4502K [0x00000000f0800000, 0x00000000f0d50000, 0x00000000f5a00000)
  eden space 4416K, 100% used [0x00000000f0800000, 0x00000000f0c50000, 0x00000000f0c50000)
  from space 512K,  16% used [0x00000000f0cd0000, 0x00000000f0ce5a70, 0x00000000f0d50000)
  to   space 512K,   0% used [0x00000000f0c50000, 0x00000000f0c50000, 0x00000000f0cd0000)
 concurrent mark-sweep generation total 10944K, used 7130K [0x00000000f5a00000, 0x00000000f64b0000, 0x0000000100000000)
 Metaspace       used 17251K, capacity 17708K, committed 17920K, reserved 1064960K
  class space    used 2160K, capacity 2296K, committed 2304K, reserved 1048576K
2019-10-16T14:16:45.734+0000: 5.586: [GC (Allocation Failure) 2019-10-16T14:16:45.734+0000: 5.586: [ParNew
Desired survivor size 262144 bytes, new threshold 6 (max 6)
- age   1:      27904 bytes,      27904 total
- age   2:      14888 bytes,      42792 total
- age   3:       9344 bytes,      52136 total
- age   4:      11896 bytes,      64032 total
- age   5:      18872 bytes,      82904 total
- age   6:      11520 bytes,      94424 total
: 4502K->168K(4928K), 0.0017089 secs] 11633K->7314K(15872K), 0.0017513 secs] [Times: user=0.00 sys=0.00, real=0.00 secs] 
Heap after GC invocations=206 (full 0):
 par new generation   total 4928K, used 168K [0x00000000f0800000, 0x00000000f0d50000, 0x00000000f5a00000)
  eden space 4416K,   0% used [0x00000000f0800000, 0x00000000f0800000, 0x00000000f0c50000)
  from space 512K,  32% used [0x00000000f0c50000, 0x00000000f0c7a120, 0x00000000f0cd0000)
  to   space 512K,   0% used [0x00000000f0cd0000, 0x00000000f0cd0000, 0x00000000f0d50000)
 concurrent mark-sweep generation total 10944K, used 7146K [0x00000000f5a00000, 0x00000000f64b0000, 0x0000000100000000)
 Metaspace       used 17251K, capacity 17708K, committed 17920K, reserved 1064960K
  class space    used 2160K, capacity 2296K, committed 2304K, reserved 1048576K
}
2019-10-16T14:16:45.736+0000: 5.588: Total time for which application threads were stopped: 0.0018599 seconds, Stopping threads took: 0.0000220 seconds
{Heap before GC invocations=206 (full 0):
 par new generation   total 4928K, used 4584K [0x00000000f0800000, 0x00000000f0d50000, 0x00000000f5a00000)
  eden space 4416K, 100% used [0x00000000f0800000, 0x00000000f0c50000, 0x00000000f0c50000)
  from space 512K,  32% used [0x00000000f0c50000, 0x00000000f0c7a120, 0x00000000f0cd0000)
  to   space 512K,   0% used [0x00000000f0cd0000, 0x00000000f0cd0000, 0x00000000f0d50000)
 concurrent mark-sweep generation total 10944K, used 7146K [0x00000000f5a00000, 0x00000000f64b0000, 0x0000000100000000)
 Metaspace       used 17288K, capacity 17720K, committed 17920K, reserved 1064960K
  class space    used 2167K, capacity 2298K, committed 2304K, reserved 1048576K
2019-10-16T14:16:45.746+0000: 5.598: [GC (Allocation Failure) 2019-10-16T14:16:45.746+0000: 5.598: [ParNew
Desired survivor size 262144 bytes, new threshold 6 (max 6)
- age   1:      16432 bytes,      16432 total
- age   2:      16864 bytes,      33296 total
- age   3:      14776 bytes,      48072 total
- age   4:       9344 bytes,      57416 total
- age   5:      11896 bytes,      69312 total
- age   6:      18872 bytes,      88184 total
: 4584K->111K(4928K), 0.0014377 secs] 11730K->7268K(15872K), 0.0014820 secs] [Times: user=0.00 sys=0.00, real=0.00 secs] 
Heap after GC invocations=207 (full 0):
 par new generation   total 4928K, used 111K [0x00000000f0800000, 0x00000000f0d50000, 0x00000000f5a00000)
  eden space 4416K,   0% used [0x00000000f0800000, 0x00000000f0800000, 0x00000000f0c50000)
  from space 512K,  21% used [0x00000000f0cd0000, 0x00000000f0cebe10, 0x00000000f0d50000)
  to   space 512K,   0% used [0x00000000f0c50000, 0x00000000f0c50000, 0x00000000f0cd0000)
 concurrent mark-sweep generation total 10944K, used 7157K [0x00000000f5a00000, 0x00000000f64b0000, 0x0000000100000000)
 Metaspace       used 17288K, capacity 17720K, committed 17920K, reserved 1064960K
  class space    used 2167K, capacity 2298K, committed 2304K, reserved 1048576K
}
2019-10-16T14:16:45.748+0000: 5.600: Total time for which application threads were stopped: 0.0015971 seconds, Stopping threads took: 0.0000269 seconds
{Heap before GC invocations=207 (full 0):
 par new generation   total 4928K, used 4527K [0x00000000f0800000, 0x00000000f0d50000, 0x00000000f5a00000)
  eden space 4416K, 100% used [0x00000000f0800000, 0x00000000f0c50000, 0x00000000f0c50000)
  from space 512K,  21% used [0x00000000f0cd0000, 0x00000000f0cebe10, 0x00000000f0d50000)
  to   space 512K,   0% used [0x00000000f0c50000, 0x00000000f0c50000, 0x00000000f0cd0000)
 concurrent mark-sweep generation total 10944K, used 7157K [0x00000000f5a00000, 0x00000000f64b0000, 0x0000000100000000)
 Metaspace       used 17364K, capacity 17788K, committed 17920K, reserved 1064960K
  class space    used 2173K, capacity 2300K, committed 2304K, reserved 1048576K
2019-10-16T14:16:45.764+0000: 5.616: [GC (Allocation Failure) 2019-10-16T14:16:45.764+0000: 5.616: [ParNew
Desired survivor size 262144 bytes, new threshold 6 (max 6)
- age   1:      42712 bytes,      42712 total
- age   2:      12120 bytes,      54832 total
- age   3:      16800 bytes,      71632 total
- age   4:      14752 bytes,      86384 total
- age   5:       9344 bytes,      95728 total
- age   6:      11896 bytes,     107624 total
: 4527K->156K(4928K), 0.0014769 secs] 11684K->7332K(15872K), 0.0015123 secs] [Times: user=0.00 sys=0.00, real=0.00 secs] 
Heap after GC invocations=208 (full 0):
 par new generation   total 4928K, used 156K [0x00000000f0800000, 0x00000000f0d50000, 0x00000000f5a00000)
  eden space 4416K,   0% used [0x00000000f0800000, 0x00000000f0800000, 0x00000000f0c50000)
  from space 512K,  30% used [0x00000000f0c50000, 0x00000000f0c772a0, 0x00000000f0cd0000)
  to   space 512K,   0% used [0x00000000f0cd0000, 0x00000000f0cd0000, 0x00000000f0d50000)
 concurrent mark-sweep generation total 10944K, used 7176K [0x00000000f5a00000, 0x00000000f64b0000, 0x0000000100000000)
 Metaspace       used 17364K, capacity 17788K, committed 17920K, reserved 1064960K
  class space    used 2173K, capacity 2300K, committed 2304K, reserved 1048576K
}
2019-10-16T14:16:45.765+0000: 5.617: Total time for which application threads were stopped: 0.0016160 seconds, Stopping threads took: 0.0000188 seconds
{Heap before GC invocations=208 (full 0):
 par new generation   total 4928K, used 4572K [0x00000000f0800000, 0x00000000f0d50000, 0x00000000f5a00000)
  eden space 4416K, 100% used [0x00000000f0800000, 0x00000000f0c50000, 0x00000000f0c50000)
  from space 512K,  30% used [0x00000000f0c50000, 0x00000000f0c772a0, 0x00000000f0cd0000)
  to   space 512K,   0% used [0x00000000f0cd0000, 0x00000000f0cd0000, 0x00000000f0d50000)
 concurrent mark-sweep generation total 10944K, used 7176K [0x00000000f5a00000, 0x00000000f64b0000, 0x0000000100000000)
 Metaspace       used 17400K, capacity 17852K, committed 17920K, reserved 1064960K
  class space    used 2179K, capacity 2300K, committed 2304K, reserved 1048576K
2019-10-16T14:16:45.782+0000: 5.634: [GC (Allocation Failure) 2019-10-16T14:16:45.782+0000: 5.634: [ParNew
Desired survivor size 262144 bytes, new threshold 6 (max 6)
- age   1:      18576 bytes,      18576 total
- age   2:      21024 bytes,      39600 total
- age   3:      12120 bytes,      51720 total
- age   4:      16800 bytes,      68520 total
- age   5:      14752 bytes,      83272 total
- age   6:       9344 bytes,      92616 total
: 4572K->98K(4928K), 0.0013118 secs] 11748K->7286K(15872K), 0.0013776 secs] [Times: user=0.00 sys=0.00, real=0.00 secs] 
Heap after GC invocations=209 (full 0):
 par new generation   total 4928K, used 98K [0x00000000f0800000, 0x00000000f0d50000, 0x00000000f5a00000)
  eden space 4416K,   0% used [0x00000000f0800000, 0x00000000f0800000, 0x00000000f0c50000)
  from space 512K,  19% used [0x00000000f0cd0000, 0x00000000f0ce89e0, 0x00000000f0d50000)
  to   space 512K,   0% used [0x00000000f0c50000, 0x00000000f0c50000, 0x00000000f0cd0000)
 concurrent mark-sweep generation total 10944K, used 7188K [0x00000000f5a00000, 0x00000000f64b0000, 0x0000000100000000)
 Metaspace       used 17400K, capacity 17852K, committed 17920K, reserved 1064960K
  class space    used 2179K, capacity 2300K, committed 2304K, reserved 1048576K
}
2019-10-16T14:16:45.784+0000: 5.636: Total time for which application threads were stopped: 0.0014823 seconds, Stopping threads took: 0.0000194 seconds
{Heap before GC invocations=209 (full 0):
 par new generation   total 4928K, used 4514K [0x00000000f0800000, 0x00000000f0d50000, 0x00000000f5a00000)
  eden space 4416K, 100% used [0x00000000f0800000, 0x00000000f0c50000, 0x00000000f0c50000)
  from space 512K,  19% used [0x00000000f0cd0000, 0x00000000f0ce89e0, 0x00000000f0d50000)
  to   space 512K,   0% used [0x00000000f0c50000, 0x00000000f0c50000, 0x00000000f0cd0000)
 concurrent mark-sweep generation total 10944K, used 7188K [0x00000000f5a00000, 0x00000000f64b0000, 0x0000000100000000)
 Metaspace       used 17437K, capacity 17884K, committed 18048K, reserved 1064960K
  class space    used 2186K, capacity 2332K, committed 2432K, reserved 1048576K
2019-10-16T14:16:45.798+0000: 5.650: [GC (Allocation Failure) 2019-10-16T14:16:45.798+0000: 5.650: [ParNew
Desired survivor size 262144 bytes, new threshold 6 (max 6)
- age   1:      22552 bytes,      22552 total
- age   2:      12984 bytes,      35536 total
- age   3:      21024 bytes,      56560 total
- age   4:      12120 bytes,      68680 total
- age   5:      16800 bytes,      85480 total
- age   6:      14752 bytes,     100232 total
: 4514K->183K(4928K), 0.0011921 secs] 11702K->7381K(15872K), 0.0012313 secs] [Times: user=0.00 sys=0.00, real=0.00 secs] 
Heap after GC invocations=210 (full 0):
 par new generation   total 4928K, used 183K [0x00000000f0800000, 0x00000000f0d50000, 0x00000000f5a00000)
  eden space 4416K,   0% used [0x00000000f0800000, 0x00000000f0800000, 0x00000000f0c50000)
  from space 512K,  35% used [0x00000000f0c50000, 0x00000000f0c7df30, 0x00000000f0cd0000)
  to   space 512K,   0% used [0x00000000f0cd0000, 0x00000000f0cd0000, 0x00000000f0d50000)
 concurrent mark-sweep generation total 10944K, used 7197K [0x00000000f5a00000, 0x00000000f64b0000, 0x0000000100000000)
 Metaspace       used 17437K, capacity 17884K, committed 18048K, reserved 1064960K
  class space    used 2186K, capacity 2332K, committed 2432K, reserved 1048576K
}
2019-10-16T14:16:45.800+0000: 5.652: Total time for which application threads were stopped: 0.0013303 seconds, Stopping threads took: 0.0000215 seconds
{Heap before GC invocations=210 (full 0):
 par new generation   total 4928K, used 4599K [0x00000000f0800000, 0x00000000f0d50000, 0x00000000f5a00000)
  eden space 4416K, 100% used [0x00000000f0800000, 0x00000000f0c50000, 0x00000000f0c50000)
  from space 512K,  35% used [0x00000000f0c50000, 0x00000000f0c7df30, 0x00000000f0cd0000)
  to   space 512K,   0% used [0x00000000f0cd0000, 0x00000000f0cd0000, 0x00000000f0d50000)
 concurrent mark-sweep generation total 10944K, used 7197K [0x00000000f5a00000, 0x00000000f64b0000, 0x0000000100000000)
 Metaspace       used 17479K, capacity 17948K, committed 18304K, reserved 1064960K
  class space    used 2191K, capacity 2332K, committed 2432K, reserved 1048576K
2019-10-16T14:16:45.811+0000: 5.663: [GC (Allocation Failure) 2019-10-16T14:16:45.811+0000: 5.663: [ParNew
Desired survivor size 262144 bytes, new threshold 6 (max 6)
- age   1:      38840 bytes,      38840 total
- age   2:      18640 bytes,      57480 total
- age   3:      12984 bytes,      70464 total
- age   4:      21024 bytes,      91488 total
- age   5:      12120 bytes,     103608 total
- age   6:      16800 bytes,     120408 total
: 4599K->119K(4928K), 0.0013684 secs] 11797K->7331K(15872K), 0.0014034 secs] [Times: user=0.00 sys=0.00, real=0.00 secs] 
Heap after GC invocations=211 (full 0):
 par new generation   total 4928K, used 119K [0x00000000f0800000, 0x00000000f0d50000, 0x00000000f5a00000)
  eden space 4416K,   0% used [0x00000000f0800000, 0x00000000f0800000, 0x00000000f0c50000)
  from space 512K,  23% used [0x00000000f0cd0000, 0x00000000f0cedce0, 0x00000000f0d50000)
  to   space 512K,   0% used [0x00000000f0c50000, 0x00000000f0c50000, 0x00000000f0cd0000)
 concurrent mark-sweep generation total 10944K, used 7212K [0x00000000f5a00000, 0x00000000f64b0000, 0x0000000100000000)
 Metaspace       used 17479K, capacity 17948K, committed 18304K, reserved 1064960K
  class space    used 2191K, capacity 2332K, committed 2432K, reserved 1048576K
}
2019-10-16T14:16:45.812+0000: 5.664: Total time for which application threads were stopped: 0.0035083 seconds, Stopping threads took: 0.0020247 seconds
{Heap before GC invocations=211 (full 0):
 par new generation   total 4928K, used 4535K [0x00000000f0800000, 0x00000000f0d50000, 0x00000000f5a00000)
  eden space 4416K, 100% used [0x00000000f0800000, 0x00000000f0c50000, 0x00000000f0c50000)
  from space 512K,  23% used [0x00000000f0cd0000, 0x00000000f0cedce0, 0x00000000f0d50000)
  to   space 512K,   0% used [0x00000000f0c50000, 0x00000000f0c50000, 0x00000000f0cd0000)
 concurrent mark-sweep generation total 10944K, used 7212K [0x00000000f5a00000, 0x00000000f64b0000, 0x0000000100000000)
 Metaspace       used 17577K, capacity 18076K, committed 18304K, reserved 1064960K
  class space    used 2202K, capacity 2332K, committed 2432K, reserved 1048576K
2019-10-16T14:16:45.829+0000: 5.681: [GC (Allocation Failure) 2019-10-16T14:16:45.829+0000: 5.681: [ParNew
Desired survivor size 262144 bytes, new threshold 6 (max 6)
- age   1:      24752 bytes,      24752 total
- age   2:      13104 bytes,      37856 total
- age   3:      18640 bytes,      56496 total
- age   4:      12928 bytes,      69424 total
- age   5:      21024 bytes,      90448 total
- age   6:      12120 bytes,     102568 total
: 4535K->103K(4928K), 0.0015643 secs] 11747K->7332K(15872K), 0.0016092 secs] [Times: user=0.00 sys=0.00, real=0.01 secs] 
Heap after GC invocations=212 (full 0):
 par new generation   total 4928K, used 103K [0x00000000f0800000, 0x00000000f0d50000, 0x00000000f5a00000)
  eden space 4416K,   0% used [0x00000000f0800000, 0x00000000f0800000, 0x00000000f0c50000)
  from space 512K,  20% used [0x00000000f0c50000, 0x00000000f0c69e50, 0x00000000f0cd0000)
  to   space 512K,   0% used [0x00000000f0cd0000, 0x00000000f0cd0000, 0x00000000f0d50000)
 concurrent mark-sweep generation total 10944K, used 7229K [0x00000000f5a00000, 0x00000000f64b0000, 0x0000000100000000)
 Metaspace       used 17577K, capacity 18076K, committed 18304K, reserved 1064960K
  class space    used 2202K, capacity 2332K, committed 2432K, reserved 1048576K
}
2019-10-16T14:16:45.831+0000: 5.683: Total time for which application threads were stopped: 0.0017404 seconds, Stopping threads took: 0.0000424 seconds
2019-10-16T14:16:45.839+0000: 5.691: Total time for which application threads were stopped: 0.0036470 seconds, Stopping threads took: 0.0034600 seconds
{Heap before GC invocations=212 (full 0):
 par new generation   total 4928K, used 4519K [0x00000000f0800000, 0x00000000f0d50000, 0x00000000f5a00000)
  eden space 4416K, 100% used [0x00000000f0800000, 0x00000000f0c50000, 0x00000000f0c50000)
  from space 512K,  20% used [0x00000000f0c50000, 0x00000000f0c69e50, 0x00000000f0cd0000)
  to   space 512K,   0% used [0x00000000f0cd0000, 0x00000000f0cd0000, 0x00000000f0d50000)
 concurrent mark-sweep generation total 10944K, used 7229K [0x00000000f5a00000, 0x00000000f64b0000, 0x0000000100000000)
 Metaspace       used 17660K, capacity 18148K, committed 18304K, reserved 1064960K
  class space    used 2209K, capacity 2334K, committed 2432K, reserved 1048576K
2019-10-16T14:16:45.860+0000: 5.712: [GC (Allocation Failure) 2019-10-16T14:16:45.860+0000: 5.712: [ParNew
Desired survivor size 262144 bytes, new threshold 6 (max 6)
- age   1:     147296 bytes,     147296 total
- age   2:      19848 bytes,     167144 total
- age   3:      12992 bytes,     180136 total
- age   4:      18624 bytes,     198760 total
- age   5:      12928 bytes,     211688 total
- age   6:      19232 bytes,     230920 total
: 4519K->297K(4928K), 0.0017771 secs] 11748K->7539K(15872K), 0.0018216 secs] [Times: user=0.00 sys=0.00, real=0.00 secs] 
Heap after GC invocations=213 (full 0):
 par new generation   total 4928K, used 297K [0x00000000f0800000, 0x00000000f0d50000, 0x00000000f5a00000)
  eden space 4416K,   0% used [0x00000000f0800000, 0x00000000f0800000, 0x00000000f0c50000)
  from space 512K,  58% used [0x00000000f0cd0000, 0x00000000f0d1a700, 0x00000000f0d50000)
  to   space 512K,   0% used [0x00000000f0c50000, 0x00000000f0c50000, 0x00000000f0cd0000)
 concurrent mark-sweep generation total 10944K, used 7241K [0x00000000f5a00000, 0x00000000f64b0000, 0x0000000100000000)
 Metaspace       used 17660K, capacity 18148K, committed 18304K, reserved 1064960K
  class space    used 2209K, capacity 2334K, committed 2432K, reserved 1048576K
}
2019-10-16T14:16:45.862+0000: 5.714: Total time for which application threads were stopped: 0.0043173 seconds, Stopping threads took: 0.0024049 seconds
{Heap before GC invocations=213 (full 0):
 par new generation   total 4928K, used 4713K [0x00000000f0800000, 0x00000000f0d50000, 0x00000000f5a00000)
  eden space 4416K, 100% used [0x00000000f0800000, 0x00000000f0c50000, 0x00000000f0c50000)
  from space 512K,  58% used [0x00000000f0cd0000, 0x00000000f0d1a700, 0x00000000f0d50000)
  to   space 512K,   0% used [0x00000000f0c50000, 0x00000000f0c50000, 0x00000000f0cd0000)
 concurrent mark-sweep generation total 10944K, used 7241K [0x00000000f5a00000, 0x00000000f64b0000, 0x0000000100000000)
 Metaspace       used 17771K, capacity 18244K, committed 18560K, reserved 1064960K
  class space    used 2218K, capacity 2366K, committed 2432K, reserved 1048576K
2019-10-16T14:16:45.887+0000: 5.739: [GC (Allocation Failure) 2019-10-16T14:16:45.887+0000: 5.739: [ParNew
Desired survivor size 262144 bytes, new threshold 6 (max 6)
- age   1:      33664 bytes,      33664 total
- age   2:      57368 bytes,      91032 total
- age   3:      19848 bytes,     110880 total
- age   4:      12992 bytes,     123872 total
- age   5:      18624 bytes,     142496 total
- age   6:      12928 bytes,     155424 total
: 4713K->240K(4928K), 0.0017294 secs] 11955K->7500K(15872K), 0.0017754 secs] [Times: user=0.00 sys=0.00, real=0.00 secs] 
Heap after GC invocations=214 (full 0):
 par new generation   total 4928K, used 240K [0x00000000f0800000, 0x00000000f0d50000, 0x00000000f5a00000)
  eden space 4416K,   0% used [0x00000000f0800000, 0x00000000f0800000, 0x00000000f0c50000)
  from space 512K,  46% used [0x00000000f0c50000, 0x00000000f0c8c0b8, 0x00000000f0cd0000)
  to   space 512K,   0% used [0x00000000f0cd0000, 0x00000000f0cd0000, 0x00000000f0d50000)
 concurrent mark-sweep generation total 10944K, used 7260K [0x00000000f5a00000, 0x00000000f64b0000, 0x0000000100000000)
 Metaspace       used 17771K, capacity 18244K, committed 18560K, reserved 1064960K
  class space    used 2218K, capacity 2366K, committed 2432K, reserved 1048576K
}
2019-10-16T14:16:45.888+0000: 5.741: Total time for which application threads were stopped: 0.0093665 seconds, Stopping threads took: 0.0074721 seconds
{Heap before GC invocations=214 (full 0):
 par new generation   total 4928K, used 4656K [0x00000000f0800000, 0x00000000f0d50000, 0x00000000f5a00000)
  eden space 4416K, 100% used [0x00000000f0800000, 0x00000000f0c50000, 0x00000000f0c50000)
  from space 512K,  46% used [0x00000000f0c50000, 0x00000000f0c8c0b8, 0x00000000f0cd0000)
  to   space 512K,   0% used [0x00000000f0cd0000, 0x00000000f0cd0000, 0x00000000f0d50000)
 concurrent mark-sweep generation total 10944K, used 7260K [0x00000000f5a00000, 0x00000000f64b0000, 0x0000000100000000)
 Metaspace       used 17806K, capacity 18308K, committed 18560K, reserved 1064960K
  class space    used 2221K, capacity 2366K, committed 2432K, reserved 1048576K
2019-10-16T14:16:45.902+0000: 5.754: [GC (Allocation Failure) 2019-10-16T14:16:45.902+0000: 5.754: [ParNew
Desired survivor size 262144 bytes, new threshold 6 (max 6)
- age   1:      17376 bytes,      17376 total
- age   2:      28416 bytes,      45792 total
- age   3:      57368 bytes,     103160 total
- age   4:      19848 bytes,     123008 total
- age   5:      12992 bytes,     136000 total
- age   6:      18624 bytes,     154624 total
: 4656K->286K(4928K), 0.0014757 secs] 11916K->7559K(15872K), 0.0015124 secs] [Times: user=0.00 sys=0.00, real=0.00 secs] 
Heap after GC invocations=215 (full 0):
 par new generation   total 4928K, used 286K [0x00000000f0800000, 0x00000000f0d50000, 0x00000000f5a00000)
  eden space 4416K,   0% used [0x00000000f0800000, 0x00000000f0800000, 0x00000000f0c50000)
  from space 512K,  55% used [0x00000000f0cd0000, 0x00000000f0d178a8, 0x00000000f0d50000)
  to   space 512K,   0% used [0x00000000f0c50000, 0x00000000f0c50000, 0x00000000f0cd0000)
 concurrent mark-sweep generation total 10944K, used 7273K [0x00000000f5a00000, 0x00000000f64b0000, 0x0000000100000000)
 Metaspace       used 17806K, capacity 18308K, committed 18560K, reserved 1064960K
  class space    used 2221K, capacity 2366K, committed 2432K, reserved 1048576K
}
2019-10-16T14:16:45.904+0000: 5.756: Total time for which application threads were stopped: 0.0061380 seconds, Stopping threads took: 0.0045459 seconds
{Heap before GC invocations=215 (full 0):
 par new generation   total 4928K, used 4702K [0x00000000f0800000, 0x00000000f0d50000, 0x00000000f5a00000)
  eden space 4416K, 100% used [0x00000000f0800000, 0x00000000f0c50000, 0x00000000f0c50000)
  from space 512K,  55% used [0x00000000f0cd0000, 0x00000000f0d178a8, 0x00000000f0d50000)
  to   space 512K,   0% used [0x00000000f0c50000, 0x00000000f0c50000, 0x00000000f0cd0000)
 concurrent mark-sweep generation total 10944K, used 7273K [0x00000000f5a00000, 0x00000000f64b0000, 0x0000000100000000)
 Metaspace       used 17860K, capacity 18324K, committed 18560K, reserved 1064960K
  class space    used 2229K, capacity 2370K, committed 2432K, reserved 1048576K
2019-10-16T14:16:45.922+0000: 5.774: [GC (Allocation Failure) 2019-10-16T14:16:45.922+0000: 5.774: [ParNew
Desired survivor size 262144 bytes, new threshold 6 (max 6)
- age   1:      29824 bytes,      29824 total
- age   2:      14664 bytes,      44488 total
- age   3:      27992 bytes,      72480 total
- age   4:      57240 bytes,     129720 total
- age   5:      19848 bytes,     149568 total
- age   6:      12992 bytes,     162560 total
: 4702K->185K(4928K), 0.0017157 secs] 11975K->7477K(15872K), 0.0017600 secs] [Times: user=0.00 sys=0.00, real=0.00 secs] 
Heap after GC invocations=216 (full 0):
 par new generation   total 4928K, used 185K [0x00000000f0800000, 0x00000000f0d50000, 0x00000000f5a00000)
  eden space 4416K,   0% used [0x00000000f0800000, 0x00000000f0800000, 0x00000000f0c50000)
  from space 512K,  36% used [0x00000000f0c50000, 0x00000000f0c7e520, 0x00000000f0cd0000)
  to   space 512K,   0% used [0x00000000f0cd0000, 0x00000000f0cd0000, 0x00000000f0d50000)
 concurrent mark-sweep generation total 10944K, used 7291K [0x00000000f5a00000, 0x00000000f64b0000, 0x0000000100000000)
 Metaspace       used 17860K, capacity 18324K, committed 18560K, reserved 1064960K
  class space    used 2229K, capacity 2370K, committed 2432K, reserved 1048576K
}
2019-10-16T14:16:45.924+0000: 5.776: Total time for which application threads were stopped: 0.0018649 seconds, Stopping threads took: 0.0000218 seconds
{Heap before GC invocations=216 (full 0):
 par new generation   total 4928K, used 4601K [0x00000000f0800000, 0x00000000f0d50000, 0x00000000f5a00000)
  eden space 4416K, 100% used [0x00000000f0800000, 0x00000000f0c50000, 0x00000000f0c50000)
  from space 512K,  36% used [0x00000000f0c50000, 0x00000000f0c7e520, 0x00000000f0cd0000)
  to   space 512K,   0% used [0x00000000f0cd0000, 0x00000000f0cd0000, 0x00000000f0d50000)
 concurrent mark-sweep generation total 10944K, used 7291K [0x00000000f5a00000, 0x00000000f64b0000, 0x0000000100000000)
 Metaspace       used 17943K, capacity 18404K, committed 18560K, reserved 1064960K
  class space    used 2240K, capacity 2378K, committed 2432K, reserved 1048576K
2019-10-16T14:16:45.943+0000: 5.795: [GC (Allocation Failure) 2019-10-16T14:16:45.943+0000: 5.795: [ParNew
Desired survivor size 262144 bytes, new threshold 6 (max 6)
- age   1:      21120 bytes,      21120 total
- age   2:      18440 bytes,      39560 total
- age   3:      14664 bytes,      54224 total
- age   4:      27992 bytes,      82216 total
- age   5:      57240 bytes,     139456 total
- age   6:      19848 bytes,     159304 total
: 4601K->283K(4928K), 0.0017040 secs] 11893K->7588K(15872K), 0.0017408 secs] [Times: user=0.01 sys=0.00, real=0.00 secs] 
Heap after GC invocations=217 (full 0):
 par new generation   total 4928K, used 283K [0x00000000f0800000, 0x00000000f0d50000, 0x00000000f5a00000)
  eden space 4416K,   0% used [0x00000000f0800000, 0x00000000f0800000, 0x00000000f0c50000)
  from space 512K,  55% used [0x00000000f0cd0000, 0x00000000f0d16e10, 0x00000000f0d50000)
  to   space 512K,   0% used [0x00000000f0c50000, 0x00000000f0c50000, 0x00000000f0cd0000)
 concurrent mark-sweep generation total 10944K, used 7304K [0x00000000f5a00000, 0x00000000f64b0000, 0x0000000100000000)
 Metaspace       used 17943K, capacity 18404K, committed 18560K, reserved 1064960K
  class space    used 2240K, capacity 2378K, committed 2432K, reserved 1048576K
}
2019-10-16T14:16:45.945+0000: 5.797: Total time for which application threads were stopped: 0.0018390 seconds, Stopping threads took: 0.0000199 seconds
{Heap before GC invocations=217 (full 0):
 par new generation   total 4928K, used 4699K [0x00000000f0800000, 0x00000000f0d50000, 0x00000000f5a00000)
  eden space 4416K, 100% used [0x00000000f0800000, 0x00000000f0c50000, 0x00000000f0c50000)
  from space 512K,  55% used [0x00000000f0cd0000, 0x00000000f0d16e10, 0x00000000f0d50000)
  to   space 512K,   0% used [0x00000000f0c50000, 0x00000000f0c50000, 0x00000000f0cd0000)
 concurrent mark-sweep generation total 10944K, used 7304K [0x00000000f5a00000, 0x00000000f64b0000, 0x0000000100000000)
 Metaspace       used 18021K, capacity 18540K, committed 18816K, reserved 1064960K
  class space    used 2250K, capacity 2382K, committed 2432K, reserved 1048576K
2019-10-16T14:16:45.970+0000: 5.822: [GC (Allocation Failure) 2019-10-16T14:16:45.970+0000: 5.822: [ParNew
Desired survivor size 262144 bytes, new threshold 6 (max 6)
- age   1:      25144 bytes,      25144 total
- age   2:      16976 bytes,      42120 total
- age   3:      18400 bytes,      60520 total
- age   4:      13992 bytes,      74512 total
- age   5:      27992 bytes,     102504 total
- age   6:      57240 bytes,     159744 total
: 4699K->187K(4928K), 0.0019157 secs] 12004K->7511K(15872K), 0.0019904 secs] [Times: user=0.00 sys=0.00, real=0.01 secs] 
Heap after GC invocations=218 (full 0):
 par new generation   total 4928K, used 187K [0x00000000f0800000, 0x00000000f0d50000, 0x00000000f5a00000)
  eden space 4416K,   0% used [0x00000000f0800000, 0x00000000f0800000, 0x00000000f0c50000)
  from space 512K,  36% used [0x00000000f0c50000, 0x00000000f0c7edb0, 0x00000000f0cd0000)
  to   space 512K,   0% used [0x00000000f0cd0000, 0x00000000f0cd0000, 0x00000000f0d50000)
 concurrent mark-sweep generation total 10944K, used 7324K [0x00000000f5a00000, 0x00000000f64b0000, 0x0000000100000000)
 Metaspace       used 18021K, capacity 18540K, committed 18816K, reserved 1064960K
  class space    used 2250K, capacity 2382K, committed 2432K, reserved 1048576K
}
2019-10-16T14:16:45.972+0000: 5.824: Total time for which application threads were stopped: 0.0021071 seconds, Stopping threads took: 0.0000244 seconds
{Heap before GC invocations=218 (full 0):
 par new generation   total 4928K, used 4603K [0x00000000f0800000, 0x00000000f0d50000, 0x00000000f5a00000)
  eden space 4416K, 100% used [0x00000000f0800000, 0x00000000f0c50000, 0x00000000f0c50000)
  from space 512K,  36% used [0x00000000f0c50000, 0x00000000f0c7edb0, 0x00000000f0cd0000)
  to   space 512K,   0% used [0x00000000f0cd0000, 0x00000000f0cd0000, 0x00000000f0d50000)
 concurrent mark-sweep generation total 10944K, used 7324K [0x00000000f5a00000, 0x00000000f64b0000, 0x0000000100000000)
 Metaspace       used 18131K, capacity 18604K, committed 18816K, reserved 1064960K
  class space    used 2264K, capacity 2382K, committed 2432K, reserved 1048576K
2019-10-16T14:16:45.991+0000: 5.843: [GC (Allocation Failure) 2019-10-16T14:16:45.991+0000: 5.843: [ParNew
Desired survivor size 262144 bytes, new threshold 6 (max 6)
- age   1:      17152 bytes,      17152 total
- age   2:      20888 bytes,      38040 total
- age   3:      16976 bytes,      55016 total
- age   4:      18400 bytes,      73416 total
- age   5:      13992 bytes,      87408 total
- age   6:      27992 bytes,     115400 total
: 4603K->140K(4928K), 0.0019799 secs] 11927K->7521K(15872K), 0.0020238 secs] [Times: user=0.00 sys=0.00, real=0.00 secs] 
Heap after GC invocations=219 (full 0):
 par new generation   total 4928K, used 140K [0x00000000f0800000, 0x00000000f0d50000, 0x00000000f5a00000)
  eden space 4416K,   0% used [0x00000000f0800000, 0x00000000f0800000, 0x00000000f0c50000)
  from space 512K,  27% used [0x00000000f0cd0000, 0x00000000f0cf3130, 0x00000000f0d50000)
  to   space 512K,   0% used [0x00000000f0c50000, 0x00000000f0c50000, 0x00000000f0cd0000)
 concurrent mark-sweep generation total 10944K, used 7381K [0x00000000f5a00000, 0x00000000f64b0000, 0x0000000100000000)
 Metaspace       used 18131K, capacity 18604K, committed 18816K, reserved 1064960K
  class space    used 2264K, capacity 2382K, committed 2432K, reserved 1048576K
}
2019-10-16T14:16:45.993+0000: 5.845: Total time for which application threads were stopped: 0.0057558 seconds, Stopping threads took: 0.0036284 seconds
{Heap before GC invocations=219 (full 0):
 par new generation   total 4928K, used 4556K [0x00000000f0800000, 0x00000000f0d50000, 0x00000000f5a00000)
  eden space 4416K, 100% used [0x00000000f0800000, 0x00000000f0c50000, 0x00000000f0c50000)
  from space 512K,  27% used [0x00000000f0cd0000, 0x00000000f0cf3130, 0x00000000f0d50000)
  to   space 512K,   0% used [0x00000000f0c50000, 0x00000000f0c50000, 0x00000000f0cd0000)
 concurrent mark-sweep generation total 10944K, used 7381K [0x00000000f5a00000, 0x00000000f64b0000, 0x0000000100000000)
 Metaspace       used 18251K, capacity 18734K, committed 18944K, reserved 1064960K
  class space    used 2281K, capacity 2447K, committed 2560K, reserved 1048576K
2019-10-16T14:16:46.012+0000: 5.864: [GC (Allocation Failure) 2019-10-16T14:16:46.012+0000: 5.864: [ParNew
Desired survivor size 262144 bytes, new threshold 6 (max 6)
- age   1:      36760 bytes,      36760 total
- age   2:      14944 bytes,      51704 total
- age   3:      20592 bytes,      72296 total
- age   4:      16976 bytes,      89272 total
- age   5:      18400 bytes,     107672 total
- age   6:      13992 bytes,     121664 total
: 4556K->120K(4928K), 0.0018638 secs] 11937K->7529K(15872K), 0.0019154 secs] [Times: user=0.00 sys=0.00, real=0.00 secs] 
Heap after GC invocations=220 (full 0):
 par new generation   total 4928K, used 120K [0x00000000f0800000, 0x00000000f0d50000, 0x00000000f5a00000)
  eden space 4416K,   0% used [0x00000000f0800000, 0x00000000f0800000, 0x00000000f0c50000)
  from space 512K,  23% used [0x00000000f0c50000, 0x00000000f0c6e018, 0x00000000f0cd0000)
  to   space 512K,   0% used [0x00000000f0cd0000, 0x00000000f0cd0000, 0x00000000f0d50000)
 concurrent mark-sweep generation total 10944K, used 7409K [0x00000000f5a00000, 0x00000000f64b0000, 0x0000000100000000)
 Metaspace       used 18251K, capacity 18734K, committed 18944K, reserved 1064960K
  class space    used 2281K, capacity 2447K, committed 2560K, reserved 1048576K
}
2019-10-16T14:16:46.014+0000: 5.866: Total time for which application threads were stopped: 0.0020334 seconds, Stopping threads took: 0.0000240 seconds
{Heap before GC invocations=220 (full 0):
 par new generation   total 4928K, used 4536K [0x00000000f0800000, 0x00000000f0d50000, 0x00000000f5a00000)
  eden space 4416K, 100% used [0x00000000f0800000, 0x00000000f0c50000, 0x00000000f0c50000)
  from space 512K,  23% used [0x00000000f0c50000, 0x00000000f0c6e018, 0x00000000f0cd0000)
  to   space 512K,   0% used [0x00000000f0cd0000, 0x00000000f0cd0000, 0x00000000f0d50000)
 concurrent mark-sweep generation total 10944K, used 7409K [0x00000000f5a00000, 0x00000000f64b0000, 0x0000000100000000)
 Metaspace       used 18276K, capacity 18798K, committed 18944K, reserved 1064960K
  class space    used 2284K, capacity 2447K, committed 2560K, reserved 1048576K
2019-10-16T14:16:46.029+0000: 5.881: [GC (Allocation Failure) 2019-10-16T14:16:46.029+0000: 5.881: [ParNew
Desired survivor size 262144 bytes, new threshold 6 (max 6)
- age   1:      35912 bytes,      35912 total
- age   2:      17072 bytes,      52984 total
- age   3:      14920 bytes,      67904 total
- age   4:      20592 bytes,      88496 total
- age   5:      16976 bytes,     105472 total
- age   6:      18400 bytes,     123872 total
: 4536K->236K(4928K), 0.0016053 secs] 11945K->7659K(15872K), 0.0016466 secs] [Times: user=0.01 sys=0.00, real=0.01 secs] 
Heap after GC invocations=221 (full 0):
 par new generation   total 4928K, used 236K [0x00000000f0800000, 0x00000000f0d50000, 0x00000000f5a00000)
  eden space 4416K,   0% used [0x00000000f0800000, 0x00000000f0800000, 0x00000000f0c50000)
  from space 512K,  46% used [0x00000000f0cd0000, 0x00000000f0d0b240, 0x00000000f0d50000)
  to   space 512K,   0% used [0x00000000f0c50000, 0x00000000f0c50000, 0x00000000f0cd0000)
 concurrent mark-sweep generation total 10944K, used 7423K [0x00000000f5a00000, 0x00000000f64b0000, 0x0000000100000000)
 Metaspace       used 18276K, capacity 18798K, committed 18944K, reserved 1064960K
  class space    used 2284K, capacity 2447K, committed 2560K, reserved 1048576K
}
2019-10-16T14:16:46.031+0000: 5.883: Total time for which application threads were stopped: 0.0043627 seconds, Stopping threads took: 0.0026311 seconds
{Heap before GC invocations=221 (full 0):
 par new generation   total 4928K, used 4652K [0x00000000f0800000, 0x00000000f0d50000, 0x00000000f5a00000)
  eden space 4416K, 100% used [0x00000000f0800000, 0x00000000f0c50000, 0x00000000f0c50000)
  from space 512K,  46% used [0x00000000f0cd0000, 0x00000000f0d0b240, 0x00000000f0d50000)
  to   space 512K,   0% used [0x00000000f0c50000, 0x00000000f0c50000, 0x00000000f0cd0000)
 concurrent mark-sweep generation total 10944K, used 7423K [0x00000000f5a00000, 0x00000000f64b0000, 0x0000000100000000)
 Metaspace       used 18324K, capacity 18798K, committed 18944K, reserved 1064960K
  class space    used 2293K, capacity 2447K, committed 2560K, reserved 1048576K
2019-10-16T14:16:46.042+0000: 5.894: [GC (Allocation Failure) 2019-10-16T14:16:46.042+0000: 5.894: [ParNew
Desired survivor size 262144 bytes, new threshold 6 (max 6)
- age   1:      17192 bytes,      17192 total
- age   2:       8376 bytes,      25568 total
- age   3:      17048 bytes,      42616 total
- age   4:      14920 bytes,      57536 total
- age   5:      20592 bytes,      78128 total
- age   6:      16976 bytes,      95104 total
: 4652K->150K(4928K), 0.0015020 secs] 12075K->7592K(15872K), 0.0015490 secs] [Times: user=0.00 sys=0.00, real=0.00 secs] 
Heap after GC invocations=222 (full 0):
 par new generation   total 4928K, used 150K [0x00000000f0800000, 0x00000000f0d50000, 0x00000000f5a00000)
  eden space 4416K,   0% used [0x00000000f0800000, 0x00000000f0800000, 0x00000000f0c50000)
  from space 512K,  29% used [0x00000000f0c50000, 0x00000000f0c75a50, 0x00000000f0cd0000)
  to   space 512K,   0% used [0x00000000f0cd0000, 0x00000000f0cd0000, 0x00000000f0d50000)
 concurrent mark-sweep generation total 10944K, used 7441K [0x00000000f5a00000, 0x00000000f64b0000, 0x0000000100000000)
 Metaspace       used 18324K, capacity 18798K, committed 18944K, reserved 1064960K
  class space    used 2293K, capacity 2447K, committed 2560K, reserved 1048576K
}
2019-10-16T14:16:46.044+0000: 5.896: Total time for which application threads were stopped: 0.0016495 seconds, Stopping threads took: 0.0000221 seconds
{Heap before GC invocations=222 (full 0):
 par new generation   total 4928K, used 4566K [0x00000000f0800000, 0x00000000f0d50000, 0x00000000f5a00000)
  eden space 4416K, 100% used [0x00000000f0800000, 0x00000000f0c50000, 0x00000000f0c50000)
  from space 512K,  29% used [0x00000000f0c50000, 0x00000000f0c75a50, 0x00000000f0cd0000)
  to   space 512K,   0% used [0x00000000f0cd0000, 0x00000000f0cd0000, 0x00000000f0d50000)
 concurrent mark-sweep generation total 10944K, used 7441K [0x00000000f5a00000, 0x00000000f64b0000, 0x0000000100000000)
 Metaspace       used 18362K, capacity 18862K, committed 19200K, reserved 1067008K
  class space    used 2295K, capacity 2447K, committed 2560K, reserved 1048576K
2019-10-16T14:16:46.056+0000: 5.908: [GC (Allocation Failure) 2019-10-16T14:16:46.056+0000: 5.908: [ParNew
Desired survivor size 262144 bytes, new threshold 6 (max 6)
- age   1:       9144 bytes,       9144 total
- age   2:      13240 bytes,      22384 total
- age   3:       8376 bytes,      30760 total
- age   4:      17048 bytes,      47808 total
- age   5:      14920 bytes,      62728 total
- age   6:      20592 bytes,      83320 total
: 4566K->87K(4928K), 0.0014531 secs] 12008K->7546K(15872K), 0.0014882 secs] [Times: user=0.00 sys=0.00, real=0.00 secs] 
Heap after GC invocations=223 (full 0):
 par new generation   total 4928K, used 87K [0x00000000f0800000, 0x00000000f0d50000, 0x00000000f5a00000)
  eden space 4416K,   0% used [0x00000000f0800000, 0x00000000f0800000, 0x00000000f0c50000)
  from space 512K,  17% used [0x00000000f0cd0000, 0x00000000f0ce5ec8, 0x00000000f0d50000)
  to   space 512K,   0% used [0x00000000f0c50000, 0x00000000f0c50000, 0x00000000f0cd0000)
 concurrent mark-sweep generation total 10944K, used 7458K [0x00000000f5a00000, 0x00000000f64b0000, 0x0000000100000000)
 Metaspace       used 18362K, capacity 18862K, committed 19200K, reserved 1067008K
  class space    used 2295K, capacity 2447K, committed 2560K, reserved 1048576K
}
2019-10-16T14:16:46.058+0000: 5.910: Total time for which application threads were stopped: 0.0058816 seconds, Stopping threads took: 0.0043177 seconds
{Heap before GC invocations=223 (full 0):
 par new generation   total 4928K, used 4503K [0x00000000f0800000, 0x00000000f0d50000, 0x00000000f5a00000)
  eden space 4416K, 100% used [0x00000000f0800000, 0x00000000f0c50000, 0x00000000f0c50000)
  from space 512K,  17% used [0x00000000f0cd0000, 0x00000000f0ce5ec8, 0x00000000f0d50000)
  to   space 512K,   0% used [0x00000000f0c50000, 0x00000000f0c50000, 0x00000000f0cd0000)
 concurrent mark-sweep generation total 10944K, used 7458K [0x00000000f5a00000, 0x00000000f64b0000, 0x0000000100000000)
 Metaspace       used 18453K, capacity 18926K, committed 19200K, reserved 1067008K
  class space    used 2303K, capacity 2447K, committed 2560K, reserved 1048576K
2019-10-16T14:16:46.078+0000: 5.930: [GC (Allocation Failure) 2019-10-16T14:16:46.078+0000: 5.930: [ParNew
Desired survivor size 262144 bytes, new threshold 6 (max 6)
- age   1:      23312 bytes,      23312 total
- age   2:       6784 bytes,      30096 total
- age   3:      13064 bytes,      43160 total
- age   4:       8376 bytes,      51536 total
- age   5:      17048 bytes,      68584 total
- age   6:      14888 bytes,      83472 total
: 4503K->84K(4928K), 0.0015761 secs] 11962K->7563K(15872K), 0.0016207 secs] [Times: user=0.00 sys=0.00, real=0.00 secs] 
Heap after GC invocations=224 (full 0):
 par new generation   total 4928K, used 84K [0x00000000f0800000, 0x00000000f0d50000, 0x00000000f5a00000)
  eden space 4416K,   0% used [0x00000000f0800000, 0x00000000f0800000, 0x00000000f0c50000)
  from space 512K,  16% used [0x00000000f0c50000, 0x00000000f0c65058, 0x00000000f0cd0000)
  to   space 512K,   0% used [0x00000000f0cd0000, 0x00000000f0cd0000, 0x00000000f0d50000)
 concurrent mark-sweep generation total 10944K, used 7479K [0x00000000f5a00000, 0x00000000f64b0000, 0x0000000100000000)
 Metaspace       used 18453K, capacity 18926K, committed 19200K, reserved 1067008K
  class space    used 2303K, capacity 2447K, committed 2560K, reserved 1048576K
}
2019-10-16T14:16:46.079+0000: 5.931: Total time for which application threads were stopped: 0.0017228 seconds, Stopping threads took: 0.0000209 seconds
{Heap before GC invocations=224 (full 0):
 par new generation   total 4928K, used 4500K [0x00000000f0800000, 0x00000000f0d50000, 0x00000000f5a00000)
  eden space 4416K, 100% used [0x00000000f0800000, 0x00000000f0c50000, 0x00000000f0c50000)
  from space 512K,  16% used [0x00000000f0c50000, 0x00000000f0c65058, 0x00000000f0cd0000)
  to   space 512K,   0% used [0x00000000f0cd0000, 0x00000000f0cd0000, 0x00000000f0d50000)
 concurrent mark-sweep generation total 10944K, used 7479K [0x00000000f5a00000, 0x00000000f64b0000, 0x0000000100000000)
 Metaspace       used 18597K, capacity 19092K, committed 19200K, reserved 1067008K
  class space    used 2322K, capacity 2480K, committed 2560K, reserved 1048576K
2019-10-16T14:16:46.107+0000: 5.959: [GC (Allocation Failure) 2019-10-16T14:16:46.107+0000: 5.959: [ParNew
Desired survivor size 262144 bytes, new threshold 6 (max 6)
- age   1:      52568 bytes,      52568 total
- age   2:      16184 bytes,      68752 total
- age   3:       6032 bytes,      74784 total
- age   4:      11824 bytes,      86608 total
- age   5:       8376 bytes,      94984 total
- age   6:      17048 bytes,     112032 total
: 4500K->163K(4928K), 0.0021181 secs] 11979K->7657K(15872K), 0.0021652 secs] [Times: user=0.00 sys=0.00, real=0.00 secs] 
Heap after GC invocations=225 (full 0):
 par new generation   total 4928K, used 163K [0x00000000f0800000, 0x00000000f0d50000, 0x00000000f5a00000)
  eden space 4416K,   0% used [0x00000000f0800000, 0x00000000f0800000, 0x00000000f0c50000)
  from space 512K,  31% used [0x00000000f0cd0000, 0x00000000f0cf8da8, 0x00000000f0d50000)
  to   space 512K,   0% used [0x00000000f0c50000, 0x00000000f0c50000, 0x00000000f0cd0000)
 concurrent mark-sweep generation total 10944K, used 7494K [0x00000000f5a00000, 0x00000000f64b0000, 0x0000000100000000)
 Metaspace       used 18597K, capacity 19092K, committed 19200K, reserved 1067008K
  class space    used 2322K, capacity 2480K, committed 2560K, reserved 1048576K
}
2019-10-16T14:16:46.109+0000: 5.961: Total time for which application threads were stopped: 0.0023121 seconds, Stopping threads took: 0.0000310 seconds
{Heap before GC invocations=225 (full 0):
 par new generation   total 4928K, used 4579K [0x00000000f0800000, 0x00000000f0d50000, 0x00000000f5a00000)
  eden space 4416K, 100% used [0x00000000f0800000, 0x00000000f0c50000, 0x00000000f0c50000)
  from space 512K,  31% used [0x00000000f0cd0000, 0x00000000f0cf8da8, 0x00000000f0d50000)
  to   space 512K,   0% used [0x00000000f0c50000, 0x00000000f0c50000, 0x00000000f0cd0000)
 concurrent mark-sweep generation total 10944K, used 7494K [0x00000000f5a00000, 0x00000000f64b0000, 0x0000000100000000)
 Metaspace       used 18692K, capacity 19156K, committed 19456K, reserved 1067008K
  class space    used 2334K, capacity 2480K, committed 2560K, reserved 1048576K
2019-10-16T14:16:46.126+0000: 5.978: [GC (Allocation Failure) 2019-10-16T14:16:46.126+0000: 5.978: [ParNew
Desired survivor size 262144 bytes, new threshold 6 (max 6)
- age   1:      22624 bytes,      22624 total
- age   2:      43648 bytes,      66272 total
- age   3:      15616 bytes,      81888 total
- age   4:       4816 bytes,      86704 total
- age   5:      11824 bytes,      98528 total
- age   6:       8376 bytes,     106904 total
: 4579K->202K(4928K), 0.0016730 secs] 12073K->7713K(15872K), 0.0017411 secs] [Times: user=0.00 sys=0.00, real=0.00 secs] 
Heap after GC invocations=226 (full 0):
 par new generation   total 4928K, used 202K [0x00000000f0800000, 0x00000000f0d50000, 0x00000000f5a00000)
  eden space 4416K,   0% used [0x00000000f0800000, 0x00000000f0800000, 0x00000000f0c50000)
  from space 512K,  39% used [0x00000000f0c50000, 0x00000000f0c82898, 0x00000000f0cd0000)
  to   space 512K,   0% used [0x00000000f0cd0000, 0x00000000f0cd0000, 0x00000000f0d50000)
 concurrent mark-sweep generation total 10944K, used 7511K [0x00000000f5a00000, 0x00000000f64b0000, 0x0000000100000000)
 Metaspace       used 18692K, capacity 19156K, committed 19456K, reserved 1067008K
  class space    used 2334K, capacity 2480K, committed 2560K, reserved 1048576K
}
2019-10-16T14:16:46.128+0000: 5.980: Total time for which application threads were stopped: 0.0018577 seconds, Stopping threads took: 0.0000239 seconds
{Heap before GC invocations=226 (full 0):
 par new generation   total 4928K, used 4618K [0x00000000f0800000, 0x00000000f0d50000, 0x00000000f5a00000)
  eden space 4416K, 100% used [0x00000000f0800000, 0x00000000f0c50000, 0x00000000f0c50000)
  from space 512K,  39% used [0x00000000f0c50000, 0x00000000f0c82898, 0x00000000f0cd0000)
  to   space 512K,   0% used [0x00000000f0cd0000, 0x00000000f0cd0000, 0x00000000f0d50000)
 concurrent mark-sweep generation total 10944K, used 7511K [0x00000000f5a00000, 0x00000000f64b0000, 0x0000000100000000)
 Metaspace       used 18843K, capacity 19348K, committed 19456K, reserved 1067008K
  class space    used 2345K, capacity 2480K, committed 2560K, reserved 1048576K
2019-10-16T14:16:46.142+0000: 5.994: [GC (Allocation Failure) 2019-10-16T14:16:46.142+0000: 5.994: [ParNew
Desired survivor size 262144 bytes, new threshold 6 (max 6)
- age   1:      17032 bytes,      17032 total
- age   2:      17112 bytes,      34144 total
- age   3:      43648 bytes,      77792 total
- age   4:      12096 bytes,      89888 total
- age   5:       4816 bytes,      94704 total
- age   6:      11824 bytes,     106528 total
: 4618K->129K(4928K), 0.0016832 secs] 12129K->7649K(15872K), 0.0017226 secs] [Times: user=0.00 sys=0.00, real=0.00 secs] 
Heap after GC invocations=227 (full 0):
 par new generation   total 4928K, used 129K [0x00000000f0800000, 0x00000000f0d50000, 0x00000000f5a00000)
  eden space 4416K,   0% used [0x00000000f0800000, 0x00000000f0800000, 0x00000000f0c50000)
  from space 512K,  25% used [0x00000000f0cd0000, 0x00000000f0cf0478, 0x00000000f0d50000)
  to   space 512K,   0% used [0x00000000f0c50000, 0x00000000f0c50000, 0x00000000f0cd0000)
 concurrent mark-sweep generation total 10944K, used 7520K [0x00000000f5a00000, 0x00000000f64b0000, 0x0000000100000000)
 Metaspace       used 18843K, capacity 19348K, committed 19456K, reserved 1067008K
  class space    used 2345K, capacity 2480K, committed 2560K, reserved 1048576K
}
2019-10-16T14:16:46.144+0000: 5.996: Total time for which application threads were stopped: 0.0056364 seconds, Stopping threads took: 0.0038355 seconds
{Heap before GC invocations=227 (full 0):
 par new generation   total 4928K, used 4545K [0x00000000f0800000, 0x00000000f0d50000, 0x00000000f5a00000)
  eden space 4416K, 100% used [0x00000000f0800000, 0x00000000f0c50000, 0x00000000f0c50000)
  from space 512K,  25% used [0x00000000f0cd0000, 0x00000000f0cf0478, 0x00000000f0d50000)
  to   space 512K,   0% used [0x00000000f0c50000, 0x00000000f0c50000, 0x00000000f0cd0000)
 concurrent mark-sweep generation total 10944K, used 7520K [0x00000000f5a00000, 0x00000000f64b0000, 0x0000000100000000)
 Metaspace       used 18937K, capacity 19444K, committed 19712K, reserved 1067008K
  class space    used 2353K, capacity 2512K, committed 2560K, reserved 1048576K
2019-10-16T14:16:46.161+0000: 6.013: [GC (Allocation Failure) 2019-10-16T14:16:46.161+0000: 6.013: [ParNew
Desired survivor size 262144 bytes, new threshold 6 (max 6)
- age   1:      27616 bytes,      27616 total
- age   2:      12232 bytes,      39848 total
- age   3:      16880 bytes,      56728 total
- age   4:      42816 bytes,      99544 total
- age   5:      10824 bytes,     110368 total
- age   6:       4816 bytes,     115184 total
: 4545K->186K(4928K), 0.0018949 secs] 12065K->7719K(15872K), 0.0019411 secs] [Times: user=0.00 sys=0.00, real=0.01 secs] 
Heap after GC invocations=228 (full 0):
 par new generation   total 4928K, used 186K [0x00000000f0800000, 0x00000000f0d50000, 0x00000000f5a00000)
  eden space 4416K,   0% used [0x00000000f0800000, 0x00000000f0800000, 0x00000000f0c50000)
  from space 512K,  36% used [0x00000000f0c50000, 0x00000000f0c7ebd0, 0x00000000f0cd0000)
  to   space 512K,   0% used [0x00000000f0cd0000, 0x00000000f0cd0000, 0x00000000f0d50000)
 concurrent mark-sweep generation total 10944K, used 7532K [0x00000000f5a00000, 0x00000000f64b0000, 0x0000000100000000)
 Metaspace       used 18937K, capacity 19444K, committed 19712K, reserved 1067008K
  class space    used 2353K, capacity 2512K, committed 2560K, reserved 1048576K
}
2019-10-16T14:16:46.163+0000: 6.015: Total time for which application threads were stopped: 0.0020675 seconds, Stopping threads took: 0.0000207 seconds
{Heap before GC invocations=228 (full 0):
 par new generation   total 4928K, used 4602K [0x00000000f0800000, 0x00000000f0d50000, 0x00000000f5a00000)
  eden space 4416K, 100% used [0x00000000f0800000, 0x00000000f0c50000, 0x00000000f0c50000)
  from space 512K,  36% used [0x00000000f0c50000, 0x00000000f0c7ebd0, 0x00000000f0cd0000)
  to   space 512K,   0% used [0x00000000f0cd0000, 0x00000000f0cd0000, 0x00000000f0d50000)
 concurrent mark-sweep generation total 10944K, used 7532K [0x00000000f5a00000, 0x00000000f64b0000, 0x0000000100000000)
 Metaspace       used 19143K, capacity 19586K, committed 19712K, reserved 1067008K
  class space    used 2369K, capacity 2517K, committed 2560K, reserved 1048576K
2019-10-16T14:16:46.189+0000: 6.041: [GC (Allocation Failure) 2019-10-16T14:16:46.189+0000: 6.041: [ParNew
Desired survivor size 262144 bytes, new threshold 6 (max 6)
- age   1:      35120 bytes,      35120 total
- age   2:      20112 bytes,      55232 total
- age   3:      12232 bytes,      67464 total
- age   4:      16080 bytes,      83544 total
- age   5:      39912 bytes,     123456 total
- age   6:      10824 bytes,     134280 total
: 4602K->131K(4928K), 0.0017890 secs] 12135K->7668K(15872K), 0.0018333 secs] [Times: user=0.01 sys=0.00, real=0.01 secs] 
Heap after GC invocations=229 (full 0):
 par new generation   total 4928K, used 131K [0x00000000f0800000, 0x00000000f0d50000, 0x00000000f5a00000)
  eden space 4416K,   0% used [0x00000000f0800000, 0x00000000f0800000, 0x00000000f0c50000)
  from space 512K,  25% used [0x00000000f0cd0000, 0x00000000f0cf0d90, 0x00000000f0d50000)
  to   space 512K,   0% used [0x00000000f0c50000, 0x00000000f0c50000, 0x00000000f0cd0000)
 concurrent mark-sweep generation total 10944K, used 7537K [0x00000000f5a00000, 0x00000000f64b0000, 0x0000000100000000)
 Metaspace       used 19143K, capacity 19586K, committed 19712K, reserved 1067008K
  class space    used 2369K, capacity 2517K, committed 2560K, reserved 1048576K
}
2019-10-16T14:16:46.191+0000: 6.043: Total time for which application threads were stopped: 0.0019652 seconds, Stopping threads took: 0.0000219 seconds
{Heap before GC invocations=229 (full 0):
 par new generation   total 4928K, used 4547K [0x00000000f0800000, 0x00000000f0d50000, 0x00000000f5a00000)
  eden space 4416K, 100% used [0x00000000f0800000, 0x00000000f0c50000, 0x00000000f0c50000)
  from space 512K,  25% used [0x00000000f0cd0000, 0x00000000f0cf0d90, 0x00000000f0d50000)
  to   space 512K,   0% used [0x00000000f0c50000, 0x00000000f0c50000, 0x00000000f0cd0000)
 concurrent mark-sweep generation total 10944K, used 7537K [0x00000000f5a00000, 0x00000000f64b0000, 0x0000000100000000)
 Metaspace       used 19284K, capacity 19778K, committed 19968K, reserved 1067008K
  class space    used 2383K, capacity 2517K, committed 2560K, reserved 1048576K
2019-10-16T14:16:46.214+0000: 6.066: [GC (Allocation Failure) 2019-10-16T14:16:46.214+0000: 6.066: [ParNew
Desired survivor size 262144 bytes, new threshold 6 (max 6)
- age   1:      54632 bytes,      54632 total
- age   2:      30288 bytes,      84920 total
- age   3:      18728 bytes,     103648 total
- age   4:       8672 bytes,     112320 total
- age   5:      15192 bytes,     127512 total
- age   6:      39912 bytes,     167424 total
: 4547K->228K(4928K), 0.0017678 secs] 12084K->7776K(15872K), 0.0018322 secs] [Times: user=0.00 sys=0.00, real=0.00 secs] 
Heap after GC invocations=230 (full 0):
 par new generation   total 4928K, used 228K [0x00000000f0800000, 0x00000000f0d50000, 0x00000000f5a00000)
  eden space 4416K,   0% used [0x00000000f0800000, 0x00000000f0800000, 0x00000000f0c50000)
  from space 512K,  44% used [0x00000000f0c50000, 0x00000000f0c890f0, 0x00000000f0cd0000)
  to   space 512K,   0% used [0x00000000f0cd0000, 0x00000000f0cd0000, 0x00000000f0d50000)
 concurrent mark-sweep generation total 10944K, used 7548K [0x00000000f5a00000, 0x00000000f64b0000, 0x0000000100000000)
 Metaspace       used 19284K, capacity 19778K, committed 19968K, reserved 1067008K
  class space    used 2383K, capacity 2517K, committed 2560K, reserved 1048576K
}
2019-10-16T14:16:46.216+0000: 6.068: Total time for which application threads were stopped: 0.0019442 seconds, Stopping threads took: 0.0000251 seconds
{Heap before GC invocations=230 (full 0):
 par new generation   total 4928K, used 4644K [0x00000000f0800000, 0x00000000f0d50000, 0x00000000f5a00000)
  eden space 4416K, 100% used [0x00000000f0800000, 0x00000000f0c50000, 0x00000000f0c50000)
  from space 512K,  44% used [0x00000000f0c50000, 0x00000000f0c890f0, 0x00000000f0cd0000)
  to   space 512K,   0% used [0x00000000f0cd0000, 0x00000000f0cd0000, 0x00000000f0d50000)
 concurrent mark-sweep generation total 10944K, used 7548K [0x00000000f5a00000, 0x00000000f64b0000, 0x0000000100000000)
 Metaspace       used 19338K, capacity 19810K, committed 19968K, reserved 1067008K
  class space    used 2395K, capacity 2549K, committed 2560K, reserved 1048576K
2019-10-16T14:16:46.233+0000: 6.085: [GC (Allocation Failure) 2019-10-16T14:16:46.233+0000: 6.085: [ParNew
Desired survivor size 262144 bytes, new threshold 6 (max 6)
- age   1:      32128 bytes,      32128 total
- age   2:      22888 bytes,      55016 total
- age   3:      28128 bytes,      83144 total
- age   4:      17880 bytes,     101024 total
- age   5:       8672 bytes,     109696 total
- age   6:      15152 bytes,     124848 total
: 4644K->151K(4928K), 0.0018415 secs] 12192K->7740K(15872K), 0.0018787 secs] [Times: user=0.01 sys=0.00, real=0.00 secs] 
Heap after GC invocations=231 (full 0):
 par new generation   total 4928K, used 151K [0x00000000f0800000, 0x00000000f0d50000, 0x00000000f5a00000)
  eden space 4416K,   0% used [0x00000000f0800000, 0x00000000f0800000, 0x00000000f0c50000)
  from space 512K,  29% used [0x00000000f0cd0000, 0x00000000f0cf5fb0, 0x00000000f0d50000)
  to   space 512K,   0% used [0x00000000f0c50000, 0x00000000f0c50000, 0x00000000f0cd0000)
 concurrent mark-sweep generation total 10944K, used 7588K [0x00000000f5a00000, 0x00000000f64b0000, 0x0000000100000000)
 Metaspace       used 19338K, capacity 19810K, committed 19968K, reserved 1067008K
  class space    used 2395K, capacity 2549K, committed 2560K, reserved 1048576K
}
2019-10-16T14:16:46.235+0000: 6.087: Total time for which application threads were stopped: 0.0076189 seconds, Stopping threads took: 0.0056598 seconds
{Heap before GC invocations=231 (full 0):
 par new generation   total 4928K, used 4567K [0x00000000f0800000, 0x00000000f0d50000, 0x00000000f5a00000)
  eden space 4416K, 100% used [0x00000000f0800000, 0x00000000f0c50000, 0x00000000f0c50000)
  from space 512K,  29% used [0x00000000f0cd0000, 0x00000000f0cf5fb0, 0x00000000f0d50000)
  to   space 512K,   0% used [0x00000000f0c50000, 0x00000000f0c50000, 0x00000000f0cd0000)
 concurrent mark-sweep generation total 10944K, used 7588K [0x00000000f5a00000, 0x00000000f64b0000, 0x0000000100000000)
 Metaspace       used 19378K, capacity 19874K, committed 19968K, reserved 1067008K
  class space    used 2401K, capacity 2549K, committed 2560K, reserved 1048576K
2019-10-16T14:16:46.254+0000: 6.106: [GC (Allocation Failure) 2019-10-16T14:16:46.254+0000: 6.106: [ParNew
Desired survivor size 262144 bytes, new threshold 6 (max 6)
- age   1:      23592 bytes,      23592 total
- age   2:      25296 bytes,      48888 total
- age   3:      20656 bytes,      69544 total
- age   4:      26320 bytes,      95864 total
- age   5:      17880 bytes,     113744 total
- age   6:       8672 bytes,     122416 total
: 4567K->128K(4928K), 0.0017615 secs] 12156K->7732K(15872K), 0.0018082 secs] [Times: user=0.00 sys=0.00, real=0.00 secs] 
Heap after GC invocations=232 (full 0):
 par new generation   total 4928K, used 128K [0x00000000f0800000, 0x00000000f0d50000, 0x00000000f5a00000)
  eden space 4416K,   0% used [0x00000000f0800000, 0x00000000f0800000, 0x00000000f0c50000)
  from space 512K,  25% used [0x00000000f0c50000, 0x00000000f0c702a0, 0x00000000f0cd0000)
  to   space 512K,   0% used [0x00000000f0cd0000, 0x00000000f0cd0000, 0x00000000f0d50000)
 concurrent mark-sweep generation total 10944K, used 7603K [0x00000000f5a00000, 0x00000000f64b0000, 0x0000000100000000)
 Metaspace       used 19378K, capacity 19874K, committed 19968K, reserved 1067008K
  class space    used 2401K, capacity 2549K, committed 2560K, reserved 1048576K
}
2019-10-16T14:16:46.256+0000: 6.108: Total time for which application threads were stopped: 0.0019299 seconds, Stopping threads took: 0.0000233 seconds
{Heap before GC invocations=232 (full 0):
 par new generation   total 4928K, used 4544K [0x00000000f0800000, 0x00000000f0d50000, 0x00000000f5a00000)
  eden space 4416K, 100% used [0x00000000f0800000, 0x00000000f0c50000, 0x00000000f0c50000)
  from space 512K,  25% used [0x00000000f0c50000, 0x00000000f0c702a0, 0x00000000f0cd0000)
  to   space 512K,   0% used [0x00000000f0cd0000, 0x00000000f0cd0000, 0x00000000f0d50000)
 concurrent mark-sweep generation total 10944K, used 7603K [0x00000000f5a00000, 0x00000000f64b0000, 0x0000000100000000)
 Metaspace       used 19448K, capacity 19938K, committed 20224K, reserved 1067008K
  class space    used 2410K, capacity 2549K, committed 2560K, reserved 1048576K
2019-10-16T14:16:46.267+0000: 6.119: [GC (Allocation Failure) 2019-10-16T14:16:46.267+0000: 6.119: [ParNew
Desired survivor size 262144 bytes, new threshold 6 (max 6)
- age   1:      24320 bytes,      24320 total
- age   2:      14432 bytes,      38752 total
- age   3:      24424 bytes,      63176 total
- age   4:      17112 bytes,      80288 total
- age   5:      26320 bytes,     106608 total
- age   6:      17880 bytes,     124488 total
: 4544K->122K(4928K), 0.0013928 secs] 12148K->7734K(15872K), 0.0014256 secs] [Times: user=0.00 sys=0.00, real=0.00 secs] 
Heap after GC invocations=233 (full 0):
 par new generation   total 4928K, used 122K [0x00000000f0800000, 0x00000000f0d50000, 0x00000000f5a00000)
  eden space 4416K,   0% used [0x00000000f0800000, 0x00000000f0800000, 0x00000000f0c50000)
  from space 512K,  23% used [0x00000000f0cd0000, 0x00000000f0cee830, 0x00000000f0d50000)
  to   space 512K,   0% used [0x00000000f0c50000, 0x00000000f0c50000, 0x00000000f0cd0000)
 concurrent mark-sweep generation total 10944K, used 7612K [0x00000000f5a00000, 0x00000000f64b0000, 0x0000000100000000)
 Metaspace       used 19448K, capacity 19938K, committed 20224K, reserved 1067008K
  class space    used 2410K, capacity 2549K, committed 2560K, reserved 1048576K
}
2019-10-16T14:16:46.268+0000: 6.120: Total time for which application threads were stopped: 0.0035585 seconds, Stopping threads took: 0.0020599 seconds
{Heap before GC invocations=233 (full 0):
 par new generation   total 4928K, used 4538K [0x00000000f0800000, 0x00000000f0d50000, 0x00000000f5a00000)
  eden space 4416K, 100% used [0x00000000f0800000, 0x00000000f0c50000, 0x00000000f0c50000)
  from space 512K,  23% used [0x00000000f0cd0000, 0x00000000f0cee830, 0x00000000f0d50000)
  to   space 512K,   0% used [0x00000000f0c50000, 0x00000000f0c50000, 0x00000000f0cd0000)
 concurrent mark-sweep generation total 10944K, used 7612K [0x00000000f5a00000, 0x00000000f64b0000, 0x0000000100000000)
 Metaspace       used 19568K, capacity 20098K, committed 20352K, reserved 1067008K
  class space    used 2422K, capacity 2581K, committed 2688K, reserved 1048576K
2019-10-16T14:16:46.286+0000: 6.138: [GC (Allocation Failure) 2019-10-16T14:16:46.286+0000: 6.138: [ParNew
Desired survivor size 262144 bytes, new threshold 6 (max 6)
- age   1:      29712 bytes,      29712 total
- age   2:      18504 bytes,      48216 total
- age   3:      13832 bytes,      62048 total
- age   4:      22272 bytes,      84320 total
- age   5:      17112 bytes,     101432 total
- age   6:      26304 bytes,     127736 total
: 4538K->241K(4928K), 0.0016100 secs] 12150K->7872K(15872K), 0.0016670 secs] [Times: user=0.00 sys=0.00, real=0.00 secs] 
Heap after GC invocations=234 (full 0):
 par new generation   total 4928K, used 241K [0x00000000f0800000, 0x00000000f0d50000, 0x00000000f5a00000)
  eden space 4416K,   0% used [0x00000000f0800000, 0x00000000f0800000, 0x00000000f0c50000)
  from space 512K,  47% used [0x00000000f0c50000, 0x00000000f0c8c760, 0x00000000f0cd0000)
  to   space 512K,   0% used [0x00000000f0cd0000, 0x00000000f0cd0000, 0x00000000f0d50000)
 concurrent mark-sweep generation total 10944K, used 7630K [0x00000000f5a00000, 0x00000000f64b0000, 0x0000000100000000)
 Metaspace       used 19568K, capacity 20098K, committed 20352K, reserved 1067008K
  class space    used 2422K, capacity 2581K, committed 2688K, reserved 1048576K
}
2019-10-16T14:16:46.288+0000: 6.140: Total time for which application threads were stopped: 0.0018398 seconds, Stopping threads took: 0.0000718 seconds
{Heap before GC invocations=234 (full 0):
 par new generation   total 4928K, used 4657K [0x00000000f0800000, 0x00000000f0d50000, 0x00000000f5a00000)
  eden space 4416K, 100% used [0x00000000f0800000, 0x00000000f0c50000, 0x00000000f0c50000)
  from space 512K,  47% used [0x00000000f0c50000, 0x00000000f0c8c760, 0x00000000f0cd0000)
  to   space 512K,   0% used [0x00000000f0cd0000, 0x00000000f0cd0000, 0x00000000f0d50000)
 concurrent mark-sweep generation total 10944K, used 7630K [0x00000000f5a00000, 0x00000000f64b0000, 0x0000000100000000)
 Metaspace       used 19658K, capacity 20162K, committed 20352K, reserved 1067008K
  class space    used 2434K, capacity 2581K, committed 2688K, reserved 1048576K
2019-10-16T14:16:46.303+0000: 6.155: [GC (Allocation Failure) 2019-10-16T14:16:46.303+0000: 6.155: [ParNew
Desired survivor size 262144 bytes, new threshold 6 (max 6)
- age   1:      33744 bytes,      33744 total
- age   2:      20552 bytes,      54296 total
- age   3:      18504 bytes,      72800 total
- age   4:      10936 bytes,      83736 total
- age   5:      22272 bytes,     106008 total
- age   6:      17112 bytes,     123120 total
: 4657K->153K(4928K), 0.0020807 secs] 12288K->7810K(15872K), 0.0021244 secs] [Times: user=0.00 sys=0.00, real=0.00 secs] 
Heap after GC invocations=235 (full 0):
 par new generation   total 4928K, used 153K [0x00000000f0800000, 0x00000000f0d50000, 0x00000000f5a00000)
  eden space 4416K,   0% used [0x00000000f0800000, 0x00000000f0800000, 0x00000000f0c50000)
  from space 512K,  29% used [0x00000000f0cd0000, 0x00000000f0cf6660, 0x00000000f0d50000)
  to   space 512K,   0% used [0x00000000f0c50000, 0x00000000f0c50000, 0x00000000f0cd0000)
 concurrent mark-sweep generation total 10944K, used 7656K [0x00000000f5a00000, 0x00000000f64b0000, 0x0000000100000000)
 Metaspace       used 19658K, capacity 20162K, committed 20352K, reserved 1067008K
  class space    used 2434K, capacity 2581K, committed 2688K, reserved 1048576K
}
2019-10-16T14:16:46.306+0000: 6.158: Total time for which application threads were stopped: 0.0022497 seconds, Stopping threads took: 0.0000308 seconds
{Heap before GC invocations=235 (full 0):
 par new generation   total 4928K, used 4569K [0x00000000f0800000, 0x00000000f0d50000, 0x00000000f5a00000)
  eden space 4416K, 100% used [0x00000000f0800000, 0x00000000f0c50000, 0x00000000f0c50000)
  from space 512K,  29% used [0x00000000f0cd0000, 0x00000000f0cf6660, 0x00000000f0d50000)
  to   space 512K,   0% used [0x00000000f0c50000, 0x00000000f0c50000, 0x00000000f0cd0000)
 concurrent mark-sweep generation total 10944K, used 7656K [0x00000000f5a00000, 0x00000000f64b0000, 0x0000000100000000)
 Metaspace       used 19788K, capacity 20290K, committed 20608K, reserved 1067008K
  class space    used 2442K, capacity 2581K, committed 2688K, reserved 1048576K
2019-10-16T14:16:46.326+0000: 6.178: [GC (Allocation Failure) 2019-10-16T14:16:46.326+0000: 6.178: [ParNew
Desired survivor size 262144 bytes, new threshold 6 (max 6)
- age   1:      93424 bytes,      93424 total
- age   2:      27264 bytes,     120688 total
- age   3:      20552 bytes,     141240 total
- age   4:      18504 bytes,     159744 total
- age   5:      10936 bytes,     170680 total
- age   6:      22272 bytes,     192952 total
: 4569K->216K(4928K), 0.0018184 secs] 12226K->7890K(15872K), 0.0018577 secs] [Times: user=0.01 sys=0.00, real=0.00 secs] 
Heap after GC invocations=236 (full 0):
 par new generation   total 4928K, used 216K [0x00000000f0800000, 0x00000000f0d50000, 0x00000000f5a00000)
  eden space 4416K,   0% used [0x00000000f0800000, 0x00000000f0800000, 0x00000000f0c50000)
  from space 512K,  42% used [0x00000000f0c50000, 0x00000000f0c863a0, 0x00000000f0cd0000)
  to   space 512K,   0% used [0x00000000f0cd0000, 0x00000000f0cd0000, 0x00000000f0d50000)
 concurrent mark-sweep generation total 10944K, used 7673K [0x00000000f5a00000, 0x00000000f64b0000, 0x0000000100000000)
 Metaspace       used 19788K, capacity 20290K, committed 20608K, reserved 1067008K
  class space    used 2442K, capacity 2581K, committed 2688K, reserved 1048576K
}
2019-10-16T14:16:46.328+0000: 6.180: Total time for which application threads were stopped: 0.0019768 seconds, Stopping threads took: 0.0000242 seconds
{Heap before GC invocations=236 (full 0):
 par new generation   total 4928K, used 4632K [0x00000000f0800000, 0x00000000f0d50000, 0x00000000f5a00000)
  eden space 4416K, 100% used [0x00000000f0800000, 0x00000000f0c50000, 0x00000000f0c50000)
  from space 512K,  42% used [0x00000000f0c50000, 0x00000000f0c863a0, 0x00000000f0cd0000)
  to   space 512K,   0% used [0x00000000f0cd0000, 0x00000000f0cd0000, 0x00000000f0d50000)
 concurrent mark-sweep generation total 10944K, used 7673K [0x00000000f5a00000, 0x00000000f64b0000, 0x0000000100000000)
 Metaspace       used 19847K, capacity 20360K, committed 20608K, reserved 1067008K
  class space    used 2452K, capacity 2582K, committed 2688K, reserved 1048576K
2019-10-16T14:16:46.338+0000: 6.190: [GC (Allocation Failure) 2019-10-16T14:16:46.338+0000: 6.191: [ParNew
Desired survivor size 262144 bytes, new threshold 6 (max 6)
- age   1:      24456 bytes,      24456 total
- age   2:      34624 bytes,      59080 total
- age   3:      27264 bytes,      86344 total
- age   4:      20552 bytes,     106896 total
- age   5:      18504 bytes,     125400 total
- age   6:      10936 bytes,     136336 total
: 4632K->168K(4928K), 0.0015725 secs] 12306K->7864K(15872K), 0.0016151 secs] [Times: user=0.00 sys=0.00, real=0.00 secs] 
Heap after GC invocations=237 (full 0):
 par new generation   total 4928K, used 168K [0x00000000f0800000, 0x00000000f0d50000, 0x00000000f5a00000)
  eden space 4416K,   0% used [0x00000000f0800000, 0x00000000f0800000, 0x00000000f0c50000)
  from space 512K,  32% used [0x00000000f0cd0000, 0x00000000f0cfa100, 0x00000000f0d50000)
  to   space 512K,   0% used [0x00000000f0c50000, 0x00000000f0c50000, 0x00000000f0cd0000)
 concurrent mark-sweep generation total 10944K, used 7696K [0x00000000f5a00000, 0x00000000f64b0000, 0x0000000100000000)
 Metaspace       used 19847K, capacity 20360K, committed 20608K, reserved 1067008K
  class space    used 2452K, capacity 2582K, committed 2688K, reserved 1048576K
}
2019-10-16T14:16:46.340+0000: 6.192: Total time for which application threads were stopped: 0.0048116 seconds, Stopping threads took: 0.0031221 seconds
{Heap before GC invocations=237 (full 0):
 par new generation   total 4928K, used 4584K [0x00000000f0800000, 0x00000000f0d50000, 0x00000000f5a00000)
  eden space 4416K, 100% used [0x00000000f0800000, 0x00000000f0c50000, 0x00000000f0c50000)
  from space 512K,  32% used [0x00000000f0cd0000, 0x00000000f0cfa100, 0x00000000f0d50000)
  to   space 512K,   0% used [0x00000000f0c50000, 0x00000000f0c50000, 0x00000000f0cd0000)
 concurrent mark-sweep generation total 10944K, used 7696K [0x00000000f5a00000, 0x00000000f64b0000, 0x0000000100000000)
 Metaspace       used 20068K, capacity 20586K, committed 20864K, reserved 1067008K
  class space    used 2469K, capacity 2615K, committed 2688K, reserved 1048576K
2019-10-16T14:16:46.363+0000: 6.215: [GC (Allocation Failure) 2019-10-16T14:16:46.363+0000: 6.215: [ParNew
Desired survivor size 262144 bytes, new threshold 6 (max 6)
- age   1:      22120 bytes,      22120 total
- age   2:      12496 bytes,      34616 total
- age   3:      34552 bytes,      69168 total
- age   4:      27264 bytes,      96432 total
- age   5:      20552 bytes,     116984 total
- age   6:      18504 bytes,     135488 total
: 4584K->142K(4928K), 0.0015728 secs] 12280K->7850K(15872K), 0.0016228 secs] [Times: user=0.00 sys=0.00, real=0.00 secs] 
Heap after GC invocations=238 (full 0):
 par new generation   total 4928K, used 142K [0x00000000f0800000, 0x00000000f0d50000, 0x00000000f5a00000)
  eden space 4416K,   0% used [0x00000000f0800000, 0x00000000f0800000, 0x00000000f0c50000)
  from space 512K,  27% used [0x00000000f0c50000, 0x00000000f0c739f8, 0x00000000f0cd0000)
  to   space 512K,   0% used [0x00000000f0cd0000, 0x00000000f0cd0000, 0x00000000f0d50000)
 concurrent mark-sweep generation total 10944K, used 7707K [0x00000000f5a00000, 0x00000000f64b0000, 0x0000000100000000)
 Metaspace       used 20068K, capacity 20586K, committed 20864K, reserved 1067008K
  class space    used 2469K, capacity 2615K, committed 2688K, reserved 1048576K
}
2019-10-16T14:16:46.365+0000: 6.217: Total time for which application threads were stopped: 0.0099591 seconds, Stopping threads took: 0.0082660 seconds
{Heap before GC invocations=238 (full 0):
 par new generation   total 4928K, used 4558K [0x00000000f0800000, 0x00000000f0d50000, 0x00000000f5a00000)
  eden space 4416K, 100% used [0x00000000f0800000, 0x00000000f0c50000, 0x00000000f0c50000)
  from space 512K,  27% used [0x00000000f0c50000, 0x00000000f0c739f8, 0x00000000f0cd0000)
  to   space 512K,   0% used [0x00000000f0cd0000, 0x00000000f0cd0000, 0x00000000f0d50000)
 concurrent mark-sweep generation total 10944K, used 7707K [0x00000000f5a00000, 0x00000000f64b0000, 0x0000000100000000)
 Metaspace       used 20153K, capacity 20664K, committed 20864K, reserved 1067008K
  class space    used 2482K, capacity 2618K, committed 2688K, reserved 1048576K
2019-10-16T14:16:46.380+0000: 6.232: [GC (Allocation Failure) 2019-10-16T14:16:46.380+0000: 6.232: [ParNew
Desired survivor size 262144 bytes, new threshold 6 (max 6)
- age   1:      37712 bytes,      37712 total
- age   2:      18120 bytes,      55832 total
- age   3:      12432 bytes,      68264 total
- age   4:      32576 bytes,     100840 total
- age   5:      27264 bytes,     128104 total
- age   6:      20552 bytes,     148656 total
: 4558K->267K(4928K), 0.0020766 secs] 12266K->7993K(15872K), 0.0021221 secs] [Times: user=0.01 sys=0.00, real=0.01 secs] 
Heap after GC invocations=239 (full 0):
 par new generation   total 4928K, used 267K [0x00000000f0800000, 0x00000000f0d50000, 0x00000000f5a00000)
  eden space 4416K,   0% used [0x00000000f0800000, 0x00000000f0800000, 0x00000000f0c50000)
  from space 512K,  52% used [0x00000000f0cd0000, 0x00000000f0d12df0, 0x00000000f0d50000)
  to   space 512K,   0% used [0x00000000f0c50000, 0x00000000f0c50000, 0x00000000f0cd0000)
 concurrent mark-sweep generation total 10944K, used 7726K [0x00000000f5a00000, 0x00000000f64b0000, 0x0000000100000000)
 Metaspace       used 20153K, capacity 20664K, committed 20864K, reserved 1067008K
  class space    used 2482K, capacity 2618K, committed 2688K, reserved 1048576K
}
2019-10-16T14:16:46.383+0000: 6.235: Total time for which application threads were stopped: 0.0022421 seconds, Stopping threads took: 0.0000360 seconds
{Heap before GC invocations=239 (full 0):
 par new generation   total 4928K, used 4683K [0x00000000f0800000, 0x00000000f0d50000, 0x00000000f5a00000)
  eden space 4416K, 100% used [0x00000000f0800000, 0x00000000f0c50000, 0x00000000f0c50000)
  from space 512K,  52% used [0x00000000f0cd0000, 0x00000000f0d12df0, 0x00000000f0d50000)
  to   space 512K,   0% used [0x00000000f0c50000, 0x00000000f0c50000, 0x00000000f0cd0000)
 concurrent mark-sweep generation total 10944K, used 7726K [0x00000000f5a00000, 0x00000000f64b0000, 0x0000000100000000)
 Metaspace       used 20290K, capacity 20824K, committed 21120K, reserved 1067008K
  class space    used 2493K, capacity 2650K, committed 2688K, reserved 1048576K
2019-10-16T14:16:46.397+0000: 6.249: [GC (Allocation Failure) 2019-10-16T14:16:46.397+0000: 6.249: [ParNew
Desired survivor size 262144 bytes, new threshold 6 (max 6)
- age   1:      19632 bytes,      19632 total
- age   2:      33328 bytes,      52960 total
- age   3:      18120 bytes,      71080 total
- age   4:      12432 bytes,      83512 total
- age   5:      32168 bytes,     115680 total
- age   6:      27264 bytes,     142944 total
: 4683K->175K(4928K), 0.0016233 secs] 12409K->7922K(15872K), 0.0016588 secs] [Times: user=0.00 sys=0.00, real=0.00 secs] 
Heap after GC invocations=240 (full 0):
 par new generation   total 4928K, used 175K [0x00000000f0800000, 0x00000000f0d50000, 0x00000000f5a00000)
  eden space 4416K,   0% used [0x00000000f0800000, 0x00000000f0800000, 0x00000000f0c50000)
  from space 512K,  34% used [0x00000000f0c50000, 0x00000000f0c7bf90, 0x00000000f0cd0000)
  to   space 512K,   0% used [0x00000000f0cd0000, 0x00000000f0cd0000, 0x00000000f0d50000)
 concurrent mark-sweep generation total 10944K, used 7746K [0x00000000f5a00000, 0x00000000f64b0000, 0x0000000100000000)
 Metaspace       used 20290K, capacity 20824K, committed 21120K, reserved 1067008K
  class space    used 2493K, capacity 2650K, committed 2688K, reserved 1048576K
}
2019-10-16T14:16:46.399+0000: 6.251: Total time for which application threads were stopped: 0.0017782 seconds, Stopping threads took: 0.0000194 seconds
{Heap before GC invocations=240 (full 0):
 par new generation   total 4928K, used 4591K [0x00000000f0800000, 0x00000000f0d50000, 0x00000000f5a00000)
  eden space 4416K, 100% used [0x00000000f0800000, 0x00000000f0c50000, 0x00000000f0c50000)
  from space 512K,  34% used [0x00000000f0c50000, 0x00000000f0c7bf90, 0x00000000f0cd0000)
  to   space 512K,   0% used [0x00000000f0cd0000, 0x00000000f0cd0000, 0x00000000f0d50000)
 concurrent mark-sweep generation total 10944K, used 7746K [0x00000000f5a00000, 0x00000000f64b0000, 0x0000000100000000)
 Metaspace       used 20366K, capacity 20888K, committed 21120K, reserved 1067008K
  class space    used 2501K, capacity 2650K, committed 2688K, reserved 1048576K
2019-10-16T14:16:46.412+0000: 6.264: [GC (Allocation Failure) 2019-10-16T14:16:46.412+0000: 6.264: [ParNew
Desired survivor size 262144 bytes, new threshold 6 (max 6)
- age   1:      14744 bytes,      14744 total
- age   2:      15000 bytes,      29744 total
- age   3:      33328 bytes,      63072 total
- age   4:      18120 bytes,      81192 total
- age   5:      12432 bytes,      93624 total
- age   6:      32168 bytes,     125792 total
: 4591K->126K(4928K), 0.0015605 secs] 12338K->7901K(15872K), 0.0016050 secs] [Times: user=0.00 sys=0.00, real=0.00 secs] 
Heap after GC invocations=241 (full 0):
 par new generation   total 4928K, used 126K [0x00000000f0800000, 0x00000000f0d50000, 0x00000000f5a00000)
  eden space 4416K,   0% used [0x00000000f0800000, 0x00000000f0800000, 0x00000000f0c50000)
  from space 512K,  24% used [0x00000000f0cd0000, 0x00000000f0cefb20, 0x00000000f0d50000)
  to   space 512K,   0% used [0x00000000f0c50000, 0x00000000f0c50000, 0x00000000f0cd0000)
 concurrent mark-sweep generation total 10944K, used 7774K [0x00000000f5a00000, 0x00000000f64b0000, 0x0000000100000000)
 Metaspace       used 20366K, capacity 20888K, committed 21120K, reserved 1067008K
  class space    used 2501K, capacity 2650K, committed 2688K, reserved 1048576K
}
2019-10-16T14:16:46.413+0000: 6.265: Total time for which application threads were stopped: 0.0017134 seconds, Stopping threads took: 0.0000198 seconds
{Heap before GC invocations=241 (full 0):
 par new generation   total 4928K, used 4542K [0x00000000f0800000, 0x00000000f0d50000, 0x00000000f5a00000)
  eden space 4416K, 100% used [0x00000000f0800000, 0x00000000f0c50000, 0x00000000f0c50000)
  from space 512K,  24% used [0x00000000f0cd0000, 0x00000000f0cefb20, 0x00000000f0d50000)
  to   space 512K,   0% used [0x00000000f0c50000, 0x00000000f0c50000, 0x00000000f0cd0000)
 concurrent mark-sweep generation total 10944K, used 7774K [0x00000000f5a00000, 0x00000000f64b0000, 0x0000000100000000)
 Metaspace       used 20430K, capacity 20952K, committed 21120K, reserved 1067008K
  class space    used 2509K, capacity 2650K, committed 2688K, reserved 1048576K
2019-10-16T14:16:46.431+0000: 6.283: [GC (Allocation Failure) 2019-10-16T14:16:46.431+0000: 6.283: [ParNew
Desired survivor size 262144 bytes, new threshold 6 (max 6)
- age   1:      19408 bytes,      19408 total
- age   2:      10488 bytes,      29896 total
- age   3:      14824 bytes,      44720 total
- age   4:      33328 bytes,      78048 total
- age   5:      18120 bytes,      96168 total
- age   6:      12432 bytes,     108600 total
: 4542K->123K(4928K), 0.0016339 secs] 12317K->7930K(15872K), 0.0016692 secs] [Times: user=0.01 sys=0.00, real=0.00 secs] 
Heap after GC invocations=242 (full 0):
 par new generation   total 4928K, used 123K [0x00000000f0800000, 0x00000000f0d50000, 0x00000000f5a00000)
  eden space 4416K,   0% used [0x00000000f0800000, 0x00000000f0800000, 0x00000000f0c50000)
  from space 512K,  24% used [0x00000000f0c50000, 0x00000000f0c6efe8, 0x00000000f0cd0000)
  to   space 512K,   0% used [0x00000000f0cd0000, 0x00000000f0cd0000, 0x00000000f0d50000)
 concurrent mark-sweep generation total 10944K, used 7806K [0x00000000f5a00000, 0x00000000f64b0000, 0x0000000100000000)
 Metaspace       used 20430K, capacity 20952K, committed 21120K, reserved 1067008K
  class space    used 2509K, capacity 2650K, committed 2688K, reserved 1048576K
}
2019-10-16T14:16:46.432+0000: 6.284: Total time for which application threads were stopped: 0.0017781 seconds, Stopping threads took: 0.0000340 seconds
{Heap before GC invocations=242 (full 0):
 par new generation   total 4928K, used 4539K [0x00000000f0800000, 0x00000000f0d50000, 0x00000000f5a00000)
  eden space 4416K, 100% used [0x00000000f0800000, 0x00000000f0c50000, 0x00000000f0c50000)
  from space 512K,  24% used [0x00000000f0c50000, 0x00000000f0c6efe8, 0x00000000f0cd0000)
  to   space 512K,   0% used [0x00000000f0cd0000, 0x00000000f0cd0000, 0x00000000f0d50000)
 concurrent mark-sweep generation total 10944K, used 7806K [0x00000000f5a00000, 0x00000000f64b0000, 0x0000000100000000)
 Metaspace       used 20511K, capacity 21016K, committed 21120K, reserved 1067008K
  class space    used 2519K, capacity 2650K, committed 2688K, reserved 1048576K
2019-10-16T14:16:46.447+0000: 6.299: [GC (Allocation Failure) 2019-10-16T14:16:46.447+0000: 6.299: [ParNew
Desired survivor size 262144 bytes, new threshold 6 (max 6)
- age   1:      18904 bytes,      18904 total
- age   2:      14912 bytes,      33816 total
- age   3:      10488 bytes,      44304 total
- age   4:      14808 bytes,      59112 total
- age   5:      32864 bytes,      91976 total
- age   6:      17648 bytes,     109624 total
: 4539K->110K(4928K), 0.0013766 secs] 12346K->7929K(15872K), 0.0014182 secs] [Times: user=0.00 sys=0.00, real=0.00 secs] 
Heap after GC invocations=243 (full 0):
 par new generation   total 4928K, used 110K [0x00000000f0800000, 0x00000000f0d50000, 0x00000000f5a00000)
  eden space 4416K,   0% used [0x00000000f0800000, 0x00000000f0800000, 0x00000000f0c50000)
  from space 512K,  21% used [0x00000000f0cd0000, 0x00000000f0ceba30, 0x00000000f0d50000)
  to   space 512K,   0% used [0x00000000f0c50000, 0x00000000f0c50000, 0x00000000f0cd0000)
 concurrent mark-sweep generation total 10944K, used 7818K [0x00000000f5a00000, 0x00000000f64b0000, 0x0000000100000000)
 Metaspace       used 20511K, capacity 21016K, committed 21120K, reserved 1067008K
  class space    used 2519K, capacity 2650K, committed 2688K, reserved 1048576K
}
2019-10-16T14:16:46.448+0000: 6.300: Total time for which application threads were stopped: 0.0015251 seconds, Stopping threads took: 0.0000300 seconds
{Heap before GC invocations=243 (full 0):
 par new generation   total 4928K, used 4526K [0x00000000f0800000, 0x00000000f0d50000, 0x00000000f5a00000)
  eden space 4416K, 100% used [0x00000000f0800000, 0x00000000f0c50000, 0x00000000f0c50000)
  from space 512K,  21% used [0x00000000f0cd0000, 0x00000000f0ceba30, 0x00000000f0d50000)
  to   space 512K,   0% used [0x00000000f0c50000, 0x00000000f0c50000, 0x00000000f0cd0000)
 concurrent mark-sweep generation total 10944K, used 7818K [0x00000000f5a00000, 0x00000000f64b0000, 0x0000000100000000)
 Metaspace       used 20595K, capacity 21118K, committed 21296K, reserved 1069056K
  class space    used 2532K, capacity 2683K, committed 2688K, reserved 1048576K
2019-10-16T14:16:46.464+0000: 6.316: [GC (Allocation Failure) 2019-10-16T14:16:46.464+0000: 6.316: [ParNew
Desired survivor size 262144 bytes, new threshold 6 (max 6)
- age   1:      35224 bytes,      35224 total
- age   2:      13920 bytes,      49144 total
- age   3:      14880 bytes,      64024 total
- age   4:      10488 bytes,      74512 total
- age   5:      14368 bytes,      88880 total
- age   6:      32208 bytes,     121088 total
: 4526K->214K(4928K), 0.0019237 secs] 12345K->8051K(15872K), 0.0019628 secs] [Times: user=0.00 sys=0.00, real=0.00 secs] 
Heap after GC invocations=244 (full 0):
 par new generation   total 4928K, used 214K [0x00000000f0800000, 0x00000000f0d50000, 0x00000000f5a00000)
  eden space 4416K,   0% used [0x00000000f0800000, 0x00000000f0800000, 0x00000000f0c50000)
  from space 512K,  41% used [0x00000000f0c50000, 0x00000000f0c85a70, 0x00000000f0cd0000)
  to   space 512K,   0% used [0x00000000f0cd0000, 0x00000000f0cd0000, 0x00000000f0d50000)
 concurrent mark-sweep generation total 10944K, used 7836K [0x00000000f5a00000, 0x00000000f64b0000, 0x0000000100000000)
 Metaspace       used 20595K, capacity 21118K, committed 21296K, reserved 1069056K
  class space    used 2532K, capacity 2683K, committed 2688K, reserved 1048576K
}
2019-10-16T14:16:46.466+0000: 6.318: Total time for which application threads were stopped: 0.0030591 seconds, Stopping threads took: 0.0010063 seconds
2019-10-16T14:16:46.480+0000: 6.332: Total time for which application threads were stopped: 0.0000642 seconds, Stopping threads took: 0.0000196 seconds
2019-10-16T14:16:46.484+0000: 6.336: Total time for which application threads were stopped: 0.0029075 seconds, Stopping threads took: 0.0028803 seconds
{Heap before GC invocations=244 (full 0):
 par new generation   total 4928K, used 4630K [0x00000000f0800000, 0x00000000f0d50000, 0x00000000f5a00000)
  eden space 4416K, 100% used [0x00000000f0800000, 0x00000000f0c50000, 0x00000000f0c50000)
  from space 512K,  41% used [0x00000000f0c50000, 0x00000000f0c85a70, 0x00000000f0cd0000)
  to   space 512K,   0% used [0x00000000f0cd0000, 0x00000000f0cd0000, 0x00000000f0d50000)
 concurrent mark-sweep generation total 10944K, used 7836K [0x00000000f5a00000, 0x00000000f64b0000, 0x0000000100000000)
 Metaspace       used 20710K, capacity 21246K, committed 21552K, reserved 1069056K
  class space    used 2550K, capacity 2683K, committed 2688K, reserved 1048576K
2019-10-16T14:16:46.485+0000: 6.337: [GC (Allocation Failure) 2019-10-16T14:16:46.485+0000: 6.337: [ParNew
Desired survivor size 262144 bytes, new threshold 6 (max 6)
- age   1:      37088 bytes,      37088 total
- age   2:      29888 bytes,      66976 total
- age   3:      13920 bytes,      80896 total
- age   4:      14880 bytes,      95776 total
- age   5:       9544 bytes,     105320 total
- age   6:      13448 bytes,     118768 total
: 4630K->142K(4928K), 0.0018052 secs] 12467K->8011K(15872K), 0.0018502 secs] [Times: user=0.00 sys=0.00, real=0.00 secs] 
Heap after GC invocations=245 (full 0):
 par new generation   total 4928K, used 142K [0x00000000f0800000, 0x00000000f0d50000, 0x00000000f5a00000)
  eden space 4416K,   0% used [0x00000000f0800000, 0x00000000f0800000, 0x00000000f0c50000)
  from space 512K,  27% used [0x00000000f0cd0000, 0x00000000f0cf3ba0, 0x00000000f0d50000)
  to   space 512K,   0% used [0x00000000f0c50000, 0x00000000f0c50000, 0x00000000f0cd0000)
 concurrent mark-sweep generation total 10944K, used 7868K [0x00000000f5a00000, 0x00000000f64b0000, 0x0000000100000000)
 Metaspace       used 20710K, capacity 21246K, committed 21552K, reserved 1069056K
  class space    used 2550K, capacity 2683K, committed 2688K, reserved 1048576K
}
2019-10-16T14:16:46.487+0000: 6.339: Total time for which application threads were stopped: 0.0019352 seconds, Stopping threads took: 0.0000083 seconds
2019-10-16T14:16:46.503+0000: 6.355: [GC (CMS Initial Mark) [1 CMS-initial-mark: 7868K(10944K)] 11093K(15872K), 0.0014977 secs] [Times: user=0.00 sys=0.00, real=0.00 secs] 
2019-10-16T14:16:46.504+0000: 6.356: Total time for which application threads were stopped: 0.0061729 seconds, Stopping threads took: 0.0046232 seconds
2019-10-16T14:16:46.506+0000: 6.358: [CMS-concurrent-mark-start]
2019-10-16T14:16:46.510+0000: 6.362: Total time for which application threads were stopped: 0.0000389 seconds, Stopping threads took: 0.0000104 seconds
{Heap before GC invocations=245 (full 1):
 par new generation   total 4928K, used 4730K [0x00000000f0800000, 0x00000000f0d50000, 0x00000000f5a00000)
  eden space 4416K, 100% used [0x00000000f0800000, 0x00000000f0c50000, 0x00000000f0c50000)
  from space 512K,  61% used [0x00000000f0cd0000, 0x00000000f0d1eb80, 0x00000000f0d50000)
  to   space 512K,   0% used [0x00000000f0c50000, 0x00000000f0c50000, 0x00000000f0cd0000)
 concurrent mark-sweep generation total 10944K, used 7868K [0x00000000f5a00000, 0x00000000f64b0000, 0x0000000100000000)
 Metaspace       used 20776K, capacity 21342K, committed 21628K, reserved 1069056K
  class space    used 2563K, capacity 2715K, committed 2764K, reserved 1048576K
2019-10-16T14:16:46.518+0000: 6.370: [GC (GCLocker Initiated GC) 2019-10-16T14:16:46.518+0000: 6.370: [ParNew
Desired survivor size 262144 bytes, new threshold 6 (max 6)
- age   1:      48424 bytes,      48424 total
- age   2:      26120 bytes,      74544 total
- age   3:      29440 bytes,     103984 total
- age   4:      13024 bytes,     117008 total
- age   5:      14368 bytes,     131376 total
- age   6:       9544 bytes,     140920 total
: 4730K->206K(4928K), 0.0015614 secs] 12599K->8089K(15872K), 0.0015992 secs] [Times: user=0.00 sys=0.00, real=0.00 secs] 
Heap after GC invocations=246 (full 1):
 par new generation   total 4928K, used 206K [0x00000000f0800000, 0x00000000f0d50000, 0x00000000f5a00000)
  eden space 4416K,   0% used [0x00000000f0800000, 0x00000000f0800000, 0x00000000f0c50000)
  from space 512K,  40% used [0x00000000f0c50000, 0x00000000f0c83bc0, 0x00000000f0cd0000)
  to   space 512K,   0% used [0x00000000f0cd0000, 0x00000000f0cd0000, 0x00000000f0d50000)
 concurrent mark-sweep generation total 10944K, used 7882K [0x00000000f5a00000, 0x00000000f64b0000, 0x0000000100000000)
 Metaspace       used 20776K, capacity 21342K, committed 21628K, reserved 1069056K
  class space    used 2563K, capacity 2715K, committed 2764K, reserved 1048576K
}
2019-10-16T14:16:46.520+0000: 6.372: Total time for which application threads were stopped: 0.0016953 seconds, Stopping threads took: 0.0000097 seconds
2019-10-16T14:16:46.532+0000: 6.384: [CMS-concurrent-mark: 0.025/0.026 secs] [Times: user=0.03 sys=0.00, real=0.03 secs] 
2019-10-16T14:16:46.532+0000: 6.384: [CMS-concurrent-preclean-start]
2019-10-16T14:16:46.533+0000: 6.385: [CMS-concurrent-preclean: 0.001/0.001 secs] [Times: user=0.00 sys=0.00, real=0.00 secs] 
2019-10-16T14:16:46.533+0000: 6.385: [CMS-concurrent-abortable-preclean-start]
{Heap before GC invocations=246 (full 1):
 par new generation   total 4928K, used 4622K [0x00000000f0800000, 0x00000000f0d50000, 0x00000000f5a00000)
  eden space 4416K, 100% used [0x00000000f0800000, 0x00000000f0c50000, 0x00000000f0c50000)
  from space 512K,  40% used [0x00000000f0c50000, 0x00000000f0c83bc0, 0x00000000f0cd0000)
  to   space 512K,   0% used [0x00000000f0cd0000, 0x00000000f0cd0000, 0x00000000f0d50000)
 concurrent mark-sweep generation total 10944K, used 7882K [0x00000000f5a00000, 0x00000000f64b0000, 0x0000000100000000)
 Metaspace       used 20882K, capacity 21410K, committed 21628K, reserved 1069056K
  class space    used 2575K, capacity 2717K, committed 2764K, reserved 1048576K
2019-10-16T14:16:46.542+0000: 6.394: [GC (Allocation Failure) 2019-10-16T14:16:46.542+0000: 6.394: [ParNew
Desired survivor size 262144 bytes, new threshold 6 (max 6)
- age   1:      29912 bytes,      29912 total
- age   2:      21048 bytes,      50960 total
- age   3:      25680 bytes,      76640 total
- age   4:      27208 bytes,     103848 total
- age   5:      13024 bytes,     116872 total
- age   6:      14336 bytes,     131208 total
: 4622K->128K(4928K), 0.0016065 secs] 12505K->8020K(15872K), 0.0016523 secs] [Times: user=0.01 sys=0.00, real=0.01 secs] 
Heap after GC invocations=247 (full 1):
 par new generation   total 4928K, used 128K [0x00000000f0800000, 0x00000000f0d50000, 0x00000000f5a00000)
  eden space 4416K,   0% used [0x00000000f0800000, 0x00000000f0800000, 0x00000000f0c50000)
  from space 512K,  25% used [0x00000000f0cd0000, 0x00000000f0cf02c0, 0x00000000f0d50000)
  to   space 512K,   0% used [0x00000000f0c50000, 0x00000000f0c50000, 0x00000000f0cd0000)
 concurrent mark-sweep generation total 10944K, used 7891K [0x00000000f5a00000, 0x00000000f64b0000, 0x0000000100000000)
 Metaspace       used 20882K, capacity 21410K, committed 21628K, reserved 1069056K
  class space    used 2575K, capacity 2717K, committed 2764K, reserved 1048576K
}
2019-10-16T14:16:46.543+0000: 6.395: Total time for which application threads were stopped: 0.0052920 seconds, Stopping threads took: 0.0035501 seconds
{Heap before GC invocations=247 (full 1):
 par new generation   total 4928K, used 4544K [0x00000000f0800000, 0x00000000f0d50000, 0x00000000f5a00000)
  eden space 4416K, 100% used [0x00000000f0800000, 0x00000000f0c50000, 0x00000000f0c50000)
  from space 512K,  25% used [0x00000000f0cd0000, 0x00000000f0cf02c0, 0x00000000f0d50000)
  to   space 512K,   0% used [0x00000000f0c50000, 0x00000000f0c50000, 0x00000000f0cd0000)
 concurrent mark-sweep generation total 10944K, used 7891K [0x00000000f5a00000, 0x00000000f64b0000, 0x0000000100000000)
 Metaspace       used 20974K, capacity 21474K, committed 21628K, reserved 1069056K
  class space    used 2586K, capacity 2717K, committed 2764K, reserved 1048576K
2019-10-16T14:16:46.566+0000: 6.418: [GC (Allocation Failure) 2019-10-16T14:16:46.566+0000: 6.418: [ParNew
Desired survivor size 262144 bytes, new threshold 6 (max 6)
- age   1:      43000 bytes,      43000 total
- age   2:      23928 bytes,      66928 total
- age   3:      19984 bytes,      86912 total
- age   4:      21904 bytes,     108816 total
- age   5:      27208 bytes,     136024 total
- age   6:      13024 bytes,     149048 total
: 4544K->255K(4928K), 0.0016597 secs] 12436K->8161K(15872K), 0.0017083 secs] [Times: user=0.00 sys=0.00, real=0.00 secs] 
Heap after GC invocations=248 (full 1):
 par new generation   total 4928K, used 255K [0x00000000f0800000, 0x00000000f0d50000, 0x00000000f5a00000)
  eden space 4416K,   0% used [0x00000000f0800000, 0x00000000f0800000, 0x00000000f0c50000)
  from space 512K,  49% used [0x00000000f0c50000, 0x00000000f0c8fca0, 0x00000000f0cd0000)
  to   space 512K,   0% used [0x00000000f0cd0000, 0x00000000f0cd0000, 0x00000000f0d50000)
 concurrent mark-sweep generation total 10944K, used 7906K [0x00000000f5a00000, 0x00000000f64b0000, 0x0000000100000000)
 Metaspace       used 20974K, capacity 21474K, committed 21628K, reserved 1069056K
  class space    used 2586K, capacity 2717K, committed 2764K, reserved 1048576K
}
2019-10-16T14:16:46.568+0000: 6.420: Total time for which application threads were stopped: 0.0038276 seconds, Stopping threads took: 0.0020280 seconds
2019-10-16T14:16:46.574+0000: 6.426: Total time for which application threads were stopped: 0.0000842 seconds, Stopping threads took: 0.0000254 seconds
{Heap before GC invocations=248 (full 1):
 par new generation   total 4928K, used 4671K [0x00000000f0800000, 0x00000000f0d50000, 0x00000000f5a00000)
  eden space 4416K, 100% used [0x00000000f0800000, 0x00000000f0c50000, 0x00000000f0c50000)
  from space 512K,  49% used [0x00000000f0c50000, 0x00000000f0c8fca0, 0x00000000f0cd0000)
  to   space 512K,   0% used [0x00000000f0cd0000, 0x00000000f0cd0000, 0x00000000f0d50000)
 concurrent mark-sweep generation total 10944K, used 7906K [0x00000000f5a00000, 0x00000000f64b0000, 0x0000000100000000)
 Metaspace       used 21116K, capacity 21666K, committed 21960K, reserved 1069056K
  class space    used 2609K, capacity 2781K, committed 2840K, reserved 1048576K
2019-10-16T14:16:46.589+0000: 6.441: [GC (Allocation Failure) 2019-10-16T14:16:46.589+0000: 6.441: [ParNew
Desired survivor size 262144 bytes, new threshold 6 (max 6)
- age   1:      38816 bytes,      38816 total
- age   2:      14528 bytes,      53344 total
- age   3:      22592 bytes,      75936 total
- age   4:      17344 bytes,      93280 total
- age   5:      21904 bytes,     115184 total
- age   6:      27208 bytes,     142392 total
: 4671K->172K(4928K), 0.0016191 secs] 12577K->8091K(15872K), 0.0016662 secs] [Times: user=0.00 sys=0.00, real=0.01 secs] 
Heap after GC invocations=249 (full 1):
 par new generation   total 4928K, used 172K [0x00000000f0800000, 0x00000000f0d50000, 0x00000000f5a00000)
  eden space 4416K,   0% used [0x00000000f0800000, 0x00000000f0800000, 0x00000000f0c50000)
  from space 512K,  33% used [0x00000000f0cd0000, 0x00000000f0cfb100, 0x00000000f0d50000)
  to   space 512K,   0% used [0x00000000f0c50000, 0x00000000f0c50000, 0x00000000f0cd0000)
 concurrent mark-sweep generation total 10944K, used 7919K [0x00000000f5a00000, 0x00000000f64b0000, 0x0000000100000000)
 Metaspace       used 21116K, capacity 21666K, committed 21960K, reserved 1069056K
  class space    used 2609K, capacity 2781K, committed 2840K, reserved 1048576K
}
2019-10-16T14:16:46.590+0000: 6.442: Total time for which application threads were stopped: 0.0042150 seconds, Stopping threads took: 0.0024741 seconds
{Heap before GC invocations=249 (full 1):
 par new generation   total 4928K, used 4588K [0x00000000f0800000, 0x00000000f0d50000, 0x00000000f5a00000)
  eden space 4416K, 100% used [0x00000000f0800000, 0x00000000f0c50000, 0x00000000f0c50000)
  from space 512K,  33% used [0x00000000f0cd0000, 0x00000000f0cfb100, 0x00000000f0d50000)
  to   space 512K,   0% used [0x00000000f0c50000, 0x00000000f0c50000, 0x00000000f0cd0000)
 concurrent mark-sweep generation total 10944K, used 7919K [0x00000000f5a00000, 0x00000000f64b0000, 0x0000000100000000)
 Metaspace       used 21218K, capacity 21740K, committed 21960K, reserved 1069056K
  class space    used 2622K, capacity 2784K, committed 2840K, reserved 1048576K
2019-10-16T14:16:46.609+0000: 6.461: [GC (Allocation Failure) 2019-10-16T14:16:46.609+0000: 6.461: [ParNew
Desired survivor size 262144 bytes, new threshold 6 (max 6)
- age   1:      26928 bytes,      26928 total
- age   2:      34648 bytes,      61576 total
- age   3:      12768 bytes,      74344 total
- age   4:      21656 bytes,      96000 total
- age   5:      17344 bytes,     113344 total
- age   6:      21904 bytes,     135248 total
: 4588K->251K(4928K), 0.0016788 secs] 12507K->8197K(15872K), 0.0017243 secs] [Times: user=0.01 sys=0.00, real=0.01 secs] 
Heap after GC invocations=250 (full 1):
 par new generation   total 4928K, used 251K [0x00000000f0800000, 0x00000000f0d50000, 0x00000000f5a00000)
  eden space 4416K,   0% used [0x00000000f0800000, 0x00000000f0800000, 0x00000000f0c50000)
  from space 512K,  49% used [0x00000000f0c50000, 0x00000000f0c8ec90, 0x00000000f0cd0000)
  to   space 512K,   0% used [0x00000000f0cd0000, 0x00000000f0cd0000, 0x00000000f0d50000)
 concurrent mark-sweep generation total 10944K, used 7946K [0x00000000f5a00000, 0x00000000f64b0000, 0x0000000100000000)
 Metaspace       used 21218K, capacity 21740K, committed 21960K, reserved 1069056K
  class space    used 2622K, capacity 2784K, committed 2840K, reserved 1048576K
}
2019-10-16T14:16:46.611+0000: 6.463: Total time for which application threads were stopped: 0.0018442 seconds, Stopping threads took: 0.0000189 seconds
{Heap before GC invocations=250 (full 1):
 par new generation   total 4928K, used 4667K [0x00000000f0800000, 0x00000000f0d50000, 0x00000000f5a00000)
  eden space 4416K, 100% used [0x00000000f0800000, 0x00000000f0c50000, 0x00000000f0c50000)
  from space 512K,  49% used [0x00000000f0c50000, 0x00000000f0c8ec90, 0x00000000f0cd0000)
  to   space 512K,   0% used [0x00000000f0cd0000, 0x00000000f0cd0000, 0x00000000f0d50000)
 concurrent mark-sweep generation total 10944K, used 7946K [0x00000000f5a00000, 0x00000000f64b0000, 0x0000000100000000)
 Metaspace       used 21269K, capacity 21804K, committed 21960K, reserved 1069056K
  class space    used 2627K, capacity 2784K, committed 2840K, reserved 1048576K
2019-10-16T14:16:46.626+0000: 6.478: [GC (Allocation Failure) 2019-10-16T14:16:46.626+0000: 6.478: [ParNew
Desired survivor size 262144 bytes, new threshold 6 (max 6)
- age   1:      10592 bytes,      10592 total
- age   2:      21816 bytes,      32408 total
- age   3:      34648 bytes,      67056 total
- age   4:       9576 bytes,      76632 total
- age   5:      21656 bytes,      98288 total
- age   6:      17344 bytes,     115632 total
: 4667K->161K(4928K), 0.0014320 secs] 12613K->8129K(15872K), 0.0014679 secs] [Times: user=0.00 sys=0.00, real=0.00 secs] 
Heap after GC invocations=251 (full 1):
 par new generation   total 4928K, used 161K [0x00000000f0800000, 0x00000000f0d50000, 0x00000000f5a00000)
  eden space 4416K,   0% used [0x00000000f0800000, 0x00000000f0800000, 0x00000000f0c50000)
  from space 512K,  31% used [0x00000000f0cd0000, 0x00000000f0cf8490, 0x00000000f0d50000)
  to   space 512K,   0% used [0x00000000f0c50000, 0x00000000f0c50000, 0x00000000f0cd0000)
 concurrent mark-sweep generation total 10944K, used 7968K [0x00000000f5a00000, 0x00000000f64b0000, 0x0000000100000000)
 Metaspace       used 21269K, capacity 21804K, committed 21960K, reserved 1069056K
  class space    used 2627K, capacity 2784K, committed 2840K, reserved 1048576K
}
2019-10-16T14:16:46.628+0000: 6.480: Total time for which application threads were stopped: 0.0015665 seconds, Stopping threads took: 0.0000211 seconds
2019-10-16T14:16:46.637+0000: 6.489: Total time for which application threads were stopped: 0.0000714 seconds, Stopping threads took: 0.0000190 seconds
{Heap before GC invocations=251 (full 1):
 par new generation   total 4928K, used 4577K [0x00000000f0800000, 0x00000000f0d50000, 0x00000000f5a00000)
  eden space 4416K, 100% used [0x00000000f0800000, 0x00000000f0c50000, 0x00000000f0c50000)
  from space 512K,  31% used [0x00000000f0cd0000, 0x00000000f0cf8490, 0x00000000f0d50000)
  to   space 512K,   0% used [0x00000000f0c50000, 0x00000000f0c50000, 0x00000000f0cd0000)
 concurrent mark-sweep generation total 10944K, used 7968K [0x00000000f5a00000, 0x00000000f64b0000, 0x0000000100000000)
 Metaspace       used 21339K, capacity 21868K, committed 22216K, reserved 1069056K
  class space    used 2633K, capacity 2784K, committed 2840K, reserved 1048576K
2019-10-16T14:16:46.642+0000: 6.494: [GC (Allocation Failure) 2019-10-16T14:16:46.642+0000: 6.494: [ParNew
Desired survivor size 262144 bytes, new threshold 6 (max 6)
- age   1:      10432 bytes,      10432 total
- age   2:       7120 bytes,      17552 total
- age   3:      21816 bytes,      39368 total
- age   4:      33232 bytes,      72600 total
- age   5:       9104 bytes,      81704 total
- age   6:      21656 bytes,     103360 total
: 4577K->104K(4928K), 0.0013927 secs] 12545K->8091K(15872K), 0.0014363 secs] [Times: user=0.01 sys=0.00, real=0.00 secs] 
Heap after GC invocations=252 (full 1):
 par new generation   total 4928K, used 104K [0x00000000f0800000, 0x00000000f0d50000, 0x00000000f5a00000)
  eden space 4416K,   0% used [0x00000000f0800000, 0x00000000f0800000, 0x00000000f0c50000)
  from space 512K,  20% used [0x00000000f0c50000, 0x00000000f0c6a3e0, 0x00000000f0cd0000)
  to   space 512K,   0% used [0x00000000f0cd0000, 0x00000000f0cd0000, 0x00000000f0d50000)
 concurrent mark-sweep generation total 10944K, used 7986K [0x00000000f5a00000, 0x00000000f64b0000, 0x0000000100000000)
 Metaspace       used 21339K, capacity 21868K, committed 22216K, reserved 1069056K
  class space    used 2633K, capacity 2784K, committed 2840K, reserved 1048576K
}
2019-10-16T14:16:46.644+0000: 6.496: Total time for which application threads were stopped: 0.0015380 seconds, Stopping threads took: 0.0000211 seconds
2019-10-16T14:16:46.644+0000: 6.496: [CMS-concurrent-abortable-preclean: 0.013/0.111 secs] [Times: user=0.11 sys=0.00, real=0.11 secs] 
2019-10-16T14:16:46.644+0000: 6.496: [GC (CMS Final Remark) [YG occupancy: 155 K (4928 K)]2019-10-16T14:16:46.644+0000: 6.496: [Rescan (parallel) , 0.0007026 secs]2019-10-16T14:16:46.645+0000: 6.497: [weak refs processing, 0.0000720 secs]2019-10-16T14:16:46.645+0000: 6.497: [class unloading, 0.0026749 secs]2019-10-16T14:16:46.648+0000: 6.500: [scrub symbol table, 0.0067486 secs]2019-10-16T14:16:46.654+0000: 6.506: [scrub string table, 0.0003307 secs][1 CMS-remark: 7986K(10944K)] 8141K(15872K), 0.0107248 secs] [Times: user=0.01 sys=0.00, real=0.01 secs] 
2019-10-16T14:16:46.655+0000: 6.507: Total time for which application threads were stopped: 0.0107878 seconds, Stopping threads took: 0.0000179 seconds
2019-10-16T14:16:46.662+0000: 6.514: [CMS-concurrent-sweep-start]
2019-10-16T14:16:46.665+0000: 6.517: [CMS-concurrent-sweep: 0.003/0.003 secs] [Times: user=0.01 sys=0.00, real=0.01 secs] 
{Heap before GC invocations=252 (full 1):
 par new generation   total 4928K, used 4520K [0x00000000f0800000, 0x00000000f0d50000, 0x00000000f5a00000)
  eden space 4416K, 100% used [0x00000000f0800000, 0x00000000f0c50000, 0x00000000f0c50000)
  from space 512K,  20% used [0x00000000f0c50000, 0x00000000f0c6a3e0, 0x00000000f0cd0000)
  to   space 512K,   0% used [0x00000000f0cd0000, 0x00000000f0cd0000, 0x00000000f0d50000)
 concurrent mark-sweep generation total 10944K, used 6583K [0x00000000f5a00000, 0x00000000f64b0000, 0x0000000100000000)
 Metaspace       used 21353K, capacity 21900K, committed 22216K, reserved 1069056K
  class space    used 2638K, capacity 2816K, committed 2840K, reserved 1048576K
2019-10-16T14:16:46.665+0000: 6.517: [GC (Allocation Failure) 2019-10-16T14:16:46.665+0000: 6.517: [ParNew
Desired survivor size 262144 bytes, new threshold 6 (max 6)
- age   1:       9168 bytes,       9168 total
- age   2:       7144 bytes,      16312 total
- age   3:       7120 bytes,      23432 total
- age   4:      21816 bytes,      45248 total
- age   5:      30952 bytes,      76200 total
- age   6:       9104 bytes,      85304 total
: 4520K->101K(4928K), 0.0013221 secs] 11104K->6707K(15872K), 0.0013517 secs] [Times: user=0.00 sys=0.00, real=0.00 secs] 
Heap after GC invocations=253 (full 1):
 par new generation   total 4928K, used 101K [0x00000000f0800000, 0x00000000f0d50000, 0x00000000f5a00000)
  eden space 4416K,   0% used [0x00000000f0800000, 0x00000000f0800000, 0x00000000f0c50000)
  from space 512K,  19% used [0x00000000f0cd0000, 0x00000000f0ce96b0, 0x00000000f0d50000)
  to   space 512K,   0% used [0x00000000f0c50000, 0x00000000f0c50000, 0x00000000f0cd0000)
 concurrent mark-sweep generation total 10944K, used 6605K [0x00000000f5a00000, 0x00000000f64b0000, 0x0000000100000000)
 Metaspace       used 21353K, capacity 21900K, committed 22216K, reserved 1069056K
  class space    used 2638K, capacity 2816K, committed 2840K, reserved 1048576K
}
2019-10-16T14:16:46.666+0000: 6.518: Total time for which application threads were stopped: 0.0014545 seconds, Stopping threads took: 0.0000124 seconds
2019-10-16T14:16:46.670+0000: 6.522: [CMS-concurrent-reset-start]
2019-10-16T14:16:46.672+0000: 6.524: [CMS-concurrent-reset: 0.002/0.002 secs] [Times: user=0.01 sys=0.00, real=0.00 secs] 
{Heap before GC invocations=253 (full 1):
 par new generation   total 4928K, used 4517K [0x00000000f0800000, 0x00000000f0d50000, 0x00000000f5a00000)
  eden space 4416K, 100% used [0x00000000f0800000, 0x00000000f0c50000, 0x00000000f0c50000)
  from space 512K,  19% used [0x00000000f0cd0000, 0x00000000f0ce96b0, 0x00000000f0d50000)
  to   space 512K,   0% used [0x00000000f0c50000, 0x00000000f0c50000, 0x00000000f0cd0000)
 concurrent mark-sweep generation total 11136K, used 6605K [0x00000000f5a00000, 0x00000000f64e0000, 0x0000000100000000)
 Metaspace       used 21383K, capacity 21900K, committed 22216K, reserved 1069056K
  class space    used 2644K, capacity 2816K, committed 2840K, reserved 1048576K
2019-10-16T14:16:46.681+0000: 6.533: [GC (Allocation Failure) 2019-10-16T14:16:46.681+0000: 6.533: [ParNew
Desired survivor size 262144 bytes, new threshold 6 (max 6)
- age   1:      10664 bytes,      10664 total
- age   2:       6768 bytes,      17432 total
- age   3:       7144 bytes,      24576 total
- age   4:       7120 bytes,      31696 total
- age   5:      20408 bytes,      52104 total
- age   6:      30488 bytes,      82592 total
: 4517K->87K(4928K), 0.0011317 secs] 11123K->6702K(16064K), 0.0011756 secs] [Times: user=0.00 sys=0.00, real=0.00 secs] 
Heap after GC invocations=254 (full 1):
 par new generation   total 4928K, used 87K [0x00000000f0800000, 0x00000000f0d50000, 0x00000000f5a00000)
  eden space 4416K,   0% used [0x00000000f0800000, 0x00000000f0800000, 0x00000000f0c50000)
  from space 512K,  17% used [0x00000000f0c50000, 0x00000000f0c65f10, 0x00000000f0cd0000)
  to   space 512K,   0% used [0x00000000f0cd0000, 0x00000000f0cd0000, 0x00000000f0d50000)
 concurrent mark-sweep generation total 11136K, used 6615K [0x00000000f5a00000, 0x00000000f64e0000, 0x0000000100000000)
 Metaspace       used 21383K, capacity 21900K, committed 22216K, reserved 1069056K
  class space    used 2644K, capacity 2816K, committed 2840K, reserved 1048576K
}
2019-10-16T14:16:46.682+0000: 6.534: Total time for which application threads were stopped: 0.0027179 seconds, Stopping threads took: 0.0014644 seconds
{Heap before GC invocations=254 (full 1):
 par new generation   total 4928K, used 4503K [0x00000000f0800000, 0x00000000f0d50000, 0x00000000f5a00000)
  eden space 4416K, 100% used [0x00000000f0800000, 0x00000000f0c50000, 0x00000000f0c50000)
  from space 512K,  17% used [0x00000000f0c50000, 0x00000000f0c65f10, 0x00000000f0cd0000)
  to   space 512K,   0% used [0x00000000f0cd0000, 0x00000000f0cd0000, 0x00000000f0d50000)
 concurrent mark-sweep generation total 11136K, used 6615K [0x00000000f5a00000, 0x00000000f64e0000, 0x0000000100000000)
 Metaspace       used 21437K, capacity 21964K, committed 22216K, reserved 1069056K
  class space    used 2651K, capacity 2816K, committed 2840K, reserved 1048576K
2019-10-16T14:16:46.694+0000: 6.546: [GC (Allocation Failure) 2019-10-16T14:16:46.694+0000: 6.547: [ParNew
Desired survivor size 262144 bytes, new threshold 6 (max 6)
- age   1:      28072 bytes,      28072 total
- age   2:       6896 bytes,      34968 total
- age   3:       6768 bytes,      41736 total
- age   4:       7144 bytes,      48880 total
- age   5:       5272 bytes,      54152 total
- age   6:      18528 bytes,      72680 total
: 4503K->83K(4928K), 0.0012613 secs] 11118K->6728K(16064K), 0.0013020 secs] [Times: user=0.00 sys=0.00, real=0.00 secs] 
Heap after GC invocations=255 (full 1):
 par new generation   total 4928K, used 83K [0x00000000f0800000, 0x00000000f0d50000, 0x00000000f5a00000)
  eden space 4416K,   0% used [0x00000000f0800000, 0x00000000f0800000, 0x00000000f0c50000)
  from space 512K,  16% used [0x00000000f0cd0000, 0x00000000f0ce4db8, 0x00000000f0d50000)
  to   space 512K,   0% used [0x00000000f0c50000, 0x00000000f0c50000, 0x00000000f0cd0000)
 concurrent mark-sweep generation total 11136K, used 6645K [0x00000000f5a00000, 0x00000000f64e0000, 0x0000000100000000)
 Metaspace       used 21437K, capacity 21964K, committed 22216K, reserved 1069056K
  class space    used 2651K, capacity 2816K, committed 2840K, reserved 1048576K
}
2019-10-16T14:16:46.696+0000: 6.548: Total time for which application threads were stopped: 0.0014184 seconds, Stopping threads took: 0.0000197 seconds
{Heap before GC invocations=255 (full 1):
 par new generation   total 4928K, used 4499K [0x00000000f0800000, 0x00000000f0d50000, 0x00000000f5a00000)
  eden space 4416K, 100% used [0x00000000f0800000, 0x00000000f0c50000, 0x00000000f0c50000)
  from space 512K,  16% used [0x00000000f0cd0000, 0x00000000f0ce4db8, 0x00000000f0d50000)
  to   space 512K,   0% used [0x00000000f0c50000, 0x00000000f0c50000, 0x00000000f0cd0000)
 concurrent mark-sweep generation total 11136K, used 6645K [0x00000000f5a00000, 0x00000000f64e0000, 0x0000000100000000)
 Metaspace       used 21535K, capacity 22028K, committed 22216K, reserved 1069056K
  class space    used 2662K, capacity 2816K, committed 2840K, reserved 1048576K
2019-10-16T14:16:46.710+0000: 6.562: [GC (Allocation Failure) 2019-10-16T14:16:46.710+0000: 6.562: [ParNew
Desired survivor size 262144 bytes, new threshold 6 (max 6)
- age   1:      23336 bytes,      23336 total
- age   2:      24096 bytes,      47432 total
- age   3:       6896 bytes,      54328 total
- age   4:       5000 bytes,      59328 total
- age   5:       5296 bytes,      64624 total
- age   6:       3896 bytes,      68520 total
: 4499K->74K(4928K), 0.0014840 secs] 11144K->6738K(16064K), 0.0015199 secs] [Times: user=0.00 sys=0.00, real=0.00 secs] 
Heap after GC invocations=256 (full 1):
 par new generation   total 4928K, used 74K [0x00000000f0800000, 0x00000000f0d50000, 0x00000000f5a00000)
  eden space 4416K,   0% used [0x00000000f0800000, 0x00000000f0800000, 0x00000000f0c50000)
  from space 512K,  14% used [0x00000000f0c50000, 0x00000000f0c62b38, 0x00000000f0cd0000)
  to   space 512K,   0% used [0x00000000f0cd0000, 0x00000000f0cd0000, 0x00000000f0d50000)
 concurrent mark-sweep generation total 11136K, used 6664K [0x00000000f5a00000, 0x00000000f64e0000, 0x0000000100000000)
 Metaspace       used 21535K, capacity 22028K, committed 22216K, reserved 1069056K
  class space    used 2662K, capacity 2816K, committed 2840K, reserved 1048576K
}
2019-10-16T14:16:46.712+0000: 6.564: Total time for which application threads were stopped: 0.0016406 seconds, Stopping threads took: 0.0000321 seconds
{Heap before GC invocations=256 (full 1):
 par new generation   total 4928K, used 4490K [0x00000000f0800000, 0x00000000f0d50000, 0x00000000f5a00000)
  eden space 4416K, 100% used [0x00000000f0800000, 0x00000000f0c50000, 0x00000000f0c50000)
  from space 512K,  14% used [0x00000000f0c50000, 0x00000000f0c62b38, 0x00000000f0cd0000)
  to   space 512K,   0% used [0x00000000f0cd0000, 0x00000000f0cd0000, 0x00000000f0d50000)
 concurrent mark-sweep generation total 11136K, used 6664K [0x00000000f5a00000, 0x00000000f64e0000, 0x0000000100000000)
 Metaspace       used 21611K, capacity 22092K, committed 22216K, reserved 1069056K
  class space    used 2672K, capacity 2816K, committed 2840K, reserved 1048576K
2019-10-16T14:16:46.727+0000: 6.579: [GC (Allocation Failure) 2019-10-16T14:16:46.727+0000: 6.579: [ParNew
Desired survivor size 262144 bytes, new threshold 6 (max 6)
- age   1:      26768 bytes,      26768 total
- age   2:      18712 bytes,      45480 total
- age   3:      23192 bytes,      68672 total
- age   4:       5096 bytes,      73768 total
- age   5:       4584 bytes,      78352 total
- age   6:       5296 bytes,      83648 total
: 4490K->134K(4928K), 0.0010651 secs] 11154K->6803K(16064K), 0.0011067 secs] [Times: user=0.01 sys=0.00, real=0.00 secs] 
Heap after GC invocations=257 (full 1):
 par new generation   total 4928K, used 134K [0x00000000f0800000, 0x00000000f0d50000, 0x00000000f5a00000)
  eden space 4416K,   0% used [0x00000000f0800000, 0x00000000f0800000, 0x00000000f0c50000)
  from space 512K,  26% used [0x00000000f0cd0000, 0x00000000f0cf1bf0, 0x00000000f0d50000)
  to   space 512K,   0% used [0x00000000f0c50000, 0x00000000f0c50000, 0x00000000f0cd0000)
 concurrent mark-sweep generation total 11136K, used 6668K [0x00000000f5a00000, 0x00000000f64e0000, 0x0000000100000000)
 Metaspace       used 21611K, capacity 22092K, committed 22216K, reserved 1069056K
  class space    used 2672K, capacity 2816K, committed 2840K, reserved 1048576K
}
2019-10-16T14:16:46.728+0000: 6.580: Total time for which application threads were stopped: 0.0014284 seconds, Stopping threads took: 0.0002493 seconds
{Heap before GC invocations=257 (full 1):
 par new generation   total 4928K, used 4550K [0x00000000f0800000, 0x00000000f0d50000, 0x00000000f5a00000)
  eden space 4416K, 100% used [0x00000000f0800000, 0x00000000f0c50000, 0x00000000f0c50000)
  from space 512K,  26% used [0x00000000f0cd0000, 0x00000000f0cf1bf0, 0x00000000f0d50000)
  to   space 512K,   0% used [0x00000000f0c50000, 0x00000000f0c50000, 0x00000000f0cd0000)
 concurrent mark-sweep generation total 11136K, used 6668K [0x00000000f5a00000, 0x00000000f64e0000, 0x0000000100000000)
 Metaspace       used 21717K, capacity 22252K, committed 22600K, reserved 1069056K
  class space    used 2685K, capacity 2848K, committed 2968K, reserved 1048576K
2019-10-16T14:16:46.749+0000: 6.601: [GC (Allocation Failure) 2019-10-16T14:16:46.749+0000: 6.601: [ParNew
Desired survivor size 262144 bytes, new threshold 6 (max 6)
- age   1:      41760 bytes,      41760 total
- age   2:      22120 bytes,      63880 total
- age   3:      15496 bytes,      79376 total
- age   4:      20264 bytes,      99640 total
- age   5:       5096 bytes,     104736 total
- age   6:       4584 bytes,     109320 total
: 4550K->155K(4928K), 0.0012574 secs] 11219K->6829K(16064K), 0.0013001 secs] [Times: user=0.00 sys=0.00, real=0.00 secs] 
Heap after GC invocations=258 (full 1):
 par new generation   total 4928K, used 155K [0x00000000f0800000, 0x00000000f0d50000, 0x00000000f5a00000)
  eden space 4416K,   0% used [0x00000000f0800000, 0x00000000f0800000, 0x00000000f0c50000)
  from space 512K,  30% used [0x00000000f0c50000, 0x00000000f0c76ef0, 0x00000000f0cd0000)
  to   space 512K,   0% used [0x00000000f0cd0000, 0x00000000f0cd0000, 0x00000000f0d50000)
 concurrent mark-sweep generation total 11136K, used 6673K [0x00000000f5a00000, 0x00000000f64e0000, 0x0000000100000000)
 Metaspace       used 21717K, capacity 22252K, committed 22600K, reserved 1069056K
  class space    used 2685K, capacity 2848K, committed 2968K, reserved 1048576K
}
2019-10-16T14:16:46.750+0000: 6.602: Total time for which application threads were stopped: 0.0054871 seconds, Stopping threads took: 0.0041017 seconds
{Heap before GC invocations=258 (full 1):
 par new generation   total 4928K, used 4571K [0x00000000f0800000, 0x00000000f0d50000, 0x00000000f5a00000)
  eden space 4416K, 100% used [0x00000000f0800000, 0x00000000f0c50000, 0x00000000f0c50000)
  from space 512K,  30% used [0x00000000f0c50000, 0x00000000f0c76ef0, 0x00000000f0cd0000)
  to   space 512K,   0% used [0x00000000f0cd0000, 0x00000000f0cd0000, 0x00000000f0d50000)
 concurrent mark-sweep generation total 11136K, used 6673K [0x00000000f5a00000, 0x00000000f64e0000, 0x0000000100000000)
 Metaspace       used 21820K, capacity 22318K, committed 22600K, reserved 1069056K
  class space    used 2697K, capacity 2849K, committed 2968K, reserved 1048576K
2019-10-16T14:16:46.766+0000: 6.618: [GC (Allocation Failure) 2019-10-16T14:16:46.766+0000: 6.618: [ParNew
Desired survivor size 262144 bytes, new threshold 6 (max 6)
- age   1:      34464 bytes,      34464 total
- age   2:      30816 bytes,      65280 total
- age   3:      20784 bytes,      86064 total
- age   4:      13672 bytes,      99736 total
- age   5:      20264 bytes,     120000 total
- age   6:       5096 bytes,     125096 total
: 4571K->197K(4928K), 0.0014945 secs] 11245K->6875K(16064K), 0.0015419 secs] [Times: user=0.01 sys=0.00, real=0.00 secs] 
Heap after GC invocations=259 (full 1):
 par new generation   total 4928K, used 197K [0x00000000f0800000, 0x00000000f0d50000, 0x00000000f5a00000)
  eden space 4416K,   0% used [0x00000000f0800000, 0x00000000f0800000, 0x00000000f0c50000)
  from space 512K,  38% used [0x00000000f0cd0000, 0x00000000f0d015c0, 0x00000000f0d50000)
  to   space 512K,   0% used [0x00000000f0c50000, 0x00000000f0c50000, 0x00000000f0cd0000)
 concurrent mark-sweep generation total 11136K, used 6678K [0x00000000f5a00000, 0x00000000f64e0000, 0x0000000100000000)
 Metaspace       used 21820K, capacity 22318K, committed 22600K, reserved 1069056K
  class space    used 2697K, capacity 2849K, committed 2968K, reserved 1048576K
}
2019-10-16T14:16:46.767+0000: 6.619: Total time for which application threads were stopped: 0.0016538 seconds, Stopping threads took: 0.0000391 seconds
2019-10-16T14:16:46.775+0000: 6.627: Total time for which application threads were stopped: 0.0014232 seconds, Stopping threads took: 0.0011811 seconds
2019-10-16T14:16:46.788+0000: 6.640: Total time for which application threads were stopped: 0.0001592 seconds, Stopping threads took: 0.0000196 seconds
{Heap before GC invocations=259 (full 1):
 par new generation   total 4928K, used 4613K [0x00000000f0800000, 0x00000000f0d50000, 0x00000000f5a00000)
  eden space 4416K, 100% used [0x00000000f0800000, 0x00000000f0c50000, 0x00000000f0c50000)
  from space 512K,  38% used [0x00000000f0cd0000, 0x00000000f0d015c0, 0x00000000f0d50000)
  to   space 512K,   0% used [0x00000000f0c50000, 0x00000000f0c50000, 0x00000000f0cd0000)
 concurrent mark-sweep generation total 11136K, used 6678K [0x00000000f5a00000, 0x00000000f64e0000, 0x0000000100000000)
 Metaspace       used 21921K, capacity 22480K, committed 22856K, reserved 1069056K
  class space    used 2717K, capacity 2882K, committed 2968K, reserved 1048576K
2019-10-16T14:16:46.789+0000: 6.641: [GC (Allocation Failure) 2019-10-16T14:16:46.789+0000: 6.641: [ParNew
Desired survivor size 262144 bytes, new threshold 6 (max 6)
- age   1:      32864 bytes,      32864 total
- age   2:      23376 bytes,      56240 total
- age   3:      25832 bytes,      82072 total
- age   4:      18920 bytes,     100992 total
- age   5:      13640 bytes,     114632 total
- age   6:      20264 bytes,     134896 total
: 4613K->231K(4928K), 0.0016069 secs] 11291K->6914K(16064K), 0.0016459 secs] [Times: user=0.00 sys=0.00, real=0.01 secs] 
Heap after GC invocations=260 (full 1):
 par new generation   total 4928K, used 231K [0x00000000f0800000, 0x00000000f0d50000, 0x00000000f5a00000)
  eden space 4416K,   0% used [0x00000000f0800000, 0x00000000f0800000, 0x00000000f0c50000)
  from space 512K,  45% used [0x00000000f0c50000, 0x00000000f0c89db0, 0x00000000f0cd0000)
  to   space 512K,   0% used [0x00000000f0cd0000, 0x00000000f0cd0000, 0x00000000f0d50000)
 concurrent mark-sweep generation total 11136K, used 6683K [0x00000000f5a00000, 0x00000000f64e0000, 0x0000000100000000)
 Metaspace       used 21921K, capacity 22480K, committed 22856K, reserved 1069056K
  class space    used 2717K, capacity 2882K, committed 2968K, reserved 1048576K
}
2019-10-16T14:16:46.791+0000: 6.643: Total time for which application threads were stopped: 0.0017394 seconds, Stopping threads took: 0.0000186 seconds
{Heap before GC invocations=260 (full 1):
 par new generation   total 4928K, used 4647K [0x00000000f0800000, 0x00000000f0d50000, 0x00000000f5a00000)
  eden space 4416K, 100% used [0x00000000f0800000, 0x00000000f0c50000, 0x00000000f0c50000)
  from space 512K,  45% used [0x00000000f0c50000, 0x00000000f0c89db0, 0x00000000f0cd0000)
  to   space 512K,   0% used [0x00000000f0cd0000, 0x00000000f0cd0000, 0x00000000f0d50000)
 concurrent mark-sweep generation total 11136K, used 6683K [0x00000000f5a00000, 0x00000000f64e0000, 0x0000000100000000)
 Metaspace       used 21964K, capacity 22480K, committed 22856K, reserved 1069056K
  class space    used 2725K, capacity 2882K, committed 2968K, reserved 1048576K
2019-10-16T14:16:46.812+0000: 6.664: [GC (Allocation Failure) 2019-10-16T14:16:46.812+0000: 6.664: [ParNew
Desired survivor size 262144 bytes, new threshold 6 (max 6)
- age   1:      31392 bytes,      31392 total
- age   2:      25928 bytes,      57320 total
- age   3:      21576 bytes,      78896 total
- age   4:      24968 bytes,     103864 total
- age   5:      18920 bytes,     122784 total
- age   6:      13640 bytes,     136424 total
: 4647K->155K(4928K), 0.0017771 secs] 11330K->6859K(16064K), 0.0018300 secs] [Times: user=0.00 sys=0.00, real=0.00 secs] 
Heap after GC invocations=261 (full 1):
 par new generation   total 4928K, used 155K [0x00000000f0800000, 0x00000000f0d50000, 0x00000000f5a00000)
  eden space 4416K,   0% used [0x00000000f0800000, 0x00000000f0800000, 0x00000000f0c50000)
  from space 512K,  30% used [0x00000000f0cd0000, 0x00000000f0cf6dd8, 0x00000000f0d50000)
  to   space 512K,   0% used [0x00000000f0c50000, 0x00000000f0c50000, 0x00000000f0cd0000)
 concurrent mark-sweep generation total 11136K, used 6703K [0x00000000f5a00000, 0x00000000f64e0000, 0x0000000100000000)
 Metaspace       used 21964K, capacity 22480K, committed 22856K, reserved 1069056K
  class space    used 2725K, capacity 2882K, committed 2968K, reserved 1048576K
}
2019-10-16T14:16:46.814+0000: 6.666: Total time for which application threads were stopped: 0.0068753 seconds, Stopping threads took: 0.0049551 seconds
{Heap before GC invocations=261 (full 1):
 par new generation   total 4928K, used 4571K [0x00000000f0800000, 0x00000000f0d50000, 0x00000000f5a00000)
  eden space 4416K, 100% used [0x00000000f0800000, 0x00000000f0c50000, 0x00000000f0c50000)
  from space 512K,  30% used [0x00000000f0cd0000, 0x00000000f0cf6dd8, 0x00000000f0d50000)
  to   space 512K,   0% used [0x00000000f0c50000, 0x00000000f0c50000, 0x00000000f0cd0000)
 concurrent mark-sweep generation total 11136K, used 6703K [0x00000000f5a00000, 0x00000000f64e0000, 0x0000000100000000)
 Metaspace       used 22015K, capacity 22544K, committed 22856K, reserved 1069056K
  class space    used 2735K, capacity 2882K, committed 2968K, reserved 1048576K
2019-10-16T14:16:46.838+0000: 6.690: [GC (Allocation Failure) 2019-10-16T14:16:46.838+0000: 6.691: [ParNew
Desired survivor size 262144 bytes, new threshold 6 (max 6)
- age   1:      50520 bytes,      50520 total
- age   2:      26928 bytes,      77448 total
- age   3:      25896 bytes,     103344 total
- age   4:      20632 bytes,     123976 total
- age   5:      24968 bytes,     148944 total
- age   6:      18920 bytes,     167864 total
: 4571K->236K(4928K), 0.0019213 secs] 11275K->6954K(16064K), 0.0019701 secs] [Times: user=0.00 sys=0.00, real=0.00 secs] 
Heap after GC invocations=262 (full 1):
 par new generation   total 4928K, used 236K [0x00000000f0800000, 0x00000000f0d50000, 0x00000000f5a00000)
  eden space 4416K,   0% used [0x00000000f0800000, 0x00000000f0800000, 0x00000000f0c50000)
  from space 512K,  46% used [0x00000000f0c50000, 0x00000000f0c8b360, 0x00000000f0cd0000)
  to   space 512K,   0% used [0x00000000f0cd0000, 0x00000000f0cd0000, 0x00000000f0d50000)
 concurrent mark-sweep generation total 11136K, used 6717K [0x00000000f5a00000, 0x00000000f64e0000, 0x0000000100000000)
 Metaspace       used 22015K, capacity 22544K, committed 22856K, reserved 1069056K
  class space    used 2735K, capacity 2882K, committed 2968K, reserved 1048576K
}
2019-10-16T14:16:46.840+0000: 6.692: Total time for which application threads were stopped: 0.0021061 seconds, Stopping threads took: 0.0000282 seconds
{Heap before GC invocations=262 (full 1):
 par new generation   total 4928K, used 4652K [0x00000000f0800000, 0x00000000f0d50000, 0x00000000f5a00000)
  eden space 4416K, 100% used [0x00000000f0800000, 0x00000000f0c50000, 0x00000000f0c50000)
  from space 512K,  46% used [0x00000000f0c50000, 0x00000000f0c8b360, 0x00000000f0cd0000)
  to   space 512K,   0% used [0x00000000f0cd0000, 0x00000000f0cd0000, 0x00000000f0d50000)
 concurrent mark-sweep generation total 11136K, used 6717K [0x00000000f5a00000, 0x00000000f64e0000, 0x0000000100000000)
 Metaspace       used 22070K, capacity 22576K, committed 22856K, reserved 1069056K
  class space    used 2744K, capacity 2914K, committed 2968K, reserved 1048576K
2019-10-16T14:16:46.878+0000: 6.730: [GC (Allocation Failure) 2019-10-16T14:16:46.878+0000: 6.730: [ParNew
Desired survivor size 262144 bytes, new threshold 6 (max 6)
- age   1:      78264 bytes,      78264 total
- age   2:      45112 bytes,     123376 total
- age   3:      26880 bytes,     150256 total
- age   4:      24920 bytes,     175176 total
- age   5:      20168 bytes,     195344 total
- age   6:      24968 bytes,     220312 total
: 4652K->303K(4928K), 0.0017284 secs] 11370K->7040K(16064K), 0.0017821 secs] [Times: user=0.01 sys=0.00, real=0.00 secs] 
Heap after GC invocations=263 (full 1):
 par new generation   total 4928K, used 303K [0x00000000f0800000, 0x00000000f0d50000, 0x00000000f5a00000)
  eden space 4416K,   0% used [0x00000000f0800000, 0x00000000f0800000, 0x00000000f0c50000)
  from space 512K,  59% used [0x00000000f0cd0000, 0x00000000f0d1bf28, 0x00000000f0d50000)
  to   space 512K,   0% used [0x00000000f0c50000, 0x00000000f0c50000, 0x00000000f0cd0000)
 concurrent mark-sweep generation total 11136K, used 6736K [0x00000000f5a00000, 0x00000000f64e0000, 0x0000000100000000)
 Metaspace       used 22070K, capacity 22576K, committed 22856K, reserved 1069056K
  class space    used 2744K, capacity 2914K, committed 2968K, reserved 1048576K
}
2019-10-16T14:16:46.880+0000: 6.732: Total time for which application threads were stopped: 0.0019146 seconds, Stopping threads took: 0.0000255 seconds
{Heap before GC invocations=263 (full 1):
 par new generation   total 4928K, used 4719K [0x00000000f0800000, 0x00000000f0d50000, 0x00000000f5a00000)
  eden space 4416K, 100% used [0x00000000f0800000, 0x00000000f0c50000, 0x00000000f0c50000)
  from space 512K,  59% used [0x00000000f0cd0000, 0x00000000f0d1bf28, 0x00000000f0d50000)
  to   space 512K,   0% used [0x00000000f0c50000, 0x00000000f0c50000, 0x00000000f0cd0000)
 concurrent mark-sweep generation total 11136K, used 6736K [0x00000000f5a00000, 0x00000000f64e0000, 0x0000000100000000)
 Metaspace       used 22126K, capacity 22640K, committed 22856K, reserved 1069056K
  class space    used 2752K, capacity 2914K, committed 2968K, reserved 1048576K
2019-10-16T14:16:46.909+0000: 6.761: [GC (Allocation Failure) 2019-10-16T14:16:46.909+0000: 6.761: [ParNew
Desired survivor size 262144 bytes, new threshold 5 (max 6)
- age   1:     104240 bytes,     104240 total
- age   2:      73904 bytes,     178144 total
- age   3:      45112 bytes,     223256 total
- age   4:      26880 bytes,     250136 total
- age   5:      24920 bytes,     275056 total
- age   6:      20168 bytes,     295224 total
: 4719K->396K(4928K), 0.0017347 secs] 11456K->7158K(16064K), 0.0017810 secs] [Times: user=0.00 sys=0.00, real=0.01 secs] 
Heap after GC invocations=264 (full 1):
 par new generation   total 4928K, used 396K [0x00000000f0800000, 0x00000000f0d50000, 0x00000000f5a00000)
  eden space 4416K,   0% used [0x00000000f0800000, 0x00000000f0800000, 0x00000000f0c50000)
  from space 512K,  77% used [0x00000000f0c50000, 0x00000000f0cb33f0, 0x00000000f0cd0000)
  to   space 512K,   0% used [0x00000000f0cd0000, 0x00000000f0cd0000, 0x00000000f0d50000)
 concurrent mark-sweep generation total 11136K, used 6761K [0x00000000f5a00000, 0x00000000f64e0000, 0x0000000100000000)
 Metaspace       used 22126K, capacity 22640K, committed 22856K, reserved 1069056K
  class space    used 2752K, capacity 2914K, committed 2968K, reserved 1048576K
}
2019-10-16T14:16:46.911+0000: 6.763: Total time for which application threads were stopped: 0.0044034 seconds, Stopping threads took: 0.0025263 seconds
{Heap before GC invocations=264 (full 1):
 par new generation   total 4928K, used 4812K [0x00000000f0800000, 0x00000000f0d50000, 0x00000000f5a00000)
  eden space 4416K, 100% used [0x00000000f0800000, 0x00000000f0c50000, 0x00000000f0c50000)
  from space 512K,  77% used [0x00000000f0c50000, 0x00000000f0cb33f0, 0x00000000f0cd0000)
  to   space 512K,   0% used [0x00000000f0cd0000, 0x00000000f0cd0000, 0x00000000f0d50000)
 concurrent mark-sweep generation total 11136K, used 6761K [0x00000000f5a00000, 0x00000000f64e0000, 0x0000000100000000)
 Metaspace       used 22159K, capacity 22640K, committed 22856K, reserved 1069056K
  class space    used 2757K, capacity 2914K, committed 2968K, reserved 1048576K
2019-10-16T14:16:46.942+0000: 6.794: [GC (Allocation Failure) 2019-10-16T14:16:46.942+0000: 6.794: [ParNew
Desired survivor size 262144 bytes, new threshold 3 (max 6)
- age   1:     144936 bytes,     144936 total
- age   2:      91144 bytes,     236080 total
- age   3:      69144 bytes,     305224 total
- age   4:      42720 bytes,     347944 total
- age   5:      26880 bytes,     374824 total
: 4812K->512K(4928K), 0.0018495 secs] 11574K->7320K(16064K), 0.0019069 secs] [Times: user=0.01 sys=0.00, real=0.00 secs] 
Heap after GC invocations=265 (full 1):
 par new generation   total 4928K, used 512K [0x00000000f0800000, 0x00000000f0d50000, 0x00000000f5a00000)
  eden space 4416K,   0% used [0x00000000f0800000, 0x00000000f0800000, 0x00000000f0c50000)
  from space 512K, 100% used [0x00000000f0cd0000, 0x00000000f0d50000, 0x00000000f0d50000)
  to   space 512K,   0% used [0x00000000f0c50000, 0x00000000f0c50000, 0x00000000f0cd0000)
 concurrent mark-sweep generation total 11136K, used 6808K [0x00000000f5a00000, 0x00000000f64e0000, 0x0000000100000000)
 Metaspace       used 22159K, capacity 22640K, committed 22856K, reserved 1069056K
  class space    used 2757K, capacity 2914K, committed 2968K, reserved 1048576K
}
2019-10-16T14:16:46.944+0000: 6.796: Total time for which application threads were stopped: 0.0060401 seconds, Stopping threads took: 0.0040458 seconds
{Heap before GC invocations=265 (full 1):
 par new generation   total 4928K, used 4928K [0x00000000f0800000, 0x00000000f0d50000, 0x00000000f5a00000)
  eden space 4416K, 100% used [0x00000000f0800000, 0x00000000f0c50000, 0x00000000f0c50000)
  from space 512K, 100% used [0x00000000f0cd0000, 0x00000000f0d50000, 0x00000000f0d50000)
  to   space 512K,   0% used [0x00000000f0c50000, 0x00000000f0c50000, 0x00000000f0cd0000)
 concurrent mark-sweep generation total 11136K, used 6808K [0x00000000f5a00000, 0x00000000f64e0000, 0x0000000100000000)
 Metaspace       used 22208K, capacity 22704K, committed 22856K, reserved 1069056K
  class space    used 2765K, capacity 2914K, committed 2968K, reserved 1048576K
2019-10-16T14:16:46.962+0000: 6.814: [GC (Allocation Failure) 2019-10-16T14:16:46.962+0000: 6.814: [ParNew
Desired survivor size 262144 bytes, new threshold 3 (max 6)
- age   1:      94312 bytes,      94312 total
- age   2:     135632 bytes,     229944 total
- age   3:      91144 bytes,     321088 total
: 4928K->342K(4928K), 0.0018712 secs] 11736K->7286K(16064K), 0.0019163 secs] [Times: user=0.01 sys=0.00, real=0.01 secs] 
Heap after GC invocations=266 (full 1):
 par new generation   total 4928K, used 342K [0x00000000f0800000, 0x00000000f0d50000, 0x00000000f5a00000)
  eden space 4416K,   0% used [0x00000000f0800000, 0x00000000f0800000, 0x00000000f0c50000)
  from space 512K,  66% used [0x00000000f0c50000, 0x00000000f0ca5818, 0x00000000f0cd0000)
  to   space 512K,   0% used [0x00000000f0cd0000, 0x00000000f0cd0000, 0x00000000f0d50000)
 concurrent mark-sweep generation total 11136K, used 6944K [0x00000000f5a00000, 0x00000000f64e0000, 0x0000000100000000)
 Metaspace       used 22208K, capacity 22704K, committed 22856K, reserved 1069056K
  class space    used 2765K, capacity 2914K, committed 2968K, reserved 1048576K
}
2019-10-16T14:16:46.964+0000: 6.816: Total time for which application threads were stopped: 0.0020258 seconds, Stopping threads took: 0.0000233 seconds
{Heap before GC invocations=266 (full 1):
 par new generation   total 4928K, used 4758K [0x00000000f0800000, 0x00000000f0d50000, 0x00000000f5a00000)
  eden space 4416K, 100% used [0x00000000f0800000, 0x00000000f0c50000, 0x00000000f0c50000)
  from space 512K,  66% used [0x00000000f0c50000, 0x00000000f0ca5818, 0x00000000f0cd0000)
  to   space 512K,   0% used [0x00000000f0cd0000, 0x00000000f0cd0000, 0x00000000f0d50000)
 concurrent mark-sweep generation total 11136K, used 6944K [0x00000000f5a00000, 0x00000000f64e0000, 0x0000000100000000)
 Metaspace       used 22232K, capacity 22704K, committed 22856K, reserved 1069056K
  class space    used 2770K, capacity 2914K, committed 2968K, reserved 1048576K
2019-10-16T14:16:46.984+0000: 6.836: [GC (Allocation Failure) 2019-10-16T14:16:46.984+0000: 6.836: [ParNew
Desired survivor size 262144 bytes, new threshold 3 (max 6)
- age   1:      97240 bytes,      97240 total
- age   2:      88360 bytes,     185600 total
- age   3:     130616 bytes,     316216 total
: 4758K->320K(4928K), 0.0014524 secs] 11702K->7350K(16064K), 0.0015019 secs] [Times: user=0.00 sys=0.00, real=0.00 secs] 
Heap after GC invocations=267 (full 1):
 par new generation   total 4928K, used 320K [0x00000000f0800000, 0x00000000f0d50000, 0x00000000f5a00000)
  eden space 4416K,   0% used [0x00000000f0800000, 0x00000000f0800000, 0x00000000f0c50000)
  from space 512K,  62% used [0x00000000f0cd0000, 0x00000000f0d20230, 0x00000000f0d50000)
  to   space 512K,   0% used [0x00000000f0c50000, 0x00000000f0c50000, 0x00000000f0cd0000)
 concurrent mark-sweep generation total 11136K, used 7030K [0x00000000f5a00000, 0x00000000f64e0000, 0x0000000100000000)
 Metaspace       used 22232K, capacity 22704K, committed 22856K, reserved 1069056K
  class space    used 2770K, capacity 2914K, committed 2968K, reserved 1048576K
}
2019-10-16T14:16:46.985+0000: 6.837: Total time for which application threads were stopped: 0.0016005 seconds, Stopping threads took: 0.0000211 seconds
{Heap before GC invocations=267 (full 1):
 par new generation   total 4928K, used 4736K [0x00000000f0800000, 0x00000000f0d50000, 0x00000000f5a00000)
  eden space 4416K, 100% used [0x00000000f0800000, 0x00000000f0c50000, 0x00000000f0c50000)
  from space 512K,  62% used [0x00000000f0cd0000, 0x00000000f0d20230, 0x00000000f0d50000)
  to   space 512K,   0% used [0x00000000f0c50000, 0x00000000f0c50000, 0x00000000f0cd0000)
 concurrent mark-sweep generation total 11136K, used 7030K [0x00000000f5a00000, 0x00000000f64e0000, 0x0000000100000000)
 Metaspace       used 22250K, capacity 22800K, committed 23112K, reserved 1069056K
  class space    used 2775K, capacity 2946K, committed 2968K, reserved 1048576K
2019-10-16T14:16:47.010+0000: 6.862: [GC (Allocation Failure) 2019-10-16T14:16:47.010+0000: 6.862: [ParNew
Desired survivor size 262144 bytes, new threshold 3 (max 6)
- age   1:      86176 bytes,      86176 total
- age   2:      93048 bytes,     179224 total
- age   3:      86552 bytes,     265776 total
: 4736K->311K(4928K), 0.0015443 secs] 11766K->7467K(16064K), 0.0015975 secs] [Times: user=0.01 sys=0.00, real=0.00 secs] 
Heap after GC invocations=268 (full 1):
 par new generation   total 4928K, used 311K [0x00000000f0800000, 0x00000000f0d50000, 0x00000000f5a00000)
  eden space 4416K,   0% used [0x00000000f0800000, 0x00000000f0800000, 0x00000000f0c50000)
  from space 512K,  60% used [0x00000000f0c50000, 0x00000000f0c9df90, 0x00000000f0cd0000)
  to   space 512K,   0% used [0x00000000f0cd0000, 0x00000000f0cd0000, 0x00000000f0d50000)
 concurrent mark-sweep generation total 11136K, used 7155K [0x00000000f5a00000, 0x00000000f64e0000, 0x0000000100000000)
 Metaspace       used 22250K, capacity 22800K, committed 23112K, reserved 1069056K
  class space    used 2775K, capacity 2946K, committed 2968K, reserved 1048576K
}
2019-10-16T14:16:47.012+0000: 6.864: Total time for which application threads were stopped: 0.0017282 seconds, Stopping threads took: 0.0000347 seconds
{Heap before GC invocations=268 (full 1):
 par new generation   total 4928K, used 4727K [0x00000000f0800000, 0x00000000f0d50000, 0x00000000f5a00000)
  eden space 4416K, 100% used [0x00000000f0800000, 0x00000000f0c50000, 0x00000000f0c50000)
  from space 512K,  60% used [0x00000000f0c50000, 0x00000000f0c9df90, 0x00000000f0cd0000)
  to   space 512K,   0% used [0x00000000f0cd0000, 0x00000000f0cd0000, 0x00000000f0d50000)
 concurrent mark-sweep generation total 11136K, used 7155K [0x00000000f5a00000, 0x00000000f64e0000, 0x0000000100000000)
 Metaspace       used 22317K, capacity 22810K, committed 23112K, reserved 1069056K
  class space    used 2784K, capacity 2951K, committed 2968K, reserved 1048576K
2019-10-16T14:16:47.035+0000: 6.887: [GC (Allocation Failure) 2019-10-16T14:16:47.035+0000: 6.887: [ParNew
Desired survivor size 262144 bytes, new threshold 3 (max 6)
- age   1:     119784 bytes,     119784 total
- age   2:      72800 bytes,     192584 total
- age   3:      88288 bytes,     280872 total
: 4727K->512K(4928K), 0.0018682 secs] 11883K->7750K(16064K), 0.0019224 secs] [Times: user=0.00 sys=0.00, real=0.00 secs] 
Heap after GC invocations=269 (full 1):
 par new generation   total 4928K, used 512K [0x00000000f0800000, 0x00000000f0d50000, 0x00000000f5a00000)
  eden space 4416K,   0% used [0x00000000f0800000, 0x00000000f0800000, 0x00000000f0c50000)
  from space 512K, 100% used [0x00000000f0cd0000, 0x00000000f0d50000, 0x00000000f0d50000)
  to   space 512K,   0% used [0x00000000f0c50000, 0x00000000f0c50000, 0x00000000f0cd0000)
 concurrent mark-sweep generation total 11136K, used 7238K [0x00000000f5a00000, 0x00000000f64e0000, 0x0000000100000000)
 Metaspace       used 22317K, capacity 22810K, committed 23112K, reserved 1069056K
  class space    used 2784K, capacity 2951K, committed 2968K, reserved 1048576K
}
2019-10-16T14:16:47.037+0000: 6.889: Total time for which application threads were stopped: 0.0020466 seconds, Stopping threads took: 0.0000232 seconds
{Heap before GC invocations=269 (full 1):
 par new generation   total 4928K, used 4928K [0x00000000f0800000, 0x00000000f0d50000, 0x00000000f5a00000)
  eden space 4416K, 100% used [0x00000000f0800000, 0x00000000f0c50000, 0x00000000f0c50000)
  from space 512K, 100% used [0x00000000f0cd0000, 0x00000000f0d50000, 0x00000000f0d50000)
  to   space 512K,   0% used [0x00000000f0c50000, 0x00000000f0c50000, 0x00000000f0cd0000)
 concurrent mark-sweep generation total 11136K, used 7238K [0x00000000f5a00000, 0x00000000f64e0000, 0x0000000100000000)
 Metaspace       used 22475K, capacity 23028K, committed 23112K, reserved 1069056K
  class space    used 2799K, capacity 2964K, committed 2968K, reserved 1048576K
2019-10-16T14:16:47.071+0000: 6.923: [GC (Allocation Failure) 2019-10-16T14:16:47.071+0000: 6.923: [ParNew
Desired survivor size 262144 bytes, new threshold 6 (max 6)
- age   1:      36248 bytes,      36248 total
- age   2:     105768 bytes,     142016 total
- age   3:      72800 bytes,     214816 total
: 4928K->343K(4928K), 0.0016988 secs] 12166K->7668K(16064K), 0.0017517 secs] [Times: user=0.00 sys=0.00, real=0.00 secs] 
Heap after GC invocations=270 (full 1):
 par new generation   total 4928K, used 343K [0x00000000f0800000, 0x00000000f0d50000, 0x00000000f5a00000)
  eden space 4416K,   0% used [0x00000000f0800000, 0x00000000f0800000, 0x00000000f0c50000)
  from space 512K,  66% used [0x00000000f0c50000, 0x00000000f0ca5c18, 0x00000000f0cd0000)
  to   space 512K,   0% used [0x00000000f0cd0000, 0x00000000f0cd0000, 0x00000000f0d50000)
 concurrent mark-sweep generation total 11136K, used 7325K [0x00000000f5a00000, 0x00000000f64e0000, 0x0000000100000000)
 Metaspace       used 22475K, capacity 23028K, committed 23112K, reserved 1069056K
  class space    used 2799K, capacity 2964K, committed 2968K, reserved 1048576K
}
2019-10-16T14:16:47.073+0000: 6.925: Total time for which application threads were stopped: 0.0018651 seconds, Stopping threads took: 0.0000280 seconds
{Heap before GC invocations=270 (full 1):
 par new generation   total 4928K, used 4759K [0x00000000f0800000, 0x00000000f0d50000, 0x00000000f5a00000)
  eden space 4416K, 100% used [0x00000000f0800000, 0x00000000f0c50000, 0x00000000f0c50000)
  from space 512K,  66% used [0x00000000f0c50000, 0x00000000f0ca5c18, 0x00000000f0cd0000)
  to   space 512K,   0% used [0x00000000f0cd0000, 0x00000000f0cd0000, 0x00000000f0d50000)
 concurrent mark-sweep generation total 11136K, used 7325K [0x00000000f5a00000, 0x00000000f64e0000, 0x0000000100000000)
 Metaspace       used 22547K, capacity 23110K, committed 23496K, reserved 1069056K
  class space    used 2809K, capacity 2971K, committed 3096K, reserved 1048576K
2019-10-16T14:16:47.094+0000: 6.946: [GC (Allocation Failure) 2019-10-16T14:16:47.094+0000: 6.946: [ParNew
Desired survivor size 262144 bytes, new threshold 6 (max 6)
- age   1:      29480 bytes,      29480 total
- age   2:      31824 bytes,      61304 total
- age   3:     105592 bytes,     166896 total
- age   4:      72656 bytes,     239552 total
: 4759K->399K(4928K), 0.0017779 secs] 12084K->7724K(16064K), 0.0018285 secs] [Times: user=0.00 sys=0.00, real=0.00 secs] 
Heap after GC invocations=271 (full 1):
 par new generation   total 4928K, used 399K [0x00000000f0800000, 0x00000000f0d50000, 0x00000000f5a00000)
  eden space 4416K,   0% used [0x00000000f0800000, 0x00000000f0800000, 0x00000000f0c50000)
  from space 512K,  77% used [0x00000000f0cd0000, 0x00000000f0d33ca0, 0x00000000f0d50000)
  to   space 512K,   0% used [0x00000000f0c50000, 0x00000000f0c50000, 0x00000000f0cd0000)
 concurrent mark-sweep generation total 11136K, used 7325K [0x00000000f5a00000, 0x00000000f64e0000, 0x0000000100000000)
 Metaspace       used 22547K, capacity 23110K, committed 23496K, reserved 1069056K
  class space    used 2809K, capacity 2971K, committed 3096K, reserved 1048576K
}
2019-10-16T14:16:47.096+0000: 6.948: Total time for which application threads were stopped: 0.0042464 seconds, Stopping threads took: 0.0023254 seconds
{Heap before GC invocations=271 (full 1):
 par new generation   total 4928K, used 4815K [0x00000000f0800000, 0x00000000f0d50000, 0x00000000f5a00000)
  eden space 4416K, 100% used [0x00000000f0800000, 0x00000000f0c50000, 0x00000000f0c50000)
  from space 512K,  77% used [0x00000000f0cd0000, 0x00000000f0d33ca0, 0x00000000f0d50000)
  to   space 512K,   0% used [0x00000000f0c50000, 0x00000000f0c50000, 0x00000000f0cd0000)
 concurrent mark-sweep generation total 11136K, used 7325K [0x00000000f5a00000, 0x00000000f64e0000, 0x0000000100000000)
 Metaspace       used 22657K, capacity 23194K, committed 23496K, reserved 1069056K
  class space    used 2818K, capacity 2975K, committed 3096K, reserved 1048576K
2019-10-16T14:16:47.129+0000: 6.982: [GC (Allocation Failure) 2019-10-16T14:16:47.130+0000: 6.982: [ParNew
Desired survivor size 262144 bytes, new threshold 5 (max 6)
- age   1:      52072 bytes,      52072 total
- age   2:      22000 bytes,      74072 total
- age   3:      28136 bytes,     102208 total
- age   4:     105552 bytes,     207760 total
- age   5:      72656 bytes,     280416 total
: 4815K->275K(4928K), 0.0017648 secs] 12140K->7600K(16064K), 0.0018150 secs] [Times: user=0.00 sys=0.00, real=0.01 secs] 
Heap after GC invocations=272 (full 1):
 par new generation   total 4928K, used 275K [0x00000000f0800000, 0x00000000f0d50000, 0x00000000f5a00000)
  eden space 4416K,   0% used [0x00000000f0800000, 0x00000000f0800000, 0x00000000f0c50000)
  from space 512K,  53% used [0x00000000f0c50000, 0x00000000f0c94f40, 0x00000000f0cd0000)
  to   space 512K,   0% used [0x00000000f0cd0000, 0x00000000f0cd0000, 0x00000000f0d50000)
 concurrent mark-sweep generation total 11136K, used 7325K [0x00000000f5a00000, 0x00000000f64e0000, 0x0000000100000000)
 Metaspace       used 22657K, capacity 23194K, committed 23496K, reserved 1069056K
  class space    used 2818K, capacity 2975K, committed 3096K, reserved 1048576K
}
2019-10-16T14:16:47.131+0000: 6.983: Total time for which application threads were stopped: 0.0051408 seconds, Stopping threads took: 0.0032287 seconds
{Heap before GC invocations=272 (full 1):
 par new generation   total 4928K, used 4691K [0x00000000f0800000, 0x00000000f0d50000, 0x00000000f5a00000)
  eden space 4416K, 100% used [0x00000000f0800000, 0x00000000f0c50000, 0x00000000f0c50000)
  from space 512K,  53% used [0x00000000f0c50000, 0x00000000f0c94f40, 0x00000000f0cd0000)
  to   space 512K,   0% used [0x00000000f0cd0000, 0x00000000f0cd0000, 0x00000000f0d50000)
 concurrent mark-sweep generation total 11136K, used 7325K [0x00000000f5a00000, 0x00000000f64e0000, 0x0000000100000000)
 Metaspace       used 22722K, capacity 23290K, committed 23496K, reserved 1069056K
  class space    used 2827K, capacity 3007K, committed 3096K, reserved 1048576K
2019-10-16T14:16:47.155+0000: 7.007: [GC (Allocation Failure) 2019-10-16T14:16:47.155+0000: 7.007: [ParNew
Desired survivor size 262144 bytes, new threshold 6 (max 6)
- age   1:      40040 bytes,      40040 total
- age   2:      35104 bytes,      75144 total
- age   3:      22000 bytes,      97144 total
- age   4:      28136 bytes,     125280 total
- age   5:     105552 bytes,     230832 total
: 4691K->240K(4928K), 0.0021053 secs] 12016K->7636K(16064K), 0.0021710 secs] [Times: user=0.00 sys=0.00, real=0.00 secs] 
Heap after GC invocations=273 (full 1):
 par new generation   total 4928K, used 240K [0x00000000f0800000, 0x00000000f0d50000, 0x00000000f5a00000)
  eden space 4416K,   0% used [0x00000000f0800000, 0x00000000f0800000, 0x00000000f0c50000)
  from space 512K,  46% used [0x00000000f0cd0000, 0x00000000f0d0c0d0, 0x00000000f0d50000)
  to   space 512K,   0% used [0x00000000f0c50000, 0x00000000f0c50000, 0x00000000f0cd0000)
 concurrent mark-sweep generation total 11136K, used 7396K [0x00000000f5a00000, 0x00000000f64e0000, 0x0000000100000000)
 Metaspace       used 22722K, capacity 23290K, committed 23496K, reserved 1069056K
  class space    used 2827K, capacity 3007K, committed 3096K, reserved 1048576K
}
2019-10-16T14:16:47.157+0000: 7.009: Total time for which application threads were stopped: 0.0045908 seconds, Stopping threads took: 0.0023240 seconds
{Heap before GC invocations=273 (full 1):
 par new generation   total 4928K, used 4656K [0x00000000f0800000, 0x00000000f0d50000, 0x00000000f5a00000)
  eden space 4416K, 100% used [0x00000000f0800000, 0x00000000f0c50000, 0x00000000f0c50000)
  from space 512K,  46% used [0x00000000f0cd0000, 0x00000000f0d0c0d0, 0x00000000f0d50000)
  to   space 512K,   0% used [0x00000000f0c50000, 0x00000000f0c50000, 0x00000000f0cd0000)
 concurrent mark-sweep generation total 11136K, used 7396K [0x00000000f5a00000, 0x00000000f64e0000, 0x0000000100000000)
 Metaspace       used 22812K, capacity 23360K, committed 23496K, reserved 1069056K
  class space    used 2838K, capacity 3008K, committed 3096K, reserved 1048576K
2019-10-16T14:16:47.182+0000: 7.034: [GC (Allocation Failure) 2019-10-16T14:16:47.182+0000: 7.034: [ParNew
Desired survivor size 262144 bytes, new threshold 6 (max 6)
- age   1:      43688 bytes,      43688 total
- age   2:      35720 bytes,      79408 total
- age   3:      34488 bytes,     113896 total
- age   4:      22000 bytes,     135896 total
- age   5:      28136 bytes,     164032 total
- age   6:     105552 bytes,     269584 total
: 4656K->455K(4928K), 0.0017276 secs] 12052K->7852K(16064K), 0.0017929 secs] [Times: user=0.00 sys=0.00, real=0.00 secs] 
Heap after GC invocations=274 (full 1):
 par new generation   total 4928K, used 455K [0x00000000f0800000, 0x00000000f0d50000, 0x00000000f5a00000)
  eden space 4416K,   0% used [0x00000000f0800000, 0x00000000f0800000, 0x00000000f0c50000)
  from space 512K,  89% used [0x00000000f0c50000, 0x00000000f0cc1fb8, 0x00000000f0cd0000)
  to   space 512K,   0% used [0x00000000f0cd0000, 0x00000000f0cd0000, 0x00000000f0d50000)
 concurrent mark-sweep generation total 11136K, used 7396K [0x00000000f5a00000, 0x00000000f64e0000, 0x0000000100000000)
 Metaspace       used 22812K, capacity 23360K, committed 23496K, reserved 1069056K
  class space    used 2838K, capacity 3008K, committed 3096K, reserved 1048576K
}
2019-10-16T14:16:47.184+0000: 7.036: Total time for which application threads were stopped: 0.0020384 seconds, Stopping threads took: 0.0001524 seconds
{Heap before GC invocations=274 (full 1):
 par new generation   total 4928K, used 4871K [0x00000000f0800000, 0x00000000f0d50000, 0x00000000f5a00000)
  eden space 4416K, 100% used [0x00000000f0800000, 0x00000000f0c50000, 0x00000000f0c50000)
  from space 512K,  89% used [0x00000000f0c50000, 0x00000000f0cc1fb8, 0x00000000f0cd0000)
  to   space 512K,   0% used [0x00000000f0cd0000, 0x00000000f0cd0000, 0x00000000f0d50000)
 concurrent mark-sweep generation total 11136K, used 7396K [0x00000000f5a00000, 0x00000000f64e0000, 0x0000000100000000)
 Metaspace       used 22909K, capacity 23450K, committed 23576K, reserved 1069056K
  class space    used 2851K, capacity 3013K, committed 3096K, reserved 1048576K
2019-10-16T14:16:47.204+0000: 7.056: [GC (Allocation Failure) 2019-10-16T14:16:47.204+0000: 7.056: [ParNew
Desired survivor size 262144 bytes, new threshold 6 (max 6)
- age   1:      49464 bytes,      49464 total
- age   2:      36872 bytes,      86336 total
- age   3:      35592 bytes,     121928 total
- age   4:      32328 bytes,     154256 total
- age   5:      22000 bytes,     176256 total
- age   6:      28136 bytes,     204392 total
: 4871K->310K(4928K), 0.0022634 secs] 12268K->7810K(16064K), 0.0023161 secs] [Times: user=0.00 sys=0.00, real=0.00 secs] 
Heap after GC invocations=275 (full 1):
 par new generation   total 4928K, used 310K [0x00000000f0800000, 0x00000000f0d50000, 0x00000000f5a00000)
  eden space 4416K,   0% used [0x00000000f0800000, 0x00000000f0800000, 0x00000000f0c50000)
  from space 512K,  60% used [0x00000000f0cd0000, 0x00000000f0d1dbc0, 0x00000000f0d50000)
  to   space 512K,   0% used [0x00000000f0c50000, 0x00000000f0c50000, 0x00000000f0cd0000)
 concurrent mark-sweep generation total 11136K, used 7499K [0x00000000f5a00000, 0x00000000f64e0000, 0x0000000100000000)
 Metaspace       used 22909K, capacity 23450K, committed 23576K, reserved 1069056K
  class space    used 2851K, capacity 3013K, committed 3096K, reserved 1048576K
}
2019-10-16T14:16:47.206+0000: 7.058: Total time for which application threads were stopped: 0.0024402 seconds, Stopping threads took: 0.0000229 seconds
{Heap before GC invocations=275 (full 1):
 par new generation   total 4928K, used 4726K [0x00000000f0800000, 0x00000000f0d50000, 0x00000000f5a00000)
  eden space 4416K, 100% used [0x00000000f0800000, 0x00000000f0c50000, 0x00000000f0c50000)
  from space 512K,  60% used [0x00000000f0cd0000, 0x00000000f0d1dbc0, 0x00000000f0d50000)
  to   space 512K,   0% used [0x00000000f0c50000, 0x00000000f0c50000, 0x00000000f0cd0000)
 concurrent mark-sweep generation total 11136K, used 7499K [0x00000000f5a00000, 0x00000000f64e0000, 0x0000000100000000)
 Metaspace       used 22961K, capacity 23526K, committed 23832K, reserved 1071104K
  class space    used 2861K, capacity 3015K, committed 3096K, reserved 1048576K
2019-10-16T14:16:47.240+0000: 7.092: [GC (Allocation Failure) 2019-10-16T14:16:47.240+0000: 7.092: [ParNew
Desired survivor size 262144 bytes, new threshold 6 (max 6)
- age   1:      47312 bytes,      47312 total
- age   2:      46016 bytes,      93328 total
- age   3:      36368 bytes,     129696 total
- age   4:      32648 bytes,     162344 total
- age   5:      32248 bytes,     194592 total
- age   6:      22000 bytes,     216592 total
: 4726K->376K(4928K), 0.0024212 secs] 12226K->7904K(16064K), 0.0024725 secs] [Times: user=0.00 sys=0.00, real=0.01 secs] 
Heap after GC invocations=276 (full 1):
 par new generation   total 4928K, used 376K [0x00000000f0800000, 0x00000000f0d50000, 0x00000000f5a00000)
  eden space 4416K,   0% used [0x00000000f0800000, 0x00000000f0800000, 0x00000000f0c50000)
  from space 512K,  73% used [0x00000000f0c50000, 0x00000000f0cae318, 0x00000000f0cd0000)
  to   space 512K,   0% used [0x00000000f0cd0000, 0x00000000f0cd0000, 0x00000000f0d50000)
 concurrent mark-sweep generation total 11136K, used 7527K [0x00000000f5a00000, 0x00000000f64e0000, 0x0000000100000000)
 Metaspace       used 22961K, capacity 23526K, committed 23832K, reserved 1071104K
  class space    used 2861K, capacity 3015K, committed 3096K, reserved 1048576K
}
2019-10-16T14:16:47.243+0000: 7.095: Total time for which application threads were stopped: 0.0086444 seconds, Stopping threads took: 0.0060744 seconds
2019-10-16T14:16:47.250+0000: 7.103: Total time for which application threads were stopped: 0.0002683 seconds, Stopping threads took: 0.0000091 seconds
{Heap before GC invocations=276 (full 1):
 par new generation   total 4928K, used 4792K [0x00000000f0800000, 0x00000000f0d50000, 0x00000000f5a00000)
  eden space 4416K, 100% used [0x00000000f0800000, 0x00000000f0c50000, 0x00000000f0c50000)
  from space 512K,  73% used [0x00000000f0c50000, 0x00000000f0cae318, 0x00000000f0cd0000)
  to   space 512K,   0% used [0x00000000f0cd0000, 0x00000000f0cd0000, 0x00000000f0d50000)
 concurrent mark-sweep generation total 11136K, used 7527K [0x00000000f5a00000, 0x00000000f64e0000, 0x0000000100000000)
 Metaspace       used 23045K, capacity 23622K, committed 23832K, reserved 1071104K
  class space    used 2870K, capacity 3047K, committed 3096K, reserved 1048576K
2019-10-16T14:16:47.285+0000: 7.137: [GC (Allocation Failure) 2019-10-16T14:16:47.285+0000: 7.137: [ParNew
Desired survivor size 262144 bytes, new threshold 5 (max 6)
- age   1:     130992 bytes,     130992 total
- age   2:      37544 bytes,     168536 total
- age   3:      45344 bytes,     213880 total
- age   4:      33648 bytes,     247528 total
- age   5:      32648 bytes,     280176 total
- age   6:      30360 bytes,     310536 total
: 4792K->378K(4928K), 0.0025867 secs] 12320K->7928K(16064K), 0.0026480 secs] [Times: user=0.01 sys=0.00, real=0.00 secs] 
Heap after GC invocations=277 (full 1):
 par new generation   total 4928K, used 378K [0x00000000f0800000, 0x00000000f0d50000, 0x00000000f5a00000)
  eden space 4416K,   0% used [0x00000000f0800000, 0x00000000f0800000, 0x00000000f0c50000)
  from space 512K,  73% used [0x00000000f0cd0000, 0x00000000f0d2e938, 0x00000000f0d50000)
  to   space 512K,   0% used [0x00000000f0c50000, 0x00000000f0c50000, 0x00000000f0cd0000)
 concurrent mark-sweep generation total 11136K, used 7549K [0x00000000f5a00000, 0x00000000f64e0000, 0x0000000100000000)
 Metaspace       used 23045K, capacity 23622K, committed 23832K, reserved 1071104K
  class space    used 2870K, capacity 3047K, committed 3096K, reserved 1048576K
}
2019-10-16T14:16:47.288+0000: 7.140: Total time for which application threads were stopped: 0.0035125 seconds, Stopping threads took: 0.0007257 seconds
{Heap before GC invocations=277 (full 1):
 par new generation   total 4928K, used 4794K [0x00000000f0800000, 0x00000000f0d50000, 0x00000000f5a00000)
  eden space 4416K, 100% used [0x00000000f0800000, 0x00000000f0c50000, 0x00000000f0c50000)
  from space 512K,  73% used [0x00000000f0cd0000, 0x00000000f0d2e938, 0x00000000f0d50000)
  to   space 512K,   0% used [0x00000000f0c50000, 0x00000000f0c50000, 0x00000000f0cd0000)
 concurrent mark-sweep generation total 11136K, used 7549K [0x00000000f5a00000, 0x00000000f64e0000, 0x0000000100000000)
 Metaspace       used 23122K, capacity 23750K, committed 23832K, reserved 1071104K
  class space    used 2884K, capacity 3047K, committed 3096K, reserved 1048576K
2019-10-16T14:16:47.323+0000: 7.175: [GC (Allocation Failure) 2019-10-16T14:16:47.323+0000: 7.175: [ParNew
Desired survivor size 262144 bytes, new threshold 4 (max 6)
- age   1:      81448 bytes,      81448 total
- age   2:     124568 bytes,     206016 total
- age   3:      37544 bytes,     243560 total
- age   4:      42464 bytes,     286024 total
- age   5:      33648 bytes,     319672 total
: 4794K->512K(4928K), 0.0027348 secs] 12344K->8126K(16064K), 0.0027843 secs] [Times: user=0.00 sys=0.00, real=0.00 secs] 
Heap after GC invocations=278 (full 1):
 par new generation   total 4928K, used 512K [0x00000000f0800000, 0x00000000f0d50000, 0x00000000f5a00000)
  eden space 4416K,   0% used [0x00000000f0800000, 0x00000000f0800000, 0x00000000f0c50000)
  from space 512K, 100% used [0x00000000f0c50000, 0x00000000f0cd0000, 0x00000000f0cd0000)
  to   space 512K,   0% used [0x00000000f0cd0000, 0x00000000f0cd0000, 0x00000000f0d50000)
 concurrent mark-sweep generation total 11136K, used 7614K [0x00000000f5a00000, 0x00000000f64e0000, 0x0000000100000000)
 Metaspace       used 23122K, capacity 23750K, committed 23832K, reserved 1071104K
  class space    used 2884K, capacity 3047K, committed 3096K, reserved 1048576K
}
2019-10-16T14:16:47.326+0000: 7.178: Total time for which application threads were stopped: 0.0072439 seconds, Stopping threads took: 0.0043552 seconds
{Heap before GC invocations=278 (full 1):
 par new generation   total 4928K, used 4928K [0x00000000f0800000, 0x00000000f0d50000, 0x00000000f5a00000)
  eden space 4416K, 100% used [0x00000000f0800000, 0x00000000f0c50000, 0x00000000f0c50000)
  from space 512K, 100% used [0x00000000f0c50000, 0x00000000f0cd0000, 0x00000000f0cd0000)
  to   space 512K,   0% used [0x00000000f0cd0000, 0x00000000f0cd0000, 0x00000000f0d50000)
 concurrent mark-sweep generation total 11136K, used 7614K [0x00000000f5a00000, 0x00000000f64e0000, 0x0000000100000000)
 Metaspace       used 23240K, capacity 23806K, committed 24088K, reserved 1071104K
  class space    used 2900K, capacity 3057K, committed 3096K, reserved 1048576K
2019-10-16T14:16:47.394+0000: 7.246: [GC (Allocation Failure) 2019-10-16T14:16:47.394+0000: 7.246: [ParNew
Desired survivor size 262144 bytes, new threshold 1 (max 6)
- age   1:     267272 bytes,     267272 total
- age   2:      38176 bytes,     305448 total
- age   3:     123416 bytes,     428864 total
- age   4:      34624 bytes,     463488 total
: 4928K->512K(4928K), 0.0027014 secs] 12542K->8188K(16064K), 0.0027834 secs] [Times: user=0.00 sys=0.00, real=0.00 secs] 
Heap after GC invocations=279 (full 1):
 par new generation   total 4928K, used 512K [0x00000000f0800000, 0x00000000f0d50000, 0x00000000f5a00000)
  eden space 4416K,   0% used [0x00000000f0800000, 0x00000000f0800000, 0x00000000f0c50000)
  from space 512K, 100% used [0x00000000f0cd0000, 0x00000000f0d50000, 0x00000000f0d50000)
  to   space 512K,   0% used [0x00000000f0c50000, 0x00000000f0c50000, 0x00000000f0cd0000)
 concurrent mark-sweep generation total 11136K, used 7676K [0x00000000f5a00000, 0x00000000f64e0000, 0x0000000100000000)
 Metaspace       used 23240K, capacity 23806K, committed 24088K, reserved 1071104K
  class space    used 2900K, capacity 3057K, committed 3096K, reserved 1048576K
}
2019-10-16T14:16:47.397+0000: 7.249: Total time for which application threads were stopped: 0.0029298 seconds, Stopping threads took: 0.0000251 seconds
{Heap before GC invocations=279 (full 1):
 par new generation   total 4928K, used 4928K [0x00000000f0800000, 0x00000000f0d50000, 0x00000000f5a00000)
  eden space 4416K, 100% used [0x00000000f0800000, 0x00000000f0c50000, 0x00000000f0c50000)
  from space 512K, 100% used [0x00000000f0cd0000, 0x00000000f0d50000, 0x00000000f0d50000)
  to   space 512K,   0% used [0x00000000f0c50000, 0x00000000f0c50000, 0x00000000f0cd0000)
 concurrent mark-sweep generation total 11136K, used 7676K [0x00000000f5a00000, 0x00000000f64e0000, 0x0000000100000000)
 Metaspace       used 23286K, capacity 23888K, committed 24088K, reserved 1071104K
  class space    used 2907K, capacity 3060K, committed 3096K, reserved 1048576K
2019-10-16T14:16:47.446+0000: 7.298: [GC (Allocation Failure) 2019-10-16T14:16:47.446+0000: 7.298: [ParNew
Desired survivor size 262144 bytes, new threshold 6 (max 6)
- age   1:     130240 bytes,     130240 total
: 4928K->415K(4928K), 0.0035801 secs] 12604K->8512K(16064K), 0.0036407 secs] [Times: user=0.00 sys=0.00, real=0.00 secs] 
Heap after GC invocations=280 (full 1):
 par new generation   total 4928K, used 415K [0x00000000f0800000, 0x00000000f0d50000, 0x00000000f5a00000)
  eden space 4416K,   0% used [0x00000000f0800000, 0x00000000f0800000, 0x00000000f0c50000)
  from space 512K,  81% used [0x00000000f0c50000, 0x00000000f0cb7ec0, 0x00000000f0cd0000)
  to   space 512K,   0% used [0x00000000f0cd0000, 0x00000000f0cd0000, 0x00000000f0d50000)
 concurrent mark-sweep generation total 11136K, used 8097K [0x00000000f5a00000, 0x00000000f64e0000, 0x0000000100000000)
 Metaspace       used 23286K, capacity 23888K, committed 24088K, reserved 1071104K
  class space    used 2907K, capacity 3060K, committed 3096K, reserved 1048576K
}
2019-10-16T14:16:47.450+0000: 7.302: Total time for which application threads were stopped: 0.0085645 seconds, Stopping threads took: 0.0048345 seconds
{Heap before GC invocations=280 (full 1):
 par new generation   total 4928K, used 4831K [0x00000000f0800000, 0x00000000f0d50000, 0x00000000f5a00000)
  eden space 4416K, 100% used [0x00000000f0800000, 0x00000000f0c50000, 0x00000000f0c50000)
  from space 512K,  81% used [0x00000000f0c50000, 0x00000000f0cb7ec0, 0x00000000f0cd0000)
  to   space 512K,   0% used [0x00000000f0cd0000, 0x00000000f0cd0000, 0x00000000f0d50000)
 concurrent mark-sweep generation total 11136K, used 8097K [0x00000000f5a00000, 0x00000000f64e0000, 0x0000000100000000)
 Metaspace       used 23367K, capacity 23952K, committed 24088K, reserved 1071104K
  class space    used 2912K, capacity 3060K, committed 3096K, reserved 1048576K
2019-10-16T14:16:47.502+0000: 7.354: [GC (Allocation Failure) 2019-10-16T14:16:47.502+0000: 7.354: [ParNew
Desired survivor size 262144 bytes, new threshold 6 (max 6)
- age   1:     152768 bytes,     152768 total
- age   2:     103416 bytes,     256184 total
: 4831K->272K(4928K), 0.0017634 secs] 12928K->8369K(16064K), 0.0018260 secs] [Times: user=0.00 sys=0.00, real=0.00 secs] 
Heap after GC invocations=281 (full 1):
 par new generation   total 4928K, used 272K [0x00000000f0800000, 0x00000000f0d50000, 0x00000000f5a00000)
  eden space 4416K,   0% used [0x00000000f0800000, 0x00000000f0800000, 0x00000000f0c50000)
  from space 512K,  53% used [0x00000000f0cd0000, 0x00000000f0d142c8, 0x00000000f0d50000)
  to   space 512K,   0% used [0x00000000f0c50000, 0x00000000f0c50000, 0x00000000f0cd0000)
 concurrent mark-sweep generation total 11136K, used 8097K [0x00000000f5a00000, 0x00000000f64e0000, 0x0000000100000000)
 Metaspace       used 23367K, capacity 23952K, committed 24088K, reserved 1071104K
  class space    used 2912K, capacity 3060K, committed 3096K, reserved 1048576K
}
2019-10-16T14:16:47.504+0000: 7.356: Total time for which application threads were stopped: 0.0019637 seconds, Stopping threads took: 0.0000283 seconds
{Heap before GC invocations=281 (full 1):
 par new generation   total 4928K, used 4688K [0x00000000f0800000, 0x00000000f0d50000, 0x00000000f5a00000)
  eden space 4416K, 100% used [0x00000000f0800000, 0x00000000f0c50000, 0x00000000f0c50000)
  from space 512K,  53% used [0x00000000f0cd0000, 0x00000000f0d142c8, 0x00000000f0d50000)
  to   space 512K,   0% used [0x00000000f0c50000, 0x00000000f0c50000, 0x00000000f0cd0000)
 concurrent mark-sweep generation total 11136K, used 8097K [0x00000000f5a00000, 0x00000000f64e0000, 0x0000000100000000)
 Metaspace       used 23406K, capacity 24032K, committed 24216K, reserved 1071104K
  class space    used 2919K, capacity 3100K, committed 3224K, reserved 1048576K
2019-10-16T14:16:47.582+0000: 7.434: [GC (Allocation Failure) 2019-10-16T14:16:47.582+0000: 7.434: [ParNew
Desired survivor size 262144 bytes, new threshold 2 (max 6)
- age   1:     223056 bytes,     223056 total
- age   2:     122720 bytes,     345776 total
- age   3:     103264 bytes,     449040 total
: 4688K->442K(4928K), 0.0021417 secs] 12785K->8539K(16064K), 0.0021924 secs] [Times: user=0.00 sys=0.00, real=0.00 secs] 
Heap after GC invocations=282 (full 1):
 par new generation   total 4928K, used 442K [0x00000000f0800000, 0x00000000f0d50000, 0x00000000f5a00000)
  eden space 4416K,   0% used [0x00000000f0800000, 0x00000000f0800000, 0x00000000f0c50000)
  from space 512K,  86% used [0x00000000f0c50000, 0x00000000f0cbe850, 0x00000000f0cd0000)
  to   space 512K,   0% used [0x00000000f0cd0000, 0x00000000f0cd0000, 0x00000000f0d50000)
 concurrent mark-sweep generation total 11136K, used 8097K [0x00000000f5a00000, 0x00000000f64e0000, 0x0000000100000000)
 Metaspace       used 23406K, capacity 24032K, committed 24216K, reserved 1071104K
  class space    used 2919K, capacity 3100K, committed 3224K, reserved 1048576K
}
2019-10-16T14:16:47.585+0000: 7.437: Total time for which application threads were stopped: 0.0024688 seconds, Stopping threads took: 0.0001510 seconds
{Heap before GC invocations=282 (full 1):
 par new generation   total 4928K, used 4858K [0x00000000f0800000, 0x00000000f0d50000, 0x00000000f5a00000)
  eden space 4416K, 100% used [0x00000000f0800000, 0x00000000f0c50000, 0x00000000f0c50000)
  from space 512K,  86% used [0x00000000f0c50000, 0x00000000f0cbe850, 0x00000000f0cd0000)
  to   space 512K,   0% used [0x00000000f0cd0000, 0x00000000f0cd0000, 0x00000000f0d50000)
 concurrent mark-sweep generation total 11136K, used 8097K [0x00000000f5a00000, 0x00000000f64e0000, 0x0000000100000000)
 Metaspace       used 23415K, capacity 24032K, committed 24216K, reserved 1071104K
  class space    used 2921K, capacity 3100K, committed 3224K, reserved 1048576K
2019-10-16T14:16:47.662+0000: 7.514: [GC (Allocation Failure) 2019-10-16T14:16:47.662+0000: 7.514: [ParNew
Desired survivor size 262144 bytes, new threshold 1 (max 6)
- age   1:     301584 bytes,     301584 total
- age   2:     190992 bytes,     492576 total
: 4858K->512K(4928K), 0.0034905 secs] 12955K->8827K(16064K), 0.0035640 secs] [Times: user=0.00 sys=0.00, real=0.00 secs] 
Heap after GC invocations=283 (full 1):
 par new generation   total 4928K, used 512K [0x00000000f0800000, 0x00000000f0d50000, 0x00000000f5a00000)
  eden space 4416K,   0% used [0x00000000f0800000, 0x00000000f0800000, 0x00000000f0c50000)
  from space 512K, 100% used [0x00000000f0cd0000, 0x00000000f0d50000, 0x00000000f0d50000)
  to   space 512K,   0% used [0x00000000f0c50000, 0x00000000f0c50000, 0x00000000f0cd0000)
 concurrent mark-sweep generation total 11136K, used 8315K [0x00000000f5a00000, 0x00000000f64e0000, 0x0000000100000000)
 Metaspace       used 23415K, capacity 24032K, committed 24216K, reserved 1071104K
  class space    used 2921K, capacity 3100K, committed 3224K, reserved 1048576K
}
2019-10-16T14:16:47.666+0000: 7.518: Total time for which application threads were stopped: 0.0036913 seconds, Stopping threads took: 0.0000267 seconds
{Heap before GC invocations=283 (full 1):
 par new generation   total 4928K, used 4925K [0x00000000f0800000, 0x00000000f0d50000, 0x00000000f5a00000)
  eden space 4416K,  99% used [0x00000000f0800000, 0x00000000f0c4f738, 0x00000000f0c50000)
  from space 512K, 100% used [0x00000000f0cd0000, 0x00000000f0d50000, 0x00000000f0d50000)
  to   space 512K,   0% used [0x00000000f0c50000, 0x00000000f0c50000, 0x00000000f0cd0000)
 concurrent mark-sweep generation total 11136K, used 8315K [0x00000000f5a00000, 0x00000000f64e0000, 0x0000000100000000)
 Metaspace       used 23415K, capacity 24032K, committed 24216K, reserved 1071104K
  class space    used 2921K, capacity 3100K, committed 3224K, reserved 1048576K
2019-10-16T14:16:47.730+0000: 7.582: [GC (Allocation Failure) 2019-10-16T14:16:47.730+0000: 7.582: [ParNew
Desired survivor size 262144 bytes, new threshold 6 (max 6)
- age   1:     248104 bytes,     248104 total
: 4925K->459K(4928K), 0.0033984 secs] 13241K->9175K(16064K), 0.0034499 secs] [Times: user=0.01 sys=0.00, real=0.01 secs] 
Heap after GC invocations=284 (full 1):
 par new generation   total 4928K, used 459K [0x00000000f0800000, 0x00000000f0d50000, 0x00000000f5a00000)
  eden space 4416K,   0% used [0x00000000f0800000, 0x00000000f0800000, 0x00000000f0c50000)
  from space 512K,  89% used [0x00000000f0c50000, 0x00000000f0cc2cc0, 0x00000000f0cd0000)
  to   space 512K,   0% used [0x00000000f0cd0000, 0x00000000f0cd0000, 0x00000000f0d50000)
 concurrent mark-sweep generation total 11136K, used 8715K [0x00000000f5a00000, 0x00000000f64e0000, 0x0000000100000000)
 Metaspace       used 23415K, capacity 24032K, committed 24216K, reserved 1071104K
  class space    used 2921K, capacity 3100K, committed 3224K, reserved 1048576K
}
2019-10-16T14:16:47.733+0000: 7.585: Total time for which application threads were stopped: 0.0064742 seconds, Stopping threads took: 0.0029212 seconds
2019-10-16T14:16:47.750+0000: 7.602: [GC (CMS Initial Mark) [1 CMS-initial-mark: 8715K(11136K)] 10368K(16064K), 0.0012738 secs] [Times: user=0.00 sys=0.00, real=0.00 secs] 
2019-10-16T14:16:47.752+0000: 7.604: Total time for which application threads were stopped: 0.0054277 seconds, Stopping threads took: 0.0040908 seconds
2019-10-16T14:16:47.762+0000: 7.614: [CMS-concurrent-mark-start]
2019-10-16T14:16:47.793+0000: 7.645: [CMS-concurrent-mark: 0.031/0.031 secs] [Times: user=0.03 sys=0.00, real=0.03 secs] 
2019-10-16T14:16:47.793+0000: 7.645: [CMS-concurrent-preclean-start]
2019-10-16T14:16:47.793+0000: 7.645: [CMS-concurrent-preclean: 0.000/0.000 secs] [Times: user=0.00 sys=0.00, real=0.00 secs] 
2019-10-16T14:16:47.793+0000: 7.645: [CMS-concurrent-abortable-preclean-start]
{Heap before GC invocations=284 (full 2):
 par new generation   total 4928K, used 4875K [0x00000000f0800000, 0x00000000f0d50000, 0x00000000f5a00000)
  eden space 4416K, 100% used [0x00000000f0800000, 0x00000000f0c50000, 0x00000000f0c50000)
  from space 512K,  89% used [0x00000000f0c50000, 0x00000000f0cc2cc0, 0x00000000f0cd0000)
  to   space 512K,   0% used [0x00000000f0cd0000, 0x00000000f0cd0000, 0x00000000f0d50000)
 concurrent mark-sweep generation total 11136K, used 8715K [0x00000000f5a00000, 0x00000000f64e0000, 0x0000000100000000)
 Metaspace       used 23464K, capacity 24102K, committed 24472K, reserved 1071104K
  class space    used 2922K, capacity 3101K, committed 3224K, reserved 1048576K
2019-10-16T14:16:47.826+0000: 7.678: [GC (Allocation Failure) 2019-10-16T14:16:47.826+0000: 7.678: [ParNew
Desired survivor size 262144 bytes, new threshold 1 (max 6)
- age   1:     289048 bytes,     289048 total
- age   2:     195104 bytes,     484152 total
: 4875K->512K(4928K), 0.0019841 secs] 13591K->9230K(16064K), 0.0020310 secs] [Times: user=0.00 sys=0.00, real=0.00 secs] 
Heap after GC invocations=285 (full 2):
 par new generation   total 4928K, used 512K [0x00000000f0800000, 0x00000000f0d50000, 0x00000000f5a00000)
  eden space 4416K,   0% used [0x00000000f0800000, 0x00000000f0800000, 0x00000000f0c50000)
  from space 512K, 100% used [0x00000000f0cd0000, 0x00000000f0d50000, 0x00000000f0d50000)
  to   space 512K,   0% used [0x00000000f0c50000, 0x00000000f0c50000, 0x00000000f0cd0000)
 concurrent mark-sweep generation total 11136K, used 8718K [0x00000000f5a00000, 0x00000000f64e0000, 0x0000000100000000)
 Metaspace       used 23464K, capacity 24102K, committed 24472K, reserved 1071104K
  class space    used 2922K, capacity 3101K, committed 3224K, reserved 1048576K
}
2019-10-16T14:16:47.828+0000: 7.680: Total time for which application threads were stopped: 0.0021554 seconds, Stopping threads took: 0.0000276 seconds
{Heap before GC invocations=285 (full 2):
 par new generation   total 4928K, used 4928K [0x00000000f0800000, 0x00000000f0d50000, 0x00000000f5a00000)
  eden space 4416K, 100% used [0x00000000f0800000, 0x00000000f0c50000, 0x00000000f0c50000)
  from space 512K, 100% used [0x00000000f0cd0000, 0x00000000f0d50000, 0x00000000f0d50000)
  to   space 512K,   0% used [0x00000000f0c50000, 0x00000000f0c50000, 0x00000000f0cd0000)
 concurrent mark-sweep generation total 11136K, used 8718K [0x00000000f5a00000, 0x00000000f64e0000, 0x0000000100000000)
 Metaspace       used 23654K, capacity 24326K, committed 24472K, reserved 1071104K
  class space    used 2943K, capacity 3133K, committed 3224K, reserved 1048576K
2019-10-16T14:16:47.881+0000: 7.733: [GC (Allocation Failure) 2019-10-16T14:16:47.881+0000: 7.733: [ParNew
Desired survivor size 262144 bytes, new threshold 6 (max 6)
- age   1:     133984 bytes,     133984 total
: 4928K->409K(4928K), 0.0034966 secs] 13646K->9572K(16064K), 0.0035486 secs] [Times: user=0.00 sys=0.00, real=0.01 secs] 
Heap after GC invocations=286 (full 2):
 par new generation   total 4928K, used 409K [0x00000000f0800000, 0x00000000f0d50000, 0x00000000f5a00000)
  eden space 4416K,   0% used [0x00000000f0800000, 0x00000000f0800000, 0x00000000f0c50000)
  from space 512K,  79% used [0x00000000f0c50000, 0x00000000f0cb6478, 0x00000000f0cd0000)
  to   space 512K,   0% used [0x00000000f0cd0000, 0x00000000f0cd0000, 0x00000000f0d50000)
 concurrent mark-sweep generation total 11136K, used 9162K [0x00000000f5a00000, 0x00000000f64e0000, 0x0000000100000000)
 Metaspace       used 23654K, capacity 24326K, committed 24472K, reserved 1071104K
  class space    used 2943K, capacity 3133K, committed 3224K, reserved 1048576K
}
2019-10-16T14:16:47.885+0000: 7.737: Total time for which application threads were stopped: 0.0036710 seconds, Stopping threads took: 0.0000240 seconds
{Heap before GC invocations=286 (full 2):
 par new generation   total 4928K, used 4825K [0x00000000f0800000, 0x00000000f0d50000, 0x00000000f5a00000)
  eden space 4416K, 100% used [0x00000000f0800000, 0x00000000f0c50000, 0x00000000f0c50000)
  from space 512K,  79% used [0x00000000f0c50000, 0x00000000f0cb6478, 0x00000000f0cd0000)
  to   space 512K,   0% used [0x00000000f0cd0000, 0x00000000f0cd0000, 0x00000000f0d50000)
 concurrent mark-sweep generation total 11136K, used 9162K [0x00000000f5a00000, 0x00000000f64e0000, 0x0000000100000000)
 Metaspace       used 24114K, capacity 24728K, committed 24984K, reserved 1071104K
  class space    used 3000K, capacity 3198K, committed 3224K, reserved 1048576K
2019-10-16T14:16:47.962+0000: 7.814: [GC (Allocation Failure) 2019-10-16T14:16:47.962+0000: 7.814: [ParNew
Desired survivor size 262144 bytes, new threshold 2 (max 6)
- age   1:     245520 bytes,     245520 total
- age   2:     113920 bytes,     359440 total
: 4825K->404K(4928K), 0.0022813 secs] 13988K->9567K(16064K), 0.0023406 secs] [Times: user=0.01 sys=0.00, real=0.01 secs] 
Heap after GC invocations=287 (full 2):
 par new generation   total 4928K, used 404K [0x00000000f0800000, 0x00000000f0d50000, 0x00000000f5a00000)
  eden space 4416K,   0% used [0x00000000f0800000, 0x00000000f0800000, 0x00000000f0c50000)
  from space 512K,  79% used [0x00000000f0cd0000, 0x00000000f0d35298, 0x00000000f0d50000)
  to   space 512K,   0% used [0x00000000f0c50000, 0x00000000f0c50000, 0x00000000f0cd0000)
 concurrent mark-sweep generation total 11136K, used 9162K [0x00000000f5a00000, 0x00000000f64e0000, 0x0000000100000000)
 Metaspace       used 24114K, capacity 24728K, committed 24984K, reserved 1071104K
  class space    used 3000K, capacity 3198K, committed 3224K, reserved 1048576K
}
2019-10-16T14:16:47.964+0000: 7.816: Total time for which application threads were stopped: 0.0024818 seconds, Stopping threads took: 0.0000273 seconds
{Heap before GC invocations=287 (full 2):
 par new generation   total 4928K, used 4820K [0x00000000f0800000, 0x00000000f0d50000, 0x00000000f5a00000)
  eden space 4416K, 100% used [0x00000000f0800000, 0x00000000f0c50000, 0x00000000f0c50000)
  from space 512K,  79% used [0x00000000f0cd0000, 0x00000000f0d35298, 0x00000000f0d50000)
  to   space 512K,   0% used [0x00000000f0c50000, 0x00000000f0c50000, 0x00000000f0cd0000)
 concurrent mark-sweep generation total 11136K, used 9162K [0x00000000f5a00000, 0x00000000f64e0000, 0x0000000100000000)
 Metaspace       used 24365K, capacity 25080K, committed 25368K, reserved 1071104K
  class space    used 3034K, capacity 3230K, committed 3352K, reserved 1048576K
2019-10-16T14:16:48.028+0000: 7.880: [GC (Allocation Failure) 2019-10-16T14:16:48.028+0000: 7.880: [ParNew
Desired survivor size 262144 bytes, new threshold 1 (max 6)
- age   1:     306368 bytes,     306368 total
- age   2:     192648 bytes,     499016 total
: 4820K->512K(4928K), 0.0029069 secs] 13983K->9793K(16064K), 0.0029554 secs] [Times: user=0.00 sys=0.00, real=0.01 secs] 
Heap after GC invocations=288 (full 2):
 par new generation   total 4928K, used 512K [0x00000000f0800000, 0x00000000f0d50000, 0x00000000f5a00000)
  eden space 4416K,   0% used [0x00000000f0800000, 0x00000000f0800000, 0x00000000f0c50000)
  from space 512K, 100% used [0x00000000f0c50000, 0x00000000f0cd0000, 0x00000000f0cd0000)
  to   space 512K,   0% used [0x00000000f0cd0000, 0x00000000f0cd0000, 0x00000000f0d50000)
 concurrent mark-sweep generation total 11136K, used 9281K [0x00000000f5a00000, 0x00000000f64e0000, 0x0000000100000000)
 Metaspace       used 24365K, capacity 25080K, committed 25368K, reserved 1071104K
  class space    used 3034K, capacity 3230K, committed 3352K, reserved 1048576K
}
2019-10-16T14:16:48.031+0000: 7.883: Total time for which application threads were stopped: 0.0031166 seconds, Stopping threads took: 0.0000384 seconds
{Heap before GC invocations=288 (full 2):
 par new generation   total 4928K, used 4924K [0x00000000f0800000, 0x00000000f0d50000, 0x00000000f5a00000)
  eden space 4416K,  99% used [0x00000000f0800000, 0x00000000f0c4f328, 0x00000000f0c50000)
  from space 512K, 100% used [0x00000000f0c50000, 0x00000000f0cd0000, 0x00000000f0cd0000)
  to   space 512K,   0% used [0x00000000f0cd0000, 0x00000000f0cd0000, 0x00000000f0d50000)
 concurrent mark-sweep generation total 11136K, used 9281K [0x00000000f5a00000, 0x00000000f64e0000, 0x0000000100000000)
 Metaspace       used 24418K, capacity 25080K, committed 25368K, reserved 1071104K
  class space    used 3041K, capacity 3230K, committed 3352K, reserved 1048576K
2019-10-16T14:16:48.078+0000: 7.930: [GC (Allocation Failure) 2019-10-16T14:16:48.078+0000: 7.930: [ParNew
Desired survivor size 262144 bytes, new threshold 6 (max 6)
- age   1:     213632 bytes,     213632 total
: 4924K->441K(4928K), 0.0033175 secs] 14206K->10153K(16064K), 0.0033823 secs] [Times: user=0.00 sys=0.00, real=0.00 secs] 
Heap after GC invocations=289 (full 2):
 par new generation   total 4928K, used 441K [0x00000000f0800000, 0x00000000f0d50000, 0x00000000f5a00000)
  eden space 4416K,   0% used [0x00000000f0800000, 0x00000000f0800000, 0x00000000f0c50000)
  from space 512K,  86% used [0x00000000f0cd0000, 0x00000000f0d3e728, 0x00000000f0d50000)
  to   space 512K,   0% used [0x00000000f0c50000, 0x00000000f0c50000, 0x00000000f0cd0000)
 concurrent mark-sweep generation total 11136K, used 9711K [0x00000000f5a00000, 0x00000000f64e0000, 0x0000000100000000)
 Metaspace       used 24418K, capacity 25080K, committed 25368K, reserved 1071104K
  class space    used 3041K, capacity 3230K, committed 3352K, reserved 1048576K
}
2019-10-16T14:16:48.082+0000: 7.934: Total time for which application threads were stopped: 0.0074589 seconds, Stopping threads took: 0.0039920 seconds
{Heap before GC invocations=289 (full 2):
 par new generation   total 4928K, used 4857K [0x00000000f0800000, 0x00000000f0d50000, 0x00000000f5a00000)
  eden space 4416K, 100% used [0x00000000f0800000, 0x00000000f0c50000, 0x00000000f0c50000)
  from space 512K,  86% used [0x00000000f0cd0000, 0x00000000f0d3e728, 0x00000000f0d50000)
  to   space 512K,   0% used [0x00000000f0c50000, 0x00000000f0c50000, 0x00000000f0cd0000)
 concurrent mark-sweep generation total 11136K, used 9711K [0x00000000f5a00000, 0x00000000f64e0000, 0x0000000100000000)
 Metaspace       used 24452K, capacity 25086K, committed 25368K, reserved 1071104K
  class space    used 3041K, capacity 3231K, committed 3352K, reserved 1048576K
2019-10-16T14:16:48.129+0000: 7.982: [GC (Allocation Failure) 2019-10-16T14:16:48.130+0000: 7.982: [ParNew
Desired survivor size 262144 bytes, new threshold 2 (max 6)
- age   1:     261600 bytes,     261600 total
- age   2:     126832 bytes,     388432 total
: 4857K->512K(4928K), 0.0020042 secs] 14569K->10227K(16064K), 0.0020542 secs] [Times: user=0.00 sys=0.00, real=0.01 secs] 
Heap after GC invocations=290 (full 2):
 par new generation   total 4928K, used 512K [0x00000000f0800000, 0x00000000f0d50000, 0x00000000f5a00000)
  eden space 4416K,   0% used [0x00000000f0800000, 0x00000000f0800000, 0x00000000f0c50000)
  from space 512K, 100% used [0x00000000f0c50000, 0x00000000f0cd0000, 0x00000000f0cd0000)
  to   space 512K,   0% used [0x00000000f0cd0000, 0x00000000f0cd0000, 0x00000000f0d50000)
 concurrent mark-sweep generation total 11136K, used 9715K [0x00000000f5a00000, 0x00000000f64e0000, 0x0000000100000000)
 Metaspace       used 24452K, capacity 25086K, committed 25368K, reserved 1071104K
  class space    used 3041K, capacity 3231K, committed 3352K, reserved 1048576K
}
2019-10-16T14:16:48.132+0000: 7.984: Total time for which application threads were stopped: 0.0021871 seconds, Stopping threads took: 0.0000241 seconds
{Heap before GC invocations=290 (full 2):
 par new generation   total 4928K, used 4900K [0x00000000f0800000, 0x00000000f0d50000, 0x00000000f5a00000)
  eden space 4416K,  99% used [0x00000000f0800000, 0x00000000f0c490f0, 0x00000000f0c50000)
  from space 512K, 100% used [0x00000000f0c50000, 0x00000000f0cd0000, 0x00000000f0cd0000)
  to   space 512K,   0% used [0x00000000f0cd0000, 0x00000000f0cd0000, 0x00000000f0d50000)
 concurrent mark-sweep generation total 11136K, used 9715K [0x00000000f5a00000, 0x00000000f64e0000, 0x0000000100000000)
 Metaspace       used 24465K, capacity 25086K, committed 25368K, reserved 1071104K
  class space    used 3041K, capacity 3231K, committed 3352K, reserved 1048576K
2019-10-16T14:16:48.160+0000: 8.013: [GC (Allocation Failure) 2019-10-16T14:16:48.161+0000: 8.013: [ParNew
Desired survivor size 262144 bytes, new threshold 2 (max 6)
- age   1:     130184 bytes,     130184 total
- age   2:     240632 bytes,     370816 total
: 4900K->512K(4928K), 0.0021762 secs] 14615K->10356K(16064K), 0.0022438 secs] [Times: user=0.00 sys=0.00, real=0.01 secs] 
Heap after GC invocations=291 (full 2):
 par new generation   total 4928K, used 512K [0x00000000f0800000, 0x00000000f0d50000, 0x00000000f5a00000)
  eden space 4416K,   0% used [0x00000000f0800000, 0x00000000f0800000, 0x00000000f0c50000)
  from space 512K, 100% used [0x00000000f0cd0000, 0x00000000f0d50000, 0x00000000f0d50000)
  to   space 512K,   0% used [0x00000000f0c50000, 0x00000000f0c50000, 0x00000000f0cd0000)
 concurrent mark-sweep generation total 11136K, used 9844K [0x00000000f5a00000, 0x00000000f64e0000, 0x0000000100000000)
 Metaspace       used 24465K, capacity 25086K, committed 25368K, reserved 1071104K
  class space    used 3041K, capacity 3231K, committed 3352K, reserved 1048576K
}
2019-10-16T14:16:48.163+0000: 8.015: Total time for which application threads were stopped: 0.0023583 seconds, Stopping threads took: 0.0000208 seconds
{Heap before GC invocations=291 (full 2):
 par new generation   total 4928K, used 4908K [0x00000000f0800000, 0x00000000f0d50000, 0x00000000f5a00000)
  eden space 4416K,  99% used [0x00000000f0800000, 0x00000000f0c4b300, 0x00000000f0c50000)
  from space 512K, 100% used [0x00000000f0cd0000, 0x00000000f0d50000, 0x00000000f0d50000)
  to   space 512K,   0% used [0x00000000f0c50000, 0x00000000f0c50000, 0x00000000f0cd0000)
 concurrent mark-sweep generation total 11136K, used 9844K [0x00000000f5a00000, 0x00000000f64e0000, 0x0000000100000000)
 Metaspace       used 24465K, capacity 25086K, committed 25368K, reserved 1071104K
  class space    used 3041K, capacity 3231K, committed 3352K, reserved 1048576K
2019-10-16T14:16:48.190+0000: 8.042: [GC (Allocation Failure) 2019-10-16T14:16:48.190+0000: 8.042: [ParNew
Desired survivor size 262144 bytes, new threshold 6 (max 6)
- age   1:     122576 bytes,     122576 total
- age   2:      68304 bytes,     190880 total
: 4908K->358K(4928K), 0.0022907 secs] 14753K->10447K(16064K), 0.0023493 secs] [Times: user=0.00 sys=0.00, real=0.00 secs] 
Heap after GC invocations=292 (full 2):
 par new generation   total 4928K, used 358K [0x00000000f0800000, 0x00000000f0d50000, 0x00000000f5a00000)
  eden space 4416K,   0% used [0x00000000f0800000, 0x00000000f0800000, 0x00000000f0c50000)
  from space 512K,  69% used [0x00000000f0c50000, 0x00000000f0ca9838, 0x00000000f0cd0000)
  to   space 512K,   0% used [0x00000000f0cd0000, 0x00000000f0cd0000, 0x00000000f0d50000)
 concurrent mark-sweep generation total 11136K, used 10089K [0x00000000f5a00000, 0x00000000f64e0000, 0x0000000100000000)
 Metaspace       used 24465K, capacity 25086K, committed 25368K, reserved 1071104K
  class space    used 3041K, capacity 3231K, committed 3352K, reserved 1048576K
}
2019-10-16T14:16:48.193+0000: 8.045: Total time for which application threads were stopped: 0.0024647 seconds, Stopping threads took: 0.0000249 seconds
{Heap before GC invocations=292 (full 2):
 par new generation   total 4928K, used 4774K [0x00000000f0800000, 0x00000000f0d50000, 0x00000000f5a00000)
  eden space 4416K, 100% used [0x00000000f0800000, 0x00000000f0c50000, 0x00000000f0c50000)
  from space 512K,  69% used [0x00000000f0c50000, 0x00000000f0ca9838, 0x00000000f0cd0000)
  to   space 512K,   0% used [0x00000000f0cd0000, 0x00000000f0cd0000, 0x00000000f0d50000)
 concurrent mark-sweep generation total 11136K, used 10089K [0x00000000f5a00000, 0x00000000f64e0000, 0x0000000100000000)
 Metaspace       used 24573K, capacity 25214K, committed 25368K, reserved 1071104K
  class space    used 3055K, capacity 3231K, committed 3352K, reserved 1048576K
2019-10-16T14:16:48.222+0000: 8.074: [GC (Allocation Failure) 2019-10-16T14:16:48.222+0000: 8.074: [ParNew
Desired survivor size 262144 bytes, new threshold 6 (max 6)
- age   1:     105720 bytes,     105720 total
- age   2:      63776 bytes,     169496 total
- age   3:      68192 bytes,     237688 total
: 4774K->318K(4928K), 0.0015833 secs] 14863K->10407K(16064K), 0.0016378 secs] [Times: user=0.00 sys=0.00, real=0.00 secs] 
Heap after GC invocations=293 (full 2):
 par new generation   total 4928K, used 318K [0x00000000f0800000, 0x00000000f0d50000, 0x00000000f5a00000)
  eden space 4416K,   0% used [0x00000000f0800000, 0x00000000f0800000, 0x00000000f0c50000)
  from space 512K,  62% used [0x00000000f0cd0000, 0x00000000f0d1f8d0, 0x00000000f0d50000)
  to   space 512K,   0% used [0x00000000f0c50000, 0x00000000f0c50000, 0x00000000f0cd0000)
 concurrent mark-sweep generation total 11136K, used 10089K [0x00000000f5a00000, 0x00000000f64e0000, 0x0000000100000000)
 Metaspace       used 24573K, capacity 25214K, committed 25368K, reserved 1071104K
  class space    used 3055K, capacity 3231K, committed 3352K, reserved 1048576K
}
2019-10-16T14:16:48.224+0000: 8.076: Total time for which application threads were stopped: 0.0017506 seconds, Stopping threads took: 0.0000231 seconds
{Heap before GC invocations=293 (full 2):
 par new generation   total 4928K, used 4734K [0x00000000f0800000, 0x00000000f0d50000, 0x00000000f5a00000)
  eden space 4416K, 100% used [0x00000000f0800000, 0x00000000f0c50000, 0x00000000f0c50000)
  from space 512K,  62% used [0x00000000f0cd0000, 0x00000000f0d1f8d0, 0x00000000f0d50000)
  to   space 512K,   0% used [0x00000000f0c50000, 0x00000000f0c50000, 0x00000000f0cd0000)
 concurrent mark-sweep generation total 11136K, used 10089K [0x00000000f5a00000, 0x00000000f64e0000, 0x0000000100000000)
 Metaspace       used 24788K, capacity 25438K, committed 25624K, reserved 1071104K
  class space    used 3090K, capacity 3263K, committed 3352K, reserved 1048576K
2019-10-16T14:16:48.260+0000: 8.112: [GC (Allocation Failure) 2019-10-16T14:16:48.260+0000: 8.112: [ParNew
Desired survivor size 262144 bytes, new threshold 4 (max 6)
- age   1:      99256 bytes,      99256 total
- age   2:      90272 bytes,     189528 total
- age   3:      63664 bytes,     253192 total
- age   4:      68192 bytes,     321384 total
: 4734K->424K(4928K), 0.0017973 secs] 14823K->10514K(16064K), 0.0018415 secs] [Times: user=0.00 sys=0.00, real=0.00 secs] 
Heap after GC invocations=294 (full 2):
 par new generation   total 4928K, used 424K [0x00000000f0800000, 0x00000000f0d50000, 0x00000000f5a00000)
  eden space 4416K,   0% used [0x00000000f0800000, 0x00000000f0800000, 0x00000000f0c50000)
  from space 512K,  82% used [0x00000000f0c50000, 0x00000000f0cba3c0, 0x00000000f0cd0000)
  to   space 512K,   0% used [0x00000000f0cd0000, 0x00000000f0cd0000, 0x00000000f0d50000)
 concurrent mark-sweep generation total 11136K, used 10089K [0x00000000f5a00000, 0x00000000f64e0000, 0x0000000100000000)
 Metaspace       used 24788K, capacity 25438K, committed 25624K, reserved 1071104K
  class space    used 3090K, capacity 3263K, committed 3352K, reserved 1048576K
}
2019-10-16T14:16:48.262+0000: 8.114: Total time for which application threads were stopped: 0.0019463 seconds, Stopping threads took: 0.0000224 seconds
{Heap before GC invocations=294 (full 2):
 par new generation   total 4928K, used 4840K [0x00000000f0800000, 0x00000000f0d50000, 0x00000000f5a00000)
  eden space 4416K, 100% used [0x00000000f0800000, 0x00000000f0c50000, 0x00000000f0c50000)
  from space 512K,  82% used [0x00000000f0c50000, 0x00000000f0cba3c0, 0x00000000f0cd0000)
  to   space 512K,   0% used [0x00000000f0cd0000, 0x00000000f0cd0000, 0x00000000f0d50000)
 concurrent mark-sweep generation total 11136K, used 10089K [0x00000000f5a00000, 0x00000000f64e0000, 0x0000000100000000)
 Metaspace       used 24846K, capacity 25502K, committed 25624K, reserved 1071104K
  class space    used 3095K, capacity 3263K, committed 3352K, reserved 1048576K
2019-10-16T14:16:48.299+0000: 8.151: [GC (Allocation Failure) 2019-10-16T14:16:48.299+0000: 8.151: [ParNew
Desired survivor size 262144 bytes, new threshold 3 (max 6)
- age   1:     148768 bytes,     148768 total
- age   2:      89760 bytes,     238528 total
- age   3:      83496 bytes,     322024 total
- age   4:      58032 bytes,     380056 total
: 4840K->512K(4928K), 0.0020791 secs] 14930K->10673K(16064K), 0.0021329 secs] [Times: user=0.00 sys=0.00, real=0.00 secs] 
Heap after GC invocations=295 (full 2):
 par new generation   total 4928K, used 512K [0x00000000f0800000, 0x00000000f0d50000, 0x00000000f5a00000)
  eden space 4416K,   0% used [0x00000000f0800000, 0x00000000f0800000, 0x00000000f0c50000)
  from space 512K, 100% used [0x00000000f0cd0000, 0x00000000f0d50000, 0x00000000f0d50000)
  to   space 512K,   0% used [0x00000000f0c50000, 0x00000000f0c50000, 0x00000000f0cd0000)
 concurrent mark-sweep generation total 11136K, used 10161K [0x00000000f5a00000, 0x00000000f64e0000, 0x0000000100000000)
 Metaspace       used 24846K, capacity 25502K, committed 25624K, reserved 1071104K
  class space    used 3095K, capacity 3263K, committed 3352K, reserved 1048576K
}
2019-10-16T14:16:48.301+0000: 8.153: Total time for which application threads were stopped: 0.0022397 seconds, Stopping threads took: 0.0000236 seconds
{Heap before GC invocations=295 (full 2):
 par new generation   total 4928K, used 4928K [0x00000000f0800000, 0x00000000f0d50000, 0x00000000f5a00000)
  eden space 4416K, 100% used [0x00000000f0800000, 0x00000000f0c50000, 0x00000000f0c50000)
  from space 512K, 100% used [0x00000000f0cd0000, 0x00000000f0d50000, 0x00000000f0d50000)
  to   space 512K,   0% used [0x00000000f0c50000, 0x00000000f0c50000, 0x00000000f0cd0000)
 concurrent mark-sweep generation total 11136K, used 10161K [0x00000000f5a00000, 0x00000000f64e0000, 0x0000000100000000)
 Metaspace       used 24871K, capacity 25502K, committed 25624K, reserved 1071104K
  class space    used 3099K, capacity 3263K, committed 3352K, reserved 1048576K
2019-10-16T14:16:48.346+0000: 8.198: [GC (Allocation Failure) 2019-10-16T14:16:48.346+0000: 8.198: [ParNew
Desired survivor size 262144 bytes, new threshold 3 (max 6)
- age   1:     165640 bytes,     165640 total
- age   2:      57168 bytes,     222808 total
- age   3:      89760 bytes,     312568 total
: 4928K->356K(4928K), 0.0024254 secs] 15089K->10659K(16064K), 0.0024746 secs] [Times: user=0.01 sys=0.00, real=0.00 secs] 
Heap after GC invocations=296 (full 2):
 par new generation   total 4928K, used 356K [0x00000000f0800000, 0x00000000f0d50000, 0x00000000f5a00000)
  eden space 4416K,   0% used [0x00000000f0800000, 0x00000000f0800000, 0x00000000f0c50000)
  from space 512K,  69% used [0x00000000f0c50000, 0x00000000f0ca9050, 0x00000000f0cd0000)
  to   space 512K,   0% used [0x00000000f0cd0000, 0x00000000f0cd0000, 0x00000000f0d50000)
 concurrent mark-sweep generation total 11136K, used 10303K [0x00000000f5a00000, 0x00000000f64e0000, 0x0000000100000000)
 Metaspace       used 24871K, capacity 25502K, committed 25624K, reserved 1071104K
  class space    used 3099K, capacity 3263K, committed 3352K, reserved 1048576K
}
2019-10-16T14:16:48.349+0000: 8.201: Total time for which application threads were stopped: 0.0025897 seconds, Stopping threads took: 0.0000256 seconds
{Heap before GC invocations=296 (full 2):
 par new generation   total 4928K, used 4772K [0x00000000f0800000, 0x00000000f0d50000, 0x00000000f5a00000)
  eden space 4416K, 100% used [0x00000000f0800000, 0x00000000f0c50000, 0x00000000f0c50000)
  from space 512K,  69% used [0x00000000f0c50000, 0x00000000f0ca9050, 0x00000000f0cd0000)
  to   space 512K,   0% used [0x00000000f0cd0000, 0x00000000f0cd0000, 0x00000000f0d50000)
 concurrent mark-sweep generation total 11136K, used 10303K [0x00000000f5a00000, 0x00000000f64e0000, 0x0000000100000000)
 Metaspace       used 24884K, capacity 25502K, committed 25624K, reserved 1071104K
  class space    used 3102K, capacity 3263K, committed 3352K, reserved 1048576K
2019-10-16T14:16:48.382+0000: 8.234: [GC (Allocation Failure) 2019-10-16T14:16:48.382+0000: 8.234: [ParNew
Desired survivor size 262144 bytes, new threshold 2 (max 6)
- age   1:     176656 bytes,     176656 total
- age   2:     141360 bytes,     318016 total
- age   3:      57072 bytes,     375088 total
: 4772K->512K(4928K), 0.0022032 secs] 15075K->10911K(16064K), 0.0022602 secs] [Times: user=0.00 sys=0.00, real=0.01 secs] 
Heap after GC invocations=297 (full 2):
 par new generation   total 4928K, used 512K [0x00000000f0800000, 0x00000000f0d50000, 0x00000000f5a00000)
  eden space 4416K,   0% used [0x00000000f0800000, 0x00000000f0800000, 0x00000000f0c50000)
  from space 512K, 100% used [0x00000000f0cd0000, 0x00000000f0d50000, 0x00000000f0d50000)
  to   space 512K,   0% used [0x00000000f0c50000, 0x00000000f0c50000, 0x00000000f0cd0000)
 concurrent mark-sweep generation total 11136K, used 10399K [0x00000000f5a00000, 0x00000000f64e0000, 0x0000000100000000)
 Metaspace       used 24884K, capacity 25502K, committed 25624K, reserved 1071104K
  class space    used 3102K, capacity 3263K, committed 3352K, reserved 1048576K
}
2019-10-16T14:16:48.384+0000: 8.236: Total time for which application threads were stopped: 0.0023829 seconds, Stopping threads took: 0.0000239 seconds
{Heap before GC invocations=297 (full 2):
 par new generation   total 4928K, used 4928K [0x00000000f0800000, 0x00000000f0d50000, 0x00000000f5a00000)
  eden space 4416K, 100% used [0x00000000f0800000, 0x00000000f0c50000, 0x00000000f0c50000)
  from space 512K, 100% used [0x00000000f0cd0000, 0x00000000f0d50000, 0x00000000f0d50000)
  to   space 512K,   0% used [0x00000000f0c50000, 0x00000000f0c50000, 0x00000000f0cd0000)
 concurrent mark-sweep generation total 11136K, used 10399K [0x00000000f5a00000, 0x00000000f64e0000, 0x0000000100000000)
 Metaspace       used 24921K, capacity 25572K, committed 25880K, reserved 1071104K
  class space    used 3103K, capacity 3264K, committed 3352K, reserved 1048576K
2019-10-16T14:16:48.435+0000: 8.287: [GC (Allocation Failure) 2019-10-16T14:16:48.435+0000: 8.287: [ParNew
Desired survivor size 262144 bytes, new threshold 2 (max 6)
- age   1:     161560 bytes,     161560 total
- age   2:     166904 bytes,     328464 total
: 4928K->357K(4928K), 0.0028179 secs] 15327K->10957K(16064K), 0.0028674 secs] [Times: user=0.00 sys=0.00, real=0.00 secs] 
Heap after GC invocations=298 (full 2):
 par new generation   total 4928K, used 357K [0x00000000f0800000, 0x00000000f0d50000, 0x00000000f5a00000)
  eden space 4416K,   0% used [0x00000000f0800000, 0x00000000f0800000, 0x00000000f0c50000)
  from space 512K,  69% used [0x00000000f0c50000, 0x00000000f0ca9588, 0x00000000f0cd0000)
  to   space 512K,   0% used [0x00000000f0cd0000, 0x00000000f0cd0000, 0x00000000f0d50000)
 concurrent mark-sweep generation total 11136K, used 10600K [0x00000000f5a00000, 0x00000000f64e0000, 0x0000000100000000)
 Metaspace       used 24921K, capacity 25572K, committed 25880K, reserved 1071104K
  class space    used 3103K, capacity 3264K, committed 3352K, reserved 1048576K
}
2019-10-16T14:16:48.438+0000: 8.290: Total time for which application threads were stopped: 0.0030088 seconds, Stopping threads took: 0.0000235 seconds
{Heap before GC invocations=298 (full 2):
 par new generation   total 4928K, used 4773K [0x00000000f0800000, 0x00000000f0d50000, 0x00000000f5a00000)
  eden space 4416K, 100% used [0x00000000f0800000, 0x00000000f0c50000, 0x00000000f0c50000)
  from space 512K,  69% used [0x00000000f0c50000, 0x00000000f0ca9588, 0x00000000f0cd0000)
  to   space 512K,   0% used [0x00000000f0cd0000, 0x00000000f0cd0000, 0x00000000f0d50000)
 concurrent mark-sweep generation total 11136K, used 10600K [0x00000000f5a00000, 0x00000000f64e0000, 0x0000000100000000)
 Metaspace       used 24959K, capacity 25572K, committed 25880K, reserved 1071104K
  class space    used 3111K, capacity 3264K, committed 3352K, reserved 1048576K
2019-10-16T14:16:48.485+0000: 8.337: [GC (Allocation Failure) 2019-10-16T14:16:48.485+0000: 8.337: [ParNew
Desired survivor size 262144 bytes, new threshold 2 (max 6)
- age   1:     165280 bytes,     165280 total
- age   2:     146856 bytes,     312136 total
: 4773K->328K(4928K), 0.0028228 secs] 15373K->11097K(16064K), 0.0028836 secs] [Times: user=0.01 sys=0.00, real=0.00 secs] 
Heap after GC invocations=299 (full 2):
 par new generation   total 4928K, used 328K [0x00000000f0800000, 0x00000000f0d50000, 0x00000000f5a00000)
  eden space 4416K,   0% used [0x00000000f0800000, 0x00000000f0800000, 0x00000000f0c50000)
  from space 512K,  64% used [0x00000000f0cd0000, 0x00000000f0d22218, 0x00000000f0d50000)
  to   space 512K,   0% used [0x00000000f0c50000, 0x00000000f0c50000, 0x00000000f0cd0000)
 concurrent mark-sweep generation total 11136K, used 10769K [0x00000000f5a00000, 0x00000000f64e0000, 0x0000000100000000)
 Metaspace       used 24959K, capacity 25572K, committed 25880K, reserved 1071104K
  class space    used 3111K, capacity 3264K, committed 3352K, reserved 1048576K
}
2019-10-16T14:16:48.488+0000: 8.340: Total time for which application threads were stopped: 0.0030386 seconds, Stopping threads took: 0.0000365 seconds
{Heap before GC invocations=299 (full 2):
 par new generation   total 4928K, used 4733K [0x00000000f0800000, 0x00000000f0d50000, 0x00000000f5a00000)
  eden space 4416K,  99% used [0x00000000f0800000, 0x00000000f0c4d540, 0x00000000f0c50000)
  from space 512K,  64% used [0x00000000f0cd0000, 0x00000000f0d22218, 0x00000000f0d50000)
  to   space 512K,   0% used [0x00000000f0c50000, 0x00000000f0c50000, 0x00000000f0cd0000)
 concurrent mark-sweep generation total 11136K, used 10769K [0x00000000f5a00000, 0x00000000f64e0000, 0x0000000100000000)
 Metaspace       used 24963K, capacity 25604K, committed 25880K, reserved 1071104K
  class space    used 3112K, capacity 3296K, committed 3352K, reserved 1048576K
2019-10-16T14:16:48.502+0000: 8.354: [GC (Allocation Failure) 2019-10-16T14:16:48.502+0000: 8.354: [ParNew
Desired survivor size 262144 bytes, new threshold 6 (max 6)
- age   1:     102712 bytes,     102712 total
- age   2:     155304 bytes,     258016 total
: 4733K->308K(4928K), 0.0019808 secs] 15502K->11225K(16256K), 0.0020176 secs] [Times: user=0.00 sys=0.00, real=0.00 secs] 
Heap after GC invocations=300 (full 2):
 par new generation   total 4928K, used 308K [0x00000000f0800000, 0x00000000f0d50000, 0x00000000f5a00000)
  eden space 4416K,   0% used [0x00000000f0800000, 0x00000000f0800000, 0x00000000f0c50000)
  from space 512K,  60% used [0x00000000f0c50000, 0x00000000f0c9d0a0, 0x00000000f0cd0000)
  to   space 512K,   0% used [0x00000000f0cd0000, 0x00000000f0cd0000, 0x00000000f0d50000)
 concurrent mark-sweep generation total 11328K, used 10917K [0x00000000f5a00000, 0x00000000f6510000, 0x0000000100000000)
 Metaspace       used 24963K, capacity 25604K, committed 25880K, reserved 1071104K
  class space    used 3112K, capacity 3296K, committed 3352K, reserved 1048576K
}
2019-10-16T14:16:48.504+0000: 8.356: Total time for which application threads were stopped: 0.0021323 seconds, Stopping threads took: 0.0000335 seconds
{Heap before GC invocations=300 (full 2):
 par new generation   total 4928K, used 4716K [0x00000000f0800000, 0x00000000f0d50000, 0x00000000f5a00000)
  eden space 4416K,  99% used [0x00000000f0800000, 0x00000000f0c4e018, 0x00000000f0c50000)
  from space 512K,  60% used [0x00000000f0c50000, 0x00000000f0c9d0a0, 0x00000000f0cd0000)
  to   space 512K,   0% used [0x00000000f0cd0000, 0x00000000f0cd0000, 0x00000000f0d50000)
 concurrent mark-sweep generation total 11328K, used 10917K [0x00000000f5a00000, 0x00000000f6510000, 0x0000000100000000)
 Metaspace       used 24963K, capacity 25604K, committed 25880K, reserved 1071104K
  class space    used 3112K, capacity 3296K, committed 3352K, reserved 1048576K
2019-10-16T14:16:48.508+0000: 8.360: [GC (Allocation Failure) 2019-10-16T14:16:48.508+0000: 8.360: [ParNew
Desired survivor size 262144 bytes, new threshold 3 (max 6)
- age   1:      28776 bytes,      28776 total
- age   2:      87056 bytes,     115832 total
- age   3:     155304 bytes,     271136 total
: 4716K->265K(4928K), 0.0010511 secs] 15633K->11182K(16256K), 0.0010811 secs] [Times: user=0.00 sys=0.00, real=0.00 secs] 
Heap after GC invocations=301 (full 2):
 par new generation   total 4928K, used 265K [0x00000000f0800000, 0x00000000f0d50000, 0x00000000f5a00000)
  eden space 4416K,   0% used [0x00000000f0800000, 0x00000000f0800000, 0x00000000f0c50000)
  from space 512K,  51% used [0x00000000f0cd0000, 0x00000000f0d12500, 0x00000000f0d50000)
  to   space 512K,   0% used [0x00000000f0c50000, 0x00000000f0c50000, 0x00000000f0cd0000)
 concurrent mark-sweep generation total 11328K, used 10917K [0x00000000f5a00000, 0x00000000f6510000, 0x0000000100000000)
 Metaspace       used 24963K, capacity 25604K, committed 25880K, reserved 1071104K
  class space    used 3112K, capacity 3296K, committed 3352K, reserved 1048576K
}
2019-10-16T14:16:48.510+0000: 8.362: Total time for which application threads were stopped: 0.0011753 seconds, Stopping threads took: 0.0000176 seconds
2019-10-16T14:16:48.512+0000: 8.364: [CMS-concurrent-abortable-preclean: 0.110/0.718 secs] [Times: user=0.70 sys=0.02, real=0.72 secs] 
{Heap before GC invocations=301 (full 2):
 par new generation   total 4928K, used 4668K [0x00000000f0800000, 0x00000000f0d50000, 0x00000000f5a00000)
  eden space 4416K,  99% used [0x00000000f0800000, 0x00000000f0c4ce40, 0x00000000f0c50000)
  from space 512K,  51% used [0x00000000f0cd0000, 0x00000000f0d12500, 0x00000000f0d50000)
  to   space 512K,   0% used [0x00000000f0c50000, 0x00000000f0c50000, 0x00000000f0cd0000)
 concurrent mark-sweep generation total 11328K, used 10917K [0x00000000f5a00000, 0x00000000f6510000, 0x0000000100000000)
 Metaspace       used 24963K, capacity 25604K, committed 25880K, reserved 1071104K
  class space    used 3112K, capacity 3296K, committed 3352K, reserved 1048576K
2019-10-16T14:16:48.512+0000: 8.364: [GC (Allocation Failure) 2019-10-16T14:16:48.512+0000: 8.364: [ParNew
Desired survivor size 262144 bytes, new threshold 6 (max 6)
- age   1:      38024 bytes,      38024 total
- age   3:      87056 bytes,     125080 total
: 4668K->264K(4928K), 0.0015280 secs] 15585K->11341K(16448K), 0.0015539 secs] [Times: user=0.00 sys=0.00, real=0.00 secs] 
Heap after GC invocations=302 (full 2):
 par new generation   total 4928K, used 264K [0x00000000f0800000, 0x00000000f0d50000, 0x00000000f5a00000)
  eden space 4416K,   0% used [0x00000000f0800000, 0x00000000f0800000, 0x00000000f0c50000)
  from space 512K,  51% used [0x00000000f0c50000, 0x00000000f0c923a0, 0x00000000f0cd0000)
  to   space 512K,   0% used [0x00000000f0cd0000, 0x00000000f0cd0000, 0x00000000f0d50000)
 concurrent mark-sweep generation total 11520K, used 11076K [0x00000000f5a00000, 0x00000000f6540000, 0x0000000100000000)
 Metaspace       used 24963K, capacity 25604K, committed 25880K, reserved 1071104K
  class space    used 3112K, capacity 3296K, committed 3352K, reserved 1048576K
}
2019-10-16T14:16:48.514+0000: 8.366: Total time for which application threads were stopped: 0.0016510 seconds, Stopping threads took: 0.0000173 seconds
{Heap before GC invocations=302 (full 2):
 par new generation   total 4928K, used 4640K [0x00000000f0800000, 0x00000000f0d50000, 0x00000000f5a00000)
  eden space 4416K,  99% used [0x00000000f0800000, 0x00000000f0c45d68, 0x00000000f0c50000)
  from space 512K,  51% used [0x00000000f0c50000, 0x00000000f0c923a0, 0x00000000f0cd0000)
  to   space 512K,   0% used [0x00000000f0cd0000, 0x00000000f0cd0000, 0x00000000f0d50000)
 concurrent mark-sweep generation total 11520K, used 11076K [0x00000000f5a00000, 0x00000000f6540000, 0x0000000100000000)
 Metaspace       used 24963K, capacity 25604K, committed 25880K, reserved 1071104K
  class space    used 3112K, capacity 3296K, committed 3352K, reserved 1048576K
2019-10-16T14:16:48.514+0000: 8.367: [GC (Allocation Failure) 2019-10-16T14:16:48.515+0000: 8.367: [ParNew
Desired survivor size 262144 bytes, new threshold 6 (max 6)
- age   1:      45408 bytes,      45408 total
- age   4:      87056 bytes,     132464 total
: 4640K->145K(4928K), 0.0006975 secs] 15716K->11221K(16448K), 0.0007250 secs] [Times: user=0.01 sys=0.00, real=0.00 secs] 
Heap after GC invocations=303 (full 2):
 par new generation   total 4928K, used 145K [0x00000000f0800000, 0x00000000f0d50000, 0x00000000f5a00000)
  eden space 4416K,   0% used [0x00000000f0800000, 0x00000000f0800000, 0x00000000f0c50000)
  from space 512K,  28% used [0x00000000f0cd0000, 0x00000000f0cf4520, 0x00000000f0d50000)
  to   space 512K,   0% used [0x00000000f0c50000, 0x00000000f0c50000, 0x00000000f0cd0000)
 concurrent mark-sweep generation total 11520K, used 11076K [0x00000000f5a00000, 0x00000000f6540000, 0x0000000100000000)
 Metaspace       used 24963K, capacity 25604K, committed 25880K, reserved 1071104K
  class space    used 3112K, capacity 3296K, committed 3352K, reserved 1048576K
}
2019-10-16T14:16:48.515+0000: 8.367: Total time for which application threads were stopped: 0.0008231 seconds, Stopping threads took: 0.0000084 seconds
{Heap before GC invocations=303 (full 2):
 par new generation   total 4928K, used 4556K [0x00000000f0800000, 0x00000000f0d50000, 0x00000000f5a00000)
  eden space 4416K,  99% used [0x00000000f0800000, 0x00000000f0c4eb40, 0x00000000f0c50000)
  from space 512K,  28% used [0x00000000f0cd0000, 0x00000000f0cf4520, 0x00000000f0d50000)
  to   space 512K,   0% used [0x00000000f0c50000, 0x00000000f0c50000, 0x00000000f0cd0000)
 concurrent mark-sweep generation total 11520K, used 11076K [0x00000000f5a00000, 0x00000000f6540000, 0x0000000100000000)
 Metaspace       used 24963K, capacity 25604K, committed 25880K, reserved 1071104K
  class space    used 3112K, capacity 3296K, committed 3352K, reserved 1048576K
2019-10-16T14:16:48.518+0000: 8.370: [GC (Allocation Failure) 2019-10-16T14:16:48.518+0000: 8.370: [ParNew
Desired survivor size 262144 bytes, new threshold 6 (max 6)
- age   1:      51752 bytes,      51752 total
- age   5:      87056 bytes,     138808 total
: 4556K->200K(4928K), 0.0006932 secs] 15632K->11276K(16448K), 0.0007300 secs] [Times: user=0.00 sys=0.00, real=0.00 secs] 
Heap after GC invocations=304 (full 2):
 par new generation   total 4928K, used 200K [0x00000000f0800000, 0x00000000f0d50000, 0x00000000f5a00000)
  eden space 4416K,   0% used [0x00000000f0800000, 0x00000000f0800000, 0x00000000f0c50000)
  from space 512K,  39% used [0x00000000f0c50000, 0x00000000f0c820d0, 0x00000000f0cd0000)
  to   space 512K,   0% used [0x00000000f0cd0000, 0x00000000f0cd0000, 0x00000000f0d50000)
 concurrent mark-sweep generation total 11520K, used 11076K [0x00000000f5a00000, 0x00000000f6540000, 0x0000000100000000)
 Metaspace       used 24963K, capacity 25604K, committed 25880K, reserved 1071104K
  class space    used 3112K, capacity 3296K, committed 3352K, reserved 1048576K
}
2019-10-16T14:16:48.519+0000: 8.371: Total time for which application threads were stopped: 0.0008110 seconds, Stopping threads took: 0.0000091 seconds
2019-10-16T14:16:48.520+0000: 8.372: [GC (CMS Final Remark) [YG occupancy: 4610 K (4928 K)]2019-10-16T14:16:48.520+0000: 8.372: [Rescan (parallel) , 0.0007396 secs]2019-10-16T14:16:48.521+0000: 8.373: [weak refs processing, 0.0000271 secs]2019-10-16T14:16:48.521+0000: 8.373: [class unloading, 0.0081464 secs]2019-10-16T14:16:48.529+0000: 8.381: [scrub symbol table, 0.0073713 secs]2019-10-16T14:16:48.536+0000: 8.388: [scrub string table, 0.0004330 secs][1 CMS-remark: 11076K(11520K)] 15686K(16448K), 0.0168616 secs] [Times: user=0.02 sys=0.00, real=0.02 secs] 
2019-10-16T14:16:48.537+0000: 8.389: Total time for which application threads were stopped: 0.0169168 seconds, Stopping threads took: 0.0000080 seconds
2019-10-16T14:16:48.537+0000: 8.389: [CMS-concurrent-sweep-start]
2019-10-16T14:16:48.541+0000: 8.393: [CMS-concurrent-sweep: 0.004/0.004 secs] [Times: user=0.00 sys=0.00, real=0.00 secs] 
2019-10-16T14:16:48.541+0000: 8.393: [CMS-concurrent-reset-start]
2019-10-16T14:16:48.541+0000: 8.393: [CMS-concurrent-reset: 0.000/0.000 secs] [Times: user=0.00 sys=0.00, real=0.00 secs] 
{Heap before GC invocations=304 (full 2):
 par new generation   total 4928K, used 4610K [0x00000000f0800000, 0x00000000f0d50000, 0x00000000f5a00000)
  eden space 4416K,  99% used [0x00000000f0800000, 0x00000000f0c4eac0, 0x00000000f0c50000)
  from space 512K,  39% used [0x00000000f0c50000, 0x00000000f0c820d0, 0x00000000f0cd0000)
  to   space 512K,   0% used [0x00000000f0cd0000, 0x00000000f0cd0000, 0x00000000f0d50000)
 concurrent mark-sweep generation total 17752K, used 10651K [0x00000000f5a00000, 0x00000000f6b56000, 0x0000000100000000)
 Metaspace       used 24963K, capacity 25604K, committed 25880K, reserved 1071104K
  class space    used 3112K, capacity 3296K, committed 3352K, reserved 1048576K
2019-10-16T14:16:48.541+0000: 8.393: [GC (Allocation Failure) 2019-10-16T14:16:48.541+0000: 8.393: [ParNew
Desired survivor size 262144 bytes, new threshold 6 (max 6)
- age   1:      57416 bytes,      57416 total
- age   6:      87056 bytes,     144472 total
: 4610K->159K(4928K), 0.0010262 secs] 15261K->10811K(22680K), 0.0010714 secs] [Times: user=0.00 sys=0.00, real=0.01 secs] 
Heap after GC invocations=305 (full 2):
 par new generation   total 4928K, used 159K [0x00000000f0800000, 0x00000000f0d50000, 0x00000000f5a00000)
  eden space 4416K,   0% used [0x00000000f0800000, 0x00000000f0800000, 0x00000000f0c50000)
  from space 512K,  31% used [0x00000000f0cd0000, 0x00000000f0cf7fd0, 0x00000000f0d50000)
  to   space 512K,   0% used [0x00000000f0c50000, 0x00000000f0c50000, 0x00000000f0cd0000)
 concurrent mark-sweep generation total 17752K, used 10651K [0x00000000f5a00000, 0x00000000f6b56000, 0x0000000100000000)
 Metaspace       used 24963K, capacity 25604K, committed 25880K, reserved 1071104K
  class space    used 3112K, capacity 3296K, committed 3352K, reserved 1048576K
}
2019-10-16T14:16:48.543+0000: 8.395: Total time for which application threads were stopped: 0.0011692 seconds, Stopping threads took: 0.0000111 seconds
{Heap before GC invocations=305 (full 2):
 par new generation   total 4928K, used 4527K [0x00000000f0800000, 0x00000000f0d50000, 0x00000000f5a00000)
  eden space 4416K,  98% used [0x00000000f0800000, 0x00000000f0c43d00, 0x00000000f0c50000)
  from space 512K,  31% used [0x00000000f0cd0000, 0x00000000f0cf7fd0, 0x00000000f0d50000)
  to   space 512K,   0% used [0x00000000f0c50000, 0x00000000f0c50000, 0x00000000f0cd0000)
 concurrent mark-sweep generation total 17752K, used 10651K [0x00000000f5a00000, 0x00000000f6b56000, 0x0000000100000000)
 Metaspace       used 24963K, capacity 25604K, committed 25880K, reserved 1071104K
  class space    used 3112K, capacity 3296K, committed 3352K, reserved 1048576K
2019-10-16T14:16:48.544+0000: 8.396: [GC (Allocation Failure) 2019-10-16T14:16:48.544+0000: 8.396: [ParNew
Desired survivor size 262144 bytes, new threshold 6 (max 6)
- age   1:      62520 bytes,      62520 total
: 4527K->61K(4928K), 0.0019105 secs] 15178K->10797K(22680K), 0.0019385 secs] [Times: user=0.00 sys=0.00, real=0.00 secs] 
Heap after GC invocations=306 (full 2):
 par new generation   total 4928K, used 61K [0x00000000f0800000, 0x00000000f0d50000, 0x00000000f5a00000)
  eden space 4416K,   0% used [0x00000000f0800000, 0x00000000f0800000, 0x00000000f0c50000)
  from space 512K,  11% used [0x00000000f0c50000, 0x00000000f0c5f438, 0x00000000f0cd0000)
  to   space 512K,   0% used [0x00000000f0cd0000, 0x00000000f0cd0000, 0x00000000f0d50000)
 concurrent mark-sweep generation total 17752K, used 10736K [0x00000000f5a00000, 0x00000000f6b56000, 0x0000000100000000)
 Metaspace       used 24963K, capacity 25604K, committed 25880K, reserved 1071104K
  class space    used 3112K, capacity 3296K, committed 3352K, reserved 1048576K
}
2019-10-16T14:16:48.546+0000: 8.398: Total time for which application threads were stopped: 0.0020146 seconds, Stopping threads took: 0.0000078 seconds
{Heap before GC invocations=306 (full 2):
 par new generation   total 4928K, used 4477K [0x00000000f0800000, 0x00000000f0d50000, 0x00000000f5a00000)
  eden space 4416K, 100% used [0x00000000f0800000, 0x00000000f0c50000, 0x00000000f0c50000)
  from space 512K,  11% used [0x00000000f0c50000, 0x00000000f0c5f438, 0x00000000f0cd0000)
  to   space 512K,   0% used [0x00000000f0cd0000, 0x00000000f0cd0000, 0x00000000f0d50000)
 concurrent mark-sweep generation total 17752K, used 10736K [0x00000000f5a00000, 0x00000000f6b56000, 0x0000000100000000)
 Metaspace       used 24974K, capacity 25604K, committed 25880K, reserved 1071104K
  class space    used 3116K, capacity 3296K, committed 3352K, reserved 1048576K
2019-10-16T14:16:48.555+0000: 8.407: [GC (Allocation Failure) 2019-10-16T14:16:48.555+0000: 8.407: [ParNew
Desired survivor size 262144 bytes, new threshold 6 (max 6)
- age   1:     183976 bytes,     183976 total
: 4477K->185K(4928K), 0.0007843 secs] 15213K->10921K(22680K), 0.0008232 secs] [Times: user=0.00 sys=0.00, real=0.00 secs] 
Heap after GC invocations=307 (full 2):
 par new generation   total 4928K, used 185K [0x00000000f0800000, 0x00000000f0d50000, 0x00000000f5a00000)
  eden space 4416K,   0% used [0x00000000f0800000, 0x00000000f0800000, 0x00000000f0c50000)
  from space 512K,  36% used [0x00000000f0cd0000, 0x00000000f0cfe4d8, 0x00000000f0d50000)
  to   space 512K,   0% used [0x00000000f0c50000, 0x00000000f0c50000, 0x00000000f0cd0000)
 concurrent mark-sweep generation total 17752K, used 10736K [0x00000000f5a00000, 0x00000000f6b56000, 0x0000000100000000)
 Metaspace       used 24974K, capacity 25604K, committed 25880K, reserved 1071104K
  class space    used 3116K, capacity 3296K, committed 3352K, reserved 1048576K
}
2019-10-16T14:16:48.556+0000: 8.408: Total time for which application threads were stopped: 0.0009193 seconds, Stopping threads took: 0.0000187 seconds
{Heap before GC invocations=307 (full 2):
 par new generation   total 4928K, used 4601K [0x00000000f0800000, 0x00000000f0d50000, 0x00000000f5a00000)
  eden space 4416K, 100% used [0x00000000f0800000, 0x00000000f0c50000, 0x00000000f0c50000)
  from space 512K,  36% used [0x00000000f0cd0000, 0x00000000f0cfe4d8, 0x00000000f0d50000)
  to   space 512K,   0% used [0x00000000f0c50000, 0x00000000f0c50000, 0x00000000f0cd0000)
 concurrent mark-sweep generation total 17752K, used 10736K [0x00000000f5a00000, 0x00000000f6b56000, 0x0000000100000000)
 Metaspace       used 25012K, capacity 25604K, committed 25880K, reserved 1071104K
  class space    used 3124K, capacity 3296K, committed 3352K, reserved 1048576K
2019-10-16T14:16:48.587+0000: 8.439: [GC (Allocation Failure) 2019-10-16T14:16:48.587+0000: 8.439: [ParNew
Desired survivor size 262144 bytes, new threshold 2 (max 6)
- age   1:     147096 bytes,     147096 total
- age   2:     169376 bytes,     316472 total
: 4601K->343K(4928K), 0.0016816 secs] 15337K->11080K(22680K), 0.0017432 secs] [Times: user=0.00 sys=0.00, real=0.00 secs] 
Heap after GC invocations=308 (full 2):
 par new generation   total 4928K, used 343K [0x00000000f0800000, 0x00000000f0d50000, 0x00000000f5a00000)
  eden space 4416K,   0% used [0x00000000f0800000, 0x00000000f0800000, 0x00000000f0c50000)
  from space 512K,  67% used [0x00000000f0c50000, 0x00000000f0ca5f68, 0x00000000f0cd0000)
  to   space 512K,   0% used [0x00000000f0cd0000, 0x00000000f0cd0000, 0x00000000f0d50000)
 concurrent mark-sweep generation total 17752K, used 10736K [0x00000000f5a00000, 0x00000000f6b56000, 0x0000000100000000)
 Metaspace       used 25012K, capacity 25604K, committed 25880K, reserved 1071104K
  class space    used 3124K, capacity 3296K, committed 3352K, reserved 1048576K
}
2019-10-16T14:16:48.589+0000: 8.441: Total time for which application threads were stopped: 0.0018736 seconds, Stopping threads took: 0.0000245 seconds
{Heap before GC invocations=308 (full 2):
 par new generation   total 4928K, used 4759K [0x00000000f0800000, 0x00000000f0d50000, 0x00000000f5a00000)
  eden space 4416K, 100% used [0x00000000f0800000, 0x00000000f0c50000, 0x00000000f0c50000)
  from space 512K,  67% used [0x00000000f0c50000, 0x00000000f0ca5f68, 0x00000000f0cd0000)
  to   space 512K,   0% used [0x00000000f0cd0000, 0x00000000f0cd0000, 0x00000000f0d50000)
 concurrent mark-sweep generation total 17752K, used 10736K [0x00000000f5a00000, 0x00000000f6b56000, 0x0000000100000000)
 Metaspace       used 25063K, capacity 25698K, committed 25880K, reserved 1071104K
  class space    used 3133K, capacity 3301K, committed 3352K, reserved 1048576K
2019-10-16T14:16:48.617+0000: 8.469: [GC (Allocation Failure) 2019-10-16T14:16:48.617+0000: 8.469: [ParNew
Desired survivor size 262144 bytes, new threshold 6 (max 6)
- age   1:     128688 bytes,     128688 total
- age   2:     128584 bytes,     257272 total
: 4759K->364K(4928K), 0.0020687 secs] 15496K->11267K(22680K), 0.0021173 secs] [Times: user=0.00 sys=0.00, real=0.00 secs] 
Heap after GC invocations=309 (full 2):
 par new generation   total 4928K, used 364K [0x00000000f0800000, 0x00000000f0d50000, 0x00000000f5a00000)
  eden space 4416K,   0% used [0x00000000f0800000, 0x00000000f0800000, 0x00000000f0c50000)
  from space 512K,  71% used [0x00000000f0cd0000, 0x00000000f0d2b098, 0x00000000f0d50000)
  to   space 512K,   0% used [0x00000000f0c50000, 0x00000000f0c50000, 0x00000000f0cd0000)
 concurrent mark-sweep generation total 17752K, used 10903K [0x00000000f5a00000, 0x00000000f6b56000, 0x0000000100000000)
 Metaspace       used 25063K, capacity 25698K, committed 25880K, reserved 1071104K
  class space    used 3133K, capacity 3301K, committed 3352K, reserved 1048576K
}
2019-10-16T14:16:48.619+0000: 8.471: Total time for which application threads were stopped: 0.0022514 seconds, Stopping threads took: 0.0000232 seconds
{Heap before GC invocations=309 (full 2):
 par new generation   total 4928K, used 4780K [0x00000000f0800000, 0x00000000f0d50000, 0x00000000f5a00000)
  eden space 4416K, 100% used [0x00000000f0800000, 0x00000000f0c50000, 0x00000000f0c50000)
  from space 512K,  71% used [0x00000000f0cd0000, 0x00000000f0d2b098, 0x00000000f0d50000)
  to   space 512K,   0% used [0x00000000f0c50000, 0x00000000f0c50000, 0x00000000f0cd0000)
 concurrent mark-sweep generation total 17752K, used 10903K [0x00000000f5a00000, 0x00000000f6b56000, 0x0000000100000000)
 Metaspace       used 25091K, capacity 25698K, committed 25880K, reserved 1071104K
  class space    used 3142K, capacity 3301K, committed 3352K, reserved 1048576K
2019-10-16T14:16:48.652+0000: 8.504: [GC (Allocation Failure) 2019-10-16T14:16:48.652+0000: 8.504: [ParNew
Desired survivor size 262144 bytes, new threshold 2 (max 6)
- age   1:     174248 bytes,     174248 total
- age   2:     102992 bytes,     277240 total
- age   3:     125416 bytes,     402656 total
: 4780K->469K(4928K), 0.0020406 secs] 15683K->11372K(22680K), 0.0020849 secs] [Times: user=0.00 sys=0.00, real=0.00 secs] 
Heap after GC invocations=310 (full 2):
 par new generation   total 4928K, used 469K [0x00000000f0800000, 0x00000000f0d50000, 0x00000000f5a00000)
  eden space 4416K,   0% used [0x00000000f0800000, 0x00000000f0800000, 0x00000000f0c50000)
  from space 512K,  91% used [0x00000000f0c50000, 0x00000000f0cc54a8, 0x00000000f0cd0000)
  to   space 512K,   0% used [0x00000000f0cd0000, 0x00000000f0cd0000, 0x00000000f0d50000)
 concurrent mark-sweep generation total 17752K, used 10903K [0x00000000f5a00000, 0x00000000f6b56000, 0x0000000100000000)
 Metaspace       used 25091K, capacity 25698K, committed 25880K, reserved 1071104K
  class space    used 3142K, capacity 3301K, committed 3352K, reserved 1048576K
}
2019-10-16T14:16:48.654+0000: 8.506: Total time for which application threads were stopped: 0.0022113 seconds, Stopping threads took: 0.0000286 seconds
{Heap before GC invocations=310 (full 2):
 par new generation   total 4928K, used 4882K [0x00000000f0800000, 0x00000000f0d50000, 0x00000000f5a00000)
  eden space 4416K,  99% used [0x00000000f0800000, 0x00000000f0c4f520, 0x00000000f0c50000)
  from space 512K,  91% used [0x00000000f0c50000, 0x00000000f0cc54a8, 0x00000000f0cd0000)
  to   space 512K,   0% used [0x00000000f0cd0000, 0x00000000f0cd0000, 0x00000000f0d50000)
 concurrent mark-sweep generation total 17752K, used 10903K [0x00000000f5a00000, 0x00000000f6b56000, 0x0000000100000000)
 Metaspace       used 25107K, capacity 25762K, committed 25880K, reserved 1071104K
  class space    used 3144K, capacity 3301K, committed 3352K, reserved 1048576K
2019-10-16T14:16:48.695+0000: 8.547: [GC (Allocation Failure) 2019-10-16T14:16:48.695+0000: 8.547: [ParNew
Desired survivor size 262144 bytes, new threshold 2 (max 6)
- age   1:     204120 bytes,     204120 total
- age   2:     139168 bytes,     343288 total
: 4882K->512K(4928K), 0.0029369 secs] 15785K->11649K(22680K), 0.0029941 secs] [Times: user=0.01 sys=0.00, real=0.00 secs] 
Heap after GC invocations=311 (full 2):
 par new generation   total 4928K, used 512K [0x00000000f0800000, 0x00000000f0d50000, 0x00000000f5a00000)
  eden space 4416K,   0% used [0x00000000f0800000, 0x00000000f0800000, 0x00000000f0c50000)
  from space 512K, 100% used [0x00000000f0cd0000, 0x00000000f0d50000, 0x00000000f0d50000)
  to   space 512K,   0% used [0x00000000f0c50000, 0x00000000f0c50000, 0x00000000f0cd0000)
 concurrent mark-sweep generation total 17752K, used 11137K [0x00000000f5a00000, 0x00000000f6b56000, 0x0000000100000000)
 Metaspace       used 25107K, capacity 25762K, committed 25880K, reserved 1071104K
  class space    used 3144K, capacity 3301K, committed 3352K, reserved 1048576K
}
2019-10-16T14:16:48.698+0000: 8.550: Total time for which application threads were stopped: 0.0031183 seconds, Stopping threads took: 0.0000239 seconds
{Heap before GC invocations=311 (full 2):
 par new generation   total 4928K, used 4928K [0x00000000f0800000, 0x00000000f0d50000, 0x00000000f5a00000)
  eden space 4416K, 100% used [0x00000000f0800000, 0x00000000f0c50000, 0x00000000f0c50000)
  from space 512K, 100% used [0x00000000f0cd0000, 0x00000000f0d50000, 0x00000000f0d50000)
  to   space 512K,   0% used [0x00000000f0c50000, 0x00000000f0c50000, 0x00000000f0cd0000)
 concurrent mark-sweep generation total 17752K, used 11137K [0x00000000f5a00000, 0x00000000f6b56000, 0x0000000100000000)
 Metaspace       used 25128K, capacity 25780K, committed 25880K, reserved 1071104K
  class space    used 3145K, capacity 3304K, committed 3352K, reserved 1048576K
2019-10-16T14:16:48.741+0000: 8.593: [GC (Allocation Failure) 2019-10-16T14:16:48.741+0000: 8.593: [ParNew
Desired survivor size 262144 bytes, new threshold 2 (max 6)
- age   1:     192056 bytes,     192056 total
- age   2:     180064 bytes,     372120 total
: 4928K->512K(4928K), 0.0027723 secs] 16065K->11796K(22680K), 0.0028231 secs] [Times: user=0.00 sys=0.00, real=0.01 secs] 
Heap after GC invocations=312 (full 2):
 par new generation   total 4928K, used 512K [0x00000000f0800000, 0x00000000f0d50000, 0x00000000f5a00000)
  eden space 4416K,   0% used [0x00000000f0800000, 0x00000000f0800000, 0x00000000f0c50000)
  from space 512K, 100% used [0x00000000f0c50000, 0x00000000f0cd0000, 0x00000000f0cd0000)
  to   space 512K,   0% used [0x00000000f0cd0000, 0x00000000f0cd0000, 0x00000000f0d50000)
 concurrent mark-sweep generation total 17752K, used 11284K [0x00000000f5a00000, 0x00000000f6b56000, 0x0000000100000000)
 Metaspace       used 25128K, capacity 25780K, committed 25880K, reserved 1071104K
  class space    used 3145K, capacity 3304K, committed 3352K, reserved 1048576K
}
2019-10-16T14:16:48.744+0000: 8.596: Total time for which application threads were stopped: 0.0029513 seconds, Stopping threads took: 0.0000238 seconds
{Heap before GC invocations=312 (full 2):
 par new generation   total 4928K, used 4928K [0x00000000f0800000, 0x00000000f0d50000, 0x00000000f5a00000)
  eden space 4416K, 100% used [0x00000000f0800000, 0x00000000f0c50000, 0x00000000f0c50000)
  from space 512K, 100% used [0x00000000f0c50000, 0x00000000f0cd0000, 0x00000000f0cd0000)
  to   space 512K,   0% used [0x00000000f0cd0000, 0x00000000f0cd0000, 0x00000000f0d50000)
 concurrent mark-sweep generation total 17752K, used 11284K [0x00000000f5a00000, 0x00000000f6b56000, 0x0000000100000000)
 Metaspace       used 25147K, capacity 25848K, committed 26136K, reserved 1073152K
  class space    used 3146K, capacity 3304K, committed 3352K, reserved 1048576K
2019-10-16T14:16:48.790+0000: 8.642: [GC (Allocation Failure) 2019-10-16T14:16:48.790+0000: 8.642: [ParNew
Desired survivor size 262144 bytes, new threshold 1 (max 6)
- age   1:     265360 bytes,     265360 total
- age   2:     176656 bytes,     442016 total
: 4928K->512K(4928K), 0.0029175 secs] 16212K->11984K(22680K), 0.0029835 secs] [Times: user=0.00 sys=0.00, real=0.01 secs] 
Heap after GC invocations=313 (full 2):
 par new generation   total 4928K, used 512K [0x00000000f0800000, 0x00000000f0d50000, 0x00000000f5a00000)
  eden space 4416K,   0% used [0x00000000f0800000, 0x00000000f0800000, 0x00000000f0c50000)
  from space 512K, 100% used [0x00000000f0cd0000, 0x00000000f0d50000, 0x00000000f0d50000)
  to   space 512K,   0% used [0x00000000f0c50000, 0x00000000f0c50000, 0x00000000f0cd0000)
 concurrent mark-sweep generation total 17752K, used 11472K [0x00000000f5a00000, 0x00000000f6b56000, 0x0000000100000000)
 Metaspace       used 25147K, capacity 25848K, committed 26136K, reserved 1073152K
  class space    used 3146K, capacity 3304K, committed 3352K, reserved 1048576K
}
2019-10-16T14:16:48.793+0000: 8.645: Total time for which application threads were stopped: 0.0031097 seconds, Stopping threads took: 0.0000263 seconds
{Heap before GC invocations=313 (full 2):
 par new generation   total 4928K, used 4928K [0x00000000f0800000, 0x00000000f0d50000, 0x00000000f5a00000)
  eden space 4416K, 100% used [0x00000000f0800000, 0x00000000f0c50000, 0x00000000f0c50000)
  from space 512K, 100% used [0x00000000f0cd0000, 0x00000000f0d50000, 0x00000000f0d50000)
  to   space 512K,   0% used [0x00000000f0c50000, 0x00000000f0c50000, 0x00000000f0cd0000)
 concurrent mark-sweep generation total 17752K, used 11472K [0x00000000f5a00000, 0x00000000f6b56000, 0x0000000100000000)
 Metaspace       used 25180K, capacity 25848K, committed 26136K, reserved 1073152K
  class space    used 3146K, capacity 3304K, committed 3352K, reserved 1048576K
2019-10-16T14:16:48.854+0000: 8.706: [GC (Allocation Failure) 2019-10-16T14:16:48.854+0000: 8.706: [ParNew
Desired survivor size 262144 bytes, new threshold 6 (max 6)
- age   1:     201032 bytes,     201032 total
: 4928K->418K(4928K), 0.0040254 secs] 16400K->12308K(22680K), 0.0040975 secs] [Times: user=0.01 sys=0.00, real=0.00 secs] 
Heap after GC invocations=314 (full 2):
 par new generation   total 4928K, used 418K [0x00000000f0800000, 0x00000000f0d50000, 0x00000000f5a00000)
  eden space 4416K,   0% used [0x00000000f0800000, 0x00000000f0800000, 0x00000000f0c50000)
  from space 512K,  81% used [0x00000000f0c50000, 0x00000000f0cb8908, 0x00000000f0cd0000)
  to   space 512K,   0% used [0x00000000f0cd0000, 0x00000000f0cd0000, 0x00000000f0d50000)
 concurrent mark-sweep generation total 17752K, used 11889K [0x00000000f5a00000, 0x00000000f6b56000, 0x0000000100000000)
 Metaspace       used 25180K, capacity 25848K, committed 26136K, reserved 1073152K
  class space    used 3146K, capacity 3304K, committed 3352K, reserved 1048576K
}
2019-10-16T14:16:48.858+0000: 8.710: Total time for which application threads were stopped: 0.0042170 seconds, Stopping threads took: 0.0000269 seconds
{Heap before GC invocations=314 (full 2):
 par new generation   total 4928K, used 4834K [0x00000000f0800000, 0x00000000f0d50000, 0x00000000f5a00000)
  eden space 4416K, 100% used [0x00000000f0800000, 0x00000000f0c50000, 0x00000000f0c50000)
  from space 512K,  81% used [0x00000000f0c50000, 0x00000000f0cb8908, 0x00000000f0cd0000)
  to   space 512K,   0% used [0x00000000f0cd0000, 0x00000000f0cd0000, 0x00000000f0d50000)
 concurrent mark-sweep generation total 17752K, used 11889K [0x00000000f5a00000, 0x00000000f6b56000, 0x0000000100000000)
 Metaspace       used 25181K, capacity 25848K, committed 26136K, reserved 1073152K
  class space    used 3146K, capacity 3304K, committed 3352K, reserved 1048576K
2019-10-16T14:16:48.879+0000: 8.731: [GC (Allocation Failure) 2019-10-16T14:16:48.879+0000: 8.731: [ParNew
Desired survivor size 262144 bytes, new threshold 2 (max 6)
- age   1:     117928 bytes,     117928 total
- age   2:     189248 bytes,     307176 total
: 4834K->352K(4928K), 0.0019172 secs] 16724K->12242K(22680K), 0.0019539 secs] [Times: user=0.00 sys=0.00, real=0.00 secs] 
Heap after GC invocations=315 (full 2):
 par new generation   total 4928K, used 352K [0x00000000f0800000, 0x00000000f0d50000, 0x00000000f5a00000)
  eden space 4416K,   0% used [0x00000000f0800000, 0x00000000f0800000, 0x00000000f0c50000)
  from space 512K,  68% used [0x00000000f0cd0000, 0x00000000f0d281c0, 0x00000000f0d50000)
  to   space 512K,   0% used [0x00000000f0c50000, 0x00000000f0c50000, 0x00000000f0cd0000)
 concurrent mark-sweep generation total 17752K, used 11889K [0x00000000f5a00000, 0x00000000f6b56000, 0x0000000100000000)
 Metaspace       used 25181K, capacity 25848K, committed 26136K, reserved 1073152K
  class space    used 3146K, capacity 3304K, committed 3352K, reserved 1048576K
}
2019-10-16T14:16:48.881+0000: 8.733: Total time for which application threads were stopped: 0.0020541 seconds, Stopping threads took: 0.0000194 seconds
{Heap before GC invocations=315 (full 2):
 par new generation   total 4928K, used 4768K [0x00000000f0800000, 0x00000000f0d50000, 0x00000000f5a00000)
  eden space 4416K, 100% used [0x00000000f0800000, 0x00000000f0c50000, 0x00000000f0c50000)
  from space 512K,  68% used [0x00000000f0cd0000, 0x00000000f0d281c0, 0x00000000f0d50000)
  to   space 512K,   0% used [0x00000000f0c50000, 0x00000000f0c50000, 0x00000000f0cd0000)
 concurrent mark-sweep generation total 17752K, used 11889K [0x00000000f5a00000, 0x00000000f6b56000, 0x0000000100000000)
 Metaspace       used 25188K, capacity 25848K, committed 26136K, reserved 1073152K
  class space    used 3146K, capacity 3304K, committed 3352K, reserved 1048576K
2019-10-16T14:16:48.913+0000: 8.765: [GC (Allocation Failure) 2019-10-16T14:16:48.913+0000: 8.765: [ParNew
Desired survivor size 262144 bytes, new threshold 6 (max 6)
- age   1:      72992 bytes,      72992 total
- age   2:     110696 bytes,     183688 total
: 4768K->266K(4928K), 0.0026818 secs] 16658K->12348K(22680K), 0.0027552 secs] [Times: user=0.00 sys=0.00, real=0.00 secs] 
Heap after GC invocations=316 (full 2):
 par new generation   total 4928K, used 266K [0x00000000f0800000, 0x00000000f0d50000, 0x00000000f5a00000)
  eden space 4416K,   0% used [0x00000000f0800000, 0x00000000f0800000, 0x00000000f0c50000)
  from space 512K,  52% used [0x00000000f0c50000, 0x00000000f0c92b08, 0x00000000f0cd0000)
  to   space 512K,   0% used [0x00000000f0cd0000, 0x00000000f0cd0000, 0x00000000f0d50000)
 concurrent mark-sweep generation total 17752K, used 12081K [0x00000000f5a00000, 0x00000000f6b56000, 0x0000000100000000)
 Metaspace       used 25188K, capacity 25848K, committed 26136K, reserved 1073152K
  class space    used 3146K, capacity 3304K, committed 3352K, reserved 1048576K
}
2019-10-16T14:16:48.916+0000: 8.768: Total time for which application threads were stopped: 0.0028811 seconds, Stopping threads took: 0.0000233 seconds
{Heap before GC invocations=316 (full 2):
 par new generation   total 4928K, used 4682K [0x00000000f0800000, 0x00000000f0d50000, 0x00000000f5a00000)
  eden space 4416K, 100% used [0x00000000f0800000, 0x00000000f0c50000, 0x00000000f0c50000)
  from space 512K,  52% used [0x00000000f0c50000, 0x00000000f0c92b08, 0x00000000f0cd0000)
  to   space 512K,   0% used [0x00000000f0cd0000, 0x00000000f0cd0000, 0x00000000f0d50000)
 concurrent mark-sweep generation total 17752K, used 12081K [0x00000000f5a00000, 0x00000000f6b56000, 0x0000000100000000)
 Metaspace       used 25196K, capacity 25854K, committed 26136K, reserved 1073152K
  class space    used 3147K, capacity 3305K, committed 3352K, reserved 1048576K
2019-10-16T14:16:48.956+0000: 8.808: [GC (Allocation Failure) 2019-10-16T14:16:48.956+0000: 8.808: [ParNew
Desired survivor size 262144 bytes, new threshold 3 (max 6)
- age   1:     177880 bytes,     177880 total
- age   2:      57304 bytes,     235184 total
- age   3:     106008 bytes,     341192 total
: 4682K->401K(4928K), 0.0015339 secs] 16764K->12483K(22680K), 0.0015823 secs] [Times: user=0.00 sys=0.00, real=0.00 secs] 
Heap after GC invocations=317 (full 2):
 par new generation   total 4928K, used 401K [0x00000000f0800000, 0x00000000f0d50000, 0x00000000f5a00000)
  eden space 4416K,   0% used [0x00000000f0800000, 0x00000000f0800000, 0x00000000f0c50000)
  from space 512K,  78% used [0x00000000f0cd0000, 0x00000000f0d34680, 0x00000000f0d50000)
  to   space 512K,   0% used [0x00000000f0c50000, 0x00000000f0c50000, 0x00000000f0cd0000)
 concurrent mark-sweep generation total 17752K, used 12081K [0x00000000f5a00000, 0x00000000f6b56000, 0x0000000100000000)
 Metaspace       used 25196K, capacity 25854K, committed 26136K, reserved 1073152K
  class space    used 3147K, capacity 3305K, committed 3352K, reserved 1048576K
}
2019-10-16T14:16:48.958+0000: 8.810: Total time for which application threads were stopped: 0.0016858 seconds, Stopping threads took: 0.0000243 seconds
{Heap before GC invocations=317 (full 2):
 par new generation   total 4928K, used 4817K [0x00000000f0800000, 0x00000000f0d50000, 0x00000000f5a00000)
  eden space 4416K, 100% used [0x00000000f0800000, 0x00000000f0c50000, 0x00000000f0c50000)
  from space 512K,  78% used [0x00000000f0cd0000, 0x00000000f0d34680, 0x00000000f0d50000)
  to   space 512K,   0% used [0x00000000f0c50000, 0x00000000f0c50000, 0x00000000f0cd0000)
 concurrent mark-sweep generation total 17752K, used 12081K [0x00000000f5a00000, 0x00000000f6b56000, 0x0000000100000000)
 Metaspace       used 25244K, capacity 25924K, committed 26136K, reserved 1073152K
  class space    used 3147K, capacity 3306K, committed 3352K, reserved 1048576K
2019-10-16T14:16:49.030+0000: 8.882: [GC (Allocation Failure) 2019-10-16T14:16:49.030+0000: 8.882: [ParNew
Desired survivor size 262144 bytes, new threshold 6 (max 6)
- age   1:      84880 bytes,      84880 total
- age   2:      13200 bytes,      98080 total
- age   3:      54992 bytes,     153072 total
: 4817K->301K(4928K), 0.0019493 secs] 16899K->12490K(22680K), 0.0020206 secs] [Times: user=0.00 sys=0.00, real=0.00 secs] 
Heap after GC invocations=318 (full 2):
 par new generation   total 4928K, used 301K [0x00000000f0800000, 0x00000000f0d50000, 0x00000000f5a00000)
  eden space 4416K,   0% used [0x00000000f0800000, 0x00000000f0800000, 0x00000000f0c50000)
  from space 512K,  58% used [0x00000000f0c50000, 0x00000000f0c9b4a8, 0x00000000f0cd0000)
  to   space 512K,   0% used [0x00000000f0cd0000, 0x00000000f0cd0000, 0x00000000f0d50000)
 concurrent mark-sweep generation total 17752K, used 12188K [0x00000000f5a00000, 0x00000000f6b56000, 0x0000000100000000)
 Metaspace       used 25244K, capacity 25924K, committed 26136K, reserved 1073152K
  class space    used 3147K, capacity 3306K, committed 3352K, reserved 1048576K
}
2019-10-16T14:16:49.032+0000: 8.884: Total time for which application threads were stopped: 0.0021431 seconds, Stopping threads took: 0.0000264 seconds
{Heap before GC invocations=318 (full 2):
 par new generation   total 4928K, used 4717K [0x00000000f0800000, 0x00000000f0d50000, 0x00000000f5a00000)
  eden space 4416K, 100% used [0x00000000f0800000, 0x00000000f0c50000, 0x00000000f0c50000)
  from space 512K,  58% used [0x00000000f0c50000, 0x00000000f0c9b4a8, 0x00000000f0cd0000)
  to   space 512K,   0% used [0x00000000f0cd0000, 0x00000000f0cd0000, 0x00000000f0d50000)
 concurrent mark-sweep generation total 17752K, used 12188K [0x00000000f5a00000, 0x00000000f6b56000, 0x0000000100000000)
 Metaspace       used 25251K, capacity 25924K, committed 26136K, reserved 1073152K
  class space    used 3148K, capacity 3306K, committed 3352K, reserved 1048576K
2019-10-16T14:16:49.046+0000: 8.898: [GC (Allocation Failure) 2019-10-16T14:16:49.046+0000: 8.898: [ParNew
Desired survivor size 262144 bytes, new threshold 6 (max 6)
- age   1:      48496 bytes,      48496 total
- age   2:      80088 bytes,     128584 total
- age   3:      13200 bytes,     141784 total
- age   4:      54872 bytes,     196656 total
: 4717K->262K(4928K), 0.0016656 secs] 16906K->12451K(22680K), 0.0017070 secs] [Times: user=0.00 sys=0.00, real=0.00 secs] 
Heap after GC invocations=319 (full 2):
 par new generation   total 4928K, used 262K [0x00000000f0800000, 0x00000000f0d50000, 0x00000000f5a00000)
  eden space 4416K,   0% used [0x00000000f0800000, 0x00000000f0800000, 0x00000000f0c50000)
  from space 512K,  51% used [0x00000000f0cd0000, 0x00000000f0d11ad8, 0x00000000f0d50000)
  to   space 512K,   0% used [0x00000000f0c50000, 0x00000000f0c50000, 0x00000000f0cd0000)
 concurrent mark-sweep generation total 17752K, used 12188K [0x00000000f5a00000, 0x00000000f6b56000, 0x0000000100000000)
 Metaspace       used 25251K, capacity 25924K, committed 26136K, reserved 1073152K
  class space    used 3148K, capacity 3306K, committed 3352K, reserved 1048576K
}
2019-10-16T14:16:49.047+0000: 8.900: Total time for which application threads were stopped: 0.0018228 seconds, Stopping threads took: 0.0000218 seconds
{Heap before GC invocations=319 (full 2):
 par new generation   total 4928K, used 4678K [0x00000000f0800000, 0x00000000f0d50000, 0x00000000f5a00000)
  eden space 4416K, 100% used [0x00000000f0800000, 0x00000000f0c50000, 0x00000000f0c50000)
  from space 512K,  51% used [0x00000000f0cd0000, 0x00000000f0d11ad8, 0x00000000f0d50000)
  to   space 512K,   0% used [0x00000000f0c50000, 0x00000000f0c50000, 0x00000000f0cd0000)
 concurrent mark-sweep generation total 17752K, used 12188K [0x00000000f5a00000, 0x00000000f6b56000, 0x0000000100000000)
 Metaspace       used 25313K, capacity 26020K, committed 26136K, reserved 1073152K
  class space    used 3150K, capacity 3338K, committed 3352K, reserved 1048576K
2019-10-16T14:16:49.066+0000: 8.918: [GC (Allocation Failure) 2019-10-16T14:16:49.066+0000: 8.918: [ParNew
Desired survivor size 262144 bytes, new threshold 5 (max 6)
- age   1:      93464 bytes,      93464 total
- age   2:      44840 bytes,     138304 total
- age   3:      79976 bytes,     218280 total
- age   4:      13200 bytes,     231480 total
- age   5:      54632 bytes,     286112 total
: 4678K->353K(4928K), 0.0016229 secs] 16867K->12542K(22680K), 0.0016815 secs] [Times: user=0.00 sys=0.00, real=0.00 secs] 
Heap after GC invocations=320 (full 2):
 par new generation   total 4928K, used 353K [0x00000000f0800000, 0x00000000f0d50000, 0x00000000f5a00000)
  eden space 4416K,   0% used [0x00000000f0800000, 0x00000000f0800000, 0x00000000f0c50000)
  from space 512K,  69% used [0x00000000f0c50000, 0x00000000f0ca8548, 0x00000000f0cd0000)
  to   space 512K,   0% used [0x00000000f0cd0000, 0x00000000f0cd0000, 0x00000000f0d50000)
 concurrent mark-sweep generation total 17752K, used 12188K [0x00000000f5a00000, 0x00000000f6b56000, 0x0000000100000000)
 Metaspace       used 25313K, capacity 26020K, committed 26136K, reserved 1073152K
  class space    used 3150K, capacity 3338K, committed 3352K, reserved 1048576K
}
2019-10-16T14:16:49.068+0000: 8.920: Total time for which application threads were stopped: 0.0018149 seconds, Stopping threads took: 0.0000341 seconds
{Heap before GC invocations=320 (full 2):
 par new generation   total 4928K, used 4769K [0x00000000f0800000, 0x00000000f0d50000, 0x00000000f5a00000)
  eden space 4416K, 100% used [0x00000000f0800000, 0x00000000f0c50000, 0x00000000f0c50000)
  from space 512K,  69% used [0x00000000f0c50000, 0x00000000f0ca8548, 0x00000000f0cd0000)
  to   space 512K,   0% used [0x00000000f0cd0000, 0x00000000f0cd0000, 0x00000000f0d50000)
 concurrent mark-sweep generation total 17752K, used 12188K [0x00000000f5a00000, 0x00000000f6b56000, 0x0000000100000000)
 Metaspace       used 25351K, capacity 26026K, committed 26136K, reserved 1073152K
  class space    used 3156K, capacity 3339K, committed 3352K, reserved 1048576K
2019-10-16T14:16:49.084+0000: 8.936: [GC (Allocation Failure) 2019-10-16T14:16:49.084+0000: 8.936: [ParNew
Desired survivor size 262144 bytes, new threshold 6 (max 6)
- age   1:      59912 bytes,      59912 total
- age   2:      26056 bytes,      85968 total
- age   3:      44840 bytes,     130808 total
- age   4:      79976 bytes,     210784 total
- age   5:      12720 bytes,     223504 total
: 4769K->253K(4928K), 0.0018126 secs] 16958K->12498K(22680K), 0.0018626 secs] [Times: user=0.00 sys=0.00, real=0.00 secs] 
Heap after GC invocations=321 (full 2):
 par new generation   total 4928K, used 253K [0x00000000f0800000, 0x00000000f0d50000, 0x00000000f5a00000)
  eden space 4416K,   0% used [0x00000000f0800000, 0x00000000f0800000, 0x00000000f0c50000)
  from space 512K,  49% used [0x00000000f0cd0000, 0x00000000f0d0f5e8, 0x00000000f0d50000)
  to   space 512K,   0% used [0x00000000f0c50000, 0x00000000f0c50000, 0x00000000f0cd0000)
 concurrent mark-sweep generation total 17752K, used 12244K [0x00000000f5a00000, 0x00000000f6b56000, 0x0000000100000000)
 Metaspace       used 25351K, capacity 26026K, committed 26136K, reserved 1073152K
  class space    used 3156K, capacity 3339K, committed 3352K, reserved 1048576K
}
2019-10-16T14:16:49.086+0000: 8.938: Total time for which application threads were stopped: 0.0019802 seconds, Stopping threads took: 0.0000242 seconds
{Heap before GC invocations=321 (full 2):
 par new generation   total 4928K, used 4669K [0x00000000f0800000, 0x00000000f0d50000, 0x00000000f5a00000)
  eden space 4416K, 100% used [0x00000000f0800000, 0x00000000f0c50000, 0x00000000f0c50000)
  from space 512K,  49% used [0x00000000f0cd0000, 0x00000000f0d0f5e8, 0x00000000f0d50000)
  to   space 512K,   0% used [0x00000000f0c50000, 0x00000000f0c50000, 0x00000000f0cd0000)
 concurrent mark-sweep generation total 17752K, used 12244K [0x00000000f5a00000, 0x00000000f6b56000, 0x0000000100000000)
 Metaspace       used 25379K, capacity 26090K, committed 26392K, reserved 1073152K
  class space    used 3160K, capacity 3339K, committed 3352K, reserved 1048576K
2019-10-16T14:16:49.101+0000: 8.953: [GC (Allocation Failure) 2019-10-16T14:16:49.101+0000: 8.953: [ParNew
Desired survivor size 262144 bytes, new threshold 6 (max 6)
- age   1:      36536 bytes,      36536 total
- age   2:      23336 bytes,      59872 total
- age   3:      26056 bytes,      85928 total
- age   4:      43912 bytes,     129840 total
- age   5:      79616 bytes,     209456 total
- age   6:      12720 bytes,     222176 total
: 4669K->227K(4928K), 0.0015430 secs] 16914K->12471K(22680K), 0.0016080 secs] [Times: user=0.00 sys=0.00, real=0.01 secs] 
Heap after GC invocations=322 (full 2):
 par new generation   total 4928K, used 227K [0x00000000f0800000, 0x00000000f0d50000, 0x00000000f5a00000)
  eden space 4416K,   0% used [0x00000000f0800000, 0x00000000f0800000, 0x00000000f0c50000)
  from space 512K,  44% used [0x00000000f0c50000, 0x00000000f0c88ce0, 0x00000000f0cd0000)
  to   space 512K,   0% used [0x00000000f0cd0000, 0x00000000f0cd0000, 0x00000000f0d50000)
 concurrent mark-sweep generation total 17752K, used 12244K [0x00000000f5a00000, 0x00000000f6b56000, 0x0000000100000000)
 Metaspace       used 25379K, capacity 26090K, committed 26392K, reserved 1073152K
  class space    used 3160K, capacity 3339K, committed 3352K, reserved 1048576K
}
2019-10-16T14:16:49.102+0000: 8.954: Total time for which application threads were stopped: 0.0017122 seconds, Stopping threads took: 0.0000219 seconds
{Heap before GC invocations=322 (full 2):
 par new generation   total 4928K, used 4629K [0x00000000f0800000, 0x00000000f0d50000, 0x00000000f5a00000)
  eden space 4416K,  99% used [0x00000000f0800000, 0x00000000f0c4c760, 0x00000000f0c50000)
  from space 512K,  44% used [0x00000000f0c50000, 0x00000000f0c88ce0, 0x00000000f0cd0000)
  to   space 512K,   0% used [0x00000000f0cd0000, 0x00000000f0cd0000, 0x00000000f0d50000)
 concurrent mark-sweep generation total 17752K, used 12244K [0x00000000f5a00000, 0x00000000f6b56000, 0x0000000100000000)
 Metaspace       used 25380K, capacity 26090K, committed 26392K, reserved 1073152K
  class space    used 3160K, capacity 3339K, committed 3352K, reserved 1048576K
2019-10-16T14:16:49.122+0000: 8.974: [GC (Allocation Failure) 2019-10-16T14:16:49.122+0000: 8.974: [ParNew
Desired survivor size 262144 bytes, new threshold 6 (max 6)
- age   1:      91192 bytes,      91192 total
- age   2:      32776 bytes,     123968 total
- age   3:      23288 bytes,     147256 total
- age   4:      25912 bytes,     173168 total
- age   5:      43672 bytes,     216840 total
- age   6:      79376 bytes,     296216 total
: 4629K->438K(4928K), 0.0017267 secs] 16873K->12691K(22680K), 0.0017775 secs] [Times: user=0.00 sys=0.00, real=0.00 secs] 
Heap after GC invocations=323 (full 2):
 par new generation   total 4928K, used 438K [0x00000000f0800000, 0x00000000f0d50000, 0x00000000f5a00000)
  eden space 4416K,   0% used [0x00000000f0800000, 0x00000000f0800000, 0x00000000f0c50000)
  from space 512K,  85% used [0x00000000f0cd0000, 0x00000000f0d3db78, 0x00000000f0d50000)
  to   space 512K,   0% used [0x00000000f0c50000, 0x00000000f0c50000, 0x00000000f0cd0000)
 concurrent mark-sweep generation total 17752K, used 12252K [0x00000000f5a00000, 0x00000000f6b56000, 0x0000000100000000)
 Metaspace       used 25380K, capacity 26090K, committed 26392K, reserved 1073152K
  class space    used 3160K, capacity 3339K, committed 3352K, reserved 1048576K
}
2019-10-16T14:16:49.124+0000: 8.976: Total time for which application threads were stopped: 0.0018921 seconds, Stopping threads took: 0.0000250 seconds
{Heap before GC invocations=323 (full 2):
 par new generation   total 4928K, used 4841K [0x00000000f0800000, 0x00000000f0d50000, 0x00000000f5a00000)
  eden space 4416K,  99% used [0x00000000f0800000, 0x00000000f0c4c888, 0x00000000f0c50000)
  from space 512K,  85% used [0x00000000f0cd0000, 0x00000000f0d3db78, 0x00000000f0d50000)
  to   space 512K,   0% used [0x00000000f0c50000, 0x00000000f0c50000, 0x00000000f0cd0000)
 concurrent mark-sweep generation total 17752K, used 12252K [0x00000000f5a00000, 0x00000000f6b56000, 0x0000000100000000)
 Metaspace       used 25384K, capacity 26090K, committed 26392K, reserved 1073152K
  class space    used 3160K, capacity 3339K, committed 3352K, reserved 1048576K
2019-10-16T14:16:49.154+0000: 9.006: [GC (Allocation Failure) 2019-10-16T14:16:49.154+0000: 9.006: [ParNew
Desired survivor size 262144 bytes, new threshold 2 (max 6)
- age   1:     243632 bytes,     243632 total
- age   2:      50192 bytes,     293824 total
- age   3:      32488 bytes,     326312 total
- age   4:      22920 bytes,     349232 total
- age   5:      25256 bytes,     374488 total
- age   6:      43672 bytes,     418160 total
: 4841K->512K(4928K), 0.0023887 secs] 17093K->12846K(22680K), 0.0024483 secs] [Times: user=0.00 sys=0.00, real=0.00 secs] 
Heap after GC invocations=324 (full 2):
 par new generation   total 4928K, used 512K [0x00000000f0800000, 0x00000000f0d50000, 0x00000000f5a00000)
  eden space 4416K,   0% used [0x00000000f0800000, 0x00000000f0800000, 0x00000000f0c50000)
  from space 512K, 100% used [0x00000000f0c50000, 0x00000000f0cd0000, 0x00000000f0cd0000)
  to   space 512K,   0% used [0x00000000f0cd0000, 0x00000000f0cd0000, 0x00000000f0d50000)
 concurrent mark-sweep generation total 17752K, used 12334K [0x00000000f5a00000, 0x00000000f6b56000, 0x0000000100000000)
 Metaspace       used 25384K, capacity 26090K, committed 26392K, reserved 1073152K
  class space    used 3160K, capacity 3339K, committed 3352K, reserved 1048576K
}
2019-10-16T14:16:49.157+0000: 9.009: Total time for which application threads were stopped: 0.0025930 seconds, Stopping threads took: 0.0000281 seconds
{Heap before GC invocations=324 (full 2):
 par new generation   total 4928K, used 4904K [0x00000000f0800000, 0x00000000f0d50000, 0x00000000f5a00000)
  eden space 4416K,  99% used [0x00000000f0800000, 0x00000000f0c4a3a0, 0x00000000f0c50000)
  from space 512K, 100% used [0x00000000f0c50000, 0x00000000f0cd0000, 0x00000000f0cd0000)
  to   space 512K,   0% used [0x00000000f0cd0000, 0x00000000f0cd0000, 0x00000000f0d50000)
 concurrent mark-sweep generation total 17752K, used 12334K [0x00000000f5a00000, 0x00000000f6b56000, 0x0000000100000000)
 Metaspace       used 25388K, capacity 26090K, committed 26392K, reserved 1073152K
  class space    used 3160K, capacity 3339K, committed 3352K, reserved 1048576K
2019-10-16T14:16:49.187+0000: 9.039: [GC (Allocation Failure) 2019-10-16T14:16:49.187+0000: 9.039: [ParNew
Desired survivor size 262144 bytes, new threshold 2 (max 6)
- age   1:     262064 bytes,     262064 total
- age   2:     195216 bytes,     457280 total
: 4904K->512K(4928K), 0.0028424 secs] 17239K->13023K(22680K), 0.0028925 secs] [Times: user=0.00 sys=0.00, real=0.00 secs] 
Heap after GC invocations=325 (full 2):
 par new generation   total 4928K, used 512K [0x00000000f0800000, 0x00000000f0d50000, 0x00000000f5a00000)
  eden space 4416K,   0% used [0x00000000f0800000, 0x00000000f0800000, 0x00000000f0c50000)
  from space 512K, 100% used [0x00000000f0cd0000, 0x00000000f0d50000, 0x00000000f0d50000)
  to   space 512K,   0% used [0x00000000f0c50000, 0x00000000f0c50000, 0x00000000f0cd0000)
 concurrent mark-sweep generation total 17752K, used 12511K [0x00000000f5a00000, 0x00000000f6b56000, 0x0000000100000000)
 Metaspace       used 25388K, capacity 26090K, committed 26392K, reserved 1073152K
  class space    used 3160K, capacity 3339K, committed 3352K, reserved 1048576K
}
2019-10-16T14:16:49.190+0000: 9.042: Total time for which application threads were stopped: 0.0030187 seconds, Stopping threads took: 0.0000248 seconds
{Heap before GC invocations=325 (full 2):
 par new generation   total 4928K, used 4928K [0x00000000f0800000, 0x00000000f0d50000, 0x00000000f5a00000)
  eden space 4416K, 100% used [0x00000000f0800000, 0x00000000f0c50000, 0x00000000f0c50000)
  from space 512K, 100% used [0x00000000f0cd0000, 0x00000000f0d50000, 0x00000000f0d50000)
  to   space 512K,   0% used [0x00000000f0c50000, 0x00000000f0c50000, 0x00000000f0cd0000)
 concurrent mark-sweep generation total 17752K, used 12511K [0x00000000f5a00000, 0x00000000f6b56000, 0x0000000100000000)
 Metaspace       used 25388K, capacity 26090K, committed 26392K, reserved 1073152K
  class space    used 3160K, capacity 3339K, committed 3352K, reserved 1048576K
2019-10-16T14:16:49.222+0000: 9.074: [GC (Allocation Failure) 2019-10-16T14:16:49.222+0000: 9.074: [ParNew
Desired survivor size 262144 bytes, new threshold 2 (max 6)
- age   1:     242992 bytes,     242992 total
- age   2:     196392 bytes,     439384 total
: 4928K->512K(4928K), 0.0028719 secs] 17439K->13222K(22680K), 0.0029351 secs] [Times: user=0.00 sys=0.00, real=0.00 secs] 
Heap after GC invocations=326 (full 2):
 par new generation   total 4928K, used 512K [0x00000000f0800000, 0x00000000f0d50000, 0x00000000f5a00000)
  eden space 4416K,   0% used [0x00000000f0800000, 0x00000000f0800000, 0x00000000f0c50000)
  from space 512K, 100% used [0x00000000f0c50000, 0x00000000f0cd0000, 0x00000000f0cd0000)
  to   space 512K,   0% used [0x00000000f0cd0000, 0x00000000f0cd0000, 0x00000000f0d50000)
 concurrent mark-sweep generation total 17752K, used 12710K [0x00000000f5a00000, 0x00000000f6b56000, 0x0000000100000000)
 Metaspace       used 25388K, capacity 26090K, committed 26392K, reserved 1073152K
  class space    used 3160K, capacity 3339K, committed 3352K, reserved 1048576K
}
2019-10-16T14:16:49.225+0000: 9.077: Total time for which application threads were stopped: 0.0030501 seconds, Stopping threads took: 0.0000267 seconds
{Heap before GC invocations=326 (full 2):
 par new generation   total 4928K, used 4928K [0x00000000f0800000, 0x00000000f0d50000, 0x00000000f5a00000)
  eden space 4416K, 100% used [0x00000000f0800000, 0x00000000f0c50000, 0x00000000f0c50000)
  from space 512K, 100% used [0x00000000f0c50000, 0x00000000f0cd0000, 0x00000000f0cd0000)
  to   space 512K,   0% used [0x00000000f0cd0000, 0x00000000f0cd0000, 0x00000000f0d50000)
 concurrent mark-sweep generation total 17752K, used 12710K [0x00000000f5a00000, 0x00000000f6b56000, 0x0000000100000000)
 Metaspace       used 25390K, capacity 26090K, committed 26392K, reserved 1073152K
  class space    used 3161K, capacity 3339K, committed 3352K, reserved 1048576K
2019-10-16T14:16:49.246+0000: 9.098: [GC (Allocation Failure) 2019-10-16T14:16:49.246+0000: 9.098: [ParNew
Desired survivor size 262144 bytes, new threshold 2 (max 6)
- age   1:     117256 bytes,     117256 total
- age   2:     185440 bytes,     302696 total
: 4928K->431K(4928K), 0.0026553 secs] 17638K->13341K(22680K), 0.0027049 secs] [Times: user=0.00 sys=0.00, real=0.00 secs] 
Heap after GC invocations=327 (full 2):
 par new generation   total 4928K, used 431K [0x00000000f0800000, 0x00000000f0d50000, 0x00000000f5a00000)
  eden space 4416K,   0% used [0x00000000f0800000, 0x00000000f0800000, 0x00000000f0c50000)
  from space 512K,  84% used [0x00000000f0cd0000, 0x00000000f0d3bd30, 0x00000000f0d50000)
  to   space 512K,   0% used [0x00000000f0c50000, 0x00000000f0c50000, 0x00000000f0cd0000)
 concurrent mark-sweep generation total 17752K, used 12910K [0x00000000f5a00000, 0x00000000f6b56000, 0x0000000100000000)
 Metaspace       used 25390K, capacity 26090K, committed 26392K, reserved 1073152K
  class space    used 3161K, capacity 3339K, committed 3352K, reserved 1048576K
}
2019-10-16T14:16:49.249+0000: 9.101: Total time for which application threads were stopped: 0.0028395 seconds, Stopping threads took: 0.0000250 seconds
{Heap before GC invocations=327 (full 2):
 par new generation   total 4928K, used 4847K [0x00000000f0800000, 0x00000000f0d50000, 0x00000000f5a00000)
  eden space 4416K, 100% used [0x00000000f0800000, 0x00000000f0c50000, 0x00000000f0c50000)
  from space 512K,  84% used [0x00000000f0cd0000, 0x00000000f0d3bd30, 0x00000000f0d50000)
  to   space 512K,   0% used [0x00000000f0c50000, 0x00000000f0c50000, 0x00000000f0cd0000)
 concurrent mark-sweep generation total 17752K, used 12910K [0x00000000f5a00000, 0x00000000f6b56000, 0x0000000100000000)
 Metaspace       used 25395K, capacity 26090K, committed 26392K, reserved 1073152K
  class space    used 3162K, capacity 3339K, committed 3352K, reserved 1048576K
2019-10-16T14:16:49.268+0000: 9.120: [GC (Allocation Failure) 2019-10-16T14:16:49.268+0000: 9.120: [ParNew
Desired survivor size 262144 bytes, new threshold 6 (max 6)
- age   1:      83912 bytes,      83912 total
- age   2:     112096 bytes,     196008 total
: 4847K->329K(4928K), 0.0024759 secs] 17757K->13428K(22680K), 0.0025503 secs] [Times: user=0.00 sys=0.00, real=0.00 secs] 
Heap after GC invocations=328 (full 2):
 par new generation   total 4928K, used 329K [0x00000000f0800000, 0x00000000f0d50000, 0x00000000f5a00000)
  eden space 4416K,   0% used [0x00000000f0800000, 0x00000000f0800000, 0x00000000f0c50000)
  from space 512K,  64% used [0x00000000f0c50000, 0x00000000f0ca27d0, 0x00000000f0cd0000)
  to   space 512K,   0% used [0x00000000f0cd0000, 0x00000000f0cd0000, 0x00000000f0d50000)
 concurrent mark-sweep generation total 17752K, used 13098K [0x00000000f5a00000, 0x00000000f6b56000, 0x0000000100000000)
 Metaspace       used 25395K, capacity 26090K, committed 26392K, reserved 1073152K
  class space    used 3162K, capacity 3339K, committed 3352K, reserved 1048576K
}
2019-10-16T14:16:49.270+0000: 9.122: Total time for which application threads were stopped: 0.0026760 seconds, Stopping threads took: 0.0000236 seconds
{Heap before GC invocations=328 (full 2):
 par new generation   total 4928K, used 4745K [0x00000000f0800000, 0x00000000f0d50000, 0x00000000f5a00000)
  eden space 4416K, 100% used [0x00000000f0800000, 0x00000000f0c50000, 0x00000000f0c50000)
  from space 512K,  64% used [0x00000000f0c50000, 0x00000000f0ca27d0, 0x00000000f0cd0000)
  to   space 512K,   0% used [0x00000000f0cd0000, 0x00000000f0cd0000, 0x00000000f0d50000)
 concurrent mark-sweep generation total 17752K, used 13098K [0x00000000f5a00000, 0x00000000f6b56000, 0x0000000100000000)
 Metaspace       used 25396K, capacity 26090K, committed 26392K, reserved 1073152K
  class space    used 3162K, capacity 3339K, committed 3352K, reserved 1048576K
2019-10-16T14:16:49.298+0000: 9.150: [GC (Allocation Failure) 2019-10-16T14:16:49.298+0000: 9.150: [ParNew
Desired survivor size 262144 bytes, new threshold 3 (max 6)
- age   1:      89960 bytes,      89960 total
- age   2:      78608 bytes,     168568 total
- age   3:     112096 bytes,     280664 total
: 4745K->306K(4928K), 0.0019654 secs] 17844K->13404K(22680K), 0.0020157 secs] [Times: user=0.01 sys=0.00, real=0.00 secs] 
Heap after GC invocations=329 (full 2):
 par new generation   total 4928K, used 306K [0x00000000f0800000, 0x00000000f0d50000, 0x00000000f5a00000)
  eden space 4416K,   0% used [0x00000000f0800000, 0x00000000f0800000, 0x00000000f0c50000)
  from space 512K,  59% used [0x00000000f0cd0000, 0x00000000f0d1c9b0, 0x00000000f0d50000)
  to   space 512K,   0% used [0x00000000f0c50000, 0x00000000f0c50000, 0x00000000f0cd0000)
 concurrent mark-sweep generation total 17752K, used 13098K [0x00000000f5a00000, 0x00000000f6b56000, 0x0000000100000000)
 Metaspace       used 25396K, capacity 26090K, committed 26392K, reserved 1073152K
  class space    used 3162K, capacity 3339K, committed 3352K, reserved 1048576K
}
2019-10-16T14:16:49.300+0000: 9.152: Total time for which application threads were stopped: 0.0021346 seconds, Stopping threads took: 0.0000270 seconds
{Heap before GC invocations=329 (full 2):
 par new generation   total 4928K, used 4722K [0x00000000f0800000, 0x00000000f0d50000, 0x00000000f5a00000)
  eden space 4416K, 100% used [0x00000000f0800000, 0x00000000f0c50000, 0x00000000f0c50000)
  from space 512K,  59% used [0x00000000f0cd0000, 0x00000000f0d1c9b0, 0x00000000f0d50000)
  to   space 512K,   0% used [0x00000000f0c50000, 0x00000000f0c50000, 0x00000000f0cd0000)
 concurrent mark-sweep generation total 17752K, used 13098K [0x00000000f5a00000, 0x00000000f6b56000, 0x0000000100000000)
 Metaspace       used 25398K, capacity 26090K, committed 26392K, reserved 1073152K
  class space    used 3162K, capacity 3339K, committed 3352K, reserved 1048576K
2019-10-16T14:16:49.332+0000: 9.184: [GC (Allocation Failure) 2019-10-16T14:16:49.332+0000: 9.184: [ParNew
Desired survivor size 262144 bytes, new threshold 6 (max 6)
- age   1:      53232 bytes,      53232 total
- age   2:      80856 bytes,     134088 total
- age   3:      78608 bytes,     212696 total
: 4722K->244K(4928K), 0.0021842 secs] 17820K->13456K(22680K), 0.0022444 secs] [Times: user=0.00 sys=0.00, real=0.00 secs] 
Heap after GC invocations=330 (full 2):
 par new generation   total 4928K, used 244K [0x00000000f0800000, 0x00000000f0d50000, 0x00000000f5a00000)
  eden space 4416K,   0% used [0x00000000f0800000, 0x00000000f0800000, 0x00000000f0c50000)
  from space 512K,  47% used [0x00000000f0c50000, 0x00000000f0c8d0c8, 0x00000000f0cd0000)
  to   space 512K,   0% used [0x00000000f0cd0000, 0x00000000f0cd0000, 0x00000000f0d50000)
 concurrent mark-sweep generation total 17752K, used 13212K [0x00000000f5a00000, 0x00000000f6b56000, 0x0000000100000000)
 Metaspace       used 25398K, capacity 26090K, committed 26392K, reserved 1073152K
  class space    used 3162K, capacity 3339K, committed 3352K, reserved 1048576K
}
2019-10-16T14:16:49.335+0000: 9.187: Total time for which application threads were stopped: 0.0023650 seconds, Stopping threads took: 0.0000245 seconds
{Heap before GC invocations=330 (full 2):
 par new generation   total 4928K, used 4660K [0x00000000f0800000, 0x00000000f0d50000, 0x00000000f5a00000)
  eden space 4416K, 100% used [0x00000000f0800000, 0x00000000f0c50000, 0x00000000f0c50000)
  from space 512K,  47% used [0x00000000f0c50000, 0x00000000f0c8d0c8, 0x00000000f0cd0000)
  to   space 512K,   0% used [0x00000000f0cd0000, 0x00000000f0cd0000, 0x00000000f0d50000)
 concurrent mark-sweep generation total 17752K, used 13212K [0x00000000f5a00000, 0x00000000f6b56000, 0x0000000100000000)
 Metaspace       used 25419K, capacity 26090K, committed 26392K, reserved 1073152K
  class space    used 3165K, capacity 3339K, committed 3352K, reserved 1048576K
2019-10-16T14:16:49.354+0000: 9.206: [GC (Allocation Failure) 2019-10-16T14:16:49.354+0000: 9.206: [ParNew
Desired survivor size 262144 bytes, new threshold 4 (max 6)
- age   1:      61328 bytes,      61328 total
- age   2:      43520 bytes,     104848 total
- age   3:      80000 bytes,     184848 total
- age   4:      78608 bytes,     263456 total
: 4660K->433K(4928K), 0.0017078 secs] 17872K->13645K(22680K), 0.0017511 secs] [Times: user=0.00 sys=0.00, real=0.00 secs] 
Heap after GC invocations=331 (full 2):
 par new generation   total 4928K, used 433K [0x00000000f0800000, 0x00000000f0d50000, 0x00000000f5a00000)
  eden space 4416K,   0% used [0x00000000f0800000, 0x00000000f0800000, 0x00000000f0c50000)
  from space 512K,  84% used [0x00000000f0cd0000, 0x00000000f0d3c510, 0x00000000f0d50000)
  to   space 512K,   0% used [0x00000000f0c50000, 0x00000000f0c50000, 0x00000000f0cd0000)
 concurrent mark-sweep generation total 17752K, used 13212K [0x00000000f5a00000, 0x00000000f6b56000, 0x0000000100000000)
 Metaspace       used 25419K, capacity 26090K, committed 26392K, reserved 1073152K
  class space    used 3165K, capacity 3339K, committed 3352K, reserved 1048576K
}
2019-10-16T14:16:49.356+0000: 9.208: Total time for which application threads were stopped: 0.0018520 seconds, Stopping threads took: 0.0000231 seconds
{Heap before GC invocations=331 (full 2):
 par new generation   total 4928K, used 4849K [0x00000000f0800000, 0x00000000f0d50000, 0x00000000f5a00000)
  eden space 4416K, 100% used [0x00000000f0800000, 0x00000000f0c50000, 0x00000000f0c50000)
  from space 512K,  84% used [0x00000000f0cd0000, 0x00000000f0d3c510, 0x00000000f0d50000)
  to   space 512K,   0% used [0x00000000f0c50000, 0x00000000f0c50000, 0x00000000f0cd0000)
 concurrent mark-sweep generation total 17752K, used 13212K [0x00000000f5a00000, 0x00000000f6b56000, 0x0000000100000000)
 Metaspace       used 25430K, capacity 26090K, committed 26392K, reserved 1073152K
  class space    used 3165K, capacity 3339K, committed 3352K, reserved 1048576K
2019-10-16T14:16:49.377+0000: 9.229: [GC (Allocation Failure) 2019-10-16T14:16:49.377+0000: 9.229: [ParNew
Desired survivor size 262144 bytes, new threshold 6 (max 6)
- age   1:      52128 bytes,      52128 total
- age   2:      56648 bytes,     108776 total
- age   3:      38736 bytes,     147512 total
- age   4:      80000 bytes,     227512 total
: 4849K->300K(4928K), 0.0020756 secs] 18061K->13593K(22680K), 0.0021827 secs] [Times: user=0.00 sys=0.00, real=0.00 secs] 
Heap after GC invocations=332 (full 2):
 par new generation   total 4928K, used 300K [0x00000000f0800000, 0x00000000f0d50000, 0x00000000f5a00000)
  eden space 4416K,   0% used [0x00000000f0800000, 0x00000000f0800000, 0x00000000f0c50000)
  from space 512K,  58% used [0x00000000f0c50000, 0x00000000f0c9b328, 0x00000000f0cd0000)
  to   space 512K,   0% used [0x00000000f0cd0000, 0x00000000f0cd0000, 0x00000000f0d50000)
 concurrent mark-sweep generation total 17752K, used 13292K [0x00000000f5a00000, 0x00000000f6b56000, 0x0000000100000000)
 Metaspace       used 25430K, capacity 26090K, committed 26392K, reserved 1073152K
  class space    used 3165K, capacity 3339K, committed 3352K, reserved 1048576K
}
2019-10-16T14:16:49.379+0000: 9.231: Total time for which application threads were stopped: 0.0023096 seconds, Stopping threads took: 0.0000354 seconds
{Heap before GC invocations=332 (full 2):
 par new generation   total 4928K, used 4716K [0x00000000f0800000, 0x00000000f0d50000, 0x00000000f5a00000)
  eden space 4416K, 100% used [0x00000000f0800000, 0x00000000f0c50000, 0x00000000f0c50000)
  from space 512K,  58% used [0x00000000f0c50000, 0x00000000f0c9b328, 0x00000000f0cd0000)
  to   space 512K,   0% used [0x00000000f0cd0000, 0x00000000f0cd0000, 0x00000000f0d50000)
 concurrent mark-sweep generation total 17752K, used 13292K [0x00000000f5a00000, 0x00000000f6b56000, 0x0000000100000000)
 Metaspace       used 25459K, capacity 26154K, committed 26392K, reserved 1073152K
  class space    used 3167K, capacity 3339K, committed 3352K, reserved 1048576K
2019-10-16T14:16:49.401+0000: 9.253: [GC (Allocation Failure) 2019-10-16T14:16:49.401+0000: 9.253: [ParNew
Desired survivor size 262144 bytes, new threshold 5 (max 6)
- age   1:      74784 bytes,      74784 total
- age   2:      47304 bytes,     122088 total
- age   3:      56648 bytes,     178736 total
- age   4:      35224 bytes,     213960 total
- age   5:      80000 bytes,     293960 total
: 4716K->407K(4928K), 0.0016651 secs] 18009K->13699K(22680K), 0.0017018 secs] [Times: user=0.00 sys=0.00, real=0.01 secs] 
Heap after GC invocations=333 (full 2):
 par new generation   total 4928K, used 407K [0x00000000f0800000, 0x00000000f0d50000, 0x00000000f5a00000)
  eden space 4416K,   0% used [0x00000000f0800000, 0x00000000f0800000, 0x00000000f0c50000)
  from space 512K,  79% used [0x00000000f0cd0000, 0x00000000f0d35d60, 0x00000000f0d50000)
  to   space 512K,   0% used [0x00000000f0c50000, 0x00000000f0c50000, 0x00000000f0cd0000)
 concurrent mark-sweep generation total 17752K, used 13292K [0x00000000f5a00000, 0x00000000f6b56000, 0x0000000100000000)
 Metaspace       used 25459K, capacity 26154K, committed 26392K, reserved 1073152K
  class space    used 3167K, capacity 3339K, committed 3352K, reserved 1048576K
}
2019-10-16T14:16:49.402+0000: 9.254: Total time for which application threads were stopped: 0.0018013 seconds, Stopping threads took: 0.0000196 seconds
{Heap before GC invocations=333 (full 2):
 par new generation   total 4928K, used 4823K [0x00000000f0800000, 0x00000000f0d50000, 0x00000000f5a00000)
  eden space 4416K, 100% used [0x00000000f0800000, 0x00000000f0c50000, 0x00000000f0c50000)
  from space 512K,  79% used [0x00000000f0cd0000, 0x00000000f0d35d60, 0x00000000f0d50000)
  to   space 512K,   0% used [0x00000000f0c50000, 0x00000000f0c50000, 0x00000000f0cd0000)
 concurrent mark-sweep generation total 17752K, used 13292K [0x00000000f5a00000, 0x00000000f6b56000, 0x0000000100000000)
 Metaspace       used 25462K, capacity 26154K, committed 26392K, reserved 1073152K
  class space    used 3167K, capacity 3339K, committed 3352K, reserved 1048576K
2019-10-16T14:16:49.422+0000: 9.274: [GC (Allocation Failure) 2019-10-16T14:16:49.422+0000: 9.274: [ParNew
Desired survivor size 262144 bytes, new threshold 5 (max 6)
- age   1:      71552 bytes,      71552 total
- age   2:      66896 bytes,     138448 total
- age   3:      44104 bytes,     182552 total
- age   4:      54504 bytes,     237056 total
- age   5:      34360 bytes,     271416 total
: 4823K->266K(4928K), 0.0018632 secs] 18115K->13642K(22680K), 0.0019079 secs] [Times: user=0.00 sys=0.00, real=0.00 secs] 
Heap after GC invocations=334 (full 2):
 par new generation   total 4928K, used 266K [0x00000000f0800000, 0x00000000f0d50000, 0x00000000f5a00000)
  eden space 4416K,   0% used [0x00000000f0800000, 0x00000000f0800000, 0x00000000f0c50000)
  from space 512K,  52% used [0x00000000f0c50000, 0x00000000f0c92ad0, 0x00000000f0cd0000)
  to   space 512K,   0% used [0x00000000f0cd0000, 0x00000000f0cd0000, 0x00000000f0d50000)
 concurrent mark-sweep generation total 17752K, used 13375K [0x00000000f5a00000, 0x00000000f6b56000, 0x0000000100000000)
 Metaspace       used 25462K, capacity 26154K, committed 26392K, reserved 1073152K
  class space    used 3167K, capacity 3339K, committed 3352K, reserved 1048576K
}
2019-10-16T14:16:49.424+0000: 9.276: Total time for which application threads were stopped: 0.0020011 seconds, Stopping threads took: 0.0000205 seconds
2019-10-16T14:16:49.424+0000: 9.276: [GC (CMS Initial Mark) [1 CMS-initial-mark: 13375K(17752K)] 13642K(22680K), 0.0008289 secs] [Times: user=0.00 sys=0.00, real=0.00 secs] 
2019-10-16T14:16:49.425+0000: 9.277: Total time for which application threads were stopped: 0.0008877 seconds, Stopping threads took: 0.0000227 seconds
2019-10-16T14:16:49.425+0000: 9.277: [CMS-concurrent-mark-start]
{Heap before GC invocations=334 (full 3):
 par new generation   total 4928K, used 4682K [0x00000000f0800000, 0x00000000f0d50000, 0x00000000f5a00000)
  eden space 4416K, 100% used [0x00000000f0800000, 0x00000000f0c50000, 0x00000000f0c50000)
  from space 512K,  52% used [0x00000000f0c50000, 0x00000000f0c92ad0, 0x00000000f0cd0000)
  to   space 512K,   0% used [0x00000000f0cd0000, 0x00000000f0cd0000, 0x00000000f0d50000)
 concurrent mark-sweep generation total 17752K, used 13375K [0x00000000f5a00000, 0x00000000f6b56000, 0x0000000100000000)
 Metaspace       used 25469K, capacity 26154K, committed 26392K, reserved 1073152K
  class space    used 3167K, capacity 3339K, committed 3352K, reserved 1048576K
2019-10-16T14:16:49.460+0000: 9.312: [GC (Allocation Failure) 2019-10-16T14:16:49.460+0000: 9.312: [ParNew
Desired survivor size 262144 bytes, new threshold 5 (max 6)
- age   1:      94536 bytes,      94536 total
- age   2:      60952 bytes,     155488 total
- age   3:      63280 bytes,     218768 total
- age   4:      43200 bytes,     261968 total
- age   5:      54504 bytes,     316472 total
: 4682K->512K(4928K), 0.0021116 secs] 18058K->13924K(22680K), 0.0021735 secs] [Times: user=0.00 sys=0.00, real=0.00 secs] 
Heap after GC invocations=335 (full 3):
 par new generation   total 4928K, used 512K [0x00000000f0800000, 0x00000000f0d50000, 0x00000000f5a00000)
  eden space 4416K,   0% used [0x00000000f0800000, 0x00000000f0800000, 0x00000000f0c50000)
  from space 512K, 100% used [0x00000000f0cd0000, 0x00000000f0d50000, 0x00000000f0d50000)
  to   space 512K,   0% used [0x00000000f0c50000, 0x00000000f0c50000, 0x00000000f0cd0000)
 concurrent mark-sweep generation total 17752K, used 13412K [0x00000000f5a00000, 0x00000000f6b56000, 0x0000000100000000)
 Metaspace       used 25469K, capacity 26154K, committed 26392K, reserved 1073152K
  class space    used 3167K, capacity 3339K, committed 3352K, reserved 1048576K
}
2019-10-16T14:16:49.462+0000: 9.314: Total time for which application threads were stopped: 0.0022934 seconds, Stopping threads took: 0.0000148 seconds
2019-10-16T14:16:49.474+0000: 9.326: [CMS-concurrent-mark: 0.049/0.049 secs] [Times: user=0.05 sys=0.00, real=0.05 secs] 
2019-10-16T14:16:49.474+0000: 9.326: [CMS-concurrent-preclean-start]
2019-10-16T14:16:49.475+0000: 9.327: [CMS-concurrent-preclean: 0.001/0.001 secs] [Times: user=0.00 sys=0.00, real=0.00 secs] 
2019-10-16T14:16:49.475+0000: 9.327: [CMS-concurrent-abortable-preclean-start]
{Heap before GC invocations=335 (full 3):
 par new generation   total 4928K, used 4928K [0x00000000f0800000, 0x00000000f0d50000, 0x00000000f5a00000)
  eden space 4416K, 100% used [0x00000000f0800000, 0x00000000f0c50000, 0x00000000f0c50000)
  from space 512K, 100% used [0x00000000f0cd0000, 0x00000000f0d50000, 0x00000000f0d50000)
  to   space 512K,   0% used [0x00000000f0c50000, 0x00000000f0c50000, 0x00000000f0cd0000)
 concurrent mark-sweep generation total 17752K, used 13412K [0x00000000f5a00000, 0x00000000f6b56000, 0x0000000100000000)
 Metaspace       used 25479K, capacity 26154K, committed 26392K, reserved 1073152K
  class space    used 3167K, capacity 3339K, committed 3352K, reserved 1048576K
2019-10-16T14:16:49.498+0000: 9.350: [GC (Allocation Failure) 2019-10-16T14:16:49.498+0000: 9.350: [ParNew
Desired survivor size 262144 bytes, new threshold 5 (max 6)
- age   1:      54728 bytes,      54728 total
- age   2:      57576 bytes,     112304 total
- age   3:      58768 bytes,     171072 total
- age   4:      63280 bytes,     234352 total
- age   5:      43200 bytes,     277552 total
: 4928K->298K(4928K), 0.0019424 secs] 18340K->13766K(22680K), 0.0019865 secs] [Times: user=0.00 sys=0.00, real=0.00 secs] 
Heap after GC invocations=336 (full 3):
 par new generation   total 4928K, used 298K [0x00000000f0800000, 0x00000000f0d50000, 0x00000000f5a00000)
  eden space 4416K,   0% used [0x00000000f0800000, 0x00000000f0800000, 0x00000000f0c50000)
  from space 512K,  58% used [0x00000000f0c50000, 0x00000000f0c9ab38, 0x00000000f0cd0000)
  to   space 512K,   0% used [0x00000000f0cd0000, 0x00000000f0cd0000, 0x00000000f0d50000)
 concurrent mark-sweep generation total 17752K, used 13467K [0x00000000f5a00000, 0x00000000f6b56000, 0x0000000100000000)
 Metaspace       used 25479K, capacity 26154K, committed 26392K, reserved 1073152K
  class space    used 3167K, capacity 3339K, committed 3352K, reserved 1048576K
}
2019-10-16T14:16:49.500+0000: 9.352: Total time for which application threads were stopped: 0.0021111 seconds, Stopping threads took: 0.0000243 seconds
{Heap before GC invocations=336 (full 3):
 par new generation   total 4928K, used 4714K [0x00000000f0800000, 0x00000000f0d50000, 0x00000000f5a00000)
  eden space 4416K, 100% used [0x00000000f0800000, 0x00000000f0c50000, 0x00000000f0c50000)
  from space 512K,  58% used [0x00000000f0c50000, 0x00000000f0c9ab38, 0x00000000f0cd0000)
  to   space 512K,   0% used [0x00000000f0cd0000, 0x00000000f0cd0000, 0x00000000f0d50000)
 concurrent mark-sweep generation total 17752K, used 13467K [0x00000000f5a00000, 0x00000000f6b56000, 0x0000000100000000)
 Metaspace       used 25514K, capacity 26162K, committed 26392K, reserved 1073152K
  class space    used 3167K, capacity 3339K, committed 3352K, reserved 1048576K
2019-10-16T14:16:49.532+0000: 9.385: [GC (Allocation Failure) 2019-10-16T14:16:49.533+0000: 9.385: [ParNew
Desired survivor size 262144 bytes, new threshold 5 (max 6)
- age   1:      81272 bytes,      81272 total
- age   2:      50160 bytes,     131432 total
- age   3:      52792 bytes,     184224 total
- age   4:      58768 bytes,     242992 total
- age   5:      63280 bytes,     306272 total
: 4714K->512K(4928K), 0.0020393 secs] 18182K->14026K(22680K), 0.0020900 secs] [Times: user=0.00 sys=0.00, real=0.00 secs] 
Heap after GC invocations=337 (full 3):
 par new generation   total 4928K, used 512K [0x00000000f0800000, 0x00000000f0d50000, 0x00000000f5a00000)
  eden space 4416K,   0% used [0x00000000f0800000, 0x00000000f0800000, 0x00000000f0c50000)
  from space 512K, 100% used [0x00000000f0cd0000, 0x00000000f0d50000, 0x00000000f0d50000)
  to   space 512K,   0% used [0x00000000f0c50000, 0x00000000f0c50000, 0x00000000f0cd0000)
 concurrent mark-sweep generation total 17752K, used 13514K [0x00000000f5a00000, 0x00000000f6b56000, 0x0000000100000000)
 Metaspace       used 25514K, capacity 26162K, committed 26392K, reserved 1073152K
  class space    used 3167K, capacity 3339K, committed 3352K, reserved 1048576K
}
2019-10-16T14:16:49.535+0000: 9.387: Total time for which application threads were stopped: 0.0022299 seconds, Stopping threads took: 0.0000356 seconds
{Heap before GC invocations=337 (full 3):
 par new generation   total 4928K, used 4928K [0x00000000f0800000, 0x00000000f0d50000, 0x00000000f5a00000)
  eden space 4416K, 100% used [0x00000000f0800000, 0x00000000f0c50000, 0x00000000f0c50000)
  from space 512K, 100% used [0x00000000f0cd0000, 0x00000000f0d50000, 0x00000000f0d50000)
  to   space 512K,   0% used [0x00000000f0c50000, 0x00000000f0c50000, 0x00000000f0cd0000)
 concurrent mark-sweep generation total 17752K, used 13514K [0x00000000f5a00000, 0x00000000f6b56000, 0x0000000100000000)
 Metaspace       used 25529K, capacity 26226K, committed 26392K, reserved 1073152K
  class space    used 3170K, capacity 3339K, committed 3352K, reserved 1048576K
2019-10-16T14:16:49.558+0000: 9.410: [GC (Allocation Failure) 2019-10-16T14:16:49.558+0000: 9.410: [ParNew
Desired survivor size 262144 bytes, new threshold 5 (max 6)
- age   1:      34400 bytes,      34400 total
- age   2:      73864 bytes,     108264 total
- age   3:      50160 bytes,     158424 total
- age   4:      52792 bytes,     211216 total
- age   5:      58768 bytes,     269984 total
: 4928K->363K(4928K), 0.0018774 secs] 18442K->13942K(22680K), 0.0019459 secs] [Times: user=0.01 sys=0.00, real=0.00 secs] 
Heap after GC invocations=338 (full 3):
 par new generation   total 4928K, used 363K [0x00000000f0800000, 0x00000000f0d50000, 0x00000000f5a00000)
  eden space 4416K,   0% used [0x00000000f0800000, 0x00000000f0800000, 0x00000000f0c50000)
  from space 512K,  71% used [0x00000000f0c50000, 0x00000000f0caaf20, 0x00000000f0cd0000)
  to   space 512K,   0% used [0x00000000f0cd0000, 0x00000000f0cd0000, 0x00000000f0d50000)
 concurrent mark-sweep generation total 17752K, used 13578K [0x00000000f5a00000, 0x00000000f6b56000, 0x0000000100000000)
 Metaspace       used 25529K, capacity 26226K, committed 26392K, reserved 1073152K
  class space    used 3170K, capacity 3339K, committed 3352K, reserved 1048576K
}
2019-10-16T14:16:49.560+0000: 9.412: Total time for which application threads were stopped: 0.0020579 seconds, Stopping threads took: 0.0000231 seconds
{Heap before GC invocations=338 (full 3):
 par new generation   total 4928K, used 4779K [0x00000000f0800000, 0x00000000f0d50000, 0x00000000f5a00000)
  eden space 4416K, 100% used [0x00000000f0800000, 0x00000000f0c50000, 0x00000000f0c50000)
  from space 512K,  71% used [0x00000000f0c50000, 0x00000000f0caaf20, 0x00000000f0cd0000)
  to   space 512K,   0% used [0x00000000f0cd0000, 0x00000000f0cd0000, 0x00000000f0d50000)
 concurrent mark-sweep generation total 17752K, used 13578K [0x00000000f5a00000, 0x00000000f6b56000, 0x0000000100000000)
 Metaspace       used 25545K, capacity 26226K, committed 26392K, reserved 1073152K
  class space    used 3176K, capacity 3339K, committed 3352K, reserved 1048576K
2019-10-16T14:16:49.582+0000: 9.434: [GC (Allocation Failure) 2019-10-16T14:16:49.582+0000: 9.434: [ParNew
Desired survivor size 262144 bytes, new threshold 5 (max 6)
- age   1:      98576 bytes,      98576 total
- age   2:      31376 bytes,     129952 total
- age   3:      73864 bytes,     203816 total
- age   4:      50160 bytes,     253976 total
- age   5:      52792 bytes,     306768 total
: 4779K->486K(4928K), 0.0017911 secs] 18358K->14125K(22680K), 0.0018375 secs] [Times: user=0.00 sys=0.00, real=0.00 secs] 
Heap after GC invocations=339 (full 3):
 par new generation   total 4928K, used 486K [0x00000000f0800000, 0x00000000f0d50000, 0x00000000f5a00000)
  eden space 4416K,   0% used [0x00000000f0800000, 0x00000000f0800000, 0x00000000f0c50000)
  from space 512K,  95% used [0x00000000f0cd0000, 0x00000000f0d49aa8, 0x00000000f0d50000)
  to   space 512K,   0% used [0x00000000f0c50000, 0x00000000f0c50000, 0x00000000f0cd0000)
 concurrent mark-sweep generation total 17752K, used 13638K [0x00000000f5a00000, 0x00000000f6b56000, 0x0000000100000000)
 Metaspace       used 25545K, capacity 26226K, committed 26392K, reserved 1073152K
  class space    used 3176K, capacity 3339K, committed 3352K, reserved 1048576K
}
2019-10-16T14:16:49.584+0000: 9.436: Total time for which application threads were stopped: 0.0019517 seconds, Stopping threads took: 0.0000209 seconds
{Heap before GC invocations=339 (full 3):
 par new generation   total 4928K, used 4902K [0x00000000f0800000, 0x00000000f0d50000, 0x00000000f5a00000)
  eden space 4416K, 100% used [0x00000000f0800000, 0x00000000f0c50000, 0x00000000f0c50000)
  from space 512K,  95% used [0x00000000f0cd0000, 0x00000000f0d49aa8, 0x00000000f0d50000)
  to   space 512K,   0% used [0x00000000f0c50000, 0x00000000f0c50000, 0x00000000f0cd0000)
 concurrent mark-sweep generation total 17752K, used 13638K [0x00000000f5a00000, 0x00000000f6b56000, 0x0000000100000000)
 Metaspace       used 25550K, capacity 26226K, committed 26392K, reserved 1073152K
  class space    used 3177K, capacity 3339K, committed 3352K, reserved 1048576K
2019-10-16T14:16:49.606+0000: 9.458: [GC (Allocation Failure) 2019-10-16T14:16:49.606+0000: 9.458: [ParNew
Desired survivor size 262144 bytes, new threshold 4 (max 6)
- age   1:     125432 bytes,     125432 total
- age   2:      64928 bytes,     190360 total
- age   3:      30200 bytes,     220560 total
- age   4:      73864 bytes,     294424 total
- age   5:      50160 bytes,     344584 total
: 4902K->512K(4928K), 0.0020242 secs] 18541K->14207K(22680K), 0.0020663 secs] [Times: user=0.01 sys=0.00, real=0.00 secs] 
Heap after GC invocations=340 (full 3):
 par new generation   total 4928K, used 512K [0x00000000f0800000, 0x00000000f0d50000, 0x00000000f5a00000)
  eden space 4416K,   0% used [0x00000000f0800000, 0x00000000f0800000, 0x00000000f0c50000)
  from space 512K, 100% used [0x00000000f0c50000, 0x00000000f0cd0000, 0x00000000f0cd0000)
  to   space 512K,   0% used [0x00000000f0cd0000, 0x00000000f0cd0000, 0x00000000f0d50000)
 concurrent mark-sweep generation total 17752K, used 13695K [0x00000000f5a00000, 0x00000000f6b56000, 0x0000000100000000)
 Metaspace       used 25550K, capacity 26226K, committed 26392K, reserved 1073152K
  class space    used 3177K, capacity 3339K, committed 3352K, reserved 1048576K
}
2019-10-16T14:16:49.608+0000: 9.460: Total time for which application threads were stopped: 0.0022191 seconds, Stopping threads took: 0.0000360 seconds
{Heap before GC invocations=340 (full 3):
 par new generation   total 4928K, used 4928K [0x00000000f0800000, 0x00000000f0d50000, 0x00000000f5a00000)
  eden space 4416K, 100% used [0x00000000f0800000, 0x00000000f0c50000, 0x00000000f0c50000)
  from space 512K, 100% used [0x00000000f0c50000, 0x00000000f0cd0000, 0x00000000f0cd0000)
  to   space 512K,   0% used [0x00000000f0cd0000, 0x00000000f0cd0000, 0x00000000f0d50000)
 concurrent mark-sweep generation total 17752K, used 13695K [0x00000000f5a00000, 0x00000000f6b56000, 0x0000000100000000)
 Metaspace       used 25550K, capacity 26226K, committed 26392K, reserved 1073152K
  class space    used 3177K, capacity 3339K, committed 3352K, reserved 1048576K
2019-10-16T14:16:49.623+0000: 9.475: [GC (Allocation Failure) 2019-10-16T14:16:49.623+0000: 9.475: [ParNew
Desired survivor size 262144 bytes, new threshold 4 (max 6)
- age   1:      54624 bytes,      54624 total
- age   2:     119344 bytes,     173968 total
- age   3:      64888 bytes,     238856 total
- age   4:      30200 bytes,     269056 total
: 4928K->324K(4928K), 0.0020231 secs] 18623K->14145K(22680K), 0.0020707 secs] [Times: user=0.00 sys=0.00, real=0.00 secs] 
Heap after GC invocations=341 (full 3):
 par new generation   total 4928K, used 324K [0x00000000f0800000, 0x00000000f0d50000, 0x00000000f5a00000)
  eden space 4416K,   0% used [0x00000000f0800000, 0x00000000f0800000, 0x00000000f0c50000)
  from space 512K,  63% used [0x00000000f0cd0000, 0x00000000f0d21288, 0x00000000f0d50000)
  to   space 512K,   0% used [0x00000000f0c50000, 0x00000000f0c50000, 0x00000000f0cd0000)
 concurrent mark-sweep generation total 17752K, used 13821K [0x00000000f5a00000, 0x00000000f6b56000, 0x0000000100000000)
 Metaspace       used 25550K, capacity 26226K, committed 26392K, reserved 1073152K
  class space    used 3177K, capacity 3339K, committed 3352K, reserved 1048576K
}
2019-10-16T14:16:49.625+0000: 9.477: Total time for which application threads were stopped: 0.0021738 seconds, Stopping threads took: 0.0000218 seconds
{Heap before GC invocations=341 (full 3):
 par new generation   total 4928K, used 4740K [0x00000000f0800000, 0x00000000f0d50000, 0x00000000f5a00000)
  eden space 4416K, 100% used [0x00000000f0800000, 0x00000000f0c50000, 0x00000000f0c50000)
  from space 512K,  63% used [0x00000000f0cd0000, 0x00000000f0d21288, 0x00000000f0d50000)
  to   space 512K,   0% used [0x00000000f0c50000, 0x00000000f0c50000, 0x00000000f0cd0000)
 concurrent mark-sweep generation total 17752K, used 13821K [0x00000000f5a00000, 0x00000000f6b56000, 0x0000000100000000)
 Metaspace       used 25555K, capacity 26226K, committed 26392K, reserved 1073152K
  class space    used 3179K, capacity 3339K, committed 3352K, reserved 1048576K
2019-10-16T14:16:49.646+0000: 9.498: [GC (Allocation Failure) 2019-10-16T14:16:49.646+0000: 9.498: [ParNew
Desired survivor size 262144 bytes, new threshold 4 (max 6)
- age   1:      65688 bytes,      65688 total
- age   2:      26048 bytes,      91736 total
- age   3:     118912 bytes,     210648 total
- age   4:      64744 bytes,     275392 total
: 4740K->278K(4928K), 0.0018201 secs] 18561K->14129K(22680K), 0.0018636 secs] [Times: user=0.01 sys=0.00, real=0.00 secs] 
Heap after GC invocations=342 (full 3):
 par new generation   total 4928K, used 278K [0x00000000f0800000, 0x00000000f0d50000, 0x00000000f5a00000)
  eden space 4416K,   0% used [0x00000000f0800000, 0x00000000f0800000, 0x00000000f0c50000)
  from space 512K,  54% used [0x00000000f0c50000, 0x00000000f0c958a0, 0x00000000f0cd0000)
  to   space 512K,   0% used [0x00000000f0cd0000, 0x00000000f0cd0000, 0x00000000f0d50000)
 concurrent mark-sweep generation total 17752K, used 13851K [0x00000000f5a00000, 0x00000000f6b56000, 0x0000000100000000)
 Metaspace       used 25555K, capacity 26226K, committed 26392K, reserved 1073152K
  class space    used 3179K, capacity 3339K, committed 3352K, reserved 1048576K
}
2019-10-16T14:16:49.648+0000: 9.500: Total time for which application threads were stopped: 0.0019745 seconds, Stopping threads took: 0.0000241 seconds
{Heap before GC invocations=342 (full 3):
 par new generation   total 4928K, used 4694K [0x00000000f0800000, 0x00000000f0d50000, 0x00000000f5a00000)
  eden space 4416K, 100% used [0x00000000f0800000, 0x00000000f0c50000, 0x00000000f0c50000)
  from space 512K,  54% used [0x00000000f0c50000, 0x00000000f0c958a0, 0x00000000f0cd0000)
  to   space 512K,   0% used [0x00000000f0cd0000, 0x00000000f0cd0000, 0x00000000f0d50000)
 concurrent mark-sweep generation total 17752K, used 13851K [0x00000000f5a00000, 0x00000000f6b56000, 0x0000000100000000)
 Metaspace       used 25578K, capacity 26264K, committed 26520K, reserved 1073152K
  class space    used 3185K, capacity 3372K, committed 3480K, reserved 1048576K
2019-10-16T14:16:49.669+0000: 9.521: [GC (Allocation Failure) 2019-10-16T14:16:49.669+0000: 9.521: [ParNew
Desired survivor size 262144 bytes, new threshold 6 (max 6)
- age   1:      20768 bytes,      20768 total
- age   2:      61192 bytes,      81960 total
- age   3:      25936 bytes,     107896 total
- age   4:     118912 bytes,     226808 total
: 4694K->271K(4928K), 0.0017601 secs] 18545K->14187K(22680K), 0.0018113 secs] [Times: user=0.00 sys=0.00, real=0.01 secs] 
Heap after GC invocations=343 (full 3):
 par new generation   total 4928K, used 271K [0x00000000f0800000, 0x00000000f0d50000, 0x00000000f5a00000)
  eden space 4416K,   0% used [0x00000000f0800000, 0x00000000f0800000, 0x00000000f0c50000)
  from space 512K,  52% used [0x00000000f0cd0000, 0x00000000f0d13d00, 0x00000000f0d50000)
  to   space 512K,   0% used [0x00000000f0c50000, 0x00000000f0c50000, 0x00000000f0cd0000)
 concurrent mark-sweep generation total 17752K, used 13915K [0x00000000f5a00000, 0x00000000f6b56000, 0x0000000100000000)
 Metaspace       used 25578K, capacity 26264K, committed 26520K, reserved 1073152K
  class space    used 3185K, capacity 3372K, committed 3480K, reserved 1048576K
}
2019-10-16T14:16:49.671+0000: 9.523: Total time for which application threads were stopped: 0.0019282 seconds, Stopping threads took: 0.0000216 seconds
2019-10-16T14:16:49.671+0000: 9.523: [CMS-concurrent-abortable-preclean: 0.042/0.196 secs] [Times: user=0.18 sys=0.01, real=0.20 secs] 
2019-10-16T14:16:49.671+0000: 9.523: [GC (CMS Final Remark) [YG occupancy: 271 K (4928 K)]2019-10-16T14:16:49.671+0000: 9.523: [Rescan (parallel) , 0.0008833 secs]2019-10-16T14:16:49.672+0000: 9.524: [weak refs processing, 0.0000257 secs]2019-10-16T14:16:49.672+0000: 9.524: [class unloading, 0.0035898 secs]2019-10-16T14:16:49.676+0000: 9.528: [scrub symbol table, 0.0038763 secs]2019-10-16T14:16:49.680+0000: 9.532: [scrub string table, 0.0003990 secs][1 CMS-remark: 13915K(17752K)] 14187K(22680K), 0.0088715 secs] [Times: user=0.01 sys=0.00, real=0.00 secs] 
2019-10-16T14:16:49.680+0000: 9.532: Total time for which application threads were stopped: 0.0089288 seconds, Stopping threads took: 0.0000181 seconds
2019-10-16T14:16:49.690+0000: 9.542: [CMS-concurrent-sweep-start]
2019-10-16T14:16:49.695+0000: 9.548: [CMS-concurrent-sweep: 0.005/0.005 secs] [Times: user=0.00 sys=0.00, real=0.00 secs] 
2019-10-16T14:16:49.696+0000: 9.548: [CMS-concurrent-reset-start]
2019-10-16T14:16:49.696+0000: 9.548: [CMS-concurrent-reset: 0.000/0.000 secs] [Times: user=0.01 sys=0.00, real=0.00 secs] 
{Heap before GC invocations=343 (full 3):
 par new generation   total 4928K, used 4687K [0x00000000f0800000, 0x00000000f0d50000, 0x00000000f5a00000)
  eden space 4416K, 100% used [0x00000000f0800000, 0x00000000f0c50000, 0x00000000f0c50000)
  from space 512K,  52% used [0x00000000f0cd0000, 0x00000000f0d13d00, 0x00000000f0d50000)
  to   space 512K,   0% used [0x00000000f0c50000, 0x00000000f0c50000, 0x00000000f0cd0000)
 concurrent mark-sweep generation total 22552K, used 13529K [0x00000000f5a00000, 0x00000000f7006000, 0x0000000100000000)
 Metaspace       used 25581K, capacity 26264K, committed 26520K, reserved 1073152K
  class space    used 3185K, capacity 3372K, committed 3480K, reserved 1048576K
2019-10-16T14:16:49.714+0000: 9.566: [GC (Allocation Failure) 2019-10-16T14:16:49.714+0000: 9.566: [ParNew
Desired survivor size 262144 bytes, new threshold 5 (max 6)
- age   1:     120840 bytes,     120840 total
- age   2:      16984 bytes,     137824 total
- age   3:      61192 bytes,     199016 total
- age   4:      25936 bytes,     224952 total
- age   5:     118264 bytes,     343216 total
: 4687K->467K(4928K), 0.0018231 secs] 18216K->13997K(27480K), 0.0018641 secs] [Times: user=0.01 sys=0.00, real=0.00 secs] 
Heap after GC invocations=344 (full 3):
 par new generation   total 4928K, used 467K [0x00000000f0800000, 0x00000000f0d50000, 0x00000000f5a00000)
  eden space 4416K,   0% used [0x00000000f0800000, 0x00000000f0800000, 0x00000000f0c50000)
  from space 512K,  91% used [0x00000000f0c50000, 0x00000000f0cc4e60, 0x00000000f0cd0000)
  to   space 512K,   0% used [0x00000000f0cd0000, 0x00000000f0cd0000, 0x00000000f0d50000)
 concurrent mark-sweep generation total 22552K, used 13529K [0x00000000f5a00000, 0x00000000f7006000, 0x0000000100000000)
 Metaspace       used 25581K, capacity 26264K, committed 26520K, reserved 1073152K
  class space    used 3185K, capacity 3372K, committed 3480K, reserved 1048576K
}
2019-10-16T14:16:49.716+0000: 9.568: Total time for which application threads were stopped: 0.0019767 seconds, Stopping threads took: 0.0000269 seconds
{Heap before GC invocations=344 (full 3):
 par new generation   total 4928K, used 4883K [0x00000000f0800000, 0x00000000f0d50000, 0x00000000f5a00000)
  eden space 4416K, 100% used [0x00000000f0800000, 0x00000000f0c50000, 0x00000000f0c50000)
  from space 512K,  91% used [0x00000000f0c50000, 0x00000000f0cc4e60, 0x00000000f0cd0000)
  to   space 512K,   0% used [0x00000000f0cd0000, 0x00000000f0cd0000, 0x00000000f0d50000)
 concurrent mark-sweep generation total 22552K, used 13529K [0x00000000f5a00000, 0x00000000f7006000, 0x0000000100000000)
 Metaspace       used 25591K, capacity 26264K, committed 26520K, reserved 1073152K
  class space    used 3186K, capacity 3372K, committed 3480K, reserved 1048576K
2019-10-16T14:16:49.738+0000: 9.590: [GC (Allocation Failure) 2019-10-16T14:16:49.738+0000: 9.590: [ParNew
Desired survivor size 262144 bytes, new threshold 4 (max 6)
- age   1:     145592 bytes,     145592 total
- age   2:      83408 bytes,     229000 total
- age   3:      16984 bytes,     245984 total
- age   4:      61192 bytes,     307176 total
- age   5:      25936 bytes,     333112 total
: 4883K->512K(4928K), 0.0022322 secs] 18413K->14167K(27480K), 0.0022804 secs] [Times: user=0.00 sys=0.00, real=0.00 secs] 
Heap after GC invocations=345 (full 3):
 par new generation   total 4928K, used 512K [0x00000000f0800000, 0x00000000f0d50000, 0x00000000f5a00000)
  eden space 4416K,   0% used [0x00000000f0800000, 0x00000000f0800000, 0x00000000f0c50000)
  from space 512K, 100% used [0x00000000f0cd0000, 0x00000000f0d50000, 0x00000000f0d50000)
  to   space 512K,   0% used [0x00000000f0c50000, 0x00000000f0c50000, 0x00000000f0cd0000)
 concurrent mark-sweep generation total 22552K, used 13655K [0x00000000f5a00000, 0x00000000f7006000, 0x0000000100000000)
 Metaspace       used 25591K, capacity 26264K, committed 26520K, reserved 1073152K
  class space    used 3186K, capacity 3372K, committed 3480K, reserved 1048576K
}
2019-10-16T14:16:49.740+0000: 9.592: Total time for which application threads were stopped: 0.0023969 seconds, Stopping threads took: 0.0000204 seconds
{Heap before GC invocations=345 (full 3):
 par new generation   total 4928K, used 4928K [0x00000000f0800000, 0x00000000f0d50000, 0x00000000f5a00000)
  eden space 4416K, 100% used [0x00000000f0800000, 0x00000000f0c50000, 0x00000000f0c50000)
  from space 512K, 100% used [0x00000000f0cd0000, 0x00000000f0d50000, 0x00000000f0d50000)
  to   space 512K,   0% used [0x00000000f0c50000, 0x00000000f0c50000, 0x00000000f0cd0000)
 concurrent mark-sweep generation total 22552K, used 13655K [0x00000000f5a00000, 0x00000000f7006000, 0x0000000100000000)
 Metaspace       used 25601K, capacity 26264K, committed 26520K, reserved 1073152K
  class space    used 3186K, capacity 3372K, committed 3480K, reserved 1048576K
2019-10-16T14:16:49.758+0000: 9.610: [GC (Allocation Failure) 2019-10-16T14:16:49.758+0000: 9.610: [ParNew
Desired survivor size 262144 bytes, new threshold 3 (max 6)
- age   1:      62568 bytes,      62568 total
- age   2:     131952 bytes,     194520 total
- age   3:      82120 bytes,     276640 total
- age   4:      16632 bytes,     293272 total
: 4928K->322K(4928K), 0.0021133 secs] 18583K->14067K(27480K), 0.0021683 secs] [Times: user=0.00 sys=0.00, real=0.00 secs] 
Heap after GC invocations=346 (full 3):
 par new generation   total 4928K, used 322K [0x00000000f0800000, 0x00000000f0d50000, 0x00000000f5a00000)
  eden space 4416K,   0% used [0x00000000f0800000, 0x00000000f0800000, 0x00000000f0c50000)
  from space 512K,  63% used [0x00000000f0c50000, 0x00000000f0ca0bf8, 0x00000000f0cd0000)
  to   space 512K,   0% used [0x00000000f0cd0000, 0x00000000f0cd0000, 0x00000000f0d50000)
 concurrent mark-sweep generation total 22552K, used 13745K [0x00000000f5a00000, 0x00000000f7006000, 0x0000000100000000)
 Metaspace       used 25601K, capacity 26264K, committed 26520K, reserved 1073152K
  class space    used 3186K, capacity 3372K, committed 3480K, reserved 1048576K
}
2019-10-16T14:16:49.760+0000: 9.613: Total time for which application threads were stopped: 0.0022962 seconds, Stopping threads took: 0.0000247 seconds
{Heap before GC invocations=346 (full 3):
 par new generation   total 4928K, used 4738K [0x00000000f0800000, 0x00000000f0d50000, 0x00000000f5a00000)
  eden space 4416K, 100% used [0x00000000f0800000, 0x00000000f0c50000, 0x00000000f0c50000)
  from space 512K,  63% used [0x00000000f0c50000, 0x00000000f0ca0bf8, 0x00000000f0cd0000)
  to   space 512K,   0% used [0x00000000f0cd0000, 0x00000000f0cd0000, 0x00000000f0d50000)
 concurrent mark-sweep generation total 22552K, used 13745K [0x00000000f5a00000, 0x00000000f7006000, 0x0000000100000000)
 Metaspace       used 25601K, capacity 26264K, committed 26520K, reserved 1073152K
  class space    used 3186K, capacity 3372K, committed 3480K, reserved 1048576K
2019-10-16T14:16:49.770+0000: 9.622: [GC (Allocation Failure) 2019-10-16T14:16:49.770+0000: 9.622: [ParNew
Desired survivor size 262144 bytes, new threshold 6 (max 6)
- age   1:      29992 bytes,      29992 total
- age   2:      57104 bytes,      87096 total
- age   3:     130016 bytes,     217112 total
: 4738K->294K(4928K), 0.0015765 secs] 18483K->14138K(27480K), 0.0016311 secs] [Times: user=0.00 sys=0.00, real=0.00 secs] 
Heap after GC invocations=347 (full 3):
 par new generation   total 4928K, used 294K [0x00000000f0800000, 0x00000000f0d50000, 0x00000000f5a00000)
  eden space 4416K,   0% used [0x00000000f0800000, 0x00000000f0800000, 0x00000000f0c50000)
  from space 512K,  57% used [0x00000000f0cd0000, 0x00000000f0d19b20, 0x00000000f0d50000)
  to   space 512K,   0% used [0x00000000f0c50000, 0x00000000f0c50000, 0x00000000f0cd0000)
 concurrent mark-sweep generation total 22552K, used 13844K [0x00000000f5a00000, 0x00000000f7006000, 0x0000000100000000)
 Metaspace       used 25601K, capacity 26264K, committed 26520K, reserved 1073152K
  class space    used 3186K, capacity 3372K, committed 3480K, reserved 1048576K
}
2019-10-16T14:16:49.772+0000: 9.624: Total time for which application threads were stopped: 0.0017561 seconds, Stopping threads took: 0.0000513 seconds
{Heap before GC invocations=347 (full 3):
 par new generation   total 4928K, used 4710K [0x00000000f0800000, 0x00000000f0d50000, 0x00000000f5a00000)
  eden space 4416K, 100% used [0x00000000f0800000, 0x00000000f0c50000, 0x00000000f0c50000)
  from space 512K,  57% used [0x00000000f0cd0000, 0x00000000f0d19b20, 0x00000000f0d50000)
  to   space 512K,   0% used [0x00000000f0c50000, 0x00000000f0c50000, 0x00000000f0cd0000)
 concurrent mark-sweep generation total 22552K, used 13844K [0x00000000f5a00000, 0x00000000f7006000, 0x0000000100000000)
 Metaspace       used 25601K, capacity 26264K, committed 26520K, reserved 1073152K
  class space    used 3186K, capacity 3372K, committed 3480K, reserved 1048576K
2019-10-16T14:16:49.782+0000: 9.634: [GC (Allocation Failure) 2019-10-16T14:16:49.782+0000: 9.634: [ParNew
Desired survivor size 262144 bytes, new threshold 6 (max 6)
- age   1:      30952 bytes,      30952 total
- age   2:      27416 bytes,      58368 total
- age   3:      54464 bytes,     112832 total
- age   4:     130016 bytes,     242848 total
: 4710K->464K(4928K), 0.0011886 secs] 18554K->14308K(27480K), 0.0012214 secs] [Times: user=0.00 sys=0.00, real=0.00 secs] 
Heap after GC invocations=348 (full 3):
 par new generation   total 4928K, used 464K [0x00000000f0800000, 0x00000000f0d50000, 0x00000000f5a00000)
  eden space 4416K,   0% used [0x00000000f0800000, 0x00000000f0800000, 0x00000000f0c50000)
  from space 512K,  90% used [0x00000000f0c50000, 0x00000000f0cc4020, 0x00000000f0cd0000)
  to   space 512K,   0% used [0x00000000f0cd0000, 0x00000000f0cd0000, 0x00000000f0d50000)
 concurrent mark-sweep generation total 22552K, used 13844K [0x00000000f5a00000, 0x00000000f7006000, 0x0000000100000000)
 Metaspace       used 25601K, capacity 26264K, committed 26520K, reserved 1073152K
  class space    used 3186K, capacity 3372K, committed 3480K, reserved 1048576K
}
2019-10-16T14:16:49.784+0000: 9.636: Total time for which application threads were stopped: 0.0013147 seconds, Stopping threads took: 0.0000210 seconds
{Heap before GC invocations=348 (full 3):
 par new generation   total 4928K, used 4880K [0x00000000f0800000, 0x00000000f0d50000, 0x00000000f5a00000)
  eden space 4416K, 100% used [0x00000000f0800000, 0x00000000f0c50000, 0x00000000f0c50000)
  from space 512K,  90% used [0x00000000f0c50000, 0x00000000f0cc4020, 0x00000000f0cd0000)
  to   space 512K,   0% used [0x00000000f0cd0000, 0x00000000f0cd0000, 0x00000000f0d50000)
 concurrent mark-sweep generation total 22552K, used 13844K [0x00000000f5a00000, 0x00000000f7006000, 0x0000000100000000)
 Metaspace       used 25601K, capacity 26264K, committed 26520K, reserved 1073152K
  class space    used 3186K, capacity 3372K, committed 3480K, reserved 1048576K
2019-10-16T14:16:49.794+0000: 9.646: [GC (Allocation Failure) 2019-10-16T14:16:49.794+0000: 9.646: [ParNew
Desired survivor size 262144 bytes, new threshold 5 (max 6)
- age   1:      32040 bytes,      32040 total
- age   2:      28528 bytes,      60568 total
- age   3:      27416 bytes,      87984 total
- age   4:      51160 bytes,     139144 total
- age   5:     130016 bytes,     269160 total
: 4880K->293K(4928K), 0.0012174 secs] 18724K->14137K(27480K), 0.0012567 secs] [Times: user=0.00 sys=0.00, real=0.00 secs] 
Heap after GC invocations=349 (full 3):
 par new generation   total 4928K, used 293K [0x00000000f0800000, 0x00000000f0d50000, 0x00000000f5a00000)
  eden space 4416K,   0% used [0x00000000f0800000, 0x00000000f0800000, 0x00000000f0c50000)
  from space 512K,  57% used [0x00000000f0cd0000, 0x00000000f0d196f0, 0x00000000f0d50000)
  to   space 512K,   0% used [0x00000000f0c50000, 0x00000000f0c50000, 0x00000000f0cd0000)
 concurrent mark-sweep generation total 22552K, used 13844K [0x00000000f5a00000, 0x00000000f7006000, 0x0000000100000000)
 Metaspace       used 25601K, capacity 26264K, committed 26520K, reserved 1073152K
  class space    used 3186K, capacity 3372K, committed 3480K, reserved 1048576K
}
2019-10-16T14:16:49.796+0000: 9.648: Total time for which application threads were stopped: 0.0013742 seconds, Stopping threads took: 0.0000188 seconds
{Heap before GC invocations=349 (full 3):
 par new generation   total 4928K, used 4709K [0x00000000f0800000, 0x00000000f0d50000, 0x00000000f5a00000)
  eden space 4416K, 100% used [0x00000000f0800000, 0x00000000f0c50000, 0x00000000f0c50000)
  from space 512K,  57% used [0x00000000f0cd0000, 0x00000000f0d196f0, 0x00000000f0d50000)
  to   space 512K,   0% used [0x00000000f0c50000, 0x00000000f0c50000, 0x00000000f0cd0000)
 concurrent mark-sweep generation total 22552K, used 13844K [0x00000000f5a00000, 0x00000000f7006000, 0x0000000100000000)
 Metaspace       used 25601K, capacity 26264K, committed 26520K, reserved 1073152K
  class space    used 3186K, capacity 3372K, committed 3480K, reserved 1048576K
2019-10-16T14:16:49.811+0000: 9.663: [GC (Allocation Failure) 2019-10-16T14:16:49.811+0000: 9.663: [ParNew
Desired survivor size 262144 bytes, new threshold 6 (max 6)
- age   1:      29896 bytes,      29896 total
- age   2:      30136 bytes,      60032 total
- age   3:      28528 bytes,      88560 total
- age   4:      26944 bytes,     115504 total
- age   5:      48880 bytes,     164384 total
: 4709K->234K(4928K), 0.0018436 secs] 18553K->14209K(27480K), 0.0018816 secs] [Times: user=0.00 sys=0.00, real=0.00 secs] 
Heap after GC invocations=350 (full 3):
 par new generation   total 4928K, used 234K [0x00000000f0800000, 0x00000000f0d50000, 0x00000000f5a00000)
  eden space 4416K,   0% used [0x00000000f0800000, 0x00000000f0800000, 0x00000000f0c50000)
  from space 512K,  45% used [0x00000000f0c50000, 0x00000000f0c8a880, 0x00000000f0cd0000)
  to   space 512K,   0% used [0x00000000f0cd0000, 0x00000000f0cd0000, 0x00000000f0d50000)
 concurrent mark-sweep generation total 22552K, used 13975K [0x00000000f5a00000, 0x00000000f7006000, 0x0000000100000000)
 Metaspace       used 25601K, capacity 26264K, committed 26520K, reserved 1073152K
  class space    used 3186K, capacity 3372K, committed 3480K, reserved 1048576K
}
2019-10-16T14:16:49.813+0000: 9.665: Total time for which application threads were stopped: 0.0019808 seconds, Stopping threads took: 0.0000204 seconds
{Heap before GC invocations=350 (full 3):
 par new generation   total 4928K, used 4650K [0x00000000f0800000, 0x00000000f0d50000, 0x00000000f5a00000)
  eden space 4416K, 100% used [0x00000000f0800000, 0x00000000f0c50000, 0x00000000f0c50000)
  from space 512K,  45% used [0x00000000f0c50000, 0x00000000f0c8a880, 0x00000000f0cd0000)
  to   space 512K,   0% used [0x00000000f0cd0000, 0x00000000f0cd0000, 0x00000000f0d50000)
 concurrent mark-sweep generation total 22552K, used 13975K [0x00000000f5a00000, 0x00000000f7006000, 0x0000000100000000)
 Metaspace       used 25601K, capacity 26264K, committed 26520K, reserved 1073152K
  class space    used 3186K, capacity 3372K, committed 3480K, reserved 1048576K
2019-10-16T14:16:49.822+0000: 9.674: [GC (Allocation Failure) 2019-10-16T14:16:49.822+0000: 9.674: [ParNew
Desired survivor size 262144 bytes, new threshold 6 (max 6)
- age   1:      35816 bytes,      35816 total
- age   2:      27520 bytes,      63336 total
- age   3:      30136 bytes,      93472 total
- age   4:      28048 bytes,     121520 total
- age   5:      24688 bytes,     146208 total
- age   6:      48880 bytes,     195088 total
: 4650K->357K(4928K), 0.0013262 secs] 18625K->14332K(27480K), 0.0013721 secs] [Times: user=0.00 sys=0.00, real=0.00 secs] 
Heap after GC invocations=351 (full 3):
 par new generation   total 4928K, used 357K [0x00000000f0800000, 0x00000000f0d50000, 0x00000000f5a00000)
  eden space 4416K,   0% used [0x00000000f0800000, 0x00000000f0800000, 0x00000000f0c50000)
  from space 512K,  69% used [0x00000000f0cd0000, 0x00000000f0d29420, 0x00000000f0d50000)
  to   space 512K,   0% used [0x00000000f0c50000, 0x00000000f0c50000, 0x00000000f0cd0000)
 concurrent mark-sweep generation total 22552K, used 13975K [0x00000000f5a00000, 0x00000000f7006000, 0x0000000100000000)
 Metaspace       used 25601K, capacity 26264K, committed 26520K, reserved 1073152K
  class space    used 3186K, capacity 3372K, committed 3480K, reserved 1048576K
}
2019-10-16T14:16:49.824+0000: 9.676: Total time for which application threads were stopped: 0.0014786 seconds, Stopping threads took: 0.0000227 seconds
{Heap before GC invocations=351 (full 3):
 par new generation   total 4928K, used 4773K [0x00000000f0800000, 0x00000000f0d50000, 0x00000000f5a00000)
  eden space 4416K, 100% used [0x00000000f0800000, 0x00000000f0c50000, 0x00000000f0c50000)
  from space 512K,  69% used [0x00000000f0cd0000, 0x00000000f0d29420, 0x00000000f0d50000)
  to   space 512K,   0% used [0x00000000f0c50000, 0x00000000f0c50000, 0x00000000f0cd0000)
 concurrent mark-sweep generation total 22552K, used 13975K [0x00000000f5a00000, 0x00000000f7006000, 0x0000000100000000)
 Metaspace       used 25605K, capacity 26264K, committed 26520K, reserved 1073152K
  class space    used 3187K, capacity 3372K, committed 3480K, reserved 1048576K
2019-10-16T14:16:49.838+0000: 9.690: [GC (Allocation Failure) 2019-10-16T14:16:49.838+0000: 9.690: [ParNew
Desired survivor size 262144 bytes, new threshold 6 (max 6)
- age   1:      24296 bytes,      24296 total
- age   2:      32792 bytes,      57088 total
- age   3:      27520 bytes,      84608 total
- age   4:      30136 bytes,     114744 total
- age   5:      26568 bytes,     141312 total
- age   6:      24688 bytes,     166000 total
: 4773K->231K(4928K), 0.0014402 secs] 18748K->14255K(27480K), 0.0014734 secs] [Times: user=0.00 sys=0.00, real=0.00 secs] 
Heap after GC invocations=352 (full 3):
 par new generation   total 4928K, used 231K [0x00000000f0800000, 0x00000000f0d50000, 0x00000000f5a00000)
  eden space 4416K,   0% used [0x00000000f0800000, 0x00000000f0800000, 0x00000000f0c50000)
  from space 512K,  45% used [0x00000000f0c50000, 0x00000000f0c89ef0, 0x00000000f0cd0000)
  to   space 512K,   0% used [0x00000000f0cd0000, 0x00000000f0cd0000, 0x00000000f0d50000)
 concurrent mark-sweep generation total 22552K, used 14024K [0x00000000f5a00000, 0x00000000f7006000, 0x0000000100000000)
 Metaspace       used 25605K, capacity 26264K, committed 26520K, reserved 1073152K
  class space    used 3187K, capacity 3372K, committed 3480K, reserved 1048576K
}
2019-10-16T14:16:49.840+0000: 9.692: Total time for which application threads were stopped: 0.0015865 seconds, Stopping threads took: 0.0000322 seconds
{Heap before GC invocations=352 (full 3):
 par new generation   total 4928K, used 4647K [0x00000000f0800000, 0x00000000f0d50000, 0x00000000f5a00000)
  eden space 4416K, 100% used [0x00000000f0800000, 0x00000000f0c50000, 0x00000000f0c50000)
  from space 512K,  45% used [0x00000000f0c50000, 0x00000000f0c89ef0, 0x00000000f0cd0000)
  to   space 512K,   0% used [0x00000000f0cd0000, 0x00000000f0cd0000, 0x00000000f0d50000)
 concurrent mark-sweep generation total 22552K, used 14024K [0x00000000f5a00000, 0x00000000f7006000, 0x0000000100000000)
 Metaspace       used 25606K, capacity 26264K, committed 26520K, reserved 1073152K
  class space    used 3187K, capacity 3372K, committed 3480K, reserved 1048576K
2019-10-16T14:16:49.859+0000: 9.711: [GC (Allocation Failure) 2019-10-16T14:16:49.859+0000: 9.711: [ParNew
Desired survivor size 262144 bytes, new threshold 5 (max 6)
- age   1:     157512 bytes,     157512 total
- age   2:      20648 bytes,     178160 total
- age   3:      32792 bytes,     210952 total
- age   4:      27520 bytes,     238472 total
- age   5:      30136 bytes,     268608 total
- age   6:      26568 bytes,     295176 total
: 4647K->304K(4928K), 0.0015321 secs] 18671K->14353K(27480K), 0.0015874 secs] [Times: user=0.00 sys=0.00, real=0.00 secs] 
Heap after GC invocations=353 (full 3):
 par new generation   total 4928K, used 304K [0x00000000f0800000, 0x00000000f0d50000, 0x00000000f5a00000)
  eden space 4416K,   0% used [0x00000000f0800000, 0x00000000f0800000, 0x00000000f0c50000)
  from space 512K,  59% used [0x00000000f0cd0000, 0x00000000f0d1c218, 0x00000000f0d50000)
  to   space 512K,   0% used [0x00000000f0c50000, 0x00000000f0c50000, 0x00000000f0cd0000)
 concurrent mark-sweep generation total 22552K, used 14049K [0x00000000f5a00000, 0x00000000f7006000, 0x0000000100000000)
 Metaspace       used 25606K, capacity 26264K, committed 26520K, reserved 1073152K
  class space    used 3187K, capacity 3372K, committed 3480K, reserved 1048576K
}
2019-10-16T14:16:49.861+0000: 9.713: Total time for which application threads were stopped: 0.0016853 seconds, Stopping threads took: 0.0000187 seconds
{Heap before GC invocations=353 (full 3):
 par new generation   total 4928K, used 4720K [0x00000000f0800000, 0x00000000f0d50000, 0x00000000f5a00000)
  eden space 4416K, 100% used [0x00000000f0800000, 0x00000000f0c50000, 0x00000000f0c50000)
  from space 512K,  59% used [0x00000000f0cd0000, 0x00000000f0d1c218, 0x00000000f0d50000)
  to   space 512K,   0% used [0x00000000f0c50000, 0x00000000f0c50000, 0x00000000f0cd0000)
 concurrent mark-sweep generation total 22552K, used 14049K [0x00000000f5a00000, 0x00000000f7006000, 0x0000000100000000)
 Metaspace       used 25606K, capacity 26264K, committed 26520K, reserved 1073152K
  class space    used 3187K, capacity 3372K, committed 3480K, reserved 1048576K
2019-10-16T14:16:49.871+0000: 9.723: [GC (Allocation Failure) 2019-10-16T14:16:49.871+0000: 9.723: [ParNew
Desired survivor size 262144 bytes, new threshold 5 (max 6)
- age   1:      40824 bytes,      40824 total
- age   2:     144896 bytes,     185720 total
- age   3:      20648 bytes,     206368 total
- age   4:      32792 bytes,     239160 total
- age   5:      27520 bytes,     266680 total
: 4720K->500K(4928K), 0.0014814 secs] 18769K->14607K(27480K), 0.0015147 secs] [Times: user=0.00 sys=0.00, real=0.00 secs] 
Heap after GC invocations=354 (full 3):
 par new generation   total 4928K, used 500K [0x00000000f0800000, 0x00000000f0d50000, 0x00000000f5a00000)
  eden space 4416K,   0% used [0x00000000f0800000, 0x00000000f0800000, 0x00000000f0c50000)
  from space 512K,  97% used [0x00000000f0c50000, 0x00000000f0ccd340, 0x00000000f0cd0000)
  to   space 512K,   0% used [0x00000000f0cd0000, 0x00000000f0cd0000, 0x00000000f0d50000)
 concurrent mark-sweep generation total 22552K, used 14106K [0x00000000f5a00000, 0x00000000f7006000, 0x0000000100000000)
 Metaspace       used 25606K, capacity 26264K, committed 26520K, reserved 1073152K
  class space    used 3187K, capacity 3372K, committed 3480K, reserved 1048576K
}
2019-10-16T14:16:49.872+0000: 9.724: Total time for which application threads were stopped: 0.0016115 seconds, Stopping threads took: 0.0000227 seconds
{Heap before GC invocations=354 (full 3):
 par new generation   total 4928K, used 4916K [0x00000000f0800000, 0x00000000f0d50000, 0x00000000f5a00000)
  eden space 4416K, 100% used [0x00000000f0800000, 0x00000000f0c50000, 0x00000000f0c50000)
  from space 512K,  97% used [0x00000000f0c50000, 0x00000000f0ccd340, 0x00000000f0cd0000)
  to   space 512K,   0% used [0x00000000f0cd0000, 0x00000000f0cd0000, 0x00000000f0d50000)
 concurrent mark-sweep generation total 22552K, used 14106K [0x00000000f5a00000, 0x00000000f7006000, 0x0000000100000000)
 Metaspace       used 25611K, capacity 26264K, committed 26520K, reserved 1073152K
  class space    used 3188K, capacity 3372K, committed 3480K, reserved 1048576K
2019-10-16T14:16:49.887+0000: 9.739: [GC (Allocation Failure) 2019-10-16T14:16:49.887+0000: 9.739: [ParNew
Desired survivor size 262144 bytes, new threshold 5 (max 6)
- age   1:      35840 bytes,      35840 total
- age   2:      38024 bytes,      73864 total
- age   3:     141528 bytes,     215392 total
- age   4:      20592 bytes,     235984 total
- age   5:      32792 bytes,     268776 total
: 4916K->320K(4928K), 0.0014800 secs] 19023K->14454K(27480K), 0.0015232 secs] [Times: user=0.01 sys=0.00, real=0.00 secs] 
Heap after GC invocations=355 (full 3):
 par new generation   total 4928K, used 320K [0x00000000f0800000, 0x00000000f0d50000, 0x00000000f5a00000)
  eden space 4416K,   0% used [0x00000000f0800000, 0x00000000f0800000, 0x00000000f0c50000)
  from space 512K,  62% used [0x00000000f0cd0000, 0x00000000f0d20220, 0x00000000f0d50000)
  to   space 512K,   0% used [0x00000000f0c50000, 0x00000000f0c50000, 0x00000000f0cd0000)
 concurrent mark-sweep generation total 22552K, used 14133K [0x00000000f5a00000, 0x00000000f7006000, 0x0000000100000000)
 Metaspace       used 25611K, capacity 26264K, committed 26520K, reserved 1073152K
  class space    used 3188K, capacity 3372K, committed 3480K, reserved 1048576K
}
2019-10-16T14:16:49.889+0000: 9.741: Total time for which application threads were stopped: 0.0016232 seconds, Stopping threads took: 0.0000190 seconds
2019-10-16T14:16:49.890+0000: 9.742: Total time for which application threads were stopped: 0.0003098 seconds, Stopping threads took: 0.0000167 seconds
{Heap before GC invocations=355 (full 3):
 par new generation   total 4928K, used 4736K [0x00000000f0800000, 0x00000000f0d50000, 0x00000000f5a00000)
  eden space 4416K, 100% used [0x00000000f0800000, 0x00000000f0c50000, 0x00000000f0c50000)
  from space 512K,  62% used [0x00000000f0cd0000, 0x00000000f0d20220, 0x00000000f0d50000)
  to   space 512K,   0% used [0x00000000f0c50000, 0x00000000f0c50000, 0x00000000f0cd0000)
 concurrent mark-sweep generation total 22552K, used 14133K [0x00000000f5a00000, 0x00000000f7006000, 0x0000000100000000)
 Metaspace       used 25653K, capacity 26328K, committed 26520K, reserved 1073152K
  class space    used 3194K, capacity 3372K, committed 3480K, reserved 1048576K
2019-10-16T14:16:49.903+0000: 9.755: [GC (Allocation Failure) 2019-10-16T14:16:49.903+0000: 9.755: [ParNew
Desired survivor size 262144 bytes, new threshold 6 (max 6)
- age   1:      19240 bytes,      19240 total
- age   2:      32992 bytes,      52232 total
- age   3:      38024 bytes,      90256 total
- age   4:     141528 bytes,     231784 total
- age   5:      19192 bytes,     250976 total
: 4736K->473K(4928K), 0.0017296 secs] 18870K->14639K(27480K), 0.0017680 secs] [Times: user=0.00 sys=0.00, real=0.00 secs] 
Heap after GC invocations=356 (full 3):
 par new generation   total 4928K, used 473K [0x00000000f0800000, 0x00000000f0d50000, 0x00000000f5a00000)
  eden space 4416K,   0% used [0x00000000f0800000, 0x00000000f0800000, 0x00000000f0c50000)
  from space 512K,  92% used [0x00000000f0c50000, 0x00000000f0cc6440, 0x00000000f0cd0000)
  to   space 512K,   0% used [0x00000000f0cd0000, 0x00000000f0cd0000, 0x00000000f0d50000)
 concurrent mark-sweep generation total 22552K, used 14166K [0x00000000f5a00000, 0x00000000f7006000, 0x0000000100000000)
 Metaspace       used 25653K, capacity 26328K, committed 26520K, reserved 1073152K
  class space    used 3194K, capacity 3372K, committed 3480K, reserved 1048576K
}
2019-10-16T14:16:49.905+0000: 9.757: Total time for which application threads were stopped: 0.0018712 seconds, Stopping threads took: 0.0000212 seconds
{Heap before GC invocations=356 (full 3):
 par new generation   total 4928K, used 4889K [0x00000000f0800000, 0x00000000f0d50000, 0x00000000f5a00000)
  eden space 4416K, 100% used [0x00000000f0800000, 0x00000000f0c50000, 0x00000000f0c50000)
  from space 512K,  92% used [0x00000000f0c50000, 0x00000000f0cc6440, 0x00000000f0cd0000)
  to   space 512K,   0% used [0x00000000f0cd0000, 0x00000000f0cd0000, 0x00000000f0d50000)
 concurrent mark-sweep generation total 22552K, used 14166K [0x00000000f5a00000, 0x00000000f7006000, 0x0000000100000000)
 Metaspace       used 25661K, capacity 26346K, committed 26520K, reserved 1073152K
  class space    used 3196K, capacity 3375K, committed 3480K, reserved 1048576K
2019-10-16T14:16:49.925+0000: 9.777: [GC (Allocation Failure) 2019-10-16T14:16:49.925+0000: 9.777: [ParNew
Desired survivor size 262144 bytes, new threshold 5 (max 6)
- age   1:     156944 bytes,     156944 total
- age   2:      16368 bytes,     173312 total
- age   3:      32992 bytes,     206304 total
- age   4:      38024 bytes,     244328 total
- age   5:     140688 bytes,     385016 total
- age   6:      19192 bytes,     404208 total
: 4889K->453K(4928K), 0.0017015 secs] 19055K->14620K(27480K), 0.0017758 secs] [Times: user=0.00 sys=0.00, real=0.00 secs] 
Heap after GC invocations=357 (full 3):
 par new generation   total 4928K, used 453K [0x00000000f0800000, 0x00000000f0d50000, 0x00000000f5a00000)
  eden space 4416K,   0% used [0x00000000f0800000, 0x00000000f0800000, 0x00000000f0c50000)
  from space 512K,  88% used [0x00000000f0cd0000, 0x00000000f0d415f8, 0x00000000f0d50000)
  to   space 512K,   0% used [0x00000000f0c50000, 0x00000000f0c50000, 0x00000000f0cd0000)
 concurrent mark-sweep generation total 22552K, used 14166K [0x00000000f5a00000, 0x00000000f7006000, 0x0000000100000000)
 Metaspace       used 25661K, capacity 26346K, committed 26520K, reserved 1073152K
  class space    used 3196K, capacity 3375K, committed 3480K, reserved 1048576K
}
2019-10-16T14:16:49.926+0000: 9.779: Total time for which application threads were stopped: 0.0018915 seconds, Stopping threads took: 0.0000204 seconds
{Heap before GC invocations=357 (full 3):
 par new generation   total 4928K, used 4869K [0x00000000f0800000, 0x00000000f0d50000, 0x00000000f5a00000)
  eden space 4416K, 100% used [0x00000000f0800000, 0x00000000f0c50000, 0x00000000f0c50000)
  from space 512K,  88% used [0x00000000f0cd0000, 0x00000000f0d415f8, 0x00000000f0d50000)
  to   space 512K,   0% used [0x00000000f0c50000, 0x00000000f0c50000, 0x00000000f0cd0000)
 concurrent mark-sweep generation total 22552K, used 14166K [0x00000000f5a00000, 0x00000000f7006000, 0x0000000100000000)
 Metaspace       used 25663K, capacity 26346K, committed 26520K, reserved 1073152K
  class space    used 3196K, capacity 3375K, committed 3480K, reserved 1048576K
2019-10-16T14:16:49.946+0000: 9.798: [GC (Allocation Failure) 2019-10-16T14:16:49.946+0000: 9.798: [ParNew
Desired survivor size 262144 bytes, new threshold 4 (max 6)
- age   1:     127504 bytes,     127504 total
- age   2:     102544 bytes,     230048 total
- age   3:      16368 bytes,     246416 total
- age   4:      32992 bytes,     279408 total
- age   5:      38024 bytes,     317432 total
: 4869K->334K(4928K), 0.0023786 secs] 19036K->14662K(27480K), 0.0024199 secs] [Times: user=0.00 sys=0.00, real=0.00 secs] 
Heap after GC invocations=358 (full 3):
 par new generation   total 4928K, used 334K [0x00000000f0800000, 0x00000000f0d50000, 0x00000000f5a00000)
  eden space 4416K,   0% used [0x00000000f0800000, 0x00000000f0800000, 0x00000000f0c50000)
  from space 512K,  65% used [0x00000000f0c50000, 0x00000000f0ca39e0, 0x00000000f0cd0000)
  to   space 512K,   0% used [0x00000000f0cd0000, 0x00000000f0cd0000, 0x00000000f0d50000)
 concurrent mark-sweep generation total 22552K, used 14327K [0x00000000f5a00000, 0x00000000f7006000, 0x0000000100000000)
 Metaspace       used 25663K, capacity 26346K, committed 26520K, reserved 1073152K
  class space    used 3196K, capacity 3375K, committed 3480K, reserved 1048576K
}
2019-10-16T14:16:49.949+0000: 9.801: Total time for which application threads were stopped: 0.0025230 seconds, Stopping threads took: 0.0000223 seconds
{Heap before GC invocations=358 (full 3):
 par new generation   total 4928K, used 4750K [0x00000000f0800000, 0x00000000f0d50000, 0x00000000f5a00000)
  eden space 4416K, 100% used [0x00000000f0800000, 0x00000000f0c50000, 0x00000000f0c50000)
  from space 512K,  65% used [0x00000000f0c50000, 0x00000000f0ca39e0, 0x00000000f0cd0000)
  to   space 512K,   0% used [0x00000000f0cd0000, 0x00000000f0cd0000, 0x00000000f0d50000)
 concurrent mark-sweep generation total 22552K, used 14327K [0x00000000f5a00000, 0x00000000f7006000, 0x0000000100000000)
 Metaspace       used 25663K, capacity 26346K, committed 26520K, reserved 1073152K
  class space    used 3196K, capacity 3375K, committed 3480K, reserved 1048576K
2019-10-16T14:16:49.959+0000: 9.811: [GC (Allocation Failure) 2019-10-16T14:16:49.959+0000: 9.811: [ParNew
Desired survivor size 262144 bytes, new threshold 4 (max 6)
- age   1:      27856 bytes,      27856 total
- age   2:     120272 bytes,     148128 total
- age   3:     102432 bytes,     250560 total
- age   4:      16368 bytes,     266928 total
: 4750K->314K(4928K), 0.0017476 secs] 19078K->14713K(27480K), 0.0017917 secs] [Times: user=0.01 sys=0.00, real=0.00 secs] 
Heap after GC invocations=359 (full 3):
 par new generation   total 4928K, used 314K [0x00000000f0800000, 0x00000000f0d50000, 0x00000000f5a00000)
  eden space 4416K,   0% used [0x00000000f0800000, 0x00000000f0800000, 0x00000000f0c50000)
  from space 512K,  61% used [0x00000000f0cd0000, 0x00000000f0d1ea48, 0x00000000f0d50000)
  to   space 512K,   0% used [0x00000000f0c50000, 0x00000000f0c50000, 0x00000000f0cd0000)
 concurrent mark-sweep generation total 22552K, used 14399K [0x00000000f5a00000, 0x00000000f7006000, 0x0000000100000000)
 Metaspace       used 25663K, capacity 26346K, committed 26520K, reserved 1073152K
  class space    used 3196K, capacity 3375K, committed 3480K, reserved 1048576K
}
2019-10-16T14:16:49.961+0000: 9.813: Total time for which application threads were stopped: 0.0018876 seconds, Stopping threads took: 0.0000198 seconds
{Heap before GC invocations=359 (full 3):
 par new generation   total 4928K, used 4730K [0x00000000f0800000, 0x00000000f0d50000, 0x00000000f5a00000)
  eden space 4416K, 100% used [0x00000000f0800000, 0x00000000f0c50000, 0x00000000f0c50000)
  from space 512K,  61% used [0x00000000f0cd0000, 0x00000000f0d1ea48, 0x00000000f0d50000)
  to   space 512K,   0% used [0x00000000f0c50000, 0x00000000f0c50000, 0x00000000f0cd0000)
 concurrent mark-sweep generation total 22552K, used 14399K [0x00000000f5a00000, 0x00000000f7006000, 0x0000000100000000)
 Metaspace       used 25677K, capacity 26346K, committed 26520K, reserved 1073152K
  class space    used 3196K, capacity 3375K, committed 3480K, reserved 1048576K
2019-10-16T14:16:49.974+0000: 9.826: [GC (Allocation Failure) 2019-10-16T14:16:49.974+0000: 9.826: [ParNew
Desired survivor size 262144 bytes, new threshold 4 (max 6)
- age   1:      35224 bytes,      35224 total
- age   2:      25544 bytes,      60768 total
- age   3:     116488 bytes,     177256 total
- age   4:     102432 bytes,     279688 total
: 4730K->274K(4928K), 0.0015411 secs] 19129K->14689K(27480K), 0.0015903 secs] [Times: user=0.00 sys=0.00, real=0.00 secs] 
Heap after GC invocations=360 (full 3):
 par new generation   total 4928K, used 274K [0x00000000f0800000, 0x00000000f0d50000, 0x00000000f5a00000)
  eden space 4416K,   0% used [0x00000000f0800000, 0x00000000f0800000, 0x00000000f0c50000)
  from space 512K,  53% used [0x00000000f0c50000, 0x00000000f0c948a0, 0x00000000f0cd0000)
  to   space 512K,   0% used [0x00000000f0cd0000, 0x00000000f0cd0000, 0x00000000f0d50000)
 concurrent mark-sweep generation total 22552K, used 14415K [0x00000000f5a00000, 0x00000000f7006000, 0x0000000100000000)
 Metaspace       used 25677K, capacity 26346K, committed 26520K, reserved 1073152K
  class space    used 3196K, capacity 3375K, committed 3480K, reserved 1048576K
}
2019-10-16T14:16:49.976+0000: 9.828: Total time for which application threads were stopped: 0.0016985 seconds, Stopping threads took: 0.0000222 seconds
{Heap before GC invocations=360 (full 3):
 par new generation   total 4928K, used 4690K [0x00000000f0800000, 0x00000000f0d50000, 0x00000000f5a00000)
  eden space 4416K, 100% used [0x00000000f0800000, 0x00000000f0c50000, 0x00000000f0c50000)
  from space 512K,  53% used [0x00000000f0c50000, 0x00000000f0c948a0, 0x00000000f0cd0000)
  to   space 512K,   0% used [0x00000000f0cd0000, 0x00000000f0cd0000, 0x00000000f0d50000)
 concurrent mark-sweep generation total 22552K, used 14415K [0x00000000f5a00000, 0x00000000f7006000, 0x0000000100000000)
 Metaspace       used 25695K, capacity 26410K, committed 26776K, reserved 1073152K
  class space    used 3196K, capacity 3375K, committed 3480K, reserved 1048576K
2019-10-16T14:16:49.991+0000: 9.843: [GC (Allocation Failure) 2019-10-16T14:16:49.991+0000: 9.843: [ParNew
Desired survivor size 262144 bytes, new threshold 6 (max 6)
- age   1:      37736 bytes,      37736 total
- age   2:      33304 bytes,      71040 total
- age   3:      25544 bytes,      96584 total
- age   4:     113840 bytes,     210424 total
: 4690K->273K(4928K), 0.0018737 secs] 19105K->14791K(27480K), 0.0019203 secs] [Times: user=0.01 sys=0.00, real=0.00 secs] 
Heap after GC invocations=361 (full 3):
 par new generation   total 4928K, used 273K [0x00000000f0800000, 0x00000000f0d50000, 0x00000000f5a00000)
  eden space 4416K,   0% used [0x00000000f0800000, 0x00000000f0800000, 0x00000000f0c50000)
  from space 512K,  53% used [0x00000000f0cd0000, 0x00000000f0d14508, 0x00000000f0d50000)
  to   space 512K,   0% used [0x00000000f0c50000, 0x00000000f0c50000, 0x00000000f0cd0000)
 concurrent mark-sweep generation total 22552K, used 14518K [0x00000000f5a00000, 0x00000000f7006000, 0x0000000100000000)
 Metaspace       used 25695K, capacity 26410K, committed 26776K, reserved 1073152K
  class space    used 3196K, capacity 3375K, committed 3480K, reserved 1048576K
}
2019-10-16T14:16:49.993+0000: 9.845: Total time for which application threads were stopped: 0.0020278 seconds, Stopping threads took: 0.0000208 seconds
{Heap before GC invocations=361 (full 3):
 par new generation   total 4928K, used 4689K [0x00000000f0800000, 0x00000000f0d50000, 0x00000000f5a00000)
  eden space 4416K, 100% used [0x00000000f0800000, 0x00000000f0c50000, 0x00000000f0c50000)
  from space 512K,  53% used [0x00000000f0cd0000, 0x00000000f0d14508, 0x00000000f0d50000)
  to   space 512K,   0% used [0x00000000f0c50000, 0x00000000f0c50000, 0x00000000f0cd0000)
 concurrent mark-sweep generation total 22552K, used 14518K [0x00000000f5a00000, 0x00000000f7006000, 0x0000000100000000)
 Metaspace       used 25733K, capacity 26428K, committed 26776K, reserved 1073152K
  class space    used 3203K, capacity 3378K, committed 3480K, reserved 1048576K
2019-10-16T14:16:50.034+0000: 9.886: [GC (Allocation Failure) 2019-10-16T14:16:50.034+0000: 9.886: [ParNew
Desired survivor size 262144 bytes, new threshold 1 (max 6)
- age   1:     288624 bytes,     288624 total
- age   2:      35848 bytes,     324472 total
- age   3:      33304 bytes,     357776 total
- age   4:      25544 bytes,     383320 total
- age   5:     112512 bytes,     495832 total
: 4689K->512K(4928K), 0.0021107 secs] 19207K->15032K(27480K), 0.0021659 secs] [Times: user=0.00 sys=0.00, real=0.00 secs] 
Heap after GC invocations=362 (full 3):
 par new generation   total 4928K, used 512K [0x00000000f0800000, 0x00000000f0d50000, 0x00000000f5a00000)
  eden space 4416K,   0% used [0x00000000f0800000, 0x00000000f0800000, 0x00000000f0c50000)
  from space 512K, 100% used [0x00000000f0c50000, 0x00000000f0cd0000, 0x00000000f0cd0000)
  to   space 512K,   0% used [0x00000000f0cd0000, 0x00000000f0cd0000, 0x00000000f0d50000)
 concurrent mark-sweep generation total 22552K, used 14520K [0x00000000f5a00000, 0x00000000f7006000, 0x0000000100000000)
 Metaspace       used 25733K, capacity 26428K, committed 26776K, reserved 1073152K
  class space    used 3203K, capacity 3378K, committed 3480K, reserved 1048576K
}
2019-10-16T14:16:50.036+0000: 9.888: Total time for which application threads were stopped: 0.0023124 seconds, Stopping threads took: 0.0000244 seconds
{Heap before GC invocations=362 (full 3):
 par new generation   total 4928K, used 4928K [0x00000000f0800000, 0x00000000f0d50000, 0x00000000f5a00000)
  eden space 4416K, 100% used [0x00000000f0800000, 0x00000000f0c50000, 0x00000000f0c50000)
  from space 512K, 100% used [0x00000000f0c50000, 0x00000000f0cd0000, 0x00000000f0cd0000)
  to   space 512K,   0% used [0x00000000f0cd0000, 0x00000000f0cd0000, 0x00000000f0d50000)
 concurrent mark-sweep generation total 22552K, used 14520K [0x00000000f5a00000, 0x00000000f7006000, 0x0000000100000000)
 Metaspace       used 25820K, capacity 26508K, committed 26776K, reserved 1073152K
  class space    used 3214K, capacity 3382K, committed 3480K, reserved 1048576K
2019-10-16T14:16:50.060+0000: 9.912: [GC (Allocation Failure) 2019-10-16T14:16:50.060+0000: 9.912: [ParNew
Desired survivor size 262144 bytes, new threshold 6 (max 6)
- age   1:      70336 bytes,      70336 total
: 4928K->420K(4928K), 0.0033610 secs] 19448K->15431K(27480K), 0.0034123 secs] [Times: user=0.01 sys=0.00, real=0.01 secs] 
Heap after GC invocations=363 (full 3):
 par new generation   total 4928K, used 420K [0x00000000f0800000, 0x00000000f0d50000, 0x00000000f5a00000)
  eden space 4416K,   0% used [0x00000000f0800000, 0x00000000f0800000, 0x00000000f0c50000)
  from space 512K,  82% used [0x00000000f0cd0000, 0x00000000f0d39320, 0x00000000f0d50000)
  to   space 512K,   0% used [0x00000000f0c50000, 0x00000000f0c50000, 0x00000000f0cd0000)
 concurrent mark-sweep generation total 22552K, used 15011K [0x00000000f5a00000, 0x00000000f7006000, 0x0000000100000000)
 Metaspace       used 25820K, capacity 26508K, committed 26776K, reserved 1073152K
  class space    used 3214K, capacity 3382K, committed 3480K, reserved 1048576K
}
2019-10-16T14:16:50.064+0000: 9.916: Total time for which application threads were stopped: 0.0035213 seconds, Stopping threads took: 0.0000217 seconds
{Heap before GC invocations=363 (full 3):
 par new generation   total 4928K, used 4836K [0x00000000f0800000, 0x00000000f0d50000, 0x00000000f5a00000)
  eden space 4416K, 100% used [0x00000000f0800000, 0x00000000f0c50000, 0x00000000f0c50000)
  from space 512K,  82% used [0x00000000f0cd0000, 0x00000000f0d39320, 0x00000000f0d50000)
  to   space 512K,   0% used [0x00000000f0c50000, 0x00000000f0c50000, 0x00000000f0cd0000)
 concurrent mark-sweep generation total 22552K, used 15011K [0x00000000f5a00000, 0x00000000f7006000, 0x0000000100000000)
 Metaspace       used 25853K, capacity 26508K, committed 26776K, reserved 1073152K
  class space    used 3219K, capacity 3382K, committed 3480K, reserved 1048576K
2019-10-16T14:16:50.080+0000: 9.932: [GC (Allocation Failure) 2019-10-16T14:16:50.080+0000: 9.932: [ParNew
Desired survivor size 262144 bytes, new threshold 6 (max 6)
- age   1:      19712 bytes,      19712 total
- age   2:      37568 bytes,      57280 total
: 4836K->117K(4928K), 0.0011357 secs] 19847K->15129K(27480K), 0.0011712 secs] [Times: user=0.01 sys=0.00, real=0.00 secs] 
Heap after GC invocations=364 (full 3):
 par new generation   total 4928K, used 117K [0x00000000f0800000, 0x00000000f0d50000, 0x00000000f5a00000)
  eden space 4416K,   0% used [0x00000000f0800000, 0x00000000f0800000, 0x00000000f0c50000)
  from space 512K,  23% used [0x00000000f0c50000, 0x00000000f0c6d7b8, 0x00000000f0cd0000)
  to   space 512K,   0% used [0x00000000f0cd0000, 0x00000000f0cd0000, 0x00000000f0d50000)
 concurrent mark-sweep generation total 22552K, used 15011K [0x00000000f5a00000, 0x00000000f7006000, 0x0000000100000000)
 Metaspace       used 25853K, capacity 26508K, committed 26776K, reserved 1073152K
  class space    used 3219K, capacity 3382K, committed 3480K, reserved 1048576K
}
2019-10-16T14:16:50.082+0000: 9.934: Total time for which application threads were stopped: 0.0029918 seconds, Stopping threads took: 0.0017446 seconds
{Heap before GC invocations=364 (full 3):
 par new generation   total 4928K, used 4533K [0x00000000f0800000, 0x00000000f0d50000, 0x00000000f5a00000)
  eden space 4416K, 100% used [0x00000000f0800000, 0x00000000f0c50000, 0x00000000f0c50000)
  from space 512K,  23% used [0x00000000f0c50000, 0x00000000f0c6d7b8, 0x00000000f0cd0000)
  to   space 512K,   0% used [0x00000000f0cd0000, 0x00000000f0cd0000, 0x00000000f0d50000)
 concurrent mark-sweep generation total 22552K, used 15011K [0x00000000f5a00000, 0x00000000f7006000, 0x0000000100000000)
 Metaspace       used 25869K, capacity 26572K, committed 26776K, reserved 1073152K
  class space    used 3221K, capacity 3382K, committed 3480K, reserved 1048576K
2019-10-16T14:16:50.096+0000: 9.948: [GC (Allocation Failure) 2019-10-16T14:16:50.096+0000: 9.948: [ParNew
Desired survivor size 262144 bytes, new threshold 6 (max 6)
- age   1:      16144 bytes,      16144 total
- age   2:      16624 bytes,      32768 total
- age   3:      37456 bytes,      70224 total
: 4533K->100K(4928K), 0.0010816 secs] 19545K->15111K(27480K), 0.0011247 secs] [Times: user=0.00 sys=0.00, real=0.00 secs] 
Heap after GC invocations=365 (full 3):
 par new generation   total 4928K, used 100K [0x00000000f0800000, 0x00000000f0d50000, 0x00000000f5a00000)
  eden space 4416K,   0% used [0x00000000f0800000, 0x00000000f0800000, 0x00000000f0c50000)
  from space 512K,  19% used [0x00000000f0cd0000, 0x00000000f0ce9208, 0x00000000f0d50000)
  to   space 512K,   0% used [0x00000000f0c50000, 0x00000000f0c50000, 0x00000000f0cd0000)
 concurrent mark-sweep generation total 22552K, used 15011K [0x00000000f5a00000, 0x00000000f7006000, 0x0000000100000000)
 Metaspace       used 25869K, capacity 26572K, committed 26776K, reserved 1073152K
  class space    used 3221K, capacity 3382K, committed 3480K, reserved 1048576K
}
2019-10-16T14:16:50.097+0000: 9.949: Total time for which application threads were stopped: 0.0084853 seconds, Stopping threads took: 0.0072840 seconds
{Heap before GC invocations=365 (full 3):
 par new generation   total 4928K, used 4516K [0x00000000f0800000, 0x00000000f0d50000, 0x00000000f5a00000)
  eden space 4416K, 100% used [0x00000000f0800000, 0x00000000f0c50000, 0x00000000f0c50000)
  from space 512K,  19% used [0x00000000f0cd0000, 0x00000000f0ce9208, 0x00000000f0d50000)
  to   space 512K,   0% used [0x00000000f0c50000, 0x00000000f0c50000, 0x00000000f0cd0000)
 concurrent mark-sweep generation total 22552K, used 15011K [0x00000000f5a00000, 0x00000000f7006000, 0x0000000100000000)
 Metaspace       used 25887K, capacity 26604K, committed 26776K, reserved 1073152K
  class space    used 3225K, capacity 3414K, committed 3480K, reserved 1048576K
2019-10-16T14:16:50.103+0000: 9.955: [GC (Allocation Failure) 2019-10-16T14:16:50.103+0000: 9.955: [ParNew
Desired survivor size 262144 bytes, new threshold 6 (max 6)
- age   1:      16848 bytes,      16848 total
- age   2:      13520 bytes,      30368 total
- age   3:      16624 bytes,      46992 total
- age   4:      37456 bytes,      84448 total
: 4516K->127K(4928K), 0.0010040 secs] 19527K->15138K(27480K), 0.0010361 secs] [Times: user=0.00 sys=0.00, real=0.00 secs] 
Heap after GC invocations=366 (full 3):
 par new generation   total 4928K, used 127K [0x00000000f0800000, 0x00000000f0d50000, 0x00000000f5a00000)
  eden space 4416K,   0% used [0x00000000f0800000, 0x00000000f0800000, 0x00000000f0c50000)
  from space 512K,  24% used [0x00000000f0c50000, 0x00000000f0c6ff48, 0x00000000f0cd0000)
  to   space 512K,   0% used [0x00000000f0cd0000, 0x00000000f0cd0000, 0x00000000f0d50000)
 concurrent mark-sweep generation total 22552K, used 15011K [0x00000000f5a00000, 0x00000000f7006000, 0x0000000100000000)
 Metaspace       used 25887K, capacity 26604K, committed 26776K, reserved 1073152K
  class space    used 3225K, capacity 3414K, committed 3480K, reserved 1048576K
}
2019-10-16T14:16:50.104+0000: 9.956: Total time for which application threads were stopped: 0.0011287 seconds, Stopping threads took: 0.0000191 seconds
{Heap before GC invocations=366 (full 3):
 par new generation   total 4928K, used 4543K [0x00000000f0800000, 0x00000000f0d50000, 0x00000000f5a00000)
  eden space 4416K, 100% used [0x00000000f0800000, 0x00000000f0c50000, 0x00000000f0c50000)
  from space 512K,  24% used [0x00000000f0c50000, 0x00000000f0c6ff48, 0x00000000f0cd0000)
  to   space 512K,   0% used [0x00000000f0cd0000, 0x00000000f0cd0000, 0x00000000f0d50000)
 concurrent mark-sweep generation total 22552K, used 15011K [0x00000000f5a00000, 0x00000000f7006000, 0x0000000100000000)
 Metaspace       used 25943K, capacity 26668K, committed 26776K, reserved 1073152K
  class space    used 3230K, capacity 3414K, committed 3480K, reserved 1048576K
2019-10-16T14:16:50.119+0000: 9.971: [GC (Allocation Failure) 2019-10-16T14:16:50.119+0000: 9.971: [ParNew
Desired survivor size 262144 bytes, new threshold 6 (max 6)
- age   1:      21968 bytes,      21968 total
- age   2:      14640 bytes,      36608 total
- age   3:      13520 bytes,      50128 total
- age   4:      16624 bytes,      66752 total
- age   5:      37456 bytes,     104208 total
: 4543K->154K(4928K), 0.0013965 secs] 19554K->15165K(27480K), 0.0014455 secs] [Times: user=0.01 sys=0.00, real=0.00 secs] 
Heap after GC invocations=367 (full 3):
 par new generation   total 4928K, used 154K [0x00000000f0800000, 0x00000000f0d50000, 0x00000000f5a00000)
  eden space 4416K,   0% used [0x00000000f0800000, 0x00000000f0800000, 0x00000000f0c50000)
  from space 512K,  30% used [0x00000000f0cd0000, 0x00000000f0cf6b68, 0x00000000f0d50000)
  to   space 512K,   0% used [0x00000000f0c50000, 0x00000000f0c50000, 0x00000000f0cd0000)
 concurrent mark-sweep generation total 22552K, used 15011K [0x00000000f5a00000, 0x00000000f7006000, 0x0000000100000000)
 Metaspace       used 25943K, capacity 26668K, committed 26776K, reserved 1073152K
  class space    used 3230K, capacity 3414K, committed 3480K, reserved 1048576K
}
2019-10-16T14:16:50.121+0000: 9.973: Total time for which application threads were stopped: 0.0050560 seconds, Stopping threads took: 0.0035295 seconds
{Heap before GC invocations=367 (full 3):
 par new generation   total 4928K, used 4570K [0x00000000f0800000, 0x00000000f0d50000, 0x00000000f5a00000)
  eden space 4416K, 100% used [0x00000000f0800000, 0x00000000f0c50000, 0x00000000f0c50000)
  from space 512K,  30% used [0x00000000f0cd0000, 0x00000000f0cf6b68, 0x00000000f0d50000)
  to   space 512K,   0% used [0x00000000f0c50000, 0x00000000f0c50000, 0x00000000f0cd0000)
 concurrent mark-sweep generation total 22552K, used 15011K [0x00000000f5a00000, 0x00000000f7006000, 0x0000000100000000)
 Metaspace       used 25944K, capacity 26668K, committed 26776K, reserved 1073152K
  class space    used 3230K, capacity 3414K, committed 3480K, reserved 1048576K
2019-10-16T14:16:50.134+0000: 9.986: [GC (Allocation Failure) 2019-10-16T14:16:50.134+0000: 9.986: [ParNew
Desired survivor size 262144 bytes, new threshold 6 (max 6)
- age   1:       4008 bytes,       4008 total
- age   2:      20712 bytes,      24720 total
- age   3:      14608 bytes,      39328 total
- age   4:      13520 bytes,      52848 total
- age   5:      16624 bytes,      69472 total
- age   6:      37456 bytes,     106928 total
: 4570K->190K(4928K), 0.0013239 secs] 19581K->15201K(27480K), 0.0013634 secs] [Times: user=0.00 sys=0.00, real=0.00 secs] 
Heap after GC invocations=368 (full 3):
 par new generation   total 4928K, used 190K [0x00000000f0800000, 0x00000000f0d50000, 0x00000000f5a00000)
  eden space 4416K,   0% used [0x00000000f0800000, 0x00000000f0800000, 0x00000000f0c50000)
  from space 512K,  37% used [0x00000000f0c50000, 0x00000000f0c7f8b0, 0x00000000f0cd0000)
  to   space 512K,   0% used [0x00000000f0cd0000, 0x00000000f0cd0000, 0x00000000f0d50000)
 concurrent mark-sweep generation total 22552K, used 15011K [0x00000000f5a00000, 0x00000000f7006000, 0x0000000100000000)
 Metaspace       used 25944K, capacity 26668K, committed 26776K, reserved 1073152K
  class space    used 3230K, capacity 3414K, committed 3480K, reserved 1048576K
}
2019-10-16T14:16:50.136+0000: 9.988: Total time for which application threads were stopped: 0.0040045 seconds, Stopping threads took: 0.0025609 seconds
{Heap before GC invocations=368 (full 3):
 par new generation   total 4928K, used 4606K [0x00000000f0800000, 0x00000000f0d50000, 0x00000000f5a00000)
  eden space 4416K, 100% used [0x00000000f0800000, 0x00000000f0c50000, 0x00000000f0c50000)
  from space 512K,  37% used [0x00000000f0c50000, 0x00000000f0c7f8b0, 0x00000000f0cd0000)
  to   space 512K,   0% used [0x00000000f0cd0000, 0x00000000f0cd0000, 0x00000000f0d50000)
 concurrent mark-sweep generation total 22552K, used 15011K [0x00000000f5a00000, 0x00000000f7006000, 0x0000000100000000)
 Metaspace       used 25986K, capacity 26668K, committed 26776K, reserved 1073152K
  class space    used 3236K, capacity 3414K, committed 3480K, reserved 1048576K
2019-10-16T14:16:50.147+0000: 9.999: [GC (Allocation Failure) 2019-10-16T14:16:50.147+0000: 9.999: [ParNew
Desired survivor size 262144 bytes, new threshold 6 (max 6)
- age   1:      17208 bytes,      17208 total
- age   2:       2760 bytes,      19968 total
- age   3:      19480 bytes,      39448 total
- age   4:      14608 bytes,      54056 total
- age   5:      13520 bytes,      67576 total
- age   6:      16624 bytes,      84200 total
: 4606K->127K(4928K), 0.0014807 secs] 19617K->15175K(27480K), 0.0015227 secs] [Times: user=0.00 sys=0.00, real=0.00 secs] 
Heap after GC invocations=369 (full 3):
 par new generation   total 4928K, used 127K [0x00000000f0800000, 0x00000000f0d50000, 0x00000000f5a00000)
  eden space 4416K,   0% used [0x00000000f0800000, 0x00000000f0800000, 0x00000000f0c50000)
  from space 512K,  24% used [0x00000000f0cd0000, 0x00000000f0cefc80, 0x00000000f0d50000)
  to   space 512K,   0% used [0x00000000f0c50000, 0x00000000f0c50000, 0x00000000f0cd0000)
 concurrent mark-sweep generation total 22552K, used 15048K [0x00000000f5a00000, 0x00000000f7006000, 0x0000000100000000)
 Metaspace       used 25986K, capacity 26668K, committed 26776K, reserved 1073152K
  class space    used 3236K, capacity 3414K, committed 3480K, reserved 1048576K
}
2019-10-16T14:16:50.148+0000: 10.000: Total time for which application threads were stopped: 0.0016197 seconds, Stopping threads took: 0.0000207 seconds
{Heap before GC invocations=369 (full 3):
 par new generation   total 4928K, used 4543K [0x00000000f0800000, 0x00000000f0d50000, 0x00000000f5a00000)
  eden space 4416K, 100% used [0x00000000f0800000, 0x00000000f0c50000, 0x00000000f0c50000)
  from space 512K,  24% used [0x00000000f0cd0000, 0x00000000f0cefc80, 0x00000000f0d50000)
  to   space 512K,   0% used [0x00000000f0c50000, 0x00000000f0c50000, 0x00000000f0cd0000)
 concurrent mark-sweep generation total 22552K, used 15048K [0x00000000f5a00000, 0x00000000f7006000, 0x0000000100000000)
 Metaspace       used 25993K, capacity 26732K, committed 27032K, reserved 1073152K
  class space    used 3237K, capacity 3414K, committed 3480K, reserved 1048576K
2019-10-16T14:16:50.158+0000: 10.010: [GC (Allocation Failure) 2019-10-16T14:16:50.158+0000: 10.010: [ParNew
Desired survivor size 262144 bytes, new threshold 6 (max 6)
- age   1:       4152 bytes,       4152 total
- age   2:      13176 bytes,      17328 total
- age   3:       2760 bytes,      20088 total
- age   4:      19480 bytes,      39568 total
- age   5:      14608 bytes,      54176 total
- age   6:      13520 bytes,      67696 total
: 4543K->76K(4928K), 0.0012290 secs] 19591K->15141K(27480K), 0.0012653 secs] [Times: user=0.00 sys=0.00, real=0.00 secs] 
Heap after GC invocations=370 (full 3):
 par new generation   total 4928K, used 76K [0x00000000f0800000, 0x00000000f0d50000, 0x00000000f5a00000)
  eden space 4416K,   0% used [0x00000000f0800000, 0x00000000f0800000, 0x00000000f0c50000)
  from space 512K,  14% used [0x00000000f0c50000, 0x00000000f0c63158, 0x00000000f0cd0000)
  to   space 512K,   0% used [0x00000000f0cd0000, 0x00000000f0cd0000, 0x00000000f0d50000)
 concurrent mark-sweep generation total 22552K, used 15065K [0x00000000f5a00000, 0x00000000f7006000, 0x0000000100000000)
 Metaspace       used 25993K, capacity 26732K, committed 27032K, reserved 1073152K
  class space    used 3237K, capacity 3414K, committed 3480K, reserved 1048576K
}
2019-10-16T14:16:50.160+0000: 10.012: Total time for which application threads were stopped: 0.0013712 seconds, Stopping threads took: 0.0000301 seconds
{Heap before GC invocations=370 (full 3):
 par new generation   total 4928K, used 4492K [0x00000000f0800000, 0x00000000f0d50000, 0x00000000f5a00000)
  eden space 4416K, 100% used [0x00000000f0800000, 0x00000000f0c50000, 0x00000000f0c50000)
  from space 512K,  14% used [0x00000000f0c50000, 0x00000000f0c63158, 0x00000000f0cd0000)
  to   space 512K,   0% used [0x00000000f0cd0000, 0x00000000f0cd0000, 0x00000000f0d50000)
 concurrent mark-sweep generation total 22552K, used 15065K [0x00000000f5a00000, 0x00000000f7006000, 0x0000000100000000)
 Metaspace       used 26005K, capacity 26732K, committed 27032K, reserved 1073152K
  class space    used 3240K, capacity 3414K, committed 3480K, reserved 1048576K
2019-10-16T14:16:50.170+0000: 10.022: [GC (Allocation Failure) 2019-10-16T14:16:50.170+0000: 10.022: [ParNew
Desired survivor size 262144 bytes, new threshold 6 (max 6)
- age   1:      21360 bytes,      21360 total
- age   2:       3848 bytes,      25208 total
- age   3:      13176 bytes,      38384 total
- age   4:       2760 bytes,      41144 total
- age   5:      19480 bytes,      60624 total
- age   6:      14608 bytes,      75232 total
: 4492K->138K(4928K), 0.0011389 secs] 19557K->15216K(27480K), 0.0011794 secs] [Times: user=0.00 sys=0.00, real=0.00 secs] 
Heap after GC invocations=371 (full 3):
 par new generation   total 4928K, used 138K [0x00000000f0800000, 0x00000000f0d50000, 0x00000000f5a00000)
  eden space 4416K,   0% used [0x00000000f0800000, 0x00000000f0800000, 0x00000000f0c50000)
  from space 512K,  27% used [0x00000000f0cd0000, 0x00000000f0cf2908, 0x00000000f0d50000)
  to   space 512K,   0% used [0x00000000f0c50000, 0x00000000f0c50000, 0x00000000f0cd0000)
 concurrent mark-sweep generation total 22552K, used 15078K [0x00000000f5a00000, 0x00000000f7006000, 0x0000000100000000)
 Metaspace       used 26005K, capacity 26732K, committed 27032K, reserved 1073152K
  class space    used 3240K, capacity 3414K, committed 3480K, reserved 1048576K
}
2019-10-16T14:16:50.172+0000: 10.024: Total time for which application threads were stopped: 0.0050484 seconds, Stopping threads took: 0.0037828 seconds
{Heap before GC invocations=371 (full 3):
 par new generation   total 4928K, used 4554K [0x00000000f0800000, 0x00000000f0d50000, 0x00000000f5a00000)
  eden space 4416K, 100% used [0x00000000f0800000, 0x00000000f0c50000, 0x00000000f0c50000)
  from space 512K,  27% used [0x00000000f0cd0000, 0x00000000f0cf2908, 0x00000000f0d50000)
  to   space 512K,   0% used [0x00000000f0c50000, 0x00000000f0c50000, 0x00000000f0cd0000)
 concurrent mark-sweep generation total 22552K, used 15078K [0x00000000f5a00000, 0x00000000f7006000, 0x0000000100000000)
 Metaspace       used 26031K, capacity 26796K, committed 27032K, reserved 1073152K
  class space    used 3242K, capacity 3414K, committed 3480K, reserved 1048576K
2019-10-16T14:16:50.182+0000: 10.034: [GC (Allocation Failure) 2019-10-16T14:16:50.182+0000: 10.034: [ParNew
Desired survivor size 262144 bytes, new threshold 6 (max 6)
- age   1:      25712 bytes,      25712 total
- age   2:      10048 bytes,      35760 total
- age   3:       3848 bytes,      39608 total
- age   4:      13176 bytes,      52784 total
- age   5:       2760 bytes,      55544 total
- age   6:      19480 bytes,      75024 total
: 4554K->89K(4928K), 0.0012790 secs] 19632K->15182K(27480K), 0.0013168 secs] [Times: user=0.00 sys=0.00, real=0.00 secs] 
Heap after GC invocations=372 (full 3):
 par new generation   total 4928K, used 89K [0x00000000f0800000, 0x00000000f0d50000, 0x00000000f5a00000)
  eden space 4416K,   0% used [0x00000000f0800000, 0x00000000f0800000, 0x00000000f0c50000)
  from space 512K,  17% used [0x00000000f0c50000, 0x00000000f0c66618, 0x00000000f0cd0000)
  to   space 512K,   0% used [0x00000000f0cd0000, 0x00000000f0cd0000, 0x00000000f0d50000)
 concurrent mark-sweep generation total 22552K, used 15093K [0x00000000f5a00000, 0x00000000f7006000, 0x0000000100000000)
 Metaspace       used 26031K, capacity 26796K, committed 27032K, reserved 1073152K
  class space    used 3242K, capacity 3414K, committed 3480K, reserved 1048576K
}
2019-10-16T14:16:50.184+0000: 10.036: Total time for which application threads were stopped: 0.0014173 seconds, Stopping threads took: 0.0000211 seconds
{Heap before GC invocations=372 (full 3):
 par new generation   total 4928K, used 4505K [0x00000000f0800000, 0x00000000f0d50000, 0x00000000f5a00000)
  eden space 4416K, 100% used [0x00000000f0800000, 0x00000000f0c50000, 0x00000000f0c50000)
  from space 512K,  17% used [0x00000000f0c50000, 0x00000000f0c66618, 0x00000000f0cd0000)
  to   space 512K,   0% used [0x00000000f0cd0000, 0x00000000f0cd0000, 0x00000000f0d50000)
 concurrent mark-sweep generation total 22552K, used 15093K [0x00000000f5a00000, 0x00000000f7006000, 0x0000000100000000)
 Metaspace       used 26061K, capacity 26796K, committed 27032K, reserved 1073152K
  class space    used 3245K, capacity 3414K, committed 3480K, reserved 1048576K
2019-10-16T14:16:50.198+0000: 10.050: [GC (Allocation Failure) 2019-10-16T14:16:50.198+0000: 10.050: [ParNew
Desired survivor size 262144 bytes, new threshold 6 (max 6)
- age   1:      13360 bytes,      13360 total
- age   2:      10112 bytes,      23472 total
- age   3:      10048 bytes,      33520 total
- age   4:       3848 bytes,      37368 total
- age   5:      13176 bytes,      50544 total
- age   6:       2760 bytes,      53304 total
: 4505K->66K(4928K), 0.0010970 secs] 19598K->15178K(27480K), 0.0011384 secs] [Times: user=0.00 sys=0.00, real=0.00 secs] 
Heap after GC invocations=373 (full 3):
 par new generation   total 4928K, used 66K [0x00000000f0800000, 0x00000000f0d50000, 0x00000000f5a00000)
  eden space 4416K,   0% used [0x00000000f0800000, 0x00000000f0800000, 0x00000000f0c50000)
  from space 512K,  12% used [0x00000000f0cd0000, 0x00000000f0ce0868, 0x00000000f0d50000)
  to   space 512K,   0% used [0x00000000f0c50000, 0x00000000f0c50000, 0x00000000f0cd0000)
 concurrent mark-sweep generation total 22552K, used 15112K [0x00000000f5a00000, 0x00000000f7006000, 0x0000000100000000)
 Metaspace       used 26061K, capacity 26796K, committed 27032K, reserved 1073152K
  class space    used 3245K, capacity 3414K, committed 3480K, reserved 1048576K
}
2019-10-16T14:16:50.199+0000: 10.052: Total time for which application threads were stopped: 0.0053007 seconds, Stopping threads took: 0.0040895 seconds
{Heap before GC invocations=373 (full 3):
 par new generation   total 4928K, used 4473K [0x00000000f0800000, 0x00000000f0d50000, 0x00000000f5a00000)
  eden space 4416K,  99% used [0x00000000f0800000, 0x00000000f0c4dd10, 0x00000000f0c50000)
  from space 512K,  12% used [0x00000000f0cd0000, 0x00000000f0ce0868, 0x00000000f0d50000)
  to   space 512K,   0% used [0x00000000f0c50000, 0x00000000f0c50000, 0x00000000f0cd0000)
 concurrent mark-sweep generation total 22552K, used 15112K [0x00000000f5a00000, 0x00000000f7006000, 0x0000000100000000)
 Metaspace       used 26062K, capacity 26796K, committed 27032K, reserved 1073152K
  class space    used 3245K, capacity 3414K, committed 3480K, reserved 1048576K
2019-10-16T14:16:50.207+0000: 10.059: [GC (Allocation Failure) 2019-10-16T14:16:50.207+0000: 10.059: [ParNew
Desired survivor size 262144 bytes, new threshold 6 (max 6)
- age   1:       9712 bytes,       9712 total
- age   2:      10928 bytes,      20640 total
- age   3:      10112 bytes,      30752 total
- age   4:      10048 bytes,      40800 total
- age   5:       3848 bytes,      44648 total
- age   6:      13176 bytes,      57824 total
: 4473K->110K(4928K), 0.0008669 secs] 19586K->15225K(27480K), 0.0009030 secs] [Times: user=0.00 sys=0.00, real=0.00 secs] 
Heap after GC invocations=374 (full 3):
 par new generation   total 4928K, used 110K [0x00000000f0800000, 0x00000000f0d50000, 0x00000000f5a00000)
  eden space 4416K,   0% used [0x00000000f0800000, 0x00000000f0800000, 0x00000000f0c50000)
  from space 512K,  21% used [0x00000000f0c50000, 0x00000000f0c6b868, 0x00000000f0cd0000)
  to   space 512K,   0% used [0x00000000f0cd0000, 0x00000000f0cd0000, 0x00000000f0d50000)
 concurrent mark-sweep generation total 22552K, used 15115K [0x00000000f5a00000, 0x00000000f7006000, 0x0000000100000000)
 Metaspace       used 26062K, capacity 26796K, committed 27032K, reserved 1073152K
  class space    used 3245K, capacity 3414K, committed 3480K, reserved 1048576K
}
2019-10-16T14:16:50.208+0000: 10.060: Total time for which application threads were stopped: 0.0024760 seconds, Stopping threads took: 0.0014992 seconds
{Heap before GC invocations=374 (full 3):
 par new generation   total 4928K, used 4526K [0x00000000f0800000, 0x00000000f0d50000, 0x00000000f5a00000)
  eden space 4416K, 100% used [0x00000000f0800000, 0x00000000f0c50000, 0x00000000f0c50000)
  from space 512K,  21% used [0x00000000f0c50000, 0x00000000f0c6b868, 0x00000000f0cd0000)
  to   space 512K,   0% used [0x00000000f0cd0000, 0x00000000f0cd0000, 0x00000000f0d50000)
 concurrent mark-sweep generation total 22552K, used 15115K [0x00000000f5a00000, 0x00000000f7006000, 0x0000000100000000)
 Metaspace       used 26095K, capacity 26796K, committed 27032K, reserved 1073152K
  class space    used 3251K, capacity 3414K, committed 3480K, reserved 1048576K
2019-10-16T14:16:50.222+0000: 10.074: [GC (Allocation Failure) 2019-10-16T14:16:50.222+0000: 10.074: [ParNew
Desired survivor size 262144 bytes, new threshold 6 (max 6)
- age   1:      27920 bytes,      27920 total
- age   2:       6272 bytes,      34192 total
- age   3:      10928 bytes,      45120 total
- age   4:      10112 bytes,      55232 total
- age   5:      10048 bytes,      65280 total
- age   6:       3848 bytes,      69128 total
: 4526K->71K(4928K), 0.0011149 secs] 19641K->15199K(27480K), 0.0011504 secs] [Times: user=0.00 sys=0.00, real=0.00 secs] 
Heap after GC invocations=375 (full 3):
 par new generation   total 4928K, used 71K [0x00000000f0800000, 0x00000000f0d50000, 0x00000000f5a00000)
  eden space 4416K,   0% used [0x00000000f0800000, 0x00000000f0800000, 0x00000000f0c50000)
  from space 512K,  13% used [0x00000000f0cd0000, 0x00000000f0ce1c08, 0x00000000f0d50000)
  to   space 512K,   0% used [0x00000000f0c50000, 0x00000000f0c50000, 0x00000000f0cd0000)
 concurrent mark-sweep generation total 22552K, used 15128K [0x00000000f5a00000, 0x00000000f7006000, 0x0000000100000000)
 Metaspace       used 26095K, capacity 26796K, committed 27032K, reserved 1073152K
  class space    used 3251K, capacity 3414K, committed 3480K, reserved 1048576K
}
2019-10-16T14:16:50.224+0000: 10.076: Total time for which application threads were stopped: 0.0012487 seconds, Stopping threads took: 0.0000196 seconds
{Heap before GC invocations=375 (full 3):
 par new generation   total 4928K, used 4487K [0x00000000f0800000, 0x00000000f0d50000, 0x00000000f5a00000)
  eden space 4416K, 100% used [0x00000000f0800000, 0x00000000f0c50000, 0x00000000f0c50000)
  from space 512K,  13% used [0x00000000f0cd0000, 0x00000000f0ce1c08, 0x00000000f0d50000)
  to   space 512K,   0% used [0x00000000f0c50000, 0x00000000f0c50000, 0x00000000f0cd0000)
 concurrent mark-sweep generation total 22552K, used 15128K [0x00000000f5a00000, 0x00000000f7006000, 0x0000000100000000)
 Metaspace       used 26203K, capacity 26956K, committed 27032K, reserved 1073152K
  class space    used 3258K, capacity 3446K, committed 3480K, reserved 1048576K
2019-10-16T14:16:50.235+0000: 10.087: [GC (Allocation Failure) 2019-10-16T14:16:50.235+0000: 10.087: [ParNew
Desired survivor size 262144 bytes, new threshold 6 (max 6)
- age   1:      56712 bytes,      56712 total
- age   2:      11096 bytes,      67808 total
- age   3:       6160 bytes,      73968 total
- age   4:      10928 bytes,      84896 total
- age   5:      10112 bytes,      95008 total
- age   6:      10048 bytes,     105056 total
: 4487K->118K(4928K), 0.0010424 secs] 19615K->15250K(27480K), 0.0010836 secs] [Times: user=0.00 sys=0.00, real=0.00 secs] 
Heap after GC invocations=376 (full 3):
 par new generation   total 4928K, used 118K [0x00000000f0800000, 0x00000000f0d50000, 0x00000000f5a00000)
  eden space 4416K,   0% used [0x00000000f0800000, 0x00000000f0800000, 0x00000000f0c50000)
  from space 512K,  23% used [0x00000000f0c50000, 0x00000000f0c6d8a8, 0x00000000f0cd0000)
  to   space 512K,   0% used [0x00000000f0cd0000, 0x00000000f0cd0000, 0x00000000f0d50000)
 concurrent mark-sweep generation total 22552K, used 15132K [0x00000000f5a00000, 0x00000000f7006000, 0x0000000100000000)
 Metaspace       used 26203K, capacity 26956K, committed 27032K, reserved 1073152K
  class space    used 3258K, capacity 3446K, committed 3480K, reserved 1048576K
}
2019-10-16T14:16:50.236+0000: 10.088: Total time for which application threads were stopped: 0.0035845 seconds, Stopping threads took: 0.0023994 seconds
{Heap before GC invocations=376 (full 3):
 par new generation   total 4928K, used 4534K [0x00000000f0800000, 0x00000000f0d50000, 0x00000000f5a00000)
  eden space 4416K, 100% used [0x00000000f0800000, 0x00000000f0c50000, 0x00000000f0c50000)
  from space 512K,  23% used [0x00000000f0c50000, 0x00000000f0c6d8a8, 0x00000000f0cd0000)
  to   space 512K,   0% used [0x00000000f0cd0000, 0x00000000f0cd0000, 0x00000000f0d50000)
 concurrent mark-sweep generation total 22552K, used 15132K [0x00000000f5a00000, 0x00000000f7006000, 0x0000000100000000)
 Metaspace       used 26211K, capacity 26956K, committed 27032K, reserved 1073152K
  class space    used 3261K, capacity 3446K, committed 3480K, reserved 1048576K
2019-10-16T14:16:50.247+0000: 10.099: [GC (Allocation Failure) 2019-10-16T14:16:50.247+0000: 10.100: [ParNew
Desired survivor size 262144 bytes, new threshold 6 (max 6)
- age   1:       7984 bytes,       7984 total
- age   2:      18968 bytes,      26952 total
- age   3:      11096 bytes,      38048 total
- age   4:       6160 bytes,      44208 total
- age   5:      10928 bytes,      55136 total
- age   6:      10112 bytes,      65248 total
: 4534K->90K(4928K), 0.0010280 secs] 19666K->15233K(27480K), 0.0010595 secs] [Times: user=0.00 sys=0.00, real=0.00 secs] 
Heap after GC invocations=377 (full 3):
 par new generation   total 4928K, used 90K [0x00000000f0800000, 0x00000000f0d50000, 0x00000000f5a00000)
  eden space 4416K,   0% used [0x00000000f0800000, 0x00000000f0800000, 0x00000000f0c50000)
  from space 512K,  17% used [0x00000000f0cd0000, 0x00000000f0ce6bf8, 0x00000000f0d50000)
  to   space 512K,   0% used [0x00000000f0c50000, 0x00000000f0c50000, 0x00000000f0cd0000)
 concurrent mark-sweep generation total 22552K, used 15142K [0x00000000f5a00000, 0x00000000f7006000, 0x0000000100000000)
 Metaspace       used 26211K, capacity 26956K, committed 27032K, reserved 1073152K
  class space    used 3261K, capacity 3446K, committed 3480K, reserved 1048576K
}
2019-10-16T14:16:50.249+0000: 10.101: Total time for which application threads were stopped: 0.0011454 seconds, Stopping threads took: 0.0000181 seconds
{Heap before GC invocations=377 (full 3):
 par new generation   total 4928K, used 4506K [0x00000000f0800000, 0x00000000f0d50000, 0x00000000f5a00000)
  eden space 4416K, 100% used [0x00000000f0800000, 0x00000000f0c50000, 0x00000000f0c50000)
  from space 512K,  17% used [0x00000000f0cd0000, 0x00000000f0ce6bf8, 0x00000000f0d50000)
  to   space 512K,   0% used [0x00000000f0c50000, 0x00000000f0c50000, 0x00000000f0cd0000)
 concurrent mark-sweep generation total 22552K, used 15142K [0x00000000f5a00000, 0x00000000f7006000, 0x0000000100000000)
 Metaspace       used 26241K, capacity 27020K, committed 27288K, reserved 1073152K
  class space    used 3266K, capacity 3446K, committed 3480K, reserved 1048576K
2019-10-16T14:16:50.266+0000: 10.118: [GC (Allocation Failure) 2019-10-16T14:16:50.266+0000: 10.118: [ParNew
Desired survivor size 262144 bytes, new threshold 6 (max 6)
- age   1:      18328 bytes,      18328 total
- age   2:       5336 bytes,      23664 total
- age   3:      18968 bytes,      42632 total
- age   4:      11096 bytes,      53728 total
- age   5:       6160 bytes,      59888 total
- age   6:      10928 bytes,      70816 total
: 4506K->71K(4928K), 0.0011989 secs] 19649K->15224K(27480K), 0.0012429 secs] [Times: user=0.00 sys=0.00, real=0.00 secs] 
Heap after GC invocations=378 (full 3):
 par new generation   total 4928K, used 71K [0x00000000f0800000, 0x00000000f0d50000, 0x00000000f5a00000)
  eden space 4416K,   0% used [0x00000000f0800000, 0x00000000f0800000, 0x00000000f0c50000)
  from space 512K,  13% used [0x00000000f0c50000, 0x00000000f0c61d48, 0x00000000f0cd0000)
  to   space 512K,   0% used [0x00000000f0cd0000, 0x00000000f0cd0000, 0x00000000f0d50000)
 concurrent mark-sweep generation total 22552K, used 15153K [0x00000000f5a00000, 0x00000000f7006000, 0x0000000100000000)
 Metaspace       used 26241K, capacity 27020K, committed 27288K, reserved 1073152K
  class space    used 3266K, capacity 3446K, committed 3480K, reserved 1048576K
}
2019-10-16T14:16:50.268+0000: 10.120: Total time for which application threads were stopped: 0.0013344 seconds, Stopping threads took: 0.0000206 seconds
{Heap before GC invocations=378 (full 3):
 par new generation   total 4928K, used 4487K [0x00000000f0800000, 0x00000000f0d50000, 0x00000000f5a00000)
  eden space 4416K, 100% used [0x00000000f0800000, 0x00000000f0c50000, 0x00000000f0c50000)
  from space 512K,  13% used [0x00000000f0c50000, 0x00000000f0c61d48, 0x00000000f0cd0000)
  to   space 512K,   0% used [0x00000000f0cd0000, 0x00000000f0cd0000, 0x00000000f0d50000)
 concurrent mark-sweep generation total 22552K, used 15153K [0x00000000f5a00000, 0x00000000f7006000, 0x0000000100000000)
 Metaspace       used 26251K, capacity 27020K, committed 27288K, reserved 1073152K
  class space    used 3270K, capacity 3446K, committed 3480K, reserved 1048576K
2019-10-16T14:16:50.279+0000: 10.131: [GC (Allocation Failure) 2019-10-16T14:16:50.279+0000: 10.131: [ParNew
Desired survivor size 262144 bytes, new threshold 6 (max 6)
- age   1:      33344 bytes,      33344 total
- age   2:      15600 bytes,      48944 total
- age   3:       5336 bytes,      54280 total
- age   4:      18968 bytes,      73248 total
- age   5:      11096 bytes,      84344 total
- age   6:       6160 bytes,      90504 total
: 4487K->137K(4928K), 0.0012923 secs] 19640K->15301K(27480K), 0.0013255 secs] [Times: user=0.00 sys=0.00, real=0.00 secs] 
Heap after GC invocations=379 (full 3):
 par new generation   total 4928K, used 137K [0x00000000f0800000, 0x00000000f0d50000, 0x00000000f5a00000)
  eden space 4416K,   0% used [0x00000000f0800000, 0x00000000f0800000, 0x00000000f0c50000)
  from space 512K,  26% used [0x00000000f0cd0000, 0x00000000f0cf2698, 0x00000000f0d50000)
  to   space 512K,   0% used [0x00000000f0c50000, 0x00000000f0c50000, 0x00000000f0cd0000)
 concurrent mark-sweep generation total 22552K, used 15164K [0x00000000f5a00000, 0x00000000f7006000, 0x0000000100000000)
 Metaspace       used 26251K, capacity 27020K, committed 27288K, reserved 1073152K
  class space    used 3270K, capacity 3446K, committed 3480K, reserved 1048576K
}
2019-10-16T14:16:50.280+0000: 10.132: Total time for which application threads were stopped: 0.0014177 seconds, Stopping threads took: 0.0000194 seconds
{Heap before GC invocations=379 (full 3):
 par new generation   total 4928K, used 4553K [0x00000000f0800000, 0x00000000f0d50000, 0x00000000f5a00000)
  eden space 4416K, 100% used [0x00000000f0800000, 0x00000000f0c50000, 0x00000000f0c50000)
  from space 512K,  26% used [0x00000000f0cd0000, 0x00000000f0cf2698, 0x00000000f0d50000)
  to   space 512K,   0% used [0x00000000f0c50000, 0x00000000f0c50000, 0x00000000f0cd0000)
 concurrent mark-sweep generation total 22552K, used 15164K [0x00000000f5a00000, 0x00000000f7006000, 0x0000000100000000)
 Metaspace       used 26297K, capacity 27020K, committed 27288K, reserved 1073152K
  class space    used 3275K, capacity 3446K, committed 3480K, reserved 1048576K
2019-10-16T14:16:50.300+0000: 10.152: [GC (Allocation Failure) 2019-10-16T14:16:50.300+0000: 10.152: [ParNew
Desired survivor size 262144 bytes, new threshold 6 (max 6)
- age   1:      21808 bytes,      21808 total
- age   2:      30688 bytes,      52496 total
- age   3:      15600 bytes,      68096 total
- age   4:       5336 bytes,      73432 total
- age   5:      18968 bytes,      92400 total
- age   6:      11096 bytes,     103496 total
: 4553K->166K(4928K), 0.0014055 secs] 19717K->15337K(27480K), 0.0014516 secs] [Times: user=0.00 sys=0.00, real=0.00 secs] 
Heap after GC invocations=380 (full 3):
 par new generation   total 4928K, used 166K [0x00000000f0800000, 0x00000000f0d50000, 0x00000000f5a00000)
  eden space 4416K,   0% used [0x00000000f0800000, 0x00000000f0800000, 0x00000000f0c50000)
  from space 512K,  32% used [0x00000000f0c50000, 0x00000000f0c79b40, 0x00000000f0cd0000)
  to   space 512K,   0% used [0x00000000f0cd0000, 0x00000000f0cd0000, 0x00000000f0d50000)
 concurrent mark-sweep generation total 22552K, used 15170K [0x00000000f5a00000, 0x00000000f7006000, 0x0000000100000000)
 Metaspace       used 26297K, capacity 27020K, committed 27288K, reserved 1073152K
  class space    used 3275K, capacity 3446K, committed 3480K, reserved 1048576K
}
2019-10-16T14:16:50.302+0000: 10.154: Total time for which application threads were stopped: 0.0036555 seconds, Stopping threads took: 0.0021117 seconds
{Heap before GC invocations=380 (full 3):
 par new generation   total 4928K, used 4582K [0x00000000f0800000, 0x00000000f0d50000, 0x00000000f5a00000)
  eden space 4416K, 100% used [0x00000000f0800000, 0x00000000f0c50000, 0x00000000f0c50000)
  from space 512K,  32% used [0x00000000f0c50000, 0x00000000f0c79b40, 0x00000000f0cd0000)
  to   space 512K,   0% used [0x00000000f0cd0000, 0x00000000f0cd0000, 0x00000000f0d50000)
 concurrent mark-sweep generation total 22552K, used 15170K [0x00000000f5a00000, 0x00000000f7006000, 0x0000000100000000)
 Metaspace       used 26297K, capacity 27020K, committed 27288K, reserved 1073152K
  class space    used 3275K, capacity 3446K, committed 3480K, reserved 1048576K
2019-10-16T14:16:50.312+0000: 10.164: [GC (Allocation Failure) 2019-10-16T14:16:50.312+0000: 10.165: [ParNew
Desired survivor size 262144 bytes, new threshold 6 (max 6)
- age   1:       3520 bytes,       3520 total
- age   2:      18968 bytes,      22488 total
- age   3:      30688 bytes,      53176 total
- age   4:      15600 bytes,      68776 total
- age   5:       5336 bytes,      74112 total
- age   6:      18968 bytes,      93080 total
: 4582K->95K(4928K), 0.0011987 secs] 19753K->15277K(27480K), 0.0012431 secs] [Times: user=0.00 sys=0.00, real=0.00 secs] 
Heap after GC invocations=381 (full 3):
 par new generation   total 4928K, used 95K [0x00000000f0800000, 0x00000000f0d50000, 0x00000000f5a00000)
  eden space 4416K,   0% used [0x00000000f0800000, 0x00000000f0800000, 0x00000000f0c50000)
  from space 512K,  18% used [0x00000000f0cd0000, 0x00000000f0ce7db8, 0x00000000f0d50000)
  to   space 512K,   0% used [0x00000000f0c50000, 0x00000000f0c50000, 0x00000000f0cd0000)
 concurrent mark-sweep generation total 22552K, used 15181K [0x00000000f5a00000, 0x00000000f7006000, 0x0000000100000000)
 Metaspace       used 26297K, capacity 27020K, committed 27288K, reserved 1073152K
  class space    used 3275K, capacity 3446K, committed 3480K, reserved 1048576K
}
2019-10-16T14:16:50.314+0000: 10.166: Total time for which application threads were stopped: 0.0013483 seconds, Stopping threads took: 0.0000250 seconds
{Heap before GC invocations=381 (full 3):
 par new generation   total 4928K, used 4511K [0x00000000f0800000, 0x00000000f0d50000, 0x00000000f5a00000)
  eden space 4416K, 100% used [0x00000000f0800000, 0x00000000f0c50000, 0x00000000f0c50000)
  from space 512K,  18% used [0x00000000f0cd0000, 0x00000000f0ce7db8, 0x00000000f0d50000)
  to   space 512K,   0% used [0x00000000f0c50000, 0x00000000f0c50000, 0x00000000f0cd0000)
 concurrent mark-sweep generation total 22552K, used 15181K [0x00000000f5a00000, 0x00000000f7006000, 0x0000000100000000)
 Metaspace       used 26297K, capacity 27020K, committed 27288K, reserved 1073152K
  class space    used 3275K, capacity 3446K, committed 3480K, reserved 1048576K
2019-10-16T14:16:50.323+0000: 10.175: [GC (Allocation Failure) 2019-10-16T14:16:50.323+0000: 10.175: [ParNew
Desired survivor size 262144 bytes, new threshold 6 (max 6)
- age   1:       3680 bytes,       3680 total
- age   2:       2248 bytes,       5928 total
- age   3:      18968 bytes,      24896 total
- age   4:      30688 bytes,      55584 total
- age   5:      15600 bytes,      71184 total
- age   6:       5336 bytes,      76520 total
: 4511K->92K(4928K), 0.0010990 secs] 19693K->15292K(27480K), 0.0011387 secs] [Times: user=0.00 sys=0.00, real=0.00 secs] 
Heap after GC invocations=382 (full 3):
 par new generation   total 4928K, used 92K [0x00000000f0800000, 0x00000000f0d50000, 0x00000000f5a00000)
  eden space 4416K,   0% used [0x00000000f0800000, 0x00000000f0800000, 0x00000000f0c50000)
  from space 512K,  17% used [0x00000000f0c50000, 0x00000000f0c67028, 0x00000000f0cd0000)
  to   space 512K,   0% used [0x00000000f0cd0000, 0x00000000f0cd0000, 0x00000000f0d50000)
 concurrent mark-sweep generation total 22552K, used 15200K [0x00000000f5a00000, 0x00000000f7006000, 0x0000000100000000)
 Metaspace       used 26297K, capacity 27020K, committed 27288K, reserved 1073152K
  class space    used 3275K, capacity 3446K, committed 3480K, reserved 1048576K
}
2019-10-16T14:16:50.324+0000: 10.176: Total time for which application threads were stopped: 0.0037831 seconds, Stopping threads took: 0.0025592 seconds
{Heap before GC invocations=382 (full 3):
 par new generation   total 4928K, used 4508K [0x00000000f0800000, 0x00000000f0d50000, 0x00000000f5a00000)
  eden space 4416K, 100% used [0x00000000f0800000, 0x00000000f0c50000, 0x00000000f0c50000)
  from space 512K,  17% used [0x00000000f0c50000, 0x00000000f0c67028, 0x00000000f0cd0000)
  to   space 512K,   0% used [0x00000000f0cd0000, 0x00000000f0cd0000, 0x00000000f0d50000)
 concurrent mark-sweep generation total 22552K, used 15200K [0x00000000f5a00000, 0x00000000f7006000, 0x0000000100000000)
 Metaspace       used 26297K, capacity 27020K, committed 27288K, reserved 1073152K
  class space    used 3275K, capacity 3446K, committed 3480K, reserved 1048576K
2019-10-16T14:16:50.334+0000: 10.186: [GC (Allocation Failure) 2019-10-16T14:16:50.334+0000: 10.186: [ParNew
Desired survivor size 262144 bytes, new threshold 6 (max 6)
- age   1:       4296 bytes,       4296 total
- age   2:       2080 bytes,       6376 total
- age   3:       2248 bytes,       8624 total
- age   4:      18968 bytes,      27592 total
- age   5:      30688 bytes,      58280 total
- age   6:      15600 bytes,      73880 total
: 4508K->79K(4928K), 0.0009728 secs] 19708K->15285K(27480K), 0.0010048 secs] [Times: user=0.00 sys=0.00, real=0.00 secs] 
Heap after GC invocations=383 (full 3):
 par new generation   total 4928K, used 79K [0x00000000f0800000, 0x00000000f0d50000, 0x00000000f5a00000)
  eden space 4416K,   0% used [0x00000000f0800000, 0x00000000f0800000, 0x00000000f0c50000)
  from space 512K,  15% used [0x00000000f0cd0000, 0x00000000f0ce3c40, 0x00000000f0d50000)
  to   space 512K,   0% used [0x00000000f0c50000, 0x00000000f0c50000, 0x00000000f0cd0000)
 concurrent mark-sweep generation total 22552K, used 15206K [0x00000000f5a00000, 0x00000000f7006000, 0x0000000100000000)
 Metaspace       used 26297K, capacity 27020K, committed 27288K, reserved 1073152K
  class space    used 3275K, capacity 3446K, committed 3480K, reserved 1048576K
}
2019-10-16T14:16:50.335+0000: 10.187: Total time for which application threads were stopped: 0.0010985 seconds, Stopping threads took: 0.0000187 seconds
{Heap before GC invocations=383 (full 3):
 par new generation   total 4928K, used 4495K [0x00000000f0800000, 0x00000000f0d50000, 0x00000000f5a00000)
  eden space 4416K, 100% used [0x00000000f0800000, 0x00000000f0c50000, 0x00000000f0c50000)
  from space 512K,  15% used [0x00000000f0cd0000, 0x00000000f0ce3c40, 0x00000000f0d50000)
  to   space 512K,   0% used [0x00000000f0c50000, 0x00000000f0c50000, 0x00000000f0cd0000)
 concurrent mark-sweep generation total 22552K, used 15206K [0x00000000f5a00000, 0x00000000f7006000, 0x0000000100000000)
 Metaspace       used 26297K, capacity 27020K, committed 27288K, reserved 1073152K
  class space    used 3275K, capacity 3446K, committed 3480K, reserved 1048576K
2019-10-16T14:16:50.343+0000: 10.195: [GC (Allocation Failure) 2019-10-16T14:16:50.343+0000: 10.195: [ParNew
Desired survivor size 262144 bytes, new threshold 6 (max 6)
- age   1:       5328 bytes,       5328 total
- age   2:       2048 bytes,       7376 total
- age   3:       2080 bytes,       9456 total
- age   4:       2248 bytes,      11704 total
- age   5:      18968 bytes,      30672 total
- age   6:      30688 bytes,      61360 total
: 4495K->73K(4928K), 0.0009199 secs] 19701K->15295K(27480K), 0.0009574 secs] [Times: user=0.00 sys=0.00, real=0.00 secs] 
Heap after GC invocations=384 (full 3):
 par new generation   total 4928K, used 73K [0x00000000f0800000, 0x00000000f0d50000, 0x00000000f5a00000)
  eden space 4416K,   0% used [0x00000000f0800000, 0x00000000f0800000, 0x00000000f0c50000)
  from space 512K,  14% used [0x00000000f0c50000, 0x00000000f0c62788, 0x00000000f0cd0000)
  to   space 512K,   0% used [0x00000000f0cd0000, 0x00000000f0cd0000, 0x00000000f0d50000)
 concurrent mark-sweep generation total 22552K, used 15221K [0x00000000f5a00000, 0x00000000f7006000, 0x0000000100000000)
 Metaspace       used 26297K, capacity 27020K, committed 27288K, reserved 1073152K
  class space    used 3275K, capacity 3446K, committed 3480K, reserved 1048576K
}
2019-10-16T14:16:50.344+0000: 10.196: Total time for which application threads were stopped: 0.0032664 seconds, Stopping threads took: 0.0022112 seconds
{Heap before GC invocations=384 (full 3):
 par new generation   total 4928K, used 4489K [0x00000000f0800000, 0x00000000f0d50000, 0x00000000f5a00000)
  eden space 4416K, 100% used [0x00000000f0800000, 0x00000000f0c50000, 0x00000000f0c50000)
  from space 512K,  14% used [0x00000000f0c50000, 0x00000000f0c62788, 0x00000000f0cd0000)
  to   space 512K,   0% used [0x00000000f0cd0000, 0x00000000f0cd0000, 0x00000000f0d50000)
 concurrent mark-sweep generation total 22552K, used 15221K [0x00000000f5a00000, 0x00000000f7006000, 0x0000000100000000)
 Metaspace       used 26297K, capacity 27020K, committed 27288K, reserved 1073152K
  class space    used 3275K, capacity 3446K, committed 3480K, reserved 1048576K
2019-10-16T14:16:50.354+0000: 10.206: [GC (Allocation Failure) 2019-10-16T14:16:50.354+0000: 10.206: [ParNew
Desired survivor size 262144 bytes, new threshold 6 (max 6)
- age   1:       4616 bytes,       4616 total
- age   2:       2632 bytes,       7248 total
- age   3:       2048 bytes,       9296 total
- age   4:       2080 bytes,      11376 total
- age   5:       2248 bytes,      13624 total
- age   6:      18968 bytes,      32592 total
: 4489K->63K(4928K), 0.0009480 secs] 19711K->15316K(27480K), 0.0010059 secs] [Times: user=0.00 sys=0.00, real=0.00 secs] 
Heap after GC invocations=385 (full 3):
 par new generation   total 4928K, used 63K [0x00000000f0800000, 0x00000000f0d50000, 0x00000000f5a00000)
  eden space 4416K,   0% used [0x00000000f0800000, 0x00000000f0800000, 0x00000000f0c50000)
  from space 512K,  12% used [0x00000000f0cd0000, 0x00000000f0cdfdb0, 0x00000000f0d50000)
  to   space 512K,   0% used [0x00000000f0c50000, 0x00000000f0c50000, 0x00000000f0cd0000)
 concurrent mark-sweep generation total 22552K, used 15253K [0x00000000f5a00000, 0x00000000f7006000, 0x0000000100000000)
 Metaspace       used 26297K, capacity 27020K, committed 27288K, reserved 1073152K
  class space    used 3275K, capacity 3446K, committed 3480K, reserved 1048576K
}
2019-10-16T14:16:50.355+0000: 10.207: Total time for which application threads were stopped: 0.0011188 seconds, Stopping threads took: 0.0000195 seconds
{Heap before GC invocations=385 (full 3):
 par new generation   total 4928K, used 4479K [0x00000000f0800000, 0x00000000f0d50000, 0x00000000f5a00000)
  eden space 4416K, 100% used [0x00000000f0800000, 0x00000000f0c50000, 0x00000000f0c50000)
  from space 512K,  12% used [0x00000000f0cd0000, 0x00000000f0cdfdb0, 0x00000000f0d50000)
  to   space 512K,   0% used [0x00000000f0c50000, 0x00000000f0c50000, 0x00000000f0cd0000)
 concurrent mark-sweep generation total 22552K, used 15253K [0x00000000f5a00000, 0x00000000f7006000, 0x0000000100000000)
 Metaspace       used 26297K, capacity 27020K, committed 27288K, reserved 1073152K
  class space    used 3275K, capacity 3446K, committed 3480K, reserved 1048576K
2019-10-16T14:16:50.363+0000: 10.215: [GC (Allocation Failure) 2019-10-16T14:16:50.363+0000: 10.215: [ParNew
Desired survivor size 262144 bytes, new threshold 6 (max 6)
- age   1:       3488 bytes,       3488 total
- age   2:       1800 bytes,       5288 total
- age   3:       2632 bytes,       7920 total
- age   4:       2048 bytes,       9968 total
- age   5:       2080 bytes,      12048 total
- age   6:       2248 bytes,      14296 total
: 4479K->27K(4928K), 0.0007367 secs] 19732K->15299K(27480K), 0.0007746 secs] [Times: user=0.00 sys=0.00, real=0.00 secs] 
Heap after GC invocations=386 (full 3):
 par new generation   total 4928K, used 27K [0x00000000f0800000, 0x00000000f0d50000, 0x00000000f5a00000)
  eden space 4416K,   0% used [0x00000000f0800000, 0x00000000f0800000, 0x00000000f0c50000)
  from space 512K,   5% used [0x00000000f0c50000, 0x00000000f0c56f30, 0x00000000f0cd0000)
  to   space 512K,   0% used [0x00000000f0cd0000, 0x00000000f0cd0000, 0x00000000f0d50000)
 concurrent mark-sweep generation total 22552K, used 15272K [0x00000000f5a00000, 0x00000000f7006000, 0x0000000100000000)
 Metaspace       used 26297K, capacity 27020K, committed 27288K, reserved 1073152K
  class space    used 3275K, capacity 3446K, committed 3480K, reserved 1048576K
}
2019-10-16T14:16:50.364+0000: 10.216: Total time for which application threads were stopped: 0.0029994 seconds, Stopping threads took: 0.0021419 seconds
{Heap before GC invocations=386 (full 3):
 par new generation   total 4928K, used 4443K [0x00000000f0800000, 0x00000000f0d50000, 0x00000000f5a00000)
  eden space 4416K, 100% used [0x00000000f0800000, 0x00000000f0c50000, 0x00000000f0c50000)
  from space 512K,   5% used [0x00000000f0c50000, 0x00000000f0c56f30, 0x00000000f0cd0000)
  to   space 512K,   0% used [0x00000000f0cd0000, 0x00000000f0cd0000, 0x00000000f0d50000)
 concurrent mark-sweep generation total 22552K, used 15272K [0x00000000f5a00000, 0x00000000f7006000, 0x0000000100000000)
 Metaspace       used 26298K, capacity 27020K, committed 27288K, reserved 1073152K
  class space    used 3275K, capacity 3446K, committed 3480K, reserved 1048576K
2019-10-16T14:16:50.376+0000: 10.228: [GC (Allocation Failure) 2019-10-16T14:16:50.376+0000: 10.228: [ParNew
Desired survivor size 262144 bytes, new threshold 6 (max 6)
- age   1:       4720 bytes,       4720 total
- age   2:       1880 bytes,       6600 total
- age   3:       1800 bytes,       8400 total
- age   4:       2632 bytes,      11032 total
- age   5:       2048 bytes,      13080 total
- age   6:       2080 bytes,      15160 total
: 4443K->24K(4928K), 0.0006328 secs] 19715K->15298K(27480K), 0.0006773 secs] [Times: user=0.00 sys=0.00, real=0.00 secs] 
Heap after GC invocations=387 (full 3):
 par new generation   total 4928K, used 24K [0x00000000f0800000, 0x00000000f0d50000, 0x00000000f5a00000)
  eden space 4416K,   0% used [0x00000000f0800000, 0x00000000f0800000, 0x00000000f0c50000)
  from space 512K,   4% used [0x00000000f0cd0000, 0x00000000f0cd6180, 0x00000000f0d50000)
  to   space 512K,   0% used [0x00000000f0c50000, 0x00000000f0c50000, 0x00000000f0cd0000)
 concurrent mark-sweep generation total 22552K, used 15274K [0x00000000f5a00000, 0x00000000f7006000, 0x0000000100000000)
 Metaspace       used 26298K, capacity 27020K, committed 27288K, reserved 1073152K
  class space    used 3275K, capacity 3446K, committed 3480K, reserved 1048576K
}
2019-10-16T14:16:50.377+0000: 10.229: Total time for which application threads were stopped: 0.0007683 seconds, Stopping threads took: 0.0000173 seconds
{Heap before GC invocations=387 (full 3):
 par new generation   total 4928K, used 4440K [0x00000000f0800000, 0x00000000f0d50000, 0x00000000f5a00000)
  eden space 4416K, 100% used [0x00000000f0800000, 0x00000000f0c50000, 0x00000000f0c50000)
  from space 512K,   4% used [0x00000000f0cd0000, 0x00000000f0cd6180, 0x00000000f0d50000)
  to   space 512K,   0% used [0x00000000f0c50000, 0x00000000f0c50000, 0x00000000f0cd0000)
 concurrent mark-sweep generation total 22552K, used 15274K [0x00000000f5a00000, 0x00000000f7006000, 0x0000000100000000)
 Metaspace       used 26299K, capacity 27020K, committed 27288K, reserved 1073152K
  class space    used 3275K, capacity 3446K, committed 3480K, reserved 1048576K
2019-10-16T14:16:50.383+0000: 10.235: [GC (Allocation Failure) 2019-10-16T14:16:50.383+0000: 10.235: [ParNew
Desired survivor size 262144 bytes, new threshold 6 (max 6)
- age   1:       3336 bytes,       3336 total
- age   2:       2192 bytes,       5528 total
- age   3:       1880 bytes,       7408 total
- age   4:       1800 bytes,       9208 total
- age   5:       2632 bytes,      11840 total
- age   6:       2048 bytes,      13888 total
: 4440K->14K(4928K), 0.0006131 secs] 19714K->15290K(27480K), 0.0006522 secs] [Times: user=0.00 sys=0.00, real=0.00 secs] 
Heap after GC invocations=388 (full 3):
 par new generation   total 4928K, used 14K [0x00000000f0800000, 0x00000000f0d50000, 0x00000000f5a00000)
  eden space 4416K,   0% used [0x00000000f0800000, 0x00000000f0800000, 0x00000000f0c50000)
  from space 512K,   2% used [0x00000000f0c50000, 0x00000000f0c538a0, 0x00000000f0cd0000)
  to   space 512K,   0% used [0x00000000f0cd0000, 0x00000000f0cd0000, 0x00000000f0d50000)
 concurrent mark-sweep generation total 22552K, used 15276K [0x00000000f5a00000, 0x00000000f7006000, 0x0000000100000000)
 Metaspace       used 26299K, capacity 27020K, committed 27288K, reserved 1073152K
  class space    used 3275K, capacity 3446K, committed 3480K, reserved 1048576K
}
2019-10-16T14:16:50.384+0000: 10.236: Total time for which application threads were stopped: 0.0007441 seconds, Stopping threads took: 0.0000186 seconds
{Heap before GC invocations=388 (full 3):
 par new generation   total 4928K, used 4430K [0x00000000f0800000, 0x00000000f0d50000, 0x00000000f5a00000)
  eden space 4416K, 100% used [0x00000000f0800000, 0x00000000f0c50000, 0x00000000f0c50000)
  from space 512K,   2% used [0x00000000f0c50000, 0x00000000f0c538a0, 0x00000000f0cd0000)
  to   space 512K,   0% used [0x00000000f0cd0000, 0x00000000f0cd0000, 0x00000000f0d50000)
 concurrent mark-sweep generation total 22552K, used 15276K [0x00000000f5a00000, 0x00000000f7006000, 0x0000000100000000)
 Metaspace       used 26302K, capacity 27020K, committed 27288K, reserved 1073152K
  class space    used 3275K, capacity 3446K, committed 3480K, reserved 1048576K
2019-10-16T14:16:50.398+0000: 10.250: [GC (Allocation Failure) 2019-10-16T14:16:50.398+0000: 10.250: [ParNew
Desired survivor size 262144 bytes, new threshold 6 (max 6)
- age   1:       3096 bytes,       3096 total
- age   2:       2008 bytes,       5104 total
- age   3:       2192 bytes,       7296 total
- age   4:       1880 bytes,       9176 total
- age   5:       1800 bytes,      10976 total
- age   6:       2632 bytes,      13608 total
: 4430K->13K(4928K), 0.0007962 secs] 19706K->15292K(27480K), 0.0008340 secs] [Times: user=0.00 sys=0.00, real=0.00 secs] 
Heap after GC invocations=389 (full 3):
 par new generation   total 4928K, used 13K [0x00000000f0800000, 0x00000000f0d50000, 0x00000000f5a00000)
  eden space 4416K,   0% used [0x00000000f0800000, 0x00000000f0800000, 0x00000000f0c50000)
  from space 512K,   2% used [0x00000000f0cd0000, 0x00000000f0cd36e0, 0x00000000f0d50000)
  to   space 512K,   0% used [0x00000000f0c50000, 0x00000000f0c50000, 0x00000000f0cd0000)
 concurrent mark-sweep generation total 22552K, used 15278K [0x00000000f5a00000, 0x00000000f7006000, 0x0000000100000000)
 Metaspace       used 26302K, capacity 27020K, committed 27288K, reserved 1073152K
  class space    used 3275K, capacity 3446K, committed 3480K, reserved 1048576K
}
2019-10-16T14:16:50.399+0000: 10.251: Total time for which application threads were stopped: 0.0009435 seconds, Stopping threads took: 0.0000336 seconds
{Heap before GC invocations=389 (full 3):
 par new generation   total 4928K, used 4429K [0x00000000f0800000, 0x00000000f0d50000, 0x00000000f5a00000)
  eden space 4416K, 100% used [0x00000000f0800000, 0x00000000f0c50000, 0x00000000f0c50000)
  from space 512K,   2% used [0x00000000f0cd0000, 0x00000000f0cd36e0, 0x00000000f0d50000)
  to   space 512K,   0% used [0x00000000f0c50000, 0x00000000f0c50000, 0x00000000f0cd0000)
 concurrent mark-sweep generation total 22552K, used 15278K [0x00000000f5a00000, 0x00000000f7006000, 0x0000000100000000)
 Metaspace       used 26374K, capacity 27126K, committed 27288K, reserved 1073152K
  class space    used 3287K, capacity 3459K, committed 3480K, reserved 1048576K
2019-10-16T14:16:50.438+0000: 10.290: [GC (Allocation Failure) 2019-10-16T14:16:50.438+0000: 10.290: [ParNew
Desired survivor size 262144 bytes, new threshold 6 (max 6)
- age   1:      53800 bytes,      53800 total
- age   2:       1696 bytes,      55496 total
- age   3:       2008 bytes,      57504 total
- age   4:       2192 bytes,      59696 total
- age   5:       1880 bytes,      61576 total
- age   6:       1800 bytes,      63376 total
: 4429K->68K(4928K), 0.0014268 secs] 19708K->15349K(27480K), 0.0014896 secs] [Times: user=0.00 sys=0.00, real=0.00 secs] 
Heap after GC invocations=390 (full 3):
 par new generation   total 4928K, used 68K [0x00000000f0800000, 0x00000000f0d50000, 0x00000000f5a00000)
  eden space 4416K,   0% used [0x00000000f0800000, 0x00000000f0800000, 0x00000000f0c50000)
  from space 512K,  13% used [0x00000000f0c50000, 0x00000000f0c61178, 0x00000000f0cd0000)
  to   space 512K,   0% used [0x00000000f0cd0000, 0x00000000f0cd0000, 0x00000000f0d50000)
 concurrent mark-sweep generation total 22552K, used 15281K [0x00000000f5a00000, 0x00000000f7006000, 0x0000000100000000)
 Metaspace       used 26374K, capacity 27126K, committed 27288K, reserved 1073152K
  class space    used 3287K, capacity 3459K, committed 3480K, reserved 1048576K
}
2019-10-16T14:16:50.440+0000: 10.292: Total time for which application threads were stopped: 0.0016554 seconds, Stopping threads took: 0.0000294 seconds
{Heap before GC invocations=390 (full 3):
 par new generation   total 4928K, used 4484K [0x00000000f0800000, 0x00000000f0d50000, 0x00000000f5a00000)
  eden space 4416K, 100% used [0x00000000f0800000, 0x00000000f0c50000, 0x00000000f0c50000)
  from space 512K,  13% used [0x00000000f0c50000, 0x00000000f0c61178, 0x00000000f0cd0000)
  to   space 512K,   0% used [0x00000000f0cd0000, 0x00000000f0cd0000, 0x00000000f0d50000)
 concurrent mark-sweep generation total 22552K, used 15281K [0x00000000f5a00000, 0x00000000f7006000, 0x0000000100000000)
 Metaspace       used 26389K, capacity 27126K, committed 27288K, reserved 1073152K
  class space    used 3290K, capacity 3459K, committed 3480K, reserved 1048576K
2019-10-16T14:16:50.454+0000: 10.306: [GC (Allocation Failure) 2019-10-16T14:16:50.454+0000: 10.306: [ParNew
Desired survivor size 262144 bytes, new threshold 6 (max 6)
- age   1:      52472 bytes,      52472 total
- age   2:      50776 bytes,     103248 total
- age   3:       1696 bytes,     104944 total
- age   4:       2008 bytes,     106952 total
- age   5:       2192 bytes,     109144 total
- age   6:       1880 bytes,     111024 total
: 4484K->148K(4928K), 0.0014929 secs] 19765K->15431K(27480K), 0.0015371 secs] [Times: user=0.01 sys=0.00, real=0.00 secs] 
Heap after GC invocations=391 (full 3):
 par new generation   total 4928K, used 148K [0x00000000f0800000, 0x00000000f0d50000, 0x00000000f5a00000)
  eden space 4416K,   0% used [0x00000000f0800000, 0x00000000f0800000, 0x00000000f0c50000)
  from space 512K,  28% used [0x00000000f0cd0000, 0x00000000f0cf5128, 0x00000000f0d50000)
  to   space 512K,   0% used [0x00000000f0c50000, 0x00000000f0c50000, 0x00000000f0cd0000)
 concurrent mark-sweep generation total 22552K, used 15283K [0x00000000f5a00000, 0x00000000f7006000, 0x0000000100000000)
 Metaspace       used 26389K, capacity 27126K, committed 27288K, reserved 1073152K
  class space    used 3290K, capacity 3459K, committed 3480K, reserved 1048576K
}
2019-10-16T14:16:50.455+0000: 10.307: Total time for which application threads were stopped: 0.0016595 seconds, Stopping threads took: 0.0000219 seconds
{Heap before GC invocations=391 (full 3):
 par new generation   total 4928K, used 4564K [0x00000000f0800000, 0x00000000f0d50000, 0x00000000f5a00000)
  eden space 4416K, 100% used [0x00000000f0800000, 0x00000000f0c50000, 0x00000000f0c50000)
  from space 512K,  28% used [0x00000000f0cd0000, 0x00000000f0cf5128, 0x00000000f0d50000)
  to   space 512K,   0% used [0x00000000f0c50000, 0x00000000f0c50000, 0x00000000f0cd0000)
 concurrent mark-sweep generation total 22552K, used 15283K [0x00000000f5a00000, 0x00000000f7006000, 0x0000000100000000)
 Metaspace       used 26424K, capacity 27126K, committed 27288K, reserved 1073152K
  class space    used 3292K, capacity 3459K, committed 3480K, reserved 1048576K
2019-10-16T14:16:50.472+0000: 10.324: [GC (Allocation Failure) 2019-10-16T14:16:50.472+0000: 10.324: [ParNew
Desired survivor size 262144 bytes, new threshold 6 (max 6)
- age   1:      61912 bytes,      61912 total
- age   2:      47528 bytes,     109440 total
- age   3:      50776 bytes,     160216 total
- age   4:       1696 bytes,     161912 total
- age   5:       2008 bytes,     163920 total
- age   6:       2192 bytes,     166112 total
: 4564K->185K(4928K), 0.0016156 secs] 19847K->15470K(27480K), 0.0016779 secs] [Times: user=0.00 sys=0.00, real=0.00 secs] 
Heap after GC invocations=392 (full 3):
 par new generation   total 4928K, used 185K [0x00000000f0800000, 0x00000000f0d50000, 0x00000000f5a00000)
  eden space 4416K,   0% used [0x00000000f0800000, 0x00000000f0800000, 0x00000000f0c50000)
  from space 512K,  36% used [0x00000000f0c50000, 0x00000000f0c7e5f0, 0x00000000f0cd0000)
  to   space 512K,   0% used [0x00000000f0cd0000, 0x00000000f0cd0000, 0x00000000f0d50000)
 concurrent mark-sweep generation total 22552K, used 15284K [0x00000000f5a00000, 0x00000000f7006000, 0x0000000100000000)
 Metaspace       used 26424K, capacity 27126K, committed 27288K, reserved 1073152K
  class space    used 3292K, capacity 3459K, committed 3480K, reserved 1048576K
}
2019-10-16T14:16:50.474+0000: 10.326: Total time for which application threads were stopped: 0.0018038 seconds, Stopping threads took: 0.0000261 seconds
{Heap before GC invocations=392 (full 3):
 par new generation   total 4928K, used 4601K [0x00000000f0800000, 0x00000000f0d50000, 0x00000000f5a00000)
  eden space 4416K, 100% used [0x00000000f0800000, 0x00000000f0c50000, 0x00000000f0c50000)
  from space 512K,  36% used [0x00000000f0c50000, 0x00000000f0c7e5f0, 0x00000000f0cd0000)
  to   space 512K,   0% used [0x00000000f0cd0000, 0x00000000f0cd0000, 0x00000000f0d50000)
 concurrent mark-sweep generation total 22552K, used 15284K [0x00000000f5a00000, 0x00000000f7006000, 0x0000000100000000)
 Metaspace       used 26428K, capacity 27190K, committed 27288K, reserved 1073152K
  class space    used 3293K, capacity 3459K, committed 3480K, reserved 1048576K
2019-10-16T14:16:50.486+0000: 10.338: [GC (Allocation Failure) 2019-10-16T14:16:50.486+0000: 10.338: [ParNew
Desired survivor size 262144 bytes, new threshold 6 (max 6)
- age   1:      37440 bytes,      37440 total
- age   2:      59624 bytes,      97064 total
- age   3:      47416 bytes,     144480 total
- age   4:      50776 bytes,     195256 total
- age   5:       1696 bytes,     196952 total
- age   6:       2008 bytes,     198960 total
: 4601K->288K(4928K), 0.0017830 secs] 19886K->15575K(27480K), 0.0018283 secs] [Times: user=0.00 sys=0.00, real=0.00 secs] 
Heap after GC invocations=393 (full 3):
 par new generation   total 4928K, used 288K [0x00000000f0800000, 0x00000000f0d50000, 0x00000000f5a00000)
  eden space 4416K,   0% used [0x00000000f0800000, 0x00000000f0800000, 0x00000000f0c50000)
  from space 512K,  56% used [0x00000000f0cd0000, 0x00000000f0d18060, 0x00000000f0d50000)
  to   space 512K,   0% used [0x00000000f0c50000, 0x00000000f0c50000, 0x00000000f0cd0000)
 concurrent mark-sweep generation total 22552K, used 15287K [0x00000000f5a00000, 0x00000000f7006000, 0x0000000100000000)
 Metaspace       used 26428K, capacity 27190K, committed 27288K, reserved 1073152K
  class space    used 3293K, capacity 3459K, committed 3480K, reserved 1048576K
}
2019-10-16T14:16:50.488+0000: 10.340: Total time for which application threads were stopped: 0.0019467 seconds, Stopping threads took: 0.0000249 seconds
{Heap before GC invocations=393 (full 3):
 par new generation   total 4928K, used 4704K [0x00000000f0800000, 0x00000000f0d50000, 0x00000000f5a00000)
  eden space 4416K, 100% used [0x00000000f0800000, 0x00000000f0c50000, 0x00000000f0c50000)
  from space 512K,  56% used [0x00000000f0cd0000, 0x00000000f0d18060, 0x00000000f0d50000)
  to   space 512K,   0% used [0x00000000f0c50000, 0x00000000f0c50000, 0x00000000f0cd0000)
 concurrent mark-sweep generation total 22552K, used 15287K [0x00000000f5a00000, 0x00000000f7006000, 0x0000000100000000)
 Metaspace       used 26528K, capacity 27286K, committed 27416K, reserved 1073152K
  class space    used 3304K, capacity 3491K, committed 3608K, reserved 1048576K
2019-10-16T14:16:50.514+0000: 10.366: [GC (Allocation Failure) 2019-10-16T14:16:50.514+0000: 10.366: [ParNew
Desired survivor size 262144 bytes, new threshold 5 (max 6)
- age   1:     107056 bytes,     107056 total
- age   2:      33200 bytes,     140256 total
- age   3:      59472 bytes,     199728 total
- age   4:      47416 bytes,     247144 total
- age   5:      48632 bytes,     295776 total
- age   6:       1696 bytes,     297472 total
: 4704K->365K(4928K), 0.0022912 secs] 19991K->15654K(27480K), 0.0023756 secs] [Times: user=0.01 sys=0.00, real=0.00 secs] 
Heap after GC invocations=394 (full 3):
 par new generation   total 4928K, used 365K [0x00000000f0800000, 0x00000000f0d50000, 0x00000000f5a00000)
  eden space 4416K,   0% used [0x00000000f0800000, 0x00000000f0800000, 0x00000000f0c50000)
  from space 512K,  71% used [0x00000000f0c50000, 0x00000000f0cab620, 0x00000000f0cd0000)
  to   space 512K,   0% used [0x00000000f0cd0000, 0x00000000f0cd0000, 0x00000000f0d50000)
 concurrent mark-sweep generation total 22552K, used 15289K [0x00000000f5a00000, 0x00000000f7006000, 0x0000000100000000)
 Metaspace       used 26528K, capacity 27286K, committed 27416K, reserved 1073152K
  class space    used 3304K, capacity 3491K, committed 3608K, reserved 1048576K
}
2019-10-16T14:16:50.517+0000: 10.369: Total time for which application threads were stopped: 0.0024973 seconds, Stopping threads took: 0.0000237 seconds
{Heap before GC invocations=394 (full 3):
 par new generation   total 4928K, used 4777K [0x00000000f0800000, 0x00000000f0d50000, 0x00000000f5a00000)
  eden space 4416K,  99% used [0x00000000f0800000, 0x00000000f0c4f0e0, 0x00000000f0c50000)
  from space 512K,  71% used [0x00000000f0c50000, 0x00000000f0cab620, 0x00000000f0cd0000)
  to   space 512K,   0% used [0x00000000f0cd0000, 0x00000000f0cd0000, 0x00000000f0d50000)
 concurrent mark-sweep generation total 22552K, used 15289K [0x00000000f5a00000, 0x00000000f7006000, 0x0000000100000000)
 Metaspace       used 26730K, capacity 27510K, committed 27672K, reserved 1073152K
  class space    used 3328K, capacity 3523K, committed 3608K, reserved 1048576K
2019-10-16T14:16:50.551+0000: 10.403: [GC (Allocation Failure) 2019-10-16T14:16:50.551+0000: 10.403: [ParNew
Desired survivor size 262144 bytes, new threshold 4 (max 6)
- age   1:     120960 bytes,     120960 total
- age   2:      69176 bytes,     190136 total
- age   3:      33200 bytes,     223336 total
- age   4:      59472 bytes,     282808 total
- age   5:      47416 bytes,     330224 total
: 4777K->512K(4928K), 0.0026187 secs] 20066K->15857K(27480K), 0.0026684 secs] [Times: user=0.00 sys=0.00, real=0.00 secs] 
Heap after GC invocations=395 (full 3):
 par new generation   total 4928K, used 512K [0x00000000f0800000, 0x00000000f0d50000, 0x00000000f5a00000)
  eden space 4416K,   0% used [0x00000000f0800000, 0x00000000f0800000, 0x00000000f0c50000)
  from space 512K, 100% used [0x00000000f0cd0000, 0x00000000f0d50000, 0x00000000f0d50000)
  to   space 512K,   0% used [0x00000000f0c50000, 0x00000000f0c50000, 0x00000000f0cd0000)
 concurrent mark-sweep generation total 22552K, used 15345K [0x00000000f5a00000, 0x00000000f7006000, 0x0000000100000000)
 Metaspace       used 26730K, capacity 27510K, committed 27672K, reserved 1073152K
  class space    used 3328K, capacity 3523K, committed 3608K, reserved 1048576K
}
2019-10-16T14:16:50.553+0000: 10.405: Total time for which application threads were stopped: 0.0027976 seconds, Stopping threads took: 0.0000220 seconds
{Heap before GC invocations=395 (full 3):
 par new generation   total 4928K, used 4928K [0x00000000f0800000, 0x00000000f0d50000, 0x00000000f5a00000)
  eden space 4416K, 100% used [0x00000000f0800000, 0x00000000f0c50000, 0x00000000f0c50000)
  from space 512K, 100% used [0x00000000f0cd0000, 0x00000000f0d50000, 0x00000000f0d50000)
  to   space 512K,   0% used [0x00000000f0c50000, 0x00000000f0c50000, 0x00000000f0cd0000)
 concurrent mark-sweep generation total 22552K, used 15345K [0x00000000f5a00000, 0x00000000f7006000, 0x0000000100000000)
 Metaspace       used 27043K, capacity 27798K, committed 27928K, reserved 1073152K
  class space    used 3364K, capacity 3555K, committed 3608K, reserved 1048576K
2019-10-16T14:16:50.602+0000: 10.454: [GC (Allocation Failure) 2019-10-16T14:16:50.602+0000: 10.454: [ParNew
Desired survivor size 262144 bytes, new threshold 6 (max 6)
- age   1:      92320 bytes,      92320 total
- age   2:      44328 bytes,     136648 total
- age   3:      69176 bytes,     205824 total
- age   4:      33200 bytes,     239024 total
: 4928K->315K(4928K), 0.0026618 secs] 20273K->15767K(27480K), 0.0027255 secs] [Times: user=0.00 sys=0.00, real=0.00 secs] 
Heap after GC invocations=396 (full 3):
 par new generation   total 4928K, used 315K [0x00000000f0800000, 0x00000000f0d50000, 0x00000000f5a00000)
  eden space 4416K,   0% used [0x00000000f0800000, 0x00000000f0800000, 0x00000000f0c50000)
  from space 512K,  61% used [0x00000000f0c50000, 0x00000000f0c9ece8, 0x00000000f0cd0000)
  to   space 512K,   0% used [0x00000000f0cd0000, 0x00000000f0cd0000, 0x00000000f0d50000)
 concurrent mark-sweep generation total 22552K, used 15452K [0x00000000f5a00000, 0x00000000f7006000, 0x0000000100000000)
 Metaspace       used 27043K, capacity 27798K, committed 27928K, reserved 1073152K
  class space    used 3364K, capacity 3555K, committed 3608K, reserved 1048576K
}
2019-10-16T14:16:50.605+0000: 10.457: Total time for which application threads were stopped: 0.0028534 seconds, Stopping threads took: 0.0000274 seconds
{Heap before GC invocations=396 (full 3):
 par new generation   total 4928K, used 4731K [0x00000000f0800000, 0x00000000f0d50000, 0x00000000f5a00000)
  eden space 4416K, 100% used [0x00000000f0800000, 0x00000000f0c50000, 0x00000000f0c50000)
  from space 512K,  61% used [0x00000000f0c50000, 0x00000000f0c9ece8, 0x00000000f0cd0000)
  to   space 512K,   0% used [0x00000000f0cd0000, 0x00000000f0cd0000, 0x00000000f0d50000)
 concurrent mark-sweep generation total 22552K, used 15452K [0x00000000f5a00000, 0x00000000f7006000, 0x0000000100000000)
 Metaspace       used 27216K, capacity 27926K, committed 28184K, reserved 1073152K
  class space    used 3380K, capacity 3555K, committed 3608K, reserved 1048576K
2019-10-16T14:16:50.634+0000: 10.486: [GC (Allocation Failure) 2019-10-16T14:16:50.634+0000: 10.486: [ParNew
Desired survivor size 262144 bytes, new threshold 6 (max 6)
- age   1:      47352 bytes,      47352 total
- age   2:      62880 bytes,     110232 total
- age   3:      44216 bytes,     154448 total
- age   4:      69176 bytes,     223624 total
- age   5:      33200 bytes,     256824 total
: 4731K->495K(4928K), 0.0020432 secs] 20183K->15947K(27480K), 0.0020979 secs] [Times: user=0.00 sys=0.00, real=0.00 secs] 
Heap after GC invocations=397 (full 3):
 par new generation   total 4928K, used 495K [0x00000000f0800000, 0x00000000f0d50000, 0x00000000f5a00000)
  eden space 4416K,   0% used [0x00000000f0800000, 0x00000000f0800000, 0x00000000f0c50000)
  from space 512K,  96% used [0x00000000f0cd0000, 0x00000000f0d4bd48, 0x00000000f0d50000)
  to   space 512K,   0% used [0x00000000f0c50000, 0x00000000f0c50000, 0x00000000f0cd0000)
 concurrent mark-sweep generation total 22552K, used 15452K [0x00000000f5a00000, 0x00000000f7006000, 0x0000000100000000)
 Metaspace       used 27216K, capacity 27926K, committed 28184K, reserved 1073152K
  class space    used 3380K, capacity 3555K, committed 3608K, reserved 1048576K
}
2019-10-16T14:16:50.636+0000: 10.488: Total time for which application threads were stopped: 0.0022167 seconds, Stopping threads took: 0.0000267 seconds
{Heap before GC invocations=397 (full 3):
 par new generation   total 4928K, used 4911K [0x00000000f0800000, 0x00000000f0d50000, 0x00000000f5a00000)
  eden space 4416K, 100% used [0x00000000f0800000, 0x00000000f0c50000, 0x00000000f0c50000)
  from space 512K,  96% used [0x00000000f0cd0000, 0x00000000f0d4bd48, 0x00000000f0d50000)
  to   space 512K,   0% used [0x00000000f0c50000, 0x00000000f0c50000, 0x00000000f0cd0000)
 concurrent mark-sweep generation total 22552K, used 15452K [0x00000000f5a00000, 0x00000000f7006000, 0x0000000100000000)
 Metaspace       used 27334K, capacity 28086K, committed 28184K, reserved 1073152K
  class space    used 3393K, capacity 3587K, committed 3608K, reserved 1048576K
2019-10-16T14:16:50.656+0000: 10.508: [GC (Allocation Failure) 2019-10-16T14:16:50.656+0000: 10.508: [ParNew
Desired survivor size 262144 bytes, new threshold 5 (max 6)
- age   1:      52280 bytes,      52280 total
- age   2:      36576 bytes,      88856 total
- age   3:      62768 bytes,     151624 total
- age   4:      44216 bytes,     195840 total
- age   5:      69176 bytes,     265016 total
- age   6:      33200 bytes,     298216 total
: 4911K->311K(4928K), 0.0020063 secs] 20363K->15763K(27480K), 0.0020586 secs] [Times: user=0.00 sys=0.00, real=0.00 secs] 
Heap after GC invocations=398 (full 3):
 par new generation   total 4928K, used 311K [0x00000000f0800000, 0x00000000f0d50000, 0x00000000f5a00000)
  eden space 4416K,   0% used [0x00000000f0800000, 0x00000000f0800000, 0x00000000f0c50000)
  from space 512K,  60% used [0x00000000f0c50000, 0x00000000f0c9dc68, 0x00000000f0cd0000)
  to   space 512K,   0% used [0x00000000f0cd0000, 0x00000000f0cd0000, 0x00000000f0d50000)
 concurrent mark-sweep generation total 22552K, used 15452K [0x00000000f5a00000, 0x00000000f7006000, 0x0000000100000000)
 Metaspace       used 27334K, capacity 28086K, committed 28184K, reserved 1073152K
  class space    used 3393K, capacity 3587K, committed 3608K, reserved 1048576K
}
2019-10-16T14:16:50.658+0000: 10.510: Total time for which application threads were stopped: 0.0021818 seconds, Stopping threads took: 0.0000238 seconds
{Heap before GC invocations=398 (full 3):
 par new generation   total 4928K, used 4724K [0x00000000f0800000, 0x00000000f0d50000, 0x00000000f5a00000)
  eden space 4416K,  99% used [0x00000000f0800000, 0x00000000f0c4f590, 0x00000000f0c50000)
  from space 512K,  60% used [0x00000000f0c50000, 0x00000000f0c9dc68, 0x00000000f0cd0000)
  to   space 512K,   0% used [0x00000000f0cd0000, 0x00000000f0cd0000, 0x00000000f0d50000)
 concurrent mark-sweep generation total 22552K, used 15452K [0x00000000f5a00000, 0x00000000f7006000, 0x0000000100000000)
 Metaspace       used 27437K, capacity 28214K, committed 28440K, reserved 1075200K
  class space    used 3406K, capacity 3587K, committed 3608K, reserved 1048576K
2019-10-16T14:16:50.679+0000: 10.532: [GC (Allocation Failure) 2019-10-16T14:16:50.680+0000: 10.532: [ParNew
Desired survivor size 262144 bytes, new threshold 6 (max 6)
- age   1:      74520 bytes,      74520 total
- age   2:      19328 bytes,      93848 total
- age   3:      36576 bytes,     130424 total
- age   4:      62768 bytes,     193192 total
- age   5:      44216 bytes,     237408 total
: 4724K->257K(4928K), 0.0024869 secs] 20177K->15814K(27480K), 0.0025324 secs] [Times: user=0.00 sys=0.00, real=0.00 secs] 
Heap after GC invocations=399 (full 3):
 par new generation   total 4928K, used 257K [0x00000000f0800000, 0x00000000f0d50000, 0x00000000f5a00000)
  eden space 4416K,   0% used [0x00000000f0800000, 0x00000000f0800000, 0x00000000f0c50000)
  from space 512K,  50% used [0x00000000f0cd0000, 0x00000000f0d10720, 0x00000000f0d50000)
  to   space 512K,   0% used [0x00000000f0c50000, 0x00000000f0c50000, 0x00000000f0cd0000)
 concurrent mark-sweep generation total 22552K, used 15556K [0x00000000f5a00000, 0x00000000f7006000, 0x0000000100000000)
 Metaspace       used 27437K, capacity 28214K, committed 28440K, reserved 1075200K
  class space    used 3406K, capacity 3587K, committed 3608K, reserved 1048576K
}
2019-10-16T14:16:50.682+0000: 10.534: Total time for which application threads were stopped: 0.0026478 seconds, Stopping threads took: 0.0000211 seconds
{Heap before GC invocations=399 (full 3):
 par new generation   total 4928K, used 4673K [0x00000000f0800000, 0x00000000f0d50000, 0x00000000f5a00000)
  eden space 4416K, 100% used [0x00000000f0800000, 0x00000000f0c50000, 0x00000000f0c50000)
  from space 512K,  50% used [0x00000000f0cd0000, 0x00000000f0d10720, 0x00000000f0d50000)
  to   space 512K,   0% used [0x00000000f0c50000, 0x00000000f0c50000, 0x00000000f0cd0000)
 concurrent mark-sweep generation total 22552K, used 15556K [0x00000000f5a00000, 0x00000000f7006000, 0x0000000100000000)
 Metaspace       used 27550K, capacity 28278K, committed 28440K, reserved 1075200K
  class space    used 3421K, capacity 3587K, committed 3608K, reserved 1048576K
2019-10-16T14:16:50.708+0000: 10.561: [GC (Allocation Failure) 2019-10-16T14:16:50.709+0000: 10.561: [ParNew
Desired survivor size 262144 bytes, new threshold 6 (max 6)
- age   1:      36392 bytes,      36392 total
- age   2:      20616 bytes,      57008 total
- age   3:      19216 bytes,      76224 total
- age   4:      36576 bytes,     112800 total
- age   5:      62768 bytes,     175568 total
- age   6:      44216 bytes,     219784 total
: 4673K->238K(4928K), 0.0020109 secs] 20230K->15794K(27480K), 0.0020660 secs] [Times: user=0.00 sys=0.00, real=0.01 secs] 
Heap after GC invocations=400 (full 3):
 par new generation   total 4928K, used 238K [0x00000000f0800000, 0x00000000f0d50000, 0x00000000f5a00000)
  eden space 4416K,   0% used [0x00000000f0800000, 0x00000000f0800000, 0x00000000f0c50000)
  from space 512K,  46% used [0x00000000f0c50000, 0x00000000f0c8ba30, 0x00000000f0cd0000)
  to   space 512K,   0% used [0x00000000f0cd0000, 0x00000000f0cd0000, 0x00000000f0d50000)
 concurrent mark-sweep generation total 22552K, used 15556K [0x00000000f5a00000, 0x00000000f7006000, 0x0000000100000000)
 Metaspace       used 27550K, capacity 28278K, committed 28440K, reserved 1075200K
  class space    used 3421K, capacity 3587K, committed 3608K, reserved 1048576K
}
2019-10-16T14:16:50.711+0000: 10.563: Total time for which application threads were stopped: 0.0022440 seconds, Stopping threads took: 0.0000219 seconds
{Heap before GC invocations=400 (full 3):
 par new generation   total 4928K, used 4654K [0x00000000f0800000, 0x00000000f0d50000, 0x00000000f5a00000)
  eden space 4416K, 100% used [0x00000000f0800000, 0x00000000f0c50000, 0x00000000f0c50000)
  from space 512K,  46% used [0x00000000f0c50000, 0x00000000f0c8ba30, 0x00000000f0cd0000)
  to   space 512K,   0% used [0x00000000f0cd0000, 0x00000000f0cd0000, 0x00000000f0d50000)
 concurrent mark-sweep generation total 22552K, used 15556K [0x00000000f5a00000, 0x00000000f7006000, 0x0000000100000000)
 Metaspace       used 27657K, capacity 28438K, committed 28568K, reserved 1075200K
  class space    used 3436K, capacity 3619K, committed 3736K, reserved 1048576K
2019-10-16T14:16:50.723+0000: 10.575: [GC (Allocation Failure) 2019-10-16T14:16:50.723+0000: 10.575: [ParNew
Desired survivor size 262144 bytes, new threshold 6 (max 6)
- age   1:      37880 bytes,      37880 total
- age   2:      20464 bytes,      58344 total
- age   3:      20504 bytes,      78848 total
- age   4:      19216 bytes,      98064 total
- age   5:      36576 bytes,     134640 total
- age   6:      62768 bytes,     197408 total
: 4654K->220K(4928K), 0.0019029 secs] 20210K->15822K(27480K), 0.0019516 secs] [Times: user=0.00 sys=0.00, real=0.00 secs] 
Heap after GC invocations=401 (full 3):
 par new generation   total 4928K, used 220K [0x00000000f0800000, 0x00000000f0d50000, 0x00000000f5a00000)
  eden space 4416K,   0% used [0x00000000f0800000, 0x00000000f0800000, 0x00000000f0c50000)
  from space 512K,  43% used [0x00000000f0cd0000, 0x00000000f0d073e0, 0x00000000f0d50000)
  to   space 512K,   0% used [0x00000000f0c50000, 0x00000000f0c50000, 0x00000000f0cd0000)
 concurrent mark-sweep generation total 22552K, used 15601K [0x00000000f5a00000, 0x00000000f7006000, 0x0000000100000000)
 Metaspace       used 27657K, capacity 28438K, committed 28568K, reserved 1075200K
  class space    used 3436K, capacity 3619K, committed 3736K, reserved 1048576K
}
2019-10-16T14:16:50.725+0000: 10.577: Total time for which application threads were stopped: 0.0020503 seconds, Stopping threads took: 0.0000205 seconds
{Heap before GC invocations=401 (full 3):
 par new generation   total 4928K, used 4636K [0x00000000f0800000, 0x00000000f0d50000, 0x00000000f5a00000)
  eden space 4416K, 100% used [0x00000000f0800000, 0x00000000f0c50000, 0x00000000f0c50000)
  from space 512K,  43% used [0x00000000f0cd0000, 0x00000000f0d073e0, 0x00000000f0d50000)
  to   space 512K,   0% used [0x00000000f0c50000, 0x00000000f0c50000, 0x00000000f0cd0000)
 concurrent mark-sweep generation total 22552K, used 15601K [0x00000000f5a00000, 0x00000000f7006000, 0x0000000100000000)
 Metaspace       used 27684K, capacity 28438K, committed 28568K, reserved 1075200K
  class space    used 3441K, capacity 3619K, committed 3736K, reserved 1048576K
2019-10-16T14:16:50.735+0000: 10.587: [GC (Allocation Failure) 2019-10-16T14:16:50.735+0000: 10.587: [ParNew
Desired survivor size 262144 bytes, new threshold 6 (max 6)
- age   1:      13168 bytes,      13168 total
- age   2:      31056 bytes,      44224 total
- age   3:      20464 bytes,      64688 total
- age   4:      20504 bytes,      85192 total
- age   5:      19216 bytes,     104408 total
- age   6:      36576 bytes,     140984 total
: 4636K->197K(4928K), 0.0019769 secs] 20238K->15863K(27480K), 0.0020327 secs] [Times: user=0.01 sys=0.00, real=0.00 secs] 
Heap after GC invocations=402 (full 3):
 par new generation   total 4928K, used 197K [0x00000000f0800000, 0x00000000f0d50000, 0x00000000f5a00000)
  eden space 4416K,   0% used [0x00000000f0800000, 0x00000000f0800000, 0x00000000f0c50000)
  from space 512K,  38% used [0x00000000f0c50000, 0x00000000f0c815c8, 0x00000000f0cd0000)
  to   space 512K,   0% used [0x00000000f0cd0000, 0x00000000f0cd0000, 0x00000000f0d50000)
 concurrent mark-sweep generation total 22552K, used 15665K [0x00000000f5a00000, 0x00000000f7006000, 0x0000000100000000)
 Metaspace       used 27684K, capacity 28438K, committed 28568K, reserved 1075200K
  class space    used 3441K, capacity 3619K, committed 3736K, reserved 1048576K
}
2019-10-16T14:16:50.737+0000: 10.589: Total time for which application threads were stopped: 0.0021395 seconds, Stopping threads took: 0.0000215 seconds
{Heap before GC invocations=402 (full 3):
 par new generation   total 4928K, used 4613K [0x00000000f0800000, 0x00000000f0d50000, 0x00000000f5a00000)
  eden space 4416K, 100% used [0x00000000f0800000, 0x00000000f0c50000, 0x00000000f0c50000)
  from space 512K,  38% used [0x00000000f0c50000, 0x00000000f0c815c8, 0x00000000f0cd0000)
  to   space 512K,   0% used [0x00000000f0cd0000, 0x00000000f0cd0000, 0x00000000f0d50000)
 concurrent mark-sweep generation total 22552K, used 15665K [0x00000000f5a00000, 0x00000000f7006000, 0x0000000100000000)
 Metaspace       used 27716K, capacity 28438K, committed 28568K, reserved 1075200K
  class space    used 3445K, capacity 3619K, committed 3736K, reserved 1048576K
2019-10-16T14:16:50.745+0000: 10.597: [GC (Allocation Failure) 2019-10-16T14:16:50.745+0000: 10.597: [ParNew
Desired survivor size 262144 bytes, new threshold 6 (max 6)
- age   1:      11712 bytes,      11712 total
- age   2:       9104 bytes,      20816 total
- age   3:      31056 bytes,      51872 total
- age   4:      20464 bytes,      72336 total
- age   5:      20504 bytes,      92840 total
- age   6:      19216 bytes,     112056 total
: 4613K->152K(4928K), 0.0017225 secs] 20279K->15855K(27480K), 0.0017719 secs] [Times: user=0.00 sys=0.00, real=0.00 secs] 
Heap after GC invocations=403 (full 3):
 par new generation   total 4928K, used 152K [0x00000000f0800000, 0x00000000f0d50000, 0x00000000f5a00000)
  eden space 4416K,   0% used [0x00000000f0800000, 0x00000000f0800000, 0x00000000f0c50000)
  from space 512K,  29% used [0x00000000f0cd0000, 0x00000000f0cf6168, 0x00000000f0d50000)
  to   space 512K,   0% used [0x00000000f0c50000, 0x00000000f0c50000, 0x00000000f0cd0000)
 concurrent mark-sweep generation total 22552K, used 15703K [0x00000000f5a00000, 0x00000000f7006000, 0x0000000100000000)
 Metaspace       used 27716K, capacity 28438K, committed 28568K, reserved 1075200K
  class space    used 3445K, capacity 3619K, committed 3736K, reserved 1048576K
}
2019-10-16T14:16:50.747+0000: 10.599: Total time for which application threads were stopped: 0.0018724 seconds, Stopping threads took: 0.0000199 seconds
{Heap before GC invocations=403 (full 3):
 par new generation   total 4928K, used 4568K [0x00000000f0800000, 0x00000000f0d50000, 0x00000000f5a00000)
  eden space 4416K, 100% used [0x00000000f0800000, 0x00000000f0c50000, 0x00000000f0c50000)
  from space 512K,  29% used [0x00000000f0cd0000, 0x00000000f0cf6168, 0x00000000f0d50000)
  to   space 512K,   0% used [0x00000000f0c50000, 0x00000000f0c50000, 0x00000000f0cd0000)
 concurrent mark-sweep generation total 22552K, used 15703K [0x00000000f5a00000, 0x00000000f7006000, 0x0000000100000000)
 Metaspace       used 27746K, capacity 28502K, committed 28824K, reserved 1075200K
  class space    used 3449K, capacity 3619K, committed 3736K, reserved 1048576K
2019-10-16T14:16:50.762+0000: 10.614: [GC (Allocation Failure) 2019-10-16T14:16:50.762+0000: 10.614: [ParNew
Desired survivor size 262144 bytes, new threshold 6 (max 6)
- age   1:      14792 bytes,      14792 total
- age   2:       9136 bytes,      23928 total
- age   3:       9104 bytes,      33032 total
- age   4:      31056 bytes,      64088 total
- age   5:      20464 bytes,      84552 total
- age   6:      20504 bytes,     105056 total
: 4568K->120K(4928K), 0.0015559 secs] 20271K->15843K(27480K), 0.0016067 secs] [Times: user=0.01 sys=0.00, real=0.00 secs] 
Heap after GC invocations=404 (full 3):
 par new generation   total 4928K, used 120K [0x00000000f0800000, 0x00000000f0d50000, 0x00000000f5a00000)
  eden space 4416K,   0% used [0x00000000f0800000, 0x00000000f0800000, 0x00000000f0c50000)
  from space 512K,  23% used [0x00000000f0c50000, 0x00000000f0c6e0b0, 0x00000000f0cd0000)
  to   space 512K,   0% used [0x00000000f0cd0000, 0x00000000f0cd0000, 0x00000000f0d50000)
 concurrent mark-sweep generation total 22552K, used 15723K [0x00000000f5a00000, 0x00000000f7006000, 0x0000000100000000)
 Metaspace       used 27746K, capacity 28502K, committed 28824K, reserved 1075200K
  class space    used 3449K, capacity 3619K, committed 3736K, reserved 1048576K
}
2019-10-16T14:16:50.764+0000: 10.616: Total time for which application threads were stopped: 0.0017170 seconds, Stopping threads took: 0.0000242 seconds
{Heap before GC invocations=404 (full 3):
 par new generation   total 4928K, used 4536K [0x00000000f0800000, 0x00000000f0d50000, 0x00000000f5a00000)
  eden space 4416K, 100% used [0x00000000f0800000, 0x00000000f0c50000, 0x00000000f0c50000)
  from space 512K,  23% used [0x00000000f0c50000, 0x00000000f0c6e0b0, 0x00000000f0cd0000)
  to   space 512K,   0% used [0x00000000f0cd0000, 0x00000000f0cd0000, 0x00000000f0d50000)
 concurrent mark-sweep generation total 22552K, used 15723K [0x00000000f5a00000, 0x00000000f7006000, 0x0000000100000000)
 Metaspace       used 27764K, capacity 28502K, committed 28824K, reserved 1075200K
  class space    used 3454K, capacity 3619K, committed 3736K, reserved 1048576K
2019-10-16T14:16:50.775+0000: 10.627: [GC (Allocation Failure) 2019-10-16T14:16:50.775+0000: 10.627: [ParNew
Desired survivor size 262144 bytes, new threshold 6 (max 6)
- age   1:      14568 bytes,      14568 total
- age   2:      12088 bytes,      26656 total
- age   3:       9136 bytes,      35792 total
- age   4:       9104 bytes,      44896 total
- age   5:      31056 bytes,      75952 total
- age   6:      20464 bytes,      96416 total
: 4536K->107K(4928K), 0.0013323 secs] 20259K->15851K(27480K), 0.0013738 secs] [Times: user=0.00 sys=0.00, real=0.00 secs] 
Heap after GC invocations=405 (full 3):
 par new generation   total 4928K, used 107K [0x00000000f0800000, 0x00000000f0d50000, 0x00000000f5a00000)
  eden space 4416K,   0% used [0x00000000f0800000, 0x00000000f0800000, 0x00000000f0c50000)
  from space 512K,  20% used [0x00000000f0cd0000, 0x00000000f0ceac00, 0x00000000f0d50000)
  to   space 512K,   0% used [0x00000000f0c50000, 0x00000000f0c50000, 0x00000000f0cd0000)
 concurrent mark-sweep generation total 22552K, used 15744K [0x00000000f5a00000, 0x00000000f7006000, 0x0000000100000000)
 Metaspace       used 27764K, capacity 28502K, committed 28824K, reserved 1075200K
  class space    used 3454K, capacity 3619K, committed 3736K, reserved 1048576K
}
2019-10-16T14:16:50.777+0000: 10.629: Total time for which application threads were stopped: 0.0014792 seconds, Stopping threads took: 0.0000190 seconds
{Heap before GC invocations=405 (full 3):
 par new generation   total 4928K, used 4523K [0x00000000f0800000, 0x00000000f0d50000, 0x00000000f5a00000)
  eden space 4416K, 100% used [0x00000000f0800000, 0x00000000f0c50000, 0x00000000f0c50000)
  from space 512K,  20% used [0x00000000f0cd0000, 0x00000000f0ceac00, 0x00000000f0d50000)
  to   space 512K,   0% used [0x00000000f0c50000, 0x00000000f0c50000, 0x00000000f0cd0000)
 concurrent mark-sweep generation total 22552K, used 15744K [0x00000000f5a00000, 0x00000000f7006000, 0x0000000100000000)
 Metaspace       used 27801K, capacity 28534K, committed 28824K, reserved 1075200K
  class space    used 3459K, capacity 3651K, committed 3736K, reserved 1048576K
2019-10-16T14:16:50.790+0000: 10.642: [GC (Allocation Failure) 2019-10-16T14:16:50.790+0000: 10.642: [ParNew
Desired survivor size 262144 bytes, new threshold 6 (max 6)
- age   1:      15760 bytes,      15760 total
- age   2:      12320 bytes,      28080 total
- age   3:      11640 bytes,      39720 total
- age   4:       7376 bytes,      47096 total
- age   5:       9104 bytes,      56200 total
- age   6:      31056 bytes,      87256 total
: 4523K->97K(4928K), 0.0012540 secs] 20267K->15862K(27480K), 0.0012901 secs] [Times: user=0.00 sys=0.00, real=0.01 secs] 
Heap after GC invocations=406 (full 3):
 par new generation   total 4928K, used 97K [0x00000000f0800000, 0x00000000f0d50000, 0x00000000f5a00000)
  eden space 4416K,   0% used [0x00000000f0800000, 0x00000000f0800000, 0x00000000f0c50000)
  from space 512K,  19% used [0x00000000f0c50000, 0x00000000f0c68580, 0x00000000f0cd0000)
  to   space 512K,   0% used [0x00000000f0cd0000, 0x00000000f0cd0000, 0x00000000f0d50000)
 concurrent mark-sweep generation total 22552K, used 15765K [0x00000000f5a00000, 0x00000000f7006000, 0x0000000100000000)
 Metaspace       used 27801K, capacity 28534K, committed 28824K, reserved 1075200K
  class space    used 3459K, capacity 3651K, committed 3736K, reserved 1048576K
}
2019-10-16T14:16:50.791+0000: 10.643: Total time for which application threads were stopped: 0.0013889 seconds, Stopping threads took: 0.0000201 seconds
{Heap before GC invocations=406 (full 3):
 par new generation   total 4928K, used 4513K [0x00000000f0800000, 0x00000000f0d50000, 0x00000000f5a00000)
  eden space 4416K, 100% used [0x00000000f0800000, 0x00000000f0c50000, 0x00000000f0c50000)
  from space 512K,  19% used [0x00000000f0c50000, 0x00000000f0c68580, 0x00000000f0cd0000)
  to   space 512K,   0% used [0x00000000f0cd0000, 0x00000000f0cd0000, 0x00000000f0d50000)
 concurrent mark-sweep generation total 22552K, used 15765K [0x00000000f5a00000, 0x00000000f7006000, 0x0000000100000000)
 Metaspace       used 27835K, capacity 28598K, committed 28824K, reserved 1075200K
  class space    used 3464K, capacity 3651K, committed 3736K, reserved 1048576K
2019-10-16T14:16:50.806+0000: 10.658: [GC (Allocation Failure) 2019-10-16T14:16:50.806+0000: 10.658: [ParNew
Desired survivor size 262144 bytes, new threshold 6 (max 6)
- age   1:      15848 bytes,      15848 total
- age   2:      13456 bytes,      29304 total
- age   3:      12320 bytes,      41624 total
- age   4:       8024 bytes,      49648 total
- age   5:       7376 bytes,      57024 total
- age   6:       9104 bytes,      66128 total
: 4513K->88K(4928K), 0.0013942 secs] 20278K->15885K(27480K), 0.0014322 secs] [Times: user=0.00 sys=0.00, real=0.00 secs] 
Heap after GC invocations=407 (full 3):
 par new generation   total 4928K, used 88K [0x00000000f0800000, 0x00000000f0d50000, 0x00000000f5a00000)
  eden space 4416K,   0% used [0x00000000f0800000, 0x00000000f0800000, 0x00000000f0c50000)
  from space 512K,  17% used [0x00000000f0cd0000, 0x00000000f0ce6198, 0x00000000f0d50000)
  to   space 512K,   0% used [0x00000000f0c50000, 0x00000000f0c50000, 0x00000000f0cd0000)
 concurrent mark-sweep generation total 22552K, used 15796K [0x00000000f5a00000, 0x00000000f7006000, 0x0000000100000000)
 Metaspace       used 27835K, capacity 28598K, committed 28824K, reserved 1075200K
  class space    used 3464K, capacity 3651K, committed 3736K, reserved 1048576K
}
2019-10-16T14:16:50.808+0000: 10.660: Total time for which application threads were stopped: 0.0015343 seconds, Stopping threads took: 0.0000223 seconds
{Heap before GC invocations=407 (full 3):
 par new generation   total 4928K, used 4504K [0x00000000f0800000, 0x00000000f0d50000, 0x00000000f5a00000)
  eden space 4416K, 100% used [0x00000000f0800000, 0x00000000f0c50000, 0x00000000f0c50000)
  from space 512K,  17% used [0x00000000f0cd0000, 0x00000000f0ce6198, 0x00000000f0d50000)
  to   space 512K,   0% used [0x00000000f0c50000, 0x00000000f0c50000, 0x00000000f0cd0000)
 concurrent mark-sweep generation total 22552K, used 15796K [0x00000000f5a00000, 0x00000000f7006000, 0x0000000100000000)
 Metaspace       used 27854K, capacity 28598K, committed 28824K, reserved 1075200K
  class space    used 3468K, capacity 3651K, committed 3736K, reserved 1048576K
2019-10-16T14:16:50.821+0000: 10.673: [GC (Allocation Failure) 2019-10-16T14:16:50.821+0000: 10.673: [ParNew
Desired survivor size 262144 bytes, new threshold 6 (max 6)
- age   1:      18536 bytes,      18536 total
- age   2:      13336 bytes,      31872 total
- age   3:      13456 bytes,      45328 total
- age   4:       9304 bytes,      54632 total
- age   5:       8024 bytes,      62656 total
- age   6:       7376 bytes,      70032 total
: 4504K->70K(4928K), 0.0013447 secs] 20301K->15876K(27480K), 0.0013842 secs] [Times: user=0.00 sys=0.00, real=0.01 secs] 
Heap after GC invocations=408 (full 3):
 par new generation   total 4928K, used 70K [0x00000000f0800000, 0x00000000f0d50000, 0x00000000f5a00000)
  eden space 4416K,   0% used [0x00000000f0800000, 0x00000000f0800000, 0x00000000f0c50000)
  from space 512K,  13% used [0x00000000f0c50000, 0x00000000f0c61a28, 0x00000000f0cd0000)
  to   space 512K,   0% used [0x00000000f0cd0000, 0x00000000f0cd0000, 0x00000000f0d50000)
 concurrent mark-sweep generation total 22552K, used 15806K [0x00000000f5a00000, 0x00000000f7006000, 0x0000000100000000)
 Metaspace       used 27854K, capacity 28598K, committed 28824K, reserved 1075200K
  class space    used 3468K, capacity 3651K, committed 3736K, reserved 1048576K
}
2019-10-16T14:16:50.822+0000: 10.674: Total time for which application threads were stopped: 0.0014903 seconds, Stopping threads took: 0.0000241 seconds
{Heap before GC invocations=408 (full 3):
 par new generation   total 4928K, used 4486K [0x00000000f0800000, 0x00000000f0d50000, 0x00000000f5a00000)
  eden space 4416K, 100% used [0x00000000f0800000, 0x00000000f0c50000, 0x00000000f0c50000)
  from space 512K,  13% used [0x00000000f0c50000, 0x00000000f0c61a28, 0x00000000f0cd0000)
  to   space 512K,   0% used [0x00000000f0cd0000, 0x00000000f0cd0000, 0x00000000f0d50000)
 concurrent mark-sweep generation total 22552K, used 15806K [0x00000000f5a00000, 0x00000000f7006000, 0x0000000100000000)
 Metaspace       used 27882K, capacity 28598K, committed 28824K, reserved 1075200K
  class space    used 3472K, capacity 3651K, committed 3736K, reserved 1048576K
2019-10-16T14:16:50.833+0000: 10.685: [GC (Allocation Failure) 2019-10-16T14:16:50.833+0000: 10.685: [ParNew
Desired survivor size 262144 bytes, new threshold 6 (max 6)
- age   1:      12808 bytes,      12808 total
- age   2:      11904 bytes,      24712 total
- age   3:      13336 bytes,      38048 total
- age   4:      13456 bytes,      51504 total
- age   5:       9304 bytes,      60808 total
- age   6:       8024 bytes,      68832 total
: 4486K->68K(4928K), 0.0014994 secs] 20292K->15882K(27480K), 0.0015500 secs] [Times: user=0.00 sys=0.00, real=0.00 secs] 
Heap after GC invocations=409 (full 3):
 par new generation   total 4928K, used 68K [0x00000000f0800000, 0x00000000f0d50000, 0x00000000f5a00000)
  eden space 4416K,   0% used [0x00000000f0800000, 0x00000000f0800000, 0x00000000f0c50000)
  from space 512K,  13% used [0x00000000f0cd0000, 0x00000000f0ce1330, 0x00000000f0d50000)
  to   space 512K,   0% used [0x00000000f0c50000, 0x00000000f0c50000, 0x00000000f0cd0000)
 concurrent mark-sweep generation total 22552K, used 15814K [0x00000000f5a00000, 0x00000000f7006000, 0x0000000100000000)
 Metaspace       used 27882K, capacity 28598K, committed 28824K, reserved 1075200K
  class space    used 3472K, capacity 3651K, committed 3736K, reserved 1048576K
}
2019-10-16T14:16:50.834+0000: 10.686: Total time for which application threads were stopped: 0.0016543 seconds, Stopping threads took: 0.0000207 seconds
{Heap before GC invocations=409 (full 3):
 par new generation   total 4928K, used 4484K [0x00000000f0800000, 0x00000000f0d50000, 0x00000000f5a00000)
  eden space 4416K, 100% used [0x00000000f0800000, 0x00000000f0c50000, 0x00000000f0c50000)
  from space 512K,  13% used [0x00000000f0cd0000, 0x00000000f0ce1330, 0x00000000f0d50000)
  to   space 512K,   0% used [0x00000000f0c50000, 0x00000000f0c50000, 0x00000000f0cd0000)
 concurrent mark-sweep generation total 22552K, used 15814K [0x00000000f5a00000, 0x00000000f7006000, 0x0000000100000000)
 Metaspace       used 27914K, capacity 28662K, committed 28824K, reserved 1075200K
  class space    used 3476K, capacity 3651K, committed 3736K, reserved 1048576K
2019-10-16T14:16:50.850+0000: 10.702: [GC (Allocation Failure) 2019-10-16T14:16:50.850+0000: 10.702: [ParNew
Desired survivor size 262144 bytes, new threshold 6 (max 6)
- age   1:      14448 bytes,      14448 total
- age   2:      10256 bytes,      24704 total
- age   3:      11904 bytes,      36608 total
- age   4:      13336 bytes,      49944 total
- age   5:      13456 bytes,      63400 total
- age   6:       9304 bytes,      72704 total
: 4484K->134K(4928K), 0.0012582 secs] 20298K->15956K(27480K), 0.0012949 secs] [Times: user=0.00 sys=0.00, real=0.00 secs] 
Heap after GC invocations=410 (full 3):
 par new generation   total 4928K, used 134K [0x00000000f0800000, 0x00000000f0d50000, 0x00000000f5a00000)
  eden space 4416K,   0% used [0x00000000f0800000, 0x00000000f0800000, 0x00000000f0c50000)
  from space 512K,  26% used [0x00000000f0c50000, 0x00000000f0c71880, 0x00000000f0cd0000)
  to   space 512K,   0% used [0x00000000f0cd0000, 0x00000000f0cd0000, 0x00000000f0d50000)
 concurrent mark-sweep generation total 22552K, used 15822K [0x00000000f5a00000, 0x00000000f7006000, 0x0000000100000000)
 Metaspace       used 27914K, capacity 28662K, committed 28824K, reserved 1075200K
  class space    used 3476K, capacity 3651K, committed 3736K, reserved 1048576K
}
2019-10-16T14:16:50.852+0000: 10.704: Total time for which application threads were stopped: 0.0014100 seconds, Stopping threads took: 0.0000335 seconds
{Heap before GC invocations=410 (full 3):
 par new generation   total 4928K, used 4550K [0x00000000f0800000, 0x00000000f0d50000, 0x00000000f5a00000)
  eden space 4416K, 100% used [0x00000000f0800000, 0x00000000f0c50000, 0x00000000f0c50000)
  from space 512K,  26% used [0x00000000f0c50000, 0x00000000f0c71880, 0x00000000f0cd0000)
  to   space 512K,   0% used [0x00000000f0cd0000, 0x00000000f0cd0000, 0x00000000f0d50000)
 concurrent mark-sweep generation total 22552K, used 15822K [0x00000000f5a00000, 0x00000000f7006000, 0x0000000100000000)
 Metaspace       used 27938K, capacity 28662K, committed 28824K, reserved 1075200K
  class space    used 3482K, capacity 3651K, committed 3736K, reserved 1048576K
2019-10-16T14:16:50.860+0000: 10.712: [GC (Allocation Failure) 2019-10-16T14:16:50.860+0000: 10.712: [ParNew
Desired survivor size 262144 bytes, new threshold 6 (max 6)
- age   1:      16216 bytes,      16216 total
- age   2:       9104 bytes,      25320 total
- age   3:      10256 bytes,      35576 total
- age   4:      11904 bytes,      47480 total
- age   5:      13336 bytes,      60816 total
- age   6:      13456 bytes,      74272 total
: 4550K->86K(4928K), 0.0010901 secs] 20372K->15918K(27480K), 0.0011428 secs] [Times: user=0.00 sys=0.00, real=0.00 secs] 
Heap after GC invocations=411 (full 3):
 par new generation   total 4928K, used 86K [0x00000000f0800000, 0x00000000f0d50000, 0x00000000f5a00000)
  eden space 4416K,   0% used [0x00000000f0800000, 0x00000000f0800000, 0x00000000f0c50000)
  from space 512K,  16% used [0x00000000f0cd0000, 0x00000000f0ce5b20, 0x00000000f0d50000)
  to   space 512K,   0% used [0x00000000f0c50000, 0x00000000f0c50000, 0x00000000f0cd0000)
 concurrent mark-sweep generation total 22552K, used 15831K [0x00000000f5a00000, 0x00000000f7006000, 0x0000000100000000)
 Metaspace       used 27938K, capacity 28662K, committed 28824K, reserved 1075200K
  class space    used 3482K, capacity 3651K, committed 3736K, reserved 1048576K
}
2019-10-16T14:16:50.861+0000: 10.713: Total time for which application threads were stopped: 0.0012339 seconds, Stopping threads took: 0.0000179 seconds
{Heap before GC invocations=411 (full 3):
 par new generation   total 4928K, used 4502K [0x00000000f0800000, 0x00000000f0d50000, 0x00000000f5a00000)
  eden space 4416K, 100% used [0x00000000f0800000, 0x00000000f0c50000, 0x00000000f0c50000)
  from space 512K,  16% used [0x00000000f0cd0000, 0x00000000f0ce5b20, 0x00000000f0d50000)
  to   space 512K,   0% used [0x00000000f0c50000, 0x00000000f0c50000, 0x00000000f0cd0000)
 concurrent mark-sweep generation total 22552K, used 15831K [0x00000000f5a00000, 0x00000000f7006000, 0x0000000100000000)
 Metaspace       used 27971K, capacity 28726K, committed 28824K, reserved 1075200K
  class space    used 3486K, capacity 3651K, committed 3736K, reserved 1048576K
2019-10-16T14:16:50.875+0000: 10.727: [GC (Allocation Failure) 2019-10-16T14:16:50.875+0000: 10.727: [ParNew
Desired survivor size 262144 bytes, new threshold 6 (max 6)
- age   1:      15968 bytes,      15968 total
- age   2:      13136 bytes,      29104 total
- age   3:       9104 bytes,      38208 total
- age   4:      10256 bytes,      48464 total
- age   5:      11904 bytes,      60368 total
- age   6:      13336 bytes,      73704 total
: 4502K->129K(4928K), 0.0011190 secs] 20334K->15975K(27480K), 0.0011527 secs] [Times: user=0.01 sys=0.00, real=0.00 secs] 
Heap after GC invocations=412 (full 3):
 par new generation   total 4928K, used 129K [0x00000000f0800000, 0x00000000f0d50000, 0x00000000f5a00000)
  eden space 4416K,   0% used [0x00000000f0800000, 0x00000000f0800000, 0x00000000f0c50000)
  from space 512K,  25% used [0x00000000f0c50000, 0x00000000f0c706b0, 0x00000000f0cd0000)
  to   space 512K,   0% used [0x00000000f0cd0000, 0x00000000f0cd0000, 0x00000000f0d50000)
 concurrent mark-sweep generation total 22552K, used 15845K [0x00000000f5a00000, 0x00000000f7006000, 0x0000000100000000)
 Metaspace       used 27971K, capacity 28726K, committed 28824K, reserved 1075200K
  class space    used 3486K, capacity 3651K, committed 3736K, reserved 1048576K
}
2019-10-16T14:16:50.876+0000: 10.728: Total time for which application threads were stopped: 0.0012451 seconds, Stopping threads took: 0.0000180 seconds
{Heap before GC invocations=412 (full 3):
 par new generation   total 4928K, used 4545K [0x00000000f0800000, 0x00000000f0d50000, 0x00000000f5a00000)
  eden space 4416K, 100% used [0x00000000f0800000, 0x00000000f0c50000, 0x00000000f0c50000)
  from space 512K,  25% used [0x00000000f0c50000, 0x00000000f0c706b0, 0x00000000f0cd0000)
  to   space 512K,   0% used [0x00000000f0cd0000, 0x00000000f0cd0000, 0x00000000f0d50000)
 concurrent mark-sweep generation total 22552K, used 15845K [0x00000000f5a00000, 0x00000000f7006000, 0x0000000100000000)
 Metaspace       used 28008K, capacity 28758K, committed 28824K, reserved 1075200K
  class space    used 3490K, capacity 3683K, committed 3736K, reserved 1048576K
2019-10-16T14:16:50.891+0000: 10.743: [GC (Allocation Failure) 2019-10-16T14:16:50.891+0000: 10.743: [ParNew
Desired survivor size 262144 bytes, new threshold 6 (max 6)
- age   1:      30584 bytes,      30584 total
- age   2:      13672 bytes,      44256 total
- age   3:      12736 bytes,      56992 total
- age   4:       7848 bytes,      64840 total
- age   5:      10256 bytes,      75096 total
- age   6:      11904 bytes,      87000 total
: 4545K->86K(4928K), 0.0011962 secs] 20391K->15945K(27480K), 0.0012384 secs] [Times: user=0.00 sys=0.00, real=0.00 secs] 
Heap after GC invocations=413 (full 3):
 par new generation   total 4928K, used 86K [0x00000000f0800000, 0x00000000f0d50000, 0x00000000f5a00000)
  eden space 4416K,   0% used [0x00000000f0800000, 0x00000000f0800000, 0x00000000f0c50000)
  from space 512K,  16% used [0x00000000f0cd0000, 0x00000000f0ce5b50, 0x00000000f0d50000)
  to   space 512K,   0% used [0x00000000f0c50000, 0x00000000f0c50000, 0x00000000f0cd0000)
 concurrent mark-sweep generation total 22552K, used 15859K [0x00000000f5a00000, 0x00000000f7006000, 0x0000000100000000)
 Metaspace       used 28008K, capacity 28758K, committed 28824K, reserved 1075200K
  class space    used 3490K, capacity 3683K, committed 3736K, reserved 1048576K
}
2019-10-16T14:16:50.892+0000: 10.744: Total time for which application threads were stopped: 0.0013348 seconds, Stopping threads took: 0.0000182 seconds
{Heap before GC invocations=413 (full 3):
 par new generation   total 4928K, used 4502K [0x00000000f0800000, 0x00000000f0d50000, 0x00000000f5a00000)
  eden space 4416K, 100% used [0x00000000f0800000, 0x00000000f0c50000, 0x00000000f0c50000)
  from space 512K,  16% used [0x00000000f0cd0000, 0x00000000f0ce5b50, 0x00000000f0d50000)
  to   space 512K,   0% used [0x00000000f0c50000, 0x00000000f0c50000, 0x00000000f0cd0000)
 concurrent mark-sweep generation total 22552K, used 15859K [0x00000000f5a00000, 0x00000000f7006000, 0x0000000100000000)
 Metaspace       used 28041K, capacity 28828K, committed 29080K, reserved 1075200K
  class space    used 3495K, capacity 3684K, committed 3736K, reserved 1048576K
2019-10-16T14:16:50.928+0000: 10.780: [GC (Allocation Failure) 2019-10-16T14:16:50.928+0000: 10.780: [ParNew
Desired survivor size 262144 bytes, new threshold 6 (max 6)
- age   1:      85416 bytes,      85416 total
- age   2:      13672 bytes,      99088 total
- age   3:      13672 bytes,     112760 total
- age   4:      12736 bytes,     125496 total
- age   5:       7848 bytes,     133344 total
- age   6:      10256 bytes,     143600 total
: 4502K->148K(4928K), 0.0017453 secs] 20361K->16019K(27480K), 0.0017934 secs] [Times: user=0.00 sys=0.00, real=0.00 secs] 
Heap after GC invocations=414 (full 3):
 par new generation   total 4928K, used 148K [0x00000000f0800000, 0x00000000f0d50000, 0x00000000f5a00000)
  eden space 4416K,   0% used [0x00000000f0800000, 0x00000000f0800000, 0x00000000f0c50000)
  from space 512K,  28% used [0x00000000f0c50000, 0x00000000f0c75168, 0x00000000f0cd0000)
  to   space 512K,   0% used [0x00000000f0cd0000, 0x00000000f0cd0000, 0x00000000f0d50000)
 concurrent mark-sweep generation total 22552K, used 15871K [0x00000000f5a00000, 0x00000000f7006000, 0x0000000100000000)
 Metaspace       used 28041K, capacity 28828K, committed 29080K, reserved 1075200K
  class space    used 3495K, capacity 3684K, committed 3736K, reserved 1048576K
}
2019-10-16T14:16:50.930+0000: 10.782: Total time for which application threads were stopped: 0.0019219 seconds, Stopping threads took: 0.0000233 seconds
{Heap before GC invocations=414 (full 3):
 par new generation   total 4928K, used 4564K [0x00000000f0800000, 0x00000000f0d50000, 0x00000000f5a00000)
  eden space 4416K, 100% used [0x00000000f0800000, 0x00000000f0c50000, 0x00000000f0c50000)
  from space 512K,  28% used [0x00000000f0c50000, 0x00000000f0c75168, 0x00000000f0cd0000)
  to   space 512K,   0% used [0x00000000f0cd0000, 0x00000000f0cd0000, 0x00000000f0d50000)
 concurrent mark-sweep generation total 22552K, used 15871K [0x00000000f5a00000, 0x00000000f7006000, 0x0000000100000000)
 Metaspace       used 28063K, capacity 28828K, committed 29080K, reserved 1075200K
  class space    used 3501K, capacity 3684K, committed 3736K, reserved 1048576K
2019-10-16T14:16:50.942+0000: 10.794: [GC (Allocation Failure) 2019-10-16T14:16:50.942+0000: 10.794: [ParNew
Desired survivor size 262144 bytes, new threshold 6 (max 6)
- age   1:      47216 bytes,      47216 total
- age   2:      81216 bytes,     128432 total
- age   3:      13672 bytes,     142104 total
- age   4:      13672 bytes,     155776 total
- age   5:      12736 bytes,     168512 total
- age   6:       7848 bytes,     176360 total
: 4564K->245K(4928K), 0.0018815 secs] 20435K->16127K(27480K), 0.0019337 secs] [Times: user=0.01 sys=0.00, real=0.00 secs] 
Heap after GC invocations=415 (full 3):
 par new generation   total 4928K, used 245K [0x00000000f0800000, 0x00000000f0d50000, 0x00000000f5a00000)
  eden space 4416K,   0% used [0x00000000f0800000, 0x00000000f0800000, 0x00000000f0c50000)
  from space 512K,  48% used [0x00000000f0cd0000, 0x00000000f0d0d7e0, 0x00000000f0d50000)
  to   space 512K,   0% used [0x00000000f0c50000, 0x00000000f0c50000, 0x00000000f0cd0000)
 concurrent mark-sweep generation total 22552K, used 15881K [0x00000000f5a00000, 0x00000000f7006000, 0x0000000100000000)
 Metaspace       used 28063K, capacity 28828K, committed 29080K, reserved 1075200K
  class space    used 3501K, capacity 3684K, committed 3736K, reserved 1048576K
}
2019-10-16T14:16:50.944+0000: 10.796: Total time for which application threads were stopped: 0.0020500 seconds, Stopping threads took: 0.0000247 seconds
{Heap before GC invocations=415 (full 3):
 par new generation   total 4928K, used 4661K [0x00000000f0800000, 0x00000000f0d50000, 0x00000000f5a00000)
  eden space 4416K, 100% used [0x00000000f0800000, 0x00000000f0c50000, 0x00000000f0c50000)
  from space 512K,  48% used [0x00000000f0cd0000, 0x00000000f0d0d7e0, 0x00000000f0d50000)
  to   space 512K,   0% used [0x00000000f0c50000, 0x00000000f0c50000, 0x00000000f0cd0000)
 concurrent mark-sweep generation total 22552K, used 15881K [0x00000000f5a00000, 0x00000000f7006000, 0x0000000100000000)
 Metaspace       used 28073K, capacity 28828K, committed 29080K, reserved 1075200K
  class space    used 3503K, capacity 3684K, committed 3736K, reserved 1048576K
2019-10-16T14:16:50.955+0000: 10.807: [GC (Allocation Failure) 2019-10-16T14:16:50.955+0000: 10.807: [ParNew
Desired survivor size 262144 bytes, new threshold 6 (max 6)
- age   1:      15568 bytes,      15568 total
- age   2:      42056 bytes,      57624 total
- age   3:      78624 bytes,     136248 total
- age   4:      13672 bytes,     149920 total
- age   5:      13672 bytes,     163592 total
- age   6:      12736 bytes,     176328 total
: 4661K->317K(4928K), 0.0017408 secs] 20543K->16207K(27480K), 0.0017836 secs] [Times: user=0.00 sys=0.00, real=0.00 secs] 
Heap after GC invocations=416 (full 3):
 par new generation   total 4928K, used 317K [0x00000000f0800000, 0x00000000f0d50000, 0x00000000f5a00000)
  eden space 4416K,   0% used [0x00000000f0800000, 0x00000000f0800000, 0x00000000f0c50000)
  from space 512K,  61% used [0x00000000f0c50000, 0x00000000f0c9f570, 0x00000000f0cd0000)
  to   space 512K,   0% used [0x00000000f0cd0000, 0x00000000f0cd0000, 0x00000000f0d50000)
 concurrent mark-sweep generation total 22552K, used 15889K [0x00000000f5a00000, 0x00000000f7006000, 0x0000000100000000)
 Metaspace       used 28073K, capacity 28828K, committed 29080K, reserved 1075200K
  class space    used 3503K, capacity 3684K, committed 3736K, reserved 1048576K
}
2019-10-16T14:16:50.957+0000: 10.809: Total time for which application threads were stopped: 0.0018875 seconds, Stopping threads took: 0.0000224 seconds
{Heap before GC invocations=416 (full 3):
 par new generation   total 4928K, used 4733K [0x00000000f0800000, 0x00000000f0d50000, 0x00000000f5a00000)
  eden space 4416K, 100% used [0x00000000f0800000, 0x00000000f0c50000, 0x00000000f0c50000)
  from space 512K,  61% used [0x00000000f0c50000, 0x00000000f0c9f570, 0x00000000f0cd0000)
  to   space 512K,   0% used [0x00000000f0cd0000, 0x00000000f0cd0000, 0x00000000f0d50000)
 concurrent mark-sweep generation total 22552K, used 15889K [0x00000000f5a00000, 0x00000000f7006000, 0x0000000100000000)
 Metaspace       used 28073K, capacity 28828K, committed 29080K, reserved 1075200K
  class space    used 3503K, capacity 3684K, committed 3736K, reserved 1048576K
2019-10-16T14:16:50.971+0000: 10.823: [GC (Allocation Failure) 2019-10-16T14:16:50.972+0000: 10.824: [ParNew
Desired survivor size 262144 bytes, new threshold 6 (max 6)
- age   1:      41056 bytes,      41056 total
- age   2:      13008 bytes,      54064 total
- age   3:      39856 bytes,      93920 total
- age   4:      78336 bytes,     172256 total
- age   5:      13672 bytes,     185928 total
- age   6:      13672 bytes,     199600 total
: 4733K->208K(4928K), 0.0018306 secs] 20623K->16111K(27480K), 0.0018896 secs] [Times: user=0.00 sys=0.00, real=0.00 secs] 
Heap after GC invocations=417 (full 3):
 par new generation   total 4928K, used 208K [0x00000000f0800000, 0x00000000f0d50000, 0x00000000f5a00000)
  eden space 4416K,   0% used [0x00000000f0800000, 0x00000000f0800000, 0x00000000f0c50000)
  from space 512K,  40% used [0x00000000f0cd0000, 0x00000000f0d041f0, 0x00000000f0d50000)
  to   space 512K,   0% used [0x00000000f0c50000, 0x00000000f0c50000, 0x00000000f0cd0000)
 concurrent mark-sweep generation total 22552K, used 15902K [0x00000000f5a00000, 0x00000000f7006000, 0x0000000100000000)
 Metaspace       used 28073K, capacity 28828K, committed 29080K, reserved 1075200K
  class space    used 3503K, capacity 3684K, committed 3736K, reserved 1048576K
}
2019-10-16T14:16:50.973+0000: 10.825: Total time for which application threads were stopped: 0.0020071 seconds, Stopping threads took: 0.0000247 seconds
{Heap before GC invocations=417 (full 3):
 par new generation   total 4928K, used 4624K [0x00000000f0800000, 0x00000000f0d50000, 0x00000000f5a00000)
  eden space 4416K, 100% used [0x00000000f0800000, 0x00000000f0c50000, 0x00000000f0c50000)
  from space 512K,  40% used [0x00000000f0cd0000, 0x00000000f0d041f0, 0x00000000f0d50000)
  to   space 512K,   0% used [0x00000000f0c50000, 0x00000000f0c50000, 0x00000000f0cd0000)
 concurrent mark-sweep generation total 22552K, used 15902K [0x00000000f5a00000, 0x00000000f7006000, 0x0000000100000000)
 Metaspace       used 28099K, capacity 28828K, committed 29080K, reserved 1075200K
  class space    used 3507K, capacity 3684K, committed 3736K, reserved 1048576K
2019-10-16T14:16:50.998+0000: 10.850: [GC (Allocation Failure) 2019-10-16T14:16:50.998+0000: 10.850: [ParNew
Desired survivor size 262144 bytes, new threshold 5 (max 6)
- age   1:     116624 bytes,     116624 total
- age   2:      35112 bytes,     151736 total
- age   3:      12208 bytes,     163944 total
- age   4:      37296 bytes,     201240 total
- age   5:      78336 bytes,     279576 total
- age   6:      13672 bytes,     293248 total
: 4624K->344K(4928K), 0.0020930 secs] 20527K->16261K(27480K), 0.0021383 secs] [Times: user=0.00 sys=0.00, real=0.00 secs] 
Heap after GC invocations=418 (full 3):
 par new generation   total 4928K, used 344K [0x00000000f0800000, 0x00000000f0d50000, 0x00000000f5a00000)
  eden space 4416K,   0% used [0x00000000f0800000, 0x00000000f0800000, 0x00000000f0c50000)
  from space 512K,  67% used [0x00000000f0c50000, 0x00000000f0ca62d0, 0x00000000f0cd0000)
  to   space 512K,   0% used [0x00000000f0cd0000, 0x00000000f0cd0000, 0x00000000f0d50000)
 concurrent mark-sweep generation total 22552K, used 15916K [0x00000000f5a00000, 0x00000000f7006000, 0x0000000100000000)
 Metaspace       used 28099K, capacity 28828K, committed 29080K, reserved 1075200K
  class space    used 3507K, capacity 3684K, committed 3736K, reserved 1048576K
}
2019-10-16T14:16:51.000+0000: 10.852: Total time for which application threads were stopped: 0.0022675 seconds, Stopping threads took: 0.0000259 seconds
{Heap before GC invocations=418 (full 3):
 par new generation   total 4928K, used 4760K [0x00000000f0800000, 0x00000000f0d50000, 0x00000000f5a00000)
  eden space 4416K, 100% used [0x00000000f0800000, 0x00000000f0c50000, 0x00000000f0c50000)
  from space 512K,  67% used [0x00000000f0c50000, 0x00000000f0ca62d0, 0x00000000f0cd0000)
  to   space 512K,   0% used [0x00000000f0cd0000, 0x00000000f0cd0000, 0x00000000f0d50000)
 concurrent mark-sweep generation total 22552K, used 15916K [0x00000000f5a00000, 0x00000000f7006000, 0x0000000100000000)
 Metaspace       used 28114K, capacity 28828K, committed 29080K, reserved 1075200K
  class space    used 3509K, capacity 3684K, committed 3736K, reserved 1048576K
2019-10-16T14:16:51.019+0000: 10.871: [GC (Allocation Failure) 2019-10-16T14:16:51.019+0000: 10.871: [ParNew
Desired survivor size 262144 bytes, new threshold 4 (max 6)
- age   1:     106864 bytes,     106864 total
- age   2:     112488 bytes,     219352 total
- age   3:      34800 bytes,     254152 total
- age   4:       9632 bytes,     263784 total
- age   5:      33984 bytes,     297768 total
: 4760K->512K(4928K), 0.0025783 secs] 20677K->16523K(27480K), 0.0026271 secs] [Times: user=0.00 sys=0.00, real=0.00 secs] 
Heap after GC invocations=419 (full 3):
 par new generation   total 4928K, used 512K [0x00000000f0800000, 0x00000000f0d50000, 0x00000000f5a00000)
  eden space 4416K,   0% used [0x00000000f0800000, 0x00000000f0800000, 0x00000000f0c50000)
  from space 512K, 100% used [0x00000000f0cd0000, 0x00000000f0d50000, 0x00000000f0d50000)
  to   space 512K,   0% used [0x00000000f0c50000, 0x00000000f0c50000, 0x00000000f0cd0000)
 concurrent mark-sweep generation total 22552K, used 16011K [0x00000000f5a00000, 0x00000000f7006000, 0x0000000100000000)
 Metaspace       used 28114K, capacity 28828K, committed 29080K, reserved 1075200K
  class space    used 3509K, capacity 3684K, committed 3736K, reserved 1048576K
}
2019-10-16T14:16:51.022+0000: 10.874: Total time for which application threads were stopped: 0.0027328 seconds, Stopping threads took: 0.0000214 seconds
{Heap before GC invocations=419 (full 3):
 par new generation   total 4928K, used 4928K [0x00000000f0800000, 0x00000000f0d50000, 0x00000000f5a00000)
  eden space 4416K, 100% used [0x00000000f0800000, 0x00000000f0c50000, 0x00000000f0c50000)
  from space 512K, 100% used [0x00000000f0cd0000, 0x00000000f0d50000, 0x00000000f0d50000)
  to   space 512K,   0% used [0x00000000f0c50000, 0x00000000f0c50000, 0x00000000f0cd0000)
 concurrent mark-sweep generation total 22552K, used 16011K [0x00000000f5a00000, 0x00000000f7006000, 0x0000000100000000)
 Metaspace       used 28157K, capacity 28892K, committed 29080K, reserved 1075200K
  class space    used 3511K, capacity 3684K, committed 3736K, reserved 1048576K
2019-10-16T14:16:51.040+0000: 10.892: [GC (Allocation Failure) 2019-10-16T14:16:51.040+0000: 10.892: [ParNew
Desired survivor size 262144 bytes, new threshold 3 (max 6)
- age   1:      85752 bytes,      85752 total
- age   2:     103632 bytes,     189384 total
- age   3:     112096 bytes,     301480 total
- age   4:      31776 bytes,     333256 total
: 4928K->347K(4928K), 0.0021374 secs] 20939K->16403K(27480K), 0.0021783 secs] [Times: user=0.00 sys=0.00, real=0.00 secs] 
Heap after GC invocations=420 (full 3):
 par new generation   total 4928K, used 347K [0x00000000f0800000, 0x00000000f0d50000, 0x00000000f5a00000)
  eden space 4416K,   0% used [0x00000000f0800000, 0x00000000f0800000, 0x00000000f0c50000)
  from space 512K,  67% used [0x00000000f0c50000, 0x00000000f0ca6f50, 0x00000000f0cd0000)
  to   space 512K,   0% used [0x00000000f0cd0000, 0x00000000f0cd0000, 0x00000000f0d50000)
 concurrent mark-sweep generation total 22552K, used 16055K [0x00000000f5a00000, 0x00000000f7006000, 0x0000000100000000)
 Metaspace       used 28157K, capacity 28892K, committed 29080K, reserved 1075200K
  class space    used 3511K, capacity 3684K, committed 3736K, reserved 1048576K
}
2019-10-16T14:16:51.042+0000: 10.894: Total time for which application threads were stopped: 0.0022927 seconds, Stopping threads took: 0.0000205 seconds
{Heap before GC invocations=420 (full 3):
 par new generation   total 4928K, used 4763K [0x00000000f0800000, 0x00000000f0d50000, 0x00000000f5a00000)
  eden space 4416K, 100% used [0x00000000f0800000, 0x00000000f0c50000, 0x00000000f0c50000)
  from space 512K,  67% used [0x00000000f0c50000, 0x00000000f0ca6f50, 0x00000000f0cd0000)
  to   space 512K,   0% used [0x00000000f0cd0000, 0x00000000f0cd0000, 0x00000000f0d50000)
 concurrent mark-sweep generation total 22552K, used 16055K [0x00000000f5a00000, 0x00000000f7006000, 0x0000000100000000)
 Metaspace       used 28201K, capacity 28962K, committed 29080K, reserved 1075200K
  class space    used 3516K, capacity 3685K, committed 3736K, reserved 1048576K
2019-10-16T14:16:51.062+0000: 10.914: [GC (Allocation Failure) 2019-10-16T14:16:51.062+0000: 10.914: [ParNew
Desired survivor size 262144 bytes, new threshold 6 (max 6)
- age   1:      55136 bytes,      55136 total
- age   2:      82824 bytes,     137960 total
- age   3:     101656 bytes,     239616 total
: 4763K->288K(4928K), 0.0026931 secs] 20819K->16487K(27480K), 0.0027496 secs] [Times: user=0.01 sys=0.00, real=0.00 secs] 
Heap after GC invocations=421 (full 3):
 par new generation   total 4928K, used 288K [0x00000000f0800000, 0x00000000f0d50000, 0x00000000f5a00000)
  eden space 4416K,   0% used [0x00000000f0800000, 0x00000000f0800000, 0x00000000f0c50000)
  from space 512K,  56% used [0x00000000f0cd0000, 0x00000000f0d18218, 0x00000000f0d50000)
  to   space 512K,   0% used [0x00000000f0c50000, 0x00000000f0c50000, 0x00000000f0cd0000)
 concurrent mark-sweep generation total 22552K, used 16199K [0x00000000f5a00000, 0x00000000f7006000, 0x0000000100000000)
 Metaspace       used 28201K, capacity 28962K, committed 29080K, reserved 1075200K
  class space    used 3516K, capacity 3685K, committed 3736K, reserved 1048576K
}
2019-10-16T14:16:51.065+0000: 10.917: Total time for which application threads were stopped: 0.0028765 seconds, Stopping threads took: 0.0000250 seconds
{Heap before GC invocations=421 (full 3):
 par new generation   total 4928K, used 4704K [0x00000000f0800000, 0x00000000f0d50000, 0x00000000f5a00000)
  eden space 4416K, 100% used [0x00000000f0800000, 0x00000000f0c50000, 0x00000000f0c50000)
  from space 512K,  56% used [0x00000000f0cd0000, 0x00000000f0d18218, 0x00000000f0d50000)
  to   space 512K,   0% used [0x00000000f0c50000, 0x00000000f0c50000, 0x00000000f0cd0000)
 concurrent mark-sweep generation total 22552K, used 16199K [0x00000000f5a00000, 0x00000000f7006000, 0x0000000100000000)
 Metaspace       used 28236K, capacity 28968K, committed 29080K, reserved 1075200K
  class space    used 3520K, capacity 3686K, committed 3736K, reserved 1048576K
2019-10-16T14:16:51.083+0000: 10.935: [GC (Allocation Failure) 2019-10-16T14:16:51.083+0000: 10.935: [ParNew
Desired survivor size 262144 bytes, new threshold 4 (max 6)
- age   1:      72392 bytes,      72392 total
- age   2:      37712 bytes,     110104 total
- age   3:      82824 bytes,     192928 total
- age   4:      97424 bytes,     290352 total
: 4704K->492K(4928K), 0.0017877 secs] 20903K->16691K(27480K), 0.0018297 secs] [Times: user=0.01 sys=0.00, real=0.00 secs] 
Heap after GC invocations=422 (full 3):
 par new generation   total 4928K, used 492K [0x00000000f0800000, 0x00000000f0d50000, 0x00000000f5a00000)
  eden space 4416K,   0% used [0x00000000f0800000, 0x00000000f0800000, 0x00000000f0c50000)
  from space 512K,  96% used [0x00000000f0c50000, 0x00000000f0ccb0c0, 0x00000000f0cd0000)
  to   space 512K,   0% used [0x00000000f0cd0000, 0x00000000f0cd0000, 0x00000000f0d50000)
 concurrent mark-sweep generation total 22552K, used 16199K [0x00000000f5a00000, 0x00000000f7006000, 0x0000000100000000)
 Metaspace       used 28236K, capacity 28968K, committed 29080K, reserved 1075200K
  class space    used 3520K, capacity 3686K, committed 3736K, reserved 1048576K
}
2019-10-16T14:16:51.085+0000: 10.937: Total time for which application threads were stopped: 0.0019523 seconds, Stopping threads took: 0.0000213 seconds
{Heap before GC invocations=422 (full 3):
 par new generation   total 4928K, used 4908K [0x00000000f0800000, 0x00000000f0d50000, 0x00000000f5a00000)
  eden space 4416K, 100% used [0x00000000f0800000, 0x00000000f0c50000, 0x00000000f0c50000)
  from space 512K,  96% used [0x00000000f0c50000, 0x00000000f0ccb0c0, 0x00000000f0cd0000)
  to   space 512K,   0% used [0x00000000f0cd0000, 0x00000000f0cd0000, 0x00000000f0d50000)
 concurrent mark-sweep generation total 22552K, used 16199K [0x00000000f5a00000, 0x00000000f7006000, 0x0000000100000000)
 Metaspace       used 28240K, capacity 28968K, committed 29080K, reserved 1075200K
  class space    used 3521K, capacity 3686K, committed 3736K, reserved 1048576K
2019-10-16T14:16:51.097+0000: 10.949: [GC (Allocation Failure) 2019-10-16T14:16:51.097+0000: 10.949: [ParNew
Desired survivor size 262144 bytes, new threshold 6 (max 6)
- age   1:      41560 bytes,      41560 total
- age   2:      67816 bytes,     109376 total
- age   3:      36960 bytes,     146336 total
- age   4:      80216 bytes,     226552 total
: 4908K->335K(4928K), 0.0022338 secs] 21107K->16633K(27480K), 0.0022865 secs] [Times: user=0.00 sys=0.00, real=0.00 secs] 
Heap after GC invocations=423 (full 3):
 par new generation   total 4928K, used 335K [0x00000000f0800000, 0x00000000f0d50000, 0x00000000f5a00000)
  eden space 4416K,   0% used [0x00000000f0800000, 0x00000000f0800000, 0x00000000f0c50000)
  from space 512K,  65% used [0x00000000f0cd0000, 0x00000000f0d23f70, 0x00000000f0d50000)
  to   space 512K,   0% used [0x00000000f0c50000, 0x00000000f0c50000, 0x00000000f0cd0000)
 concurrent mark-sweep generation total 22552K, used 16297K [0x00000000f5a00000, 0x00000000f7006000, 0x0000000100000000)
 Metaspace       used 28240K, capacity 28968K, committed 29080K, reserved 1075200K
  class space    used 3521K, capacity 3686K, committed 3736K, reserved 1048576K
}
2019-10-16T14:16:51.100+0000: 10.952: Total time for which application threads were stopped: 0.0023929 seconds, Stopping threads took: 0.0000217 seconds
{Heap before GC invocations=423 (full 3):
 par new generation   total 4928K, used 4751K [0x00000000f0800000, 0x00000000f0d50000, 0x00000000f5a00000)
  eden space 4416K, 100% used [0x00000000f0800000, 0x00000000f0c50000, 0x00000000f0c50000)
  from space 512K,  65% used [0x00000000f0cd0000, 0x00000000f0d23f70, 0x00000000f0d50000)
  to   space 512K,   0% used [0x00000000f0c50000, 0x00000000f0c50000, 0x00000000f0cd0000)
 concurrent mark-sweep generation total 22552K, used 16297K [0x00000000f5a00000, 0x00000000f7006000, 0x0000000100000000)
 Metaspace       used 28274K, capacity 29064K, committed 29336K, reserved 1075200K
  class space    used 3523K, capacity 3718K, committed 3736K, reserved 1048576K
2019-10-16T14:16:51.118+0000: 10.970: [GC (Allocation Failure) 2019-10-16T14:16:51.118+0000: 10.970: [ParNew
Desired survivor size 262144 bytes, new threshold 5 (max 6)
- age   1:      71080 bytes,      71080 total
- age   2:      37320 bytes,     108400 total
- age   3:      66824 bytes,     175224 total
- age   4:      33704 bytes,     208928 total
- age   5:      79472 bytes,     288400 total
: 4751K->415K(4928K), 0.0015930 secs] 21049K->16712K(27480K), 0.0016555 secs] [Times: user=0.00 sys=0.00, real=0.00 secs] 
Heap after GC invocations=424 (full 3):
 par new generation   total 4928K, used 415K [0x00000000f0800000, 0x00000000f0d50000, 0x00000000f5a00000)
  eden space 4416K,   0% used [0x00000000f0800000, 0x00000000f0800000, 0x00000000f0c50000)
  from space 512K,  81% used [0x00000000f0c50000, 0x00000000f0cb7ce0, 0x00000000f0cd0000)
  to   space 512K,   0% used [0x00000000f0cd0000, 0x00000000f0cd0000, 0x00000000f0d50000)
 concurrent mark-sweep generation total 22552K, used 16297K [0x00000000f5a00000, 0x00000000f7006000, 0x0000000100000000)
 Metaspace       used 28274K, capacity 29064K, committed 29336K, reserved 1075200K
  class space    used 3523K, capacity 3718K, committed 3736K, reserved 1048576K
}
2019-10-16T14:16:51.119+0000: 10.971: Total time for which application threads were stopped: 0.0017586 seconds, Stopping threads took: 0.0000211 seconds
{Heap before GC invocations=424 (full 3):
 par new generation   total 4928K, used 4831K [0x00000000f0800000, 0x00000000f0d50000, 0x00000000f5a00000)
  eden space 4416K, 100% used [0x00000000f0800000, 0x00000000f0c50000, 0x00000000f0c50000)
  from space 512K,  81% used [0x00000000f0c50000, 0x00000000f0cb7ce0, 0x00000000f0cd0000)
  to   space 512K,   0% used [0x00000000f0cd0000, 0x00000000f0cd0000, 0x00000000f0d50000)
 concurrent mark-sweep generation total 22552K, used 16297K [0x00000000f5a00000, 0x00000000f7006000, 0x0000000100000000)
 Metaspace       used 28293K, capacity 29064K, committed 29336K, reserved 1075200K
  class space    used 3525K, capacity 3718K, committed 3736K, reserved 1048576K
2019-10-16T14:16:51.135+0000: 10.987: [GC (Allocation Failure) 2019-10-16T14:16:51.135+0000: 10.987: [ParNew
Desired survivor size 262144 bytes, new threshold 5 (max 6)
- age   1:      89352 bytes,      89352 total
- age   2:      62664 bytes,     152016 total
- age   3:      36048 bytes,     188064 total
- age   4:      64224 bytes,     252288 total
- age   5:      33704 bytes,     285992 total
: 4831K->512K(4928K), 0.0018882 secs] 21128K->16891K(27480K), 0.0019305 secs] [Times: user=0.01 sys=0.00, real=0.00 secs] 
Heap after GC invocations=425 (full 3):
 par new generation   total 4928K, used 512K [0x00000000f0800000, 0x00000000f0d50000, 0x00000000f5a00000)
  eden space 4416K,   0% used [0x00000000f0800000, 0x00000000f0800000, 0x00000000f0c50000)
  from space 512K, 100% used [0x00000000f0cd0000, 0x00000000f0d50000, 0x00000000f0d50000)
  to   space 512K,   0% used [0x00000000f0c50000, 0x00000000f0c50000, 0x00000000f0cd0000)
 concurrent mark-sweep generation total 22552K, used 16379K [0x00000000f5a00000, 0x00000000f7006000, 0x0000000100000000)
 Metaspace       used 28293K, capacity 29064K, committed 29336K, reserved 1075200K
  class space    used 3525K, capacity 3718K, committed 3736K, reserved 1048576K
}
2019-10-16T14:16:51.137+0000: 10.989: Total time for which application threads were stopped: 0.0020320 seconds, Stopping threads took: 0.0000180 seconds
{Heap before GC invocations=425 (full 3):
 par new generation   total 4928K, used 4928K [0x00000000f0800000, 0x00000000f0d50000, 0x00000000f5a00000)
  eden space 4416K, 100% used [0x00000000f0800000, 0x00000000f0c50000, 0x00000000f0c50000)
  from space 512K, 100% used [0x00000000f0cd0000, 0x00000000f0d50000, 0x00000000f0d50000)
  to   space 512K,   0% used [0x00000000f0c50000, 0x00000000f0c50000, 0x00000000f0cd0000)
 concurrent mark-sweep generation total 22552K, used 16379K [0x00000000f5a00000, 0x00000000f7006000, 0x0000000100000000)
 Metaspace       used 28393K, capacity 29128K, committed 29336K, reserved 1075200K
  class space    used 3531K, capacity 3718K, committed 3736K, reserved 1048576K
2019-10-16T14:16:51.152+0000: 11.004: [GC (Allocation Failure) 2019-10-16T14:16:51.152+0000: 11.004: [ParNew
Desired survivor size 262144 bytes, new threshold 5 (max 6)
- age   1:      88360 bytes,      88360 total
- age   2:      67032 bytes,     155392 total
- age   3:      62664 bytes,     218056 total
- age   4:      36048 bytes,     254104 total
- age   5:      64224 bytes,     318328 total
: 4928K->342K(4928K), 0.0019242 secs] 21307K->16756K(27480K), 0.0019646 secs] [Times: user=0.00 sys=0.00, real=0.00 secs] 
Heap after GC invocations=426 (full 3):
 par new generation   total 4928K, used 342K [0x00000000f0800000, 0x00000000f0d50000, 0x00000000f5a00000)
  eden space 4416K,   0% used [0x00000000f0800000, 0x00000000f0800000, 0x00000000f0c50000)
  from space 512K,  66% used [0x00000000f0c50000, 0x00000000f0ca5960, 0x00000000f0cd0000)
  to   space 512K,   0% used [0x00000000f0cd0000, 0x00000000f0cd0000, 0x00000000f0d50000)
 concurrent mark-sweep generation total 22552K, used 16413K [0x00000000f5a00000, 0x00000000f7006000, 0x0000000100000000)
 Metaspace       used 28393K, capacity 29128K, committed 29336K, reserved 1075200K
  class space    used 3531K, capacity 3718K, committed 3736K, reserved 1048576K
}
2019-10-16T14:16:51.154+0000: 11.006: Total time for which application threads were stopped: 0.0020726 seconds, Stopping threads took: 0.0000213 seconds
{Heap before GC invocations=426 (full 3):
 par new generation   total 4928K, used 4758K [0x00000000f0800000, 0x00000000f0d50000, 0x00000000f5a00000)
  eden space 4416K, 100% used [0x00000000f0800000, 0x00000000f0c50000, 0x00000000f0c50000)
  from space 512K,  66% used [0x00000000f0c50000, 0x00000000f0ca5960, 0x00000000f0cd0000)
  to   space 512K,   0% used [0x00000000f0cd0000, 0x00000000f0cd0000, 0x00000000f0d50000)
 concurrent mark-sweep generation total 22552K, used 16413K [0x00000000f5a00000, 0x00000000f7006000, 0x0000000100000000)
 Metaspace       used 28727K, capacity 29480K, committed 29720K, reserved 1075200K
  class space    used 3557K, capacity 3750K, committed 3864K, reserved 1048576K
2019-10-16T14:16:51.183+0000: 11.035: [GC (Allocation Failure) 2019-10-16T14:16:51.183+0000: 11.035: [ParNew
Desired survivor size 262144 bytes, new threshold 4 (max 6)
- age   1:     136192 bytes,     136192 total
- age   2:      13480 bytes,     149672 total
- age   3:      67032 bytes,     216704 total
- age   4:      62664 bytes,     279368 total
- age   5:      36048 bytes,     315416 total
: 4758K->512K(4928K), 0.0021176 secs] 21172K->16993K(27480K), 0.0021695 secs] [Times: user=0.01 sys=0.00, real=0.00 secs] 
Heap after GC invocations=427 (full 3):
 par new generation   total 4928K, used 512K [0x00000000f0800000, 0x00000000f0d50000, 0x00000000f5a00000)
  eden space 4416K,   0% used [0x00000000f0800000, 0x00000000f0800000, 0x00000000f0c50000)
  from space 512K, 100% used [0x00000000f0cd0000, 0x00000000f0d50000, 0x00000000f0d50000)
  to   space 512K,   0% used [0x00000000f0c50000, 0x00000000f0c50000, 0x00000000f0cd0000)
 concurrent mark-sweep generation total 22552K, used 16481K [0x00000000f5a00000, 0x00000000f7006000, 0x0000000100000000)
 Metaspace       used 28727K, capacity 29480K, committed 29720K, reserved 1075200K
  class space    used 3557K, capacity 3750K, committed 3864K, reserved 1048576K
}
2019-10-16T14:16:51.185+0000: 11.037: Total time for which application threads were stopped: 0.0022788 seconds, Stopping threads took: 0.0000219 seconds
{Heap before GC invocations=427 (full 3):
 par new generation   total 4928K, used 4928K [0x00000000f0800000, 0x00000000f0d50000, 0x00000000f5a00000)
  eden space 4416K, 100% used [0x00000000f0800000, 0x00000000f0c50000, 0x00000000f0c50000)
  from space 512K, 100% used [0x00000000f0cd0000, 0x00000000f0d50000, 0x00000000f0d50000)
  to   space 512K,   0% used [0x00000000f0c50000, 0x00000000f0c50000, 0x00000000f0cd0000)
 concurrent mark-sweep generation total 22552K, used 16481K [0x00000000f5a00000, 0x00000000f7006000, 0x0000000100000000)
 Metaspace       used 28816K, capacity 29544K, committed 29720K, reserved 1075200K
  class space    used 3573K, capacity 3750K, committed 3864K, reserved 1048576K
2019-10-16T14:16:51.201+0000: 11.054: [GC (Allocation Failure) 2019-10-16T14:16:51.202+0000: 11.054: [ParNew
Desired survivor size 262144 bytes, new threshold 6 (max 6)
- age   1:      51536 bytes,      51536 total
- age   2:      19368 bytes,      70904 total
- age   3:      13480 bytes,      84384 total
- age   4:      66208 bytes,     150592 total
: 4928K->301K(4928K), 0.0019522 secs] 21409K->16877K(27480K), 0.0019910 secs] [Times: user=0.00 sys=0.00, real=0.01 secs] 
Heap after GC invocations=428 (full 3):
 par new generation   total 4928K, used 301K [0x00000000f0800000, 0x00000000f0d50000, 0x00000000f5a00000)
  eden space 4416K,   0% used [0x00000000f0800000, 0x00000000f0800000, 0x00000000f0c50000)
  from space 512K,  58% used [0x00000000f0c50000, 0x00000000f0c9b6a8, 0x00000000f0cd0000)
  to   space 512K,   0% used [0x00000000f0cd0000, 0x00000000f0cd0000, 0x00000000f0d50000)
 concurrent mark-sweep generation total 22552K, used 16575K [0x00000000f5a00000, 0x00000000f7006000, 0x0000000100000000)
 Metaspace       used 28816K, capacity 29544K, committed 29720K, reserved 1075200K
  class space    used 3573K, capacity 3750K, committed 3864K, reserved 1048576K
}
2019-10-16T14:16:51.204+0000: 11.056: Total time for which application threads were stopped: 0.0020930 seconds, Stopping threads took: 0.0000206 seconds
{Heap before GC invocations=428 (full 3):
 par new generation   total 4928K, used 4717K [0x00000000f0800000, 0x00000000f0d50000, 0x00000000f5a00000)
  eden space 4416K, 100% used [0x00000000f0800000, 0x00000000f0c50000, 0x00000000f0c50000)
  from space 512K,  58% used [0x00000000f0c50000, 0x00000000f0c9b6a8, 0x00000000f0cd0000)
  to   space 512K,   0% used [0x00000000f0cd0000, 0x00000000f0cd0000, 0x00000000f0d50000)
 concurrent mark-sweep generation total 22552K, used 16575K [0x00000000f5a00000, 0x00000000f7006000, 0x0000000100000000)
 Metaspace       used 28847K, capacity 29614K, committed 29976K, reserved 1075200K
  class space    used 3577K, capacity 3751K, committed 3864K, reserved 1048576K
2019-10-16T14:16:51.222+0000: 11.074: [GC (Allocation Failure) 2019-10-16T14:16:51.222+0000: 11.074: [ParNew
Desired survivor size 262144 bytes, new threshold 6 (max 6)
- age   1:      95216 bytes,      95216 total
- age   2:      46976 bytes,     142192 total
- age   3:      19368 bytes,     161560 total
- age   4:      13480 bytes,     175040 total
- age   5:      64536 bytes,     239576 total
: 4717K->260K(4928K), 0.0017116 secs] 21293K->16836K(27480K), 0.0017656 secs] [Times: user=0.00 sys=0.00, real=0.00 secs] 
Heap after GC invocations=429 (full 3):
 par new generation   total 4928K, used 260K [0x00000000f0800000, 0x00000000f0d50000, 0x00000000f5a00000)
  eden space 4416K,   0% used [0x00000000f0800000, 0x00000000f0800000, 0x00000000f0c50000)
  from space 512K,  50% used [0x00000000f0cd0000, 0x00000000f0d11300, 0x00000000f0d50000)
  to   space 512K,   0% used [0x00000000f0c50000, 0x00000000f0c50000, 0x00000000f0cd0000)
 concurrent mark-sweep generation total 22552K, used 16575K [0x00000000f5a00000, 0x00000000f7006000, 0x0000000100000000)
 Metaspace       used 28847K, capacity 29614K, committed 29976K, reserved 1075200K
  class space    used 3577K, capacity 3751K, committed 3864K, reserved 1048576K
}
2019-10-16T14:16:51.224+0000: 11.076: Total time for which application threads were stopped: 0.0018802 seconds, Stopping threads took: 0.0000259 seconds
{Heap before GC invocations=429 (full 3):
 par new generation   total 4928K, used 4676K [0x00000000f0800000, 0x00000000f0d50000, 0x00000000f5a00000)
  eden space 4416K, 100% used [0x00000000f0800000, 0x00000000f0c50000, 0x00000000f0c50000)
  from space 512K,  50% used [0x00000000f0cd0000, 0x00000000f0d11300, 0x00000000f0d50000)
  to   space 512K,   0% used [0x00000000f0c50000, 0x00000000f0c50000, 0x00000000f0cd0000)
 concurrent mark-sweep generation total 22552K, used 16575K [0x00000000f5a00000, 0x00000000f7006000, 0x0000000100000000)
 Metaspace       used 28872K, capacity 29614K, committed 29976K, reserved 1075200K
  class space    used 3582K, capacity 3751K, committed 3864K, reserved 1048576K
2019-10-16T14:16:51.241+0000: 11.093: [GC (Allocation Failure) 2019-10-16T14:16:51.241+0000: 11.093: [ParNew
Desired survivor size 262144 bytes, new threshold 6 (max 6)
- age   1:      32232 bytes,      32232 total
- age   2:      91400 bytes,     123632 total
- age   3:      46920 bytes,     170552 total
- age   4:      19368 bytes,     189920 total
- age   5:      13480 bytes,     203400 total
- age   6:      61808 bytes,     265208 total
: 4676K->413K(4928K), 0.0018940 secs] 21252K->16989K(27480K), 0.0019429 secs] [Times: user=0.00 sys=0.00, real=0.01 secs] 
Heap after GC invocations=430 (full 3):
 par new generation   total 4928K, used 413K [0x00000000f0800000, 0x00000000f0d50000, 0x00000000f5a00000)
  eden space 4416K,   0% used [0x00000000f0800000, 0x00000000f0800000, 0x00000000f0c50000)
  from space 512K,  80% used [0x00000000f0c50000, 0x00000000f0cb75e0, 0x00000000f0cd0000)
  to   space 512K,   0% used [0x00000000f0cd0000, 0x00000000f0cd0000, 0x00000000f0d50000)
 concurrent mark-sweep generation total 22552K, used 16575K [0x00000000f5a00000, 0x00000000f7006000, 0x0000000100000000)
 Metaspace       used 28872K, capacity 29614K, committed 29976K, reserved 1075200K
  class space    used 3582K, capacity 3751K, committed 3864K, reserved 1048576K
}
2019-10-16T14:16:51.243+0000: 11.095: Total time for which application threads were stopped: 0.0020557 seconds, Stopping threads took: 0.0000235 seconds
{Heap before GC invocations=430 (full 3):
 par new generation   total 4928K, used 4829K [0x00000000f0800000, 0x00000000f0d50000, 0x00000000f5a00000)
  eden space 4416K, 100% used [0x00000000f0800000, 0x00000000f0c50000, 0x00000000f0c50000)
  from space 512K,  80% used [0x00000000f0c50000, 0x00000000f0cb75e0, 0x00000000f0cd0000)
  to   space 512K,   0% used [0x00000000f0cd0000, 0x00000000f0cd0000, 0x00000000f0d50000)
 concurrent mark-sweep generation total 22552K, used 16575K [0x00000000f5a00000, 0x00000000f7006000, 0x0000000100000000)
 Metaspace       used 28901K, capacity 29614K, committed 29976K, reserved 1075200K
  class space    used 3583K, capacity 3751K, committed 3864K, reserved 1048576K
2019-10-16T14:16:51.262+0000: 11.114: [GC (Allocation Failure) 2019-10-16T14:16:51.262+0000: 11.114: [ParNew
Desired survivor size 262144 bytes, new threshold 6 (max 6)
- age   1:      27592 bytes,      27592 total
- age   2:      28712 bytes,      56304 total
- age   3:      91080 bytes,     147384 total
- age   4:      45896 bytes,     193280 total
- age   5:      19368 bytes,     212648 total
- age   6:      13480 bytes,     226128 total
: 4829K->245K(4928K), 0.0021340 secs] 21405K->16883K(27480K), 0.0021877 secs] [Times: user=0.00 sys=0.00, real=0.00 secs] 
Heap after GC invocations=431 (full 3):
 par new generation   total 4928K, used 245K [0x00000000f0800000, 0x00000000f0d50000, 0x00000000f5a00000)
  eden space 4416K,   0% used [0x00000000f0800000, 0x00000000f0800000, 0x00000000f0c50000)
  from space 512K,  47% used [0x00000000f0cd0000, 0x00000000f0d0d548, 0x00000000f0d50000)
  to   space 512K,   0% used [0x00000000f0c50000, 0x00000000f0c50000, 0x00000000f0cd0000)
 concurrent mark-sweep generation total 22552K, used 16638K [0x00000000f5a00000, 0x00000000f7006000, 0x0000000100000000)
 Metaspace       used 28901K, capacity 29614K, committed 29976K, reserved 1075200K
  class space    used 3583K, capacity 3751K, committed 3864K, reserved 1048576K
}
2019-10-16T14:16:51.265+0000: 11.117: Total time for which application threads were stopped: 0.0023258 seconds, Stopping threads took: 0.0000368 seconds
{Heap before GC invocations=431 (full 3):
 par new generation   total 4928K, used 4661K [0x00000000f0800000, 0x00000000f0d50000, 0x00000000f5a00000)
  eden space 4416K, 100% used [0x00000000f0800000, 0x00000000f0c50000, 0x00000000f0c50000)
  from space 512K,  47% used [0x00000000f0cd0000, 0x00000000f0d0d548, 0x00000000f0d50000)
  to   space 512K,   0% used [0x00000000f0c50000, 0x00000000f0c50000, 0x00000000f0cd0000)
 concurrent mark-sweep generation total 22552K, used 16638K [0x00000000f5a00000, 0x00000000f7006000, 0x0000000100000000)
 Metaspace       used 28939K, capacity 29728K, committed 29976K, reserved 1075200K
  class space    used 3588K, capacity 3786K, committed 3864K, reserved 1048576K
2019-10-16T14:16:51.282+0000: 11.134: [GC (Allocation Failure) 2019-10-16T14:16:51.282+0000: 11.134: [ParNew
Desired survivor size 262144 bytes, new threshold 6 (max 6)
- age   1:      67952 bytes,      67952 total
- age   2:      25744 bytes,      93696 total
- age   3:      28120 bytes,     121816 total
- age   4:      90592 bytes,     212408 total
- age   5:      40936 bytes,     253344 total
- age   6:      19368 bytes,     272712 total
: 4661K->454K(4928K), 0.0018584 secs] 21299K->17106K(27480K), 0.0019039 secs] [Times: user=0.00 sys=0.00, real=0.00 secs] 
Heap after GC invocations=432 (full 3):
 par new generation   total 4928K, used 454K [0x00000000f0800000, 0x00000000f0d50000, 0x00000000f5a00000)
  eden space 4416K,   0% used [0x00000000f0800000, 0x00000000f0800000, 0x00000000f0c50000)
  from space 512K,  88% used [0x00000000f0c50000, 0x00000000f0cc1b10, 0x00000000f0cd0000)
  to   space 512K,   0% used [0x00000000f0cd0000, 0x00000000f0cd0000, 0x00000000f0d50000)
 concurrent mark-sweep generation total 22552K, used 16652K [0x00000000f5a00000, 0x00000000f7006000, 0x0000000100000000)
 Metaspace       used 28939K, capacity 29728K, committed 29976K, reserved 1075200K
  class space    used 3588K, capacity 3786K, committed 3864K, reserved 1048576K
}
2019-10-16T14:16:51.284+0000: 11.136: Total time for which application threads were stopped: 0.0020092 seconds, Stopping threads took: 0.0000247 seconds
{Heap before GC invocations=432 (full 3):
 par new generation   total 4928K, used 4870K [0x00000000f0800000, 0x00000000f0d50000, 0x00000000f5a00000)
  eden space 4416K, 100% used [0x00000000f0800000, 0x00000000f0c50000, 0x00000000f0c50000)
  from space 512K,  88% used [0x00000000f0c50000, 0x00000000f0cc1b10, 0x00000000f0cd0000)
  to   space 512K,   0% used [0x00000000f0cd0000, 0x00000000f0cd0000, 0x00000000f0d50000)
 concurrent mark-sweep generation total 22552K, used 16652K [0x00000000f5a00000, 0x00000000f7006000, 0x0000000100000000)
 Metaspace       used 28944K, capacity 29728K, committed 29976K, reserved 1075200K
  class space    used 3590K, capacity 3786K, committed 3864K, reserved 1048576K
2019-10-16T14:16:51.301+0000: 11.153: [GC (Allocation Failure) 2019-10-16T14:16:51.301+0000: 11.153: [ParNew
Desired survivor size 262144 bytes, new threshold 5 (max 6)
- age   1:      84808 bytes,      84808 total
- age   2:      63672 bytes,     148480 total
- age   3:      25744 bytes,     174224 total
- age   4:      27096 bytes,     201320 total
- age   5:      87640 bytes,     288960 total
- age   6:      40440 bytes,     329400 total
: 4870K->469K(4928K), 0.0021087 secs] 21522K->17140K(27480K), 0.0021873 secs] [Times: user=0.00 sys=0.00, real=0.01 secs] 
Heap after GC invocations=433 (full 3):
 par new generation   total 4928K, used 469K [0x00000000f0800000, 0x00000000f0d50000, 0x00000000f5a00000)
  eden space 4416K,   0% used [0x00000000f0800000, 0x00000000f0800000, 0x00000000f0c50000)
  from space 512K,  91% used [0x00000000f0cd0000, 0x00000000f0d45420, 0x00000000f0d50000)
  to   space 512K,   0% used [0x00000000f0c50000, 0x00000000f0c50000, 0x00000000f0cd0000)
 concurrent mark-sweep generation total 22552K, used 16671K [0x00000000f5a00000, 0x00000000f7006000, 0x0000000100000000)
 Metaspace       used 28944K, capacity 29728K, committed 29976K, reserved 1075200K
  class space    used 3590K, capacity 3786K, committed 3864K, reserved 1048576K
}
2019-10-16T14:16:51.303+0000: 11.155: Total time for which application threads were stopped: 0.0023111 seconds, Stopping threads took: 0.0000282 seconds
{Heap before GC invocations=433 (full 3):
 par new generation   total 4928K, used 4885K [0x00000000f0800000, 0x00000000f0d50000, 0x00000000f5a00000)
  eden space 4416K, 100% used [0x00000000f0800000, 0x00000000f0c50000, 0x00000000f0c50000)
  from space 512K,  91% used [0x00000000f0cd0000, 0x00000000f0d45420, 0x00000000f0d50000)
  to   space 512K,   0% used [0x00000000f0c50000, 0x00000000f0c50000, 0x00000000f0cd0000)
 concurrent mark-sweep generation total 22552K, used 16671K [0x00000000f5a00000, 0x00000000f7006000, 0x0000000100000000)
 Metaspace       used 28944K, capacity 29728K, committed 29976K, reserved 1075200K
  class space    used 3590K, capacity 3786K, committed 3864K, reserved 1048576K
2019-10-16T14:16:51.315+0000: 11.167: [GC (Allocation Failure) 2019-10-16T14:16:51.315+0000: 11.167: [ParNew
Desired survivor size 262144 bytes, new threshold 6 (max 6)
- age   1:      69616 bytes,      69616 total
- age   2:      80384 bytes,     150000 total
- age   3:      60072 bytes,     210072 total
- age   4:      25232 bytes,     235304 total
- age   5:      26056 bytes,     261360 total
: 4885K->280K(4928K), 0.0023397 secs] 21556K->17082K(27480K), 0.0023771 secs] [Times: user=0.00 sys=0.00, real=0.00 secs] 
Heap after GC invocations=434 (full 3):
 par new generation   total 4928K, used 280K [0x00000000f0800000, 0x00000000f0d50000, 0x00000000f5a00000)
  eden space 4416K,   0% used [0x00000000f0800000, 0x00000000f0800000, 0x00000000f0c50000)
  from space 512K,  54% used [0x00000000f0c50000, 0x00000000f0c96088, 0x00000000f0cd0000)
  to   space 512K,   0% used [0x00000000f0cd0000, 0x00000000f0cd0000, 0x00000000f0d50000)
 concurrent mark-sweep generation total 22552K, used 16802K [0x00000000f5a00000, 0x00000000f7006000, 0x0000000100000000)
 Metaspace       used 28944K, capacity 29728K, committed 29976K, reserved 1075200K
  class space    used 3590K, capacity 3786K, committed 3864K, reserved 1048576K
}
2019-10-16T14:16:51.317+0000: 11.169: Total time for which application threads were stopped: 0.0024885 seconds, Stopping threads took: 0.0000207 seconds
{Heap before GC invocations=434 (full 3):
 par new generation   total 4928K, used 4696K [0x00000000f0800000, 0x00000000f0d50000, 0x00000000f5a00000)
  eden space 4416K, 100% used [0x00000000f0800000, 0x00000000f0c50000, 0x00000000f0c50000)
  from space 512K,  54% used [0x00000000f0c50000, 0x00000000f0c96088, 0x00000000f0cd0000)
  to   space 512K,   0% used [0x00000000f0cd0000, 0x00000000f0cd0000, 0x00000000f0d50000)
 concurrent mark-sweep generation total 22552K, used 16802K [0x00000000f5a00000, 0x00000000f7006000, 0x0000000100000000)
 Metaspace       used 28958K, capacity 29732K, committed 29976K, reserved 1075200K
  class space    used 3593K, capacity 3788K, committed 3864K, reserved 1048576K
2019-10-16T14:16:51.334+0000: 11.186: [GC (Allocation Failure) 2019-10-16T14:16:51.334+0000: 11.186: [ParNew
Desired survivor size 262144 bytes, new threshold 5 (max 6)
- age   1:      53272 bytes,      53272 total
- age   2:      67008 bytes,     120280 total
- age   3:      80384 bytes,     200664 total
- age   4:      58072 bytes,     258736 total
- age   5:      25232 bytes,     283968 total
- age   6:      26008 bytes,     309976 total
: 4696K->512K(4928K), 0.0017890 secs] 21498K->17315K(27480K), 0.0018382 secs] [Times: user=0.00 sys=0.00, real=0.00 secs] 
Heap after GC invocations=435 (full 3):
 par new generation   total 4928K, used 512K [0x00000000f0800000, 0x00000000f0d50000, 0x00000000f5a00000)
  eden space 4416K,   0% used [0x00000000f0800000, 0x00000000f0800000, 0x00000000f0c50000)
  from space 512K, 100% used [0x00000000f0cd0000, 0x00000000f0d50000, 0x00000000f0d50000)
  to   space 512K,   0% used [0x00000000f0c50000, 0x00000000f0c50000, 0x00000000f0cd0000)
 concurrent mark-sweep generation total 22552K, used 16803K [0x00000000f5a00000, 0x00000000f7006000, 0x0000000100000000)
 Metaspace       used 28958K, capacity 29732K, committed 29976K, reserved 1075200K
  class space    used 3593K, capacity 3788K, committed 3864K, reserved 1048576K
}
2019-10-16T14:16:51.336+0000: 11.188: Total time for which application threads were stopped: 0.0019485 seconds, Stopping threads took: 0.0000239 seconds
{Heap before GC invocations=435 (full 3):
 par new generation   total 4928K, used 4928K [0x00000000f0800000, 0x00000000f0d50000, 0x00000000f5a00000)
  eden space 4416K, 100% used [0x00000000f0800000, 0x00000000f0c50000, 0x00000000f0c50000)
  from space 512K, 100% used [0x00000000f0cd0000, 0x00000000f0d50000, 0x00000000f0d50000)
  to   space 512K,   0% used [0x00000000f0c50000, 0x00000000f0c50000, 0x00000000f0cd0000)
 concurrent mark-sweep generation total 22552K, used 16803K [0x00000000f5a00000, 0x00000000f7006000, 0x0000000100000000)
 Metaspace       used 28977K, capacity 29746K, committed 29976K, reserved 1075200K
  class space    used 3598K, capacity 3793K, committed 3864K, reserved 1048576K
2019-10-16T14:16:51.349+0000: 11.201: [GC (Allocation Failure) 2019-10-16T14:16:51.349+0000: 11.201: [ParNew
Desired survivor size 262144 bytes, new threshold 5 (max 6)
- age   1:      34432 bytes,      34432 total
- age   2:      50608 bytes,      85040 total
- age   3:      67008 bytes,     152048 total
- age   4:      80384 bytes,     232432 total
- age   5:      58072 bytes,     290504 total
: 4928K->358K(4928K), 0.0021078 secs] 21731K->17214K(27480K), 0.0021730 secs] [Times: user=0.00 sys=0.00, real=0.01 secs] 
Heap after GC invocations=436 (full 3):
 par new generation   total 4928K, used 358K [0x00000000f0800000, 0x00000000f0d50000, 0x00000000f5a00000)
  eden space 4416K,   0% used [0x00000000f0800000, 0x00000000f0800000, 0x00000000f0c50000)
  from space 512K,  69% used [0x00000000f0c50000, 0x00000000f0ca9950, 0x00000000f0cd0000)
  to   space 512K,   0% used [0x00000000f0cd0000, 0x00000000f0cd0000, 0x00000000f0d50000)
 concurrent mark-sweep generation total 22552K, used 16855K [0x00000000f5a00000, 0x00000000f7006000, 0x0000000100000000)
 Metaspace       used 28977K, capacity 29746K, committed 29976K, reserved 1075200K
  class space    used 3598K, capacity 3793K, committed 3864K, reserved 1048576K
}
2019-10-16T14:16:51.351+0000: 11.203: Total time for which application threads were stopped: 0.0022968 seconds, Stopping threads took: 0.0000401 seconds
{Heap before GC invocations=436 (full 3):
 par new generation   total 4928K, used 4774K [0x00000000f0800000, 0x00000000f0d50000, 0x00000000f5a00000)
  eden space 4416K, 100% used [0x00000000f0800000, 0x00000000f0c50000, 0x00000000f0c50000)
  from space 512K,  69% used [0x00000000f0c50000, 0x00000000f0ca9950, 0x00000000f0cd0000)
  to   space 512K,   0% used [0x00000000f0cd0000, 0x00000000f0cd0000, 0x00000000f0d50000)
 concurrent mark-sweep generation total 22552K, used 16855K [0x00000000f5a00000, 0x00000000f7006000, 0x0000000100000000)
 Metaspace       used 28978K, capacity 29746K, committed 29976K, reserved 1075200K
  class space    used 3598K, capacity 3793K, committed 3864K, reserved 1048576K
2019-10-16T14:16:51.369+0000: 11.221: [GC (Allocation Failure) 2019-10-16T14:16:51.369+0000: 11.221: [ParNew
Desired survivor size 262144 bytes, new threshold 5 (max 6)
- age   1:      88848 bytes,      88848 total
- age   2:      31088 bytes,     119936 total
- age   3:      50080 bytes,     170016 total
- age   4:      67008 bytes,     237024 total
- age   5:      76440 bytes,     313464 total
: 4774K->512K(4928K), 0.0020791 secs] 21630K->17426K(27480K), 0.0021304 secs] [Times: user=0.00 sys=0.00, real=0.01 secs] 
Heap after GC invocations=437 (full 3):
 par new generation   total 4928K, used 512K [0x00000000f0800000, 0x00000000f0d50000, 0x00000000f5a00000)
  eden space 4416K,   0% used [0x00000000f0800000, 0x00000000f0800000, 0x00000000f0c50000)
  from space 512K, 100% used [0x00000000f0cd0000, 0x00000000f0d50000, 0x00000000f0d50000)
  to   space 512K,   0% used [0x00000000f0c50000, 0x00000000f0c50000, 0x00000000f0cd0000)
 concurrent mark-sweep generation total 22552K, used 16914K [0x00000000f5a00000, 0x00000000f7006000, 0x0000000100000000)
 Metaspace       used 28978K, capacity 29746K, committed 29976K, reserved 1075200K
  class space    used 3598K, capacity 3793K, committed 3864K, reserved 1048576K
}
2019-10-16T14:16:51.371+0000: 11.223: Total time for which application threads were stopped: 0.0022378 seconds, Stopping threads took: 0.0000219 seconds
2019-10-16T14:16:51.371+0000: 11.223: [GC (CMS Initial Mark) [1 CMS-initial-mark: 16914K(22552K)] 17426K(27480K), 0.0009280 secs] [Times: user=0.00 sys=0.00, real=0.00 secs] 
2019-10-16T14:16:51.372+0000: 11.224: Total time for which application threads were stopped: 0.0010034 seconds, Stopping threads took: 0.0000370 seconds
2019-10-16T14:16:51.372+0000: 11.224: [CMS-concurrent-mark-start]
{Heap before GC invocations=437 (full 4):
 par new generation   total 4928K, used 4928K [0x00000000f0800000, 0x00000000f0d50000, 0x00000000f5a00000)
  eden space 4416K, 100% used [0x00000000f0800000, 0x00000000f0c50000, 0x00000000f0c50000)
  from space 512K, 100% used [0x00000000f0cd0000, 0x00000000f0d50000, 0x00000000f0d50000)
  to   space 512K,   0% used [0x00000000f0c50000, 0x00000000f0c50000, 0x00000000f0cd0000)
 concurrent mark-sweep generation total 22552K, used 16914K [0x00000000f5a00000, 0x00000000f7006000, 0x0000000100000000)
 Metaspace       used 28982K, capacity 29746K, committed 29976K, reserved 1075200K
  class space    used 3599K, capacity 3793K, committed 3864K, reserved 1048576K
2019-10-16T14:16:51.406+0000: 11.258: [GC (Allocation Failure) 2019-10-16T14:16:51.406+0000: 11.258: [ParNew
Desired survivor size 262144 bytes, new threshold 5 (max 6)
- age   1:      74712 bytes,      74712 total
- age   2:      87432 bytes,     162144 total
- age   3:      31088 bytes,     193232 total
- age   4:      49384 bytes,     242616 total
- age   5:      61424 bytes,     304040 total
: 4928K->359K(4928K), 0.0024755 secs] 21842K->17350K(27480K), 0.0025376 secs] [Times: user=0.00 sys=0.00, real=0.00 secs] 
Heap after GC invocations=438 (full 4):
 par new generation   total 4928K, used 359K [0x00000000f0800000, 0x00000000f0d50000, 0x00000000f5a00000)
  eden space 4416K,   0% used [0x00000000f0800000, 0x00000000f0800000, 0x00000000f0c50000)
  from space 512K,  70% used [0x00000000f0c50000, 0x00000000f0ca9db0, 0x00000000f0cd0000)
  to   space 512K,   0% used [0x00000000f0cd0000, 0x00000000f0cd0000, 0x00000000f0d50000)
 concurrent mark-sweep generation total 22552K, used 16990K [0x00000000f5a00000, 0x00000000f7006000, 0x0000000100000000)
 Metaspace       used 28982K, capacity 29746K, committed 29976K, reserved 1075200K
  class space    used 3599K, capacity 3793K, committed 3864K, reserved 1048576K
}
2019-10-16T14:16:51.409+0000: 11.261: Total time for which application threads were stopped: 0.0026655 seconds, Stopping threads took: 0.0000161 seconds
{Heap before GC invocations=438 (full 4):
 par new generation   total 4928K, used 4775K [0x00000000f0800000, 0x00000000f0d50000, 0x00000000f5a00000)
  eden space 4416K, 100% used [0x00000000f0800000, 0x00000000f0c50000, 0x00000000f0c50000)
  from space 512K,  70% used [0x00000000f0c50000, 0x00000000f0ca9db0, 0x00000000f0cd0000)
  to   space 512K,   0% used [0x00000000f0cd0000, 0x00000000f0cd0000, 0x00000000f0d50000)
 concurrent mark-sweep generation total 22552K, used 16990K [0x00000000f5a00000, 0x00000000f7006000, 0x0000000100000000)
 Metaspace       used 28983K, capacity 29746K, committed 29976K, reserved 1075200K
  class space    used 3599K, capacity 3793K, committed 3864K, reserved 1048576K
2019-10-16T14:16:51.426+0000: 11.278: [GC (Allocation Failure) 2019-10-16T14:16:51.426+0000: 11.278: [ParNew
Desired survivor size 262144 bytes, new threshold 5 (max 6)
- age   1:      72792 bytes,      72792 total
- age   2:      67640 bytes,     140432 total
- age   3:      85784 bytes,     226216 total
- age   4:      31088 bytes,     257304 total
- age   5:      47816 bytes,     305120 total
: 4775K->512K(4928K), 0.0022122 secs] 21766K->17566K(27480K), 0.0022650 secs] [Times: user=0.00 sys=0.00, real=0.00 secs] 
Heap after GC invocations=439 (full 4):
 par new generation   total 4928K, used 512K [0x00000000f0800000, 0x00000000f0d50000, 0x00000000f5a00000)
  eden space 4416K,   0% used [0x00000000f0800000, 0x00000000f0800000, 0x00000000f0c50000)
  from space 512K, 100% used [0x00000000f0cd0000, 0x00000000f0d50000, 0x00000000f0d50000)
  to   space 512K,   0% used [0x00000000f0c50000, 0x00000000f0c50000, 0x00000000f0cd0000)
 concurrent mark-sweep generation total 22552K, used 17054K [0x00000000f5a00000, 0x00000000f7006000, 0x0000000100000000)
 Metaspace       used 28983K, capacity 29746K, committed 29976K, reserved 1075200K
  class space    used 3599K, capacity 3793K, committed 3864K, reserved 1048576K
}
2019-10-16T14:16:51.429+0000: 11.281: Total time for which application threads were stopped: 0.0023708 seconds, Stopping threads took: 0.0000164 seconds
2019-10-16T14:16:51.451+0000: 11.303: [CMS-concurrent-mark: 0.078/0.078 secs] [Times: user=0.07 sys=0.00, real=0.08 secs] 
2019-10-16T14:16:51.451+0000: 11.303: [CMS-concurrent-preclean-start]
2019-10-16T14:16:51.452+0000: 11.304: [CMS-concurrent-preclean: 0.001/0.001 secs] [Times: user=0.00 sys=0.00, real=0.00 secs] 
2019-10-16T14:16:51.452+0000: 11.304: [CMS-concurrent-abortable-preclean-start]
{Heap before GC invocations=439 (full 4):
 par new generation   total 4928K, used 4928K [0x00000000f0800000, 0x00000000f0d50000, 0x00000000f5a00000)
  eden space 4416K, 100% used [0x00000000f0800000, 0x00000000f0c50000, 0x00000000f0c50000)
  from space 512K, 100% used [0x00000000f0cd0000, 0x00000000f0d50000, 0x00000000f0d50000)
  to   space 512K,   0% used [0x00000000f0c50000, 0x00000000f0c50000, 0x00000000f0cd0000)
 concurrent mark-sweep generation total 22552K, used 17054K [0x00000000f5a00000, 0x00000000f7006000, 0x0000000100000000)
 Metaspace       used 28986K, capacity 29746K, committed 29976K, reserved 1075200K
  class space    used 3599K, capacity 3793K, committed 3864K, reserved 1048576K
2019-10-16T14:16:51.454+0000: 11.306: [GC (Allocation Failure) 2019-10-16T14:16:51.454+0000: 11.306: [ParNew
Desired survivor size 262144 bytes, new threshold 4 (max 6)
- age   1:      96744 bytes,      96744 total
- age   2:      71344 bytes,     168088 total
- age   3:      64896 bytes,     232984 total
- age   4:      81872 bytes,     314856 total
- age   5:      31088 bytes,     345944 total
: 4928K->358K(4928K), 0.0018297 secs] 21982K->17460K(27480K), 0.0018731 secs] [Times: user=0.00 sys=0.00, real=0.00 secs] 
Heap after GC invocations=440 (full 4):
 par new generation   total 4928K, used 358K [0x00000000f0800000, 0x00000000f0d50000, 0x00000000f5a00000)
  eden space 4416K,   0% used [0x00000000f0800000, 0x00000000f0800000, 0x00000000f0c50000)
  from space 512K,  69% used [0x00000000f0c50000, 0x00000000f0ca98a0, 0x00000000f0cd0000)
  to   space 512K,   0% used [0x00000000f0cd0000, 0x00000000f0cd0000, 0x00000000f0d50000)
 concurrent mark-sweep generation total 22552K, used 17102K [0x00000000f5a00000, 0x00000000f7006000, 0x0000000100000000)
 Metaspace       used 28986K, capacity 29746K, committed 29976K, reserved 1075200K
  class space    used 3599K, capacity 3793K, committed 3864K, reserved 1048576K
}
2019-10-16T14:16:51.456+0000: 11.308: Total time for which application threads were stopped: 0.0019985 seconds, Stopping threads took: 0.0000292 seconds
2019-10-16T14:16:51.465+0000: 11.317: [CMS-concurrent-abortable-preclean: 0.005/0.013 secs] [Times: user=0.02 sys=0.00, real=0.01 secs] 
2019-10-16T14:16:51.472+0000: 11.324: [GC (CMS Final Remark) [YG occupancy: 4774 K (4928 K)]2019-10-16T14:16:51.472+0000: 11.324: [Rescan (parallel) , 0.0026046 secs]2019-10-16T14:16:51.475+0000: 11.327: [weak refs processing, 0.0000315 secs]2019-10-16T14:16:51.475+0000: 11.327: [class unloading, 0.0042143 secs]2019-10-16T14:16:51.479+0000: 11.331: [scrub symbol table, 0.0043728 secs]2019-10-16T14:16:51.483+0000: 11.335: [scrub string table, 0.0004687 secs][1 CMS-remark: 17102K(22552K)] 21876K(27480K), 0.0117907 secs] [Times: user=0.02 sys=0.00, real=0.01 secs] 
2019-10-16T14:16:51.484+0000: 11.336: Total time for which application threads were stopped: 0.0119075 seconds, Stopping threads took: 0.0000332 seconds
2019-10-16T14:16:51.490+0000: 11.342: [CMS-concurrent-sweep-start]
{Heap before GC invocations=440 (full 4):
 par new generation   total 4928K, used 4774K [0x00000000f0800000, 0x00000000f0d50000, 0x00000000f5a00000)
  eden space 4416K, 100% used [0x00000000f0800000, 0x00000000f0c50000, 0x00000000f0c50000)
  from space 512K,  69% used [0x00000000f0c50000, 0x00000000f0ca98a0, 0x00000000f0cd0000)
  to   space 512K,   0% used [0x00000000f0cd0000, 0x00000000f0cd0000, 0x00000000f0d50000)
 concurrent mark-sweep generation total 22552K, used 17033K [0x00000000f5a00000, 0x00000000f7006000, 0x0000000100000000)
 Metaspace       used 28986K, capacity 29746K, committed 29976K, reserved 1075200K
  class space    used 3599K, capacity 3793K, committed 3864K, reserved 1048576K
2019-10-16T14:16:51.494+0000: 11.346: [GC (Allocation Failure) 2019-10-16T14:16:51.494+0000: 11.346: [ParNew
Desired survivor size 262144 bytes, new threshold 6 (max 6)
- age   1:      33984 bytes,      33984 total
- age   2:      92600 bytes,     126584 total
- age   3:      71344 bytes,     197928 total
- age   4:      63264 bytes,     261192 total
: 4774K->297K(4928K), 0.0022677 secs] 21807K->17445K(27480K), 0.0023178 secs] [Times: user=0.00 sys=0.00, real=0.00 secs] 
Heap after GC invocations=441 (full 4):
 par new generation   total 4928K, used 297K [0x00000000f0800000, 0x00000000f0d50000, 0x00000000f5a00000)
  eden space 4416K,   0% used [0x00000000f0800000, 0x00000000f0800000, 0x00000000f0c50000)
  from space 512K,  58% used [0x00000000f0cd0000, 0x00000000f0d1a4e8, 0x00000000f0d50000)
  to   space 512K,   0% used [0x00000000f0c50000, 0x00000000f0c50000, 0x00000000f0cd0000)
 concurrent mark-sweep generation total 22552K, used 17147K [0x00000000f5a00000, 0x00000000f7006000, 0x0000000100000000)
 Metaspace       used 28986K, capacity 29746K, committed 29976K, reserved 1075200K
  class space    used 3599K, capacity 3793K, committed 3864K, reserved 1048576K
}
2019-10-16T14:16:51.497+0000: 11.349: Total time for which application threads were stopped: 0.0024354 seconds, Stopping threads took: 0.0000130 seconds
2019-10-16T14:16:51.506+0000: 11.358: [CMS-concurrent-sweep: 0.013/0.016 secs] [Times: user=0.02 sys=0.00, real=0.01 secs] 
2019-10-16T14:16:51.506+0000: 11.358: [CMS-concurrent-reset-start]
2019-10-16T14:16:51.506+0000: 11.358: [CMS-concurrent-reset: 0.000/0.000 secs] [Times: user=0.00 sys=0.00, real=0.00 secs] 
2019-10-16T14:16:51.526+0000: 11.378: Total time for which application threads were stopped: 0.0003775 seconds, Stopping threads took: 0.0000235 seconds
{Heap before GC invocations=441 (full 4):
 par new generation   total 4928K, used 4713K [0x00000000f0800000, 0x00000000f0d50000, 0x00000000f5a00000)
  eden space 4416K, 100% used [0x00000000f0800000, 0x00000000f0c50000, 0x00000000f0c50000)
  from space 512K,  58% used [0x00000000f0cd0000, 0x00000000f0d1a4e8, 0x00000000f0d50000)
  to   space 512K,   0% used [0x00000000f0c50000, 0x00000000f0c50000, 0x00000000f0cd0000)
 concurrent mark-sweep generation total 28232K, used 16938K [0x00000000f5a00000, 0x00000000f7592000, 0x0000000100000000)
 Metaspace       used 29025K, capacity 29778K, committed 29976K, reserved 1075200K
  class space    used 3607K, capacity 3799K, committed 3864K, reserved 1048576K
2019-10-16T14:16:51.534+0000: 11.386: [GC (Allocation Failure) 2019-10-16T14:16:51.534+0000: 11.386: [ParNew
Desired survivor size 262144 bytes, new threshold 4 (max 6)
- age   1:      99656 bytes,      99656 total
- age   2:      31264 bytes,     130920 total
- age   3:      92600 bytes,     223520 total
- age   4:      71344 bytes,     294864 total
- age   5:      61048 bytes,     355912 total
: 4713K->512K(4928K), 0.0025694 secs] 21651K->17452K(33160K), 0.0026108 secs] [Times: user=0.00 sys=0.00, real=0.00 secs] 
Heap after GC invocations=442 (full 4):
 par new generation   total 4928K, used 512K [0x00000000f0800000, 0x00000000f0d50000, 0x00000000f5a00000)
  eden space 4416K,   0% used [0x00000000f0800000, 0x00000000f0800000, 0x00000000f0c50000)
  from space 512K, 100% used [0x00000000f0c50000, 0x00000000f0cd0000, 0x00000000f0cd0000)
  to   space 512K,   0% used [0x00000000f0cd0000, 0x00000000f0cd0000, 0x00000000f0d50000)
 concurrent mark-sweep generation total 28232K, used 16940K [0x00000000f5a00000, 0x00000000f7592000, 0x0000000100000000)
 Metaspace       used 29025K, capacity 29778K, committed 29976K, reserved 1075200K
  class space    used 3607K, capacity 3799K, committed 3864K, reserved 1048576K
}
2019-10-16T14:16:51.536+0000: 11.388: Total time for which application threads were stopped: 0.0027222 seconds, Stopping threads took: 0.0000187 seconds
{Heap before GC invocations=442 (full 4):
 par new generation   total 4928K, used 4928K [0x00000000f0800000, 0x00000000f0d50000, 0x00000000f5a00000)
  eden space 4416K, 100% used [0x00000000f0800000, 0x00000000f0c50000, 0x00000000f0c50000)
  from space 512K, 100% used [0x00000000f0c50000, 0x00000000f0cd0000, 0x00000000f0cd0000)
  to   space 512K,   0% used [0x00000000f0cd0000, 0x00000000f0cd0000, 0x00000000f0d50000)
 concurrent mark-sweep generation total 28232K, used 16940K [0x00000000f5a00000, 0x00000000f7592000, 0x0000000100000000)
 Metaspace       used 29088K, capacity 29872K, committed 29976K, reserved 1075200K
  class space    used 3616K, capacity 3806K, committed 3864K, reserved 1048576K
2019-10-16T14:16:51.560+0000: 11.412: [GC (Allocation Failure) 2019-10-16T14:16:51.560+0000: 11.412: [ParNew
Desired survivor size 262144 bytes, new threshold 4 (max 6)
- age   1:     132952 bytes,     132952 total
- age   2:      96576 bytes,     229528 total
- age   3:      31264 bytes,     260792 total
- age   4:      92600 bytes,     353392 total
: 4928K->512K(4928K), 0.0032741 secs] 21868K->17585K(33160K), 0.0033434 secs] [Times: user=0.00 sys=0.00, real=0.01 secs] 
Heap after GC invocations=443 (full 4):
 par new generation   total 4928K, used 512K [0x00000000f0800000, 0x00000000f0d50000, 0x00000000f5a00000)
  eden space 4416K,   0% used [0x00000000f0800000, 0x00000000f0800000, 0x00000000f0c50000)
  from space 512K, 100% used [0x00000000f0cd0000, 0x00000000f0d50000, 0x00000000f0d50000)
  to   space 512K,   0% used [0x00000000f0c50000, 0x00000000f0c50000, 0x00000000f0cd0000)
 concurrent mark-sweep generation total 28232K, used 17073K [0x00000000f5a00000, 0x00000000f7592000, 0x0000000100000000)
 Metaspace       used 29088K, capacity 29872K, committed 29976K, reserved 1075200K
  class space    used 3616K, capacity 3806K, committed 3864K, reserved 1048576K
}
2019-10-16T14:16:51.563+0000: 11.415: Total time for which application threads were stopped: 0.0034677 seconds, Stopping threads took: 0.0000219 seconds
{Heap before GC invocations=443 (full 4):
 par new generation   total 4928K, used 4928K [0x00000000f0800000, 0x00000000f0d50000, 0x00000000f5a00000)
  eden space 4416K, 100% used [0x00000000f0800000, 0x00000000f0c50000, 0x00000000f0c50000)
  from space 512K, 100% used [0x00000000f0cd0000, 0x00000000f0d50000, 0x00000000f0d50000)
  to   space 512K,   0% used [0x00000000f0c50000, 0x00000000f0c50000, 0x00000000f0cd0000)
 concurrent mark-sweep generation total 28232K, used 17073K [0x00000000f5a00000, 0x00000000f7592000, 0x0000000100000000)
 Metaspace       used 29116K, capacity 29872K, committed 29976K, reserved 1075200K
  class space    used 3622K, capacity 3806K, committed 3864K, reserved 1048576K
2019-10-16T14:16:51.577+0000: 11.429: [GC (Allocation Failure) 2019-10-16T14:16:51.577+0000: 11.429: [ParNew
Desired survivor size 262144 bytes, new threshold 4 (max 6)
- age   1:      31688 bytes,      31688 total
- age   2:     120280 bytes,     151968 total
- age   3:      96576 bytes,     248544 total
- age   4:      31264 bytes,     279808 total
: 4928K->341K(4928K), 0.0027192 secs] 22001K->17509K(33160K), 0.0027630 secs] [Times: user=0.00 sys=0.00, real=0.00 secs] 
Heap after GC invocations=444 (full 4):
 par new generation   total 4928K, used 341K [0x00000000f0800000, 0x00000000f0d50000, 0x00000000f5a00000)
  eden space 4416K,   0% used [0x00000000f0800000, 0x00000000f0800000, 0x00000000f0c50000)
  from space 512K,  66% used [0x00000000f0c50000, 0x00000000f0ca5768, 0x00000000f0cd0000)
  to   space 512K,   0% used [0x00000000f0cd0000, 0x00000000f0cd0000, 0x00000000f0d50000)
 concurrent mark-sweep generation total 28232K, used 17167K [0x00000000f5a00000, 0x00000000f7592000, 0x0000000100000000)
 Metaspace       used 29116K, capacity 29872K, committed 29976K, reserved 1075200K
  class space    used 3622K, capacity 3806K, committed 3864K, reserved 1048576K
}
2019-10-16T14:16:51.580+0000: 11.432: Total time for which application threads were stopped: 0.0028665 seconds, Stopping threads took: 0.0000207 seconds
{Heap before GC invocations=444 (full 4):
 par new generation   total 4928K, used 4757K [0x00000000f0800000, 0x00000000f0d50000, 0x00000000f5a00000)
  eden space 4416K, 100% used [0x00000000f0800000, 0x00000000f0c50000, 0x00000000f0c50000)
  from space 512K,  66% used [0x00000000f0c50000, 0x00000000f0ca5768, 0x00000000f0cd0000)
  to   space 512K,   0% used [0x00000000f0cd0000, 0x00000000f0cd0000, 0x00000000f0d50000)
 concurrent mark-sweep generation total 28232K, used 17167K [0x00000000f5a00000, 0x00000000f7592000, 0x0000000100000000)
 Metaspace       used 29156K, capacity 29942K, committed 30232K, reserved 1075200K
  class space    used 3629K, capacity 3807K, committed 3864K, reserved 1048576K
2019-10-16T14:16:51.598+0000: 11.450: [GC (Allocation Failure) 2019-10-16T14:16:51.598+0000: 11.450: [ParNew
Desired survivor size 262144 bytes, new threshold 4 (max 6)
- age   1:      38312 bytes,      38312 total
- age   2:      28128 bytes,      66440 total
- age   3:     120280 bytes,     186720 total
- age   4:      96576 bytes,     283296 total
: 4757K->290K(4928K), 0.0023544 secs] 21925K->17490K(33160K), 0.0024025 secs] [Times: user=0.00 sys=0.00, real=0.00 secs] 
Heap after GC invocations=445 (full 4):
 par new generation   total 4928K, used 290K [0x00000000f0800000, 0x00000000f0d50000, 0x00000000f5a00000)
  eden space 4416K,   0% used [0x00000000f0800000, 0x00000000f0800000, 0x00000000f0c50000)
  from space 512K,  56% used [0x00000000f0cd0000, 0x00000000f0d18ac0, 0x00000000f0d50000)
  to   space 512K,   0% used [0x00000000f0c50000, 0x00000000f0c50000, 0x00000000f0cd0000)
 concurrent mark-sweep generation total 28232K, used 17199K [0x00000000f5a00000, 0x00000000f7592000, 0x0000000100000000)
 Metaspace       used 29156K, capacity 29942K, committed 30232K, reserved 1075200K
  class space    used 3629K, capacity 3807K, committed 3864K, reserved 1048576K
}
2019-10-16T14:16:51.601+0000: 11.453: Total time for which application threads were stopped: 0.0025456 seconds, Stopping threads took: 0.0000354 seconds
{Heap before GC invocations=445 (full 4):
 par new generation   total 4928K, used 4706K [0x00000000f0800000, 0x00000000f0d50000, 0x00000000f5a00000)
  eden space 4416K, 100% used [0x00000000f0800000, 0x00000000f0c50000, 0x00000000f0c50000)
  from space 512K,  56% used [0x00000000f0cd0000, 0x00000000f0d18ac0, 0x00000000f0d50000)
  to   space 512K,   0% used [0x00000000f0c50000, 0x00000000f0c50000, 0x00000000f0cd0000)
 concurrent mark-sweep generation total 28232K, used 17199K [0x00000000f5a00000, 0x00000000f7592000, 0x0000000100000000)
 Metaspace       used 29193K, capacity 29974K, committed 30232K, reserved 1075200K
  class space    used 3635K, capacity 3839K, committed 3864K, reserved 1048576K
2019-10-16T14:16:51.618+0000: 11.470: [GC (Allocation Failure) 2019-10-16T14:16:51.618+0000: 11.470: [ParNew
Desired survivor size 262144 bytes, new threshold 6 (max 6)
- age   1:      25008 bytes,      25008 total
- age   2:      33560 bytes,      58568 total
- age   3:      28128 bytes,      86696 total
- age   4:     120280 bytes,     206976 total
: 4706K->280K(4928K), 0.0022787 secs] 21906K->17578K(33160K), 0.0023158 secs] [Times: user=0.00 sys=0.00, real=0.00 secs] 
Heap after GC invocations=446 (full 4):
 par new generation   total 4928K, used 280K [0x00000000f0800000, 0x00000000f0d50000, 0x00000000f5a00000)
  eden space 4416K,   0% used [0x00000000f0800000, 0x00000000f0800000, 0x00000000f0c50000)
  from space 512K,  54% used [0x00000000f0c50000, 0x00000000f0c96020, 0x00000000f0cd0000)
  to   space 512K,   0% used [0x00000000f0cd0000, 0x00000000f0cd0000, 0x00000000f0d50000)
 concurrent mark-sweep generation total 28232K, used 17298K [0x00000000f5a00000, 0x00000000f7592000, 0x0000000100000000)
 Metaspace       used 29193K, capacity 29974K, committed 30232K, reserved 1075200K
  class space    used 3635K, capacity 3839K, committed 3864K, reserved 1048576K
}
2019-10-16T14:16:51.620+0000: 11.472: Total time for which application threads were stopped: 0.0024170 seconds, Stopping threads took: 0.0000194 seconds
{Heap before GC invocations=446 (full 4):
 par new generation   total 4928K, used 4696K [0x00000000f0800000, 0x00000000f0d50000, 0x00000000f5a00000)
  eden space 4416K, 100% used [0x00000000f0800000, 0x00000000f0c50000, 0x00000000f0c50000)
  from space 512K,  54% used [0x00000000f0c50000, 0x00000000f0c96020, 0x00000000f0cd0000)
  to   space 512K,   0% used [0x00000000f0cd0000, 0x00000000f0cd0000, 0x00000000f0d50000)
 concurrent mark-sweep generation total 28232K, used 17298K [0x00000000f5a00000, 0x00000000f7592000, 0x0000000100000000)
 Metaspace       used 29201K, capacity 29974K, committed 30232K, reserved 1075200K
  class space    used 3638K, capacity 3839K, committed 3864K, reserved 1048576K
2019-10-16T14:16:51.630+0000: 11.482: [GC (Allocation Failure) 2019-10-16T14:16:51.630+0000: 11.482: [ParNew
Desired survivor size 262144 bytes, new threshold 6 (max 6)
- age   1:      12040 bytes,      12040 total
- age   2:      21808 bytes,      33848 total
- age   3:      33416 bytes,      67264 total
- age   4:      28128 bytes,      95392 total
- age   5:     120280 bytes,     215672 total
: 4696K->221K(4928K), 0.0014188 secs] 21994K->17519K(33160K), 0.0014611 secs] [Times: user=0.00 sys=0.00, real=0.00 secs] 
Heap after GC invocations=447 (full 4):
 par new generation   total 4928K, used 221K [0x00000000f0800000, 0x00000000f0d50000, 0x00000000f5a00000)
  eden space 4416K,   0% used [0x00000000f0800000, 0x00000000f0800000, 0x00000000f0c50000)
  from space 512K,  43% used [0x00000000f0cd0000, 0x00000000f0d074c0, 0x00000000f0d50000)
  to   space 512K,   0% used [0x00000000f0c50000, 0x00000000f0c50000, 0x00000000f0cd0000)
 concurrent mark-sweep generation total 28232K, used 17298K [0x00000000f5a00000, 0x00000000f7592000, 0x0000000100000000)
 Metaspace       used 29201K, capacity 29974K, committed 30232K, reserved 1075200K
  class space    used 3638K, capacity 3839K, committed 3864K, reserved 1048576K
}
2019-10-16T14:16:51.632+0000: 11.484: Total time for which application threads were stopped: 0.0015565 seconds, Stopping threads took: 0.0000196 seconds
{Heap before GC invocations=447 (full 4):
 par new generation   total 4928K, used 4637K [0x00000000f0800000, 0x00000000f0d50000, 0x00000000f5a00000)
  eden space 4416K, 100% used [0x00000000f0800000, 0x00000000f0c50000, 0x00000000f0c50000)
  from space 512K,  43% used [0x00000000f0cd0000, 0x00000000f0d074c0, 0x00000000f0d50000)
  to   space 512K,   0% used [0x00000000f0c50000, 0x00000000f0c50000, 0x00000000f0cd0000)
 concurrent mark-sweep generation total 28232K, used 17298K [0x00000000f5a00000, 0x00000000f7592000, 0x0000000100000000)
 Metaspace       used 29222K, capacity 30038K, committed 30232K, reserved 1075200K
  class space    used 3644K, capacity 3839K, committed 3864K, reserved 1048576K
2019-10-16T14:16:51.648+0000: 11.500: [GC (Allocation Failure) 2019-10-16T14:16:51.648+0000: 11.500: [ParNew
Desired survivor size 262144 bytes, new threshold 6 (max 6)
- age   1:      29976 bytes,      29976 total
- age   2:       9256 bytes,      39232 total
- age   3:      21624 bytes,      60856 total
- age   4:      33416 bytes,      94272 total
- age   5:      27728 bytes,     122000 total
- age   6:     119448 bytes,     241448 total
: 4637K->425K(4928K), 0.0015182 secs] 21935K->17724K(33160K), 0.0015652 secs] [Times: user=0.00 sys=0.00, real=0.00 secs] 
Heap after GC invocations=448 (full 4):
 par new generation   total 4928K, used 425K [0x00000000f0800000, 0x00000000f0d50000, 0x00000000f5a00000)
  eden space 4416K,   0% used [0x00000000f0800000, 0x00000000f0800000, 0x00000000f0c50000)
  from space 512K,  83% used [0x00000000f0c50000, 0x00000000f0cba7e0, 0x00000000f0cd0000)
  to   space 512K,   0% used [0x00000000f0cd0000, 0x00000000f0cd0000, 0x00000000f0d50000)
 concurrent mark-sweep generation total 28232K, used 17298K [0x00000000f5a00000, 0x00000000f7592000, 0x0000000100000000)
 Metaspace       used 29222K, capacity 30038K, committed 30232K, reserved 1075200K
  class space    used 3644K, capacity 3839K, committed 3864K, reserved 1048576K
}
2019-10-16T14:16:51.649+0000: 11.501: Total time for which application threads were stopped: 0.0016581 seconds, Stopping threads took: 0.0000180 seconds
{Heap before GC invocations=448 (full 4):
 par new generation   total 4928K, used 4841K [0x00000000f0800000, 0x00000000f0d50000, 0x00000000f5a00000)
  eden space 4416K, 100% used [0x00000000f0800000, 0x00000000f0c50000, 0x00000000f0c50000)
  from space 512K,  83% used [0x00000000f0c50000, 0x00000000f0cba7e0, 0x00000000f0cd0000)
  to   space 512K,   0% used [0x00000000f0cd0000, 0x00000000f0cd0000, 0x00000000f0d50000)
 concurrent mark-sweep generation total 28232K, used 17298K [0x00000000f5a00000, 0x00000000f7592000, 0x0000000100000000)
 Metaspace       used 29307K, capacity 30146K, committed 30360K, reserved 1075200K
  class space    used 3656K, capacity 3875K, committed 3992K, reserved 1048576K
2019-10-16T14:16:51.674+0000: 11.526: [GC (Allocation Failure) 2019-10-16T14:16:51.674+0000: 11.526: [ParNew
Desired survivor size 262144 bytes, new threshold 6 (max 6)
- age   1:      54600 bytes,      54600 total
- age   2:      26392 bytes,      80992 total
- age   3:       9256 bytes,      90248 total
- age   4:      21624 bytes,     111872 total
- age   5:      32568 bytes,     144440 total
- age   6:      27728 bytes,     172168 total
: 4841K->283K(4928K), 0.0023196 secs] 22140K->17697K(33160K), 0.0023824 secs] [Times: user=0.00 sys=0.00, real=0.00 secs] 
Heap after GC invocations=449 (full 4):
 par new generation   total 4928K, used 283K [0x00000000f0800000, 0x00000000f0d50000, 0x00000000f5a00000)
  eden space 4416K,   0% used [0x00000000f0800000, 0x00000000f0800000, 0x00000000f0c50000)
  from space 512K,  55% used [0x00000000f0cd0000, 0x00000000f0d16f00, 0x00000000f0d50000)
  to   space 512K,   0% used [0x00000000f0c50000, 0x00000000f0c50000, 0x00000000f0cd0000)
 concurrent mark-sweep generation total 28232K, used 17414K [0x00000000f5a00000, 0x00000000f7592000, 0x0000000100000000)
 Metaspace       used 29307K, capacity 30146K, committed 30360K, reserved 1075200K
  class space    used 3656K, capacity 3875K, committed 3992K, reserved 1048576K
}
2019-10-16T14:16:51.677+0000: 11.529: Total time for which application threads were stopped: 0.0024975 seconds, Stopping threads took: 0.0000250 seconds
{Heap before GC invocations=449 (full 4):
 par new generation   total 4928K, used 4699K [0x00000000f0800000, 0x00000000f0d50000, 0x00000000f5a00000)
  eden space 4416K, 100% used [0x00000000f0800000, 0x00000000f0c50000, 0x00000000f0c50000)
  from space 512K,  55% used [0x00000000f0cd0000, 0x00000000f0d16f00, 0x00000000f0d50000)
  to   space 512K,   0% used [0x00000000f0c50000, 0x00000000f0c50000, 0x00000000f0cd0000)
 concurrent mark-sweep generation total 28232K, used 17414K [0x00000000f5a00000, 0x00000000f7592000, 0x0000000100000000)
 Metaspace       used 29376K, capacity 30210K, committed 30360K, reserved 1075200K
  class space    used 3665K, capacity 3875K, committed 3992K, reserved 1048576K
2019-10-16T14:16:51.708+0000: 11.560: [GC (Allocation Failure) 2019-10-16T14:16:51.708+0000: 11.560: [ParNew
Desired survivor size 262144 bytes, new threshold 6 (max 6)
- age   1:      33240 bytes,      33240 total
- age   2:      45848 bytes,      79088 total
- age   3:      26392 bytes,     105480 total
- age   4:       9256 bytes,     114736 total
- age   5:      21624 bytes,     136360 total
- age   6:      32568 bytes,     168928 total
: 4699K->196K(4928K), 0.0020629 secs] 22113K->17638K(33160K), 0.0021239 secs] [Times: user=0.01 sys=0.00, real=0.00 secs] 
Heap after GC invocations=450 (full 4):
 par new generation   total 4928K, used 196K [0x00000000f0800000, 0x00000000f0d50000, 0x00000000f5a00000)
  eden space 4416K,   0% used [0x00000000f0800000, 0x00000000f0800000, 0x00000000f0c50000)
  from space 512K,  38% used [0x00000000f0c50000, 0x00000000f0c81300, 0x00000000f0cd0000)
  to   space 512K,   0% used [0x00000000f0cd0000, 0x00000000f0cd0000, 0x00000000f0d50000)
 concurrent mark-sweep generation total 28232K, used 17441K [0x00000000f5a00000, 0x00000000f7592000, 0x0000000100000000)
 Metaspace       used 29376K, capacity 30210K, committed 30360K, reserved 1075200K
  class space    used 3665K, capacity 3875K, committed 3992K, reserved 1048576K
}
2019-10-16T14:16:51.710+0000: 11.562: Total time for which application threads were stopped: 0.0022419 seconds, Stopping threads took: 0.0000236 seconds
{Heap before GC invocations=450 (full 4):
 par new generation   total 4928K, used 4612K [0x00000000f0800000, 0x00000000f0d50000, 0x00000000f5a00000)
  eden space 4416K, 100% used [0x00000000f0800000, 0x00000000f0c50000, 0x00000000f0c50000)
  from space 512K,  38% used [0x00000000f0c50000, 0x00000000f0c81300, 0x00000000f0cd0000)
  to   space 512K,   0% used [0x00000000f0cd0000, 0x00000000f0cd0000, 0x00000000f0d50000)
 concurrent mark-sweep generation total 28232K, used 17441K [0x00000000f5a00000, 0x00000000f7592000, 0x0000000100000000)
 Metaspace       used 29444K, capacity 30242K, committed 30360K, reserved 1075200K
  class space    used 3674K, capacity 3907K, committed 3992K, reserved 1048576K
2019-10-16T14:16:51.728+0000: 11.580: [GC (Allocation Failure) 2019-10-16T14:16:51.728+0000: 11.580: [ParNew
Desired survivor size 262144 bytes, new threshold 6 (max 6)
- age   1:      29672 bytes,      29672 total
- age   2:      28776 bytes,      58448 total
- age   3:      45848 bytes,     104296 total
- age   4:      26392 bytes,     130688 total
- age   5:       9256 bytes,     139944 total
- age   6:      21624 bytes,     161568 total
: 4612K->296K(4928K), 0.0021493 secs] 22054K->17770K(33160K), 0.0022026 secs] [Times: user=0.01 sys=0.00, real=0.01 secs] 
Heap after GC invocations=451 (full 4):
 par new generation   total 4928K, used 296K [0x00000000f0800000, 0x00000000f0d50000, 0x00000000f5a00000)
  eden space 4416K,   0% used [0x00000000f0800000, 0x00000000f0800000, 0x00000000f0c50000)
  from space 512K,  57% used [0x00000000f0cd0000, 0x00000000f0d1a088, 0x00000000f0d50000)
  to   space 512K,   0% used [0x00000000f0c50000, 0x00000000f0c50000, 0x00000000f0cd0000)
 concurrent mark-sweep generation total 28232K, used 17474K [0x00000000f5a00000, 0x00000000f7592000, 0x0000000100000000)
 Metaspace       used 29444K, capacity 30242K, committed 30360K, reserved 1075200K
  class space    used 3674K, capacity 3907K, committed 3992K, reserved 1048576K
}
2019-10-16T14:16:51.731+0000: 11.583: Total time for which application threads were stopped: 0.0023358 seconds, Stopping threads took: 0.0000227 seconds
{Heap before GC invocations=451 (full 4):
 par new generation   total 4928K, used 4712K [0x00000000f0800000, 0x00000000f0d50000, 0x00000000f5a00000)
  eden space 4416K, 100% used [0x00000000f0800000, 0x00000000f0c50000, 0x00000000f0c50000)
  from space 512K,  57% used [0x00000000f0cd0000, 0x00000000f0d1a088, 0x00000000f0d50000)
  to   space 512K,   0% used [0x00000000f0c50000, 0x00000000f0c50000, 0x00000000f0cd0000)
 concurrent mark-sweep generation total 28232K, used 17474K [0x00000000f5a00000, 0x00000000f7592000, 0x0000000100000000)
 Metaspace       used 29535K, capacity 30386K, committed 30616K, reserved 1075200K
  class space    used 3685K, capacity 3913K, committed 3992K, reserved 1048576K
2019-10-16T14:16:51.759+0000: 11.611: [GC (Allocation Failure) 2019-10-16T14:16:51.759+0000: 11.611: [ParNew
Desired survivor size 262144 bytes, new threshold 6 (max 6)
- age   1:      29040 bytes,      29040 total
- age   2:      23200 bytes,      52240 total
- age   3:      28776 bytes,      81016 total
- age   4:      45592 bytes,     126608 total
- age   5:      26392 bytes,     153000 total
- age   6:       9256 bytes,     162256 total
: 4712K->192K(4928K), 0.0021381 secs] 22186K->17688K(33160K), 0.0021953 secs] [Times: user=0.00 sys=0.00, real=0.00 secs] 
Heap after GC invocations=452 (full 4):
 par new generation   total 4928K, used 192K [0x00000000f0800000, 0x00000000f0d50000, 0x00000000f5a00000)
  eden space 4416K,   0% used [0x00000000f0800000, 0x00000000f0800000, 0x00000000f0c50000)
  from space 512K,  37% used [0x00000000f0c50000, 0x00000000f0c80058, 0x00000000f0cd0000)
  to   space 512K,   0% used [0x00000000f0cd0000, 0x00000000f0cd0000, 0x00000000f0d50000)
 concurrent mark-sweep generation total 28232K, used 17496K [0x00000000f5a00000, 0x00000000f7592000, 0x0000000100000000)
 Metaspace       used 29535K, capacity 30386K, committed 30616K, reserved 1075200K
  class space    used 3685K, capacity 3913K, committed 3992K, reserved 1048576K
}
2019-10-16T14:16:51.762+0000: 11.614: Total time for which application threads were stopped: 0.0023058 seconds, Stopping threads took: 0.0000224 seconds
2019-10-16T14:16:51.777+0000: 11.629: Total time for which application threads were stopped: 0.0003269 seconds, Stopping threads took: 0.0000196 seconds
{Heap before GC invocations=452 (full 4):
 par new generation   total 4928K, used 4608K [0x00000000f0800000, 0x00000000f0d50000, 0x00000000f5a00000)
  eden space 4416K, 100% used [0x00000000f0800000, 0x00000000f0c50000, 0x00000000f0c50000)
  from space 512K,  37% used [0x00000000f0c50000, 0x00000000f0c80058, 0x00000000f0cd0000)
  to   space 512K,   0% used [0x00000000f0cd0000, 0x00000000f0cd0000, 0x00000000f0d50000)
 concurrent mark-sweep generation total 28232K, used 17496K [0x00000000f5a00000, 0x00000000f7592000, 0x0000000100000000)
 Metaspace       used 29628K, capacity 30522K, committed 30616K, reserved 1075200K
  class space    used 3702K, capacity 3927K, committed 3992K, reserved 1048576K
2019-10-16T14:16:51.798+0000: 11.650: [GC (Allocation Failure) 2019-10-16T14:16:51.798+0000: 11.650: [ParNew
Desired survivor size 262144 bytes, new threshold 6 (max 6)
- age   1:      61864 bytes,      61864 total
- age   2:      25072 bytes,      86936 total
- age   3:      22144 bytes,     109080 total
- age   4:      28776 bytes,     137856 total
- age   5:      45592 bytes,     183448 total
- age   6:      26392 bytes,     209840 total
: 4608K->283K(4928K), 0.0022649 secs] 22104K->17789K(33160K), 0.0023158 secs] [Times: user=0.00 sys=0.00, real=0.00 secs] 
Heap after GC invocations=453 (full 4):
 par new generation   total 4928K, used 283K [0x00000000f0800000, 0x00000000f0d50000, 0x00000000f5a00000)
  eden space 4416K,   0% used [0x00000000f0800000, 0x00000000f0800000, 0x00000000f0c50000)
  from space 512K,  55% used [0x00000000f0cd0000, 0x00000000f0d16ea0, 0x00000000f0d50000)
  to   space 512K,   0% used [0x00000000f0c50000, 0x00000000f0c50000, 0x00000000f0cd0000)
 concurrent mark-sweep generation total 28232K, used 17505K [0x00000000f5a00000, 0x00000000f7592000, 0x0000000100000000)
 Metaspace       used 29628K, capacity 30522K, committed 30616K, reserved 1075200K
  class space    used 3702K, capacity 3927K, committed 3992K, reserved 1048576K
}
2019-10-16T14:16:51.801+0000: 11.653: Total time for which application threads were stopped: 0.0024266 seconds, Stopping threads took: 0.0000202 seconds
{Heap before GC invocations=453 (full 4):
 par new generation   total 4928K, used 4699K [0x00000000f0800000, 0x00000000f0d50000, 0x00000000f5a00000)
  eden space 4416K, 100% used [0x00000000f0800000, 0x00000000f0c50000, 0x00000000f0c50000)
  from space 512K,  55% used [0x00000000f0cd0000, 0x00000000f0d16ea0, 0x00000000f0d50000)
  to   space 512K,   0% used [0x00000000f0c50000, 0x00000000f0c50000, 0x00000000f0cd0000)
 concurrent mark-sweep generation total 28232K, used 17505K [0x00000000f5a00000, 0x00000000f7592000, 0x0000000100000000)
 Metaspace       used 29628K, capacity 30522K, committed 30616K, reserved 1075200K
  class space    used 3702K, capacity 3927K, committed 3992K, reserved 1048576K
2019-10-16T14:16:51.822+0000: 11.674: [GC (Allocation Failure) 2019-10-16T14:16:51.822+0000: 11.674: [ParNew
Desired survivor size 262144 bytes, new threshold 6 (max 6)
- age   1:      89640 bytes,      89640 total
- age   2:      58176 bytes,     147816 total
- age   3:      25072 bytes,     172888 total
- age   4:      22144 bytes,     195032 total
- age   5:      28776 bytes,     223808 total
- age   6:      45152 bytes,     268960 total
: 4699K->379K(4928K), 0.0021472 secs] 22205K->17911K(33160K), 0.0022034 secs] [Times: user=0.01 sys=0.00, real=0.00 secs] 
Heap after GC invocations=454 (full 4):
 par new generation   total 4928K, used 379K [0x00000000f0800000, 0x00000000f0d50000, 0x00000000f5a00000)
  eden space 4416K,   0% used [0x00000000f0800000, 0x00000000f0800000, 0x00000000f0c50000)
  from space 512K,  74% used [0x00000000f0c50000, 0x00000000f0caed98, 0x00000000f0cd0000)
  to   space 512K,   0% used [0x00000000f0cd0000, 0x00000000f0cd0000, 0x00000000f0d50000)
 concurrent mark-sweep generation total 28232K, used 17532K [0x00000000f5a00000, 0x00000000f7592000, 0x0000000100000000)
 Metaspace       used 29628K, capacity 30522K, committed 30616K, reserved 1075200K
  class space    used 3702K, capacity 3927K, committed 3992K, reserved 1048576K
}
2019-10-16T14:16:51.825+0000: 11.677: Total time for which application threads were stopped: 0.0023273 seconds, Stopping threads took: 0.0000205 seconds
{Heap before GC invocations=454 (full 4):
 par new generation   total 4928K, used 4795K [0x00000000f0800000, 0x00000000f0d50000, 0x00000000f5a00000)
  eden space 4416K, 100% used [0x00000000f0800000, 0x00000000f0c50000, 0x00000000f0c50000)
  from space 512K,  74% used [0x00000000f0c50000, 0x00000000f0caed98, 0x00000000f0cd0000)
  to   space 512K,   0% used [0x00000000f0cd0000, 0x00000000f0cd0000, 0x00000000f0d50000)
 concurrent mark-sweep generation total 28232K, used 17532K [0x00000000f5a00000, 0x00000000f7592000, 0x0000000100000000)
 Metaspace       used 29642K, capacity 30528K, committed 30616K, reserved 1075200K
  class space    used 3704K, capacity 3928K, committed 3992K, reserved 1048576K
2019-10-16T14:16:51.834+0000: 11.686: [GC (Allocation Failure) 2019-10-16T14:16:51.834+0000: 11.686: [ParNew
Desired survivor size 262144 bytes, new threshold 6 (max 6)
- age   1:      26224 bytes,      26224 total
- age   2:      75664 bytes,     101888 total
- age   3:      43792 bytes,     145680 total
- age   4:      25072 bytes,     170752 total
- age   5:      22144 bytes,     192896 total
- age   6:      28776 bytes,     221672 total
: 4795K->242K(4928K), 0.0022552 secs] 22327K->17819K(33160K), 0.0023135 secs] [Times: user=0.00 sys=0.00, real=0.00 secs] 
Heap after GC invocations=455 (full 4):
 par new generation   total 4928K, used 242K [0x00000000f0800000, 0x00000000f0d50000, 0x00000000f5a00000)
  eden space 4416K,   0% used [0x00000000f0800000, 0x00000000f0800000, 0x00000000f0c50000)
  from space 512K,  47% used [0x00000000f0cd0000, 0x00000000f0d0ca58, 0x00000000f0d50000)
  to   space 512K,   0% used [0x00000000f0c50000, 0x00000000f0c50000, 0x00000000f0cd0000)
 concurrent mark-sweep generation total 28232K, used 17577K [0x00000000f5a00000, 0x00000000f7592000, 0x0000000100000000)
 Metaspace       used 29642K, capacity 30528K, committed 30616K, reserved 1075200K
  class space    used 3704K, capacity 3928K, committed 3992K, reserved 1048576K
}
2019-10-16T14:16:51.837+0000: 11.689: Total time for which application threads were stopped: 0.0024164 seconds, Stopping threads took: 0.0000207 seconds
{Heap before GC invocations=455 (full 4):
 par new generation   total 4928K, used 4658K [0x00000000f0800000, 0x00000000f0d50000, 0x00000000f5a00000)
  eden space 4416K, 100% used [0x00000000f0800000, 0x00000000f0c50000, 0x00000000f0c50000)
  from space 512K,  47% used [0x00000000f0cd0000, 0x00000000f0d0ca58, 0x00000000f0d50000)
  to   space 512K,   0% used [0x00000000f0c50000, 0x00000000f0c50000, 0x00000000f0cd0000)
 concurrent mark-sweep generation total 28232K, used 17577K [0x00000000f5a00000, 0x00000000f7592000, 0x0000000100000000)
 Metaspace       used 29693K, capacity 30592K, committed 30872K, reserved 1077248K
  class space    used 3709K, capacity 3928K, committed 3992K, reserved 1048576K
2019-10-16T14:16:51.853+0000: 11.705: [GC (Allocation Failure) 2019-10-16T14:16:51.853+0000: 11.705: [ParNew
Desired survivor size 262144 bytes, new threshold 6 (max 6)
- age   1:      12864 bytes,      12864 total
- age   2:      22552 bytes,      35416 total
- age   3:      75144 bytes,     110560 total
- age   4:      43792 bytes,     154352 total
- age   5:      24592 bytes,     178944 total
- age   6:      20160 bytes,     199104 total
: 4658K->223K(4928K), 0.0020074 secs] 22235K->17829K(33160K), 0.0020467 secs] [Times: user=0.01 sys=0.00, real=0.00 secs] 
Heap after GC invocations=456 (full 4):
 par new generation   total 4928K, used 223K [0x00000000f0800000, 0x00000000f0d50000, 0x00000000f5a00000)
  eden space 4416K,   0% used [0x00000000f0800000, 0x00000000f0800000, 0x00000000f0c50000)
  from space 512K,  43% used [0x00000000f0c50000, 0x00000000f0c87c58, 0x00000000f0cd0000)
  to   space 512K,   0% used [0x00000000f0cd0000, 0x00000000f0cd0000, 0x00000000f0d50000)
 concurrent mark-sweep generation total 28232K, used 17606K [0x00000000f5a00000, 0x00000000f7592000, 0x0000000100000000)
 Metaspace       used 29693K, capacity 30592K, committed 30872K, reserved 1077248K
  class space    used 3709K, capacity 3928K, committed 3992K, reserved 1048576K
}
2019-10-16T14:16:51.855+0000: 11.707: Total time for which application threads were stopped: 0.0021607 seconds, Stopping threads took: 0.0000210 seconds
2019-10-16T14:16:51.871+0000: 11.723: Total time for which application threads were stopped: 0.0003795 seconds, Stopping threads took: 0.0000335 seconds
{Heap before GC invocations=456 (full 4):
 par new generation   total 4928K, used 4639K [0x00000000f0800000, 0x00000000f0d50000, 0x00000000f5a00000)
  eden space 4416K, 100% used [0x00000000f0800000, 0x00000000f0c50000, 0x00000000f0c50000)
  from space 512K,  43% used [0x00000000f0c50000, 0x00000000f0c87c58, 0x00000000f0cd0000)
  to   space 512K,   0% used [0x00000000f0cd0000, 0x00000000f0cd0000, 0x00000000f0d50000)
 concurrent mark-sweep generation total 28232K, used 17606K [0x00000000f5a00000, 0x00000000f7592000, 0x0000000100000000)
 Metaspace       used 29793K, capacity 30728K, committed 30872K, reserved 1077248K
  class space    used 3728K, capacity 3970K, committed 3992K, reserved 1048576K
2019-10-16T14:16:51.891+0000: 11.743: [GC (Allocation Failure) 2019-10-16T14:16:51.891+0000: 11.743: [ParNew
Desired survivor size 262144 bytes, new threshold 6 (max 6)
- age   1:      75592 bytes,      75592 total
- age   2:      10312 bytes,      85904 total
- age   3:      22488 bytes,     108392 total
- age   4:      73048 bytes,     181440 total
- age   5:      43792 bytes,     225232 total
- age   6:      22488 bytes,     247720 total
: 4639K->403K(4928K), 0.0023203 secs] 22245K->18030K(33160K), 0.0023760 secs] [Times: user=0.00 sys=0.00, real=0.00 secs] 
Heap after GC invocations=457 (full 4):
 par new generation   total 4928K, used 403K [0x00000000f0800000, 0x00000000f0d50000, 0x00000000f5a00000)
  eden space 4416K,   0% used [0x00000000f0800000, 0x00000000f0800000, 0x00000000f0c50000)
  from space 512K,  78% used [0x00000000f0cd0000, 0x00000000f0d34f68, 0x00000000f0d50000)
  to   space 512K,   0% used [0x00000000f0c50000, 0x00000000f0c50000, 0x00000000f0cd0000)
 concurrent mark-sweep generation total 28232K, used 17626K [0x00000000f5a00000, 0x00000000f7592000, 0x0000000100000000)
 Metaspace       used 29793K, capacity 30728K, committed 30872K, reserved 1077248K
  class space    used 3728K, capacity 3970K, committed 3992K, reserved 1048576K
}
2019-10-16T14:16:51.893+0000: 11.745: Total time for which application threads were stopped: 0.0024918 seconds, Stopping threads took: 0.0000183 seconds
{Heap before GC invocations=457 (full 4):
 par new generation   total 4928K, used 4819K [0x00000000f0800000, 0x00000000f0d50000, 0x00000000f5a00000)
  eden space 4416K, 100% used [0x00000000f0800000, 0x00000000f0c50000, 0x00000000f0c50000)
  from space 512K,  78% used [0x00000000f0cd0000, 0x00000000f0d34f68, 0x00000000f0d50000)
  to   space 512K,   0% used [0x00000000f0c50000, 0x00000000f0c50000, 0x00000000f0cd0000)
 concurrent mark-sweep generation total 28232K, used 17626K [0x00000000f5a00000, 0x00000000f7592000, 0x0000000100000000)
 Metaspace       used 29914K, capacity 30824K, committed 30872K, reserved 1077248K
  class space    used 3746K, capacity 3976K, committed 3992K, reserved 1048576K
2019-10-16T14:16:51.922+0000: 11.774: [GC (Allocation Failure) 2019-10-16T14:16:51.922+0000: 11.775: [ParNew
Desired survivor size 262144 bytes, new threshold 6 (max 6)
- age   1:      41496 bytes,      41496 total
- age   2:      69248 bytes,     110744 total
- age   3:      10312 bytes,     121056 total
- age   4:      22040 bytes,     143096 total
- age   5:      72632 bytes,     215728 total
- age   6:      43304 bytes,     259032 total
: 4819K->281K(4928K), 0.0023418 secs] 22446K->17929K(33160K), 0.0023852 secs] [Times: user=0.00 sys=0.00, real=0.00 secs] 
Heap after GC invocations=458 (full 4):
 par new generation   total 4928K, used 281K [0x00000000f0800000, 0x00000000f0d50000, 0x00000000f5a00000)
  eden space 4416K,   0% used [0x00000000f0800000, 0x00000000f0800000, 0x00000000f0c50000)
  from space 512K,  54% used [0x00000000f0c50000, 0x00000000f0c965f0, 0x00000000f0cd0000)
  to   space 512K,   0% used [0x00000000f0cd0000, 0x00000000f0cd0000, 0x00000000f0d50000)
 concurrent mark-sweep generation total 28232K, used 17648K [0x00000000f5a00000, 0x00000000f7592000, 0x0000000100000000)
 Metaspace       used 29914K, capacity 30824K, committed 30872K, reserved 1077248K
  class space    used 3746K, capacity 3976K, committed 3992K, reserved 1048576K
}
2019-10-16T14:16:51.925+0000: 11.777: Total time for which application threads were stopped: 0.0025201 seconds, Stopping threads took: 0.0000343 seconds
{Heap before GC invocations=458 (full 4):
 par new generation   total 4928K, used 4697K [0x00000000f0800000, 0x00000000f0d50000, 0x00000000f5a00000)
  eden space 4416K, 100% used [0x00000000f0800000, 0x00000000f0c50000, 0x00000000f0c50000)
  from space 512K,  54% used [0x00000000f0c50000, 0x00000000f0c965f0, 0x00000000f0cd0000)
  to   space 512K,   0% used [0x00000000f0cd0000, 0x00000000f0cd0000, 0x00000000f0d50000)
 concurrent mark-sweep generation total 28232K, used 17648K [0x00000000f5a00000, 0x00000000f7592000, 0x0000000100000000)
 Metaspace       used 29973K, capacity 30904K, committed 31128K, reserved 1077248K
  class space    used 3756K, capacity 3982K, committed 3992K, reserved 1048576K
2019-10-16T14:16:51.954+0000: 11.806: [GC (Allocation Failure) 2019-10-16T14:16:51.954+0000: 11.806: [ParNew
Desired survivor size 262144 bytes, new threshold 6 (max 6)
- age   1:      20504 bytes,      20504 total
- age   2:      36240 bytes,      56744 total
- age   3:      68288 bytes,     125032 total
- age   4:      10280 bytes,     135312 total
- age   5:      22040 bytes,     157352 total
- age   6:      72632 bytes,     229984 total
: 4697K->447K(4928K), 0.0022158 secs] 22345K->18136K(33160K), 0.0022643 secs] [Times: user=0.01 sys=0.00, real=0.00 secs] 
Heap after GC invocations=459 (full 4):
 par new generation   total 4928K, used 447K [0x00000000f0800000, 0x00000000f0d50000, 0x00000000f5a00000)
  eden space 4416K,   0% used [0x00000000f0800000, 0x00000000f0800000, 0x00000000f0c50000)
  from space 512K,  87% used [0x00000000f0cd0000, 0x00000000f0d3fc60, 0x00000000f0d50000)
  to   space 512K,   0% used [0x00000000f0c50000, 0x00000000f0c50000, 0x00000000f0cd0000)
 concurrent mark-sweep generation total 28232K, used 17689K [0x00000000f5a00000, 0x00000000f7592000, 0x0000000100000000)
 Metaspace       used 29973K, capacity 30904K, committed 31128K, reserved 1077248K
  class space    used 3756K, capacity 3982K, committed 3992K, reserved 1048576K
}
2019-10-16T14:16:51.957+0000: 11.809: Total time for which application threads were stopped: 0.0023753 seconds, Stopping threads took: 0.0000233 seconds
{Heap before GC invocations=459 (full 4):
 par new generation   total 4928K, used 4863K [0x00000000f0800000, 0x00000000f0d50000, 0x00000000f5a00000)
  eden space 4416K, 100% used [0x00000000f0800000, 0x00000000f0c50000, 0x00000000f0c50000)
  from space 512K,  87% used [0x00000000f0cd0000, 0x00000000f0d3fc60, 0x00000000f0d50000)
  to   space 512K,   0% used [0x00000000f0c50000, 0x00000000f0c50000, 0x00000000f0cd0000)
 concurrent mark-sweep generation total 28232K, used 17689K [0x00000000f5a00000, 0x00000000f7592000, 0x0000000100000000)
 Metaspace       used 30013K, capacity 30904K, committed 31128K, reserved 1077248K
  class space    used 3762K, capacity 3982K, committed 3992K, reserved 1048576K
2019-10-16T14:16:51.978+0000: 11.830: [GC (Allocation Failure) 2019-10-16T14:16:51.978+0000: 11.830: [ParNew
Desired survivor size 262144 bytes, new threshold 6 (max 6)
- age   1:      36976 bytes,      36976 total
- age   2:      18592 bytes,      55568 total
- age   3:      36240 bytes,      91808 total
- age   4:      68168 bytes,     159976 total
- age   5:      10280 bytes,     170256 total
- age   6:      20600 bytes,     190856 total
: 4863K->280K(4928K), 0.0020933 secs] 22552K->18043K(33160K), 0.0021341 secs] [Times: user=0.00 sys=0.00, real=0.00 secs] 
Heap after GC invocations=460 (full 4):
 par new generation   total 4928K, used 280K [0x00000000f0800000, 0x00000000f0d50000, 0x00000000f5a00000)
  eden space 4416K,   0% used [0x00000000f0800000, 0x00000000f0800000, 0x00000000f0c50000)
  from space 512K,  54% used [0x00000000f0c50000, 0x00000000f0c96320, 0x00000000f0cd0000)
  to   space 512K,   0% used [0x00000000f0cd0000, 0x00000000f0cd0000, 0x00000000f0d50000)
 concurrent mark-sweep generation total 28232K, used 17762K [0x00000000f5a00000, 0x00000000f7592000, 0x0000000100000000)
 Metaspace       used 30013K, capacity 30904K, committed 31128K, reserved 1077248K
  class space    used 3762K, capacity 3982K, committed 3992K, reserved 1048576K
}
2019-10-16T14:16:51.980+0000: 11.832: Total time for which application threads were stopped: 0.0022438 seconds, Stopping threads took: 0.0000221 seconds
{Heap before GC invocations=460 (full 4):
 par new generation   total 4928K, used 4696K [0x00000000f0800000, 0x00000000f0d50000, 0x00000000f5a00000)
  eden space 4416K, 100% used [0x00000000f0800000, 0x00000000f0c50000, 0x00000000f0c50000)
  from space 512K,  54% used [0x00000000f0c50000, 0x00000000f0c96320, 0x00000000f0cd0000)
  to   space 512K,   0% used [0x00000000f0cd0000, 0x00000000f0cd0000, 0x00000000f0d50000)
 concurrent mark-sweep generation total 28232K, used 17762K [0x00000000f5a00000, 0x00000000f7592000, 0x0000000100000000)
 Metaspace       used 30037K, capacity 30908K, committed 31128K, reserved 1077248K
  class space    used 3764K, capacity 3982K, committed 3992K, reserved 1048576K
2019-10-16T14:16:51.997+0000: 11.849: [GC (Allocation Failure) 2019-10-16T14:16:51.997+0000: 11.849: [ParNew
Desired survivor size 262144 bytes, new threshold 6 (max 6)
- age   1:      23744 bytes,      23744 total
- age   2:      31640 bytes,      55384 total
- age   3:      18592 bytes,      73976 total
- age   4:      36240 bytes,     110216 total
- age   5:      67928 bytes,     178144 total
- age   6:      10280 bytes,     188424 total
: 4696K->348K(4928K), 0.0017045 secs] 22459K->18130K(33160K), 0.0017512 secs] [Times: user=0.00 sys=0.00, real=0.00 secs] 
Heap after GC invocations=461 (full 4):
 par new generation   total 4928K, used 348K [0x00000000f0800000, 0x00000000f0d50000, 0x00000000f5a00000)
  eden space 4416K,   0% used [0x00000000f0800000, 0x00000000f0800000, 0x00000000f0c50000)
  from space 512K,  68% used [0x00000000f0cd0000, 0x00000000f0d27120, 0x00000000f0d50000)
  to   space 512K,   0% used [0x00000000f0c50000, 0x00000000f0c50000, 0x00000000f0cd0000)
 concurrent mark-sweep generation total 28232K, used 17782K [0x00000000f5a00000, 0x00000000f7592000, 0x0000000100000000)
 Metaspace       used 30037K, capacity 30908K, committed 31128K, reserved 1077248K
  class space    used 3764K, capacity 3982K, committed 3992K, reserved 1048576K
}
2019-10-16T14:16:51.999+0000: 11.851: Total time for which application threads were stopped: 0.0018562 seconds, Stopping threads took: 0.0000208 seconds
{Heap before GC invocations=461 (full 4):
 par new generation   total 4928K, used 4764K [0x00000000f0800000, 0x00000000f0d50000, 0x00000000f5a00000)
  eden space 4416K, 100% used [0x00000000f0800000, 0x00000000f0c50000, 0x00000000f0c50000)
  from space 512K,  68% used [0x00000000f0cd0000, 0x00000000f0d27120, 0x00000000f0d50000)
  to   space 512K,   0% used [0x00000000f0c50000, 0x00000000f0c50000, 0x00000000f0cd0000)
 concurrent mark-sweep generation total 28232K, used 17782K [0x00000000f5a00000, 0x00000000f7592000, 0x0000000100000000)
 Metaspace       used 30059K, capacity 31004K, committed 31256K, reserved 1077248K
  class space    used 3767K, capacity 4014K, committed 4120K, reserved 1048576K
2019-10-16T14:16:52.014+0000: 11.866: [GC (Allocation Failure) 2019-10-16T14:16:52.014+0000: 11.866: [ParNew
Desired survivor size 262144 bytes, new threshold 6 (max 6)
- age   1:      25176 bytes,      25176 total
- age   2:      21736 bytes,      46912 total
- age   3:      31640 bytes,      78552 total
- age   4:      18544 bytes,      97096 total
- age   5:      36240 bytes,     133336 total
- age   6:      67528 bytes,     200864 total
: 4764K->224K(4928K), 0.0019921 secs] 22546K->18018K(33160K), 0.0020365 secs] [Times: user=0.01 sys=0.00, real=0.00 secs] 
Heap after GC invocations=462 (full 4):
 par new generation   total 4928K, used 224K [0x00000000f0800000, 0x00000000f0d50000, 0x00000000f5a00000)
  eden space 4416K,   0% used [0x00000000f0800000, 0x00000000f0800000, 0x00000000f0c50000)
  from space 512K,  43% used [0x00000000f0c50000, 0x00000000f0c883c0, 0x00000000f0cd0000)
  to   space 512K,   0% used [0x00000000f0cd0000, 0x00000000f0cd0000, 0x00000000f0d50000)
 concurrent mark-sweep generation total 28232K, used 17793K [0x00000000f5a00000, 0x00000000f7592000, 0x0000000100000000)
 Metaspace       used 30059K, capacity 31004K, committed 31256K, reserved 1077248K
  class space    used 3767K, capacity 4014K, committed 4120K, reserved 1048576K
}
2019-10-16T14:16:52.016+0000: 11.868: Total time for which application threads were stopped: 0.0021477 seconds, Stopping threads took: 0.0000232 seconds
{Heap before GC invocations=462 (full 4):
 par new generation   total 4928K, used 4640K [0x00000000f0800000, 0x00000000f0d50000, 0x00000000f5a00000)
  eden space 4416K, 100% used [0x00000000f0800000, 0x00000000f0c50000, 0x00000000f0c50000)
  from space 512K,  43% used [0x00000000f0c50000, 0x00000000f0c883c0, 0x00000000f0cd0000)
  to   space 512K,   0% used [0x00000000f0cd0000, 0x00000000f0cd0000, 0x00000000f0d50000)
 concurrent mark-sweep generation total 28232K, used 17793K [0x00000000f5a00000, 0x00000000f7592000, 0x0000000100000000)
 Metaspace       used 30099K, capacity 31008K, committed 31256K, reserved 1077248K
  class space    used 3772K, capacity 4014K, committed 4120K, reserved 1048576K
2019-10-16T14:16:52.036+0000: 11.888: [GC (Allocation Failure) 2019-10-16T14:16:52.036+0000: 11.888: [ParNew
Desired survivor size 262144 bytes, new threshold 6 (max 6)
- age   1:      45408 bytes,      45408 total
- age   2:      21344 bytes,      66752 total
- age   3:      21000 bytes,      87752 total
- age   4:      30776 bytes,     118528 total
- age   5:      18496 bytes,     137024 total
- age   6:      36240 bytes,     173264 total
: 4640K->175K(4928K), 0.0026022 secs] 22434K->18035K(33160K), 0.0026582 secs] [Times: user=0.00 sys=0.00, real=0.00 secs] 
Heap after GC invocations=463 (full 4):
 par new generation   total 4928K, used 175K [0x00000000f0800000, 0x00000000f0d50000, 0x00000000f5a00000)
  eden space 4416K,   0% used [0x00000000f0800000, 0x00000000f0800000, 0x00000000f0c50000)
  from space 512K,  34% used [0x00000000f0cd0000, 0x00000000f0cfbf80, 0x00000000f0d50000)
  to   space 512K,   0% used [0x00000000f0c50000, 0x00000000f0c50000, 0x00000000f0cd0000)
 concurrent mark-sweep generation total 28232K, used 17859K [0x00000000f5a00000, 0x00000000f7592000, 0x0000000100000000)
 Metaspace       used 30099K, capacity 31008K, committed 31256K, reserved 1077248K
  class space    used 3772K, capacity 4014K, committed 4120K, reserved 1048576K
}
2019-10-16T14:16:52.039+0000: 11.891: Total time for which application threads were stopped: 0.0027704 seconds, Stopping threads took: 0.0000215 seconds
{Heap before GC invocations=463 (full 4):
 par new generation   total 4928K, used 4591K [0x00000000f0800000, 0x00000000f0d50000, 0x00000000f5a00000)
  eden space 4416K, 100% used [0x00000000f0800000, 0x00000000f0c50000, 0x00000000f0c50000)
  from space 512K,  34% used [0x00000000f0cd0000, 0x00000000f0cfbf80, 0x00000000f0d50000)
  to   space 512K,   0% used [0x00000000f0c50000, 0x00000000f0c50000, 0x00000000f0cd0000)
 concurrent mark-sweep generation total 28232K, used 17859K [0x00000000f5a00000, 0x00000000f7592000, 0x0000000100000000)
 Metaspace       used 30130K, capacity 31072K, committed 31256K, reserved 1077248K
  class space    used 3776K, capacity 4014K, committed 4120K, reserved 1048576K
2019-10-16T14:16:52.051+0000: 11.904: [GC (Allocation Failure) 2019-10-16T14:16:52.052+0000: 11.904: [ParNew
Desired survivor size 262144 bytes, new threshold 6 (max 6)
- age   1:      40344 bytes,      40344 total
- age   2:      41712 bytes,      82056 total
- age   3:      20960 bytes,     103016 total
- age   4:      20136 bytes,     123152 total
- age   5:      30656 bytes,     153808 total
- age   6:      17960 bytes,     171768 total
: 4591K->170K(4928K), 0.0016527 secs] 22451K->18066K(33160K), 0.0017002 secs] [Times: user=0.00 sys=0.00, real=0.00 secs] 
Heap after GC invocations=464 (full 4):
 par new generation   total 4928K, used 170K [0x00000000f0800000, 0x00000000f0d50000, 0x00000000f5a00000)
  eden space 4416K,   0% used [0x00000000f0800000, 0x00000000f0800000, 0x00000000f0c50000)
  from space 512K,  33% used [0x00000000f0c50000, 0x00000000f0c7aaf8, 0x00000000f0cd0000)
  to   space 512K,   0% used [0x00000000f0cd0000, 0x00000000f0cd0000, 0x00000000f0d50000)
 concurrent mark-sweep generation total 28232K, used 17895K [0x00000000f5a00000, 0x00000000f7592000, 0x0000000100000000)
 Metaspace       used 30130K, capacity 31072K, committed 31256K, reserved 1077248K
  class space    used 3776K, capacity 4014K, committed 4120K, reserved 1048576K
}
2019-10-16T14:16:52.053+0000: 11.905: Total time for which application threads were stopped: 0.0017942 seconds, Stopping threads took: 0.0000190 seconds
{Heap before GC invocations=464 (full 4):
 par new generation   total 4928K, used 4586K [0x00000000f0800000, 0x00000000f0d50000, 0x00000000f5a00000)
  eden space 4416K, 100% used [0x00000000f0800000, 0x00000000f0c50000, 0x00000000f0c50000)
  from space 512K,  33% used [0x00000000f0c50000, 0x00000000f0c7aaf8, 0x00000000f0cd0000)
  to   space 512K,   0% used [0x00000000f0cd0000, 0x00000000f0cd0000, 0x00000000f0d50000)
 concurrent mark-sweep generation total 28232K, used 17895K [0x00000000f5a00000, 0x00000000f7592000, 0x0000000100000000)
 Metaspace       used 30150K, capacity 31084K, committed 31256K, reserved 1077248K
  class space    used 3778K, capacity 4014K, committed 4120K, reserved 1048576K
2019-10-16T14:16:52.075+0000: 11.927: [GC (Allocation Failure) 2019-10-16T14:16:52.075+0000: 11.927: [ParNew
Desired survivor size 262144 bytes, new threshold 6 (max 6)
- age   1:      27304 bytes,      27304 total
- age   2:      36688 bytes,      63992 total
- age   3:      41320 bytes,     105312 total
- age   4:      20704 bytes,     126016 total
- age   5:      19320 bytes,     145336 total
- age   6:      30056 bytes,     175392 total
: 4586K->335K(4928K), 0.0015887 secs] 22482K->18249K(33160K), 0.0016454 secs] [Times: user=0.00 sys=0.00, real=0.00 secs] 
Heap after GC invocations=465 (full 4):
 par new generation   total 4928K, used 335K [0x00000000f0800000, 0x00000000f0d50000, 0x00000000f5a00000)
  eden space 4416K,   0% used [0x00000000f0800000, 0x00000000f0800000, 0x00000000f0c50000)
  from space 512K,  65% used [0x00000000f0cd0000, 0x00000000f0d23e60, 0x00000000f0d50000)
  to   space 512K,   0% used [0x00000000f0c50000, 0x00000000f0c50000, 0x00000000f0cd0000)
 concurrent mark-sweep generation total 28232K, used 17913K [0x00000000f5a00000, 0x00000000f7592000, 0x0000000100000000)
 Metaspace       used 30150K, capacity 31084K, committed 31256K, reserved 1077248K
  class space    used 3778K, capacity 4014K, committed 4120K, reserved 1048576K
}
2019-10-16T14:16:52.077+0000: 11.929: Total time for which application threads were stopped: 0.0017667 seconds, Stopping threads took: 0.0000181 seconds
{Heap before GC invocations=465 (full 4):
 par new generation   total 4928K, used 4751K [0x00000000f0800000, 0x00000000f0d50000, 0x00000000f5a00000)
  eden space 4416K, 100% used [0x00000000f0800000, 0x00000000f0c50000, 0x00000000f0c50000)
  from space 512K,  65% used [0x00000000f0cd0000, 0x00000000f0d23e60, 0x00000000f0d50000)
  to   space 512K,   0% used [0x00000000f0c50000, 0x00000000f0c50000, 0x00000000f0cd0000)
 concurrent mark-sweep generation total 28232K, used 17913K [0x00000000f5a00000, 0x00000000f7592000, 0x0000000100000000)
 Metaspace       used 30208K, capacity 31148K, committed 31256K, reserved 1077248K
  class space    used 3784K, capacity 4014K, committed 4120K, reserved 1048576K
2019-10-16T14:16:52.096+0000: 11.948: [GC (Allocation Failure) 2019-10-16T14:16:52.096+0000: 11.948: [ParNew
Desired survivor size 262144 bytes, new threshold 6 (max 6)
- age   1:      34752 bytes,      34752 total
- age   2:      25072 bytes,      59824 total
- age   3:      36272 bytes,      96096 total
- age   4:      41320 bytes,     137416 total
- age   5:      20704 bytes,     158120 total
- age   6:      19280 bytes,     177400 total
: 4751K->213K(4928K), 0.0016523 secs] 22665K->18156K(33160K), 0.0016887 secs] [Times: user=0.00 sys=0.00, real=0.00 secs] 
Heap after GC invocations=466 (full 4):
 par new generation   total 4928K, used 213K [0x00000000f0800000, 0x00000000f0d50000, 0x00000000f5a00000)
  eden space 4416K,   0% used [0x00000000f0800000, 0x00000000f0800000, 0x00000000f0c50000)
  from space 512K,  41% used [0x00000000f0c50000, 0x00000000f0c85440, 0x00000000f0cd0000)
  to   space 512K,   0% used [0x00000000f0cd0000, 0x00000000f0cd0000, 0x00000000f0d50000)
 concurrent mark-sweep generation total 28232K, used 17943K [0x00000000f5a00000, 0x00000000f7592000, 0x0000000100000000)
 Metaspace       used 30208K, capacity 31148K, committed 31256K, reserved 1077248K
  class space    used 3784K, capacity 4014K, committed 4120K, reserved 1048576K
}
2019-10-16T14:16:52.097+0000: 11.949: Total time for which application threads were stopped: 0.0018144 seconds, Stopping threads took: 0.0000469 seconds
{Heap before GC invocations=466 (full 4):
 par new generation   total 4928K, used 4629K [0x00000000f0800000, 0x00000000f0d50000, 0x00000000f5a00000)
  eden space 4416K, 100% used [0x00000000f0800000, 0x00000000f0c50000, 0x00000000f0c50000)
  from space 512K,  41% used [0x00000000f0c50000, 0x00000000f0c85440, 0x00000000f0cd0000)
  to   space 512K,   0% used [0x00000000f0cd0000, 0x00000000f0cd0000, 0x00000000f0d50000)
 concurrent mark-sweep generation total 28232K, used 17943K [0x00000000f5a00000, 0x00000000f7592000, 0x0000000100000000)
 Metaspace       used 30229K, capacity 31148K, committed 31256K, reserved 1077248K
  class space    used 3787K, capacity 4014K, committed 4120K, reserved 1048576K
2019-10-16T14:16:52.110+0000: 11.962: [GC (Allocation Failure) 2019-10-16T14:16:52.110+0000: 11.962: [ParNew
Desired survivor size 262144 bytes, new threshold 6 (max 6)
- age   1:      29872 bytes,      29872 total
- age   2:      29936 bytes,      59808 total
- age   3:      24664 bytes,      84472 total
- age   4:      36176 bytes,     120648 total
- age   5:      41176 bytes,     161824 total
- age   6:      20704 bytes,     182528 total
: 4629K->311K(4928K), 0.0015075 secs] 22572K->18272K(33160K), 0.0015489 secs] [Times: user=0.01 sys=0.00, real=0.00 secs] 
Heap after GC invocations=467 (full 4):
 par new generation   total 4928K, used 311K [0x00000000f0800000, 0x00000000f0d50000, 0x00000000f5a00000)
  eden space 4416K,   0% used [0x00000000f0800000, 0x00000000f0800000, 0x00000000f0c50000)
  from space 512K,  60% used [0x00000000f0cd0000, 0x00000000f0d1de90, 0x00000000f0d50000)
  to   space 512K,   0% used [0x00000000f0c50000, 0x00000000f0c50000, 0x00000000f0cd0000)
 concurrent mark-sweep generation total 28232K, used 17961K [0x00000000f5a00000, 0x00000000f7592000, 0x0000000100000000)
 Metaspace       used 30229K, capacity 31148K, committed 31256K, reserved 1077248K
  class space    used 3787K, capacity 4014K, committed 4120K, reserved 1048576K
}
2019-10-16T14:16:52.112+0000: 11.964: Total time for which application threads were stopped: 0.0016483 seconds, Stopping threads took: 0.0000181 seconds
{Heap before GC invocations=467 (full 4):
 par new generation   total 4928K, used 4727K [0x00000000f0800000, 0x00000000f0d50000, 0x00000000f5a00000)
  eden space 4416K, 100% used [0x00000000f0800000, 0x00000000f0c50000, 0x00000000f0c50000)
  from space 512K,  60% used [0x00000000f0cd0000, 0x00000000f0d1de90, 0x00000000f0d50000)
  to   space 512K,   0% used [0x00000000f0c50000, 0x00000000f0c50000, 0x00000000f0cd0000)
 concurrent mark-sweep generation total 28232K, used 17961K [0x00000000f5a00000, 0x00000000f7592000, 0x0000000100000000)
 Metaspace       used 30258K, capacity 31148K, committed 31256K, reserved 1077248K
  class space    used 3790K, capacity 4014K, committed 4120K, reserved 1048576K
2019-10-16T14:16:52.120+0000: 11.972: [GC (Allocation Failure) 2019-10-16T14:16:52.120+0000: 11.972: [ParNew
Desired survivor size 262144 bytes, new threshold 6 (max 6)
- age   1:      31728 bytes,      31728 total
- age   2:      25008 bytes,      56736 total
- age   3:      29584 bytes,      86320 total
- age   4:      24488 bytes,     110808 total
- age   5:      35936 bytes,     146744 total
- age   6:      41056 bytes,     187800 total
: 4727K->211K(4928K), 0.0013659 secs] 22688K->18193K(33160K), 0.0013987 secs] [Times: user=0.00 sys=0.00, real=0.00 secs] 
Heap after GC invocations=468 (full 4):
 par new generation   total 4928K, used 211K [0x00000000f0800000, 0x00000000f0d50000, 0x00000000f5a00000)
  eden space 4416K,   0% used [0x00000000f0800000, 0x00000000f0800000, 0x00000000f0c50000)
  from space 512K,  41% used [0x00000000f0c50000, 0x00000000f0c84f00, 0x00000000f0cd0000)
  to   space 512K,   0% used [0x00000000f0cd0000, 0x00000000f0cd0000, 0x00000000f0d50000)
 concurrent mark-sweep generation total 28232K, used 17981K [0x00000000f5a00000, 0x00000000f7592000, 0x0000000100000000)
 Metaspace       used 30258K, capacity 31148K, committed 31256K, reserved 1077248K
  class space    used 3790K, capacity 4014K, committed 4120K, reserved 1048576K
}
2019-10-16T14:16:52.122+0000: 11.974: Total time for which application threads were stopped: 0.0015077 seconds, Stopping threads took: 0.0000183 seconds
{Heap before GC invocations=468 (full 4):
 par new generation   total 4928K, used 4627K [0x00000000f0800000, 0x00000000f0d50000, 0x00000000f5a00000)
  eden space 4416K, 100% used [0x00000000f0800000, 0x00000000f0c50000, 0x00000000f0c50000)
  from space 512K,  41% used [0x00000000f0c50000, 0x00000000f0c84f00, 0x00000000f0cd0000)
  to   space 512K,   0% used [0x00000000f0cd0000, 0x00000000f0cd0000, 0x00000000f0d50000)
 concurrent mark-sweep generation total 28232K, used 17981K [0x00000000f5a00000, 0x00000000f7592000, 0x0000000100000000)
 Metaspace       used 30282K, capacity 31212K, committed 31512K, reserved 1077248K
  class space    used 3793K, capacity 4014K, committed 4120K, reserved 1048576K
2019-10-16T14:16:52.137+0000: 11.989: [GC (Allocation Failure) 2019-10-16T14:16:52.137+0000: 11.989: [ParNew
Desired survivor size 262144 bytes, new threshold 6 (max 6)
- age   1:      35496 bytes,      35496 total
- age   2:      27544 bytes,      63040 total
- age   3:      25008 bytes,      88048 total
- age   4:      29304 bytes,     117352 total
- age   5:      24488 bytes,     141840 total
- age   6:      35936 bytes,     177776 total
: 4627K->327K(4928K), 0.0016210 secs] 22609K->18349K(33160K), 0.0016576 secs] [Times: user=0.00 sys=0.00, real=0.00 secs] 
Heap after GC invocations=469 (full 4):
 par new generation   total 4928K, used 327K [0x00000000f0800000, 0x00000000f0d50000, 0x00000000f5a00000)
  eden space 4416K,   0% used [0x00000000f0800000, 0x00000000f0800000, 0x00000000f0c50000)
  from space 512K,  63% used [0x00000000f0cd0000, 0x00000000f0d21db0, 0x00000000f0d50000)
  to   space 512K,   0% used [0x00000000f0c50000, 0x00000000f0c50000, 0x00000000f0cd0000)
 concurrent mark-sweep generation total 28232K, used 18022K [0x00000000f5a00000, 0x00000000f7592000, 0x0000000100000000)
 Metaspace       used 30282K, capacity 31212K, committed 31512K, reserved 1077248K
  class space    used 3793K, capacity 4014K, committed 4120K, reserved 1048576K
}
2019-10-16T14:16:52.139+0000: 11.991: Total time for which application threads were stopped: 0.0018065 seconds, Stopping threads took: 0.0000186 seconds
{Heap before GC invocations=469 (full 4):
 par new generation   total 4928K, used 4743K [0x00000000f0800000, 0x00000000f0d50000, 0x00000000f5a00000)
  eden space 4416K, 100% used [0x00000000f0800000, 0x00000000f0c50000, 0x00000000f0c50000)
  from space 512K,  63% used [0x00000000f0cd0000, 0x00000000f0d21db0, 0x00000000f0d50000)
  to   space 512K,   0% used [0x00000000f0c50000, 0x00000000f0c50000, 0x00000000f0cd0000)
 concurrent mark-sweep generation total 28232K, used 18022K [0x00000000f5a00000, 0x00000000f7592000, 0x0000000100000000)
 Metaspace       used 30301K, capacity 31212K, committed 31512K, reserved 1077248K
  class space    used 3796K, capacity 4014K, committed 4120K, reserved 1048576K
2019-10-16T14:16:52.149+0000: 12.001: [GC (Allocation Failure) 2019-10-16T14:16:52.149+0000: 12.001: [ParNew
Desired survivor size 262144 bytes, new threshold 6 (max 6)
- age   1:      22880 bytes,      22880 total
- age   2:      30568 bytes,      53448 total
- age   3:      27368 bytes,      80816 total
- age   4:      25008 bytes,     105824 total
- age   5:      29304 bytes,     135128 total
- age   6:      24488 bytes,     159616 total
: 4743K->211K(4928K), 0.0014048 secs] 22765K->18270K(33160K), 0.0014455 secs] [Times: user=0.00 sys=0.00, real=0.00 secs] 
Heap after GC invocations=470 (full 4):
 par new generation   total 4928K, used 211K [0x00000000f0800000, 0x00000000f0d50000, 0x00000000f5a00000)
  eden space 4416K,   0% used [0x00000000f0800000, 0x00000000f0800000, 0x00000000f0c50000)
  from space 512K,  41% used [0x00000000f0c50000, 0x00000000f0c84f20, 0x00000000f0cd0000)
  to   space 512K,   0% used [0x00000000f0cd0000, 0x00000000f0cd0000, 0x00000000f0d50000)
 concurrent mark-sweep generation total 28232K, used 18058K [0x00000000f5a00000, 0x00000000f7592000, 0x0000000100000000)
 Metaspace       used 30301K, capacity 31212K, committed 31512K, reserved 1077248K
  class space    used 3796K, capacity 4014K, committed 4120K, reserved 1048576K
}
2019-10-16T14:16:52.150+0000: 12.002: Total time for which application threads were stopped: 0.0015661 seconds, Stopping threads took: 0.0000301 seconds
{Heap before GC invocations=470 (full 4):
 par new generation   total 4928K, used 4627K [0x00000000f0800000, 0x00000000f0d50000, 0x00000000f5a00000)
  eden space 4416K, 100% used [0x00000000f0800000, 0x00000000f0c50000, 0x00000000f0c50000)
  from space 512K,  41% used [0x00000000f0c50000, 0x00000000f0c84f20, 0x00000000f0cd0000)
  to   space 512K,   0% used [0x00000000f0cd0000, 0x00000000f0cd0000, 0x00000000f0d50000)
 concurrent mark-sweep generation total 28232K, used 18058K [0x00000000f5a00000, 0x00000000f7592000, 0x0000000100000000)
 Metaspace       used 30317K, capacity 31212K, committed 31512K, reserved 1077248K
  class space    used 3798K, capacity 4014K, committed 4120K, reserved 1048576K
2019-10-16T14:16:52.162+0000: 12.014: [GC (Allocation Failure) 2019-10-16T14:16:52.162+0000: 12.014: [ParNew
Desired survivor size 262144 bytes, new threshold 6 (max 6)
- age   1:      22144 bytes,      22144 total
- age   2:      20512 bytes,      42656 total
- age   3:      30520 bytes,      73176 total
- age   4:      27320 bytes,     100496 total
- age   5:      24592 bytes,     125088 total
- age   6:      29304 bytes,     154392 total
: 4627K->286K(4928K), 0.0014421 secs] 22686K->18369K(33160K), 0.0014785 secs] [Times: user=0.00 sys=0.00, real=0.01 secs] 
Heap after GC invocations=471 (full 4):
 par new generation   total 4928K, used 286K [0x00000000f0800000, 0x00000000f0d50000, 0x00000000f5a00000)
  eden space 4416K,   0% used [0x00000000f0800000, 0x00000000f0800000, 0x00000000f0c50000)
  from space 512K,  55% used [0x00000000f0cd0000, 0x00000000f0d17970, 0x00000000f0d50000)
  to   space 512K,   0% used [0x00000000f0c50000, 0x00000000f0c50000, 0x00000000f0cd0000)
 concurrent mark-sweep generation total 28232K, used 18083K [0x00000000f5a00000, 0x00000000f7592000, 0x0000000100000000)
 Metaspace       used 30317K, capacity 31212K, committed 31512K, reserved 1077248K
  class space    used 3798K, capacity 4014K, committed 4120K, reserved 1048576K
}
2019-10-16T14:16:52.163+0000: 12.015: Total time for which application threads were stopped: 0.0015821 seconds, Stopping threads took: 0.0000192 seconds
{Heap before GC invocations=471 (full 4):
 par new generation   total 4928K, used 4702K [0x00000000f0800000, 0x00000000f0d50000, 0x00000000f5a00000)
  eden space 4416K, 100% used [0x00000000f0800000, 0x00000000f0c50000, 0x00000000f0c50000)
  from space 512K,  55% used [0x00000000f0cd0000, 0x00000000f0d17970, 0x00000000f0d50000)
  to   space 512K,   0% used [0x00000000f0c50000, 0x00000000f0c50000, 0x00000000f0cd0000)
 concurrent mark-sweep generation total 28232K, used 18083K [0x00000000f5a00000, 0x00000000f7592000, 0x0000000100000000)
 Metaspace       used 30376K, capacity 31384K, committed 31512K, reserved 1077248K
  class space    used 3805K, capacity 4048K, committed 4120K, reserved 1048576K
2019-10-16T14:16:52.190+0000: 12.042: [GC (Allocation Failure) 2019-10-16T14:16:52.190+0000: 12.042: [ParNew
Desired survivor size 262144 bytes, new threshold 6 (max 6)
- age   1:      47544 bytes,      47544 total
- age   2:      20536 bytes,      68080 total
- age   3:      20512 bytes,      88592 total
- age   4:      30344 bytes,     118936 total
- age   5:      27320 bytes,     146256 total
- age   6:      24592 bytes,     170848 total
: 4702K->185K(4928K), 0.0020143 secs] 22785K->18298K(33160K), 0.0020693 secs] [Times: user=0.01 sys=0.00, real=0.01 secs] 
Heap after GC invocations=472 (full 4):
 par new generation   total 4928K, used 185K [0x00000000f0800000, 0x00000000f0d50000, 0x00000000f5a00000)
  eden space 4416K,   0% used [0x00000000f0800000, 0x00000000f0800000, 0x00000000f0c50000)
  from space 512K,  36% used [0x00000000f0c50000, 0x00000000f0c7e580, 0x00000000f0cd0000)
  to   space 512K,   0% used [0x00000000f0cd0000, 0x00000000f0cd0000, 0x00000000f0d50000)
 concurrent mark-sweep generation total 28232K, used 18112K [0x00000000f5a00000, 0x00000000f7592000, 0x0000000100000000)
 Metaspace       used 30376K, capacity 31384K, committed 31512K, reserved 1077248K
  class space    used 3805K, capacity 4048K, committed 4120K, reserved 1048576K
}
2019-10-16T14:16:52.192+0000: 12.044: Total time for which application threads were stopped: 0.0021844 seconds, Stopping threads took: 0.0000217 seconds
{Heap before GC invocations=472 (full 4):
 par new generation   total 4928K, used 4601K [0x00000000f0800000, 0x00000000f0d50000, 0x00000000f5a00000)
  eden space 4416K, 100% used [0x00000000f0800000, 0x00000000f0c50000, 0x00000000f0c50000)
  from space 512K,  36% used [0x00000000f0c50000, 0x00000000f0c7e580, 0x00000000f0cd0000)
  to   space 512K,   0% used [0x00000000f0cd0000, 0x00000000f0cd0000, 0x00000000f0d50000)
 concurrent mark-sweep generation total 28232K, used 18112K [0x00000000f5a00000, 0x00000000f7592000, 0x0000000100000000)
 Metaspace       used 30400K, capacity 31388K, committed 31512K, reserved 1077248K
  class space    used 3808K, capacity 4048K, committed 4120K, reserved 1048576K
2019-10-16T14:16:52.207+0000: 12.059: [GC (Allocation Failure) 2019-10-16T14:16:52.207+0000: 12.059: [ParNew
Desired survivor size 262144 bytes, new threshold 6 (max 6)
- age   1:      19024 bytes,      19024 total
- age   2:      44736 bytes,      63760 total
- age   3:      20536 bytes,      84296 total
- age   4:      20472 bytes,     104768 total
- age   5:      30344 bytes,     135112 total
- age   6:      27320 bytes,     162432 total
: 4601K->295K(4928K), 0.0015145 secs] 22714K->18432K(33160K), 0.0015494 secs] [Times: user=0.00 sys=0.00, real=0.00 secs] 
Heap after GC invocations=473 (full 4):
 par new generation   total 4928K, used 295K [0x00000000f0800000, 0x00000000f0d50000, 0x00000000f5a00000)
  eden space 4416K,   0% used [0x00000000f0800000, 0x00000000f0800000, 0x00000000f0c50000)
  from space 512K,  57% used [0x00000000f0cd0000, 0x00000000f0d19c70, 0x00000000f0d50000)
  to   space 512K,   0% used [0x00000000f0c50000, 0x00000000f0c50000, 0x00000000f0cd0000)
 concurrent mark-sweep generation total 28232K, used 18137K [0x00000000f5a00000, 0x00000000f7592000, 0x0000000100000000)
 Metaspace       used 30400K, capacity 31388K, committed 31512K, reserved 1077248K
  class space    used 3808K, capacity 4048K, committed 4120K, reserved 1048576K
}
2019-10-16T14:16:52.208+0000: 12.060: Total time for which application threads were stopped: 0.0016465 seconds, Stopping threads took: 0.0000195 seconds
{Heap before GC invocations=473 (full 4):
 par new generation   total 4928K, used 4711K [0x00000000f0800000, 0x00000000f0d50000, 0x00000000f5a00000)
  eden space 4416K, 100% used [0x00000000f0800000, 0x00000000f0c50000, 0x00000000f0c50000)
  from space 512K,  57% used [0x00000000f0cd0000, 0x00000000f0d19c70, 0x00000000f0d50000)
  to   space 512K,   0% used [0x00000000f0c50000, 0x00000000f0c50000, 0x00000000f0cd0000)
 concurrent mark-sweep generation total 28232K, used 18137K [0x00000000f5a00000, 0x00000000f7592000, 0x0000000100000000)
 Metaspace       used 30408K, capacity 31388K, committed 31512K, reserved 1077248K
  class space    used 3809K, capacity 4048K, committed 4120K, reserved 1048576K
2019-10-16T14:16:52.226+0000: 12.078: [GC (Allocation Failure) 2019-10-16T14:16:52.226+0000: 12.078: [ParNew
Desired survivor size 262144 bytes, new threshold 6 (max 6)
- age   1:      20336 bytes,      20336 total
- age   2:      14928 bytes,      35264 total
- age   3:      44736 bytes,      80000 total
- age   4:      20536 bytes,     100536 total
- age   5:      20472 bytes,     121008 total
- age   6:      30344 bytes,     151352 total
: 4711K->192K(4928K), 0.0015947 secs] 22848K->18357K(33160K), 0.0016395 secs] [Times: user=0.00 sys=0.00, real=0.00 secs] 
Heap after GC invocations=474 (full 4):
 par new generation   total 4928K, used 192K [0x00000000f0800000, 0x00000000f0d50000, 0x00000000f5a00000)
  eden space 4416K,   0% used [0x00000000f0800000, 0x00000000f0800000, 0x00000000f0c50000)
  from space 512K,  37% used [0x00000000f0c50000, 0x00000000f0c80150, 0x00000000f0cd0000)
  to   space 512K,   0% used [0x00000000f0cd0000, 0x00000000f0cd0000, 0x00000000f0d50000)
 concurrent mark-sweep generation total 28232K, used 18165K [0x00000000f5a00000, 0x00000000f7592000, 0x0000000100000000)
 Metaspace       used 30408K, capacity 31388K, committed 31512K, reserved 1077248K
  class space    used 3809K, capacity 4048K, committed 4120K, reserved 1048576K
}
2019-10-16T14:16:52.228+0000: 12.080: Total time for which application threads were stopped: 0.0017421 seconds, Stopping threads took: 0.0000215 seconds
{Heap before GC invocations=474 (full 4):
 par new generation   total 4928K, used 4608K [0x00000000f0800000, 0x00000000f0d50000, 0x00000000f5a00000)
  eden space 4416K, 100% used [0x00000000f0800000, 0x00000000f0c50000, 0x00000000f0c50000)
  from space 512K,  37% used [0x00000000f0c50000, 0x00000000f0c80150, 0x00000000f0cd0000)
  to   space 512K,   0% used [0x00000000f0cd0000, 0x00000000f0cd0000, 0x00000000f0d50000)
 concurrent mark-sweep generation total 28232K, used 18165K [0x00000000f5a00000, 0x00000000f7592000, 0x0000000100000000)
 Metaspace       used 30458K, capacity 31470K, committed 31768K, reserved 1077248K
  class space    used 3815K, capacity 4051K, committed 4120K, reserved 1048576K
2019-10-16T14:16:52.250+0000: 12.102: [GC (Allocation Failure) 2019-10-16T14:16:52.250+0000: 12.102: [ParNew
Desired survivor size 262144 bytes, new threshold 6 (max 6)
- age   1:      56024 bytes,      56024 total
- age   2:      17168 bytes,      73192 total
- age   3:      14928 bytes,      88120 total
- age   4:      44736 bytes,     132856 total
- age   5:      20416 bytes,     153272 total
- age   6:      20472 bytes,     173744 total
: 4608K->270K(4928K), 0.0018138 secs] 22773K->18466K(33160K), 0.0018524 secs] [Times: user=0.01 sys=0.00, real=0.00 secs] 
Heap after GC invocations=475 (full 4):
 par new generation   total 4928K, used 270K [0x00000000f0800000, 0x00000000f0d50000, 0x00000000f5a00000)
  eden space 4416K,   0% used [0x00000000f0800000, 0x00000000f0800000, 0x00000000f0c50000)
  from space 512K,  52% used [0x00000000f0cd0000, 0x00000000f0d139c0, 0x00000000f0d50000)
  to   space 512K,   0% used [0x00000000f0c50000, 0x00000000f0c50000, 0x00000000f0cd0000)
 concurrent mark-sweep generation total 28232K, used 18196K [0x00000000f5a00000, 0x00000000f7592000, 0x0000000100000000)
 Metaspace       used 30458K, capacity 31470K, committed 31768K, reserved 1077248K
  class space    used 3815K, capacity 4051K, committed 4120K, reserved 1048576K
}
2019-10-16T14:16:52.252+0000: 12.104: Total time for which application threads were stopped: 0.0019797 seconds, Stopping threads took: 0.0000342 seconds
{Heap before GC invocations=475 (full 4):
 par new generation   total 4928K, used 4686K [0x00000000f0800000, 0x00000000f0d50000, 0x00000000f5a00000)
  eden space 4416K, 100% used [0x00000000f0800000, 0x00000000f0c50000, 0x00000000f0c50000)
  from space 512K,  52% used [0x00000000f0cd0000, 0x00000000f0d139c0, 0x00000000f0d50000)
  to   space 512K,   0% used [0x00000000f0c50000, 0x00000000f0c50000, 0x00000000f0cd0000)
 concurrent mark-sweep generation total 28232K, used 18196K [0x00000000f5a00000, 0x00000000f7592000, 0x0000000100000000)
 Metaspace       used 30519K, capacity 31548K, committed 31768K, reserved 1077248K
  class space    used 3829K, capacity 4066K, committed 4120K, reserved 1048576K
2019-10-16T14:16:52.282+0000: 12.134: [GC (Allocation Failure) 2019-10-16T14:16:52.282+0000: 12.134: [ParNew
Desired survivor size 262144 bytes, new threshold 6 (max 6)
- age   1:      41728 bytes,      41728 total
- age   2:      52952 bytes,      94680 total
- age   3:      17168 bytes,     111848 total
- age   4:      14928 bytes,     126776 total
- age   5:      44736 bytes,     171512 total
- age   6:      20416 bytes,     191928 total
: 4686K->321K(4928K), 0.0021011 secs] 22882K->18538K(33160K), 0.0021651 secs] [Times: user=0.00 sys=0.00, real=0.00 secs] 
Heap after GC invocations=476 (full 4):
 par new generation   total 4928K, used 321K [0x00000000f0800000, 0x00000000f0d50000, 0x00000000f5a00000)
  eden space 4416K,   0% used [0x00000000f0800000, 0x00000000f0800000, 0x00000000f0c50000)
  from space 512K,  62% used [0x00000000f0c50000, 0x00000000f0ca0650, 0x00000000f0cd0000)
  to   space 512K,   0% used [0x00000000f0cd0000, 0x00000000f0cd0000, 0x00000000f0d50000)
 concurrent mark-sweep generation total 28232K, used 18217K [0x00000000f5a00000, 0x00000000f7592000, 0x0000000100000000)
 Metaspace       used 30519K, capacity 31548K, committed 31768K, reserved 1077248K
  class space    used 3829K, capacity 4066K, committed 4120K, reserved 1048576K
}
2019-10-16T14:16:52.284+0000: 12.137: Total time for which application threads were stopped: 0.0022832 seconds, Stopping threads took: 0.0000249 seconds
2019-10-16T14:16:52.295+0000: 12.147: Total time for which application threads were stopped: 0.0003533 seconds, Stopping threads took: 0.0000201 seconds
{Heap before GC invocations=476 (full 4):
 par new generation   total 4928K, used 4737K [0x00000000f0800000, 0x00000000f0d50000, 0x00000000f5a00000)
  eden space 4416K, 100% used [0x00000000f0800000, 0x00000000f0c50000, 0x00000000f0c50000)
  from space 512K,  62% used [0x00000000f0c50000, 0x00000000f0ca0650, 0x00000000f0cd0000)
  to   space 512K,   0% used [0x00000000f0cd0000, 0x00000000f0cd0000, 0x00000000f0d50000)
 concurrent mark-sweep generation total 28232K, used 18217K [0x00000000f5a00000, 0x00000000f7592000, 0x0000000100000000)
 Metaspace       used 30569K, capacity 31588K, committed 31768K, reserved 1077248K
  class space    used 3841K, capacity 4076K, committed 4120K, reserved 1048576K
2019-10-16T14:16:52.314+0000: 12.166: [GC (Allocation Failure) 2019-10-16T14:16:52.314+0000: 12.166: [ParNew
Desired survivor size 262144 bytes, new threshold 6 (max 6)
- age   1:     141936 bytes,     141936 total
- age   2:      34104 bytes,     176040 total
- age   3:      52080 bytes,     228120 total
- age   4:      17168 bytes,     245288 total
- age   5:      14928 bytes,     260216 total
- age   6:      44312 bytes,     304528 total
: 4737K->332K(4928K), 0.0022326 secs] 22954K->18569K(33160K), 0.0022720 secs] [Times: user=0.01 sys=0.00, real=0.00 secs] 
Heap after GC invocations=477 (full 4):
 par new generation   total 4928K, used 332K [0x00000000f0800000, 0x00000000f0d50000, 0x00000000f5a00000)
  eden space 4416K,   0% used [0x00000000f0800000, 0x00000000f0800000, 0x00000000f0c50000)
  from space 512K,  64% used [0x00000000f0cd0000, 0x00000000f0d23010, 0x00000000f0d50000)
  to   space 512K,   0% used [0x00000000f0c50000, 0x00000000f0c50000, 0x00000000f0cd0000)
 concurrent mark-sweep generation total 28232K, used 18237K [0x00000000f5a00000, 0x00000000f7592000, 0x0000000100000000)
 Metaspace       used 30569K, capacity 31588K, committed 31768K, reserved 1077248K
  class space    used 3841K, capacity 4076K, committed 4120K, reserved 1048576K
}
2019-10-16T14:16:52.317+0000: 12.169: Total time for which application threads were stopped: 0.0023687 seconds, Stopping threads took: 0.0000208 seconds
{Heap before GC invocations=477 (full 4):
 par new generation   total 4928K, used 4748K [0x00000000f0800000, 0x00000000f0d50000, 0x00000000f5a00000)
  eden space 4416K, 100% used [0x00000000f0800000, 0x00000000f0c50000, 0x00000000f0c50000)
  from space 512K,  64% used [0x00000000f0cd0000, 0x00000000f0d23010, 0x00000000f0d50000)
  to   space 512K,   0% used [0x00000000f0c50000, 0x00000000f0c50000, 0x00000000f0cd0000)
 concurrent mark-sweep generation total 28232K, used 18237K [0x00000000f5a00000, 0x00000000f7592000, 0x0000000100000000)
 Metaspace       used 30590K, capacity 31652K, committed 31768K, reserved 1077248K
  class space    used 3842K, capacity 4076K, committed 4120K, reserved 1048576K
2019-10-16T14:16:52.351+0000: 12.203: [GC (Allocation Failure) 2019-10-16T14:16:52.351+0000: 12.203: [ParNew
Desired survivor size 262144 bytes, new threshold 3 (max 6)
- age   1:     109304 bytes,     109304 total
- age   2:     135504 bytes,     244808 total
- age   3:      34104 bytes,     278912 total
- age   4:      51816 bytes,     330728 total
- age   5:      17168 bytes,     347896 total
- age   6:      14024 bytes,     361920 total
: 4748K->498K(4928K), 0.0027247 secs] 22985K->18780K(33160K), 0.0027708 secs] [Times: user=0.00 sys=0.00, real=0.00 secs] 
Heap after GC invocations=478 (full 4):
 par new generation   total 4928K, used 498K [0x00000000f0800000, 0x00000000f0d50000, 0x00000000f5a00000)
  eden space 4416K,   0% used [0x00000000f0800000, 0x00000000f0800000, 0x00000000f0c50000)
  from space 512K,  97% used [0x00000000f0c50000, 0x00000000f0ccca20, 0x00000000f0cd0000)
  to   space 512K,   0% used [0x00000000f0cd0000, 0x00000000f0cd0000, 0x00000000f0d50000)
 concurrent mark-sweep generation total 28232K, used 18282K [0x00000000f5a00000, 0x00000000f7592000, 0x0000000100000000)
 Metaspace       used 30590K, capacity 31652K, committed 31768K, reserved 1077248K
  class space    used 3842K, capacity 4076K, committed 4120K, reserved 1048576K
}
2019-10-16T14:16:52.353+0000: 12.205: Total time for which application threads were stopped: 0.0028782 seconds, Stopping threads took: 0.0000210 seconds
{Heap before GC invocations=478 (full 4):
 par new generation   total 4928K, used 4914K [0x00000000f0800000, 0x00000000f0d50000, 0x00000000f5a00000)
  eden space 4416K, 100% used [0x00000000f0800000, 0x00000000f0c50000, 0x00000000f0c50000)
  from space 512K,  97% used [0x00000000f0c50000, 0x00000000f0ccca20, 0x00000000f0cd0000)
  to   space 512K,   0% used [0x00000000f0cd0000, 0x00000000f0cd0000, 0x00000000f0d50000)
 concurrent mark-sweep generation total 28232K, used 18282K [0x00000000f5a00000, 0x00000000f7592000, 0x0000000100000000)
 Metaspace       used 30604K, capacity 31652K, committed 31768K, reserved 1077248K
  class space    used 3844K, capacity 4076K, committed 4120K, reserved 1048576K
2019-10-16T14:16:52.370+0000: 12.222: [GC (Allocation Failure) 2019-10-16T14:16:52.370+0000: 12.222: [ParNew
Desired survivor size 262144 bytes, new threshold 3 (max 6)
- age   1:      28992 bytes,      28992 total
- age   2:     102536 bytes,     131528 total
- age   3:     133688 bytes,     265216 total
: 4914K->327K(4928K), 0.0026821 secs] 23196K->18726K(33160K), 0.0027240 secs] [Times: user=0.00 sys=0.00, real=0.01 secs] 
Heap after GC invocations=479 (full 4):
 par new generation   total 4928K, used 327K [0x00000000f0800000, 0x00000000f0d50000, 0x00000000f5a00000)
  eden space 4416K,   0% used [0x00000000f0800000, 0x00000000f0800000, 0x00000000f0c50000)
  from space 512K,  63% used [0x00000000f0cd0000, 0x00000000f0d21c20, 0x00000000f0d50000)
  to   space 512K,   0% used [0x00000000f0c50000, 0x00000000f0c50000, 0x00000000f0cd0000)
 concurrent mark-sweep generation total 28232K, used 18399K [0x00000000f5a00000, 0x00000000f7592000, 0x0000000100000000)
 Metaspace       used 30604K, capacity 31652K, committed 31768K, reserved 1077248K
  class space    used 3844K, capacity 4076K, committed 4120K, reserved 1048576K
}
2019-10-16T14:16:52.373+0000: 12.225: Total time for which application threads were stopped: 0.0028579 seconds, Stopping threads took: 0.0000208 seconds
{Heap before GC invocations=479 (full 4):
 par new generation   total 4928K, used 4743K [0x00000000f0800000, 0x00000000f0d50000, 0x00000000f5a00000)
  eden space 4416K, 100% used [0x00000000f0800000, 0x00000000f0c50000, 0x00000000f0c50000)
  from space 512K,  63% used [0x00000000f0cd0000, 0x00000000f0d21c20, 0x00000000f0d50000)
  to   space 512K,   0% used [0x00000000f0c50000, 0x00000000f0c50000, 0x00000000f0cd0000)
 concurrent mark-sweep generation total 28232K, used 18399K [0x00000000f5a00000, 0x00000000f7592000, 0x0000000100000000)
 Metaspace       used 30675K, capacity 31716K, committed 31768K, reserved 1077248K
  class space    used 3848K, capacity 4076K, committed 4120K, reserved 1048576K
2019-10-16T14:16:52.393+0000: 12.245: [GC (Allocation Failure) 2019-10-16T14:16:52.393+0000: 12.245: [ParNew
Desired survivor size 262144 bytes, new threshold 6 (max 6)
- age   1:      25160 bytes,      25160 total
- age   2:      26200 bytes,      51360 total
- age   3:     101448 bytes,     152808 total
: 4743K->275K(4928K), 0.0023462 secs] 23142K->18809K(33160K), 0.0023941 secs] [Times: user=0.00 sys=0.00, real=0.00 secs] 
Heap after GC invocations=480 (full 4):
 par new generation   total 4928K, used 275K [0x00000000f0800000, 0x00000000f0d50000, 0x00000000f5a00000)
  eden space 4416K,   0% used [0x00000000f0800000, 0x00000000f0800000, 0x00000000f0c50000)
  from space 512K,  53% used [0x00000000f0c50000, 0x00000000f0c94e60, 0x00000000f0cd0000)
  to   space 512K,   0% used [0x00000000f0cd0000, 0x00000000f0cd0000, 0x00000000f0d50000)
 concurrent mark-sweep generation total 28232K, used 18533K [0x00000000f5a00000, 0x00000000f7592000, 0x0000000100000000)
 Metaspace       used 30675K, capacity 31716K, committed 31768K, reserved 1077248K
  class space    used 3848K, capacity 4076K, committed 4120K, reserved 1048576K
}
2019-10-16T14:16:52.395+0000: 12.247: Total time for which application threads were stopped: 0.0025024 seconds, Stopping threads took: 0.0000210 seconds
{Heap before GC invocations=480 (full 4):
 par new generation   total 4928K, used 4691K [0x00000000f0800000, 0x00000000f0d50000, 0x00000000f5a00000)
  eden space 4416K, 100% used [0x00000000f0800000, 0x00000000f0c50000, 0x00000000f0c50000)
  from space 512K,  53% used [0x00000000f0c50000, 0x00000000f0c94e60, 0x00000000f0cd0000)
  to   space 512K,   0% used [0x00000000f0cd0000, 0x00000000f0cd0000, 0x00000000f0d50000)
 concurrent mark-sweep generation total 28232K, used 18533K [0x00000000f5a00000, 0x00000000f7592000, 0x0000000100000000)
 Metaspace       used 30744K, capacity 31836K, committed 32024K, reserved 1077248K
  class space    used 3856K, capacity 4112K, committed 4120K, reserved 1048576K
2019-10-16T14:16:52.442+0000: 12.294: [GC (Allocation Failure) 2019-10-16T14:16:52.442+0000: 12.294: [ParNew
Desired survivor size 262144 bytes, new threshold 4 (max 6)
- age   1:     117416 bytes,     117416 total
- age   2:      23128 bytes,     140544 total
- age   3:      25800 bytes,     166344 total
- age   4:      96752 bytes,     263096 total
: 4691K->374K(4928K), 0.0022035 secs] 23225K->18908K(33160K), 0.0022522 secs] [Times: user=0.00 sys=0.00, real=0.00 secs] 
Heap after GC invocations=481 (full 4):
 par new generation   total 4928K, used 374K [0x00000000f0800000, 0x00000000f0d50000, 0x00000000f5a00000)
  eden space 4416K,   0% used [0x00000000f0800000, 0x00000000f0800000, 0x00000000f0c50000)
  from space 512K,  73% used [0x00000000f0cd0000, 0x00000000f0d2db70, 0x00000000f0d50000)
  to   space 512K,   0% used [0x00000000f0c50000, 0x00000000f0c50000, 0x00000000f0cd0000)
 concurrent mark-sweep generation total 28232K, used 18533K [0x00000000f5a00000, 0x00000000f7592000, 0x0000000100000000)
 Metaspace       used 30744K, capacity 31836K, committed 32024K, reserved 1077248K
  class space    used 3856K, capacity 4112K, committed 4120K, reserved 1048576K
}
2019-10-16T14:16:52.445+0000: 12.297: Total time for which application threads were stopped: 0.0023687 seconds, Stopping threads took: 0.0000238 seconds
{Heap before GC invocations=481 (full 4):
 par new generation   total 4928K, used 4790K [0x00000000f0800000, 0x00000000f0d50000, 0x00000000f5a00000)
  eden space 4416K, 100% used [0x00000000f0800000, 0x00000000f0c50000, 0x00000000f0c50000)
  from space 512K,  73% used [0x00000000f0cd0000, 0x00000000f0d2db70, 0x00000000f0d50000)
  to   space 512K,   0% used [0x00000000f0c50000, 0x00000000f0c50000, 0x00000000f0cd0000)
 concurrent mark-sweep generation total 28232K, used 18533K [0x00000000f5a00000, 0x00000000f7592000, 0x0000000100000000)
 Metaspace       used 30834K, capacity 31904K, committed 32024K, reserved 1077248K
  class space    used 3864K, capacity 4112K, committed 4120K, reserved 1048576K
2019-10-16T14:16:52.467+0000: 12.319: [GC (Allocation Failure) 2019-10-16T14:16:52.467+0000: 12.319: [ParNew
Desired survivor size 262144 bytes, new threshold 6 (max 6)
- age   1:      50528 bytes,      50528 total
- age   2:     113832 bytes,     164360 total
- age   3:      23128 bytes,     187488 total
- age   4:      25800 bytes,     213288 total
: 4790K->224K(4928K), 0.0025197 secs] 23324K->18856K(33160K), 0.0025708 secs] [Times: user=0.01 sys=0.00, real=0.00 secs] 
Heap after GC invocations=482 (full 4):
 par new generation   total 4928K, used 224K [0x00000000f0800000, 0x00000000f0d50000, 0x00000000f5a00000)
  eden space 4416K,   0% used [0x00000000f0800000, 0x00000000f0800000, 0x00000000f0c50000)
  from space 512K,  43% used [0x00000000f0c50000, 0x00000000f0c883c0, 0x00000000f0cd0000)
  to   space 512K,   0% used [0x00000000f0cd0000, 0x00000000f0cd0000, 0x00000000f0d50000)
 concurrent mark-sweep generation total 28232K, used 18631K [0x00000000f5a00000, 0x00000000f7592000, 0x0000000100000000)
 Metaspace       used 30834K, capacity 31904K, committed 32024K, reserved 1077248K
  class space    used 3864K, capacity 4112K, committed 4120K, reserved 1048576K
}
2019-10-16T14:16:52.469+0000: 12.321: Total time for which application threads were stopped: 0.0026928 seconds, Stopping threads took: 0.0000199 seconds
{Heap before GC invocations=482 (full 4):
 par new generation   total 4928K, used 4640K [0x00000000f0800000, 0x00000000f0d50000, 0x00000000f5a00000)
  eden space 4416K, 100% used [0x00000000f0800000, 0x00000000f0c50000, 0x00000000f0c50000)
  from space 512K,  43% used [0x00000000f0c50000, 0x00000000f0c883c0, 0x00000000f0cd0000)
  to   space 512K,   0% used [0x00000000f0cd0000, 0x00000000f0cd0000, 0x00000000f0d50000)
 concurrent mark-sweep generation total 28232K, used 18631K [0x00000000f5a00000, 0x00000000f7592000, 0x0000000100000000)
 Metaspace       used 30920K, capacity 31968K, committed 32024K, reserved 1077248K
  class space    used 3877K, capacity 4112K, committed 4120K, reserved 1048576K
2019-10-16T14:16:52.500+0000: 12.352: [GC (Allocation Failure) 2019-10-16T14:16:52.500+0000: 12.352: [ParNew
Desired survivor size 262144 bytes, new threshold 3 (max 6)
- age   1:     154040 bytes,     154040 total
- age   2:      43752 bytes,     197792 total
- age   3:     113832 bytes,     311624 total
- age   4:      22776 bytes,     334400 total
- age   5:      25800 bytes,     360200 total
: 4640K->423K(4928K), 0.0025498 secs] 23272K->19054K(33160K), 0.0025954 secs] [Times: user=0.00 sys=0.00, real=0.01 secs] 
Heap after GC invocations=483 (full 4):
 par new generation   total 4928K, used 423K [0x00000000f0800000, 0x00000000f0d50000, 0x00000000f5a00000)
  eden space 4416K,   0% used [0x00000000f0800000, 0x00000000f0800000, 0x00000000f0c50000)
  from space 512K,  82% used [0x00000000f0cd0000, 0x00000000f0d39d80, 0x00000000f0d50000)
  to   space 512K,   0% used [0x00000000f0c50000, 0x00000000f0c50000, 0x00000000f0cd0000)
 concurrent mark-sweep generation total 28232K, used 18631K [0x00000000f5a00000, 0x00000000f7592000, 0x0000000100000000)
 Metaspace       used 30920K, capacity 31968K, committed 32024K, reserved 1077248K
  class space    used 3877K, capacity 4112K, committed 4120K, reserved 1048576K
}
2019-10-16T14:16:52.503+0000: 12.355: Total time for which application threads were stopped: 0.0027234 seconds, Stopping threads took: 0.0000223 seconds
{Heap before GC invocations=483 (full 4):
 par new generation   total 4928K, used 4839K [0x00000000f0800000, 0x00000000f0d50000, 0x00000000f5a00000)
  eden space 4416K, 100% used [0x00000000f0800000, 0x00000000f0c50000, 0x00000000f0c50000)
  from space 512K,  82% used [0x00000000f0cd0000, 0x00000000f0d39d80, 0x00000000f0d50000)
  to   space 512K,   0% used [0x00000000f0c50000, 0x00000000f0c50000, 0x00000000f0cd0000)
 concurrent mark-sweep generation total 28232K, used 18631K [0x00000000f5a00000, 0x00000000f7592000, 0x0000000100000000)
 Metaspace       used 30990K, capacity 32062K, committed 32280K, reserved 1077248K
  class space    used 3888K, capacity 4117K, committed 4120K, reserved 1048576K
2019-10-16T14:16:52.546+0000: 12.398: [GC (Allocation Failure) 2019-10-16T14:16:52.546+0000: 12.398: [ParNew
Desired survivor size 262144 bytes, new threshold 3 (max 6)
- age   1:      85376 bytes,      85376 total
- age   2:     148752 bytes,     234128 total
- age   3:      43752 bytes,     277880 total
: 4839K->316K(4928K), 0.0033775 secs] 23470K->19107K(33160K), 0.0034341 secs] [Times: user=0.01 sys=0.00, real=0.00 secs] 
Heap after GC invocations=484 (full 4):
 par new generation   total 4928K, used 316K [0x00000000f0800000, 0x00000000f0d50000, 0x00000000f5a00000)
  eden space 4416K,   0% used [0x00000000f0800000, 0x00000000f0800000, 0x00000000f0c50000)
  from space 512K,  61% used [0x00000000f0c50000, 0x00000000f0c9f188, 0x00000000f0cd0000)
  to   space 512K,   0% used [0x00000000f0cd0000, 0x00000000f0cd0000, 0x00000000f0d50000)
 concurrent mark-sweep generation total 28232K, used 18791K [0x00000000f5a00000, 0x00000000f7592000, 0x0000000100000000)
 Metaspace       used 30990K, capacity 32062K, committed 32280K, reserved 1077248K
  class space    used 3888K, capacity 4117K, committed 4120K, reserved 1048576K
}
2019-10-16T14:16:52.550+0000: 12.402: Total time for which application threads were stopped: 0.0035578 seconds, Stopping threads took: 0.0000242 seconds
{Heap before GC invocations=484 (full 4):
 par new generation   total 4928K, used 4732K [0x00000000f0800000, 0x00000000f0d50000, 0x00000000f5a00000)
  eden space 4416K, 100% used [0x00000000f0800000, 0x00000000f0c50000, 0x00000000f0c50000)
  from space 512K,  61% used [0x00000000f0c50000, 0x00000000f0c9f188, 0x00000000f0cd0000)
  to   space 512K,   0% used [0x00000000f0cd0000, 0x00000000f0cd0000, 0x00000000f0d50000)
 concurrent mark-sweep generation total 28232K, used 18791K [0x00000000f5a00000, 0x00000000f7592000, 0x0000000100000000)
 Metaspace       used 31084K, capacity 32164K, committed 32408K, reserved 1077248K
  class space    used 3899K, capacity 4150K, committed 4248K, reserved 1048576K
2019-10-16T14:16:52.574+0000: 12.426: [GC (Allocation Failure) 2019-10-16T14:16:52.574+0000: 12.426: [ParNew
Desired survivor size 262144 bytes, new threshold 6 (max 6)
- age   1:      29112 bytes,      29112 total
- age   2:      79800 bytes,     108912 total
- age   3:     148752 bytes,     257664 total
: 4732K->282K(4928K), 0.0022898 secs] 23523K->19118K(33160K), 0.0023324 secs] [Times: user=0.00 sys=0.00, real=0.00 secs] 
Heap after GC invocations=485 (full 4):
 par new generation   total 4928K, used 282K [0x00000000f0800000, 0x00000000f0d50000, 0x00000000f5a00000)
  eden space 4416K,   0% used [0x00000000f0800000, 0x00000000f0800000, 0x00000000f0c50000)
  from space 512K,  55% used [0x00000000f0cd0000, 0x00000000f0d16b18, 0x00000000f0d50000)
  to   space 512K,   0% used [0x00000000f0c50000, 0x00000000f0c50000, 0x00000000f0cd0000)
 concurrent mark-sweep generation total 28232K, used 18835K [0x00000000f5a00000, 0x00000000f7592000, 0x0000000100000000)
 Metaspace       used 31084K, capacity 32164K, committed 32408K, reserved 1077248K
  class space    used 3899K, capacity 4150K, committed 4248K, reserved 1048576K
}
2019-10-16T14:16:52.577+0000: 12.429: Total time for which application threads were stopped: 0.0024627 seconds, Stopping threads took: 0.0000246 seconds
{Heap before GC invocations=485 (full 4):
 par new generation   total 4928K, used 4698K [0x00000000f0800000, 0x00000000f0d50000, 0x00000000f5a00000)
  eden space 4416K, 100% used [0x00000000f0800000, 0x00000000f0c50000, 0x00000000f0c50000)
  from space 512K,  55% used [0x00000000f0cd0000, 0x00000000f0d16b18, 0x00000000f0d50000)
  to   space 512K,   0% used [0x00000000f0c50000, 0x00000000f0c50000, 0x00000000f0cd0000)
 concurrent mark-sweep generation total 28232K, used 18835K [0x00000000f5a00000, 0x00000000f7592000, 0x0000000100000000)
 Metaspace       used 31143K, capacity 32228K, committed 32408K, reserved 1077248K
  class space    used 3908K, capacity 4150K, committed 4248K, reserved 1048576K
2019-10-16T14:16:52.610+0000: 12.462: [GC (Allocation Failure) 2019-10-16T14:16:52.610+0000: 12.462: [ParNew
Desired survivor size 262144 bytes, new threshold 4 (max 6)
- age   1:      69368 bytes,      69368 total
- age   2:      23048 bytes,      92416 total
- age   3:      79752 bytes,     172168 total
- age   4:     148752 bytes,     320920 total
: 4698K->512K(4928K), 0.0023142 secs] 23534K->19349K(33160K), 0.0023664 secs] [Times: user=0.00 sys=0.00, real=0.00 secs] 
Heap after GC invocations=486 (full 4):
 par new generation   total 4928K, used 512K [0x00000000f0800000, 0x00000000f0d50000, 0x00000000f5a00000)
  eden space 4416K,   0% used [0x00000000f0800000, 0x00000000f0800000, 0x00000000f0c50000)
  from space 512K, 100% used [0x00000000f0c50000, 0x00000000f0cd0000, 0x00000000f0cd0000)
  to   space 512K,   0% used [0x00000000f0cd0000, 0x00000000f0cd0000, 0x00000000f0d50000)
 concurrent mark-sweep generation total 28232K, used 18837K [0x00000000f5a00000, 0x00000000f7592000, 0x0000000100000000)
 Metaspace       used 31143K, capacity 32228K, committed 32408K, reserved 1077248K
  class space    used 3908K, capacity 4150K, committed 4248K, reserved 1048576K
}
2019-10-16T14:16:52.613+0000: 12.465: Total time for which application threads were stopped: 0.0024736 seconds, Stopping threads took: 0.0000238 seconds
{Heap before GC invocations=486 (full 4):
 par new generation   total 4928K, used 4928K [0x00000000f0800000, 0x00000000f0d50000, 0x00000000f5a00000)
  eden space 4416K, 100% used [0x00000000f0800000, 0x00000000f0c50000, 0x00000000f0c50000)
  from space 512K, 100% used [0x00000000f0c50000, 0x00000000f0cd0000, 0x00000000f0cd0000)
  to   space 512K,   0% used [0x00000000f0cd0000, 0x00000000f0cd0000, 0x00000000f0d50000)
 concurrent mark-sweep generation total 28232K, used 18837K [0x00000000f5a00000, 0x00000000f7592000, 0x0000000100000000)
 Metaspace       used 31178K, capacity 32228K, committed 32408K, reserved 1077248K
  class space    used 3911K, capacity 4150K, committed 4248K, reserved 1048576K
2019-10-16T14:16:52.626+0000: 12.478: [GC (Allocation Failure) 2019-10-16T14:16:52.626+0000: 12.478: [ParNew
Desired survivor size 262144 bytes, new threshold 6 (max 6)
- age   1:      22216 bytes,      22216 total
- age   2:      65360 bytes,      87576 total
- age   3:      23048 bytes,     110624 total
- age   4:      79752 bytes,     190376 total
: 4928K->300K(4928K), 0.0024404 secs] 23765K->19290K(33160K), 0.0024908 secs] [Times: user=0.01 sys=0.00, real=0.00 secs] 
Heap after GC invocations=487 (full 4):
 par new generation   total 4928K, used 300K [0x00000000f0800000, 0x00000000f0d50000, 0x00000000f5a00000)
  eden space 4416K,   0% used [0x00000000f0800000, 0x00000000f0800000, 0x00000000f0c50000)
  from space 512K,  58% used [0x00000000f0cd0000, 0x00000000f0d1b0a0, 0x00000000f0d50000)
  to   space 512K,   0% used [0x00000000f0c50000, 0x00000000f0c50000, 0x00000000f0cd0000)
 concurrent mark-sweep generation total 28232K, used 18990K [0x00000000f5a00000, 0x00000000f7592000, 0x0000000100000000)
 Metaspace       used 31178K, capacity 32228K, committed 32408K, reserved 1077248K
  class space    used 3911K, capacity 4150K, committed 4248K, reserved 1048576K
}
2019-10-16T14:16:52.629+0000: 12.481: Total time for which application threads were stopped: 0.0025947 seconds, Stopping threads took: 0.0000218 seconds
{Heap before GC invocations=487 (full 4):
 par new generation   total 4928K, used 4716K [0x00000000f0800000, 0x00000000f0d50000, 0x00000000f5a00000)
  eden space 4416K, 100% used [0x00000000f0800000, 0x00000000f0c50000, 0x00000000f0c50000)
  from space 512K,  58% used [0x00000000f0cd0000, 0x00000000f0d1b0a0, 0x00000000f0d50000)
  to   space 512K,   0% used [0x00000000f0c50000, 0x00000000f0c50000, 0x00000000f0cd0000)
 concurrent mark-sweep generation total 28232K, used 18990K [0x00000000f5a00000, 0x00000000f7592000, 0x0000000100000000)
 Metaspace       used 31195K, capacity 32228K, committed 32408K, reserved 1077248K
  class space    used 3914K, capacity 4150K, committed 4248K, reserved 1048576K
2019-10-16T14:16:52.650+0000: 12.502: [GC (Allocation Failure) 2019-10-16T14:16:52.650+0000: 12.502: [ParNew
Desired survivor size 262144 bytes, new threshold 6 (max 6)
- age   1:      24664 bytes,      24664 total
- age   2:      17232 bytes,      41896 total
- age   3:      65360 bytes,     107256 total
- age   4:      23048 bytes,     130304 total
- age   5:      79752 bytes,     210056 total
: 4716K->214K(4928K), 0.0018614 secs] 23706K->19205K(33160K), 0.0019182 secs] [Times: user=0.01 sys=0.00, real=0.00 secs] 
Heap after GC invocations=488 (full 4):
 par new generation   total 4928K, used 214K [0x00000000f0800000, 0x00000000f0d50000, 0x00000000f5a00000)
  eden space 4416K,   0% used [0x00000000f0800000, 0x00000000f0800000, 0x00000000f0c50000)
  from space 512K,  41% used [0x00000000f0c50000, 0x00000000f0c85a38, 0x00000000f0cd0000)
  to   space 512K,   0% used [0x00000000f0cd0000, 0x00000000f0cd0000, 0x00000000f0d50000)
 concurrent mark-sweep generation total 28232K, used 18990K [0x00000000f5a00000, 0x00000000f7592000, 0x0000000100000000)
 Metaspace       used 31195K, capacity 32228K, committed 32408K, reserved 1077248K
  class space    used 3914K, capacity 4150K, committed 4248K, reserved 1048576K
}
2019-10-16T14:16:52.652+0000: 12.504: Total time for which application threads were stopped: 0.0020517 seconds, Stopping threads took: 0.0000208 seconds
{Heap before GC invocations=488 (full 4):
 par new generation   total 4928K, used 4630K [0x00000000f0800000, 0x00000000f0d50000, 0x00000000f5a00000)
  eden space 4416K, 100% used [0x00000000f0800000, 0x00000000f0c50000, 0x00000000f0c50000)
  from space 512K,  41% used [0x00000000f0c50000, 0x00000000f0c85a38, 0x00000000f0cd0000)
  to   space 512K,   0% used [0x00000000f0cd0000, 0x00000000f0cd0000, 0x00000000f0d50000)
 concurrent mark-sweep generation total 28232K, used 18990K [0x00000000f5a00000, 0x00000000f7592000, 0x0000000100000000)
 Metaspace       used 31237K, capacity 32292K, committed 32408K, reserved 1077248K
  class space    used 3922K, capacity 4150K, committed 4248K, reserved 1048576K
2019-10-16T14:16:52.674+0000: 12.526: [GC (Allocation Failure) 2019-10-16T14:16:52.674+0000: 12.526: [ParNew
Desired survivor size 262144 bytes, new threshold 6 (max 6)
- age   1:      38840 bytes,      38840 total
- age   2:      19496 bytes,      58336 total
- age   3:      17232 bytes,      75568 total
- age   4:      65360 bytes,     140928 total
- age   5:      23048 bytes,     163976 total
- age   6:      75336 bytes,     239312 total
: 4630K->415K(4928K), 0.0019864 secs] 23621K->19405K(33160K), 0.0020272 secs] [Times: user=0.01 sys=0.00, real=0.00 secs] 
Heap after GC invocations=489 (full 4):
 par new generation   total 4928K, used 415K [0x00000000f0800000, 0x00000000f0d50000, 0x00000000f5a00000)
  eden space 4416K,   0% used [0x00000000f0800000, 0x00000000f0800000, 0x00000000f0c50000)
  from space 512K,  81% used [0x00000000f0cd0000, 0x00000000f0d37db0, 0x00000000f0d50000)
  to   space 512K,   0% used [0x00000000f0c50000, 0x00000000f0c50000, 0x00000000f0cd0000)
 concurrent mark-sweep generation total 28232K, used 18990K [0x00000000f5a00000, 0x00000000f7592000, 0x0000000100000000)
 Metaspace       used 31237K, capacity 32292K, committed 32408K, reserved 1077248K
  class space    used 3922K, capacity 4150K, committed 4248K, reserved 1048576K
}
2019-10-16T14:16:52.676+0000: 12.528: Total time for which application threads were stopped: 0.0021299 seconds, Stopping threads took: 0.0000222 seconds
{Heap before GC invocations=489 (full 4):
 par new generation   total 4928K, used 4831K [0x00000000f0800000, 0x00000000f0d50000, 0x00000000f5a00000)
  eden space 4416K, 100% used [0x00000000f0800000, 0x00000000f0c50000, 0x00000000f0c50000)
  from space 512K,  81% used [0x00000000f0cd0000, 0x00000000f0d37db0, 0x00000000f0d50000)
  to   space 512K,   0% used [0x00000000f0c50000, 0x00000000f0c50000, 0x00000000f0cd0000)
 concurrent mark-sweep generation total 28232K, used 18990K [0x00000000f5a00000, 0x00000000f7592000, 0x0000000100000000)
 Metaspace       used 31329K, capacity 32388K, committed 32664K, reserved 1077248K
  class space    used 3932K, capacity 4182K, committed 4248K, reserved 1048576K
2019-10-16T14:16:52.699+0000: 12.551: [GC (Allocation Failure) 2019-10-16T14:16:52.699+0000: 12.551: [ParNew
Desired survivor size 262144 bytes, new threshold 6 (max 6)
- age   1:      47096 bytes,      47096 total
- age   2:      32024 bytes,      79120 total
- age   3:      19496 bytes,      98616 total
- age   4:      16432 bytes,     115048 total
- age   5:      64280 bytes,     179328 total
- age   6:      23048 bytes,     202376 total
: 4831K->278K(4928K), 0.0023743 secs] 23821K->19345K(33160K), 0.0024235 secs] [Times: user=0.00 sys=0.00, real=0.00 secs] 
Heap after GC invocations=490 (full 4):
 par new generation   total 4928K, used 278K [0x00000000f0800000, 0x00000000f0d50000, 0x00000000f5a00000)
  eden space 4416K,   0% used [0x00000000f0800000, 0x00000000f0800000, 0x00000000f0c50000)
  from space 512K,  54% used [0x00000000f0c50000, 0x00000000f0c95a50, 0x00000000f0cd0000)
  to   space 512K,   0% used [0x00000000f0cd0000, 0x00000000f0cd0000, 0x00000000f0d50000)
 concurrent mark-sweep generation total 28232K, used 19066K [0x00000000f5a00000, 0x00000000f7592000, 0x0000000100000000)
 Metaspace       used 31329K, capacity 32388K, committed 32664K, reserved 1077248K
  class space    used 3932K, capacity 4182K, committed 4248K, reserved 1048576K
}
2019-10-16T14:16:52.701+0000: 12.553: Total time for which application threads were stopped: 0.0025399 seconds, Stopping threads took: 0.0000215 seconds
{Heap before GC invocations=490 (full 4):
 par new generation   total 4928K, used 4694K [0x00000000f0800000, 0x00000000f0d50000, 0x00000000f5a00000)
  eden space 4416K, 100% used [0x00000000f0800000, 0x00000000f0c50000, 0x00000000f0c50000)
  from space 512K,  54% used [0x00000000f0c50000, 0x00000000f0c95a50, 0x00000000f0cd0000)
  to   space 512K,   0% used [0x00000000f0cd0000, 0x00000000f0cd0000, 0x00000000f0d50000)
 concurrent mark-sweep generation total 28232K, used 19066K [0x00000000f5a00000, 0x00000000f7592000, 0x0000000100000000)
 Metaspace       used 31420K, capacity 32516K, committed 32664K, reserved 1077248K
  class space    used 3938K, capacity 4182K, committed 4248K, reserved 1048576K
2019-10-16T14:16:52.711+0000: 12.563: [GC (Allocation Failure) 2019-10-16T14:16:52.711+0000: 12.563: [ParNew
Desired survivor size 262144 bytes, new threshold 6 (max 6)
- age   1:      40208 bytes,      40208 total
- age   2:      42528 bytes,      82736 total
- age   3:      32024 bytes,     114760 total
- age   4:      19496 bytes,     134256 total
- age   5:      16432 bytes,     150688 total
- age   6:      63360 bytes,     214048 total
: 4694K->364K(4928K), 0.0021906 secs] 23761K->19454K(33160K), 0.0022509 secs] [Times: user=0.01 sys=0.00, real=0.00 secs] 
Heap after GC invocations=491 (full 4):
 par new generation   total 4928K, used 364K [0x00000000f0800000, 0x00000000f0d50000, 0x00000000f5a00000)
  eden space 4416K,   0% used [0x00000000f0800000, 0x00000000f0800000, 0x00000000f0c50000)
  from space 512K,  71% used [0x00000000f0cd0000, 0x00000000f0d2b340, 0x00000000f0d50000)
  to   space 512K,   0% used [0x00000000f0c50000, 0x00000000f0c50000, 0x00000000f0cd0000)
 concurrent mark-sweep generation total 28232K, used 19090K [0x00000000f5a00000, 0x00000000f7592000, 0x0000000100000000)
 Metaspace       used 31420K, capacity 32516K, committed 32664K, reserved 1077248K
  class space    used 3938K, capacity 4182K, committed 4248K, reserved 1048576K
}
2019-10-16T14:16:52.713+0000: 12.566: Total time for which application threads were stopped: 0.0023727 seconds, Stopping threads took: 0.0000276 seconds
{Heap before GC invocations=491 (full 4):
 par new generation   total 4928K, used 4780K [0x00000000f0800000, 0x00000000f0d50000, 0x00000000f5a00000)
  eden space 4416K, 100% used [0x00000000f0800000, 0x00000000f0c50000, 0x00000000f0c50000)
  from space 512K,  71% used [0x00000000f0cd0000, 0x00000000f0d2b340, 0x00000000f0d50000)
  to   space 512K,   0% used [0x00000000f0c50000, 0x00000000f0c50000, 0x00000000f0cd0000)
 concurrent mark-sweep generation total 28232K, used 19090K [0x00000000f5a00000, 0x00000000f7592000, 0x0000000100000000)
 Metaspace       used 31504K, capacity 32580K, committed 32664K, reserved 1077248K
  class space    used 3948K, capacity 4182K, committed 4248K, reserved 1048576K
2019-10-16T14:16:52.721+0000: 12.573: [GC (Allocation Failure) 2019-10-16T14:16:52.721+0000: 12.573: [ParNew
Desired survivor size 262144 bytes, new threshold 6 (max 6)
- age   1:      31936 bytes,      31936 total
- age   2:      20216 bytes,      52152 total
- age   3:      41624 bytes,      93776 total
- age   4:      32024 bytes,     125800 total
- age   5:      18256 bytes,     144056 total
- age   6:      16432 bytes,     160488 total
: 4780K->248K(4928K), 0.0019090 secs] 23870K->19401K(33160K), 0.0019520 secs] [Times: user=0.00 sys=0.00, real=0.01 secs] 
Heap after GC invocations=492 (full 4):
 par new generation   total 4928K, used 248K [0x00000000f0800000, 0x00000000f0d50000, 0x00000000f5a00000)
  eden space 4416K,   0% used [0x00000000f0800000, 0x00000000f0800000, 0x00000000f0c50000)
  from space 512K,  48% used [0x00000000f0c50000, 0x00000000f0c8e110, 0x00000000f0cd0000)
  to   space 512K,   0% used [0x00000000f0cd0000, 0x00000000f0cd0000, 0x00000000f0d50000)
 concurrent mark-sweep generation total 28232K, used 19153K [0x00000000f5a00000, 0x00000000f7592000, 0x0000000100000000)
 Metaspace       used 31504K, capacity 32580K, committed 32664K, reserved 1077248K
  class space    used 3948K, capacity 4182K, committed 4248K, reserved 1048576K
}
2019-10-16T14:16:52.723+0000: 12.575: Total time for which application threads were stopped: 0.0020527 seconds, Stopping threads took: 0.0000181 seconds
{Heap before GC invocations=492 (full 4):
 par new generation   total 4928K, used 4664K [0x00000000f0800000, 0x00000000f0d50000, 0x00000000f5a00000)
  eden space 4416K, 100% used [0x00000000f0800000, 0x00000000f0c50000, 0x00000000f0c50000)
  from space 512K,  48% used [0x00000000f0c50000, 0x00000000f0c8e110, 0x00000000f0cd0000)
  to   space 512K,   0% used [0x00000000f0cd0000, 0x00000000f0cd0000, 0x00000000f0d50000)
 concurrent mark-sweep generation total 28232K, used 19153K [0x00000000f5a00000, 0x00000000f7592000, 0x0000000100000000)
 Metaspace       used 31569K, capacity 32676K, committed 32920K, reserved 1077248K
  class space    used 3957K, capacity 4214K, committed 4248K, reserved 1048576K
2019-10-16T14:16:52.739+0000: 12.591: [GC (Allocation Failure) 2019-10-16T14:16:52.739+0000: 12.591: [ParNew
Desired survivor size 262144 bytes, new threshold 6 (max 6)
- age   1:      84840 bytes,      84840 total
- age   2:      27984 bytes,     112824 total
- age   3:      20032 bytes,     132856 total
- age   4:      36592 bytes,     169448 total
- age   5:      32024 bytes,     201472 total
- age   6:      18256 bytes,     219728 total
: 4664K->295K(4928K), 0.0019917 secs] 23817K->19465K(33160K), 0.0020332 secs] [Times: user=0.01 sys=0.00, real=0.00 secs] 
Heap after GC invocations=493 (full 4):
 par new generation   total 4928K, used 295K [0x00000000f0800000, 0x00000000f0d50000, 0x00000000f5a00000)
  eden space 4416K,   0% used [0x00000000f0800000, 0x00000000f0800000, 0x00000000f0c50000)
  from space 512K,  57% used [0x00000000f0cd0000, 0x00000000f0d19fa0, 0x00000000f0d50000)
  to   space 512K,   0% used [0x00000000f0c50000, 0x00000000f0c50000, 0x00000000f0cd0000)
 concurrent mark-sweep generation total 28232K, used 19170K [0x00000000f5a00000, 0x00000000f7592000, 0x0000000100000000)
 Metaspace       used 31569K, capacity 32676K, committed 32920K, reserved 1077248K
  class space    used 3957K, capacity 4214K, committed 4248K, reserved 1048576K
}
2019-10-16T14:16:52.741+0000: 12.593: Total time for which application threads were stopped: 0.0021450 seconds, Stopping threads took: 0.0000208 seconds
2019-10-16T14:16:52.753+0000: 12.605: Total time for which application threads were stopped: 0.0004255 seconds, Stopping threads took: 0.0000204 seconds
{Heap before GC invocations=493 (full 4):
 par new generation   total 4928K, used 4711K [0x00000000f0800000, 0x00000000f0d50000, 0x00000000f5a00000)
  eden space 4416K, 100% used [0x00000000f0800000, 0x00000000f0c50000, 0x00000000f0c50000)
  from space 512K,  57% used [0x00000000f0cd0000, 0x00000000f0d19fa0, 0x00000000f0d50000)
  to   space 512K,   0% used [0x00000000f0c50000, 0x00000000f0c50000, 0x00000000f0cd0000)
 concurrent mark-sweep generation total 28232K, used 19170K [0x00000000f5a00000, 0x00000000f7592000, 0x0000000100000000)
 Metaspace       used 31622K, capacity 32682K, committed 32920K, reserved 1077248K
  class space    used 3966K, capacity 4215K, committed 4248K, reserved 1048576K
2019-10-16T14:16:52.788+0000: 12.640: [GC (Allocation Failure) 2019-10-16T14:16:52.788+0000: 12.640: [ParNew
Desired survivor size 262144 bytes, new threshold 6 (max 6)
- age   1:      57696 bytes,      57696 total
- age   2:      78240 bytes,     135936 total
- age   3:      27984 bytes,     163920 total
- age   4:      20032 bytes,     183952 total
- age   5:      35280 bytes,     219232 total
- age   6:      32024 bytes,     251256 total
: 4711K->394K(4928K), 0.0022904 secs] 23881K->19583K(33160K), 0.0023486 secs] [Times: user=0.00 sys=0.00, real=0.01 secs] 
Heap after GC invocations=494 (full 4):
 par new generation   total 4928K, used 394K [0x00000000f0800000, 0x00000000f0d50000, 0x00000000f5a00000)
  eden space 4416K,   0% used [0x00000000f0800000, 0x00000000f0800000, 0x00000000f0c50000)
  from space 512K,  77% used [0x00000000f0c50000, 0x00000000f0cb2a60, 0x00000000f0cd0000)
  to   space 512K,   0% used [0x00000000f0cd0000, 0x00000000f0cd0000, 0x00000000f0d50000)
 concurrent mark-sweep generation total 28232K, used 19188K [0x00000000f5a00000, 0x00000000f7592000, 0x0000000100000000)
 Metaspace       used 31622K, capacity 32682K, committed 32920K, reserved 1077248K
  class space    used 3966K, capacity 4215K, committed 4248K, reserved 1048576K
}
2019-10-16T14:16:52.791+0000: 12.643: Total time for which application threads were stopped: 0.0024667 seconds, Stopping threads took: 0.0000206 seconds
{Heap before GC invocations=494 (full 4):
 par new generation   total 4928K, used 4810K [0x00000000f0800000, 0x00000000f0d50000, 0x00000000f5a00000)
  eden space 4416K, 100% used [0x00000000f0800000, 0x00000000f0c50000, 0x00000000f0c50000)
  from space 512K,  77% used [0x00000000f0c50000, 0x00000000f0cb2a60, 0x00000000f0cd0000)
  to   space 512K,   0% used [0x00000000f0cd0000, 0x00000000f0cd0000, 0x00000000f0d50000)
 concurrent mark-sweep generation total 28232K, used 19188K [0x00000000f5a00000, 0x00000000f7592000, 0x0000000100000000)
 Metaspace       used 31664K, capacity 32752K, committed 32920K, reserved 1077248K
  class space    used 3976K, capacity 4216K, committed 4248K, reserved 1048576K
2019-10-16T14:16:52.817+0000: 12.669: [GC (Allocation Failure) 2019-10-16T14:16:52.817+0000: 12.669: [ParNew
Desired survivor size 262144 bytes, new threshold 6 (max 6)
- age   1:      56928 bytes,      56928 total
- age   2:      50032 bytes,     106960 total
- age   3:      78240 bytes,     185200 total
- age   4:      27984 bytes,     213184 total
- age   5:      20032 bytes,     233216 total
- age   6:      34624 bytes,     267840 total
: 4810K->466K(4928K), 0.0025283 secs] 23999K->19682K(33160K), 0.0025763 secs] [Times: user=0.00 sys=0.00, real=0.00 secs] 
Heap after GC invocations=495 (full 4):
 par new generation   total 4928K, used 466K [0x00000000f0800000, 0x00000000f0d50000, 0x00000000f5a00000)
  eden space 4416K,   0% used [0x00000000f0800000, 0x00000000f0800000, 0x00000000f0c50000)
  from space 512K,  91% used [0x00000000f0cd0000, 0x00000000f0d44810, 0x00000000f0d50000)
  to   space 512K,   0% used [0x00000000f0c50000, 0x00000000f0c50000, 0x00000000f0cd0000)
 concurrent mark-sweep generation total 28232K, used 19216K [0x00000000f5a00000, 0x00000000f7592000, 0x0000000100000000)
 Metaspace       used 31664K, capacity 32752K, committed 32920K, reserved 1077248K
  class space    used 3976K, capacity 4216K, committed 4248K, reserved 1048576K
}
2019-10-16T14:16:52.819+0000: 12.672: Total time for which application threads were stopped: 0.0027015 seconds, Stopping threads took: 0.0000242 seconds
{Heap before GC invocations=495 (full 4):
 par new generation   total 4928K, used 4882K [0x00000000f0800000, 0x00000000f0d50000, 0x00000000f5a00000)
  eden space 4416K, 100% used [0x00000000f0800000, 0x00000000f0c50000, 0x00000000f0c50000)
  from space 512K,  91% used [0x00000000f0cd0000, 0x00000000f0d44810, 0x00000000f0d50000)
  to   space 512K,   0% used [0x00000000f0c50000, 0x00000000f0c50000, 0x00000000f0cd0000)
 concurrent mark-sweep generation total 28232K, used 19216K [0x00000000f5a00000, 0x00000000f7592000, 0x0000000100000000)
 Metaspace       used 31725K, capacity 32758K, committed 32920K, reserved 1077248K
  class space    used 3984K, capacity 4217K, committed 4248K, reserved 1048576K
2019-10-16T14:16:52.848+0000: 12.700: [GC (Allocation Failure) 2019-10-16T14:16:52.848+0000: 12.700: [ParNew
Desired survivor size 262144 bytes, new threshold 6 (max 6)
- age   1:      43648 bytes,      43648 total
- age   2:      45568 bytes,      89216 total
- age   3:      47096 bytes,     136312 total
- age   4:      77648 bytes,     213960 total
- age   5:      27984 bytes,     241944 total
- age   6:      19128 bytes,     261072 total
: 4882K->312K(4928K), 0.0025765 secs] 24098K->19563K(33160K), 0.0026478 secs] [Times: user=0.00 sys=0.00, real=0.00 secs] 
Heap after GC invocations=496 (full 4):
 par new generation   total 4928K, used 312K [0x00000000f0800000, 0x00000000f0d50000, 0x00000000f5a00000)
  eden space 4416K,   0% used [0x00000000f0800000, 0x00000000f0800000, 0x00000000f0c50000)
  from space 512K,  61% used [0x00000000f0c50000, 0x00000000f0c9e230, 0x00000000f0cd0000)
  to   space 512K,   0% used [0x00000000f0cd0000, 0x00000000f0cd0000, 0x00000000f0d50000)
 concurrent mark-sweep generation total 28232K, used 19251K [0x00000000f5a00000, 0x00000000f7592000, 0x0000000100000000)
 Metaspace       used 31725K, capacity 32758K, committed 32920K, reserved 1077248K
  class space    used 3984K, capacity 4217K, committed 4248K, reserved 1048576K
}
2019-10-16T14:16:52.850+0000: 12.702: Total time for which application threads were stopped: 0.0027766 seconds, Stopping threads took: 0.0000222 seconds
{Heap before GC invocations=496 (full 4):
 par new generation   total 4928K, used 4728K [0x00000000f0800000, 0x00000000f0d50000, 0x00000000f5a00000)
  eden space 4416K, 100% used [0x00000000f0800000, 0x00000000f0c50000, 0x00000000f0c50000)
  from space 512K,  61% used [0x00000000f0c50000, 0x00000000f0c9e230, 0x00000000f0cd0000)
  to   space 512K,   0% used [0x00000000f0cd0000, 0x00000000f0cd0000, 0x00000000f0d50000)
 concurrent mark-sweep generation total 28232K, used 19251K [0x00000000f5a00000, 0x00000000f7592000, 0x0000000100000000)
 Metaspace       used 31785K, capacity 32854K, committed 33048K, reserved 1077248K
  class space    used 3993K, capacity 4249K, committed 4376K, reserved 1048576K
2019-10-16T14:16:52.880+0000: 12.732: [GC (Allocation Failure) 2019-10-16T14:16:52.880+0000: 12.732: [ParNew
Desired survivor size 262144 bytes, new threshold 6 (max 6)
- age   1:      43704 bytes,      43704 total
- age   2:      35624 bytes,      79328 total
- age   3:      42616 bytes,     121944 total
- age   4:      47096 bytes,     169040 total
- age   5:      77648 bytes,     246688 total
- age   6:      27984 bytes,     274672 total
: 4728K->458K(4928K), 0.0023545 secs] 23979K->19729K(33160K), 0.0024002 secs] [Times: user=0.01 sys=0.00, real=0.01 secs] 
Heap after GC invocations=497 (full 4):
 par new generation   total 4928K, used 458K [0x00000000f0800000, 0x00000000f0d50000, 0x00000000f5a00000)
  eden space 4416K,   0% used [0x00000000f0800000, 0x00000000f0800000, 0x00000000f0c50000)
  from space 512K,  89% used [0x00000000f0cd0000, 0x00000000f0d42b70, 0x00000000f0d50000)
  to   space 512K,   0% used [0x00000000f0c50000, 0x00000000f0c50000, 0x00000000f0cd0000)
 concurrent mark-sweep generation total 28232K, used 19270K [0x00000000f5a00000, 0x00000000f7592000, 0x0000000100000000)
 Metaspace       used 31785K, capacity 32854K, committed 33048K, reserved 1077248K
  class space    used 3993K, capacity 4249K, committed 4376K, reserved 1048576K
}
2019-10-16T14:16:52.883+0000: 12.735: Total time for which application threads were stopped: 0.0025054 seconds, Stopping threads took: 0.0000199 seconds
{Heap before GC invocations=497 (full 4):
 par new generation   total 4928K, used 4874K [0x00000000f0800000, 0x00000000f0d50000, 0x00000000f5a00000)
  eden space 4416K,  99% used [0x00000000f0800000, 0x00000000f0c4ff40, 0x00000000f0c50000)
  from space 512K,  89% used [0x00000000f0cd0000, 0x00000000f0d42b70, 0x00000000f0d50000)
  to   space 512K,   0% used [0x00000000f0c50000, 0x00000000f0c50000, 0x00000000f0cd0000)
 concurrent mark-sweep generation total 28232K, used 19270K [0x00000000f5a00000, 0x00000000f7592000, 0x0000000100000000)
 Metaspace       used 31889K, capacity 32982K, committed 33304K, reserved 1079296K
  class space    used 4003K, capacity 4249K, committed 4376K, reserved 1048576K
2019-10-16T14:16:52.914+0000: 12.766: [GC (Allocation Failure) 2019-10-16T14:16:52.914+0000: 12.767: [ParNew
Desired survivor size 262144 bytes, new threshold 6 (max 6)
- age   1:      70912 bytes,      70912 total
- age   2:      36896 bytes,     107808 total
- age   3:      33648 bytes,     141456 total
- age   4:      41192 bytes,     182648 total
- age   5:      47096 bytes,     229744 total
- age   6:      77648 bytes,     307392 total
: 4874K->316K(4928K), 0.0026068 secs] 24145K->19614K(33160K), 0.0026614 secs] [Times: user=0.00 sys=0.00, real=0.00 secs] 
Heap after GC invocations=498 (full 4):
 par new generation   total 4928K, used 316K [0x00000000f0800000, 0x00000000f0d50000, 0x00000000f5a00000)
  eden space 4416K,   0% used [0x00000000f0800000, 0x00000000f0800000, 0x00000000f0c50000)
  from space 512K,  61% used [0x00000000f0c50000, 0x00000000f0c9f020, 0x00000000f0cd0000)
  to   space 512K,   0% used [0x00000000f0cd0000, 0x00000000f0cd0000, 0x00000000f0d50000)
 concurrent mark-sweep generation total 28232K, used 19298K [0x00000000f5a00000, 0x00000000f7592000, 0x0000000100000000)
 Metaspace       used 31889K, capacity 32982K, committed 33304K, reserved 1079296K
  class space    used 4003K, capacity 4249K, committed 4376K, reserved 1048576K
}
2019-10-16T14:16:52.917+0000: 12.769: Total time for which application threads were stopped: 0.0027764 seconds, Stopping threads took: 0.0000216 seconds
{Heap before GC invocations=498 (full 4):
 par new generation   total 4928K, used 4732K [0x00000000f0800000, 0x00000000f0d50000, 0x00000000f5a00000)
  eden space 4416K, 100% used [0x00000000f0800000, 0x00000000f0c50000, 0x00000000f0c50000)
  from space 512K,  61% used [0x00000000f0c50000, 0x00000000f0c9f020, 0x00000000f0cd0000)
  to   space 512K,   0% used [0x00000000f0cd0000, 0x00000000f0cd0000, 0x00000000f0d50000)
 concurrent mark-sweep generation total 28232K, used 19298K [0x00000000f5a00000, 0x00000000f7592000, 0x0000000100000000)
 Metaspace       used 31961K, capacity 33046K, committed 33304K, reserved 1079296K
  class space    used 4013K, capacity 4249K, committed 4376K, reserved 1048576K
2019-10-16T14:16:52.934+0000: 12.786: [GC (Allocation Failure) 2019-10-16T14:16:52.934+0000: 12.786: [ParNew
Desired survivor size 262144 bytes, new threshold 6 (max 6)
- age   1:      22960 bytes,      22960 total
- age   2:      65104 bytes,      88064 total
- age   3:      36896 bytes,     124960 total
- age   4:      32152 bytes,     157112 total
- age   5:      41192 bytes,     198304 total
- age   6:      47096 bytes,     245400 total
: 4732K->264K(4928K), 0.0022022 secs] 24030K->19641K(33160K), 0.0022369 secs] [Times: user=0.00 sys=0.00, real=0.00 secs] 
Heap after GC invocations=499 (full 4):
 par new generation   total 4928K, used 264K [0x00000000f0800000, 0x00000000f0d50000, 0x00000000f5a00000)
  eden space 4416K,   0% used [0x00000000f0800000, 0x00000000f0800000, 0x00000000f0c50000)
  from space 512K,  51% used [0x00000000f0cd0000, 0x00000000f0d123a8, 0x00000000f0d50000)
  to   space 512K,   0% used [0x00000000f0c50000, 0x00000000f0c50000, 0x00000000f0cd0000)
 concurrent mark-sweep generation total 28232K, used 19376K [0x00000000f5a00000, 0x00000000f7592000, 0x0000000100000000)
 Metaspace       used 31961K, capacity 33046K, committed 33304K, reserved 1079296K
  class space    used 4013K, capacity 4249K, committed 4376K, reserved 1048576K
}
2019-10-16T14:16:52.937+0000: 12.789: Total time for which application threads were stopped: 0.0023494 seconds, Stopping threads took: 0.0000239 seconds
{Heap before GC invocations=499 (full 4):
 par new generation   total 4928K, used 4680K [0x00000000f0800000, 0x00000000f0d50000, 0x00000000f5a00000)
  eden space 4416K, 100% used [0x00000000f0800000, 0x00000000f0c50000, 0x00000000f0c50000)
  from space 512K,  51% used [0x00000000f0cd0000, 0x00000000f0d123a8, 0x00000000f0d50000)
  to   space 512K,   0% used [0x00000000f0c50000, 0x00000000f0c50000, 0x00000000f0cd0000)
 concurrent mark-sweep generation total 28232K, used 19376K [0x00000000f5a00000, 0x00000000f7592000, 0x0000000100000000)
 Metaspace       used 32040K, capacity 33116K, committed 33304K, reserved 1079296K
  class space    used 4021K, capacity 4250K, committed 4376K, reserved 1048576K
2019-10-16T14:16:52.966+0000: 12.819: [GC (Allocation Failure) 2019-10-16T14:16:52.967+0000: 12.819: [ParNew
Desired survivor size 262144 bytes, new threshold 6 (max 6)
- age   1:      73488 bytes,      73488 total
- age   2:      18552 bytes,      92040 total
- age   3:      61976 bytes,     154016 total
- age   4:      35728 bytes,     189744 total
- age   5:      27824 bytes,     217568 total
- age   6:      41192 bytes,     258760 total
: 4680K->489K(4928K), 0.0028294 secs] 24057K->19913K(33160K), 0.0028902 secs] [Times: user=0.01 sys=0.00, real=0.00 secs] 
Heap after GC invocations=500 (full 4):
 par new generation   total 4928K, used 489K [0x00000000f0800000, 0x00000000f0d50000, 0x00000000f5a00000)
  eden space 4416K,   0% used [0x00000000f0800000, 0x00000000f0800000, 0x00000000f0c50000)
  from space 512K,  95% used [0x00000000f0c50000, 0x00000000f0cca7a8, 0x00000000f0cd0000)
  to   space 512K,   0% used [0x00000000f0cd0000, 0x00000000f0cd0000, 0x00000000f0d50000)
 concurrent mark-sweep generation total 28232K, used 19423K [0x00000000f5a00000, 0x00000000f7592000, 0x0000000100000000)
 Metaspace       used 32040K, capacity 33116K, committed 33304K, reserved 1079296K
  class space    used 4021K, capacity 4250K, committed 4376K, reserved 1048576K
}
2019-10-16T14:16:52.969+0000: 12.821: Total time for which application threads were stopped: 0.0030096 seconds, Stopping threads took: 0.0000225 seconds
{Heap before GC invocations=500 (full 4):
 par new generation   total 4928K, used 4905K [0x00000000f0800000, 0x00000000f0d50000, 0x00000000f5a00000)
  eden space 4416K, 100% used [0x00000000f0800000, 0x00000000f0c50000, 0x00000000f0c50000)
  from space 512K,  95% used [0x00000000f0c50000, 0x00000000f0cca7a8, 0x00000000f0cd0000)
  to   space 512K,   0% used [0x00000000f0cd0000, 0x00000000f0cd0000, 0x00000000f0d50000)
 concurrent mark-sweep generation total 28232K, used 19423K [0x00000000f5a00000, 0x00000000f7592000, 0x0000000100000000)
 Metaspace       used 32079K, capacity 33148K, committed 33304K, reserved 1079296K
  class space    used 4030K, capacity 4282K, committed 4376K, reserved 1048576K
2019-10-16T14:16:52.991+0000: 12.843: [GC (Allocation Failure) 2019-10-16T14:16:52.991+0000: 12.843: [ParNew
Desired survivor size 262144 bytes, new threshold 6 (max 6)
- age   1:      47480 bytes,      47480 total
- age   2:      63424 bytes,     110904 total
- age   3:      18552 bytes,     129456 total
- age   4:      61104 bytes,     190560 total
- age   5:      35272 bytes,     225832 total
- age   6:      27824 bytes,     253656 total
: 4905K->311K(4928K), 0.0026069 secs] 24329K->19776K(33160K), 0.0026576 secs] [Times: user=0.00 sys=0.00, real=0.00 secs] 
Heap after GC invocations=501 (full 4):
 par new generation   total 4928K, used 311K [0x00000000f0800000, 0x00000000f0d50000, 0x00000000f5a00000)
  eden space 4416K,   0% used [0x00000000f0800000, 0x00000000f0800000, 0x00000000f0c50000)
  from space 512K,  60% used [0x00000000f0cd0000, 0x00000000f0d1de10, 0x00000000f0d50000)
  to   space 512K,   0% used [0x00000000f0c50000, 0x00000000f0c50000, 0x00000000f0cd0000)
 concurrent mark-sweep generation total 28232K, used 19465K [0x00000000f5a00000, 0x00000000f7592000, 0x0000000100000000)
 Metaspace       used 32079K, capacity 33148K, committed 33304K, reserved 1079296K
  class space    used 4030K, capacity 4282K, committed 4376K, reserved 1048576K
}
2019-10-16T14:16:52.993+0000: 12.845: Total time for which application threads were stopped: 0.0027781 seconds, Stopping threads took: 0.0000227 seconds
{Heap before GC invocations=501 (full 4):
 par new generation   total 4928K, used 4727K [0x00000000f0800000, 0x00000000f0d50000, 0x00000000f5a00000)
  eden space 4416K, 100% used [0x00000000f0800000, 0x00000000f0c50000, 0x00000000f0c50000)
  from space 512K,  60% used [0x00000000f0cd0000, 0x00000000f0d1de10, 0x00000000f0d50000)
  to   space 512K,   0% used [0x00000000f0c50000, 0x00000000f0c50000, 0x00000000f0cd0000)
 concurrent mark-sweep generation total 28232K, used 19465K [0x00000000f5a00000, 0x00000000f7592000, 0x0000000100000000)
 Metaspace       used 32158K, capacity 33218K, committed 33560K, reserved 1079296K
  class space    used 4041K, capacity 4283K, committed 4376K, reserved 1048576K
2019-10-16T14:16:53.018+0000: 12.870: [GC (Allocation Failure) 2019-10-16T14:16:53.018+0000: 12.870: [ParNew
Desired survivor size 262144 bytes, new threshold 6 (max 6)
- age   1:      76152 bytes,      76152 total
- age   2:      40264 bytes,     116416 total
- age   3:      63424 bytes,     179840 total
- age   4:      16040 bytes,     195880 total
- age   5:      61104 bytes,     256984 total
- age   6:      35272 bytes,     292256 total
: 4727K->448K(4928K), 0.0027481 secs] 24192K->19941K(33160K), 0.0028106 secs] [Times: user=0.00 sys=0.00, real=0.00 secs] 
Heap after GC invocations=502 (full 4):
 par new generation   total 4928K, used 448K [0x00000000f0800000, 0x00000000f0d50000, 0x00000000f5a00000)
  eden space 4416K,   0% used [0x00000000f0800000, 0x00000000f0800000, 0x00000000f0c50000)
  from space 512K,  87% used [0x00000000f0c50000, 0x00000000f0cc0160, 0x00000000f0cd0000)
  to   space 512K,   0% used [0x00000000f0cd0000, 0x00000000f0cd0000, 0x00000000f0d50000)
 concurrent mark-sweep generation total 28232K, used 19493K [0x00000000f5a00000, 0x00000000f7592000, 0x0000000100000000)
 Metaspace       used 32158K, capacity 33218K, committed 33560K, reserved 1079296K
  class space    used 4041K, capacity 4283K, committed 4376K, reserved 1048576K
}
2019-10-16T14:16:53.021+0000: 12.873: Total time for which application threads were stopped: 0.0029343 seconds, Stopping threads took: 0.0000237 seconds
{Heap before GC invocations=502 (full 4):
 par new generation   total 4928K, used 4864K [0x00000000f0800000, 0x00000000f0d50000, 0x00000000f5a00000)
  eden space 4416K, 100% used [0x00000000f0800000, 0x00000000f0c50000, 0x00000000f0c50000)
  from space 512K,  87% used [0x00000000f0c50000, 0x00000000f0cc0160, 0x00000000f0cd0000)
  to   space 512K,   0% used [0x00000000f0cd0000, 0x00000000f0cd0000, 0x00000000f0d50000)
 concurrent mark-sweep generation total 28232K, used 19493K [0x00000000f5a00000, 0x00000000f7592000, 0x0000000100000000)
 Metaspace       used 32267K, capacity 33346K, committed 33560K, reserved 1079296K
  class space    used 4049K, capacity 4283K, committed 4376K, reserved 1048576K
2019-10-16T14:16:53.043+0000: 12.895: [GC (Allocation Failure) 2019-10-16T14:16:53.043+0000: 12.895: [ParNew
Desired survivor size 262144 bytes, new threshold 6 (max 6)
- age   1:      21992 bytes,      21992 total
- age   2:      27872 bytes,      49864 total
- age   3:      40264 bytes,      90128 total
- age   4:      63424 bytes,     153552 total
- age   5:      15536 bytes,     169088 total
- age   6:      61104 bytes,     230192 total
: 4864K->270K(4928K), 0.0027815 secs] 24357K->19798K(33160K), 0.0028326 secs] [Times: user=0.00 sys=0.00, real=0.00 secs] 
Heap after GC invocations=503 (full 4):
 par new generation   total 4928K, used 270K [0x00000000f0800000, 0x00000000f0d50000, 0x00000000f5a00000)
  eden space 4416K,   0% used [0x00000000f0800000, 0x00000000f0800000, 0x00000000f0c50000)
  from space 512K,  52% used [0x00000000f0cd0000, 0x00000000f0d13838, 0x00000000f0d50000)
  to   space 512K,   0% used [0x00000000f0c50000, 0x00000000f0c50000, 0x00000000f0cd0000)
 concurrent mark-sweep generation total 28232K, used 19528K [0x00000000f5a00000, 0x00000000f7592000, 0x0000000100000000)
 Metaspace       used 32267K, capacity 33346K, committed 33560K, reserved 1079296K
  class space    used 4049K, capacity 4283K, committed 4376K, reserved 1048576K
}
2019-10-16T14:16:53.046+0000: 12.898: Total time for which application threads were stopped: 0.0029363 seconds, Stopping threads took: 0.0000219 seconds
2019-10-16T14:16:53.048+0000: 12.900: Total time for which application threads were stopped: 0.0003846 seconds, Stopping threads took: 0.0000163 seconds
{Heap before GC invocations=503 (full 4):
 par new generation   total 4928K, used 4686K [0x00000000f0800000, 0x00000000f0d50000, 0x00000000f5a00000)
  eden space 4416K, 100% used [0x00000000f0800000, 0x00000000f0c50000, 0x00000000f0c50000)
  from space 512K,  52% used [0x00000000f0cd0000, 0x00000000f0d13838, 0x00000000f0d50000)
  to   space 512K,   0% used [0x00000000f0c50000, 0x00000000f0c50000, 0x00000000f0cd0000)
 concurrent mark-sweep generation total 28232K, used 19528K [0x00000000f5a00000, 0x00000000f7592000, 0x0000000100000000)
 Metaspace       used 32313K, capacity 33380K, committed 33560K, reserved 1079296K
  class space    used 4059K, capacity 4316K, committed 4376K, reserved 1048576K
2019-10-16T14:16:53.064+0000: 12.916: [GC (Allocation Failure) 2019-10-16T14:16:53.064+0000: 12.916: [ParNew
Desired survivor size 262144 bytes, new threshold 6 (max 6)
- age   1:      61904 bytes,      61904 total
- age   2:      17384 bytes,      79288 total
- age   3:      27808 bytes,     107096 total
- age   4:      40264 bytes,     147360 total
- age   5:      63424 bytes,     210784 total
- age   6:      15536 bytes,     226320 total
: 4686K->235K(4928K), 0.0023563 secs] 24214K->19826K(33160K), 0.0023947 secs] [Times: user=0.00 sys=0.00, real=0.00 secs] 
Heap after GC invocations=504 (full 4):
 par new generation   total 4928K, used 235K [0x00000000f0800000, 0x00000000f0d50000, 0x00000000f5a00000)
  eden space 4416K,   0% used [0x00000000f0800000, 0x00000000f0800000, 0x00000000f0c50000)
  from space 512K,  46% used [0x00000000f0c50000, 0x00000000f0c8af58, 0x00000000f0cd0000)
  to   space 512K,   0% used [0x00000000f0cd0000, 0x00000000f0cd0000, 0x00000000f0d50000)
 concurrent mark-sweep generation total 28232K, used 19590K [0x00000000f5a00000, 0x00000000f7592000, 0x0000000100000000)
 Metaspace       used 32313K, capacity 33380K, committed 33560K, reserved 1079296K
  class space    used 4059K, capacity 4316K, committed 4376K, reserved 1048576K
}
2019-10-16T14:16:53.067+0000: 12.919: Total time for which application threads were stopped: 0.0024904 seconds, Stopping threads took: 0.0000196 seconds
{Heap before GC invocations=504 (full 4):
 par new generation   total 4928K, used 4651K [0x00000000f0800000, 0x00000000f0d50000, 0x00000000f5a00000)
  eden space 4416K, 100% used [0x00000000f0800000, 0x00000000f0c50000, 0x00000000f0c50000)
  from space 512K,  46% used [0x00000000f0c50000, 0x00000000f0c8af58, 0x00000000f0cd0000)
  to   space 512K,   0% used [0x00000000f0cd0000, 0x00000000f0cd0000, 0x00000000f0d50000)
 concurrent mark-sweep generation total 28232K, used 19590K [0x00000000f5a00000, 0x00000000f7592000, 0x0000000100000000)
 Metaspace       used 32313K, capacity 33380K, committed 33560K, reserved 1079296K
  class space    used 4059K, capacity 4316K, committed 4376K, reserved 1048576K
2019-10-16T14:16:53.084+0000: 12.936: [GC (Allocation Failure) 2019-10-16T14:16:53.084+0000: 12.936: [ParNew
Desired survivor size 262144 bytes, new threshold 5 (max 6)
- age   1:     130088 bytes,     130088 total
- age   2:      50936 bytes,     181024 total
- age   3:      17384 bytes,     198408 total
- age   4:      27808 bytes,     226216 total
- age   5:      40264 bytes,     266480 total
- age   6:      63424 bytes,     329904 total
: 4651K->448K(4928K), 0.0021085 secs] 24242K->20054K(33160K), 0.0021542 secs] [Times: user=0.01 sys=0.00, real=0.00 secs] 
Heap after GC invocations=505 (full 4):
 par new generation   total 4928K, used 448K [0x00000000f0800000, 0x00000000f0d50000, 0x00000000f5a00000)
  eden space 4416K,   0% used [0x00000000f0800000, 0x00000000f0800000, 0x00000000f0c50000)
  from space 512K,  87% used [0x00000000f0cd0000, 0x00000000f0d400c0, 0x00000000f0d50000)
  to   space 512K,   0% used [0x00000000f0c50000, 0x00000000f0c50000, 0x00000000f0cd0000)
 concurrent mark-sweep generation total 28232K, used 19606K [0x00000000f5a00000, 0x00000000f7592000, 0x0000000100000000)
 Metaspace       used 32313K, capacity 33380K, committed 33560K, reserved 1079296K
  class space    used 4059K, capacity 4316K, committed 4376K, reserved 1048576K
}
2019-10-16T14:16:53.086+0000: 12.938: Total time for which application threads were stopped: 0.0022716 seconds, Stopping threads took: 0.0000315 seconds
{Heap before GC invocations=505 (full 4):
 par new generation   total 4928K, used 4864K [0x00000000f0800000, 0x00000000f0d50000, 0x00000000f5a00000)
  eden space 4416K, 100% used [0x00000000f0800000, 0x00000000f0c50000, 0x00000000f0c50000)
  from space 512K,  87% used [0x00000000f0cd0000, 0x00000000f0d400c0, 0x00000000f0d50000)
  to   space 512K,   0% used [0x00000000f0c50000, 0x00000000f0c50000, 0x00000000f0cd0000)
 concurrent mark-sweep generation total 28232K, used 19606K [0x00000000f5a00000, 0x00000000f7592000, 0x0000000100000000)
 Metaspace       used 32314K, capacity 33380K, committed 33560K, reserved 1079296K
  class space    used 4059K, capacity 4316K, committed 4376K, reserved 1048576K
2019-10-16T14:16:53.100+0000: 12.952: [GC (Allocation Failure) 2019-10-16T14:16:53.100+0000: 12.952: [ParNew
Desired survivor size 262144 bytes, new threshold 5 (max 6)
- age   1:      47176 bytes,      47176 total
- age   2:     125344 bytes,     172520 total
- age   3:      50936 bytes,     223456 total
- age   4:      17384 bytes,     240840 total
- age   5:      27808 bytes,     268648 total
: 4864K->299K(4928K), 0.0021944 secs] 24470K->20010K(33160K), 0.0022296 secs] [Times: user=0.00 sys=0.00, real=0.00 secs] 
Heap after GC invocations=506 (full 4):
 par new generation   total 4928K, used 299K [0x00000000f0800000, 0x00000000f0d50000, 0x00000000f5a00000)
  eden space 4416K,   0% used [0x00000000f0800000, 0x00000000f0800000, 0x00000000f0c50000)
  from space 512K,  58% used [0x00000000f0c50000, 0x00000000f0c9ae98, 0x00000000f0cd0000)
  to   space 512K,   0% used [0x00000000f0cd0000, 0x00000000f0cd0000, 0x00000000f0d50000)
 concurrent mark-sweep generation total 28232K, used 19710K [0x00000000f5a00000, 0x00000000f7592000, 0x0000000100000000)
 Metaspace       used 32314K, capacity 33380K, committed 33560K, reserved 1079296K
  class space    used 4059K, capacity 4316K, committed 4376K, reserved 1048576K
}
2019-10-16T14:16:53.102+0000: 12.954: Total time for which application threads were stopped: 0.0023572 seconds, Stopping threads took: 0.0000187 seconds
{Heap before GC invocations=506 (full 4):
 par new generation   total 4928K, used 4715K [0x00000000f0800000, 0x00000000f0d50000, 0x00000000f5a00000)
  eden space 4416K, 100% used [0x00000000f0800000, 0x00000000f0c50000, 0x00000000f0c50000)
  from space 512K,  58% used [0x00000000f0c50000, 0x00000000f0c9ae98, 0x00000000f0cd0000)
  to   space 512K,   0% used [0x00000000f0cd0000, 0x00000000f0cd0000, 0x00000000f0d50000)
 concurrent mark-sweep generation total 28232K, used 19710K [0x00000000f5a00000, 0x00000000f7592000, 0x0000000100000000)
 Metaspace       used 32316K, capacity 33380K, committed 33560K, reserved 1079296K
  class space    used 4059K, capacity 4316K, committed 4376K, reserved 1048576K
2019-10-16T14:16:53.121+0000: 12.973: [GC (Allocation Failure) 2019-10-16T14:16:53.121+0000: 12.973: [ParNew
Desired survivor size 262144 bytes, new threshold 5 (max 6)
- age   1:      49168 bytes,      49168 total
- age   2:      31416 bytes,      80584 total
- age   3:     125344 bytes,     205928 total
- age   4:      50936 bytes,     256864 total
- age   5:      17384 bytes,     274248 total
: 4715K->271K(4928K), 0.0019932 secs] 24426K->20009K(33160K), 0.0020515 secs] [Times: user=0.00 sys=0.00, real=0.01 secs] 
Heap after GC invocations=507 (full 4):
 par new generation   total 4928K, used 271K [0x00000000f0800000, 0x00000000f0d50000, 0x00000000f5a00000)
  eden space 4416K,   0% used [0x00000000f0800000, 0x00000000f0800000, 0x00000000f0c50000)
  from space 512K,  52% used [0x00000000f0cd0000, 0x00000000f0d13d10, 0x00000000f0d50000)
  to   space 512K,   0% used [0x00000000f0c50000, 0x00000000f0c50000, 0x00000000f0cd0000)
 concurrent mark-sweep generation total 28232K, used 19738K [0x00000000f5a00000, 0x00000000f7592000, 0x0000000100000000)
 Metaspace       used 32316K, capacity 33380K, committed 33560K, reserved 1079296K
  class space    used 4059K, capacity 4316K, committed 4376K, reserved 1048576K
}
2019-10-16T14:16:53.123+0000: 12.975: Total time for which application threads were stopped: 0.0022163 seconds, Stopping threads took: 0.0000223 seconds
{Heap before GC invocations=507 (full 4):
 par new generation   total 4928K, used 4687K [0x00000000f0800000, 0x00000000f0d50000, 0x00000000f5a00000)
  eden space 4416K, 100% used [0x00000000f0800000, 0x00000000f0c50000, 0x00000000f0c50000)
  from space 512K,  52% used [0x00000000f0cd0000, 0x00000000f0d13d10, 0x00000000f0d50000)
  to   space 512K,   0% used [0x00000000f0c50000, 0x00000000f0c50000, 0x00000000f0cd0000)
 concurrent mark-sweep generation total 28232K, used 19738K [0x00000000f5a00000, 0x00000000f7592000, 0x0000000100000000)
 Metaspace       used 32317K, capacity 33380K, committed 33560K, reserved 1079296K
  class space    used 4059K, capacity 4316K, committed 4376K, reserved 1048576K
2019-10-16T14:16:53.144+0000: 12.996: [GC (Allocation Failure) 2019-10-16T14:16:53.144+0000: 12.996: [ParNew
Desired survivor size 262144 bytes, new threshold 5 (max 6)
- age   1:      34584 bytes,      34584 total
- age   2:      33856 bytes,      68440 total
- age   3:      31416 bytes,      99856 total
- age   4:     125344 bytes,     225200 total
- age   5:      50936 bytes,     276136 total
: 4687K->512K(4928K), 0.0020790 secs] 24425K->20269K(33160K), 0.0021401 secs] [Times: user=0.01 sys=0.00, real=0.00 secs] 
Heap after GC invocations=508 (full 4):
 par new generation   total 4928K, used 512K [0x00000000f0800000, 0x00000000f0d50000, 0x00000000f5a00000)
  eden space 4416K,   0% used [0x00000000f0800000, 0x00000000f0800000, 0x00000000f0c50000)
  from space 512K, 100% used [0x00000000f0c50000, 0x00000000f0cd0000, 0x00000000f0cd0000)
  to   space 512K,   0% used [0x00000000f0cd0000, 0x00000000f0cd0000, 0x00000000f0d50000)
 concurrent mark-sweep generation total 28232K, used 19757K [0x00000000f5a00000, 0x00000000f7592000, 0x0000000100000000)
 Metaspace       used 32317K, capacity 33380K, committed 33560K, reserved 1079296K
  class space    used 4059K, capacity 4316K, committed 4376K, reserved 1048576K
}
2019-10-16T14:16:53.146+0000: 12.998: Total time for which application threads were stopped: 0.0022591 seconds, Stopping threads took: 0.0000251 seconds
{Heap before GC invocations=508 (full 4):
 par new generation   total 4928K, used 4928K [0x00000000f0800000, 0x00000000f0d50000, 0x00000000f5a00000)
  eden space 4416K, 100% used [0x00000000f0800000, 0x00000000f0c50000, 0x00000000f0c50000)
  from space 512K, 100% used [0x00000000f0c50000, 0x00000000f0cd0000, 0x00000000f0cd0000)
  to   space 512K,   0% used [0x00000000f0cd0000, 0x00000000f0cd0000, 0x00000000f0d50000)
 concurrent mark-sweep generation total 28232K, used 19757K [0x00000000f5a00000, 0x00000000f7592000, 0x0000000100000000)
 Metaspace       used 32369K, capacity 33508K, committed 33816K, reserved 1079296K
  class space    used 4063K, capacity 4316K, committed 4376K, reserved 1048576K
2019-10-16T14:16:53.200+0000: 13.053: [GC (Allocation Failure) 2019-10-16T14:16:53.201+0000: 13.053: [ParNew
Desired survivor size 262144 bytes, new threshold 6 (max 6)
- age   1:      64208 bytes,      64208 total
- age   2:      17664 bytes,      81872 total
- age   3:      32176 bytes,     114048 total
- age   4:      31416 bytes,     145464 total
- age   5:      14408 bytes,     159872 total
: 4928K->169K(4928K), 0.0022668 secs] 24685K->19937K(33160K), 0.0023190 secs] [Times: user=0.00 sys=0.00, real=0.01 secs] 
Heap after GC invocations=509 (full 4):
 par new generation   total 4928K, used 169K [0x00000000f0800000, 0x00000000f0d50000, 0x00000000f5a00000)
  eden space 4416K,   0% used [0x00000000f0800000, 0x00000000f0800000, 0x00000000f0c50000)
  from space 512K,  33% used [0x00000000f0cd0000, 0x00000000f0cfa660, 0x00000000f0d50000)
  to   space 512K,   0% used [0x00000000f0c50000, 0x00000000f0c50000, 0x00000000f0cd0000)
 concurrent mark-sweep generation total 28232K, used 19768K [0x00000000f5a00000, 0x00000000f7592000, 0x0000000100000000)
 Metaspace       used 32369K, capacity 33508K, committed 33816K, reserved 1079296K
  class space    used 4063K, capacity 4316K, committed 4376K, reserved 1048576K
}
2019-10-16T14:16:53.203+0000: 13.055: Total time for which application threads were stopped: 0.0024465 seconds, Stopping threads took: 0.0000238 seconds
{Heap before GC invocations=509 (full 4):
 par new generation   total 4928K, used 4585K [0x00000000f0800000, 0x00000000f0d50000, 0x00000000f5a00000)
  eden space 4416K, 100% used [0x00000000f0800000, 0x00000000f0c50000, 0x00000000f0c50000)
  from space 512K,  33% used [0x00000000f0cd0000, 0x00000000f0cfa660, 0x00000000f0d50000)
  to   space 512K,   0% used [0x00000000f0c50000, 0x00000000f0c50000, 0x00000000f0cd0000)
 concurrent mark-sweep generation total 28232K, used 19768K [0x00000000f5a00000, 0x00000000f7592000, 0x0000000100000000)
 Metaspace       used 32406K, capacity 33508K, committed 33816K, reserved 1079296K
  class space    used 4069K, capacity 4316K, committed 4376K, reserved 1048576K
2019-10-16T14:16:53.227+0000: 13.079: [GC (Allocation Failure) 2019-10-16T14:16:53.227+0000: 13.079: [ParNew
Desired survivor size 262144 bytes, new threshold 6 (max 6)
- age   1:      74688 bytes,      74688 total
- age   2:      57056 bytes,     131744 total
- age   3:      17664 bytes,     149408 total
- age   4:      31424 bytes,     180832 total
- age   5:      31416 bytes,     212248 total
- age   6:      14408 bytes,     226656 total
: 4585K->316K(4928K), 0.0020224 secs] 24353K->20084K(33160K), 0.0020587 secs] [Times: user=0.00 sys=0.00, real=0.00 secs] 
Heap after GC invocations=510 (full 4):
 par new generation   total 4928K, used 316K [0x00000000f0800000, 0x00000000f0d50000, 0x00000000f5a00000)
  eden space 4416K,   0% used [0x00000000f0800000, 0x00000000f0800000, 0x00000000f0c50000)
  from space 512K,  61% used [0x00000000f0c50000, 0x00000000f0c9f300, 0x00000000f0cd0000)
  to   space 512K,   0% used [0x00000000f0cd0000, 0x00000000f0cd0000, 0x00000000f0d50000)
 concurrent mark-sweep generation total 28232K, used 19768K [0x00000000f5a00000, 0x00000000f7592000, 0x0000000100000000)
 Metaspace       used 32406K, capacity 33508K, committed 33816K, reserved 1079296K
  class space    used 4069K, capacity 4316K, committed 4376K, reserved 1048576K
}
2019-10-16T14:16:53.229+0000: 13.081: Total time for which application threads were stopped: 0.0021629 seconds, Stopping threads took: 0.0000191 seconds
{Heap before GC invocations=510 (full 4):
 par new generation   total 4928K, used 4732K [0x00000000f0800000, 0x00000000f0d50000, 0x00000000f5a00000)
  eden space 4416K, 100% used [0x00000000f0800000, 0x00000000f0c50000, 0x00000000f0c50000)
  from space 512K,  61% used [0x00000000f0c50000, 0x00000000f0c9f300, 0x00000000f0cd0000)
  to   space 512K,   0% used [0x00000000f0cd0000, 0x00000000f0cd0000, 0x00000000f0d50000)
 concurrent mark-sweep generation total 28232K, used 19768K [0x00000000f5a00000, 0x00000000f7592000, 0x0000000100000000)
 Metaspace       used 32412K, capacity 33508K, committed 33816K, reserved 1079296K
  class space    used 4071K, capacity 4316K, committed 4376K, reserved 1048576K
2019-10-16T14:16:53.239+0000: 13.091: [GC (Allocation Failure) 2019-10-16T14:16:53.239+0000: 13.091: [ParNew
Desired survivor size 262144 bytes, new threshold 6 (max 6)
- age   1:      16632 bytes,      16632 total
- age   2:      68584 bytes,      85216 total
- age   3:      57056 bytes,     142272 total
- age   4:      17664 bytes,     159936 total
- age   5:      31424 bytes,     191360 total
- age   6:      31416 bytes,     222776 total
: 4732K->408K(4928K), 0.0019904 secs] 24500K->20191K(33160K), 0.0020325 secs] [Times: user=0.00 sys=0.00, real=0.00 secs] 
Heap after GC invocations=511 (full 4):
 par new generation   total 4928K, used 408K [0x00000000f0800000, 0x00000000f0d50000, 0x00000000f5a00000)
  eden space 4416K,   0% used [0x00000000f0800000, 0x00000000f0800000, 0x00000000f0c50000)
  from space 512K,  79% used [0x00000000f0cd0000, 0x00000000f0d363e0, 0x00000000f0d50000)
  to   space 512K,   0% used [0x00000000f0c50000, 0x00000000f0c50000, 0x00000000f0cd0000)
 concurrent mark-sweep generation total 28232K, used 19782K [0x00000000f5a00000, 0x00000000f7592000, 0x0000000100000000)
 Metaspace       used 32412K, capacity 33508K, committed 33816K, reserved 1079296K
  class space    used 4071K, capacity 4316K, committed 4376K, reserved 1048576K
}
2019-10-16T14:16:53.241+0000: 13.093: Total time for which application threads were stopped: 0.0021438 seconds, Stopping threads took: 0.0000189 seconds
{Heap before GC invocations=511 (full 4):
 par new generation   total 4928K, used 4824K [0x00000000f0800000, 0x00000000f0d50000, 0x00000000f5a00000)
  eden space 4416K, 100% used [0x00000000f0800000, 0x00000000f0c50000, 0x00000000f0c50000)
  from space 512K,  79% used [0x00000000f0cd0000, 0x00000000f0d363e0, 0x00000000f0d50000)
  to   space 512K,   0% used [0x00000000f0c50000, 0x00000000f0c50000, 0x00000000f0cd0000)
 concurrent mark-sweep generation total 28232K, used 19782K [0x00000000f5a00000, 0x00000000f7592000, 0x0000000100000000)
 Metaspace       used 32429K, capacity 33508K, committed 33816K, reserved 1079296K
  class space    used 4075K, capacity 4316K, committed 4376K, reserved 1048576K
2019-10-16T14:16:53.264+0000: 13.116: [GC (Allocation Failure) 2019-10-16T14:16:53.264+0000: 13.116: [ParNew
Desired survivor size 262144 bytes, new threshold 6 (max 6)
- age   1:      47528 bytes,      47528 total
- age   2:       9248 bytes,      56776 total
- age   3:      66992 bytes,     123768 total
- age   4:      55224 bytes,     178992 total
- age   5:      17664 bytes,     196656 total
- age   6:      31424 bytes,     228080 total
: 4824K->266K(4928K), 0.0025188 secs] 24607K->20080K(33160K), 0.0025643 secs] [Times: user=0.00 sys=0.00, real=0.00 secs] 
Heap after GC invocations=512 (full 4):
 par new generation   total 4928K, used 266K [0x00000000f0800000, 0x00000000f0d50000, 0x00000000f5a00000)
  eden space 4416K,   0% used [0x00000000f0800000, 0x00000000f0800000, 0x00000000f0c50000)
  from space 512K,  52% used [0x00000000f0c50000, 0x00000000f0c92a20, 0x00000000f0cd0000)
  to   space 512K,   0% used [0x00000000f0cd0000, 0x00000000f0cd0000, 0x00000000f0d50000)
 concurrent mark-sweep generation total 28232K, used 19814K [0x00000000f5a00000, 0x00000000f7592000, 0x0000000100000000)
 Metaspace       used 32429K, capacity 33508K, committed 33816K, reserved 1079296K
  class space    used 4075K, capacity 4316K, committed 4376K, reserved 1048576K
}
2019-10-16T14:16:53.267+0000: 13.119: Total time for which application threads were stopped: 0.0026737 seconds, Stopping threads took: 0.0000216 seconds
{Heap before GC invocations=512 (full 4):
 par new generation   total 4928K, used 4682K [0x00000000f0800000, 0x00000000f0d50000, 0x00000000f5a00000)
  eden space 4416K, 100% used [0x00000000f0800000, 0x00000000f0c50000, 0x00000000f0c50000)
  from space 512K,  52% used [0x00000000f0c50000, 0x00000000f0c92a20, 0x00000000f0cd0000)
  to   space 512K,   0% used [0x00000000f0cd0000, 0x00000000f0cd0000, 0x00000000f0d50000)
 concurrent mark-sweep generation total 28232K, used 19814K [0x00000000f5a00000, 0x00000000f7592000, 0x0000000100000000)
 Metaspace       used 32487K, capacity 33572K, committed 33816K, reserved 1079296K
  class space    used 4083K, capacity 4316K, committed 4376K, reserved 1048576K
2019-10-16T14:16:53.294+0000: 13.146: [GC (Allocation Failure) 2019-10-16T14:16:53.294+0000: 13.146: [ParNew
Desired survivor size 262144 bytes, new threshold 6 (max 6)
- age   1:      64272 bytes,      64272 total
- age   2:      40192 bytes,     104464 total
- age   3:       9248 bytes,     113712 total
- age   4:      65288 bytes,     179000 total
- age   5:      55224 bytes,     234224 total
- age   6:      17664 bytes,     251888 total
: 4682K->399K(4928K), 0.0027827 secs] 24496K->20245K(33160K), 0.0028429 secs] [Times: user=0.00 sys=0.00, real=0.00 secs] 
Heap after GC invocations=513 (full 4):
 par new generation   total 4928K, used 399K [0x00000000f0800000, 0x00000000f0d50000, 0x00000000f5a00000)
  eden space 4416K,   0% used [0x00000000f0800000, 0x00000000f0800000, 0x00000000f0c50000)
  from space 512K,  78% used [0x00000000f0cd0000, 0x00000000f0d33ee8, 0x00000000f0d50000)
  to   space 512K,   0% used [0x00000000f0c50000, 0x00000000f0c50000, 0x00000000f0cd0000)
 concurrent mark-sweep generation total 28232K, used 19846K [0x00000000f5a00000, 0x00000000f7592000, 0x0000000100000000)
 Metaspace       used 32487K, capacity 33572K, committed 33816K, reserved 1079296K
  class space    used 4083K, capacity 4316K, committed 4376K, reserved 1048576K
}
2019-10-16T14:16:53.297+0000: 13.149: Total time for which application threads were stopped: 0.0029650 seconds, Stopping threads took: 0.0000270 seconds
{Heap before GC invocations=513 (full 4):
 par new generation   total 4928K, used 4815K [0x00000000f0800000, 0x00000000f0d50000, 0x00000000f5a00000)
  eden space 4416K, 100% used [0x00000000f0800000, 0x00000000f0c50000, 0x00000000f0c50000)
  from space 512K,  78% used [0x00000000f0cd0000, 0x00000000f0d33ee8, 0x00000000f0d50000)
  to   space 512K,   0% used [0x00000000f0c50000, 0x00000000f0c50000, 0x00000000f0cd0000)
 concurrent mark-sweep generation total 28232K, used 19846K [0x00000000f5a00000, 0x00000000f7592000, 0x0000000100000000)
 Metaspace       used 32524K, capacity 33650K, committed 33816K, reserved 1079296K
  class space    used 4089K, capacity 4317K, committed 4376K, reserved 1048576K
2019-10-16T14:16:53.322+0000: 13.174: [GC (Allocation Failure) 2019-10-16T14:16:53.322+0000: 13.174: [ParNew
Desired survivor size 262144 bytes, new threshold 6 (max 6)
- age   1:      60864 bytes,      60864 total
- age   2:      56816 bytes,     117680 total
- age   3:      38128 bytes,     155808 total
- age   4:       6552 bytes,     162360 total
- age   5:      63768 bytes,     226128 total
- age   6:      55224 bytes,     281352 total
: 4815K->466K(4928K), 0.0026809 secs] 24661K->20330K(33160K), 0.0027274 secs] [Times: user=0.00 sys=0.00, real=0.01 secs] 
Heap after GC invocations=514 (full 4):
 par new generation   total 4928K, used 466K [0x00000000f0800000, 0x00000000f0d50000, 0x00000000f5a00000)
  eden space 4416K,   0% used [0x00000000f0800000, 0x00000000f0800000, 0x00000000f0c50000)
  from space 512K,  91% used [0x00000000f0c50000, 0x00000000f0cc4aa0, 0x00000000f0cd0000)
  to   space 512K,   0% used [0x00000000f0cd0000, 0x00000000f0cd0000, 0x00000000f0d50000)
 concurrent mark-sweep generation total 28232K, used 19864K [0x00000000f5a00000, 0x00000000f7592000, 0x0000000100000000)
 Metaspace       used 32524K, capacity 33650K, committed 33816K, reserved 1079296K
  class space    used 4089K, capacity 4317K, committed 4376K, reserved 1048576K
}
2019-10-16T14:16:53.325+0000: 13.177: Total time for which application threads were stopped: 0.0028422 seconds, Stopping threads took: 0.0000237 seconds
{Heap before GC invocations=514 (full 4):
 par new generation   total 4928K, used 4882K [0x00000000f0800000, 0x00000000f0d50000, 0x00000000f5a00000)
  eden space 4416K, 100% used [0x00000000f0800000, 0x00000000f0c50000, 0x00000000f0c50000)
  from space 512K,  91% used [0x00000000f0c50000, 0x00000000f0cc4aa0, 0x00000000f0cd0000)
  to   space 512K,   0% used [0x00000000f0cd0000, 0x00000000f0cd0000, 0x00000000f0d50000)
 concurrent mark-sweep generation total 28232K, used 19864K [0x00000000f5a00000, 0x00000000f7592000, 0x0000000100000000)
 Metaspace       used 32592K, capacity 33700K, committed 33816K, reserved 1079296K
  class space    used 4099K, capacity 4352K, committed 4376K, reserved 1048576K
2019-10-16T14:16:53.352+0000: 13.204: [GC (Allocation Failure) 2019-10-16T14:16:53.352+0000: 13.204: [ParNew
Desired survivor size 262144 bytes, new threshold 6 (max 6)
- age   1:      59920 bytes,      59920 total
- age   2:      54360 bytes,     114280 total
- age   3:      56304 bytes,     170584 total
- age   4:      33864 bytes,     204448 total
- age   5:       6552 bytes,     211000 total
- age   6:      63768 bytes,     274768 total
: 4882K->323K(4928K), 0.0028486 secs] 24746K->20243K(33160K), 0.0029134 secs] [Times: user=0.00 sys=0.00, real=0.00 secs] 
Heap after GC invocations=515 (full 4):
 par new generation   total 4928K, used 323K [0x00000000f0800000, 0x00000000f0d50000, 0x00000000f5a00000)
  eden space 4416K,   0% used [0x00000000f0800000, 0x00000000f0800000, 0x00000000f0c50000)
  from space 512K,  63% used [0x00000000f0cd0000, 0x00000000f0d20ca0, 0x00000000f0d50000)
  to   space 512K,   0% used [0x00000000f0c50000, 0x00000000f0c50000, 0x00000000f0cd0000)
 concurrent mark-sweep generation total 28232K, used 19920K [0x00000000f5a00000, 0x00000000f7592000, 0x0000000100000000)
 Metaspace       used 32592K, capacity 33700K, committed 33816K, reserved 1079296K
  class space    used 4099K, capacity 4352K, committed 4376K, reserved 1048576K
}
2019-10-16T14:16:53.355+0000: 13.207: Total time for which application threads were stopped: 0.0030372 seconds, Stopping threads took: 0.0000219 seconds
{Heap before GC invocations=515 (full 4):
 par new generation   total 4928K, used 4739K [0x00000000f0800000, 0x00000000f0d50000, 0x00000000f5a00000)
  eden space 4416K, 100% used [0x00000000f0800000, 0x00000000f0c50000, 0x00000000f0c50000)
  from space 512K,  63% used [0x00000000f0cd0000, 0x00000000f0d20ca0, 0x00000000f0d50000)
  to   space 512K,   0% used [0x00000000f0c50000, 0x00000000f0c50000, 0x00000000f0cd0000)
 concurrent mark-sweep generation total 28232K, used 19920K [0x00000000f5a00000, 0x00000000f7592000, 0x0000000100000000)
 Metaspace       used 32628K, capacity 33764K, committed 33816K, reserved 1079296K
  class space    used 4106K, capacity 4352K, committed 4376K, reserved 1048576K
2019-10-16T14:16:53.381+0000: 13.233: [GC (Allocation Failure) 2019-10-16T14:16:53.381+0000: 13.233: [ParNew
Desired survivor size 262144 bytes, new threshold 6 (max 6)
- age   1:      50368 bytes,      50368 total
- age   2:      51968 bytes,     102336 total
- age   3:      52016 bytes,     154352 total
- age   4:      54296 bytes,     208648 total
- age   5:      33864 bytes,     242512 total
- age   6:       6552 bytes,     249064 total
: 4739K->481K(4928K), 0.0028137 secs] 24659K->20466K(33160K), 0.0028555 secs] [Times: user=0.00 sys=0.00, real=0.01 secs] 
Heap after GC invocations=516 (full 4):
 par new generation   total 4928K, used 481K [0x00000000f0800000, 0x00000000f0d50000, 0x00000000f5a00000)
  eden space 4416K,   0% used [0x00000000f0800000, 0x00000000f0800000, 0x00000000f0c50000)
  from space 512K,  94% used [0x00000000f0c50000, 0x00000000f0cc8750, 0x00000000f0cd0000)
  to   space 512K,   0% used [0x00000000f0cd0000, 0x00000000f0cd0000, 0x00000000f0d50000)
 concurrent mark-sweep generation total 28232K, used 19984K [0x00000000f5a00000, 0x00000000f7592000, 0x0000000100000000)
 Metaspace       used 32628K, capacity 33764K, committed 33816K, reserved 1079296K
  class space    used 4106K, capacity 4352K, committed 4376K, reserved 1048576K
}
2019-10-16T14:16:53.384+0000: 13.236: Total time for which application threads were stopped: 0.0029937 seconds, Stopping threads took: 0.0000341 seconds
{Heap before GC invocations=516 (full 4):
 par new generation   total 4928K, used 4897K [0x00000000f0800000, 0x00000000f0d50000, 0x00000000f5a00000)
  eden space 4416K, 100% used [0x00000000f0800000, 0x00000000f0c50000, 0x00000000f0c50000)
  from space 512K,  94% used [0x00000000f0c50000, 0x00000000f0cc8750, 0x00000000f0cd0000)
  to   space 512K,   0% used [0x00000000f0cd0000, 0x00000000f0cd0000, 0x00000000f0d50000)
 concurrent mark-sweep generation total 28232K, used 19984K [0x00000000f5a00000, 0x00000000f7592000, 0x0000000100000000)
 Metaspace       used 32685K, capacity 33828K, committed 34072K, reserved 1079296K
  class space    used 4113K, capacity 4352K, committed 4376K, reserved 1048576K
2019-10-16T14:16:53.406+0000: 13.258: [GC (Allocation Failure) 2019-10-16T14:16:53.406+0000: 13.258: [ParNew
Desired survivor size 262144 bytes, new threshold 6 (max 6)
- age   1:      60592 bytes,      60592 total
- age   2:      43776 bytes,     104368 total
- age   3:      46976 bytes,     151344 total
- age   4:      50136 bytes,     201480 total
- age   5:      54296 bytes,     255776 total
- age   6:      33864 bytes,     289640 total
: 4897K->302K(4928K), 0.0025343 secs] 24882K->20294K(33160K), 0.0025858 secs] [Times: user=0.00 sys=0.00, real=0.00 secs] 
Heap after GC invocations=517 (full 4):
 par new generation   total 4928K, used 302K [0x00000000f0800000, 0x00000000f0d50000, 0x00000000f5a00000)
  eden space 4416K,   0% used [0x00000000f0800000, 0x00000000f0800000, 0x00000000f0c50000)
  from space 512K,  59% used [0x00000000f0cd0000, 0x00000000f0d1baf0, 0x00000000f0d50000)
  to   space 512K,   0% used [0x00000000f0c50000, 0x00000000f0c50000, 0x00000000f0cd0000)
 concurrent mark-sweep generation total 28232K, used 19991K [0x00000000f5a00000, 0x00000000f7592000, 0x0000000100000000)
 Metaspace       used 32685K, capacity 33828K, committed 34072K, reserved 1079296K
  class space    used 4113K, capacity 4352K, committed 4376K, reserved 1048576K
}
2019-10-16T14:16:53.409+0000: 13.261: Total time for which application threads were stopped: 0.0027009 seconds, Stopping threads took: 0.0000241 seconds
{Heap before GC invocations=517 (full 4):
 par new generation   total 4928K, used 4718K [0x00000000f0800000, 0x00000000f0d50000, 0x00000000f5a00000)
  eden space 4416K, 100% used [0x00000000f0800000, 0x00000000f0c50000, 0x00000000f0c50000)
  from space 512K,  59% used [0x00000000f0cd0000, 0x00000000f0d1baf0, 0x00000000f0d50000)
  to   space 512K,   0% used [0x00000000f0c50000, 0x00000000f0c50000, 0x00000000f0cd0000)
 concurrent mark-sweep generation total 28232K, used 19991K [0x00000000f5a00000, 0x00000000f7592000, 0x0000000100000000)
 Metaspace       used 32761K, capacity 33828K, committed 34072K, reserved 1079296K
  class space    used 4123K, capacity 4352K, committed 4376K, reserved 1048576K
2019-10-16T14:16:53.434+0000: 13.286: [GC (Allocation Failure) 2019-10-16T14:16:53.434+0000: 13.286: [ParNew
Desired survivor size 262144 bytes, new threshold 5 (max 6)
- age   1:      96248 bytes,      96248 total
- age   2:      52832 bytes,     149080 total
- age   3:      43096 bytes,     192176 total
- age   4:      46976 bytes,     239152 total
- age   5:      50136 bytes,     289288 total
- age   6:      54296 bytes,     343584 total
: 4718K->498K(4928K), 0.0031252 secs] 24710K->20524K(33160K), 0.0031710 secs] [Times: user=0.00 sys=0.00, real=0.00 secs] 
Heap after GC invocations=518 (full 4):
 par new generation   total 4928K, used 498K [0x00000000f0800000, 0x00000000f0d50000, 0x00000000f5a00000)
  eden space 4416K,   0% used [0x00000000f0800000, 0x00000000f0800000, 0x00000000f0c50000)
  from space 512K,  97% used [0x00000000f0c50000, 0x00000000f0ccca70, 0x00000000f0cd0000)
  to   space 512K,   0% used [0x00000000f0cd0000, 0x00000000f0cd0000, 0x00000000f0d50000)
 concurrent mark-sweep generation total 28232K, used 20025K [0x00000000f5a00000, 0x00000000f7592000, 0x0000000100000000)
 Metaspace       used 32761K, capacity 33828K, committed 34072K, reserved 1079296K
  class space    used 4123K, capacity 4352K, committed 4376K, reserved 1048576K
}
2019-10-16T14:16:53.437+0000: 13.290: Total time for which application threads were stopped: 0.0032997 seconds, Stopping threads took: 0.0000229 seconds
{Heap before GC invocations=518 (full 4):
 par new generation   total 4928K, used 4914K [0x00000000f0800000, 0x00000000f0d50000, 0x00000000f5a00000)
  eden space 4416K, 100% used [0x00000000f0800000, 0x00000000f0c50000, 0x00000000f0c50000)
  from space 512K,  97% used [0x00000000f0c50000, 0x00000000f0ccca70, 0x00000000f0cd0000)
  to   space 512K,   0% used [0x00000000f0cd0000, 0x00000000f0cd0000, 0x00000000f0d50000)
 concurrent mark-sweep generation total 28232K, used 20025K [0x00000000f5a00000, 0x00000000f7592000, 0x0000000100000000)
 Metaspace       used 32826K, capacity 33924K, committed 34200K, reserved 1079296K
  class space    used 4132K, capacity 4384K, committed 4504K, reserved 1048576K
2019-10-16T14:16:53.453+0000: 13.305: [GC (Allocation Failure) 2019-10-16T14:16:53.453+0000: 13.305: [ParNew
Desired survivor size 262144 bytes, new threshold 6 (max 6)
- age   1:      40264 bytes,      40264 total
- age   2:      82888 bytes,     123152 total
- age   3:      52832 bytes,     175984 total
- age   4:      38752 bytes,     214736 total
- age   5:      46976 bytes,     261712 total
: 4914K->314K(4928K), 0.0029394 secs] 24940K->20445K(33160K), 0.0029980 secs] [Times: user=0.00 sys=0.00, real=0.00 secs] 
Heap after GC invocations=519 (full 4):
 par new generation   total 4928K, used 314K [0x00000000f0800000, 0x00000000f0d50000, 0x00000000f5a00000)
  eden space 4416K,   0% used [0x00000000f0800000, 0x00000000f0800000, 0x00000000f0c50000)
  from space 512K,  61% used [0x00000000f0cd0000, 0x00000000f0d1ea88, 0x00000000f0d50000)
  to   space 512K,   0% used [0x00000000f0c50000, 0x00000000f0c50000, 0x00000000f0cd0000)
 concurrent mark-sweep generation total 28232K, used 20130K [0x00000000f5a00000, 0x00000000f7592000, 0x0000000100000000)
 Metaspace       used 32826K, capacity 33924K, committed 34200K, reserved 1079296K
  class space    used 4132K, capacity 4384K, committed 4504K, reserved 1048576K
}
2019-10-16T14:16:53.456+0000: 13.308: Total time for which application threads were stopped: 0.0031024 seconds, Stopping threads took: 0.0000215 seconds
{Heap before GC invocations=519 (full 4):
 par new generation   total 4928K, used 4730K [0x00000000f0800000, 0x00000000f0d50000, 0x00000000f5a00000)
  eden space 4416K, 100% used [0x00000000f0800000, 0x00000000f0c50000, 0x00000000f0c50000)
  from space 512K,  61% used [0x00000000f0cd0000, 0x00000000f0d1ea88, 0x00000000f0d50000)
  to   space 512K,   0% used [0x00000000f0c50000, 0x00000000f0c50000, 0x00000000f0cd0000)
 concurrent mark-sweep generation total 28232K, used 20130K [0x00000000f5a00000, 0x00000000f7592000, 0x0000000100000000)
 Metaspace       used 32879K, capacity 33988K, committed 34200K, reserved 1079296K
  class space    used 4143K, capacity 4384K, committed 4504K, reserved 1048576K
2019-10-16T14:16:53.478+0000: 13.330: [GC (Allocation Failure) 2019-10-16T14:16:53.478+0000: 13.331: [ParNew
Desired survivor size 262144 bytes, new threshold 5 (max 6)
- age   1:      62360 bytes,      62360 total
- age   2:      35128 bytes,      97488 total
- age   3:      82888 bytes,     180376 total
- age   4:      45952 bytes,     226328 total
- age   5:      38240 bytes,     264568 total
- age   6:      46976 bytes,     311544 total
: 4730K->512K(4928K), 0.0024680 secs] 24861K->20645K(33160K), 0.0025046 secs] [Times: user=0.01 sys=0.00, real=0.00 secs] 
Heap after GC invocations=520 (full 4):
 par new generation   total 4928K, used 512K [0x00000000f0800000, 0x00000000f0d50000, 0x00000000f5a00000)
  eden space 4416K,   0% used [0x00000000f0800000, 0x00000000f0800000, 0x00000000f0c50000)
  from space 512K, 100% used [0x00000000f0c50000, 0x00000000f0cd0000, 0x00000000f0cd0000)
  to   space 512K,   0% used [0x00000000f0cd0000, 0x00000000f0cd0000, 0x00000000f0d50000)
 concurrent mark-sweep generation total 28232K, used 20133K [0x00000000f5a00000, 0x00000000f7592000, 0x0000000100000000)
 Metaspace       used 32879K, capacity 33988K, committed 34200K, reserved 1079296K
  class space    used 4143K, capacity 4384K, committed 4504K, reserved 1048576K
}
2019-10-16T14:16:53.481+0000: 13.333: Total time for which application threads were stopped: 0.0026212 seconds, Stopping threads took: 0.0000200 seconds
{Heap before GC invocations=520 (full 4):
 par new generation   total 4928K, used 4928K [0x00000000f0800000, 0x00000000f0d50000, 0x00000000f5a00000)
  eden space 4416K, 100% used [0x00000000f0800000, 0x00000000f0c50000, 0x00000000f0c50000)
  from space 512K, 100% used [0x00000000f0c50000, 0x00000000f0cd0000, 0x00000000f0cd0000)
  to   space 512K,   0% used [0x00000000f0cd0000, 0x00000000f0cd0000, 0x00000000f0d50000)
 concurrent mark-sweep generation total 28232K, used 20133K [0x00000000f5a00000, 0x00000000f7592000, 0x0000000100000000)
 Metaspace       used 32947K, capacity 34052K, committed 34200K, reserved 1079296K
  class space    used 4150K, capacity 4384K, committed 4504K, reserved 1048576K
2019-10-16T14:16:53.499+0000: 13.351: [GC (Allocation Failure) 2019-10-16T14:16:53.499+0000: 13.351: [ParNew
Desired survivor size 262144 bytes, new threshold 5 (max 6)
- age   1:      44912 bytes,      44912 total
- age   2:      56024 bytes,     100936 total
- age   3:      35128 bytes,     136064 total
- age   4:      82888 bytes,     218952 total
- age   5:      45952 bytes,     264904 total
: 4928K->364K(4928K), 0.0028206 secs] 25061K->20583K(33160K), 0.0028657 secs] [Times: user=0.01 sys=0.00, real=0.00 secs] 
Heap after GC invocations=521 (full 4):
 par new generation   total 4928K, used 364K [0x00000000f0800000, 0x00000000f0d50000, 0x00000000f5a00000)
  eden space 4416K,   0% used [0x00000000f0800000, 0x00000000f0800000, 0x00000000f0c50000)
  from space 512K,  71% used [0x00000000f0cd0000, 0x00000000f0d2b160, 0x00000000f0d50000)
  to   space 512K,   0% used [0x00000000f0c50000, 0x00000000f0c50000, 0x00000000f0cd0000)
 concurrent mark-sweep generation total 28232K, used 20219K [0x00000000f5a00000, 0x00000000f7592000, 0x0000000100000000)
 Metaspace       used 32947K, capacity 34052K, committed 34200K, reserved 1079296K
  class space    used 4150K, capacity 4384K, committed 4504K, reserved 1048576K
}
2019-10-16T14:16:53.502+0000: 13.354: Total time for which application threads were stopped: 0.0029919 seconds, Stopping threads took: 0.0000330 seconds
{Heap before GC invocations=521 (full 4):
 par new generation   total 4928K, used 4780K [0x00000000f0800000, 0x00000000f0d50000, 0x00000000f5a00000)
  eden space 4416K, 100% used [0x00000000f0800000, 0x00000000f0c50000, 0x00000000f0c50000)
  from space 512K,  71% used [0x00000000f0cd0000, 0x00000000f0d2b160, 0x00000000f0d50000)
  to   space 512K,   0% used [0x00000000f0c50000, 0x00000000f0c50000, 0x00000000f0cd0000)
 concurrent mark-sweep generation total 28232K, used 20219K [0x00000000f5a00000, 0x00000000f7592000, 0x0000000100000000)
 Metaspace       used 33040K, capacity 34154K, committed 34456K, reserved 1079296K
  class space    used 4163K, capacity 4417K, committed 4504K, reserved 1048576K
2019-10-16T14:16:53.523+0000: 13.375: [GC (Allocation Failure) 2019-10-16T14:16:53.523+0000: 13.375: [ParNew
Desired survivor size 262144 bytes, new threshold 6 (max 6)
- age   1:      42216 bytes,      42216 total
- age   2:      24248 bytes,      66464 total
- age   3:      56024 bytes,     122488 total
- age   4:      35128 bytes,     157616 total
- age   5:      82888 bytes,     240504 total
: 4780K->240K(4928K), 0.0025536 secs] 24999K->20505K(33160K), 0.0025959 secs] [Times: user=0.00 sys=0.00, real=0.00 secs] 
Heap after GC invocations=522 (full 4):
 par new generation   total 4928K, used 240K [0x00000000f0800000, 0x00000000f0d50000, 0x00000000f5a00000)
  eden space 4416K,   0% used [0x00000000f0800000, 0x00000000f0800000, 0x00000000f0c50000)
  from space 512K,  46% used [0x00000000f0c50000, 0x00000000f0c8c078, 0x00000000f0cd0000)
  to   space 512K,   0% used [0x00000000f0cd0000, 0x00000000f0cd0000, 0x00000000f0d50000)
 concurrent mark-sweep generation total 28232K, used 20265K [0x00000000f5a00000, 0x00000000f7592000, 0x0000000100000000)
 Metaspace       used 33040K, capacity 34154K, committed 34456K, reserved 1079296K
  class space    used 4163K, capacity 4417K, committed 4504K, reserved 1048576K
}
2019-10-16T14:16:53.526+0000: 13.378: Total time for which application threads were stopped: 0.0026989 seconds, Stopping threads took: 0.0000220 seconds
{Heap before GC invocations=522 (full 4):
 par new generation   total 4928K, used 4656K [0x00000000f0800000, 0x00000000f0d50000, 0x00000000f5a00000)
  eden space 4416K, 100% used [0x00000000f0800000, 0x00000000f0c50000, 0x00000000f0c50000)
  from space 512K,  46% used [0x00000000f0c50000, 0x00000000f0c8c078, 0x00000000f0cd0000)
  to   space 512K,   0% used [0x00000000f0cd0000, 0x00000000f0cd0000, 0x00000000f0d50000)
 concurrent mark-sweep generation total 28232K, used 20265K [0x00000000f5a00000, 0x00000000f7592000, 0x0000000100000000)
 Metaspace       used 33084K, capacity 34154K, committed 34456K, reserved 1079296K
  class space    used 4171K, capacity 4417K, committed 4504K, reserved 1048576K
2019-10-16T14:16:53.543+0000: 13.395: [GC (Allocation Failure) 2019-10-16T14:16:53.543+0000: 13.395: [ParNew
Desired survivor size 262144 bytes, new threshold 6 (max 6)
- age   1:      28752 bytes,      28752 total
- age   2:      37680 bytes,      66432 total
- age   3:      24248 bytes,      90680 total
- age   4:      56024 bytes,     146704 total
- age   5:      35128 bytes,     181832 total
- age   6:      82888 bytes,     264720 total
: 4656K->469K(4928K), 0.0019905 secs] 24921K->20735K(33160K), 0.0020484 secs] [Times: user=0.00 sys=0.00, real=0.00 secs] 
Heap after GC invocations=523 (full 4):
 par new generation   total 4928K, used 469K [0x00000000f0800000, 0x00000000f0d50000, 0x00000000f5a00000)
  eden space 4416K,   0% used [0x00000000f0800000, 0x00000000f0800000, 0x00000000f0c50000)
  from space 512K,  91% used [0x00000000f0cd0000, 0x00000000f0d456d0, 0x00000000f0d50000)
  to   space 512K,   0% used [0x00000000f0c50000, 0x00000000f0c50000, 0x00000000f0cd0000)
 concurrent mark-sweep generation total 28232K, used 20265K [0x00000000f5a00000, 0x00000000f7592000, 0x0000000100000000)
 Metaspace       used 33084K, capacity 34154K, committed 34456K, reserved 1079296K
  class space    used 4171K, capacity 4417K, committed 4504K, reserved 1048576K
}
2019-10-16T14:16:53.545+0000: 13.397: Total time for which application threads were stopped: 0.0021465 seconds, Stopping threads took: 0.0000199 seconds
{Heap before GC invocations=523 (full 4):
 par new generation   total 4928K, used 4885K [0x00000000f0800000, 0x00000000f0d50000, 0x00000000f5a00000)
  eden space 4416K, 100% used [0x00000000f0800000, 0x00000000f0c50000, 0x00000000f0c50000)
  from space 512K,  91% used [0x00000000f0cd0000, 0x00000000f0d456d0, 0x00000000f0d50000)
  to   space 512K,   0% used [0x00000000f0c50000, 0x00000000f0c50000, 0x00000000f0cd0000)
 concurrent mark-sweep generation total 28232K, used 20265K [0x00000000f5a00000, 0x00000000f7592000, 0x0000000100000000)
 Metaspace       used 33131K, capacity 34218K, committed 34456K, reserved 1079296K
  class space    used 4181K, capacity 4417K, committed 4504K, reserved 1048576K
2019-10-16T14:16:53.566+0000: 13.418: [GC (Allocation Failure) 2019-10-16T14:16:53.566+0000: 13.418: [ParNew
Desired survivor size 262144 bytes, new threshold 6 (max 6)
- age   1:      44592 bytes,      44592 total
- age   2:      24688 bytes,      69280 total
- age   3:      37680 bytes,     106960 total
- age   4:      24248 bytes,     131208 total
- age   5:      56024 bytes,     187232 total
- age   6:      32272 bytes,     219504 total
: 4885K->312K(4928K), 0.0024155 secs] 25151K->20659K(33160K), 0.0024554 secs] [Times: user=0.00 sys=0.00, real=0.00 secs] 
Heap after GC invocations=524 (full 4):
 par new generation   total 4928K, used 312K [0x00000000f0800000, 0x00000000f0d50000, 0x00000000f5a00000)
  eden space 4416K,   0% used [0x00000000f0800000, 0x00000000f0800000, 0x00000000f0c50000)
  from space 512K,  60% used [0x00000000f0c50000, 0x00000000f0c9e010, 0x00000000f0cd0000)
  to   space 512K,   0% used [0x00000000f0cd0000, 0x00000000f0cd0000, 0x00000000f0d50000)
 concurrent mark-sweep generation total 28232K, used 20347K [0x00000000f5a00000, 0x00000000f7592000, 0x0000000100000000)
 Metaspace       used 33131K, capacity 34218K, committed 34456K, reserved 1079296K
  class space    used 4181K, capacity 4417K, committed 4504K, reserved 1048576K
}
2019-10-16T14:16:53.569+0000: 13.421: Total time for which application threads were stopped: 0.0025680 seconds, Stopping threads took: 0.0000213 seconds
{Heap before GC invocations=524 (full 4):
 par new generation   total 4928K, used 4728K [0x00000000f0800000, 0x00000000f0d50000, 0x00000000f5a00000)
  eden space 4416K, 100% used [0x00000000f0800000, 0x00000000f0c50000, 0x00000000f0c50000)
  from space 512K,  60% used [0x00000000f0c50000, 0x00000000f0c9e010, 0x00000000f0cd0000)
  to   space 512K,   0% used [0x00000000f0cd0000, 0x00000000f0cd0000, 0x00000000f0d50000)
 concurrent mark-sweep generation total 28232K, used 20347K [0x00000000f5a00000, 0x00000000f7592000, 0x0000000100000000)
 Metaspace       used 33170K, capacity 34218K, committed 34456K, reserved 1079296K
  class space    used 4189K, capacity 4417K, committed 4504K, reserved 1048576K
2019-10-16T14:16:53.590+0000: 13.442: [GC (Allocation Failure) 2019-10-16T14:16:53.590+0000: 13.442: [ParNew
Desired survivor size 262144 bytes, new threshold 6 (max 6)
- age   1:      37632 bytes,      37632 total
- age   2:      39216 bytes,      76848 total
- age   3:      24688 bytes,     101536 total
- age   4:      37680 bytes,     139216 total
- age   5:      24248 bytes,     163464 total
- age   6:      56024 bytes,     219488 total
: 4728K->396K(4928K), 0.0022998 secs] 25075K->20775K(33160K), 0.0023644 secs] [Times: user=0.01 sys=0.00, real=0.00 secs] 
Heap after GC invocations=525 (full 4):
 par new generation   total 4928K, used 396K [0x00000000f0800000, 0x00000000f0d50000, 0x00000000f5a00000)
  eden space 4416K,   0% used [0x00000000f0800000, 0x00000000f0800000, 0x00000000f0c50000)
  from space 512K,  77% used [0x00000000f0cd0000, 0x00000000f0d33300, 0x00000000f0d50000)
  to   space 512K,   0% used [0x00000000f0c50000, 0x00000000f0c50000, 0x00000000f0cd0000)
 concurrent mark-sweep generation total 28232K, used 20378K [0x00000000f5a00000, 0x00000000f7592000, 0x0000000100000000)
 Metaspace       used 33170K, capacity 34218K, committed 34456K, reserved 1079296K
  class space    used 4189K, capacity 4417K, committed 4504K, reserved 1048576K
}
2019-10-16T14:16:53.593+0000: 13.445: Total time for which application threads were stopped: 0.0024722 seconds, Stopping threads took: 0.0000238 seconds
{Heap before GC invocations=525 (full 4):
 par new generation   total 4928K, used 4812K [0x00000000f0800000, 0x00000000f0d50000, 0x00000000f5a00000)
  eden space 4416K, 100% used [0x00000000f0800000, 0x00000000f0c50000, 0x00000000f0c50000)
  from space 512K,  77% used [0x00000000f0cd0000, 0x00000000f0d33300, 0x00000000f0d50000)
  to   space 512K,   0% used [0x00000000f0c50000, 0x00000000f0c50000, 0x00000000f0cd0000)
 concurrent mark-sweep generation total 28232K, used 20378K [0x00000000f5a00000, 0x00000000f7592000, 0x0000000100000000)
 Metaspace       used 33227K, capacity 34314K, committed 34456K, reserved 1079296K
  class space    used 4195K, capacity 4449K, committed 4504K, reserved 1048576K
2019-10-16T14:16:53.605+0000: 13.457: [GC (Allocation Failure) 2019-10-16T14:16:53.605+0000: 13.457: [ParNew
Desired survivor size 262144 bytes, new threshold 6 (max 6)
- age   1:      19152 bytes,      19152 total
- age   2:      31616 bytes,      50768 total
- age   3:      39216 bytes,      89984 total
- age   4:      24688 bytes,     114672 total
- age   5:      37680 bytes,     152352 total
- age   6:      24248 bytes,     176600 total
: 4812K->259K(4928K), 0.0020414 secs] 25191K->20694K(33160K), 0.0020765 secs] [Times: user=0.00 sys=0.00, real=0.00 secs] 
Heap after GC invocations=526 (full 4):
 par new generation   total 4928K, used 259K [0x00000000f0800000, 0x00000000f0d50000, 0x00000000f5a00000)
  eden space 4416K,   0% used [0x00000000f0800000, 0x00000000f0800000, 0x00000000f0c50000)
  from space 512K,  50% used [0x00000000f0c50000, 0x00000000f0c90d90, 0x00000000f0cd0000)
  to   space 512K,   0% used [0x00000000f0cd0000, 0x00000000f0cd0000, 0x00000000f0d50000)
 concurrent mark-sweep generation total 28232K, used 20435K [0x00000000f5a00000, 0x00000000f7592000, 0x0000000100000000)
 Metaspace       used 33227K, capacity 34314K, committed 34456K, reserved 1079296K
  class space    used 4195K, capacity 4449K, committed 4504K, reserved 1048576K
}
2019-10-16T14:16:53.607+0000: 13.459: Total time for which application threads were stopped: 0.0021671 seconds, Stopping threads took: 0.0000198 seconds
{Heap before GC invocations=526 (full 4):
 par new generation   total 4928K, used 4675K [0x00000000f0800000, 0x00000000f0d50000, 0x00000000f5a00000)
  eden space 4416K, 100% used [0x00000000f0800000, 0x00000000f0c50000, 0x00000000f0c50000)
  from space 512K,  50% used [0x00000000f0c50000, 0x00000000f0c90d90, 0x00000000f0cd0000)
  to   space 512K,   0% used [0x00000000f0cd0000, 0x00000000f0cd0000, 0x00000000f0d50000)
 concurrent mark-sweep generation total 28232K, used 20435K [0x00000000f5a00000, 0x00000000f7592000, 0x0000000100000000)
 Metaspace       used 33255K, capacity 34378K, committed 34456K, reserved 1079296K
  class space    used 4201K, capacity 4449K, committed 4504K, reserved 1048576K
2019-10-16T14:16:53.622+0000: 13.474: [GC (Allocation Failure) 2019-10-16T14:16:53.622+0000: 13.474: [ParNew
Desired survivor size 262144 bytes, new threshold 6 (max 6)
- age   1:      15408 bytes,      15408 total
- age   2:      15800 bytes,      31208 total
- age   3:      28472 bytes,      59680 total
- age   4:      39216 bytes,      98896 total
- age   5:      24688 bytes,     123584 total
- age   6:      37680 bytes,     161264 total
: 4675K->162K(4928K), 0.0016801 secs] 25110K->20621K(33160K), 0.0017216 secs] [Times: user=0.00 sys=0.00, real=0.00 secs] 
Heap after GC invocations=527 (full 4):
 par new generation   total 4928K, used 162K [0x00000000f0800000, 0x00000000f0d50000, 0x00000000f5a00000)
  eden space 4416K,   0% used [0x00000000f0800000, 0x00000000f0800000, 0x00000000f0c50000)
  from space 512K,  31% used [0x00000000f0cd0000, 0x00000000f0cf8900, 0x00000000f0d50000)
  to   space 512K,   0% used [0x00000000f0c50000, 0x00000000f0c50000, 0x00000000f0cd0000)
 concurrent mark-sweep generation total 28232K, used 20459K [0x00000000f5a00000, 0x00000000f7592000, 0x0000000100000000)
 Metaspace       used 33255K, capacity 34378K, committed 34456K, reserved 1079296K
  class space    used 4201K, capacity 4449K, committed 4504K, reserved 1048576K
}
2019-10-16T14:16:53.624+0000: 13.476: Total time for which application threads were stopped: 0.0018144 seconds, Stopping threads took: 0.0000198 seconds
{Heap before GC invocations=527 (full 4):
 par new generation   total 4928K, used 4578K [0x00000000f0800000, 0x00000000f0d50000, 0x00000000f5a00000)
  eden space 4416K, 100% used [0x00000000f0800000, 0x00000000f0c50000, 0x00000000f0c50000)
  from space 512K,  31% used [0x00000000f0cd0000, 0x00000000f0cf8900, 0x00000000f0d50000)
  to   space 512K,   0% used [0x00000000f0c50000, 0x00000000f0c50000, 0x00000000f0cd0000)
 concurrent mark-sweep generation total 28232K, used 20459K [0x00000000f5a00000, 0x00000000f7592000, 0x0000000100000000)
 Metaspace       used 33310K, capacity 34378K, committed 34456K, reserved 1079296K
  class space    used 4208K, capacity 4449K, committed 4504K, reserved 1048576K
2019-10-16T14:16:53.642+0000: 13.494: [GC (Allocation Failure) 2019-10-16T14:16:53.642+0000: 13.494: [ParNew
Desired survivor size 262144 bytes, new threshold 6 (max 6)
- age   1:      17968 bytes,      17968 total
- age   2:      10160 bytes,      28128 total
- age   3:      11584 bytes,      39712 total
- age   4:      28472 bytes,      68184 total
- age   5:      39216 bytes,     107400 total
- age   6:      24688 bytes,     132088 total
: 4578K->158K(4928K), 0.0021661 secs] 25037K->20655K(33160K), 0.0022145 secs] [Times: user=0.00 sys=0.00, real=0.00 secs] 
Heap after GC invocations=528 (full 4):
 par new generation   total 4928K, used 158K [0x00000000f0800000, 0x00000000f0d50000, 0x00000000f5a00000)
  eden space 4416K,   0% used [0x00000000f0800000, 0x00000000f0800000, 0x00000000f0c50000)
  from space 512K,  30% used [0x00000000f0c50000, 0x00000000f0c77a30, 0x00000000f0cd0000)
  to   space 512K,   0% used [0x00000000f0cd0000, 0x00000000f0cd0000, 0x00000000f0d50000)
 concurrent mark-sweep generation total 28232K, used 20497K [0x00000000f5a00000, 0x00000000f7592000, 0x0000000100000000)
 Metaspace       used 33310K, capacity 34378K, committed 34456K, reserved 1079296K
  class space    used 4208K, capacity 4449K, committed 4504K, reserved 1048576K
}
2019-10-16T14:16:53.645+0000: 13.497: Total time for which application threads were stopped: 0.0023334 seconds, Stopping threads took: 0.0000282 seconds
2019-10-16T14:16:53.657+0000: 13.509: Total time for which application threads were stopped: 0.0004026 seconds, Stopping threads took: 0.0000289 seconds
{Heap before GC invocations=528 (full 4):
 par new generation   total 4928K, used 4574K [0x00000000f0800000, 0x00000000f0d50000, 0x00000000f5a00000)
  eden space 4416K, 100% used [0x00000000f0800000, 0x00000000f0c50000, 0x00000000f0c50000)
  from space 512K,  30% used [0x00000000f0c50000, 0x00000000f0c77a30, 0x00000000f0cd0000)
  to   space 512K,   0% used [0x00000000f0cd0000, 0x00000000f0cd0000, 0x00000000f0d50000)
 concurrent mark-sweep generation total 28232K, used 20497K [0x00000000f5a00000, 0x00000000f7592000, 0x0000000100000000)
 Metaspace       used 33355K, capacity 34442K, committed 34712K, reserved 1079296K
  class space    used 4214K, capacity 4449K, committed 4504K, reserved 1048576K
2019-10-16T14:16:53.658+0000: 13.510: [GC (Allocation Failure) 2019-10-16T14:16:53.658+0000: 13.510: [ParNew
Desired survivor size 262144 bytes, new threshold 6 (max 6)
- age   1:      20088 bytes,      20088 total
- age   2:      14080 bytes,      34168 total
- age   3:       5920 bytes,      40088 total
- age   4:      11584 bytes,      51672 total
- age   5:      28472 bytes,      80144 total
- age   6:      39216 bytes,     119360 total
: 4574K->136K(4928K), 0.0021516 secs] 25071K->20658K(33160K), 0.0022015 secs] [Times: user=0.01 sys=0.00, real=0.00 secs] 
Heap after GC invocations=529 (full 4):
 par new generation   total 4928K, used 136K [0x00000000f0800000, 0x00000000f0d50000, 0x00000000f5a00000)
  eden space 4416K,   0% used [0x00000000f0800000, 0x00000000f0800000, 0x00000000f0c50000)
  from space 512K,  26% used [0x00000000f0cd0000, 0x00000000f0cf2190, 0x00000000f0d50000)
  to   space 512K,   0% used [0x00000000f0c50000, 0x00000000f0c50000, 0x00000000f0cd0000)
 concurrent mark-sweep generation total 28232K, used 20521K [0x00000000f5a00000, 0x00000000f7592000, 0x0000000100000000)
 Metaspace       used 33355K, capacity 34442K, committed 34712K, reserved 1079296K
  class space    used 4214K, capacity 4449K, committed 4504K, reserved 1048576K
}
2019-10-16T14:16:53.661+0000: 13.513: Total time for which application threads were stopped: 0.0022959 seconds, Stopping threads took: 0.0000173 seconds
2019-10-16T14:16:53.667+0000: 13.519: Total time for which application threads were stopped: 0.0002738 seconds, Stopping threads took: 0.0000294 seconds
{Heap before GC invocations=529 (full 4):
 par new generation   total 4928K, used 4546K [0x00000000f0800000, 0x00000000f0d50000, 0x00000000f5a00000)
  eden space 4416K,  99% used [0x00000000f0800000, 0x00000000f0c4e850, 0x00000000f0c50000)
  from space 512K,  26% used [0x00000000f0cd0000, 0x00000000f0cf2190, 0x00000000f0d50000)
  to   space 512K,   0% used [0x00000000f0c50000, 0x00000000f0c50000, 0x00000000f0cd0000)
 concurrent mark-sweep generation total 28232K, used 20521K [0x00000000f5a00000, 0x00000000f7592000, 0x0000000100000000)
 Metaspace       used 33435K, capacity 34506K, committed 34712K, reserved 1079296K
  class space    used 4223K, capacity 4449K, committed 4504K, reserved 1048576K
2019-10-16T14:16:53.680+0000: 13.532: [GC (Allocation Failure) 2019-10-16T14:16:53.680+0000: 13.532: [ParNew
Desired survivor size 262144 bytes, new threshold 6 (max 6)
- age   1:      42896 bytes,      42896 total
- age   2:      16264 bytes,      59160 total
- age   3:       8656 bytes,      67816 total
- age   4:       5920 bytes,      73736 total
- age   5:      11584 bytes,      85320 total
- age   6:      28472 bytes,     113792 total
: 4546K->121K(4928K), 0.0021144 secs] 25068K->20682K(33160K), 0.0021642 secs] [Times: user=0.01 sys=0.00, real=0.00 secs] 
Heap after GC invocations=530 (full 4):
 par new generation   total 4928K, used 121K [0x00000000f0800000, 0x00000000f0d50000, 0x00000000f5a00000)
  eden space 4416K,   0% used [0x00000000f0800000, 0x00000000f0800000, 0x00000000f0c50000)
  from space 512K,  23% used [0x00000000f0c50000, 0x00000000f0c6e668, 0x00000000f0cd0000)
  to   space 512K,   0% used [0x00000000f0cd0000, 0x00000000f0cd0000, 0x00000000f0d50000)
 concurrent mark-sweep generation total 28232K, used 20561K [0x00000000f5a00000, 0x00000000f7592000, 0x0000000100000000)
 Metaspace       used 33435K, capacity 34506K, committed 34712K, reserved 1079296K
  class space    used 4223K, capacity 4449K, committed 4504K, reserved 1048576K
}
2019-10-16T14:16:53.682+0000: 13.534: Total time for which application threads were stopped: 0.0022622 seconds, Stopping threads took: 0.0000184 seconds
{Heap before GC invocations=530 (full 4):
 par new generation   total 4928K, used 4537K [0x00000000f0800000, 0x00000000f0d50000, 0x00000000f5a00000)
  eden space 4416K, 100% used [0x00000000f0800000, 0x00000000f0c50000, 0x00000000f0c50000)
  from space 512K,  23% used [0x00000000f0c50000, 0x00000000f0c6e668, 0x00000000f0cd0000)
  to   space 512K,   0% used [0x00000000f0cd0000, 0x00000000f0cd0000, 0x00000000f0d50000)
 concurrent mark-sweep generation total 28232K, used 20561K [0x00000000f5a00000, 0x00000000f7592000, 0x0000000100000000)
 Metaspace       used 33517K, capacity 34602K, committed 34712K, reserved 1079296K
  class space    used 4233K, capacity 4481K, committed 4504K, reserved 1048576K
2019-10-16T14:16:53.702+0000: 13.554: [GC (Allocation Failure) 2019-10-16T14:16:53.702+0000: 13.554: [ParNew
Desired survivor size 262144 bytes, new threshold 6 (max 6)
- age   1:      43744 bytes,      43744 total
- age   2:      11960 bytes,      55704 total
- age   3:      11864 bytes,      67568 total
- age   4:       8656 bytes,      76224 total
- age   5:       5920 bytes,      82144 total
- age   6:      11584 bytes,      93728 total
: 4537K->113K(4928K), 0.0017077 secs] 25098K->20703K(33160K), 0.0017431 secs] [Times: user=0.00 sys=0.00, real=0.00 secs] 
Heap after GC invocations=531 (full 4):
 par new generation   total 4928K, used 113K [0x00000000f0800000, 0x00000000f0d50000, 0x00000000f5a00000)
  eden space 4416K,   0% used [0x00000000f0800000, 0x00000000f0800000, 0x00000000f0c50000)
  from space 512K,  22% used [0x00000000f0cd0000, 0x00000000f0cec700, 0x00000000f0d50000)
  to   space 512K,   0% used [0x00000000f0c50000, 0x00000000f0c50000, 0x00000000f0cd0000)
 concurrent mark-sweep generation total 28232K, used 20589K [0x00000000f5a00000, 0x00000000f7592000, 0x0000000100000000)
 Metaspace       used 33517K, capacity 34602K, committed 34712K, reserved 1079296K
  class space    used 4233K, capacity 4481K, committed 4504K, reserved 1048576K
}
2019-10-16T14:16:53.704+0000: 13.556: Total time for which application threads were stopped: 0.0018585 seconds, Stopping threads took: 0.0000211 seconds
{Heap before GC invocations=531 (full 4):
 par new generation   total 4928K, used 4529K [0x00000000f0800000, 0x00000000f0d50000, 0x00000000f5a00000)
  eden space 4416K, 100% used [0x00000000f0800000, 0x00000000f0c50000, 0x00000000f0c50000)
  from space 512K,  22% used [0x00000000f0cd0000, 0x00000000f0cec700, 0x00000000f0d50000)
  to   space 512K,   0% used [0x00000000f0c50000, 0x00000000f0c50000, 0x00000000f0cd0000)
 concurrent mark-sweep generation total 28232K, used 20589K [0x00000000f5a00000, 0x00000000f7592000, 0x0000000100000000)
 Metaspace       used 33603K, capacity 34666K, committed 34712K, reserved 1079296K
  class space    used 4239K, capacity 4481K, committed 4504K, reserved 1048576K
2019-10-16T14:16:53.718+0000: 13.570: [GC (Allocation Failure) 2019-10-16T14:16:53.718+0000: 13.570: [ParNew
Desired survivor size 262144 bytes, new threshold 6 (max 6)
- age   1:      37176 bytes,      37176 total
- age   2:      40160 bytes,      77336 total
- age   3:       6960 bytes,      84296 total
- age   4:      11864 bytes,      96160 total
- age   5:       8656 bytes,     104816 total
- age   6:       5920 bytes,     110736 total
: 4529K->192K(4928K), 0.0015681 secs] 25119K->20793K(33160K), 0.0016086 secs] [Times: user=0.00 sys=0.00, real=0.00 secs] 
Heap after GC invocations=532 (full 4):
 par new generation   total 4928K, used 192K [0x00000000f0800000, 0x00000000f0d50000, 0x00000000f5a00000)
  eden space 4416K,   0% used [0x00000000f0800000, 0x00000000f0800000, 0x00000000f0c50000)
  from space 512K,  37% used [0x00000000f0c50000, 0x00000000f0c80170, 0x00000000f0cd0000)
  to   space 512K,   0% used [0x00000000f0cd0000, 0x00000000f0cd0000, 0x00000000f0d50000)
 concurrent mark-sweep generation total 28232K, used 20601K [0x00000000f5a00000, 0x00000000f7592000, 0x0000000100000000)
 Metaspace       used 33603K, capacity 34666K, committed 34712K, reserved 1079296K
  class space    used 4239K, capacity 4481K, committed 4504K, reserved 1048576K
}
2019-10-16T14:16:53.719+0000: 13.571: Total time for which application threads were stopped: 0.0017070 seconds, Stopping threads took: 0.0000170 seconds
{Heap before GC invocations=532 (full 4):
 par new generation   total 4928K, used 4608K [0x00000000f0800000, 0x00000000f0d50000, 0x00000000f5a00000)
  eden space 4416K, 100% used [0x00000000f0800000, 0x00000000f0c50000, 0x00000000f0c50000)
  from space 512K,  37% used [0x00000000f0c50000, 0x00000000f0c80170, 0x00000000f0cd0000)
  to   space 512K,   0% used [0x00000000f0cd0000, 0x00000000f0cd0000, 0x00000000f0d50000)
 concurrent mark-sweep generation total 28232K, used 20601K [0x00000000f5a00000, 0x00000000f7592000, 0x0000000100000000)
 Metaspace       used 33657K, capacity 34730K, committed 34968K, reserved 1079296K
  class space    used 4247K, capacity 4481K, committed 4504K, reserved 1048576K
2019-10-16T14:16:53.739+0000: 13.591: [GC (Allocation Failure) 2019-10-16T14:16:53.739+0000: 13.591: [ParNew
Desired survivor size 262144 bytes, new threshold 6 (max 6)
- age   1:      21480 bytes,      21480 total
- age   2:      19560 bytes,      41040 total
- age   3:      35080 bytes,      76120 total
- age   4:       5696 bytes,      81816 total
- age   5:      11704 bytes,      93520 total
- age   6:       8592 bytes,     102112 total
: 4608K->129K(4928K), 0.0015794 secs] 25209K->20737K(33160K), 0.0016439 secs] [Times: user=0.00 sys=0.00, real=0.00 secs] 
Heap after GC invocations=533 (full 4):
 par new generation   total 4928K, used 129K [0x00000000f0800000, 0x00000000f0d50000, 0x00000000f5a00000)
  eden space 4416K,   0% used [0x00000000f0800000, 0x00000000f0800000, 0x00000000f0c50000)
  from space 512K,  25% used [0x00000000f0cd0000, 0x00000000f0cf05f0, 0x00000000f0d50000)
  to   space 512K,   0% used [0x00000000f0c50000, 0x00000000f0c50000, 0x00000000f0cd0000)
 concurrent mark-sweep generation total 28232K, used 20607K [0x00000000f5a00000, 0x00000000f7592000, 0x0000000100000000)
 Metaspace       used 33657K, capacity 34730K, committed 34968K, reserved 1079296K
  class space    used 4247K, capacity 4481K, committed 4504K, reserved 1048576K
}
2019-10-16T14:16:53.740+0000: 13.592: Total time for which application threads were stopped: 0.0017409 seconds, Stopping threads took: 0.0000218 seconds
{Heap before GC invocations=533 (full 4):
 par new generation   total 4928K, used 4545K [0x00000000f0800000, 0x00000000f0d50000, 0x00000000f5a00000)
  eden space 4416K, 100% used [0x00000000f0800000, 0x00000000f0c50000, 0x00000000f0c50000)
  from space 512K,  25% used [0x00000000f0cd0000, 0x00000000f0cf05f0, 0x00000000f0d50000)
  to   space 512K,   0% used [0x00000000f0c50000, 0x00000000f0c50000, 0x00000000f0cd0000)
 concurrent mark-sweep generation total 28232K, used 20607K [0x00000000f5a00000, 0x00000000f7592000, 0x0000000100000000)
 Metaspace       used 33697K, capacity 34794K, committed 34968K, reserved 1079296K
  class space    used 4253K, capacity 4481K, committed 4504K, reserved 1048576K
2019-10-16T14:16:53.748+0000: 13.600: [GC (Allocation Failure) 2019-10-16T14:16:53.748+0000: 13.600: [ParNew
Desired survivor size 262144 bytes, new threshold 6 (max 6)
- age   1:      21848 bytes,      21848 total
- age   2:      17968 bytes,      39816 total
- age   3:      14544 bytes,      54360 total
- age   4:      35080 bytes,      89440 total
- age   5:       5696 bytes,      95136 total
- age   6:      11704 bytes,     106840 total
: 4545K->180K(4928K), 0.0011268 secs] 25153K->20796K(33160K), 0.0011774 secs] [Times: user=0.00 sys=0.00, real=0.00 secs] 
Heap after GC invocations=534 (full 4):
 par new generation   total 4928K, used 180K [0x00000000f0800000, 0x00000000f0d50000, 0x00000000f5a00000)
  eden space 4416K,   0% used [0x00000000f0800000, 0x00000000f0800000, 0x00000000f0c50000)
  from space 512K,  35% used [0x00000000f0c50000, 0x00000000f0c7d0d0, 0x00000000f0cd0000)
  to   space 512K,   0% used [0x00000000f0cd0000, 0x00000000f0cd0000, 0x00000000f0d50000)
 concurrent mark-sweep generation total 28232K, used 20616K [0x00000000f5a00000, 0x00000000f7592000, 0x0000000100000000)
 Metaspace       used 33697K, capacity 34794K, committed 34968K, reserved 1079296K
  class space    used 4253K, capacity 4481K, committed 4504K, reserved 1048576K
}
2019-10-16T14:16:53.750+0000: 13.602: Total time for which application threads were stopped: 0.0012847 seconds, Stopping threads took: 0.0000164 seconds
{Heap before GC invocations=534 (full 4):
 par new generation   total 4928K, used 4596K [0x00000000f0800000, 0x00000000f0d50000, 0x00000000f5a00000)
  eden space 4416K, 100% used [0x00000000f0800000, 0x00000000f0c50000, 0x00000000f0c50000)
  from space 512K,  35% used [0x00000000f0c50000, 0x00000000f0c7d0d0, 0x00000000f0cd0000)
  to   space 512K,   0% used [0x00000000f0cd0000, 0x00000000f0cd0000, 0x00000000f0d50000)
 concurrent mark-sweep generation total 28232K, used 20616K [0x00000000f5a00000, 0x00000000f7592000, 0x0000000100000000)
 Metaspace       used 33739K, capacity 34826K, committed 35096K, reserved 1079296K
  class space    used 4260K, capacity 4513K, committed 4632K, reserved 1048576K
2019-10-16T14:16:53.766+0000: 13.618: [GC (Allocation Failure) 2019-10-16T14:16:53.766+0000: 13.618: [ParNew
Desired survivor size 262144 bytes, new threshold 6 (max 6)
- age   1:      28880 bytes,      28880 total
- age   2:      18368 bytes,      47248 total
- age   3:      12912 bytes,      60160 total
- age   4:      14528 bytes,      74688 total
- age   5:      35064 bytes,     109752 total
- age   6:       5696 bytes,     115448 total
: 4596K->123K(4928K), 0.0014828 secs] 25212K->20751K(33160K), 0.0015308 secs] [Times: user=0.00 sys=0.00, real=0.00 secs] 
Heap after GC invocations=535 (full 4):
 par new generation   total 4928K, used 123K [0x00000000f0800000, 0x00000000f0d50000, 0x00000000f5a00000)
  eden space 4416K,   0% used [0x00000000f0800000, 0x00000000f0800000, 0x00000000f0c50000)
  from space 512K,  24% used [0x00000000f0cd0000, 0x00000000f0ceed30, 0x00000000f0d50000)
  to   space 512K,   0% used [0x00000000f0c50000, 0x00000000f0c50000, 0x00000000f0cd0000)
 concurrent mark-sweep generation total 28232K, used 20628K [0x00000000f5a00000, 0x00000000f7592000, 0x0000000100000000)
 Metaspace       used 33739K, capacity 34826K, committed 35096K, reserved 1079296K
  class space    used 4260K, capacity 4513K, committed 4632K, reserved 1048576K
}
2019-10-16T14:16:53.767+0000: 13.619: Total time for which application threads were stopped: 0.0016291 seconds, Stopping threads took: 0.0000218 seconds
2019-10-16T14:16:53.787+0000: 13.639: Total time for which application threads were stopped: 0.0004086 seconds, Stopping threads took: 0.0000188 seconds
{Heap before GC invocations=535 (full 4):
 par new generation   total 4928K, used 4539K [0x00000000f0800000, 0x00000000f0d50000, 0x00000000f5a00000)
  eden space 4416K, 100% used [0x00000000f0800000, 0x00000000f0c50000, 0x00000000f0c50000)
  from space 512K,  24% used [0x00000000f0cd0000, 0x00000000f0ceed30, 0x00000000f0d50000)
  to   space 512K,   0% used [0x00000000f0c50000, 0x00000000f0c50000, 0x00000000f0cd0000)
 concurrent mark-sweep generation total 28232K, used 20628K [0x00000000f5a00000, 0x00000000f7592000, 0x0000000100000000)
 Metaspace       used 33826K, capacity 34954K, committed 35096K, reserved 1079296K
  class space    used 4269K, capacity 4513K, committed 4632K, reserved 1048576K
2019-10-16T14:16:53.790+0000: 13.642: [GC (Allocation Failure) 2019-10-16T14:16:53.790+0000: 13.642: [ParNew
Desired survivor size 262144 bytes, new threshold 6 (max 6)
- age   1:     102928 bytes,     102928 total
- age   2:      13768 bytes,     116696 total
- age   3:      14136 bytes,     130832 total
- age   4:      12792 bytes,     143624 total
- age   5:      14528 bytes,     158152 total
- age   6:      35032 bytes,     193184 total
: 4539K->198K(4928K), 0.0021063 secs] 25167K->20832K(33160K), 0.0021538 secs] [Times: user=0.00 sys=0.00, real=0.01 secs] 
Heap after GC invocations=536 (full 4):
 par new generation   total 4928K, used 198K [0x00000000f0800000, 0x00000000f0d50000, 0x00000000f5a00000)
  eden space 4416K,   0% used [0x00000000f0800000, 0x00000000f0800000, 0x00000000f0c50000)
  from space 512K,  38% used [0x00000000f0c50000, 0x00000000f0c81a78, 0x00000000f0cd0000)
  to   space 512K,   0% used [0x00000000f0cd0000, 0x00000000f0cd0000, 0x00000000f0d50000)
 concurrent mark-sweep generation total 28232K, used 20634K [0x00000000f5a00000, 0x00000000f7592000, 0x0000000100000000)
 Metaspace       used 33826K, capacity 34954K, committed 35096K, reserved 1079296K
  class space    used 4269K, capacity 4513K, committed 4632K, reserved 1048576K
}
2019-10-16T14:16:53.792+0000: 13.644: Total time for which application threads were stopped: 0.0022556 seconds, Stopping threads took: 0.0000179 seconds
{Heap before GC invocations=536 (full 4):
 par new generation   total 4928K, used 4614K [0x00000000f0800000, 0x00000000f0d50000, 0x00000000f5a00000)
  eden space 4416K, 100% used [0x00000000f0800000, 0x00000000f0c50000, 0x00000000f0c50000)
  from space 512K,  38% used [0x00000000f0c50000, 0x00000000f0c81a78, 0x00000000f0cd0000)
  to   space 512K,   0% used [0x00000000f0cd0000, 0x00000000f0cd0000, 0x00000000f0d50000)
 concurrent mark-sweep generation total 28232K, used 20634K [0x00000000f5a00000, 0x00000000f7592000, 0x0000000100000000)
 Metaspace       used 34121K, capacity 35216K, committed 35352K, reserved 1079296K
  class space    used 4289K, capacity 4514K, committed 4632K, reserved 1048576K
2019-10-16T14:16:53.938+0000: 13.790: [GC (Allocation Failure) 2019-10-16T14:16:53.938+0000: 13.790: [ParNew
Desired survivor size 262144 bytes, new threshold 1 (max 6)
- age   1:     275136 bytes,     275136 total
- age   2:      42824 bytes,     317960 total
- age   3:      13736 bytes,     331696 total
- age   4:      14136 bytes,     345832 total
- age   5:      12768 bytes,     358600 total
- age   6:      14528 bytes,     373128 total
: 4614K->494K(4928K), 0.0029830 secs] 25248K->21163K(33160K), 0.0030384 secs] [Times: user=0.00 sys=0.00, real=0.00 secs] 
Heap after GC invocations=537 (full 4):
 par new generation   total 4928K, used 494K [0x00000000f0800000, 0x00000000f0d50000, 0x00000000f5a00000)
  eden space 4416K,   0% used [0x00000000f0800000, 0x00000000f0800000, 0x00000000f0c50000)
  from space 512K,  96% used [0x00000000f0cd0000, 0x00000000f0d4bb40, 0x00000000f0d50000)
  to   space 512K,   0% used [0x00000000f0c50000, 0x00000000f0c50000, 0x00000000f0cd0000)
 concurrent mark-sweep generation total 28232K, used 20668K [0x00000000f5a00000, 0x00000000f7592000, 0x0000000100000000)
 Metaspace       used 34121K, capacity 35216K, committed 35352K, reserved 1079296K
  class space    used 4289K, capacity 4514K, committed 4632K, reserved 1048576K
}
2019-10-16T14:16:53.941+0000: 13.793: Total time for which application threads were stopped: 0.0031865 seconds, Stopping threads took: 0.0000244 seconds
{Heap before GC invocations=537 (full 4):
 par new generation   total 4928K, used 4910K [0x00000000f0800000, 0x00000000f0d50000, 0x00000000f5a00000)
  eden space 4416K, 100% used [0x00000000f0800000, 0x00000000f0c50000, 0x00000000f0c50000)
  from space 512K,  96% used [0x00000000f0cd0000, 0x00000000f0d4bb40, 0x00000000f0d50000)
  to   space 512K,   0% used [0x00000000f0c50000, 0x00000000f0c50000, 0x00000000f0cd0000)
 concurrent mark-sweep generation total 28232K, used 20668K [0x00000000f5a00000, 0x00000000f7592000, 0x0000000100000000)
 Metaspace       used 34192K, capacity 35322K, committed 35608K, reserved 1081344K
  class space    used 4294K, capacity 4547K, committed 4632K, reserved 1048576K
2019-10-16T14:16:53.986+0000: 13.838: [GC (Allocation Failure) 2019-10-16T14:16:53.986+0000: 13.838: [ParNew
Desired survivor size 262144 bytes, new threshold 6 (max 6)
- age   1:     101512 bytes,     101512 total
: 4910K->314K(4928K), 0.0039661 secs] 25579K->21316K(33160K), 0.0040292 secs] [Times: user=0.01 sys=0.00, real=0.00 secs] 
Heap after GC invocations=538 (full 4):
 par new generation   total 4928K, used 314K [0x00000000f0800000, 0x00000000f0d50000, 0x00000000f5a00000)
  eden space 4416K,   0% used [0x00000000f0800000, 0x00000000f0800000, 0x00000000f0c50000)
  from space 512K,  61% used [0x00000000f0c50000, 0x00000000f0c9e9e0, 0x00000000f0cd0000)
  to   space 512K,   0% used [0x00000000f0cd0000, 0x00000000f0cd0000, 0x00000000f0d50000)
 concurrent mark-sweep generation total 28232K, used 21001K [0x00000000f5a00000, 0x00000000f7592000, 0x0000000100000000)
 Metaspace       used 34192K, capacity 35322K, committed 35608K, reserved 1081344K
  class space    used 4294K, capacity 4547K, committed 4632K, reserved 1048576K
}
2019-10-16T14:16:53.990+0000: 13.842: Total time for which application threads were stopped: 0.0041441 seconds, Stopping threads took: 0.0000237 seconds
{Heap before GC invocations=538 (full 4):
 par new generation   total 4928K, used 4730K [0x00000000f0800000, 0x00000000f0d50000, 0x00000000f5a00000)
  eden space 4416K, 100% used [0x00000000f0800000, 0x00000000f0c50000, 0x00000000f0c50000)
  from space 512K,  61% used [0x00000000f0c50000, 0x00000000f0c9e9e0, 0x00000000f0cd0000)
  to   space 512K,   0% used [0x00000000f0cd0000, 0x00000000f0cd0000, 0x00000000f0d50000)
 concurrent mark-sweep generation total 28232K, used 21001K [0x00000000f5a00000, 0x00000000f7592000, 0x0000000100000000)
 Metaspace       used 34331K, capacity 35450K, committed 35608K, reserved 1081344K
  class space    used 4307K, capacity 4547K, committed 4632K, reserved 1048576K
2019-10-16T14:16:54.057+0000: 13.909: [GC (Allocation Failure) 2019-10-16T14:16:54.057+0000: 13.909: [ParNew
Desired survivor size 262144 bytes, new threshold 2 (max 6)
- age   1:     203816 bytes,     203816 total
- age   2:      81296 bytes,     285112 total
: 4730K->310K(4928K), 0.0022503 secs] 25732K->21312K(33160K), 0.0023190 secs] [Times: user=0.00 sys=0.00, real=0.00 secs] 
Heap after GC invocations=539 (full 4):
 par new generation   total 4928K, used 310K [0x00000000f0800000, 0x00000000f0d50000, 0x00000000f5a00000)
  eden space 4416K,   0% used [0x00000000f0800000, 0x00000000f0800000, 0x00000000f0c50000)
  from space 512K,  60% used [0x00000000f0cd0000, 0x00000000f0d1d9a0, 0x00000000f0d50000)
  to   space 512K,   0% used [0x00000000f0c50000, 0x00000000f0c50000, 0x00000000f0cd0000)
 concurrent mark-sweep generation total 28232K, used 21001K [0x00000000f5a00000, 0x00000000f7592000, 0x0000000100000000)
 Metaspace       used 34331K, capacity 35450K, committed 35608K, reserved 1081344K
  class space    used 4307K, capacity 4547K, committed 4632K, reserved 1048576K
}
2019-10-16T14:16:54.060+0000: 13.912: Total time for which application threads were stopped: 0.0024597 seconds, Stopping threads took: 0.0000253 seconds
{Heap before GC invocations=539 (full 4):
 par new generation   total 4928K, used 4726K [0x00000000f0800000, 0x00000000f0d50000, 0x00000000f5a00000)
  eden space 4416K, 100% used [0x00000000f0800000, 0x00000000f0c50000, 0x00000000f0c50000)
  from space 512K,  60% used [0x00000000f0cd0000, 0x00000000f0d1d9a0, 0x00000000f0d50000)
  to   space 512K,   0% used [0x00000000f0c50000, 0x00000000f0c50000, 0x00000000f0cd0000)
 concurrent mark-sweep generation total 28232K, used 21001K [0x00000000f5a00000, 0x00000000f7592000, 0x0000000100000000)
 Metaspace       used 34531K, capacity 35674K, committed 35864K, reserved 1081344K
  class space    used 4327K, capacity 4579K, committed 4632K, reserved 1048576K
2019-10-16T14:16:54.134+0000: 13.986: [GC (Allocation Failure) 2019-10-16T14:16:54.134+0000: 13.986: [ParNew
Desired survivor size 262144 bytes, new threshold 2 (max 6)
- age   1:     188472 bytes,     188472 total
- age   2:     170480 bytes,     358952 total
: 4726K->469K(4928K), 0.0027680 secs] 25728K->21551K(33160K), 0.0028297 secs] [Times: user=0.00 sys=0.00, real=0.00 secs] 
Heap after GC invocations=540 (full 4):
 par new generation   total 4928K, used 469K [0x00000000f0800000, 0x00000000f0d50000, 0x00000000f5a00000)
  eden space 4416K,   0% used [0x00000000f0800000, 0x00000000f0800000, 0x00000000f0c50000)
  from space 512K,  91% used [0x00000000f0c50000, 0x00000000f0cc55e0, 0x00000000f0cd0000)
  to   space 512K,   0% used [0x00000000f0cd0000, 0x00000000f0cd0000, 0x00000000f0d50000)
 concurrent mark-sweep generation total 28232K, used 21082K [0x00000000f5a00000, 0x00000000f7592000, 0x0000000100000000)
 Metaspace       used 34531K, capacity 35674K, committed 35864K, reserved 1081344K
  class space    used 4327K, capacity 4579K, committed 4632K, reserved 1048576K
}
2019-10-16T14:16:54.137+0000: 13.989: Total time for which application threads were stopped: 0.0029406 seconds, Stopping threads took: 0.0000247 seconds
{Heap before GC invocations=540 (full 4):
 par new generation   total 4928K, used 4885K [0x00000000f0800000, 0x00000000f0d50000, 0x00000000f5a00000)
  eden space 4416K, 100% used [0x00000000f0800000, 0x00000000f0c50000, 0x00000000f0c50000)
  from space 512K,  91% used [0x00000000f0c50000, 0x00000000f0cc55e0, 0x00000000f0cd0000)
  to   space 512K,   0% used [0x00000000f0cd0000, 0x00000000f0cd0000, 0x00000000f0d50000)
 concurrent mark-sweep generation total 28232K, used 21082K [0x00000000f5a00000, 0x00000000f7592000, 0x0000000100000000)
 Metaspace       used 34670K, capacity 35814K, committed 36120K, reserved 1081344K
  class space    used 4340K, capacity 4581K, committed 4632K, reserved 1048576K
2019-10-16T14:16:54.214+0000: 14.066: [GC (Allocation Failure) 2019-10-16T14:16:54.214+0000: 14.066: [ParNew
Desired survivor size 262144 bytes, new threshold 2 (max 6)
- age   1:      96904 bytes,      96904 total
- age   2:     186000 bytes,     282904 total
: 4885K->322K(4928K), 0.0033565 secs] 25967K->21572K(33160K), 0.0034069 secs] [Times: user=0.00 sys=0.00, real=0.00 secs] 
Heap after GC invocations=541 (full 4):
 par new generation   total 4928K, used 322K [0x00000000f0800000, 0x00000000f0d50000, 0x00000000f5a00000)
  eden space 4416K,   0% used [0x00000000f0800000, 0x00000000f0800000, 0x00000000f0c50000)
  from space 512K,  62% used [0x00000000f0cd0000, 0x00000000f0d209f8, 0x00000000f0d50000)
  to   space 512K,   0% used [0x00000000f0c50000, 0x00000000f0c50000, 0x00000000f0cd0000)
 concurrent mark-sweep generation total 28232K, used 21250K [0x00000000f5a00000, 0x00000000f7592000, 0x0000000100000000)
 Metaspace       used 34670K, capacity 35814K, committed 36120K, reserved 1081344K
  class space    used 4340K, capacity 4581K, committed 4632K, reserved 1048576K
}
2019-10-16T14:16:54.218+0000: 14.070: Total time for which application threads were stopped: 0.0035398 seconds, Stopping threads took: 0.0000234 seconds
2019-10-16T14:16:54.220+0000: 14.072: [GC (CMS Initial Mark) [1 CMS-initial-mark: 21250K(28232K)] 22369K(33160K), 0.0013101 secs] [Times: user=0.01 sys=0.00, real=0.00 secs] 
2019-10-16T14:16:54.221+0000: 14.073: Total time for which application threads were stopped: 0.0015009 seconds, Stopping threads took: 0.0001475 seconds
2019-10-16T14:16:54.225+0000: 14.077: [CMS-concurrent-mark-start]
{Heap before GC invocations=541 (full 5):
 par new generation   total 4928K, used 4738K [0x00000000f0800000, 0x00000000f0d50000, 0x00000000f5a00000)
  eden space 4416K, 100% used [0x00000000f0800000, 0x00000000f0c50000, 0x00000000f0c50000)
  from space 512K,  62% used [0x00000000f0cd0000, 0x00000000f0d209f8, 0x00000000f0d50000)
  to   space 512K,   0% used [0x00000000f0c50000, 0x00000000f0c50000, 0x00000000f0cd0000)
 concurrent mark-sweep generation total 28232K, used 21250K [0x00000000f5a00000, 0x00000000f7592000, 0x0000000100000000)
 Metaspace       used 34707K, capacity 35826K, committed 36120K, reserved 1081344K
  class space    used 4347K, capacity 4583K, committed 4632K, reserved 1048576K
2019-10-16T14:16:54.282+0000: 14.134: [GC (Allocation Failure) 2019-10-16T14:16:54.282+0000: 14.134: [ParNew
Desired survivor size 262144 bytes, new threshold 1 (max 6)
- age   1:     371928 bytes,     371928 total
- age   2:      93184 bytes,     465112 total
: 4738K->512K(4928K), 0.0036711 secs] 25988K->21947K(33160K), 0.0037387 secs] [Times: user=0.00 sys=0.00, real=0.00 secs] 
Heap after GC invocations=542 (full 5):
 par new generation   total 4928K, used 512K [0x00000000f0800000, 0x00000000f0d50000, 0x00000000f5a00000)
  eden space 4416K,   0% used [0x00000000f0800000, 0x00000000f0800000, 0x00000000f0c50000)
  from space 512K, 100% used [0x00000000f0c50000, 0x00000000f0cd0000, 0x00000000f0cd0000)
  to   space 512K,   0% used [0x00000000f0cd0000, 0x00000000f0cd0000, 0x00000000f0d50000)
 concurrent mark-sweep generation total 28232K, used 21435K [0x00000000f5a00000, 0x00000000f7592000, 0x0000000100000000)
 Metaspace       used 34707K, capacity 35826K, committed 36120K, reserved 1081344K
  class space    used 4347K, capacity 4583K, committed 4632K, reserved 1048576K
}
2019-10-16T14:16:54.286+0000: 14.138: Total time for which application threads were stopped: 0.0038629 seconds, Stopping threads took: 0.0000169 seconds
2019-10-16T14:16:54.311+0000: 14.163: [CMS-concurrent-mark: 0.086/0.086 secs] [Times: user=0.09 sys=0.00, real=0.09 secs] 
2019-10-16T14:16:54.311+0000: 14.163: [CMS-concurrent-preclean-start]
2019-10-16T14:16:54.312+0000: 14.164: [CMS-concurrent-preclean: 0.001/0.002 secs] [Times: user=0.00 sys=0.00, real=0.00 secs] 
2019-10-16T14:16:54.312+0000: 14.164: [CMS-concurrent-abortable-preclean-start]
{Heap before GC invocations=542 (full 5):
 par new generation   total 4928K, used 4928K [0x00000000f0800000, 0x00000000f0d50000, 0x00000000f5a00000)
  eden space 4416K, 100% used [0x00000000f0800000, 0x00000000f0c50000, 0x00000000f0c50000)
  from space 512K, 100% used [0x00000000f0c50000, 0x00000000f0cd0000, 0x00000000f0cd0000)
  to   space 512K,   0% used [0x00000000f0cd0000, 0x00000000f0cd0000, 0x00000000f0d50000)
 concurrent mark-sweep generation total 28232K, used 21435K [0x00000000f5a00000, 0x00000000f7592000, 0x0000000100000000)
 Metaspace       used 34767K, capacity 35896K, committed 36120K, reserved 1081344K
  class space    used 4354K, capacity 4584K, committed 4632K, reserved 1048576K
2019-10-16T14:16:54.319+0000: 14.171: [GC (Allocation Failure) 2019-10-16T14:16:54.319+0000: 14.171: [ParNew
Desired survivor size 262144 bytes, new threshold 6 (max 6)
- age   1:      38016 bytes,      38016 total
: 4928K->414K(4928K), 0.0076202 secs] 26363K->22314K(33160K), 0.0076692 secs] [Times: user=0.01 sys=0.00, real=0.01 secs] 
Heap after GC invocations=543 (full 5):
 par new generation   total 4928K, used 414K [0x00000000f0800000, 0x00000000f0d50000, 0x00000000f5a00000)
  eden space 4416K,   0% used [0x00000000f0800000, 0x00000000f0800000, 0x00000000f0c50000)
  from space 512K,  80% used [0x00000000f0cd0000, 0x00000000f0d37800, 0x00000000f0d50000)
  to   space 512K,   0% used [0x00000000f0c50000, 0x00000000f0c50000, 0x00000000f0cd0000)
 concurrent mark-sweep generation total 28232K, used 21900K [0x00000000f5a00000, 0x00000000f7592000, 0x0000000100000000)
 Metaspace       used 34767K, capacity 35896K, committed 36120K, reserved 1081344K
  class space    used 4354K, capacity 4584K, committed 4632K, reserved 1048576K
}
2019-10-16T14:16:54.327+0000: 14.179: Total time for which application threads were stopped: 0.0077747 seconds, Stopping threads took: 0.0000139 seconds
{Heap before GC invocations=543 (full 5):
 par new generation   total 4928K, used 4830K [0x00000000f0800000, 0x00000000f0d50000, 0x00000000f5a00000)
  eden space 4416K, 100% used [0x00000000f0800000, 0x00000000f0c50000, 0x00000000f0c50000)
  from space 512K,  80% used [0x00000000f0cd0000, 0x00000000f0d37800, 0x00000000f0d50000)
  to   space 512K,   0% used [0x00000000f0c50000, 0x00000000f0c50000, 0x00000000f0cd0000)
 concurrent mark-sweep generation total 28232K, used 21900K [0x00000000f5a00000, 0x00000000f7592000, 0x0000000100000000)
 Metaspace       used 34818K, capacity 35946K, committed 36120K, reserved 1081344K
  class space    used 4366K, capacity 4619K, committed 4632K, reserved 1048576K
2019-10-16T14:16:54.342+0000: 14.194: [GC (Allocation Failure) 2019-10-16T14:16:54.342+0000: 14.195: [ParNew
Desired survivor size 262144 bytes, new threshold 6 (max 6)
- age   1:      62392 bytes,      62392 total
- age   2:      30200 bytes,      92592 total
: 4830K->111K(4928K), 0.0013234 secs] 26730K->22012K(33160K), 0.0013671 secs] [Times: user=0.00 sys=0.00, real=0.00 secs] 
Heap after GC invocations=544 (full 5):
 par new generation   total 4928K, used 111K [0x00000000f0800000, 0x00000000f0d50000, 0x00000000f5a00000)
  eden space 4416K,   0% used [0x00000000f0800000, 0x00000000f0800000, 0x00000000f0c50000)
  from space 512K,  21% used [0x00000000f0c50000, 0x00000000f0c6be30, 0x00000000f0cd0000)
  to   space 512K,   0% used [0x00000000f0cd0000, 0x00000000f0cd0000, 0x00000000f0d50000)
 concurrent mark-sweep generation total 28232K, used 21900K [0x00000000f5a00000, 0x00000000f7592000, 0x0000000100000000)
 Metaspace       used 34818K, capacity 35946K, committed 36120K, reserved 1081344K
  class space    used 4366K, capacity 4619K, committed 4632K, reserved 1048576K
}
2019-10-16T14:16:54.344+0000: 14.196: Total time for which application threads were stopped: 0.0014650 seconds, Stopping threads took: 0.0000205 seconds
{Heap before GC invocations=544 (full 5):
 par new generation   total 4928K, used 4527K [0x00000000f0800000, 0x00000000f0d50000, 0x00000000f5a00000)
  eden space 4416K, 100% used [0x00000000f0800000, 0x00000000f0c50000, 0x00000000f0c50000)
  from space 512K,  21% used [0x00000000f0c50000, 0x00000000f0c6be30, 0x00000000f0cd0000)
  to   space 512K,   0% used [0x00000000f0cd0000, 0x00000000f0cd0000, 0x00000000f0d50000)
 concurrent mark-sweep generation total 28232K, used 21900K [0x00000000f5a00000, 0x00000000f7592000, 0x0000000100000000)
 Metaspace       used 34847K, capacity 36034K, committed 36120K, reserved 1081344K
  class space    used 4369K, capacity 4623K, committed 4632K, reserved 1048576K
2019-10-16T14:16:54.374+0000: 14.226: [GC (Allocation Failure) 2019-10-16T14:16:54.374+0000: 14.226: [ParNew
Desired survivor size 262144 bytes, new threshold 6 (max 6)
- age   1:      65912 bytes,      65912 total
- age   2:      58144 bytes,     124056 total
- age   3:      30200 bytes,     154256 total
: 4527K->187K(4928K), 0.0018043 secs] 26428K->22088K(33160K), 0.0018631 secs] [Times: user=0.00 sys=0.00, real=0.00 secs] 
Heap after GC invocations=545 (full 5):
 par new generation   total 4928K, used 187K [0x00000000f0800000, 0x00000000f0d50000, 0x00000000f5a00000)
  eden space 4416K,   0% used [0x00000000f0800000, 0x00000000f0800000, 0x00000000f0c50000)
  from space 512K,  36% used [0x00000000f0cd0000, 0x00000000f0cfefa0, 0x00000000f0d50000)
  to   space 512K,   0% used [0x00000000f0c50000, 0x00000000f0c50000, 0x00000000f0cd0000)
 concurrent mark-sweep generation total 28232K, used 21900K [0x00000000f5a00000, 0x00000000f7592000, 0x0000000100000000)
 Metaspace       used 34847K, capacity 36034K, committed 36120K, reserved 1081344K
  class space    used 4369K, capacity 4623K, committed 4632K, reserved 1048576K
}
2019-10-16T14:16:54.376+0000: 14.228: Total time for which application threads were stopped: 0.0020133 seconds, Stopping threads took: 0.0000223 seconds
{Heap before GC invocations=545 (full 5):
 par new generation   total 4928K, used 4603K [0x00000000f0800000, 0x00000000f0d50000, 0x00000000f5a00000)
  eden space 4416K, 100% used [0x00000000f0800000, 0x00000000f0c50000, 0x00000000f0c50000)
  from space 512K,  36% used [0x00000000f0cd0000, 0x00000000f0cfefa0, 0x00000000f0d50000)
  to   space 512K,   0% used [0x00000000f0c50000, 0x00000000f0c50000, 0x00000000f0cd0000)
 concurrent mark-sweep generation total 28232K, used 21900K [0x00000000f5a00000, 0x00000000f7592000, 0x0000000100000000)
 Metaspace       used 34854K, capacity 36034K, committed 36120K, reserved 1081344K
  class space    used 4369K, capacity 4623K, committed 4632K, reserved 1048576K
2019-10-16T14:16:54.391+0000: 14.243: [GC (Allocation Failure) 2019-10-16T14:16:54.391+0000: 14.243: [ParNew
Desired survivor size 262144 bytes, new threshold 6 (max 6)
- age   1:      15616 bytes,      15616 total
- age   2:      61792 bytes,      77408 total
- age   3:      58144 bytes,     135552 total
- age   4:      30200 bytes,     165752 total
: 4603K->272K(4928K), 0.0015602 secs] 26504K->22173K(33160K), 0.0016109 secs] [Times: user=0.00 sys=0.00, real=0.00 secs] 
Heap after GC invocations=546 (full 5):
 par new generation   total 4928K, used 272K [0x00000000f0800000, 0x00000000f0d50000, 0x00000000f5a00000)
  eden space 4416K,   0% used [0x00000000f0800000, 0x00000000f0800000, 0x00000000f0c50000)
  from space 512K,  53% used [0x00000000f0c50000, 0x00000000f0c942d0, 0x00000000f0cd0000)
  to   space 512K,   0% used [0x00000000f0cd0000, 0x00000000f0cd0000, 0x00000000f0d50000)
 concurrent mark-sweep generation total 28232K, used 21900K [0x00000000f5a00000, 0x00000000f7592000, 0x0000000100000000)
 Metaspace       used 34854K, capacity 36034K, committed 36120K, reserved 1081344K
  class space    used 4369K, capacity 4623K, committed 4632K, reserved 1048576K
}
2019-10-16T14:16:54.392+0000: 14.244: Total time for which application threads were stopped: 0.0017209 seconds, Stopping threads took: 0.0000202 seconds
{Heap before GC invocations=546 (full 5):
 par new generation   total 4928K, used 4688K [0x00000000f0800000, 0x00000000f0d50000, 0x00000000f5a00000)
  eden space 4416K, 100% used [0x00000000f0800000, 0x00000000f0c50000, 0x00000000f0c50000)
  from space 512K,  53% used [0x00000000f0c50000, 0x00000000f0c942d0, 0x00000000f0cd0000)
  to   space 512K,   0% used [0x00000000f0cd0000, 0x00000000f0cd0000, 0x00000000f0d50000)
 concurrent mark-sweep generation total 28232K, used 21900K [0x00000000f5a00000, 0x00000000f7592000, 0x0000000100000000)
 Metaspace       used 34854K, capacity 36034K, committed 36120K, reserved 1081344K
  class space    used 4369K, capacity 4623K, committed 4632K, reserved 1048576K
2019-10-16T14:16:54.406+0000: 14.258: [GC (Allocation Failure) 2019-10-16T14:16:54.406+0000: 14.258: [ParNew
Desired survivor size 262144 bytes, new threshold 6 (max 6)
- age   1:       2872 bytes,       2872 total
- age   2:      13920 bytes,      16792 total
- age   3:      61792 bytes,      78584 total
- age   4:      58144 bytes,     136728 total
- age   5:      30200 bytes,     166928 total
: 4688K->189K(4928K), 0.0013056 secs] 26589K->22090K(33160K), 0.0013388 secs] [Times: user=0.00 sys=0.00, real=0.00 secs] 
Heap after GC invocations=547 (full 5):
 par new generation   total 4928K, used 189K [0x00000000f0800000, 0x00000000f0d50000, 0x00000000f5a00000)
  eden space 4416K,   0% used [0x00000000f0800000, 0x00000000f0800000, 0x00000000f0c50000)
  from space 512K,  37% used [0x00000000f0cd0000, 0x00000000f0cff650, 0x00000000f0d50000)
  to   space 512K,   0% used [0x00000000f0c50000, 0x00000000f0c50000, 0x00000000f0cd0000)
 concurrent mark-sweep generation total 28232K, used 21900K [0x00000000f5a00000, 0x00000000f7592000, 0x0000000100000000)
 Metaspace       used 34854K, capacity 36034K, committed 36120K, reserved 1081344K
  class space    used 4369K, capacity 4623K, committed 4632K, reserved 1048576K
}
2019-10-16T14:16:54.408+0000: 14.260: Total time for which application threads were stopped: 0.0014332 seconds, Stopping threads took: 0.0000198 seconds
{Heap before GC invocations=547 (full 5):
 par new generation   total 4928K, used 4605K [0x00000000f0800000, 0x00000000f0d50000, 0x00000000f5a00000)
  eden space 4416K, 100% used [0x00000000f0800000, 0x00000000f0c50000, 0x00000000f0c50000)
  from space 512K,  37% used [0x00000000f0cd0000, 0x00000000f0cff650, 0x00000000f0d50000)
  to   space 512K,   0% used [0x00000000f0c50000, 0x00000000f0c50000, 0x00000000f0cd0000)
 concurrent mark-sweep generation total 28232K, used 21900K [0x00000000f5a00000, 0x00000000f7592000, 0x0000000100000000)
 Metaspace       used 34857K, capacity 36034K, committed 36120K, reserved 1081344K
  class space    used 4370K, capacity 4623K, committed 4632K, reserved 1048576K
2019-10-16T14:16:54.423+0000: 14.275: [GC (Allocation Failure) 2019-10-16T14:16:54.423+0000: 14.275: [ParNew
Desired survivor size 262144 bytes, new threshold 6 (max 6)
- age   1:      12368 bytes,      12368 total
- age   2:       1536 bytes,      13904 total
- age   3:      13920 bytes,      27824 total
- age   4:      61680 bytes,      89504 total
- age   5:      58120 bytes,     147624 total
- age   6:      30168 bytes,     177792 total
: 4605K->292K(4928K), 0.0015426 secs] 26506K->22192K(33160K), 0.0016008 secs] [Times: user=0.00 sys=0.00, real=0.00 secs] 
Heap after GC invocations=548 (full 5):
 par new generation   total 4928K, used 292K [0x00000000f0800000, 0x00000000f0d50000, 0x00000000f5a00000)
  eden space 4416K,   0% used [0x00000000f0800000, 0x00000000f0800000, 0x00000000f0c50000)
  from space 512K,  57% used [0x00000000f0c50000, 0x00000000f0c99050, 0x00000000f0cd0000)
  to   space 512K,   0% used [0x00000000f0cd0000, 0x00000000f0cd0000, 0x00000000f0d50000)
 concurrent mark-sweep generation total 28232K, used 21900K [0x00000000f5a00000, 0x00000000f7592000, 0x0000000100000000)
 Metaspace       used 34857K, capacity 36034K, committed 36120K, reserved 1081344K
  class space    used 4370K, capacity 4623K, committed 4632K, reserved 1048576K
}
2019-10-16T14:16:54.425+0000: 14.277: Total time for which application threads were stopped: 0.0016938 seconds, Stopping threads took: 0.0000194 seconds
{Heap before GC invocations=548 (full 5):
 par new generation   total 4928K, used 4708K [0x00000000f0800000, 0x00000000f0d50000, 0x00000000f5a00000)
  eden space 4416K, 100% used [0x00000000f0800000, 0x00000000f0c50000, 0x00000000f0c50000)
  from space 512K,  57% used [0x00000000f0c50000, 0x00000000f0c99050, 0x00000000f0cd0000)
  to   space 512K,   0% used [0x00000000f0cd0000, 0x00000000f0cd0000, 0x00000000f0d50000)
 concurrent mark-sweep generation total 28232K, used 21900K [0x00000000f5a00000, 0x00000000f7592000, 0x0000000100000000)
 Metaspace       used 34906K, capacity 36034K, committed 36120K, reserved 1081344K
  class space    used 4378K, capacity 4623K, committed 4632K, reserved 1048576K
2019-10-16T14:16:54.439+0000: 14.291: [GC (Allocation Failure) 2019-10-16T14:16:54.439+0000: 14.291: [ParNew
Desired survivor size 262144 bytes, new threshold 6 (max 6)
- age   1:      17608 bytes,      17608 total
- age   2:      11920 bytes,      29528 total
- age   3:       1536 bytes,      31064 total
- age   4:      13920 bytes,      44984 total
- age   5:      61680 bytes,     106664 total
- age   6:      56800 bytes,     163464 total
: 4708K->205K(4928K), 0.0017365 secs] 26608K->22134K(33160K), 0.0017717 secs] [Times: user=0.00 sys=0.00, real=0.00 secs] 
Heap after GC invocations=549 (full 5):
 par new generation   total 4928K, used 205K [0x00000000f0800000, 0x00000000f0d50000, 0x00000000f5a00000)
  eden space 4416K,   0% used [0x00000000f0800000, 0x00000000f0800000, 0x00000000f0c50000)
  from space 512K,  40% used [0x00000000f0cd0000, 0x00000000f0d03450, 0x00000000f0d50000)
  to   space 512K,   0% used [0x00000000f0c50000, 0x00000000f0c50000, 0x00000000f0cd0000)
 concurrent mark-sweep generation total 28232K, used 21929K [0x00000000f5a00000, 0x00000000f7592000, 0x0000000100000000)
 Metaspace       used 34906K, capacity 36034K, committed 36120K, reserved 1081344K
  class space    used 4378K, capacity 4623K, committed 4632K, reserved 1048576K
}
2019-10-16T14:16:54.441+0000: 14.293: Total time for which application threads were stopped: 0.0018625 seconds, Stopping threads took: 0.0000189 seconds
{Heap before GC invocations=549 (full 5):
 par new generation   total 4928K, used 4621K [0x00000000f0800000, 0x00000000f0d50000, 0x00000000f5a00000)
  eden space 4416K, 100% used [0x00000000f0800000, 0x00000000f0c50000, 0x00000000f0c50000)
  from space 512K,  40% used [0x00000000f0cd0000, 0x00000000f0d03450, 0x00000000f0d50000)
  to   space 512K,   0% used [0x00000000f0c50000, 0x00000000f0c50000, 0x00000000f0cd0000)
 concurrent mark-sweep generation total 28232K, used 21929K [0x00000000f5a00000, 0x00000000f7592000, 0x0000000100000000)
 Metaspace       used 34956K, capacity 36108K, committed 36120K, reserved 1081344K
  class space    used 4390K, capacity 4626K, committed 4632K, reserved 1048576K
2019-10-16T14:16:54.470+0000: 14.322: [GC (Allocation Failure) 2019-10-16T14:16:54.470+0000: 14.322: [ParNew
Desired survivor size 262144 bytes, new threshold 6 (max 6)
- age   1:      34584 bytes,      34584 total
- age   2:      12776 bytes,      47360 total
- age   3:      11728 bytes,      59088 total
- age   4:       1536 bytes,      60624 total
- age   5:      13920 bytes,      74544 total
- age   6:      61360 bytes,     135904 total
: 4621K->145K(4928K), 0.0024360 secs] 26550K->22128K(33160K), 0.0024881 secs] [Times: user=0.00 sys=0.00, real=0.01 secs] 
Heap after GC invocations=550 (full 5):
 par new generation   total 4928K, used 145K [0x00000000f0800000, 0x00000000f0d50000, 0x00000000f5a00000)
  eden space 4416K,   0% used [0x00000000f0800000, 0x00000000f0800000, 0x00000000f0c50000)
  from space 512K,  28% used [0x00000000f0c50000, 0x00000000f0c74708, 0x00000000f0cd0000)
  to   space 512K,   0% used [0x00000000f0cd0000, 0x00000000f0cd0000, 0x00000000f0d50000)
 concurrent mark-sweep generation total 28232K, used 21982K [0x00000000f5a00000, 0x00000000f7592000, 0x0000000100000000)
 Metaspace       used 34956K, capacity 36108K, committed 36120K, reserved 1081344K
  class space    used 4390K, capacity 4626K, committed 4632K, reserved 1048576K
}
2019-10-16T14:16:54.472+0000: 14.325: Total time for which application threads were stopped: 0.0025954 seconds, Stopping threads took: 0.0000221 seconds
{Heap before GC invocations=550 (full 5):
 par new generation   total 4928K, used 4561K [0x00000000f0800000, 0x00000000f0d50000, 0x00000000f5a00000)
  eden space 4416K, 100% used [0x00000000f0800000, 0x00000000f0c50000, 0x00000000f0c50000)
  from space 512K,  28% used [0x00000000f0c50000, 0x00000000f0c74708, 0x00000000f0cd0000)
  to   space 512K,   0% used [0x00000000f0cd0000, 0x00000000f0cd0000, 0x00000000f0d50000)
 concurrent mark-sweep generation total 28232K, used 21982K [0x00000000f5a00000, 0x00000000f7592000, 0x0000000100000000)
 Metaspace       used 34995K, capacity 36108K, committed 36120K, reserved 1081344K
  class space    used 4396K, capacity 4626K, committed 4632K, reserved 1048576K
2019-10-16T14:16:54.493+0000: 14.345: [GC (Allocation Failure) 2019-10-16T14:16:54.493+0000: 14.345: [ParNew
Desired survivor size 262144 bytes, new threshold 6 (max 6)
- age   1:      45088 bytes,      45088 total
- age   2:      29688 bytes,      74776 total
- age   3:      12776 bytes,      87552 total
- age   4:      11728 bytes,      99280 total
- age   5:       1536 bytes,     100816 total
- age   6:      13920 bytes,     114736 total
: 4561K->135K(4928K), 0.0021074 secs] 26544K->22178K(33160K), 0.0021525 secs] [Times: user=0.01 sys=0.00, real=0.00 secs] 
Heap after GC invocations=551 (full 5):
 par new generation   total 4928K, used 135K [0x00000000f0800000, 0x00000000f0d50000, 0x00000000f5a00000)
  eden space 4416K,   0% used [0x00000000f0800000, 0x00000000f0800000, 0x00000000f0c50000)
  from space 512K,  26% used [0x00000000f0cd0000, 0x00000000f0cf1e40, 0x00000000f0d50000)
  to   space 512K,   0% used [0x00000000f0c50000, 0x00000000f0c50000, 0x00000000f0cd0000)
 concurrent mark-sweep generation total 28232K, used 22043K [0x00000000f5a00000, 0x00000000f7592000, 0x0000000100000000)
 Metaspace       used 34995K, capacity 36108K, committed 36120K, reserved 1081344K
  class space    used 4396K, capacity 4626K, committed 4632K, reserved 1048576K
}
2019-10-16T14:16:54.495+0000: 14.347: Total time for which application threads were stopped: 0.0022612 seconds, Stopping threads took: 0.0000212 seconds
{Heap before GC invocations=551 (full 5):
 par new generation   total 4928K, used 4551K [0x00000000f0800000, 0x00000000f0d50000, 0x00000000f5a00000)
  eden space 4416K, 100% used [0x00000000f0800000, 0x00000000f0c50000, 0x00000000f0c50000)
  from space 512K,  26% used [0x00000000f0cd0000, 0x00000000f0cf1e40, 0x00000000f0d50000)
  to   space 512K,   0% used [0x00000000f0c50000, 0x00000000f0c50000, 0x00000000f0cd0000)
 concurrent mark-sweep generation total 28232K, used 22043K [0x00000000f5a00000, 0x00000000f7592000, 0x0000000100000000)
 Metaspace       used 35033K, capacity 36274K, committed 36504K, reserved 1081344K
  class space    used 4402K, capacity 4659K, committed 4760K, reserved 1048576K
2019-10-16T14:16:54.527+0000: 14.379: [GC (Allocation Failure) 2019-10-16T14:16:54.527+0000: 14.379: [ParNew
Desired survivor size 262144 bytes, new threshold 6 (max 6)
- age   1:      57104 bytes,      57104 total
- age   2:      14096 bytes,      71200 total
- age   3:      28040 bytes,      99240 total
- age   4:      12776 bytes,     112016 total
- age   5:      11728 bytes,     123744 total
- age   6:       1536 bytes,     125280 total
: 4551K->233K(4928K), 0.0024012 secs] 26594K->22290K(33160K), 0.0024714 secs] [Times: user=0.00 sys=0.00, real=0.00 secs] 
Heap after GC invocations=552 (full 5):
 par new generation   total 4928K, used 233K [0x00000000f0800000, 0x00000000f0d50000, 0x00000000f5a00000)
  eden space 4416K,   0% used [0x00000000f0800000, 0x00000000f0800000, 0x00000000f0c50000)
  from space 512K,  45% used [0x00000000f0c50000, 0x00000000f0c8a5f0, 0x00000000f0cd0000)
  to   space 512K,   0% used [0x00000000f0cd0000, 0x00000000f0cd0000, 0x00000000f0d50000)
 concurrent mark-sweep generation total 28232K, used 22057K [0x00000000f5a00000, 0x00000000f7592000, 0x0000000100000000)
 Metaspace       used 35033K, capacity 36274K, committed 36504K, reserved 1081344K
  class space    used 4402K, capacity 4659K, committed 4760K, reserved 1048576K
}
2019-10-16T14:16:54.529+0000: 14.381: Total time for which application threads were stopped: 0.0025902 seconds, Stopping threads took: 0.0000237 seconds
{Heap before GC invocations=552 (full 5):
 par new generation   total 4928K, used 4649K [0x00000000f0800000, 0x00000000f0d50000, 0x00000000f5a00000)
  eden space 4416K, 100% used [0x00000000f0800000, 0x00000000f0c50000, 0x00000000f0c50000)
  from space 512K,  45% used [0x00000000f0c50000, 0x00000000f0c8a5f0, 0x00000000f0cd0000)
  to   space 512K,   0% used [0x00000000f0cd0000, 0x00000000f0cd0000, 0x00000000f0d50000)
 concurrent mark-sweep generation total 28232K, used 22057K [0x00000000f5a00000, 0x00000000f7592000, 0x0000000100000000)
 Metaspace       used 35033K, capacity 36274K, committed 36504K, reserved 1081344K
  class space    used 4402K, capacity 4659K, committed 4760K, reserved 1048576K
2019-10-16T14:16:54.542+0000: 14.394: [GC (Allocation Failure) 2019-10-16T14:16:54.542+0000: 14.394: [ParNew
Desired survivor size 262144 bytes, new threshold 6 (max 6)
- age   1:       9936 bytes,       9936 total
- age   2:      52560 bytes,      62496 total
- age   3:      14096 bytes,      76592 total
- age   4:      28040 bytes,     104632 total
- age   5:      12776 bytes,     117408 total
- age   6:      11656 bytes,     129064 total
: 4649K->149K(4928K), 0.0015650 secs] 26706K->22207K(33160K), 0.0016029 secs] [Times: user=0.00 sys=0.00, real=0.00 secs] 
Heap after GC invocations=553 (full 5):
 par new generation   total 4928K, used 149K [0x00000000f0800000, 0x00000000f0d50000, 0x00000000f5a00000)
  eden space 4416K,   0% used [0x00000000f0800000, 0x00000000f0800000, 0x00000000f0c50000)
  from space 512K,  29% used [0x00000000f0cd0000, 0x00000000f0cf54a0, 0x00000000f0d50000)
  to   space 512K,   0% used [0x00000000f0c50000, 0x00000000f0c50000, 0x00000000f0cd0000)
 concurrent mark-sweep generation total 28232K, used 22058K [0x00000000f5a00000, 0x00000000f7592000, 0x0000000100000000)
 Metaspace       used 35033K, capacity 36274K, committed 36504K, reserved 1081344K
  class space    used 4402K, capacity 4659K, committed 4760K, reserved 1048576K
}
2019-10-16T14:16:54.544+0000: 14.396: Total time for which application threads were stopped: 0.0017016 seconds, Stopping threads took: 0.0000219 seconds
{Heap before GC invocations=553 (full 5):
 par new generation   total 4928K, used 4565K [0x00000000f0800000, 0x00000000f0d50000, 0x00000000f5a00000)
  eden space 4416K, 100% used [0x00000000f0800000, 0x00000000f0c50000, 0x00000000f0c50000)
  from space 512K,  29% used [0x00000000f0cd0000, 0x00000000f0cf54a0, 0x00000000f0d50000)
  to   space 512K,   0% used [0x00000000f0c50000, 0x00000000f0c50000, 0x00000000f0cd0000)
 concurrent mark-sweep generation total 28232K, used 22058K [0x00000000f5a00000, 0x00000000f7592000, 0x0000000100000000)
 Metaspace       used 35064K, capacity 36274K, committed 36504K, reserved 1081344K
  class space    used 4407K, capacity 4659K, committed 4760K, reserved 1048576K
2019-10-16T14:16:54.562+0000: 14.414: [GC (Allocation Failure) 2019-10-16T14:16:54.562+0000: 14.414: [ParNew
Desired survivor size 262144 bytes, new threshold 6 (max 6)
- age   1:      27616 bytes,      27616 total
- age   2:       8704 bytes,      36320 total
- age   3:      52264 bytes,      88584 total
- age   4:      14096 bytes,     102680 total
- age   5:      28040 bytes,     130720 total
- age   6:      12776 bytes,     143496 total
: 4565K->227K(4928K), 0.0020516 secs] 26623K->22298K(33160K), 0.0020966 secs] [Times: user=0.00 sys=0.00, real=0.00 secs] 
Heap after GC invocations=554 (full 5):
 par new generation   total 4928K, used 227K [0x00000000f0800000, 0x00000000f0d50000, 0x00000000f5a00000)
  eden space 4416K,   0% used [0x00000000f0800000, 0x00000000f0800000, 0x00000000f0c50000)
  from space 512K,  44% used [0x00000000f0c50000, 0x00000000f0c88d60, 0x00000000f0cd0000)
  to   space 512K,   0% used [0x00000000f0cd0000, 0x00000000f0cd0000, 0x00000000f0d50000)
 concurrent mark-sweep generation total 28232K, used 22070K [0x00000000f5a00000, 0x00000000f7592000, 0x0000000100000000)
 Metaspace       used 35064K, capacity 36274K, committed 36504K, reserved 1081344K
  class space    used 4407K, capacity 4659K, committed 4760K, reserved 1048576K
}
2019-10-16T14:16:54.564+0000: 14.416: Total time for which application threads were stopped: 0.0022120 seconds, Stopping threads took: 0.0000202 seconds
{Heap before GC invocations=554 (full 5):
 par new generation   total 4928K, used 4643K [0x00000000f0800000, 0x00000000f0d50000, 0x00000000f5a00000)
  eden space 4416K, 100% used [0x00000000f0800000, 0x00000000f0c50000, 0x00000000f0c50000)
  from space 512K,  44% used [0x00000000f0c50000, 0x00000000f0c88d60, 0x00000000f0cd0000)
  to   space 512K,   0% used [0x00000000f0cd0000, 0x00000000f0cd0000, 0x00000000f0d50000)
 concurrent mark-sweep generation total 28232K, used 22070K [0x00000000f5a00000, 0x00000000f7592000, 0x0000000100000000)
 Metaspace       used 35143K, capacity 36382K, committed 36504K, reserved 1081344K
  class space    used 4417K, capacity 4693K, committed 4760K, reserved 1048576K
2019-10-16T14:16:54.626+0000: 14.478: [GC (Allocation Failure) 2019-10-16T14:16:54.626+0000: 14.478: [ParNew
Desired survivor size 262144 bytes, new threshold 6 (max 6)
- age   1:     142392 bytes,     142392 total
- age   2:      22864 bytes,     165256 total
- age   3:       8704 bytes,     173960 total
- age   4:      51080 bytes,     225040 total
- age   5:      14096 bytes,     239136 total
- age   6:      28040 bytes,     267176 total
: 4643K->266K(4928K), 0.0026542 secs] 26714K->22350K(33160K), 0.0027047 secs] [Times: user=0.01 sys=0.00, real=0.00 secs] 
Heap after GC invocations=555 (full 5):
 par new generation   total 4928K, used 266K [0x00000000f0800000, 0x00000000f0d50000, 0x00000000f5a00000)
  eden space 4416K,   0% used [0x00000000f0800000, 0x00000000f0800000, 0x00000000f0c50000)
  from space 512K,  52% used [0x00000000f0cd0000, 0x00000000f0d12af0, 0x00000000f0d50000)
  to   space 512K,   0% used [0x00000000f0c50000, 0x00000000f0c50000, 0x00000000f0cd0000)
 concurrent mark-sweep generation total 28232K, used 22083K [0x00000000f5a00000, 0x00000000f7592000, 0x0000000100000000)
 Metaspace       used 35143K, capacity 36382K, committed 36504K, reserved 1081344K
  class space    used 4417K, capacity 4693K, committed 4760K, reserved 1048576K
}
2019-10-16T14:16:54.629+0000: 14.481: Total time for which application threads were stopped: 0.0028479 seconds, Stopping threads took: 0.0000247 seconds
{Heap before GC invocations=555 (full 5):
 par new generation   total 4928K, used 4682K [0x00000000f0800000, 0x00000000f0d50000, 0x00000000f5a00000)
  eden space 4416K, 100% used [0x00000000f0800000, 0x00000000f0c50000, 0x00000000f0c50000)
  from space 512K,  52% used [0x00000000f0cd0000, 0x00000000f0d12af0, 0x00000000f0d50000)
  to   space 512K,   0% used [0x00000000f0c50000, 0x00000000f0c50000, 0x00000000f0cd0000)
 concurrent mark-sweep generation total 28232K, used 22083K [0x00000000f5a00000, 0x00000000f7592000, 0x0000000100000000)
 Metaspace       used 35196K, capacity 36398K, committed 36504K, reserved 1081344K
  class space    used 4426K, capacity 4697K, committed 4760K, reserved 1048576K
2019-10-16T14:16:54.651+0000: 14.503: [GC (Allocation Failure) 2019-10-16T14:16:54.651+0000: 14.503: [ParNew
Desired survivor size 262144 bytes, new threshold 6 (max 6)
- age   1:      22552 bytes,      22552 total
- age   2:     138344 bytes,     160896 total
- age   3:      22864 bytes,     183760 total
- age   4:       8704 bytes,     192464 total
- age   5:      51080 bytes,     243544 total
- age   6:      14096 bytes,     257640 total
: 4682K->457K(4928K), 0.0021377 secs] 26766K->22569K(33160K), 0.0021961 secs] [Times: user=0.00 sys=0.00, real=0.00 secs] 
Heap after GC invocations=556 (full 5):
 par new generation   total 4928K, used 457K [0x00000000f0800000, 0x00000000f0d50000, 0x00000000f5a00000)
  eden space 4416K,   0% used [0x00000000f0800000, 0x00000000f0800000, 0x00000000f0c50000)
  from space 512K,  89% used [0x00000000f0c50000, 0x00000000f0cc25c0, 0x00000000f0cd0000)
  to   space 512K,   0% used [0x00000000f0cd0000, 0x00000000f0cd0000, 0x00000000f0d50000)
 concurrent mark-sweep generation total 28232K, used 22111K [0x00000000f5a00000, 0x00000000f7592000, 0x0000000100000000)
 Metaspace       used 35196K, capacity 36398K, committed 36504K, reserved 1081344K
  class space    used 4426K, capacity 4697K, committed 4760K, reserved 1048576K
}
2019-10-16T14:16:54.653+0000: 14.505: Total time for which application threads were stopped: 0.0023156 seconds, Stopping threads took: 0.0000192 seconds
{Heap before GC invocations=556 (full 5):
 par new generation   total 4928K, used 4873K [0x00000000f0800000, 0x00000000f0d50000, 0x00000000f5a00000)
  eden space 4416K, 100% used [0x00000000f0800000, 0x00000000f0c50000, 0x00000000f0c50000)
  from space 512K,  89% used [0x00000000f0c50000, 0x00000000f0cc25c0, 0x00000000f0cd0000)
  to   space 512K,   0% used [0x00000000f0cd0000, 0x00000000f0cd0000, 0x00000000f0d50000)
 concurrent mark-sweep generation total 28232K, used 22111K [0x00000000f5a00000, 0x00000000f7592000, 0x0000000100000000)
 Metaspace       used 35240K, capacity 36462K, committed 36760K, reserved 1081344K
  class space    used 4434K, capacity 4697K, committed 4760K, reserved 1048576K
2019-10-16T14:16:54.678+0000: 14.530: [GC (Allocation Failure) 2019-10-16T14:16:54.678+0000: 14.530: [ParNew
Desired survivor size 262144 bytes, new threshold 6 (max 6)
- age   1:      21832 bytes,      21832 total
- age   2:      18864 bytes,      40696 total
- age   3:     137648 bytes,     178344 total
- age   4:      22864 bytes,     201208 total
- age   5:       8704 bytes,     209912 total
- age   6:      49984 bytes,     259896 total
: 4873K->303K(4928K), 0.0026787 secs] 26985K->22429K(33160K), 0.0027254 secs] [Times: user=0.00 sys=0.00, real=0.00 secs] 
Heap after GC invocations=557 (full 5):
 par new generation   total 4928K, used 303K [0x00000000f0800000, 0x00000000f0d50000, 0x00000000f5a00000)
  eden space 4416K,   0% used [0x00000000f0800000, 0x00000000f0800000, 0x00000000f0c50000)
  from space 512K,  59% used [0x00000000f0cd0000, 0x00000000f0d1bcd0, 0x00000000f0d50000)
  to   space 512K,   0% used [0x00000000f0c50000, 0x00000000f0c50000, 0x00000000f0cd0000)
 concurrent mark-sweep generation total 28232K, used 22126K [0x00000000f5a00000, 0x00000000f7592000, 0x0000000100000000)
 Metaspace       used 35240K, capacity 36462K, committed 36760K, reserved 1081344K
  class space    used 4434K, capacity 4697K, committed 4760K, reserved 1048576K
}
2019-10-16T14:16:54.681+0000: 14.533: Total time for which application threads were stopped: 0.0028412 seconds, Stopping threads took: 0.0000259 seconds
{Heap before GC invocations=557 (full 5):
 par new generation   total 4928K, used 4719K [0x00000000f0800000, 0x00000000f0d50000, 0x00000000f5a00000)
  eden space 4416K, 100% used [0x00000000f0800000, 0x00000000f0c50000, 0x00000000f0c50000)
  from space 512K,  59% used [0x00000000f0cd0000, 0x00000000f0d1bcd0, 0x00000000f0d50000)
  to   space 512K,   0% used [0x00000000f0c50000, 0x00000000f0c50000, 0x00000000f0cd0000)
 concurrent mark-sweep generation total 28232K, used 22126K [0x00000000f5a00000, 0x00000000f7592000, 0x0000000100000000)
 Metaspace       used 35290K, capacity 36558K, committed 36760K, reserved 1081344K
  class space    used 4442K, capacity 4729K, committed 4760K, reserved 1048576K
2019-10-16T14:16:54.710+0000: 14.562: [GC (Allocation Failure) 2019-10-16T14:16:54.710+0000: 14.562: [ParNew
Desired survivor size 262144 bytes, new threshold 6 (max 6)
- age   1:      52824 bytes,      52824 total
- age   2:      16256 bytes,      69080 total
- age   3:      16272 bytes,      85352 total
- age   4:     137648 bytes,     223000 total
- age   5:      22864 bytes,     245864 total
- age   6:       8704 bytes,     254568 total
: 4719K->455K(4928K), 0.0023566 secs] 26845K->22630K(33160K), 0.0024065 secs] [Times: user=0.00 sys=0.00, real=0.00 secs] 
Heap after GC invocations=558 (full 5):
 par new generation   total 4928K, used 455K [0x00000000f0800000, 0x00000000f0d50000, 0x00000000f5a00000)
  eden space 4416K,   0% used [0x00000000f0800000, 0x00000000f0800000, 0x00000000f0c50000)
  from space 512K,  88% used [0x00000000f0c50000, 0x00000000f0cc1c78, 0x00000000f0cd0000)
  to   space 512K,   0% used [0x00000000f0cd0000, 0x00000000f0cd0000, 0x00000000f0d50000)
 concurrent mark-sweep generation total 28232K, used 22175K [0x00000000f5a00000, 0x00000000f7592000, 0x0000000100000000)
 Metaspace       used 35290K, capacity 36558K, committed 36760K, reserved 1081344K
  class space    used 4442K, capacity 4729K, committed 4760K, reserved 1048576K
}
2019-10-16T14:16:54.713+0000: 14.565: Total time for which application threads were stopped: 0.0025200 seconds, Stopping threads took: 0.0000324 seconds
2019-10-16T14:16:54.821+0000: 14.673: [CMS-concurrent-abortable-preclean: 0.060/0.509 secs] [Times: user=0.50 sys=0.00, real=0.50 secs] 
2019-10-16T14:16:54.827+0000: 14.679: [GC (CMS Final Remark) [YG occupancy: 4538 K (4928 K)]2019-10-16T14:16:54.827+0000: 14.679: [Rescan (parallel) , 0.0052010 secs]2019-10-16T14:16:54.832+0000: 14.684: [weak refs processing, 0.0000477 secs]2019-10-16T14:16:54.832+0000: 14.684: [class unloading, 0.0053358 secs]2019-10-16T14:16:54.837+0000: 14.689: [scrub symbol table, 0.0057017 secs]2019-10-16T14:16:54.843+0000: 14.695: [scrub string table, 0.0005587 secs][1 CMS-remark: 22175K(28232K)] 26714K(33160K), 0.0170019 secs] [Times: user=0.02 sys=0.00, real=0.02 secs] 
2019-10-16T14:16:54.844+0000: 14.696: Total time for which application threads were stopped: 0.0171728 seconds, Stopping threads took: 0.0000638 seconds
2019-10-16T14:16:54.850+0000: 14.702: [CMS-concurrent-sweep-start]
{Heap before GC invocations=558 (full 5):
 par new generation   total 4928K, used 4871K [0x00000000f0800000, 0x00000000f0d50000, 0x00000000f5a00000)
  eden space 4416K, 100% used [0x00000000f0800000, 0x00000000f0c50000, 0x00000000f0c50000)
  from space 512K,  88% used [0x00000000f0c50000, 0x00000000f0cc1c78, 0x00000000f0cd0000)
  to   space 512K,   0% used [0x00000000f0cd0000, 0x00000000f0cd0000, 0x00000000f0d50000)
 concurrent mark-sweep generation total 28232K, used 22091K [0x00000000f5a00000, 0x00000000f7592000, 0x0000000100000000)
 Metaspace       used 35456K, capacity 36682K, committed 36760K, reserved 1081344K
  class space    used 4462K, capacity 4739K, committed 4760K, reserved 1048576K
2019-10-16T14:16:54.854+0000: 14.706: [GC (Allocation Failure) 2019-10-16T14:16:54.854+0000: 14.706: [ParNew
Desired survivor size 262144 bytes, new threshold 1 (max 6)
- age   1:     374224 bytes,     374224 total
- age   2:      37648 bytes,     411872 total
- age   3:      15496 bytes,     427368 total
- age   4:      14752 bytes,     442120 total
- age   5:      64320 bytes,     506440 total
- age   6:      17248 bytes,     523688 total
: 4871K->512K(4928K), 0.0051366 secs] 26962K->22794K(33160K), 0.0052016 secs] [Times: user=0.01 sys=0.00, real=0.00 secs] 
Heap after GC invocations=559 (full 5):
 par new generation   total 4928K, used 512K [0x00000000f0800000, 0x00000000f0d50000, 0x00000000f5a00000)
  eden space 4416K,   0% used [0x00000000f0800000, 0x00000000f0800000, 0x00000000f0c50000)
  from space 512K, 100% used [0x00000000f0cd0000, 0x00000000f0d50000, 0x00000000f0d50000)
  to   space 512K,   0% used [0x00000000f0c50000, 0x00000000f0c50000, 0x00000000f0cd0000)
 concurrent mark-sweep generation total 28232K, used 22282K [0x00000000f5a00000, 0x00000000f7592000, 0x0000000100000000)
 Metaspace       used 35456K, capacity 36682K, committed 36760K, reserved 1081344K
  class space    used 4462K, capacity 4739K, committed 4760K, reserved 1048576K
}
2019-10-16T14:16:54.860+0000: 14.712: Total time for which application threads were stopped: 0.0052997 seconds, Stopping threads took: 0.0000132 seconds
2019-10-16T14:16:54.877+0000: 14.729: [CMS-concurrent-sweep: 0.014/0.026 secs] [Times: user=0.03 sys=0.00, real=0.02 secs] 
2019-10-16T14:16:54.877+0000: 14.729: [CMS-concurrent-reset-start]
2019-10-16T14:16:54.877+0000: 14.729: [CMS-concurrent-reset: 0.000/0.000 secs] [Times: user=0.00 sys=0.00, real=0.00 secs] 
{Heap before GC invocations=559 (full 5):
 par new generation   total 4928K, used 4928K [0x00000000f0800000, 0x00000000f0d50000, 0x00000000f5a00000)
  eden space 4416K, 100% used [0x00000000f0800000, 0x00000000f0c50000, 0x00000000f0c50000)
  from space 512K, 100% used [0x00000000f0cd0000, 0x00000000f0d50000, 0x00000000f0d50000)
  to   space 512K,   0% used [0x00000000f0c50000, 0x00000000f0c50000, 0x00000000f0cd0000)
 concurrent mark-sweep generation total 35652K, used 21389K [0x00000000f5a00000, 0x00000000f7cd1000, 0x0000000100000000)
 Metaspace       used 35465K, capacity 36688K, committed 36760K, reserved 1081344K
  class space    used 4463K, capacity 4740K, committed 4760K, reserved 1048576K
2019-10-16T14:16:54.889+0000: 14.741: [GC (Allocation Failure) 2019-10-16T14:16:54.889+0000: 14.741: [ParNew
Desired survivor size 262144 bytes, new threshold 6 (max 6)
- age   1:     111080 bytes,     111080 total
: 4928K->420K(4928K), 0.0050073 secs] 26317K->22317K(40580K), 0.0050451 secs] [Times: user=0.00 sys=0.00, real=0.01 secs] 
Heap after GC invocations=560 (full 5):
 par new generation   total 4928K, used 420K [0x00000000f0800000, 0x00000000f0d50000, 0x00000000f5a00000)
  eden space 4416K,   0% used [0x00000000f0800000, 0x00000000f0800000, 0x00000000f0c50000)
  from space 512K,  82% used [0x00000000f0c50000, 0x00000000f0cb9358, 0x00000000f0cd0000)
  to   space 512K,   0% used [0x00000000f0cd0000, 0x00000000f0cd0000, 0x00000000f0d50000)
 concurrent mark-sweep generation total 35652K, used 21896K [0x00000000f5a00000, 0x00000000f7cd1000, 0x0000000100000000)
 Metaspace       used 35465K, capacity 36688K, committed 36760K, reserved 1081344K
  class space    used 4463K, capacity 4740K, committed 4760K, reserved 1048576K
}
2019-10-16T14:16:54.894+0000: 14.746: Total time for which application threads were stopped: 0.0051688 seconds, Stopping threads took: 0.0000209 seconds
{Heap before GC invocations=560 (full 5):
 par new generation   total 4928K, used 4836K [0x00000000f0800000, 0x00000000f0d50000, 0x00000000f5a00000)
  eden space 4416K, 100% used [0x00000000f0800000, 0x00000000f0c50000, 0x00000000f0c50000)
  from space 512K,  82% used [0x00000000f0c50000, 0x00000000f0cb9358, 0x00000000f0cd0000)
  to   space 512K,   0% used [0x00000000f0cd0000, 0x00000000f0cd0000, 0x00000000f0d50000)
 concurrent mark-sweep generation total 35652K, used 21896K [0x00000000f5a00000, 0x00000000f7cd1000, 0x0000000100000000)
 Metaspace       used 35465K, capacity 36688K, committed 36760K, reserved 1081344K
  class space    used 4463K, capacity 4740K, committed 4760K, reserved 1048576K
2019-10-16T14:16:54.903+0000: 14.755: [GC (Allocation Failure) 2019-10-16T14:16:54.903+0000: 14.755: [ParNew
Desired survivor size 262144 bytes, new threshold 6 (max 6)
- age   1:      10576 bytes,      10576 total
- age   2:     107080 bytes,     117656 total
: 4836K->132K(4928K), 0.0016193 secs] 26733K->22029K(40580K), 0.0016673 secs] [Times: user=0.00 sys=0.00, real=0.00 secs] 
Heap after GC invocations=561 (full 5):
 par new generation   total 4928K, used 132K [0x00000000f0800000, 0x00000000f0d50000, 0x00000000f5a00000)
  eden space 4416K,   0% used [0x00000000f0800000, 0x00000000f0800000, 0x00000000f0c50000)
  from space 512K,  25% used [0x00000000f0cd0000, 0x00000000f0cf1150, 0x00000000f0d50000)
  to   space 512K,   0% used [0x00000000f0c50000, 0x00000000f0c50000, 0x00000000f0cd0000)
 concurrent mark-sweep generation total 35652K, used 21896K [0x00000000f5a00000, 0x00000000f7cd1000, 0x0000000100000000)
 Metaspace       used 35465K, capacity 36688K, committed 36760K, reserved 1081344K
  class space    used 4463K, capacity 4740K, committed 4760K, reserved 1048576K
}
2019-10-16T14:16:54.905+0000: 14.757: Total time for which application threads were stopped: 0.0017896 seconds, Stopping threads took: 0.0000295 seconds
{Heap before GC invocations=561 (full 5):
 par new generation   total 4928K, used 4548K [0x00000000f0800000, 0x00000000f0d50000, 0x00000000f5a00000)
  eden space 4416K, 100% used [0x00000000f0800000, 0x00000000f0c50000, 0x00000000f0c50000)
  from space 512K,  25% used [0x00000000f0cd0000, 0x00000000f0cf1150, 0x00000000f0d50000)
  to   space 512K,   0% used [0x00000000f0c50000, 0x00000000f0c50000, 0x00000000f0cd0000)
 concurrent mark-sweep generation total 35652K, used 21896K [0x00000000f5a00000, 0x00000000f7cd1000, 0x0000000100000000)
 Metaspace       used 35512K, capacity 36760K, committed 37016K, reserved 1081344K
  class space    used 4470K, capacity 4742K, committed 4760K, reserved 1048576K
2019-10-16T14:16:54.946+0000: 14.798: [GC (Allocation Failure) 2019-10-16T14:16:54.946+0000: 14.798: [ParNew
Desired survivor size 262144 bytes, new threshold 6 (max 6)
- age   1:      42680 bytes,      42680 total
- age   2:       9192 bytes,      51872 total
- age   3:     105800 bytes,     157672 total
: 4548K->239K(4928K), 0.0024444 secs] 26445K->22136K(40580K), 0.0024945 secs] [Times: user=0.01 sys=0.00, real=0.00 secs] 
Heap after GC invocations=562 (full 5):
 par new generation   total 4928K, used 239K [0x00000000f0800000, 0x00000000f0d50000, 0x00000000f5a00000)
  eden space 4416K,   0% used [0x00000000f0800000, 0x00000000f0800000, 0x00000000f0c50000)
  from space 512K,  46% used [0x00000000f0c50000, 0x00000000f0c8bfc0, 0x00000000f0cd0000)
  to   space 512K,   0% used [0x00000000f0cd0000, 0x00000000f0cd0000, 0x00000000f0d50000)
 concurrent mark-sweep generation total 35652K, used 21896K [0x00000000f5a00000, 0x00000000f7cd1000, 0x0000000100000000)
 Metaspace       used 35512K, capacity 36760K, committed 37016K, reserved 1081344K
  class space    used 4470K, capacity 4742K, committed 4760K, reserved 1048576K
}
2019-10-16T14:16:54.949+0000: 14.801: Total time for which application threads were stopped: 0.0026411 seconds, Stopping threads took: 0.0000282 seconds
{Heap before GC invocations=562 (full 5):
 par new generation   total 4928K, used 4655K [0x00000000f0800000, 0x00000000f0d50000, 0x00000000f5a00000)
  eden space 4416K, 100% used [0x00000000f0800000, 0x00000000f0c50000, 0x00000000f0c50000)
  from space 512K,  46% used [0x00000000f0c50000, 0x00000000f0c8bfc0, 0x00000000f0cd0000)
  to   space 512K,   0% used [0x00000000f0cd0000, 0x00000000f0cd0000, 0x00000000f0d50000)
 concurrent mark-sweep generation total 35652K, used 21896K [0x00000000f5a00000, 0x00000000f7cd1000, 0x0000000100000000)
 Metaspace       used 35607K, capacity 36870K, committed 37144K, reserved 1081344K
  class space    used 4489K, capacity 4779K, committed 4888K, reserved 1048576K
2019-10-16T14:16:54.992+0000: 14.844: [GC (Allocation Failure) 2019-10-16T14:16:54.992+0000: 14.844: [ParNew
Desired survivor size 262144 bytes, new threshold 4 (max 6)
- age   1:     125384 bytes,     125384 total
- age   2:      31344 bytes,     156728 total
- age   3:       9192 bytes,     165920 total
- age   4:     105800 bytes,     271720 total
: 4655K->292K(4928K), 0.0026024 secs] 26552K->22189K(40580K), 0.0026733 secs] [Times: user=0.00 sys=0.00, real=0.00 secs] 
Heap after GC invocations=563 (full 5):
 par new generation   total 4928K, used 292K [0x00000000f0800000, 0x00000000f0d50000, 0x00000000f5a00000)
  eden space 4416K,   0% used [0x00000000f0800000, 0x00000000f0800000, 0x00000000f0c50000)
  from space 512K,  57% used [0x00000000f0cd0000, 0x00000000f0d19130, 0x00000000f0d50000)
  to   space 512K,   0% used [0x00000000f0c50000, 0x00000000f0c50000, 0x00000000f0cd0000)
 concurrent mark-sweep generation total 35652K, used 21896K [0x00000000f5a00000, 0x00000000f7cd1000, 0x0000000100000000)
 Metaspace       used 35607K, capacity 36870K, committed 37144K, reserved 1081344K
  class space    used 4489K, capacity 4779K, committed 4888K, reserved 1048576K
}
2019-10-16T14:16:54.994+0000: 14.846: Total time for which application threads were stopped: 0.0027934 seconds, Stopping threads took: 0.0000257 seconds
{Heap before GC invocations=563 (full 5):
 par new generation   total 4928K, used 4708K [0x00000000f0800000, 0x00000000f0d50000, 0x00000000f5a00000)
  eden space 4416K, 100% used [0x00000000f0800000, 0x00000000f0c50000, 0x00000000f0c50000)
  from space 512K,  57% used [0x00000000f0cd0000, 0x00000000f0d19130, 0x00000000f0d50000)
  to   space 512K,   0% used [0x00000000f0c50000, 0x00000000f0c50000, 0x00000000f0cd0000)
 concurrent mark-sweep generation total 35652K, used 21896K [0x00000000f5a00000, 0x00000000f7cd1000, 0x0000000100000000)
 Metaspace       used 35612K, capacity 36870K, committed 37144K, reserved 1081344K
  class space    used 4489K, capacity 4779K, committed 4888K, reserved 1048576K
2019-10-16T14:16:55.006+0000: 14.858: [GC (Allocation Failure) 2019-10-16T14:16:55.006+0000: 14.858: [ParNew
Desired survivor size 262144 bytes, new threshold 6 (max 6)
- age   1:      28912 bytes,      28912 total
- age   2:     118616 bytes,     147528 total
- age   3:      31344 bytes,     178872 total
- age   4:       9192 bytes,     188064 total
: 4708K->232K(4928K), 0.0030944 secs] 26605K->22236K(40580K), 0.0031441 secs] [Times: user=0.00 sys=0.00, real=0.00 secs] 
Heap after GC invocations=564 (full 5):
 par new generation   total 4928K, used 232K [0x00000000f0800000, 0x00000000f0d50000, 0x00000000f5a00000)
  eden space 4416K,   0% used [0x00000000f0800000, 0x00000000f0800000, 0x00000000f0c50000)
  from space 512K,  45% used [0x00000000f0c50000, 0x00000000f0c8a180, 0x00000000f0cd0000)
  to   space 512K,   0% used [0x00000000f0cd0000, 0x00000000f0cd0000, 0x00000000f0d50000)
 concurrent mark-sweep generation total 35652K, used 22003K [0x00000000f5a00000, 0x00000000f7cd1000, 0x0000000100000000)
 Metaspace       used 35612K, capacity 36870K, committed 37144K, reserved 1081344K
  class space    used 4489K, capacity 4779K, committed 4888K, reserved 1048576K
}
2019-10-16T14:16:55.010+0000: 14.862: Total time for which application threads were stopped: 0.0032627 seconds, Stopping threads took: 0.0000231 seconds
{Heap before GC invocations=564 (full 5):
 par new generation   total 4928K, used 4648K [0x00000000f0800000, 0x00000000f0d50000, 0x00000000f5a00000)
  eden space 4416K, 100% used [0x00000000f0800000, 0x00000000f0c50000, 0x00000000f0c50000)
  from space 512K,  45% used [0x00000000f0c50000, 0x00000000f0c8a180, 0x00000000f0cd0000)
  to   space 512K,   0% used [0x00000000f0cd0000, 0x00000000f0cd0000, 0x00000000f0d50000)
 concurrent mark-sweep generation total 35652K, used 22003K [0x00000000f5a00000, 0x00000000f7cd1000, 0x0000000100000000)
 Metaspace       used 35615K, capacity 36870K, committed 37144K, reserved 1081344K
  class space    used 4489K, capacity 4779K, committed 4888K, reserved 1048576K
2019-10-16T14:16:55.021+0000: 14.873: [GC (Allocation Failure) 2019-10-16T14:16:55.021+0000: 14.873: [ParNew
Desired survivor size 262144 bytes, new threshold 6 (max 6)
- age   1:      10864 bytes,      10864 total
- age   2:      24272 bytes,      35136 total
- age   3:     118616 bytes,     153752 total
- age   4:      31272 bytes,     185024 total
- age   5:       9048 bytes,     194072 total
: 4648K->195K(4928K), 0.0022629 secs] 26652K->22199K(40580K), 0.0023170 secs] [Times: user=0.00 sys=0.00, real=0.01 secs] 
Heap after GC invocations=565 (full 5):
 par new generation   total 4928K, used 195K [0x00000000f0800000, 0x00000000f0d50000, 0x00000000f5a00000)
  eden space 4416K,   0% used [0x00000000f0800000, 0x00000000f0800000, 0x00000000f0c50000)
  from space 512K,  38% used [0x00000000f0cd0000, 0x00000000f0d00ed0, 0x00000000f0d50000)
  to   space 512K,   0% used [0x00000000f0c50000, 0x00000000f0c50000, 0x00000000f0cd0000)
 concurrent mark-sweep generation total 35652K, used 22003K [0x00000000f5a00000, 0x00000000f7cd1000, 0x0000000100000000)
 Metaspace       used 35615K, capacity 36870K, committed 37144K, reserved 1081344K
  class space    used 4489K, capacity 4779K, committed 4888K, reserved 1048576K
}
2019-10-16T14:16:55.023+0000: 14.875: Total time for which application threads were stopped: 0.0024275 seconds, Stopping threads took: 0.0000206 seconds
{Heap before GC invocations=565 (full 5):
 par new generation   total 4928K, used 4611K [0x00000000f0800000, 0x00000000f0d50000, 0x00000000f5a00000)
  eden space 4416K, 100% used [0x00000000f0800000, 0x00000000f0c50000, 0x00000000f0c50000)
  from space 512K,  38% used [0x00000000f0cd0000, 0x00000000f0d00ed0, 0x00000000f0d50000)
  to   space 512K,   0% used [0x00000000f0c50000, 0x00000000f0c50000, 0x00000000f0cd0000)
 concurrent mark-sweep generation total 35652K, used 22003K [0x00000000f5a00000, 0x00000000f7cd1000, 0x0000000100000000)
 Metaspace       used 35671K, capacity 36946K, committed 37144K, reserved 1081344K
  class space    used 4497K, capacity 4781K, committed 4888K, reserved 1048576K
2019-10-16T14:16:55.072+0000: 14.924: [GC (Allocation Failure) 2019-10-16T14:16:55.072+0000: 14.924: [ParNew
Desired survivor size 262144 bytes, new threshold 6 (max 6)
- age   1:      45176 bytes,      45176 total
- age   2:       9640 bytes,      54816 total
- age   3:      22992 bytes,      77808 total
- age   4:     118088 bytes,     195896 total
- age   5:      31200 bytes,     227096 total
- age   6:       9048 bytes,     236144 total
: 4611K->383K(4928K), 0.0027118 secs] 26615K->22387K(40580K), 0.0027625 secs] [Times: user=0.00 sys=0.00, real=0.00 secs] 
Heap after GC invocations=566 (full 5):
 par new generation   total 4928K, used 383K [0x00000000f0800000, 0x00000000f0d50000, 0x00000000f5a00000)
  eden space 4416K,   0% used [0x00000000f0800000, 0x00000000f0800000, 0x00000000f0c50000)
  from space 512K,  74% used [0x00000000f0c50000, 0x00000000f0cafed0, 0x00000000f0cd0000)
  to   space 512K,   0% used [0x00000000f0cd0000, 0x00000000f0cd0000, 0x00000000f0d50000)
 concurrent mark-sweep generation total 35652K, used 22003K [0x00000000f5a00000, 0x00000000f7cd1000, 0x0000000100000000)
 Metaspace       used 35671K, capacity 36946K, committed 37144K, reserved 1081344K
  class space    used 4497K, capacity 4781K, committed 4888K, reserved 1048576K
}
2019-10-16T14:16:55.075+0000: 14.927: Total time for which application threads were stopped: 0.0029105 seconds, Stopping threads took: 0.0000232 seconds
{Heap before GC invocations=566 (full 5):
 par new generation   total 4928K, used 4799K [0x00000000f0800000, 0x00000000f0d50000, 0x00000000f5a00000)
  eden space 4416K, 100% used [0x00000000f0800000, 0x00000000f0c50000, 0x00000000f0c50000)
  from space 512K,  74% used [0x00000000f0c50000, 0x00000000f0cafed0, 0x00000000f0cd0000)
  to   space 512K,   0% used [0x00000000f0cd0000, 0x00000000f0cd0000, 0x00000000f0d50000)
 concurrent mark-sweep generation total 35652K, used 22003K [0x00000000f5a00000, 0x00000000f7cd1000, 0x0000000100000000)
 Metaspace       used 35731K, capacity 37010K, committed 37144K, reserved 1081344K
  class space    used 4507K, capacity 4781K, committed 4888K, reserved 1048576K
2019-10-16T14:16:55.111+0000: 14.963: [GC (Allocation Failure) 2019-10-16T14:16:55.111+0000: 14.963: [ParNew
Desired survivor size 262144 bytes, new threshold 5 (max 6)
- age   1:      94136 bytes,      94136 total
- age   2:      40624 bytes,     134760 total
- age   3:       9640 bytes,     144400 total
- age   4:      22992 bytes,     167392 total
- age   5:     118016 bytes,     285408 total
- age   6:      31200 bytes,     316608 total
: 4799K->402K(4928K), 0.0027491 secs] 26803K->22415K(40580K), 0.0028292 secs] [Times: user=0.00 sys=0.00, real=0.00 secs] 
Heap after GC invocations=567 (full 5):
 par new generation   total 4928K, used 402K [0x00000000f0800000, 0x00000000f0d50000, 0x00000000f5a00000)
  eden space 4416K,   0% used [0x00000000f0800000, 0x00000000f0800000, 0x00000000f0c50000)
  from space 512K,  78% used [0x00000000f0cd0000, 0x00000000f0d34bf0, 0x00000000f0d50000)
  to   space 512K,   0% used [0x00000000f0c50000, 0x00000000f0c50000, 0x00000000f0cd0000)
 concurrent mark-sweep generation total 35652K, used 22012K [0x00000000f5a00000, 0x00000000f7cd1000, 0x0000000100000000)
 Metaspace       used 35731K, capacity 37010K, committed 37144K, reserved 1081344K
  class space    used 4507K, capacity 4781K, committed 4888K, reserved 1048576K
}
2019-10-16T14:16:55.114+0000: 14.966: Total time for which application threads were stopped: 0.0031223 seconds, Stopping threads took: 0.0001978 seconds
2019-10-16T14:16:55.122+0000: 14.974: Total time for which application threads were stopped: 0.0004246 seconds, Stopping threads took: 0.0000105 seconds
{Heap before GC invocations=567 (full 5):
 par new generation   total 4928K, used 4818K [0x00000000f0800000, 0x00000000f0d50000, 0x00000000f5a00000)
  eden space 4416K, 100% used [0x00000000f0800000, 0x00000000f0c50000, 0x00000000f0c50000)
  from space 512K,  78% used [0x00000000f0cd0000, 0x00000000f0d34bf0, 0x00000000f0d50000)
  to   space 512K,   0% used [0x00000000f0c50000, 0x00000000f0c50000, 0x00000000f0cd0000)
 concurrent mark-sweep generation total 35652K, used 22012K [0x00000000f5a00000, 0x00000000f7cd1000, 0x0000000100000000)
 Metaspace       used 35758K, capacity 37010K, committed 37144K, reserved 1081344K
  class space    used 4512K, capacity 4781K, committed 4888K, reserved 1048576K
2019-10-16T14:16:55.126+0000: 14.978: [GC (Allocation Failure) 2019-10-16T14:16:55.126+0000: 14.978: [ParNew
Desired survivor size 262144 bytes, new threshold 6 (max 6)
- age   1:      11976 bytes,      11976 total
- age   2:      90448 bytes,     102424 total
- age   3:      40624 bytes,     143048 total
- age   4:       9640 bytes,     152688 total
- age   5:      22992 bytes,     175680 total
: 4818K->264K(4928K), 0.0030055 secs] 26831K->22426K(40580K), 0.0030507 secs] [Times: user=0.00 sys=0.00, real=0.00 secs] 
Heap after GC invocations=568 (full 5):
 par new generation   total 4928K, used 264K [0x00000000f0800000, 0x00000000f0d50000, 0x00000000f5a00000)
  eden space 4416K,   0% used [0x00000000f0800000, 0x00000000f0800000, 0x00000000f0c50000)
  from space 512K,  51% used [0x00000000f0c50000, 0x00000000f0c923e0, 0x00000000f0cd0000)
  to   space 512K,   0% used [0x00000000f0cd0000, 0x00000000f0cd0000, 0x00000000f0d50000)
 concurrent mark-sweep generation total 35652K, used 22161K [0x00000000f5a00000, 0x00000000f7cd1000, 0x0000000100000000)
 Metaspace       used 35758K, capacity 37010K, committed 37144K, reserved 1081344K
  class space    used 4512K, capacity 4781K, committed 4888K, reserved 1048576K
}
2019-10-16T14:16:55.129+0000: 14.981: Total time for which application threads were stopped: 0.0031507 seconds, Stopping threads took: 0.0000190 seconds
{Heap before GC invocations=568 (full 5):
 par new generation   total 4928K, used 4680K [0x00000000f0800000, 0x00000000f0d50000, 0x00000000f5a00000)
  eden space 4416K, 100% used [0x00000000f0800000, 0x00000000f0c50000, 0x00000000f0c50000)
  from space 512K,  51% used [0x00000000f0c50000, 0x00000000f0c923e0, 0x00000000f0cd0000)
  to   space 512K,   0% used [0x00000000f0cd0000, 0x00000000f0cd0000, 0x00000000f0d50000)
 concurrent mark-sweep generation total 35652K, used 22161K [0x00000000f5a00000, 0x00000000f7cd1000, 0x0000000100000000)
 Metaspace       used 35782K, capacity 37106K, committed 37400K, reserved 1081344K
  class space    used 4516K, capacity 4813K, committed 4888K, reserved 1048576K
2019-10-16T14:16:55.141+0000: 14.993: [GC (Allocation Failure) 2019-10-16T14:16:55.141+0000: 14.993: [ParNew
Desired survivor size 262144 bytes, new threshold 6 (max 6)
- age   1:      13656 bytes,      13656 total
- age   2:       9488 bytes,      23144 total
- age   3:      90448 bytes,     113592 total
- age   4:      40624 bytes,     154216 total
- age   5:       9640 bytes,     163856 total
- age   6:      22992 bytes,     186848 total
: 4680K->194K(4928K), 0.0021445 secs] 26842K->22356K(40580K), 0.0021912 secs] [Times: user=0.00 sys=0.00, real=0.01 secs] 
Heap after GC invocations=569 (full 5):
 par new generation   total 4928K, used 194K [0x00000000f0800000, 0x00000000f0d50000, 0x00000000f5a00000)
  eden space 4416K,   0% used [0x00000000f0800000, 0x00000000f0800000, 0x00000000f0c50000)
  from space 512K,  38% used [0x00000000f0cd0000, 0x00000000f0d00bb0, 0x00000000f0d50000)
  to   space 512K,   0% used [0x00000000f0c50000, 0x00000000f0c50000, 0x00000000f0cd0000)
 concurrent mark-sweep generation total 35652K, used 22161K [0x00000000f5a00000, 0x00000000f7cd1000, 0x0000000100000000)
 Metaspace       used 35782K, capacity 37106K, committed 37400K, reserved 1081344K
  class space    used 4516K, capacity 4813K, committed 4888K, reserved 1048576K
}
2019-10-16T14:16:55.143+0000: 14.995: Total time for which application threads were stopped: 0.0023050 seconds, Stopping threads took: 0.0000212 seconds
{Heap before GC invocations=569 (full 5):
 par new generation   total 4928K, used 4610K [0x00000000f0800000, 0x00000000f0d50000, 0x00000000f5a00000)
  eden space 4416K, 100% used [0x00000000f0800000, 0x00000000f0c50000, 0x00000000f0c50000)
  from space 512K,  38% used [0x00000000f0cd0000, 0x00000000f0d00bb0, 0x00000000f0d50000)
  to   space 512K,   0% used [0x00000000f0c50000, 0x00000000f0c50000, 0x00000000f0cd0000)
 concurrent mark-sweep generation total 35652K, used 22161K [0x00000000f5a00000, 0x00000000f7cd1000, 0x0000000100000000)
 Metaspace       used 35798K, capacity 37106K, committed 37400K, reserved 1081344K
  class space    used 4518K, capacity 4813K, committed 4888K, reserved 1048576K
2019-10-16T14:16:55.157+0000: 15.009: [GC (Allocation Failure) 2019-10-16T14:16:55.157+0000: 15.009: [ParNew
Desired survivor size 262144 bytes, new threshold 6 (max 6)
- age   1:      34624 bytes,      34624 total
- age   2:      10568 bytes,      45192 total
- age   3:       9488 bytes,      54680 total
- age   4:      90432 bytes,     145112 total
- age   5:      40624 bytes,     185736 total
- age   6:       9640 bytes,     195376 total
: 4610K->369K(4928K), 0.0021557 secs] 26772K->22553K(40580K), 0.0021924 secs] [Times: user=0.01 sys=0.00, real=0.00 secs] 
Heap after GC invocations=570 (full 5):
 par new generation   total 4928K, used 369K [0x00000000f0800000, 0x00000000f0d50000, 0x00000000f5a00000)
  eden space 4416K,   0% used [0x00000000f0800000, 0x00000000f0800000, 0x00000000f0c50000)
  from space 512K,  72% used [0x00000000f0c50000, 0x00000000f0cac600, 0x00000000f0cd0000)
  to   space 512K,   0% used [0x00000000f0cd0000, 0x00000000f0cd0000, 0x00000000f0d50000)
 concurrent mark-sweep generation total 35652K, used 22184K [0x00000000f5a00000, 0x00000000f7cd1000, 0x0000000100000000)
 Metaspace       used 35798K, capacity 37106K, committed 37400K, reserved 1081344K
  class space    used 4518K, capacity 4813K, committed 4888K, reserved 1048576K
}
2019-10-16T14:16:55.159+0000: 15.011: Total time for which application threads were stopped: 0.0023102 seconds, Stopping threads took: 0.0000206 seconds
{Heap before GC invocations=570 (full 5):
 par new generation   total 4928K, used 4785K [0x00000000f0800000, 0x00000000f0d50000, 0x00000000f5a00000)
  eden space 4416K, 100% used [0x00000000f0800000, 0x00000000f0c50000, 0x00000000f0c50000)
  from space 512K,  72% used [0x00000000f0c50000, 0x00000000f0cac600, 0x00000000f0cd0000)
  to   space 512K,   0% used [0x00000000f0cd0000, 0x00000000f0cd0000, 0x00000000f0d50000)
 concurrent mark-sweep generation total 35652K, used 22184K [0x00000000f5a00000, 0x00000000f7cd1000, 0x0000000100000000)
 Metaspace       used 35799K, capacity 37106K, committed 37400K, reserved 1081344K
  class space    used 4518K, capacity 4813K, committed 4888K, reserved 1048576K
2019-10-16T14:16:55.168+0000: 15.020: [GC (Allocation Failure) 2019-10-16T14:16:55.168+0000: 15.020: [ParNew
Desired survivor size 262144 bytes, new threshold 6 (max 6)
- age   1:      14528 bytes,      14528 total
- age   2:      25472 bytes,      40000 total
- age   3:      10568 bytes,      50568 total
- age   4:       9488 bytes,      60056 total
- age   5:      90432 bytes,     150488 total
- age   6:      40552 bytes,     191040 total
: 4785K->234K(4928K), 0.0018130 secs] 26969K->22428K(40580K), 0.0018558 secs] [Times: user=0.00 sys=0.00, real=0.00 secs] 
Heap after GC invocations=571 (full 5):
 par new generation   total 4928K, used 234K [0x00000000f0800000, 0x00000000f0d50000, 0x00000000f5a00000)
  eden space 4416K,   0% used [0x00000000f0800000, 0x00000000f0800000, 0x00000000f0c50000)
  from space 512K,  45% used [0x00000000f0cd0000, 0x00000000f0d0abb0, 0x00000000f0d50000)
  to   space 512K,   0% used [0x00000000f0c50000, 0x00000000f0c50000, 0x00000000f0cd0000)
 concurrent mark-sweep generation total 35652K, used 22193K [0x00000000f5a00000, 0x00000000f7cd1000, 0x0000000100000000)
 Metaspace       used 35799K, capacity 37106K, committed 37400K, reserved 1081344K
  class space    used 4518K, capacity 4813K, committed 4888K, reserved 1048576K
}
2019-10-16T14:16:55.170+0000: 15.022: Total time for which application threads were stopped: 0.0019560 seconds, Stopping threads took: 0.0000195 seconds
{Heap before GC invocations=571 (full 5):
 par new generation   total 4928K, used 4650K [0x00000000f0800000, 0x00000000f0d50000, 0x00000000f5a00000)
  eden space 4416K, 100% used [0x00000000f0800000, 0x00000000f0c50000, 0x00000000f0c50000)
  from space 512K,  45% used [0x00000000f0cd0000, 0x00000000f0d0abb0, 0x00000000f0d50000)
  to   space 512K,   0% used [0x00000000f0c50000, 0x00000000f0c50000, 0x00000000f0cd0000)
 concurrent mark-sweep generation total 35652K, used 22193K [0x00000000f5a00000, 0x00000000f7cd1000, 0x0000000100000000)
 Metaspace       used 35800K, capacity 37106K, committed 37400K, reserved 1081344K
  class space    used 4518K, capacity 4813K, committed 4888K, reserved 1048576K
2019-10-16T14:16:55.182+0000: 15.034: [GC (Allocation Failure) 2019-10-16T14:16:55.182+0000: 15.034: [ParNew
Desired survivor size 262144 bytes, new threshold 6 (max 6)
- age   1:       2960 bytes,       2960 total
- age   2:      13496 bytes,      16456 total
- age   3:      25472 bytes,      41928 total
- age   4:      10568 bytes,      52496 total
- age   5:       9488 bytes,      61984 total
- age   6:      90432 bytes,     152416 total
: 4650K->169K(4928K), 0.0023082 secs] 26844K->22403K(40580K), 0.0023514 secs] [Times: user=0.00 sys=0.00, real=0.01 secs] 
Heap after GC invocations=572 (full 5):
 par new generation   total 4928K, used 169K [0x00000000f0800000, 0x00000000f0d50000, 0x00000000f5a00000)
  eden space 4416K,   0% used [0x00000000f0800000, 0x00000000f0800000, 0x00000000f0c50000)
  from space 512K,  33% used [0x00000000f0c50000, 0x00000000f0c7a530, 0x00000000f0cd0000)
  to   space 512K,   0% used [0x00000000f0cd0000, 0x00000000f0cd0000, 0x00000000f0d50000)
 concurrent mark-sweep generation total 35652K, used 22233K [0x00000000f5a00000, 0x00000000f7cd1000, 0x0000000100000000)
 Metaspace       used 35800K, capacity 37106K, committed 37400K, reserved 1081344K
  class space    used 4518K, capacity 4813K, committed 4888K, reserved 1048576K
}
2019-10-16T14:16:55.185+0000: 15.037: Total time for which application threads were stopped: 0.0024639 seconds, Stopping threads took: 0.0000230 seconds
{Heap before GC invocations=572 (full 5):
 par new generation   total 4928K, used 4585K [0x00000000f0800000, 0x00000000f0d50000, 0x00000000f5a00000)
  eden space 4416K, 100% used [0x00000000f0800000, 0x00000000f0c50000, 0x00000000f0c50000)
  from space 512K,  33% used [0x00000000f0c50000, 0x00000000f0c7a530, 0x00000000f0cd0000)
  to   space 512K,   0% used [0x00000000f0cd0000, 0x00000000f0cd0000, 0x00000000f0d50000)
 concurrent mark-sweep generation total 35652K, used 22233K [0x00000000f5a00000, 0x00000000f7cd1000, 0x0000000100000000)
 Metaspace       used 35854K, capacity 37112K, committed 37400K, reserved 1081344K
  class space    used 4524K, capacity 4814K, committed 4888K, reserved 1048576K
2019-10-16T14:16:55.234+0000: 15.086: [GC (Allocation Failure) 2019-10-16T14:16:55.234+0000: 15.086: [ParNew
Desired survivor size 262144 bytes, new threshold 6 (max 6)
- age   1:      57784 bytes,      57784 total
- age   2:        616 bytes,      58400 total
- age   3:      13464 bytes,      71864 total
- age   4:      25400 bytes,      97264 total
- age   5:      10568 bytes,     107832 total
- age   6:       9488 bytes,     117320 total
: 4585K->154K(4928K), 0.0030110 secs] 26819K->22478K(40580K), 0.0030640 secs] [Times: user=0.00 sys=0.00, real=0.00 secs] 
Heap after GC invocations=573 (full 5):
 par new generation   total 4928K, used 154K [0x00000000f0800000, 0x00000000f0d50000, 0x00000000f5a00000)
  eden space 4416K,   0% used [0x00000000f0800000, 0x00000000f0800000, 0x00000000f0c50000)
  from space 512K,  30% used [0x00000000f0cd0000, 0x00000000f0cf6b40, 0x00000000f0d50000)
  to   space 512K,   0% used [0x00000000f0c50000, 0x00000000f0c50000, 0x00000000f0cd0000)
 concurrent mark-sweep generation total 35652K, used 22323K [0x00000000f5a00000, 0x00000000f7cd1000, 0x0000000100000000)
 Metaspace       used 35854K, capacity 37112K, committed 37400K, reserved 1081344K
  class space    used 4524K, capacity 4814K, committed 4888K, reserved 1048576K
}
2019-10-16T14:16:55.237+0000: 15.089: Total time for which application threads were stopped: 0.0032448 seconds, Stopping threads took: 0.0000254 seconds
{Heap before GC invocations=573 (full 5):
 par new generation   total 4928K, used 4570K [0x00000000f0800000, 0x00000000f0d50000, 0x00000000f5a00000)
  eden space 4416K, 100% used [0x00000000f0800000, 0x00000000f0c50000, 0x00000000f0c50000)
  from space 512K,  30% used [0x00000000f0cd0000, 0x00000000f0cf6b40, 0x00000000f0d50000)
  to   space 512K,   0% used [0x00000000f0c50000, 0x00000000f0c50000, 0x00000000f0cd0000)
 concurrent mark-sweep generation total 35652K, used 22323K [0x00000000f5a00000, 0x00000000f7cd1000, 0x0000000100000000)
 Metaspace       used 35892K, capacity 37212K, committed 37400K, reserved 1081344K
  class space    used 4531K, capacity 4820K, committed 4888K, reserved 1048576K
2019-10-16T14:16:55.267+0000: 15.119: [GC (Allocation Failure) 2019-10-16T14:16:55.267+0000: 15.119: [ParNew
Desired survivor size 262144 bytes, new threshold 6 (max 6)
- age   1:      43416 bytes,      43416 total
- age   2:      54136 bytes,      97552 total
- age   3:        616 bytes,      98168 total
- age   4:      13464 bytes,     111632 total
- age   5:      24416 bytes,     136048 total
- age   6:      10568 bytes,     146616 total
: 4570K->248K(4928K), 0.0027466 secs] 26894K->22578K(40580K), 0.0027897 secs] [Times: user=0.00 sys=0.00, real=0.00 secs] 
Heap after GC invocations=574 (full 5):
 par new generation   total 4928K, used 248K [0x00000000f0800000, 0x00000000f0d50000, 0x00000000f5a00000)
  eden space 4416K,   0% used [0x00000000f0800000, 0x00000000f0800000, 0x00000000f0c50000)
  from space 512K,  48% used [0x00000000f0c50000, 0x00000000f0c8e250, 0x00000000f0cd0000)
  to   space 512K,   0% used [0x00000000f0cd0000, 0x00000000f0cd0000, 0x00000000f0d50000)
 concurrent mark-sweep generation total 35652K, used 22330K [0x00000000f5a00000, 0x00000000f7cd1000, 0x0000000100000000)
 Metaspace       used 35892K, capacity 37212K, committed 37400K, reserved 1081344K
  class space    used 4531K, capacity 4820K, committed 4888K, reserved 1048576K
}
2019-10-16T14:16:55.270+0000: 15.122: Total time for which application threads were stopped: 0.0029527 seconds, Stopping threads took: 0.0000244 seconds
{Heap before GC invocations=574 (full 5):
 par new generation   total 4928K, used 4664K [0x00000000f0800000, 0x00000000f0d50000, 0x00000000f5a00000)
  eden space 4416K, 100% used [0x00000000f0800000, 0x00000000f0c50000, 0x00000000f0c50000)
  from space 512K,  48% used [0x00000000f0c50000, 0x00000000f0c8e250, 0x00000000f0cd0000)
  to   space 512K,   0% used [0x00000000f0cd0000, 0x00000000f0cd0000, 0x00000000f0d50000)
 concurrent mark-sweep generation total 35652K, used 22330K [0x00000000f5a00000, 0x00000000f7cd1000, 0x0000000100000000)
 Metaspace       used 35894K, capacity 37212K, committed 37400K, reserved 1081344K
  class space    used 4531K, capacity 4820K, committed 4888K, reserved 1048576K
2019-10-16T14:16:55.294+0000: 15.146: [GC (Allocation Failure) 2019-10-16T14:16:55.294+0000: 15.146: [ParNew
Desired survivor size 262144 bytes, new threshold 6 (max 6)
- age   1:      26832 bytes,      26832 total
- age   2:      40608 bytes,      67440 total
- age   3:      54136 bytes,     121576 total
- age   4:        616 bytes,     122192 total
- age   5:      13464 bytes,     135656 total
- age   6:      24344 bytes,     160000 total
: 4664K->168K(4928K), 0.0022712 secs] 26994K->22509K(40580K), 0.0023301 secs] [Times: user=0.00 sys=0.00, real=0.00 secs] 
Heap after GC invocations=575 (full 5):
 par new generation   total 4928K, used 168K [0x00000000f0800000, 0x00000000f0d50000, 0x00000000f5a00000)
  eden space 4416K,   0% used [0x00000000f0800000, 0x00000000f0800000, 0x00000000f0c50000)
  from space 512K,  32% used [0x00000000f0cd0000, 0x00000000f0cfa350, 0x00000000f0d50000)
  to   space 512K,   0% used [0x00000000f0c50000, 0x00000000f0c50000, 0x00000000f0cd0000)
 concurrent mark-sweep generation total 35652K, used 22340K [0x00000000f5a00000, 0x00000000f7cd1000, 0x0000000100000000)
 Metaspace       used 35894K, capacity 37212K, committed 37400K, reserved 1081344K
  class space    used 4531K, capacity 4820K, committed 4888K, reserved 1048576K
}
2019-10-16T14:16:55.297+0000: 15.149: Total time for which application threads were stopped: 0.0024549 seconds, Stopping threads took: 0.0000260 seconds
{Heap before GC invocations=575 (full 5):
 par new generation   total 4928K, used 4584K [0x00000000f0800000, 0x00000000f0d50000, 0x00000000f5a00000)
  eden space 4416K, 100% used [0x00000000f0800000, 0x00000000f0c50000, 0x00000000f0c50000)
  from space 512K,  32% used [0x00000000f0cd0000, 0x00000000f0cfa350, 0x00000000f0d50000)
  to   space 512K,   0% used [0x00000000f0c50000, 0x00000000f0c50000, 0x00000000f0cd0000)
 concurrent mark-sweep generation total 35652K, used 22340K [0x00000000f5a00000, 0x00000000f7cd1000, 0x0000000100000000)
 Metaspace       used 35894K, capacity 37212K, committed 37400K, reserved 1081344K
  class space    used 4531K, capacity 4820K, committed 4888K, reserved 1048576K
2019-10-16T14:16:55.315+0000: 15.167: [GC (Allocation Failure) 2019-10-16T14:16:55.315+0000: 15.167: [ParNew
Desired survivor size 262144 bytes, new threshold 6 (max 6)
- age   1:       8080 bytes,       8080 total
- age   2:      24888 bytes,      32968 total
- age   3:      40608 bytes,      73576 total
- age   4:      54064 bytes,     127640 total
- age   5:        544 bytes,     128184 total
- age   6:      13464 bytes,     141648 total
: 4584K->276K(4928K), 0.0021268 secs] 26925K->22641K(40580K), 0.0021816 secs] [Times: user=0.00 sys=0.00, real=0.00 secs] 
Heap after GC invocations=576 (full 5):
 par new generation   total 4928K, used 276K [0x00000000f0800000, 0x00000000f0d50000, 0x00000000f5a00000)
  eden space 4416K,   0% used [0x00000000f0800000, 0x00000000f0800000, 0x00000000f0c50000)
  from space 512K,  53% used [0x00000000f0c50000, 0x00000000f0c95070, 0x00000000f0cd0000)
  to   space 512K,   0% used [0x00000000f0cd0000, 0x00000000f0cd0000, 0x00000000f0d50000)
 concurrent mark-sweep generation total 35652K, used 22365K [0x00000000f5a00000, 0x00000000f7cd1000, 0x0000000100000000)
 Metaspace       used 35894K, capacity 37212K, committed 37400K, reserved 1081344K
  class space    used 4531K, capacity 4820K, committed 4888K, reserved 1048576K
}
2019-10-16T14:16:55.317+0000: 15.169: Total time for which application threads were stopped: 0.0023130 seconds, Stopping threads took: 0.0000224 seconds
{Heap before GC invocations=576 (full 5):
 par new generation   total 4928K, used 4692K [0x00000000f0800000, 0x00000000f0d50000, 0x00000000f5a00000)
  eden space 4416K, 100% used [0x00000000f0800000, 0x00000000f0c50000, 0x00000000f0c50000)
  from space 512K,  53% used [0x00000000f0c50000, 0x00000000f0c95070, 0x00000000f0cd0000)
  to   space 512K,   0% used [0x00000000f0cd0000, 0x00000000f0cd0000, 0x00000000f0d50000)
 concurrent mark-sweep generation total 35652K, used 22365K [0x00000000f5a00000, 0x00000000f7cd1000, 0x0000000100000000)
 Metaspace       used 35917K, capacity 37212K, committed 37400K, reserved 1081344K
  class space    used 4536K, capacity 4820K, committed 4888K, reserved 1048576K
2019-10-16T14:16:55.344+0000: 15.196: [GC (Allocation Failure) 2019-10-16T14:16:55.344+0000: 15.196: [ParNew
Desired survivor size 262144 bytes, new threshold 6 (max 6)
- age   1:      39160 bytes,      39160 total
- age   2:       5616 bytes,      44776 total
- age   3:      24888 bytes,      69664 total
- age   4:      40608 bytes,     110272 total
- age   5:      54064 bytes,     164336 total
- age   6:        544 bytes,     164880 total
: 4692K->174K(4928K), 0.0024380 secs] 27057K->22552K(40580K), 0.0024989 secs] [Times: user=0.01 sys=0.00, real=0.00 secs] 
Heap after GC invocations=577 (full 5):
 par new generation   total 4928K, used 174K [0x00000000f0800000, 0x00000000f0d50000, 0x00000000f5a00000)
  eden space 4416K,   0% used [0x00000000f0800000, 0x00000000f0800000, 0x00000000f0c50000)
  from space 512K,  33% used [0x00000000f0cd0000, 0x00000000f0cfb830, 0x00000000f0d50000)
  to   space 512K,   0% used [0x00000000f0c50000, 0x00000000f0c50000, 0x00000000f0cd0000)
 concurrent mark-sweep generation total 35652K, used 22378K [0x00000000f5a00000, 0x00000000f7cd1000, 0x0000000100000000)
 Metaspace       used 35917K, capacity 37212K, committed 37400K, reserved 1081344K
  class space    used 4536K, capacity 4820K, committed 4888K, reserved 1048576K
}
2019-10-16T14:16:55.346+0000: 15.199: Total time for which application threads were stopped: 0.0026356 seconds, Stopping threads took: 0.0000363 seconds
2019-10-16T14:16:55.355+0000: 15.207: Total time for which application threads were stopped: 0.0004741 seconds, Stopping threads took: 0.0000207 seconds
{Heap before GC invocations=577 (full 5):
 par new generation   total 4928K, used 4590K [0x00000000f0800000, 0x00000000f0d50000, 0x00000000f5a00000)
  eden space 4416K, 100% used [0x00000000f0800000, 0x00000000f0c50000, 0x00000000f0c50000)
  from space 512K,  33% used [0x00000000f0cd0000, 0x00000000f0cfb830, 0x00000000f0d50000)
  to   space 512K,   0% used [0x00000000f0c50000, 0x00000000f0c50000, 0x00000000f0cd0000)
 concurrent mark-sweep generation total 35652K, used 22378K [0x00000000f5a00000, 0x00000000f7cd1000, 0x0000000100000000)
 Metaspace       used 35967K, capacity 37276K, committed 37400K, reserved 1081344K
  class space    used 4544K, capacity 4820K, committed 4888K, reserved 1048576K
2019-10-16T14:16:55.363+0000: 15.215: [GC (Allocation Failure) 2019-10-16T14:16:55.363+0000: 15.215: [ParNew
Desired survivor size 262144 bytes, new threshold 6 (max 6)
- age   1:      21528 bytes,      21528 total
- age   2:      35616 bytes,      57144 total
- age   3:       5616 bytes,      62760 total
- age   4:      24888 bytes,      87648 total
- age   5:      40608 bytes,     128256 total
- age   6:      54064 bytes,     182320 total
: 4590K->284K(4928K), 0.0025302 secs] 26968K->22663K(40580K), 0.0026238 secs] [Times: user=0.00 sys=0.00, real=0.00 secs] 
Heap after GC invocations=578 (full 5):
 par new generation   total 4928K, used 284K [0x00000000f0800000, 0x00000000f0d50000, 0x00000000f5a00000)
  eden space 4416K,   0% used [0x00000000f0800000, 0x00000000f0800000, 0x00000000f0c50000)
  from space 512K,  55% used [0x00000000f0c50000, 0x00000000f0c97220, 0x00000000f0cd0000)
  to   space 512K,   0% used [0x00000000f0cd0000, 0x00000000f0cd0000, 0x00000000f0d50000)
 concurrent mark-sweep generation total 35652K, used 22379K [0x00000000f5a00000, 0x00000000f7cd1000, 0x0000000100000000)
 Metaspace       used 35967K, capacity 37276K, committed 37400K, reserved 1081344K
  class space    used 4544K, capacity 4820K, committed 4888K, reserved 1048576K
}
2019-10-16T14:16:55.366+0000: 15.218: Total time for which application threads were stopped: 0.0027479 seconds, Stopping threads took: 0.0000187 seconds
{Heap before GC invocations=578 (full 5):
 par new generation   total 4928K, used 4700K [0x00000000f0800000, 0x00000000f0d50000, 0x00000000f5a00000)
  eden space 4416K, 100% used [0x00000000f0800000, 0x00000000f0c50000, 0x00000000f0c50000)
  from space 512K,  55% used [0x00000000f0c50000, 0x00000000f0c97220, 0x00000000f0cd0000)
  to   space 512K,   0% used [0x00000000f0cd0000, 0x00000000f0cd0000, 0x00000000f0d50000)
 concurrent mark-sweep generation total 35652K, used 22379K [0x00000000f5a00000, 0x00000000f7cd1000, 0x0000000100000000)
 Metaspace       used 36121K, capacity 37372K, committed 37656K, reserved 1081344K
  class space    used 4558K, capacity 4852K, committed 4888K, reserved 1048576K
2019-10-16T14:16:55.443+0000: 15.295: [GC (Allocation Failure) 2019-10-16T14:16:55.443+0000: 15.295: [ParNew
Desired survivor size 262144 bytes, new threshold 6 (max 6)
- age   1:     139728 bytes,     139728 total
- age   2:      18240 bytes,     157968 total
- age   3:      34248 bytes,     192216 total
- age   4:       5616 bytes,     197832 total
- age   5:      24888 bytes,     222720 total
- age   6:      40608 bytes,     263328 total
: 4700K->337K(4928K), 0.0030944 secs] 27079K->22770K(40580K), 0.0031438 secs] [Times: user=0.00 sys=0.00, real=0.00 secs] 
Heap after GC invocations=579 (full 5):
 par new generation   total 4928K, used 337K [0x00000000f0800000, 0x00000000f0d50000, 0x00000000f5a00000)
  eden space 4416K,   0% used [0x00000000f0800000, 0x00000000f0800000, 0x00000000f0c50000)
  from space 512K,  65% used [0x00000000f0cd0000, 0x00000000f0d24610, 0x00000000f0d50000)
  to   space 512K,   0% used [0x00000000f0c50000, 0x00000000f0c50000, 0x00000000f0cd0000)
 concurrent mark-sweep generation total 35652K, used 22432K [0x00000000f5a00000, 0x00000000f7cd1000, 0x0000000100000000)
 Metaspace       used 36121K, capacity 37372K, committed 37656K, reserved 1081344K
  class space    used 4558K, capacity 4852K, committed 4888K, reserved 1048576K
}
2019-10-16T14:16:55.446+0000: 15.298: Total time for which application threads were stopped: 0.0032837 seconds, Stopping threads took: 0.0000375 seconds
{Heap before GC invocations=579 (full 5):
 par new generation   total 4928K, used 4753K [0x00000000f0800000, 0x00000000f0d50000, 0x00000000f5a00000)
  eden space 4416K, 100% used [0x00000000f0800000, 0x00000000f0c50000, 0x00000000f0c50000)
  from space 512K,  65% used [0x00000000f0cd0000, 0x00000000f0d24610, 0x00000000f0d50000)
  to   space 512K,   0% used [0x00000000f0c50000, 0x00000000f0c50000, 0x00000000f0cd0000)
 concurrent mark-sweep generation total 35652K, used 22432K [0x00000000f5a00000, 0x00000000f7cd1000, 0x0000000100000000)
 Metaspace       used 36197K, capacity 37500K, committed 37656K, reserved 1081344K
  class space    used 4566K, capacity 4852K, committed 4888K, reserved 1048576K
2019-10-16T14:16:55.465+0000: 15.317: [GC (Allocation Failure) 2019-10-16T14:16:55.465+0000: 15.317: [ParNew
Desired survivor size 262144 bytes, new threshold 2 (max 6)
- age   1:     169720 bytes,     169720 total
- age   2:     135288 bytes,     305008 total
- age   3:      18240 bytes,     323248 total
- age   4:      34248 bytes,     357496 total
- age   5:       5616 bytes,     363112 total
- age   6:      24888 bytes,     388000 total
: 4753K->468K(4928K), 0.0027046 secs] 27186K->22941K(40580K), 0.0027506 secs] [Times: user=0.01 sys=0.00, real=0.00 secs] 
Heap after GC invocations=580 (full 5):
 par new generation   total 4928K, used 468K [0x00000000f0800000, 0x00000000f0d50000, 0x00000000f5a00000)
  eden space 4416K,   0% used [0x00000000f0800000, 0x00000000f0800000, 0x00000000f0c50000)
  from space 512K,  91% used [0x00000000f0c50000, 0x00000000f0cc5130, 0x00000000f0cd0000)
  to   space 512K,   0% used [0x00000000f0cd0000, 0x00000000f0cd0000, 0x00000000f0d50000)
 concurrent mark-sweep generation total 35652K, used 22473K [0x00000000f5a00000, 0x00000000f7cd1000, 0x0000000100000000)
 Metaspace       used 36197K, capacity 37500K, committed 37656K, reserved 1081344K
  class space    used 4566K, capacity 4852K, committed 4888K, reserved 1048576K
}
2019-10-16T14:16:55.467+0000: 15.319: Total time for which application threads were stopped: 0.0028500 seconds, Stopping threads took: 0.0000190 seconds
{Heap before GC invocations=580 (full 5):
 par new generation   total 4928K, used 4884K [0x00000000f0800000, 0x00000000f0d50000, 0x00000000f5a00000)
  eden space 4416K, 100% used [0x00000000f0800000, 0x00000000f0c50000, 0x00000000f0c50000)
  from space 512K,  91% used [0x00000000f0c50000, 0x00000000f0cc5130, 0x00000000f0cd0000)
  to   space 512K,   0% used [0x00000000f0cd0000, 0x00000000f0cd0000, 0x00000000f0d50000)
 concurrent mark-sweep generation total 35652K, used 22473K [0x00000000f5a00000, 0x00000000f7cd1000, 0x0000000100000000)
 Metaspace       used 36445K, capacity 37724K, committed 37912K, reserved 1083392K
  class space    used 4594K, capacity 4884K, committed 4888K, reserved 1048576K
2019-10-16T14:16:55.486+0000: 15.338: [GC (Allocation Failure) 2019-10-16T14:16:55.486+0000: 15.339: [ParNew
Desired survivor size 262144 bytes, new threshold 6 (max 6)
- age   1:      36744 bytes,      36744 total
- age   2:     165888 bytes,     202632 total
: 4884K->342K(4928K), 0.0030476 secs] 27357K->23034K(40580K), 0.0030840 secs] [Times: user=0.00 sys=0.00, real=0.00 secs] 
Heap after GC invocations=581 (full 5):
 par new generation   total 4928K, used 342K [0x00000000f0800000, 0x00000000f0d50000, 0x00000000f5a00000)
  eden space 4416K,   0% used [0x00000000f0800000, 0x00000000f0800000, 0x00000000f0c50000)
  from space 512K,  66% used [0x00000000f0cd0000, 0x00000000f0d25b68, 0x00000000f0d50000)
  to   space 512K,   0% used [0x00000000f0c50000, 0x00000000f0c50000, 0x00000000f0cd0000)
 concurrent mark-sweep generation total 35652K, used 22691K [0x00000000f5a00000, 0x00000000f7cd1000, 0x0000000100000000)
 Metaspace       used 36445K, capacity 37724K, committed 37912K, reserved 1083392K
  class space    used 4594K, capacity 4884K, committed 4888K, reserved 1048576K
}
2019-10-16T14:16:55.490+0000: 15.342: Total time for which application threads were stopped: 0.0031916 seconds, Stopping threads took: 0.0000205 seconds
{Heap before GC invocations=581 (full 5):
 par new generation   total 4928K, used 4758K [0x00000000f0800000, 0x00000000f0d50000, 0x00000000f5a00000)
  eden space 4416K, 100% used [0x00000000f0800000, 0x00000000f0c50000, 0x00000000f0c50000)
  from space 512K,  66% used [0x00000000f0cd0000, 0x00000000f0d25b68, 0x00000000f0d50000)
  to   space 512K,   0% used [0x00000000f0c50000, 0x00000000f0c50000, 0x00000000f0cd0000)
 concurrent mark-sweep generation total 35652K, used 22691K [0x00000000f5a00000, 0x00000000f7cd1000, 0x0000000100000000)
 Metaspace       used 36514K, capacity 37804K, committed 37912K, reserved 1083392K
  class space    used 4605K, capacity 4886K, committed 4888K, reserved 1048576K
2019-10-16T14:16:55.554+0000: 15.406: [GC (Allocation Failure) 2019-10-16T14:16:55.554+0000: 15.406: [ParNew
Desired survivor size 262144 bytes, new threshold 3 (max 6)
- age   1:     104280 bytes,     104280 total
- age   2:      31944 bytes,     136224 total
- age   3:     165808 bytes,     302032 total
: 4758K->319K(4928K), 0.0024680 secs] 27450K->23010K(40580K), 0.0025387 secs] [Times: user=0.01 sys=0.00, real=0.00 secs] 
Heap after GC invocations=582 (full 5):
 par new generation   total 4928K, used 319K [0x00000000f0800000, 0x00000000f0d50000, 0x00000000f5a00000)
  eden space 4416K,   0% used [0x00000000f0800000, 0x00000000f0800000, 0x00000000f0c50000)
  from space 512K,  62% used [0x00000000f0c50000, 0x00000000f0c9fc40, 0x00000000f0cd0000)
  to   space 512K,   0% used [0x00000000f0cd0000, 0x00000000f0cd0000, 0x00000000f0d50000)
 concurrent mark-sweep generation total 35652K, used 22691K [0x00000000f5a00000, 0x00000000f7cd1000, 0x0000000100000000)
 Metaspace       used 36514K, capacity 37804K, committed 37912K, reserved 1083392K
  class space    used 4605K, capacity 4886K, committed 4888K, reserved 1048576K
}
2019-10-16T14:16:55.557+0000: 15.409: Total time for which application threads were stopped: 0.0026727 seconds, Stopping threads took: 0.0000302 seconds
2019-10-16T14:16:55.558+0000: 15.410: Total time for which application threads were stopped: 0.0004778 seconds, Stopping threads took: 0.0000087 seconds
{Heap before GC invocations=582 (full 5):
 par new generation   total 4928K, used 4735K [0x00000000f0800000, 0x00000000f0d50000, 0x00000000f5a00000)
  eden space 4416K, 100% used [0x00000000f0800000, 0x00000000f0c50000, 0x00000000f0c50000)
  from space 512K,  62% used [0x00000000f0c50000, 0x00000000f0c9fc40, 0x00000000f0cd0000)
  to   space 512K,   0% used [0x00000000f0cd0000, 0x00000000f0cd0000, 0x00000000f0d50000)
 concurrent mark-sweep generation total 35652K, used 22691K [0x00000000f5a00000, 0x00000000f7cd1000, 0x0000000100000000)
 Metaspace       used 36599K, capacity 37874K, committed 38040K, reserved 1083392K
  class space    used 4624K, capacity 4901K, committed 5016K, reserved 1048576K
2019-10-16T14:16:55.597+0000: 15.449: [GC (Allocation Failure) 2019-10-16T14:16:55.597+0000: 15.449: [ParNew
Desired survivor size 262144 bytes, new threshold 2 (max 6)
- age   1:     235312 bytes,     235312 total
- age   2:      99808 bytes,     335120 total
- age   3:      31944 bytes,     367064 total
: 4735K->512K(4928K), 0.0036588 secs] 27426K->23367K(40580K), 0.0037078 secs] [Times: user=0.00 sys=0.00, real=0.00 secs] 
Heap after GC invocations=583 (full 5):
 par new generation   total 4928K, used 512K [0x00000000f0800000, 0x00000000f0d50000, 0x00000000f5a00000)
  eden space 4416K,   0% used [0x00000000f0800000, 0x00000000f0800000, 0x00000000f0c50000)
  from space 512K, 100% used [0x00000000f0cd0000, 0x00000000f0d50000, 0x00000000f0d50000)
  to   space 512K,   0% used [0x00000000f0c50000, 0x00000000f0c50000, 0x00000000f0cd0000)
 concurrent mark-sweep generation total 35652K, used 22855K [0x00000000f5a00000, 0x00000000f7cd1000, 0x0000000100000000)
 Metaspace       used 36599K, capacity 37874K, committed 38040K, reserved 1083392K
  class space    used 4624K, capacity 4901K, committed 5016K, reserved 1048576K
}
2019-10-16T14:16:55.600+0000: 15.452: Total time for which application threads were stopped: 0.0038487 seconds, Stopping threads took: 0.0000230 seconds
{Heap before GC invocations=583 (full 5):
 par new generation   total 4928K, used 4928K [0x00000000f0800000, 0x00000000f0d50000, 0x00000000f5a00000)
  eden space 4416K, 100% used [0x00000000f0800000, 0x00000000f0c50000, 0x00000000f0c50000)
  from space 512K, 100% used [0x00000000f0cd0000, 0x00000000f0d50000, 0x00000000f0d50000)
  to   space 512K,   0% used [0x00000000f0c50000, 0x00000000f0c50000, 0x00000000f0cd0000)
 concurrent mark-sweep generation total 35652K, used 22855K [0x00000000f5a00000, 0x00000000f7cd1000, 0x0000000100000000)
 Metaspace       used 36635K, capacity 37938K, committed 38296K, reserved 1083392K
  class space    used 4632K, capacity 4901K, committed 5016K, reserved 1048576K
2019-10-16T14:16:55.618+0000: 15.470: [GC (Allocation Failure) 2019-10-16T14:16:55.618+0000: 15.470: [ParNew
Desired survivor size 262144 bytes, new threshold 6 (max 6)
- age   1:      16800 bytes,      16800 total
- age   2:     233640 bytes,     250440 total
: 4928K->335K(4928K), 0.0023230 secs] 27783K->23321K(40580K), 0.0023649 secs] [Times: user=0.00 sys=0.00, real=0.00 secs] 
Heap after GC invocations=584 (full 5):
 par new generation   total 4928K, used 335K [0x00000000f0800000, 0x00000000f0d50000, 0x00000000f5a00000)
  eden space 4416K,   0% used [0x00000000f0800000, 0x00000000f0800000, 0x00000000f0c50000)
  from space 512K,  65% used [0x00000000f0c50000, 0x00000000f0ca3dd0, 0x00000000f0cd0000)
  to   space 512K,   0% used [0x00000000f0cd0000, 0x00000000f0cd0000, 0x00000000f0d50000)
 concurrent mark-sweep generation total 35652K, used 22986K [0x00000000f5a00000, 0x00000000f7cd1000, 0x0000000100000000)
 Metaspace       used 36635K, capacity 37938K, committed 38296K, reserved 1083392K
  class space    used 4632K, capacity 4901K, committed 5016K, reserved 1048576K
}
2019-10-16T14:16:55.621+0000: 15.473: Total time for which application threads were stopped: 0.0024589 seconds, Stopping threads took: 0.0000203 seconds
2019-10-16T14:16:55.624+0000: 15.476: Total time for which application threads were stopped: 0.0004608 seconds, Stopping threads took: 0.0000175 seconds
{Heap before GC invocations=584 (full 5):
 par new generation   total 4928K, used 4751K [0x00000000f0800000, 0x00000000f0d50000, 0x00000000f5a00000)
  eden space 4416K, 100% used [0x00000000f0800000, 0x00000000f0c50000, 0x00000000f0c50000)
  from space 512K,  65% used [0x00000000f0c50000, 0x00000000f0ca3dd0, 0x00000000f0cd0000)
  to   space 512K,   0% used [0x00000000f0cd0000, 0x00000000f0cd0000, 0x00000000f0d50000)
 concurrent mark-sweep generation total 35652K, used 22986K [0x00000000f5a00000, 0x00000000f7cd1000, 0x0000000100000000)
 Metaspace       used 36729K, capacity 38098K, committed 38296K, reserved 1083392K
  class space    used 4640K, capacity 4933K, committed 5016K, reserved 1048576K
2019-10-16T14:16:55.703+0000: 15.555: [GC (Allocation Failure) 2019-10-16T14:16:55.703+0000: 15.555: [ParNew
Desired survivor size 262144 bytes, new threshold 3 (max 6)
- age   1:     107552 bytes,     107552 total
- age   2:      10928 bytes,     118480 total
- age   3:     220016 bytes,     338496 total
: 4751K->512K(4928K), 0.0026132 secs] 27737K->23499K(40580K), 0.0026656 secs] [Times: user=0.00 sys=0.00, real=0.00 secs] 
Heap after GC invocations=585 (full 5):
 par new generation   total 4928K, used 512K [0x00000000f0800000, 0x00000000f0d50000, 0x00000000f5a00000)
  eden space 4416K,   0% used [0x00000000f0800000, 0x00000000f0800000, 0x00000000f0c50000)
  from space 512K, 100% used [0x00000000f0cd0000, 0x00000000f0d50000, 0x00000000f0d50000)
  to   space 512K,   0% used [0x00000000f0c50000, 0x00000000f0c50000, 0x00000000f0cd0000)
 concurrent mark-sweep generation total 35652K, used 22987K [0x00000000f5a00000, 0x00000000f7cd1000, 0x0000000100000000)
 Metaspace       used 36729K, capacity 38098K, committed 38296K, reserved 1083392K
  class space    used 4640K, capacity 4933K, committed 5016K, reserved 1048576K
}
2019-10-16T14:16:55.705+0000: 15.557: Total time for which application threads were stopped: 0.0028200 seconds, Stopping threads took: 0.0000250 seconds
{Heap before GC invocations=585 (full 5):
 par new generation   total 4928K, used 4928K [0x00000000f0800000, 0x00000000f0d50000, 0x00000000f5a00000)
  eden space 4416K, 100% used [0x00000000f0800000, 0x00000000f0c50000, 0x00000000f0c50000)
  from space 512K, 100% used [0x00000000f0cd0000, 0x00000000f0d50000, 0x00000000f0d50000)
  to   space 512K,   0% used [0x00000000f0c50000, 0x00000000f0c50000, 0x00000000f0cd0000)
 concurrent mark-sweep generation total 35652K, used 22987K [0x00000000f5a00000, 0x00000000f7cd1000, 0x0000000100000000)
 Metaspace       used 36901K, capacity 38466K, committed 38552K, reserved 1083392K
  class space    used 4679K, capacity 4991K, committed 5016K, reserved 1048576K
2019-10-16T14:16:55.774+0000: 15.626: [GC (Allocation Failure) 2019-10-16T14:16:55.774+0000: 15.626: [ParNew
Desired survivor size 262144 bytes, new threshold 6 (max 6)
- age   1:     116152 bytes,     116152 total
- age   2:     103480 bytes,     219632 total
- age   3:      10928 bytes,     230560 total
: 4928K->315K(4928K), 0.0036478 secs] 27915K->23517K(40580K), 0.0037132 secs] [Times: user=0.01 sys=0.00, real=0.00 secs] 
Heap after GC invocations=586 (full 5):
 par new generation   total 4928K, used 315K [0x00000000f0800000, 0x00000000f0d50000, 0x00000000f5a00000)
  eden space 4416K,   0% used [0x00000000f0800000, 0x00000000f0800000, 0x00000000f0c50000)
  from space 512K,  61% used [0x00000000f0c50000, 0x00000000f0c9ef88, 0x00000000f0cd0000)
  to   space 512K,   0% used [0x00000000f0cd0000, 0x00000000f0cd0000, 0x00000000f0d50000)
 concurrent mark-sweep generation total 35652K, used 23201K [0x00000000f5a00000, 0x00000000f7cd1000, 0x0000000100000000)
 Metaspace       used 36901K, capacity 38466K, committed 38552K, reserved 1083392K
  class space    used 4679K, capacity 4991K, committed 5016K, reserved 1048576K
}
2019-10-16T14:16:55.778+0000: 15.630: Total time for which application threads were stopped: 0.0039083 seconds, Stopping threads took: 0.0000588 seconds
{Heap before GC invocations=586 (full 5):
 par new generation   total 4928K, used 4731K [0x00000000f0800000, 0x00000000f0d50000, 0x00000000f5a00000)
  eden space 4416K, 100% used [0x00000000f0800000, 0x00000000f0c50000, 0x00000000f0c50000)
  from space 512K,  61% used [0x00000000f0c50000, 0x00000000f0c9ef88, 0x00000000f0cd0000)
  to   space 512K,   0% used [0x00000000f0cd0000, 0x00000000f0cd0000, 0x00000000f0d50000)
 concurrent mark-sweep generation total 35652K, used 23201K [0x00000000f5a00000, 0x00000000f7cd1000, 0x0000000100000000)
 Metaspace       used 37008K, capacity 38606K, committed 38936K, reserved 1083392K
  class space    used 4696K, capacity 5017K, committed 5144K, reserved 1048576K
2019-10-16T14:16:55.860+0000: 15.712: [GC (Allocation Failure) 2019-10-16T14:16:55.860+0000: 15.712: [ParNew
Desired survivor size 262144 bytes, new threshold 3 (max 6)
- age   1:      91984 bytes,      91984 total
- age   2:     107488 bytes,     199472 total
- age   3:      94616 bytes,     294088 total
- age   4:      10928 bytes,     305016 total
: 4731K->493K(4928K), 0.0033816 secs] 27933K->23694K(40580K), 0.0034332 secs] [Times: user=0.00 sys=0.00, real=0.01 secs] 
Heap after GC invocations=587 (full 5):
 par new generation   total 4928K, used 493K [0x00000000f0800000, 0x00000000f0d50000, 0x00000000f5a00000)
  eden space 4416K,   0% used [0x00000000f0800000, 0x00000000f0800000, 0x00000000f0c50000)
  from space 512K,  96% used [0x00000000f0cd0000, 0x00000000f0d4b410, 0x00000000f0d50000)
  to   space 512K,   0% used [0x00000000f0c50000, 0x00000000f0c50000, 0x00000000f0cd0000)
 concurrent mark-sweep generation total 35652K, used 23201K [0x00000000f5a00000, 0x00000000f7cd1000, 0x0000000100000000)
 Metaspace       used 37008K, capacity 38606K, committed 38936K, reserved 1083392K
  class space    used 4696K, capacity 5017K, committed 5144K, reserved 1048576K
}
2019-10-16T14:16:55.863+0000: 15.715: Total time for which application threads were stopped: 0.0035716 seconds, Stopping threads took: 0.0000304 seconds
{Heap before GC invocations=587 (full 5):
 par new generation   total 4928K, used 4909K [0x00000000f0800000, 0x00000000f0d50000, 0x00000000f5a00000)
  eden space 4416K, 100% used [0x00000000f0800000, 0x00000000f0c50000, 0x00000000f0c50000)
  from space 512K,  96% used [0x00000000f0cd0000, 0x00000000f0d4b410, 0x00000000f0d50000)
  to   space 512K,   0% used [0x00000000f0c50000, 0x00000000f0c50000, 0x00000000f0cd0000)
 concurrent mark-sweep generation total 35652K, used 23201K [0x00000000f5a00000, 0x00000000f7cd1000, 0x0000000100000000)
 Metaspace       used 37077K, capacity 38702K, committed 38936K, reserved 1083392K
  class space    used 4705K, capacity 5023K, committed 5144K, reserved 1048576K
2019-10-16T14:16:55.910+0000: 15.762: [GC (Allocation Failure) 2019-10-16T14:16:55.911+0000: 15.763: [ParNew
Desired survivor size 262144 bytes, new threshold 6 (max 6)
- age   1:      53976 bytes,      53976 total
- age   2:      77520 bytes,     131496 total
- age   3:     107488 bytes,     238984 total
: 4909K->285K(4928K), 0.0033591 secs] 28110K->23591K(40580K), 0.0034190 secs] [Times: user=0.00 sys=0.00, real=0.00 secs] 
Heap after GC invocations=588 (full 5):
 par new generation   total 4928K, used 285K [0x00000000f0800000, 0x00000000f0d50000, 0x00000000f5a00000)
  eden space 4416K,   0% used [0x00000000f0800000, 0x00000000f0800000, 0x00000000f0c50000)
  from space 512K,  55% used [0x00000000f0c50000, 0x00000000f0c97608, 0x00000000f0cd0000)
  to   space 512K,   0% used [0x00000000f0cd0000, 0x00000000f0cd0000, 0x00000000f0d50000)
 concurrent mark-sweep generation total 35652K, used 23306K [0x00000000f5a00000, 0x00000000f7cd1000, 0x0000000100000000)
 Metaspace       used 37077K, capacity 38702K, committed 38936K, reserved 1083392K
  class space    used 4705K, capacity 5023K, committed 5144K, reserved 1048576K
}
2019-10-16T14:16:55.914+0000: 15.766: Total time for which application threads were stopped: 0.0035453 seconds, Stopping threads took: 0.0000235 seconds
{Heap before GC invocations=588 (full 5):
 par new generation   total 4928K, used 4701K [0x00000000f0800000, 0x00000000f0d50000, 0x00000000f5a00000)
  eden space 4416K, 100% used [0x00000000f0800000, 0x00000000f0c50000, 0x00000000f0c50000)
  from space 512K,  55% used [0x00000000f0c50000, 0x00000000f0c97608, 0x00000000f0cd0000)
  to   space 512K,   0% used [0x00000000f0cd0000, 0x00000000f0cd0000, 0x00000000f0d50000)
 concurrent mark-sweep generation total 35652K, used 23306K [0x00000000f5a00000, 0x00000000f7cd1000, 0x0000000100000000)
 Metaspace       used 37147K, capacity 38798K, committed 38936K, reserved 1083392K
  class space    used 4724K, capacity 5055K, committed 5144K, reserved 1048576K
2019-10-16T14:16:55.931+0000: 15.783: [GC (Allocation Failure) 2019-10-16T14:16:55.931+0000: 15.783: [ParNew
Desired survivor size 262144 bytes, new threshold 6 (max 6)
- age   1:      20688 bytes,      20688 total
- age   2:      52000 bytes,      72688 total
- age   3:      77520 bytes,     150208 total
- age   4:     107488 bytes,     257696 total
: 4701K->492K(4928K), 0.0023645 secs] 28007K->23799K(40580K), 0.0023978 secs] [Times: user=0.01 sys=0.00, real=0.00 secs] 
Heap after GC invocations=589 (full 5):
 par new generation   total 4928K, used 492K [0x00000000f0800000, 0x00000000f0d50000, 0x00000000f5a00000)
  eden space 4416K,   0% used [0x00000000f0800000, 0x00000000f0800000, 0x00000000f0c50000)
  from space 512K,  96% used [0x00000000f0cd0000, 0x00000000f0d4b288, 0x00000000f0d50000)
  to   space 512K,   0% used [0x00000000f0c50000, 0x00000000f0c50000, 0x00000000f0cd0000)
 concurrent mark-sweep generation total 35652K, used 23306K [0x00000000f5a00000, 0x00000000f7cd1000, 0x0000000100000000)
 Metaspace       used 37147K, capacity 38798K, committed 38936K, reserved 1083392K
  class space    used 4724K, capacity 5055K, committed 5144K, reserved 1048576K
}
2019-10-16T14:16:55.933+0000: 15.785: Total time for which application threads were stopped: 0.0024909 seconds, Stopping threads took: 0.0000185 seconds
{Heap before GC invocations=589 (full 5):
 par new generation   total 4928K, used 4908K [0x00000000f0800000, 0x00000000f0d50000, 0x00000000f5a00000)
  eden space 4416K, 100% used [0x00000000f0800000, 0x00000000f0c50000, 0x00000000f0c50000)
  from space 512K,  96% used [0x00000000f0cd0000, 0x00000000f0d4b288, 0x00000000f0d50000)
  to   space 512K,   0% used [0x00000000f0c50000, 0x00000000f0c50000, 0x00000000f0cd0000)
 concurrent mark-sweep generation total 35652K, used 23306K [0x00000000f5a00000, 0x00000000f7cd1000, 0x0000000100000000)
 Metaspace       used 37195K, capacity 38862K, committed 39192K, reserved 1083392K
  class space    used 4726K, capacity 5055K, committed 5144K, reserved 1048576K
2019-10-16T14:16:55.973+0000: 15.825: [GC (Allocation Failure) 2019-10-16T14:16:55.973+0000: 15.825: [ParNew
Desired survivor size 262144 bytes, new threshold 4 (max 6)
- age   1:     146504 bytes,     146504 total
- age   2:      15904 bytes,     162408 total
- age   3:      51768 bytes,     214176 total
- age   4:      77520 bytes,     291696 total
- age   5:     107488 bytes,     399184 total
: 4908K->466K(4928K), 0.0031130 secs] 28215K->23773K(40580K), 0.0031815 secs] [Times: user=0.00 sys=0.00, real=0.00 secs] 
Heap after GC invocations=590 (full 5):
 par new generation   total 4928K, used 466K [0x00000000f0800000, 0x00000000f0d50000, 0x00000000f5a00000)
  eden space 4416K,   0% used [0x00000000f0800000, 0x00000000f0800000, 0x00000000f0c50000)
  from space 512K,  91% used [0x00000000f0c50000, 0x00000000f0cc4b50, 0x00000000f0cd0000)
  to   space 512K,   0% used [0x00000000f0cd0000, 0x00000000f0cd0000, 0x00000000f0d50000)
 concurrent mark-sweep generation total 35652K, used 23306K [0x00000000f5a00000, 0x00000000f7cd1000, 0x0000000100000000)
 Metaspace       used 37195K, capacity 38862K, committed 39192K, reserved 1083392K
  class space    used 4726K, capacity 5055K, committed 5144K, reserved 1048576K
}
2019-10-16T14:16:55.976+0000: 15.829: Total time for which application threads were stopped: 0.0033093 seconds, Stopping threads took: 0.0000368 seconds
{Heap before GC invocations=590 (full 5):
 par new generation   total 4928K, used 4882K [0x00000000f0800000, 0x00000000f0d50000, 0x00000000f5a00000)
  eden space 4416K, 100% used [0x00000000f0800000, 0x00000000f0c50000, 0x00000000f0c50000)
  from space 512K,  91% used [0x00000000f0c50000, 0x00000000f0cc4b50, 0x00000000f0cd0000)
  to   space 512K,   0% used [0x00000000f0cd0000, 0x00000000f0cd0000, 0x00000000f0d50000)
 concurrent mark-sweep generation total 35652K, used 23306K [0x00000000f5a00000, 0x00000000f7cd1000, 0x0000000100000000)
 Metaspace       used 37244K, capacity 38862K, committed 39192K, reserved 1083392K
  class space    used 4731K, capacity 5055K, committed 5144K, reserved 1048576K
2019-10-16T14:16:56.033+0000: 15.885: [GC (Allocation Failure) 2019-10-16T14:16:56.033+0000: 15.885: [ParNew
Desired survivor size 262144 bytes, new threshold 3 (max 6)
- age   1:     109256 bytes,     109256 total
- age   2:     143688 bytes,     252944 total
- age   3:      15792 bytes,     268736 total
- age   4:      49760 bytes,     318496 total
: 4882K->331K(4928K), 0.0042077 secs] 28189K->23811K(40580K), 0.0042745 secs] [Times: user=0.00 sys=0.00, real=0.00 secs] 
Heap after GC invocations=591 (full 5):
 par new generation   total 4928K, used 331K [0x00000000f0800000, 0x00000000f0d50000, 0x00000000f5a00000)
  eden space 4416K,   0% used [0x00000000f0800000, 0x00000000f0800000, 0x00000000f0c50000)
  from space 512K,  64% used [0x00000000f0cd0000, 0x00000000f0d22d18, 0x00000000f0d50000)
  to   space 512K,   0% used [0x00000000f0c50000, 0x00000000f0c50000, 0x00000000f0cd0000)
 concurrent mark-sweep generation total 35652K, used 23480K [0x00000000f5a00000, 0x00000000f7cd1000, 0x0000000100000000)
 Metaspace       used 37244K, capacity 38862K, committed 39192K, reserved 1083392K
  class space    used 4731K, capacity 5055K, committed 5144K, reserved 1048576K
}
2019-10-16T14:16:56.037+0000: 15.889: Total time for which application threads were stopped: 0.0044469 seconds, Stopping threads took: 0.0000578 seconds
{Heap before GC invocations=591 (full 5):
 par new generation   total 4928K, used 4747K [0x00000000f0800000, 0x00000000f0d50000, 0x00000000f5a00000)
  eden space 4416K, 100% used [0x00000000f0800000, 0x00000000f0c50000, 0x00000000f0c50000)
  from space 512K,  64% used [0x00000000f0cd0000, 0x00000000f0d22d18, 0x00000000f0d50000)
  to   space 512K,   0% used [0x00000000f0c50000, 0x00000000f0c50000, 0x00000000f0cd0000)
 concurrent mark-sweep generation total 35652K, used 23480K [0x00000000f5a00000, 0x00000000f7cd1000, 0x0000000100000000)
 Metaspace       used 37297K, capacity 38946K, committed 39192K, reserved 1083392K
  class space    used 4738K, capacity 5059K, committed 5144K, reserved 1048576K
2019-10-16T14:16:56.079+0000: 15.931: [GC (Allocation Failure) 2019-10-16T14:16:56.079+0000: 15.931: [ParNew
Desired survivor size 262144 bytes, new threshold 3 (max 6)
- age   1:     145392 bytes,     145392 total
- age   2:      78320 bytes,     223712 total
- age   3:     143688 bytes,     367400 total
: 4747K->512K(4928K), 0.0033950 secs] 28227K->24057K(40580K), 0.0034466 secs] [Times: user=0.00 sys=0.00, real=0.01 secs] 
Heap after GC invocations=592 (full 5):
 par new generation   total 4928K, used 512K [0x00000000f0800000, 0x00000000f0d50000, 0x00000000f5a00000)
  eden space 4416K,   0% used [0x00000000f0800000, 0x00000000f0800000, 0x00000000f0c50000)
  from space 512K, 100% used [0x00000000f0c50000, 0x00000000f0cd0000, 0x00000000f0cd0000)
  to   space 512K,   0% used [0x00000000f0cd0000, 0x00000000f0cd0000, 0x00000000f0d50000)
 concurrent mark-sweep generation total 35652K, used 23545K [0x00000000f5a00000, 0x00000000f7cd1000, 0x0000000100000000)
 Metaspace       used 37297K, capacity 38946K, committed 39192K, reserved 1083392K
  class space    used 4738K, capacity 5059K, committed 5144K, reserved 1048576K
}
2019-10-16T14:16:56.082+0000: 15.934: Total time for which application threads were stopped: 0.0035764 seconds, Stopping threads took: 0.0000254 seconds
2019-10-16T14:16:56.085+0000: 15.937: Total time for which application threads were stopped: 0.0004684 seconds, Stopping threads took: 0.0000232 seconds
{Heap before GC invocations=592 (full 5):
 par new generation   total 4928K, used 4928K [0x00000000f0800000, 0x00000000f0d50000, 0x00000000f5a00000)
  eden space 4416K, 100% used [0x00000000f0800000, 0x00000000f0c50000, 0x00000000f0c50000)
  from space 512K, 100% used [0x00000000f0c50000, 0x00000000f0cd0000, 0x00000000f0cd0000)
  to   space 512K,   0% used [0x00000000f0cd0000, 0x00000000f0cd0000, 0x00000000f0d50000)
 concurrent mark-sweep generation total 35652K, used 23545K [0x00000000f5a00000, 0x00000000f7cd1000, 0x0000000100000000)
 Metaspace       used 37573K, capacity 39234K, committed 39448K, reserved 1083392K
  class space    used 4772K, capacity 5091K, committed 5144K, reserved 1048576K
2019-10-16T14:16:56.123+0000: 15.975: [GC (Allocation Failure) 2019-10-16T14:16:56.123+0000: 15.975: [ParNew
Desired survivor size 262144 bytes, new threshold 2 (max 6)
- age   1:     152224 bytes,     152224 total
- age   2:     144112 bytes,     296336 total
- age   3:      78320 bytes,     374656 total
: 4928K->512K(4928K), 0.0077259 secs] 28473K->24201K(40580K), 0.0077752 secs] [Times: user=0.01 sys=0.00, real=0.01 secs] 
Heap after GC invocations=593 (full 5):
 par new generation   total 4928K, used 512K [0x00000000f0800000, 0x00000000f0d50000, 0x00000000f5a00000)
  eden space 4416K,   0% used [0x00000000f0800000, 0x00000000f0800000, 0x00000000f0c50000)
  from space 512K, 100% used [0x00000000f0cd0000, 0x00000000f0d50000, 0x00000000f0d50000)
  to   space 512K,   0% used [0x00000000f0c50000, 0x00000000f0c50000, 0x00000000f0cd0000)
 concurrent mark-sweep generation total 35652K, used 23689K [0x00000000f5a00000, 0x00000000f7cd1000, 0x0000000100000000)
 Metaspace       used 37573K, capacity 39234K, committed 39448K, reserved 1083392K
  class space    used 4772K, capacity 5091K, committed 5144K, reserved 1048576K
}
2019-10-16T14:16:56.131+0000: 15.983: Total time for which application threads were stopped: 0.0078938 seconds, Stopping threads took: 0.0000233 seconds
{Heap before GC invocations=593 (full 5):
 par new generation   total 4928K, used 4927K [0x00000000f0800000, 0x00000000f0d50000, 0x00000000f5a00000)
  eden space 4416K,  99% used [0x00000000f0800000, 0x00000000f0c4ffd8, 0x00000000f0c50000)
  from space 512K, 100% used [0x00000000f0cd0000, 0x00000000f0d50000, 0x00000000f0d50000)
  to   space 512K,   0% used [0x00000000f0c50000, 0x00000000f0c50000, 0x00000000f0cd0000)
 concurrent mark-sweep generation total 35652K, used 23689K [0x00000000f5a00000, 0x00000000f7cd1000, 0x0000000100000000)
 Metaspace       used 37699K, capacity 39394K, committed 39448K, reserved 1083392K
  class space    used 4782K, capacity 5123K, committed 5144K, reserved 1048576K
2019-10-16T14:16:56.151+0000: 16.003: [GC (Allocation Failure) 2019-10-16T14:16:56.151+0000: 16.003: [ParNew
Desired survivor size 262144 bytes, new threshold 6 (max 6)
- age   1:      37624 bytes,      37624 total
- age   2:     150576 bytes,     188200 total
: 4927K->362K(4928K), 0.0033947 secs] 28617K->24268K(40580K), 0.0034350 secs] [Times: user=0.01 sys=0.00, real=0.00 secs] 
Heap after GC invocations=594 (full 5):
 par new generation   total 4928K, used 362K [0x00000000f0800000, 0x00000000f0d50000, 0x00000000f5a00000)
  eden space 4416K,   0% used [0x00000000f0800000, 0x00000000f0800000, 0x00000000f0c50000)
  from space 512K,  70% used [0x00000000f0c50000, 0x00000000f0caabb8, 0x00000000f0cd0000)
  to   space 512K,   0% used [0x00000000f0cd0000, 0x00000000f0cd0000, 0x00000000f0d50000)
 concurrent mark-sweep generation total 35652K, used 23906K [0x00000000f5a00000, 0x00000000f7cd1000, 0x0000000100000000)
 Metaspace       used 37699K, capacity 39394K, committed 39448K, reserved 1083392K
  class space    used 4782K, capacity 5123K, committed 5144K, reserved 1048576K
}
2019-10-16T14:16:56.155+0000: 16.007: Total time for which application threads were stopped: 0.0035441 seconds, Stopping threads took: 0.0000210 seconds
{Heap before GC invocations=594 (full 5):
 par new generation   total 4928K, used 4778K [0x00000000f0800000, 0x00000000f0d50000, 0x00000000f5a00000)
  eden space 4416K, 100% used [0x00000000f0800000, 0x00000000f0c50000, 0x00000000f0c50000)
  from space 512K,  70% used [0x00000000f0c50000, 0x00000000f0caabb8, 0x00000000f0cd0000)
  to   space 512K,   0% used [0x00000000f0cd0000, 0x00000000f0cd0000, 0x00000000f0d50000)
 concurrent mark-sweep generation total 35652K, used 23906K [0x00000000f5a00000, 0x00000000f7cd1000, 0x0000000100000000)
 Metaspace       used 37831K, capacity 39458K, committed 39704K, reserved 1083392K
  class space    used 4797K, capacity 5123K, committed 5144K, reserved 1048576K
2019-10-16T14:16:56.181+0000: 16.033: [GC (Allocation Failure) 2019-10-16T14:16:56.181+0000: 16.033: [ParNew
Desired survivor size 262144 bytes, new threshold 3 (max 6)
- age   1:      95776 bytes,      95776 total
- age   2:      33728 bytes,     129504 total
- age   3:     146272 bytes,     275776 total
: 4778K->319K(4928K), 0.0020685 secs] 28684K->24225K(40580K), 0.0021117 secs] [Times: user=0.00 sys=0.00, real=0.01 secs] 
Heap after GC invocations=595 (full 5):
 par new generation   total 4928K, used 319K [0x00000000f0800000, 0x00000000f0d50000, 0x00000000f5a00000)
  eden space 4416K,   0% used [0x00000000f0800000, 0x00000000f0800000, 0x00000000f0c50000)
  from space 512K,  62% used [0x00000000f0cd0000, 0x00000000f0d1fc40, 0x00000000f0d50000)
  to   space 512K,   0% used [0x00000000f0c50000, 0x00000000f0c50000, 0x00000000f0cd0000)
 concurrent mark-sweep generation total 35652K, used 23906K [0x00000000f5a00000, 0x00000000f7cd1000, 0x0000000100000000)
 Metaspace       used 37831K, capacity 39458K, committed 39704K, reserved 1083392K
  class space    used 4797K, capacity 5123K, committed 5144K, reserved 1048576K
}
2019-10-16T14:16:56.183+0000: 16.035: Total time for which application threads were stopped: 0.0022163 seconds, Stopping threads took: 0.0000218 seconds
{Heap before GC invocations=595 (full 5):
 par new generation   total 4928K, used 4735K [0x00000000f0800000, 0x00000000f0d50000, 0x00000000f5a00000)
  eden space 4416K, 100% used [0x00000000f0800000, 0x00000000f0c50000, 0x00000000f0c50000)
  from space 512K,  62% used [0x00000000f0cd0000, 0x00000000f0d1fc40, 0x00000000f0d50000)
  to   space 512K,   0% used [0x00000000f0c50000, 0x00000000f0c50000, 0x00000000f0cd0000)
 concurrent mark-sweep generation total 35652K, used 23906K [0x00000000f5a00000, 0x00000000f7cd1000, 0x0000000100000000)
 Metaspace       used 37886K, capacity 39522K, committed 39704K, reserved 1083392K
  class space    used 4803K, capacity 5123K, committed 5144K, reserved 1048576K
2019-10-16T14:16:56.198+0000: 16.050: [GC (Allocation Failure) 2019-10-16T14:16:56.198+0000: 16.050: [ParNew
Desired survivor size 262144 bytes, new threshold 6 (max 6)
- age   1:      19816 bytes,      19816 total
- age   2:      65440 bytes,      85256 total
- age   3:      30472 bytes,     115728 total
: 4735K->241K(4928K), 0.0022927 secs] 28641K->24291K(40580K), 0.0023282 secs] [Times: user=0.00 sys=0.00, real=0.00 secs] 
Heap after GC invocations=596 (full 5):
 par new generation   total 4928K, used 241K [0x00000000f0800000, 0x00000000f0d50000, 0x00000000f5a00000)
  eden space 4416K,   0% used [0x00000000f0800000, 0x00000000f0800000, 0x00000000f0c50000)
  from space 512K,  47% used [0x00000000f0c50000, 0x00000000f0c8c7c8, 0x00000000f0cd0000)
  to   space 512K,   0% used [0x00000000f0cd0000, 0x00000000f0cd0000, 0x00000000f0d50000)
 concurrent mark-sweep generation total 35652K, used 24049K [0x00000000f5a00000, 0x00000000f7cd1000, 0x0000000100000000)
 Metaspace       used 37886K, capacity 39522K, committed 39704K, reserved 1083392K
  class space    used 4803K, capacity 5123K, committed 5144K, reserved 1048576K
}
2019-10-16T14:16:56.201+0000: 16.053: Total time for which application threads were stopped: 0.0024240 seconds, Stopping threads took: 0.0000222 seconds
{Heap before GC invocations=596 (full 5):
 par new generation   total 4928K, used 4657K [0x00000000f0800000, 0x00000000f0d50000, 0x00000000f5a00000)
  eden space 4416K, 100% used [0x00000000f0800000, 0x00000000f0c50000, 0x00000000f0c50000)
  from space 512K,  47% used [0x00000000f0c50000, 0x00000000f0c8c7c8, 0x00000000f0cd0000)
  to   space 512K,   0% used [0x00000000f0cd0000, 0x00000000f0cd0000, 0x00000000f0d50000)
 concurrent mark-sweep generation total 35652K, used 24049K [0x00000000f5a00000, 0x00000000f7cd1000, 0x0000000100000000)
 Metaspace       used 38013K, capacity 39650K, committed 39704K, reserved 1083392K
  class space    used 4812K, capacity 5123K, committed 5144K, reserved 1048576K
2019-10-16T14:16:56.224+0000: 16.076: [GC (Allocation Failure) 2019-10-16T14:16:56.224+0000: 16.076: [ParNew
Desired survivor size 262144 bytes, new threshold 6 (max 6)
- age   1:      37144 bytes,      37144 total
- age   2:      16712 bytes,      53856 total
- age   3:      59776 bytes,     113632 total
- age   4:      30376 bytes,     144008 total
: 4657K->205K(4928K), 0.0020151 secs] 28707K->24255K(40580K), 0.0020664 secs] [Times: user=0.01 sys=0.00, real=0.00 secs] 
Heap after GC invocations=597 (full 5):
 par new generation   total 4928K, used 205K [0x00000000f0800000, 0x00000000f0d50000, 0x00000000f5a00000)
  eden space 4416K,   0% used [0x00000000f0800000, 0x00000000f0800000, 0x00000000f0c50000)
  from space 512K,  40% used [0x00000000f0cd0000, 0x00000000f0d03648, 0x00000000f0d50000)
  to   space 512K,   0% used [0x00000000f0c50000, 0x00000000f0c50000, 0x00000000f0cd0000)
 concurrent mark-sweep generation total 35652K, used 24049K [0x00000000f5a00000, 0x00000000f7cd1000, 0x0000000100000000)
 Metaspace       used 38013K, capacity 39650K, committed 39704K, reserved 1083392K
  class space    used 4812K, capacity 5123K, committed 5144K, reserved 1048576K
}
2019-10-16T14:16:56.226+0000: 16.078: Total time for which application threads were stopped: 0.0021928 seconds, Stopping threads took: 0.0000220 seconds
2019-10-16T14:16:56.235+0000: 16.087: Total time for which application threads were stopped: 0.0004482 seconds, Stopping threads took: 0.0000192 seconds
2019-10-16T14:16:56.315+0000: 16.167: Total time for which application threads were stopped: 0.0004634 seconds, Stopping threads took: 0.0000263 seconds
{Heap before GC invocations=597 (full 5):
 par new generation   total 4928K, used 4621K [0x00000000f0800000, 0x00000000f0d50000, 0x00000000f5a00000)
  eden space 4416K, 100% used [0x00000000f0800000, 0x00000000f0c50000, 0x00000000f0c50000)
  from space 512K,  40% used [0x00000000f0cd0000, 0x00000000f0d03648, 0x00000000f0d50000)
  to   space 512K,   0% used [0x00000000f0c50000, 0x00000000f0c50000, 0x00000000f0cd0000)
 concurrent mark-sweep generation total 35652K, used 24049K [0x00000000f5a00000, 0x00000000f7cd1000, 0x0000000100000000)
 Metaspace       used 38626K, capacity 40258K, committed 40344K, reserved 1085440K
  class space    used 4905K, capacity 5219K, committed 5272K, reserved 1048576K
2019-10-16T14:16:56.332+0000: 16.184: [GC (Allocation Failure) 2019-10-16T14:16:56.332+0000: 16.184: [ParNew
Desired survivor size 262144 bytes, new threshold 1 (max 6)
- age   1:     459008 bytes,     459008 total
- age   2:       8984 bytes,     467992 total
- age   3:       7264 bytes,     475256 total
- age   4:      46856 bytes,     522112 total
- age   5:       1704 bytes,     523816 total
: 4621K->512K(4928K), 0.0105213 secs] 28671K->27084K(40580K), 0.0105844 secs] [Times: user=0.01 sys=0.01, real=0.01 secs] 
Heap after GC invocations=598 (full 5):
 par new generation   total 4928K, used 512K [0x00000000f0800000, 0x00000000f0d50000, 0x00000000f5a00000)
  eden space 4416K,   0% used [0x00000000f0800000, 0x00000000f0800000, 0x00000000f0c50000)
  from space 512K, 100% used [0x00000000f0c50000, 0x00000000f0cd0000, 0x00000000f0cd0000)
  to   space 512K,   0% used [0x00000000f0cd0000, 0x00000000f0cd0000, 0x00000000f0d50000)
 concurrent mark-sweep generation total 35652K, used 26572K [0x00000000f5a00000, 0x00000000f7cd1000, 0x0000000100000000)
 Metaspace       used 38626K, capacity 40258K, committed 40344K, reserved 1085440K
  class space    used 4905K, capacity 5219K, committed 5272K, reserved 1048576K
}
2019-10-16T14:16:56.343+0000: 16.195: Total time for which application threads were stopped: 0.0106865 seconds, Stopping threads took: 0.0000113 seconds
2019-10-16T14:16:56.352+0000: 16.204: Total time for which application threads were stopped: 0.0004991 seconds, Stopping threads took: 0.0000225 seconds
2019-10-16T14:16:56.363+0000: 16.215: Total time for which application threads were stopped: 0.0002926 seconds, Stopping threads took: 0.0000194 seconds
{Heap before GC invocations=598 (full 5):
 par new generation   total 4928K, used 4928K [0x00000000f0800000, 0x00000000f0d50000, 0x00000000f5a00000)
  eden space 4416K, 100% used [0x00000000f0800000, 0x00000000f0c50000, 0x00000000f0c50000)
  from space 512K, 100% used [0x00000000f0c50000, 0x00000000f0cd0000, 0x00000000f0cd0000)
  to   space 512K,   0% used [0x00000000f0cd0000, 0x00000000f0cd0000, 0x00000000f0d50000)
 concurrent mark-sweep generation total 35652K, used 26572K [0x00000000f5a00000, 0x00000000f7cd1000, 0x0000000100000000)
 Metaspace       used 38883K, capacity 40514K, committed 40728K, reserved 1085440K
  class space    used 4941K, capacity 5283K, committed 5400K, reserved 1048576K
2019-10-16T14:16:56.398+0000: 16.250: [GC (Allocation Failure) 2019-10-16T14:16:56.398+0000: 16.250: [ParNew
Desired survivor size 262144 bytes, new threshold 1 (max 6)
- age   1:     513888 bytes,     513888 total
: 4928K->512K(4928K), 0.0038985 secs] 31500K->27969K(40580K), 0.0039476 secs] [Times: user=0.01 sys=0.00, real=0.01 secs] 
Heap after GC invocations=599 (full 5):
 par new generation   total 4928K, used 512K [0x00000000f0800000, 0x00000000f0d50000, 0x00000000f5a00000)
  eden space 4416K,   0% used [0x00000000f0800000, 0x00000000f0800000, 0x00000000f0c50000)
  from space 512K, 100% used [0x00000000f0cd0000, 0x00000000f0d50000, 0x00000000f0d50000)
  to   space 512K,   0% used [0x00000000f0c50000, 0x00000000f0c50000, 0x00000000f0cd0000)
 concurrent mark-sweep generation total 35652K, used 27457K [0x00000000f5a00000, 0x00000000f7cd1000, 0x0000000100000000)
 Metaspace       used 38883K, capacity 40514K, committed 40728K, reserved 1085440K
  class space    used 4941K, capacity 5283K, committed 5400K, reserved 1048576K
}
2019-10-16T14:16:56.402+0000: 16.254: Total time for which application threads were stopped: 0.0040697 seconds, Stopping threads took: 0.0000234 seconds
2019-10-16T14:16:56.405+0000: 16.257: [GC (CMS Initial Mark) [1 CMS-initial-mark: 27457K(35652K)] 29293K(40580K), 0.0015042 secs] [Times: user=0.00 sys=0.00, real=0.00 secs] 
2019-10-16T14:16:56.407+0000: 16.259: Total time for which application threads were stopped: 0.0015744 seconds, Stopping threads took: 0.0000249 seconds
2019-10-16T14:16:56.411+0000: 16.263: [CMS-concurrent-mark-start]
{Heap before GC invocations=599 (full 6):
 par new generation   total 4928K, used 4928K [0x00000000f0800000, 0x00000000f0d50000, 0x00000000f5a00000)
  eden space 4416K, 100% used [0x00000000f0800000, 0x00000000f0c50000, 0x00000000f0c50000)
  from space 512K, 100% used [0x00000000f0cd0000, 0x00000000f0d50000, 0x00000000f0d50000)
  to   space 512K,   0% used [0x00000000f0c50000, 0x00000000f0c50000, 0x00000000f0cd0000)
 concurrent mark-sweep generation total 35652K, used 27457K [0x00000000f5a00000, 0x00000000f7cd1000, 0x0000000100000000)
 Metaspace       used 38953K, capacity 40578K, committed 40728K, reserved 1085440K
  class space    used 4950K, capacity 5283K, committed 5400K, reserved 1048576K
2019-10-16T14:16:56.442+0000: 16.294: [GC (Allocation Failure) 2019-10-16T14:16:56.442+0000: 16.294: [ParNew
Desired survivor size 262144 bytes, new threshold 6 (max 6)
- age   1:      50720 bytes,      50720 total
: 4928K->443K(4928K), 0.0026487 secs] 32385K->28405K(40580K), 0.0027062 secs] [Times: user=0.00 sys=0.00, real=0.00 secs] 
Heap after GC invocations=600 (full 6):
 par new generation   total 4928K, used 443K [0x00000000f0800000, 0x00000000f0d50000, 0x00000000f5a00000)
  eden space 4416K,   0% used [0x00000000f0800000, 0x00000000f0800000, 0x00000000f0c50000)
  from space 512K,  86% used [0x00000000f0c50000, 0x00000000f0cbefa8, 0x00000000f0cd0000)
  to   space 512K,   0% used [0x00000000f0cd0000, 0x00000000f0cd0000, 0x00000000f0d50000)
 concurrent mark-sweep generation total 35652K, used 27961K [0x00000000f5a00000, 0x00000000f7cd1000, 0x0000000100000000)
 Metaspace       used 38953K, capacity 40578K, committed 40728K, reserved 1085440K
  class space    used 4950K, capacity 5283K, committed 5400K, reserved 1048576K
}
2019-10-16T14:16:56.445+0000: 16.297: Total time for which application threads were stopped: 0.0028115 seconds, Stopping threads took: 0.0000142 seconds
{Heap before GC invocations=600 (full 6):
 par new generation   total 4928K, used 4859K [0x00000000f0800000, 0x00000000f0d50000, 0x00000000f5a00000)
  eden space 4416K, 100% used [0x00000000f0800000, 0x00000000f0c50000, 0x00000000f0c50000)
  from space 512K,  86% used [0x00000000f0c50000, 0x00000000f0cbefa8, 0x00000000f0cd0000)
  to   space 512K,   0% used [0x00000000f0cd0000, 0x00000000f0cd0000, 0x00000000f0d50000)
 concurrent mark-sweep generation total 35652K, used 27961K [0x00000000f5a00000, 0x00000000f7cd1000, 0x0000000100000000)
 Metaspace       used 39039K, capacity 40642K, committed 40984K, reserved 1085440K
  class space    used 4959K, capacity 5283K, committed 5400K, reserved 1048576K
2019-10-16T14:16:56.498+0000: 16.350: [GC (Allocation Failure) 2019-10-16T14:16:56.498+0000: 16.350: [ParNew
Desired survivor size 262144 bytes, new threshold 6 (max 6)
- age   1:      66296 bytes,      66296 total
- age   2:      47064 bytes,     113360 total
: 4859K->121K(4928K), 0.0020117 secs] 32821K->28082K(40580K), 0.0020721 secs] [Times: user=0.00 sys=0.00, real=0.00 secs] 
Heap after GC invocations=601 (full 6):
 par new generation   total 4928K, used 121K [0x00000000f0800000, 0x00000000f0d50000, 0x00000000f5a00000)
  eden space 4416K,   0% used [0x00000000f0800000, 0x00000000f0800000, 0x00000000f0c50000)
  from space 512K,  23% used [0x00000000f0cd0000, 0x00000000f0cee678, 0x00000000f0d50000)
  to   space 512K,   0% used [0x00000000f0c50000, 0x00000000f0c50000, 0x00000000f0cd0000)
 concurrent mark-sweep generation total 35652K, used 27961K [0x00000000f5a00000, 0x00000000f7cd1000, 0x0000000100000000)
 Metaspace       used 39039K, capacity 40642K, committed 40984K, reserved 1085440K
  class space    used 4959K, capacity 5283K, committed 5400K, reserved 1048576K
}
2019-10-16T14:16:56.500+0000: 16.352: Total time for which application threads were stopped: 0.0021992 seconds, Stopping threads took: 0.0000398 seconds
2019-10-16T14:16:56.520+0000: 16.372: [CMS-concurrent-mark: 0.109/0.109 secs] [Times: user=0.11 sys=0.00, real=0.10 secs] 
2019-10-16T14:16:56.520+0000: 16.372: [CMS-concurrent-preclean-start]
2019-10-16T14:16:56.521+0000: 16.373: [CMS-concurrent-preclean: 0.001/0.001 secs] [Times: user=0.00 sys=0.00, real=0.00 secs] 
2019-10-16T14:16:56.521+0000: 16.373: [CMS-concurrent-abortable-preclean-start]
{Heap before GC invocations=601 (full 6):
 par new generation   total 4928K, used 4537K [0x00000000f0800000, 0x00000000f0d50000, 0x00000000f5a00000)
  eden space 4416K, 100% used [0x00000000f0800000, 0x00000000f0c50000, 0x00000000f0c50000)
  from space 512K,  23% used [0x00000000f0cd0000, 0x00000000f0cee678, 0x00000000f0d50000)
  to   space 512K,   0% used [0x00000000f0c50000, 0x00000000f0c50000, 0x00000000f0cd0000)
 concurrent mark-sweep generation total 35652K, used 27961K [0x00000000f5a00000, 0x00000000f7cd1000, 0x0000000100000000)
 Metaspace       used 39130K, capacity 40776K, committed 40984K, reserved 1085440K
  class space    used 4969K, capacity 5284K, committed 5400K, reserved 1048576K
2019-10-16T14:16:56.534+0000: 16.386: [GC (Allocation Failure) 2019-10-16T14:16:56.534+0000: 16.386: [ParNew
Desired survivor size 262144 bytes, new threshold 6 (max 6)
- age   1:      34408 bytes,      34408 total
- age   2:      45960 bytes,      80368 total
- age   3:      44592 bytes,     124960 total
: 4537K->224K(4928K), 0.0015257 secs] 32498K->28185K(40580K), 0.0015688 secs] [Times: user=0.00 sys=0.00, real=0.00 secs] 
Heap after GC invocations=602 (full 6):
 par new generation   total 4928K, used 224K [0x00000000f0800000, 0x00000000f0d50000, 0x00000000f5a00000)
  eden space 4416K,   0% used [0x00000000f0800000, 0x00000000f0800000, 0x00000000f0c50000)
  from space 512K,  43% used [0x00000000f0c50000, 0x00000000f0c88280, 0x00000000f0cd0000)
  to   space 512K,   0% used [0x00000000f0cd0000, 0x00000000f0cd0000, 0x00000000f0d50000)
 concurrent mark-sweep generation total 35652K, used 27961K [0x00000000f5a00000, 0x00000000f7cd1000, 0x0000000100000000)
 Metaspace       used 39130K, capacity 40776K, committed 40984K, reserved 1085440K
  class space    used 4969K, capacity 5284K, committed 5400K, reserved 1048576K
}
2019-10-16T14:16:56.536+0000: 16.388: Total time for which application threads were stopped: 0.0016999 seconds, Stopping threads took: 0.0000228 seconds
2019-10-16T14:16:56.548+0000: 16.400: Total time for which application threads were stopped: 0.0004628 seconds, Stopping threads took: 0.0000170 seconds
{Heap before GC invocations=602 (full 6):
 par new generation   total 4928K, used 4640K [0x00000000f0800000, 0x00000000f0d50000, 0x00000000f5a00000)
  eden space 4416K, 100% used [0x00000000f0800000, 0x00000000f0c50000, 0x00000000f0c50000)
  from space 512K,  43% used [0x00000000f0c50000, 0x00000000f0c88280, 0x00000000f0cd0000)
  to   space 512K,   0% used [0x00000000f0cd0000, 0x00000000f0cd0000, 0x00000000f0d50000)
 concurrent mark-sweep generation total 35652K, used 27961K [0x00000000f5a00000, 0x00000000f7cd1000, 0x0000000100000000)
 Metaspace       used 39236K, capacity 40936K, committed 41240K, reserved 1085440K
  class space    used 4980K, capacity 5316K, committed 5400K, reserved 1048576K
2019-10-16T14:16:56.566+0000: 16.418: [GC (Allocation Failure) 2019-10-16T14:16:56.566+0000: 16.418: [ParNew
Desired survivor size 262144 bytes, new threshold 6 (max 6)
- age   1:      47608 bytes,      47608 total
- age   2:      29848 bytes,      77456 total
- age   3:      41560 bytes,     119016 total
- age   4:      44592 bytes,     163608 total
: 4640K->220K(4928K), 0.0018822 secs] 32601K->28181K(40580K), 0.0019557 secs] [Times: user=0.00 sys=0.00, real=0.00 secs] 
Heap after GC invocations=603 (full 6):
 par new generation   total 4928K, used 220K [0x00000000f0800000, 0x00000000f0d50000, 0x00000000f5a00000)
  eden space 4416K,   0% used [0x00000000f0800000, 0x00000000f0800000, 0x00000000f0c50000)
  from space 512K,  43% used [0x00000000f0cd0000, 0x00000000f0d072c0, 0x00000000f0d50000)
  to   space 512K,   0% used [0x00000000f0c50000, 0x00000000f0c50000, 0x00000000f0cd0000)
 concurrent mark-sweep generation total 35652K, used 27961K [0x00000000f5a00000, 0x00000000f7cd1000, 0x0000000100000000)
 Metaspace       used 39236K, capacity 40936K, committed 41240K, reserved 1085440K
  class space    used 4980K, capacity 5316K, committed 5400K, reserved 1048576K
}
2019-10-16T14:16:56.568+0000: 16.420: Total time for which application threads were stopped: 0.0020765 seconds, Stopping threads took: 0.0000249 seconds
{Heap before GC invocations=603 (full 6):
 par new generation   total 4928K, used 4636K [0x00000000f0800000, 0x00000000f0d50000, 0x00000000f5a00000)
  eden space 4416K, 100% used [0x00000000f0800000, 0x00000000f0c50000, 0x00000000f0c50000)
  from space 512K,  43% used [0x00000000f0cd0000, 0x00000000f0d072c0, 0x00000000f0d50000)
  to   space 512K,   0% used [0x00000000f0c50000, 0x00000000f0c50000, 0x00000000f0cd0000)
 concurrent mark-sweep generation total 35652K, used 27961K [0x00000000f5a00000, 0x00000000f7cd1000, 0x0000000100000000)
 Metaspace       used 39281K, capacity 41006K, committed 41240K, reserved 1085440K
  class space    used 4986K, capacity 5317K, committed 5400K, reserved 1048576K
2019-10-16T14:16:56.590+0000: 16.442: [GC (Allocation Failure) 2019-10-16T14:16:56.590+0000: 16.442: [ParNew
Desired survivor size 262144 bytes, new threshold 6 (max 6)
- age   1:      25896 bytes,      25896 total
- age   2:      43880 bytes,      69776 total
- age   3:      27688 bytes,      97464 total
- age   4:      41560 bytes,     139024 total
- age   5:      44592 bytes,     183616 total
: 4636K->275K(4928K), 0.0020974 secs] 32597K->28236K(40580K), 0.0021516 secs] [Times: user=0.00 sys=0.00, real=0.01 secs] 
Heap after GC invocations=604 (full 6):
 par new generation   total 4928K, used 275K [0x00000000f0800000, 0x00000000f0d50000, 0x00000000f5a00000)
  eden space 4416K,   0% used [0x00000000f0800000, 0x00000000f0800000, 0x00000000f0c50000)
  from space 512K,  53% used [0x00000000f0c50000, 0x00000000f0c94cc0, 0x00000000f0cd0000)
  to   space 512K,   0% used [0x00000000f0cd0000, 0x00000000f0cd0000, 0x00000000f0d50000)
 concurrent mark-sweep generation total 35652K, used 27961K [0x00000000f5a00000, 0x00000000f7cd1000, 0x0000000100000000)
 Metaspace       used 39281K, capacity 41006K, committed 41240K, reserved 1085440K
  class space    used 4986K, capacity 5317K, committed 5400K, reserved 1048576K
}
2019-10-16T14:16:56.592+0000: 16.444: Total time for which application threads were stopped: 0.0022653 seconds, Stopping threads took: 0.0000208 seconds
{Heap before GC invocations=604 (full 6):
 par new generation   total 4928K, used 4691K [0x00000000f0800000, 0x00000000f0d50000, 0x00000000f5a00000)
  eden space 4416K, 100% used [0x00000000f0800000, 0x00000000f0c50000, 0x00000000f0c50000)
  from space 512K,  53% used [0x00000000f0c50000, 0x00000000f0c94cc0, 0x00000000f0cd0000)
  to   space 512K,   0% used [0x00000000f0cd0000, 0x00000000f0cd0000, 0x00000000f0d50000)
 concurrent mark-sweep generation total 35652K, used 27961K [0x00000000f5a00000, 0x00000000f7cd1000, 0x0000000100000000)
 Metaspace       used 39370K, capacity 41082K, committed 41240K, reserved 1085440K
  class space    used 4995K, capacity 5319K, committed 5400K, reserved 1048576K
2019-10-16T14:16:56.625+0000: 16.477: [GC (Allocation Failure) 2019-10-16T14:16:56.625+0000: 16.477: [ParNew
Desired survivor size 262144 bytes, new threshold 6 (max 6)
- age   1:      53120 bytes,      53120 total
- age   2:      22560 bytes,      75680 total
- age   3:      42720 bytes,     118400 total
- age   4:      25656 bytes,     144056 total
- age   5:      41544 bytes,     185600 total
- age   6:      44592 bytes,     230192 total
: 4691K->336K(4928K), 0.0024787 secs] 32652K->28297K(40580K), 0.0025270 secs] [Times: user=0.00 sys=0.00, real=0.00 secs] 
Heap after GC invocations=605 (full 6):
 par new generation   total 4928K, used 336K [0x00000000f0800000, 0x00000000f0d50000, 0x00000000f5a00000)
  eden space 4416K,   0% used [0x00000000f0800000, 0x00000000f0800000, 0x00000000f0c50000)
  from space 512K,  65% used [0x00000000f0cd0000, 0x00000000f0d241f0, 0x00000000f0d50000)
  to   space 512K,   0% used [0x00000000f0c50000, 0x00000000f0c50000, 0x00000000f0cd0000)
 concurrent mark-sweep generation total 35652K, used 27961K [0x00000000f5a00000, 0x00000000f7cd1000, 0x0000000100000000)
 Metaspace       used 39370K, capacity 41082K, committed 41240K, reserved 1085440K
  class space    used 4995K, capacity 5319K, committed 5400K, reserved 1048576K
}
2019-10-16T14:16:56.627+0000: 16.479: Total time for which application threads were stopped: 0.0026415 seconds, Stopping threads took: 0.0000233 seconds
{Heap before GC invocations=605 (full 6):
 par new generation   total 4928K, used 4752K [0x00000000f0800000, 0x00000000f0d50000, 0x00000000f5a00000)
  eden space 4416K, 100% used [0x00000000f0800000, 0x00000000f0c50000, 0x00000000f0c50000)
  from space 512K,  65% used [0x00000000f0cd0000, 0x00000000f0d241f0, 0x00000000f0d50000)
  to   space 512K,   0% used [0x00000000f0c50000, 0x00000000f0c50000, 0x00000000f0cd0000)
 concurrent mark-sweep generation total 35652K, used 27961K [0x00000000f5a00000, 0x00000000f7cd1000, 0x0000000100000000)
 Metaspace       used 39443K, capacity 41082K, committed 41240K, reserved 1085440K
  class space    used 5003K, capacity 5319K, committed 5400K, reserved 1048576K
2019-10-16T14:16:56.653+0000: 16.505: [GC (Allocation Failure) 2019-10-16T14:16:56.653+0000: 16.505: [ParNew
Desired survivor size 262144 bytes, new threshold 6 (max 6)
- age   1:      26992 bytes,      26992 total
- age   2:      49968 bytes,      76960 total
- age   3:      22560 bytes,      99520 total
- age   4:      39192 bytes,     138712 total
- age   5:      25656 bytes,     164368 total
- age   6:      41544 bytes,     205912 total
: 4752K->210K(4928K), 0.0025554 secs] 32713K->28215K(40580K), 0.0026103 secs] [Times: user=0.00 sys=0.00, real=0.00 secs] 
Heap after GC invocations=606 (full 6):
 par new generation   total 4928K, used 210K [0x00000000f0800000, 0x00000000f0d50000, 0x00000000f5a00000)
  eden space 4416K,   0% used [0x00000000f0800000, 0x00000000f0800000, 0x00000000f0c50000)
  from space 512K,  41% used [0x00000000f0c50000, 0x00000000f0c84ad0, 0x00000000f0cd0000)
  to   space 512K,   0% used [0x00000000f0cd0000, 0x00000000f0cd0000, 0x00000000f0d50000)
 concurrent mark-sweep generation total 35652K, used 28005K [0x00000000f5a00000, 0x00000000f7cd1000, 0x0000000100000000)
 Metaspace       used 39443K, capacity 41082K, committed 41240K, reserved 1085440K
  class space    used 5003K, capacity 5319K, committed 5400K, reserved 1048576K
}
2019-10-16T14:16:56.656+0000: 16.508: Total time for which application threads were stopped: 0.0027295 seconds, Stopping threads took: 0.0000231 seconds
2019-10-16T14:16:56.656+0000: 16.508: [CMS-concurrent-abortable-preclean: 0.017/0.135 secs] [Times: user=0.13 sys=0.01, real=0.14 secs] 
2019-10-16T14:16:56.656+0000: 16.508: [GC (CMS Final Remark) [YG occupancy: 211 K (4928 K)]2019-10-16T14:16:56.656+0000: 16.508: [Rescan (parallel) , 0.0013196 secs]2019-10-16T14:16:56.657+0000: 16.509: [weak refs processing, 0.0000395 secs]2019-10-16T14:16:56.657+0000: 16.509: [class unloading, 0.0143081 secs]2019-10-16T14:16:56.672+0000: 16.524: [scrub symbol table, 0.0146030 secs]2019-10-16T14:16:56.686+0000: 16.538: [scrub string table, 0.0007317 secs][1 CMS-remark: 28005K(35652K)] 28216K(40580K), 0.0311455 secs] [Times: user=0.03 sys=0.00, real=0.03 secs] 
2019-10-16T14:16:56.687+0000: 16.539: Total time for which application threads were stopped: 0.0312110 seconds, Stopping threads took: 0.0000154 seconds
2019-10-16T14:16:56.696+0000: 16.548: [CMS-concurrent-sweep-start]
2019-10-16T14:16:56.721+0000: 16.573: [CMS-concurrent-sweep: 0.025/0.025 secs] [Times: user=0.02 sys=0.00, real=0.02 secs] 
2019-10-16T14:16:56.721+0000: 16.573: [CMS-concurrent-reset-start]
2019-10-16T14:16:56.722+0000: 16.574: [CMS-concurrent-reset: 0.000/0.000 secs] [Times: user=0.00 sys=0.00, real=0.00 secs] 
{Heap before GC invocations=606 (full 6):
 par new generation   total 4928K, used 4626K [0x00000000f0800000, 0x00000000f0d50000, 0x00000000f5a00000)
  eden space 4416K, 100% used [0x00000000f0800000, 0x00000000f0c50000, 0x00000000f0c50000)
  from space 512K,  41% used [0x00000000f0c50000, 0x00000000f0c84ad0, 0x00000000f0cd0000)
  to   space 512K,   0% used [0x00000000f0cd0000, 0x00000000f0cd0000, 0x00000000f0d50000)
 concurrent mark-sweep generation total 46008K, used 27604K [0x00000000f5a00000, 0x00000000f86ee000, 0x0000000100000000)
 Metaspace       used 39520K, capacity 41178K, committed 41496K, reserved 1085440K
  class space    used 5009K, capacity 5351K, committed 5400K, reserved 1048576K
2019-10-16T14:16:56.741+0000: 16.593: [GC (Allocation Failure) 2019-10-16T14:16:56.741+0000: 16.593: [ParNew
Desired survivor size 262144 bytes, new threshold 6 (max 6)
- age   1:      77160 bytes,      77160 total
- age   2:      24200 bytes,     101360 total
- age   3:      48624 bytes,     149984 total
- age   4:      20488 bytes,     170472 total
- age   5:      38360 bytes,     208832 total
- age   6:      25656 bytes,     234488 total
: 4626K->405K(4928K), 0.0028766 secs] 32231K->28051K(50936K), 0.0029420 secs] [Times: user=0.00 sys=0.00, real=0.01 secs] 
Heap after GC invocations=607 (full 6):
 par new generation   total 4928K, used 405K [0x00000000f0800000, 0x00000000f0d50000, 0x00000000f5a00000)
  eden space 4416K,   0% used [0x00000000f0800000, 0x00000000f0800000, 0x00000000f0c50000)
  from space 512K,  79% used [0x00000000f0cd0000, 0x00000000f0d35780, 0x00000000f0d50000)
  to   space 512K,   0% used [0x00000000f0c50000, 0x00000000f0c50000, 0x00000000f0cd0000)
 concurrent mark-sweep generation total 46008K, used 27645K [0x00000000f5a00000, 0x00000000f86ee000, 0x0000000100000000)
 Metaspace       used 39520K, capacity 41178K, committed 41496K, reserved 1085440K
  class space    used 5009K, capacity 5351K, committed 5400K, reserved 1048576K
}
2019-10-16T14:16:56.744+0000: 16.596: Total time for which application threads were stopped: 0.0030625 seconds, Stopping threads took: 0.0000250 seconds
2019-10-16T14:16:56.802+0000: 16.654: Total time for which application threads were stopped: 0.0005309 seconds, Stopping threads took: 0.0000244 seconds
{Heap before GC invocations=607 (full 6):
 par new generation   total 4928K, used 4821K [0x00000000f0800000, 0x00000000f0d50000, 0x00000000f5a00000)
  eden space 4416K, 100% used [0x00000000f0800000, 0x00000000f0c50000, 0x00000000f0c50000)
  from space 512K,  79% used [0x00000000f0cd0000, 0x00000000f0d35780, 0x00000000f0d50000)
  to   space 512K,   0% used [0x00000000f0c50000, 0x00000000f0c50000, 0x00000000f0cd0000)
 concurrent mark-sweep generation total 46008K, used 27645K [0x00000000f5a00000, 0x00000000f86ee000, 0x0000000100000000)
 Metaspace       used 39730K, capacity 41382K, committed 41496K, reserved 1085440K
  class space    used 5023K, capacity 5353K, committed 5400K, reserved 1048576K
2019-10-16T14:16:56.814+0000: 16.666: [GC (Allocation Failure) 2019-10-16T14:16:56.814+0000: 16.666: [ParNew
Desired survivor size 262144 bytes, new threshold 4 (max 6)
- age   1:     120816 bytes,     120816 total
- age   2:      73640 bytes,     194456 total
- age   3:      23808 bytes,     218264 total
- age   4:      46384 bytes,     264648 total
- age   5:      20488 bytes,     285136 total
- age   6:      38360 bytes,     323496 total
: 4821K->408K(4928K), 0.0033263 secs] 32467K->28080K(50936K), 0.0033856 secs] [Times: user=0.00 sys=0.00, real=0.00 secs] 
Heap after GC invocations=608 (full 6):
 par new generation   total 4928K, used 408K [0x00000000f0800000, 0x00000000f0d50000, 0x00000000f5a00000)
  eden space 4416K,   0% used [0x00000000f0800000, 0x00000000f0800000, 0x00000000f0c50000)
  from space 512K,  79% used [0x00000000f0c50000, 0x00000000f0cb6240, 0x00000000f0cd0000)
  to   space 512K,   0% used [0x00000000f0cd0000, 0x00000000f0cd0000, 0x00000000f0d50000)
 concurrent mark-sweep generation total 46008K, used 27671K [0x00000000f5a00000, 0x00000000f86ee000, 0x0000000100000000)
 Metaspace       used 39730K, capacity 41382K, committed 41496K, reserved 1085440K
  class space    used 5023K, capacity 5353K, committed 5400K, reserved 1048576K
}
2019-10-16T14:16:56.818+0000: 16.670: Total time for which application threads were stopped: 0.0035179 seconds, Stopping threads took: 0.0000340 seconds
2019-10-16T14:16:56.819+0000: 16.671: Total time for which application threads were stopped: 0.0004804 seconds, Stopping threads took: 0.0000089 seconds
{Heap before GC invocations=608 (full 6):
 par new generation   total 4928K, used 4824K [0x00000000f0800000, 0x00000000f0d50000, 0x00000000f5a00000)
  eden space 4416K, 100% used [0x00000000f0800000, 0x00000000f0c50000, 0x00000000f0c50000)
  from space 512K,  79% used [0x00000000f0c50000, 0x00000000f0cb6240, 0x00000000f0cd0000)
  to   space 512K,   0% used [0x00000000f0cd0000, 0x00000000f0cd0000, 0x00000000f0d50000)
 concurrent mark-sweep generation total 46008K, used 27671K [0x00000000f5a00000, 0x00000000f86ee000, 0x0000000100000000)
 Metaspace       used 39779K, capacity 41446K, committed 41752K, reserved 1085440K
  class space    used 5028K, capacity 5353K, committed 5400K, reserved 1048576K
2019-10-16T14:16:56.841+0000: 16.693: [GC (Allocation Failure) 2019-10-16T14:16:56.841+0000: 16.693: [ParNew
Desired survivor size 262144 bytes, new threshold 6 (max 6)
- age   1:      32424 bytes,      32424 total
- age   2:     112144 bytes,     144568 total
- age   3:      72440 bytes,     217008 total
- age   4:      20584 bytes,     237592 total
: 4824K->271K(4928K), 0.0038837 secs] 32496K->28048K(50936K), 0.0039527 secs] [Times: user=0.00 sys=0.00, real=0.01 secs] 
Heap after GC invocations=609 (full 6):
 par new generation   total 4928K, used 271K [0x00000000f0800000, 0x00000000f0d50000, 0x00000000f5a00000)
  eden space 4416K,   0% used [0x00000000f0800000, 0x00000000f0800000, 0x00000000f0c50000)
  from space 512K,  53% used [0x00000000f0cd0000, 0x00000000f0d13ec8, 0x00000000f0d50000)
  to   space 512K,   0% used [0x00000000f0c50000, 0x00000000f0c50000, 0x00000000f0cd0000)
 concurrent mark-sweep generation total 46008K, used 27776K [0x00000000f5a00000, 0x00000000f86ee000, 0x0000000100000000)
 Metaspace       used 39779K, capacity 41446K, committed 41752K, reserved 1085440K
  class space    used 5028K, capacity 5353K, committed 5400K, reserved 1048576K
}
2019-10-16T14:16:56.845+0000: 16.697: Total time for which application threads were stopped: 0.0040868 seconds, Stopping threads took: 0.0000241 seconds
{Heap before GC invocations=609 (full 6):
 par new generation   total 4928K, used 4687K [0x00000000f0800000, 0x00000000f0d50000, 0x00000000f5a00000)
  eden space 4416K, 100% used [0x00000000f0800000, 0x00000000f0c50000, 0x00000000f0c50000)
  from space 512K,  53% used [0x00000000f0cd0000, 0x00000000f0d13ec8, 0x00000000f0d50000)
  to   space 512K,   0% used [0x00000000f0c50000, 0x00000000f0c50000, 0x00000000f0cd0000)
 concurrent mark-sweep generation total 46008K, used 27776K [0x00000000f5a00000, 0x00000000f86ee000, 0x0000000100000000)
 Metaspace       used 39831K, capacity 41446K, committed 41752K, reserved 1085440K
  class space    used 5039K, capacity 5353K, committed 5400K, reserved 1048576K
2019-10-16T14:16:56.872+0000: 16.724: [GC (Allocation Failure) 2019-10-16T14:16:56.872+0000: 16.724: [ParNew
Desired survivor size 262144 bytes, new threshold 3 (max 6)
- age   1:     150760 bytes,     150760 total
- age   2:      29616 bytes,     180376 total
- age   3:     110944 bytes,     291320 total
- age   4:      69576 bytes,     360896 total
- age   5:      20584 bytes,     381480 total
: 4687K->482K(4928K), 0.0027063 secs] 32464K->28259K(50936K), 0.0027551 secs] [Times: user=0.00 sys=0.00, real=0.00 secs] 
Heap after GC invocations=610 (full 6):
 par new generation   total 4928K, used 482K [0x00000000f0800000, 0x00000000f0d50000, 0x00000000f5a00000)
  eden space 4416K,   0% used [0x00000000f0800000, 0x00000000f0800000, 0x00000000f0c50000)
  from space 512K,  94% used [0x00000000f0c50000, 0x00000000f0cc8970, 0x00000000f0cd0000)
  to   space 512K,   0% used [0x00000000f0cd0000, 0x00000000f0cd0000, 0x00000000f0d50000)
 concurrent mark-sweep generation total 46008K, used 27776K [0x00000000f5a00000, 0x00000000f86ee000, 0x0000000100000000)
 Metaspace       used 39831K, capacity 41446K, committed 41752K, reserved 1085440K
  class space    used 5039K, capacity 5353K, committed 5400K, reserved 1048576K
}
2019-10-16T14:16:56.875+0000: 16.727: Total time for which application threads were stopped: 0.0028818 seconds, Stopping threads took: 0.0000250 seconds
{Heap before GC invocations=610 (full 6):
 par new generation   total 4928K, used 4898K [0x00000000f0800000, 0x00000000f0d50000, 0x00000000f5a00000)
  eden space 4416K, 100% used [0x00000000f0800000, 0x00000000f0c50000, 0x00000000f0c50000)
  from space 512K,  94% used [0x00000000f0c50000, 0x00000000f0cc8970, 0x00000000f0cd0000)
  to   space 512K,   0% used [0x00000000f0cd0000, 0x00000000f0cd0000, 0x00000000f0d50000)
 concurrent mark-sweep generation total 46008K, used 27776K [0x00000000f5a00000, 0x00000000f86ee000, 0x0000000100000000)
 Metaspace       used 39938K, capacity 41638K, committed 41752K, reserved 1085440K
  class space    used 5050K, capacity 5353K, committed 5400K, reserved 1048576K
2019-10-16T14:16:56.914+0000: 16.766: [GC (Allocation Failure) 2019-10-16T14:16:56.914+0000: 16.766: [ParNew
Desired survivor size 262144 bytes, new threshold 3 (max 6)
- age   1:     127536 bytes,     127536 total
- age   2:     110768 bytes,     238304 total
- age   3:      24560 bytes,     262864 total
: 4898K->340K(4928K), 0.0039567 secs] 32675K->28317K(50936K), 0.0040255 secs] [Times: user=0.00 sys=0.00, real=0.00 secs] 
Heap after GC invocations=611 (full 6):
 par new generation   total 4928K, used 340K [0x00000000f0800000, 0x00000000f0d50000, 0x00000000f5a00000)
  eden space 4416K,   0% used [0x00000000f0800000, 0x00000000f0800000, 0x00000000f0c50000)
  from space 512K,  66% used [0x00000000f0cd0000, 0x00000000f0d25248, 0x00000000f0d50000)
  to   space 512K,   0% used [0x00000000f0c50000, 0x00000000f0c50000, 0x00000000f0cd0000)
 concurrent mark-sweep generation total 46008K, used 27977K [0x00000000f5a00000, 0x00000000f86ee000, 0x0000000100000000)
 Metaspace       used 39938K, capacity 41638K, committed 41752K, reserved 1085440K
  class space    used 5050K, capacity 5353K, committed 5400K, reserved 1048576K
}
2019-10-16T14:16:56.918+0000: 16.770: Total time for which application threads were stopped: 0.0041685 seconds, Stopping threads took: 0.0000371 seconds
{Heap before GC invocations=611 (full 6):
 par new generation   total 4928K, used 4756K [0x00000000f0800000, 0x00000000f0d50000, 0x00000000f5a00000)
  eden space 4416K, 100% used [0x00000000f0800000, 0x00000000f0c50000, 0x00000000f0c50000)
  from space 512K,  66% used [0x00000000f0cd0000, 0x00000000f0d25248, 0x00000000f0d50000)
  to   space 512K,   0% used [0x00000000f0c50000, 0x00000000f0c50000, 0x00000000f0cd0000)
 concurrent mark-sweep generation total 46008K, used 27977K [0x00000000f5a00000, 0x00000000f86ee000, 0x0000000100000000)
 Metaspace       used 40034K, capacity 41734K, committed 42008K, reserved 1085440K
  class space    used 5057K, capacity 5385K, committed 5400K, reserved 1048576K
2019-10-16T14:16:56.948+0000: 16.800: [GC (Allocation Failure) 2019-10-16T14:16:56.948+0000: 16.800: [ParNew
Desired survivor size 262144 bytes, new threshold 3 (max 6)
- age   1:      43976 bytes,      43976 total
- age   2:     121056 bytes,     165032 total
- age   3:     107224 bytes,     272256 total
: 4756K->277K(4928K), 0.0029050 secs] 32733K->28279K(50936K), 0.0029569 secs] [Times: user=0.01 sys=0.00, real=0.01 secs] 
Heap after GC invocations=612 (full 6):
 par new generation   total 4928K, used 277K [0x00000000f0800000, 0x00000000f0d50000, 0x00000000f5a00000)
  eden space 4416K,   0% used [0x00000000f0800000, 0x00000000f0800000, 0x00000000f0c50000)
  from space 512K,  54% used [0x00000000f0c50000, 0x00000000f0c95598, 0x00000000f0cd0000)
  to   space 512K,   0% used [0x00000000f0cd0000, 0x00000000f0cd0000, 0x00000000f0d50000)
 concurrent mark-sweep generation total 46008K, used 28001K [0x00000000f5a00000, 0x00000000f86ee000, 0x0000000100000000)
 Metaspace       used 40034K, capacity 41734K, committed 42008K, reserved 1085440K
  class space    used 5057K, capacity 5385K, committed 5400K, reserved 1048576K
}
2019-10-16T14:16:56.951+0000: 16.803: Total time for which application threads were stopped: 0.0030784 seconds, Stopping threads took: 0.0000245 seconds
2019-10-16T14:16:56.952+0000: 16.804: Total time for which application threads were stopped: 0.0004394 seconds, Stopping threads took: 0.0000089 seconds
{Heap before GC invocations=612 (full 6):
 par new generation   total 4928K, used 4693K [0x00000000f0800000, 0x00000000f0d50000, 0x00000000f5a00000)
  eden space 4416K, 100% used [0x00000000f0800000, 0x00000000f0c50000, 0x00000000f0c50000)
  from space 512K,  54% used [0x00000000f0c50000, 0x00000000f0c95598, 0x00000000f0cd0000)
  to   space 512K,   0% used [0x00000000f0cd0000, 0x00000000f0cd0000, 0x00000000f0d50000)
 concurrent mark-sweep generation total 46008K, used 28001K [0x00000000f5a00000, 0x00000000f86ee000, 0x0000000100000000)
 Metaspace       used 40132K, capacity 41798K, committed 42008K, reserved 1085440K
  class space    used 5068K, capacity 5385K, committed 5400K, reserved 1048576K
2019-10-16T14:16:56.978+0000: 16.830: [GC (Allocation Failure) 2019-10-16T14:16:56.978+0000: 16.830: [ParNew
Desired survivor size 262144 bytes, new threshold 6 (max 6)
- age   1:      83360 bytes,      83360 total
- age   2:      39112 bytes,     122472 total
- age   3:     117600 bytes,     240072 total
: 4693K->269K(4928K), 0.0030973 secs] 32695K->28378K(50936K), 0.0031541 secs] [Times: user=0.01 sys=0.00, real=0.00 secs] 
Heap after GC invocations=613 (full 6):
 par new generation   total 4928K, used 269K [0x00000000f0800000, 0x00000000f0d50000, 0x00000000f5a00000)
  eden space 4416K,   0% used [0x00000000f0800000, 0x00000000f0800000, 0x00000000f0c50000)
  from space 512K,  52% used [0x00000000f0cd0000, 0x00000000f0d13568, 0x00000000f0d50000)
  to   space 512K,   0% used [0x00000000f0c50000, 0x00000000f0c50000, 0x00000000f0cd0000)
 concurrent mark-sweep generation total 46008K, used 28109K [0x00000000f5a00000, 0x00000000f86ee000, 0x0000000100000000)
 Metaspace       used 40132K, capacity 41798K, committed 42008K, reserved 1085440K
  class space    used 5068K, capacity 5385K, committed 5400K, reserved 1048576K
}
2019-10-16T14:16:56.981+0000: 16.833: Total time for which application threads were stopped: 0.0032704 seconds, Stopping threads took: 0.0000241 seconds
{Heap before GC invocations=613 (full 6):
 par new generation   total 4928K, used 4685K [0x00000000f0800000, 0x00000000f0d50000, 0x00000000f5a00000)
  eden space 4416K, 100% used [0x00000000f0800000, 0x00000000f0c50000, 0x00000000f0c50000)
  from space 512K,  52% used [0x00000000f0cd0000, 0x00000000f0d13568, 0x00000000f0d50000)
  to   space 512K,   0% used [0x00000000f0c50000, 0x00000000f0c50000, 0x00000000f0cd0000)
 concurrent mark-sweep generation total 46008K, used 28109K [0x00000000f5a00000, 0x00000000f86ee000, 0x0000000100000000)
 Metaspace       used 40176K, capacity 41862K, committed 42008K, reserved 1085440K
  class space    used 5071K, capacity 5385K, committed 5400K, reserved 1048576K
2019-10-16T14:16:57.014+0000: 16.866: [GC (Allocation Failure) 2019-10-16T14:16:57.014+0000: 16.866: [ParNew
Desired survivor size 262144 bytes, new threshold 6 (max 6)
- age   1:      26384 bytes,      26384 total
- age   2:      67504 bytes,      93888 total
- age   3:      36264 bytes,     130152 total
- age   4:     117600 bytes,     247752 total
: 4685K->242K(4928K), 0.0025261 secs] 32794K->28351K(50936K), 0.0025767 secs] [Times: user=0.01 sys=0.00, real=0.00 secs] 
Heap after GC invocations=614 (full 6):
 par new generation   total 4928K, used 242K [0x00000000f0800000, 0x00000000f0d50000, 0x00000000f5a00000)
  eden space 4416K,   0% used [0x00000000f0800000, 0x00000000f0800000, 0x00000000f0c50000)
  from space 512K,  47% used [0x00000000f0c50000, 0x00000000f0c8cbc8, 0x00000000f0cd0000)
  to   space 512K,   0% used [0x00000000f0cd0000, 0x00000000f0cd0000, 0x00000000f0d50000)
 concurrent mark-sweep generation total 46008K, used 28109K [0x00000000f5a00000, 0x00000000f86ee000, 0x0000000100000000)
 Metaspace       used 40176K, capacity 41862K, committed 42008K, reserved 1085440K
  class space    used 5071K, capacity 5385K, committed 5400K, reserved 1048576K
}
2019-10-16T14:16:57.017+0000: 16.869: Total time for which application threads were stopped: 0.0027002 seconds, Stopping threads took: 0.0000276 seconds
{Heap before GC invocations=614 (full 6):
 par new generation   total 4928K, used 4658K [0x00000000f0800000, 0x00000000f0d50000, 0x00000000f5a00000)
  eden space 4416K, 100% used [0x00000000f0800000, 0x00000000f0c50000, 0x00000000f0c50000)
  from space 512K,  47% used [0x00000000f0c50000, 0x00000000f0c8cbc8, 0x00000000f0cd0000)
  to   space 512K,   0% used [0x00000000f0cd0000, 0x00000000f0cd0000, 0x00000000f0d50000)
 concurrent mark-sweep generation total 46008K, used 28109K [0x00000000f5a00000, 0x00000000f86ee000, 0x0000000100000000)
 Metaspace       used 40266K, capacity 41926K, committed 42008K, reserved 1085440K
  class space    used 5078K, capacity 5385K, committed 5400K, reserved 1048576K
2019-10-16T14:16:57.046+0000: 16.898: [GC (Allocation Failure) 2019-10-16T14:16:57.046+0000: 16.898: [ParNew
Desired survivor size 262144 bytes, new threshold 5 (max 6)
- age   1:      78072 bytes,      78072 total
- age   2:      22696 bytes,     100768 total
- age   3:      65528 bytes,     166296 total
- age   4:      34224 bytes,     200520 total
- age   5:     117600 bytes,     318120 total
: 4658K->481K(4928K), 0.0028356 secs] 32767K->28590K(50936K), 0.0028921 secs] [Times: user=0.00 sys=0.00, real=0.00 secs] 
Heap after GC invocations=615 (full 6):
 par new generation   total 4928K, used 481K [0x00000000f0800000, 0x00000000f0d50000, 0x00000000f5a00000)
  eden space 4416K,   0% used [0x00000000f0800000, 0x00000000f0800000, 0x00000000f0c50000)
  from space 512K,  94% used [0x00000000f0cd0000, 0x00000000f0d48660, 0x00000000f0d50000)
  to   space 512K,   0% used [0x00000000f0c50000, 0x00000000f0c50000, 0x00000000f0cd0000)
 concurrent mark-sweep generation total 46008K, used 28109K [0x00000000f5a00000, 0x00000000f86ee000, 0x0000000100000000)
 Metaspace       used 40266K, capacity 41926K, committed 42008K, reserved 1085440K
  class space    used 5078K, capacity 5385K, committed 5400K, reserved 1048576K
}
2019-10-16T14:16:57.049+0000: 16.901: Total time for which application threads were stopped: 0.0030143 seconds, Stopping threads took: 0.0000258 seconds
{Heap before GC invocations=615 (full 6):
 par new generation   total 4928K, used 4897K [0x00000000f0800000, 0x00000000f0d50000, 0x00000000f5a00000)
  eden space 4416K, 100% used [0x00000000f0800000, 0x00000000f0c50000, 0x00000000f0c50000)
  from space 512K,  94% used [0x00000000f0cd0000, 0x00000000f0d48660, 0x00000000f0d50000)
  to   space 512K,   0% used [0x00000000f0c50000, 0x00000000f0c50000, 0x00000000f0cd0000)
 concurrent mark-sweep generation total 46008K, used 28109K [0x00000000f5a00000, 0x00000000f86ee000, 0x0000000100000000)
 Metaspace       used 40326K, capacity 41990K, committed 42264K, reserved 1085440K
  class space    used 5087K, capacity 5385K, committed 5400K, reserved 1048576K
2019-10-16T14:16:57.072+0000: 16.924: [GC (Allocation Failure) 2019-10-16T14:16:57.072+0000: 16.924: [ParNew
Desired survivor size 262144 bytes, new threshold 6 (max 6)
- age   1:      29280 bytes,      29280 total
- age   2:      75720 bytes,     105000 total
- age   3:      20352 bytes,     125352 total
- age   4:      62280 bytes,     187632 total
- age   5:      34224 bytes,     221856 total
: 4897K->293K(4928K), 0.0030764 secs] 33006K->28520K(50936K), 0.0031318 secs] [Times: user=0.00 sys=0.00, real=0.00 secs] 
Heap after GC invocations=616 (full 6):
 par new generation   total 4928K, used 293K [0x00000000f0800000, 0x00000000f0d50000, 0x00000000f5a00000)
  eden space 4416K,   0% used [0x00000000f0800000, 0x00000000f0800000, 0x00000000f0c50000)
  from space 512K,  57% used [0x00000000f0c50000, 0x00000000f0c99698, 0x00000000f0cd0000)
  to   space 512K,   0% used [0x00000000f0cd0000, 0x00000000f0cd0000, 0x00000000f0d50000)
 concurrent mark-sweep generation total 46008K, used 28227K [0x00000000f5a00000, 0x00000000f86ee000, 0x0000000100000000)
 Metaspace       used 40326K, capacity 41990K, committed 42264K, reserved 1085440K
  class space    used 5087K, capacity 5385K, committed 5400K, reserved 1048576K
}
2019-10-16T14:16:57.075+0000: 16.927: Total time for which application threads were stopped: 0.0032351 seconds, Stopping threads took: 0.0000227 seconds
{Heap before GC invocations=616 (full 6):
 par new generation   total 4928K, used 4709K [0x00000000f0800000, 0x00000000f0d50000, 0x00000000f5a00000)
  eden space 4416K, 100% used [0x00000000f0800000, 0x00000000f0c50000, 0x00000000f0c50000)
  from space 512K,  57% used [0x00000000f0c50000, 0x00000000f0c99698, 0x00000000f0cd0000)
  to   space 512K,   0% used [0x00000000f0cd0000, 0x00000000f0cd0000, 0x00000000f0d50000)
 concurrent mark-sweep generation total 46008K, used 28227K [0x00000000f5a00000, 0x00000000f86ee000, 0x0000000100000000)
 Metaspace       used 40454K, capacity 42086K, committed 42392K, reserved 1085440K
  class space    used 5097K, capacity 5417K, committed 5528K, reserved 1048576K
2019-10-16T14:16:57.110+0000: 16.962: [GC (Allocation Failure) 2019-10-16T14:16:57.110+0000: 16.962: [ParNew
Desired survivor size 262144 bytes, new threshold 6 (max 6)
- age   1:      48168 bytes,      48168 total
- age   2:      24984 bytes,      73152 total
- age   3:      71904 bytes,     145056 total
- age   4:      19936 bytes,     164992 total
- age   5:      62280 bytes,     227272 total
- age   6:      34224 bytes,     261496 total
: 4709K->472K(4928K), 0.0026923 secs] 32936K->28699K(50936K), 0.0027557 secs] [Times: user=0.00 sys=0.00, real=0.00 secs] 
Heap after GC invocations=617 (full 6):
 par new generation   total 4928K, used 472K [0x00000000f0800000, 0x00000000f0d50000, 0x00000000f5a00000)
  eden space 4416K,   0% used [0x00000000f0800000, 0x00000000f0800000, 0x00000000f0c50000)
  from space 512K,  92% used [0x00000000f0cd0000, 0x00000000f0d46008, 0x00000000f0d50000)
  to   space 512K,   0% used [0x00000000f0c50000, 0x00000000f0c50000, 0x00000000f0cd0000)
 concurrent mark-sweep generation total 46008K, used 28227K [0x00000000f5a00000, 0x00000000f86ee000, 0x0000000100000000)
 Metaspace       used 40454K, capacity 42086K, committed 42392K, reserved 1085440K
  class space    used 5097K, capacity 5417K, committed 5528K, reserved 1048576K
}
2019-10-16T14:16:57.113+0000: 16.965: Total time for which application threads were stopped: 0.0028808 seconds, Stopping threads took: 0.0000267 seconds
{Heap before GC invocations=617 (full 6):
 par new generation   total 4928K, used 4888K [0x00000000f0800000, 0x00000000f0d50000, 0x00000000f5a00000)
  eden space 4416K, 100% used [0x00000000f0800000, 0x00000000f0c50000, 0x00000000f0c50000)
  from space 512K,  92% used [0x00000000f0cd0000, 0x00000000f0d46008, 0x00000000f0d50000)
  to   space 512K,   0% used [0x00000000f0c50000, 0x00000000f0c50000, 0x00000000f0cd0000)
 concurrent mark-sweep generation total 46008K, used 28227K [0x00000000f5a00000, 0x00000000f86ee000, 0x0000000100000000)
 Metaspace       used 40511K, capacity 42150K, committed 42392K, reserved 1085440K
  class space    used 5106K, capacity 5417K, committed 5528K, reserved 1048576K
2019-10-16T14:16:57.134+0000: 16.986: [GC (Allocation Failure) 2019-10-16T14:16:57.134+0000: 16.986: [ParNew
Desired survivor size 262144 bytes, new threshold 6 (max 6)
- age   1:      39232 bytes,      39232 total
- age   2:      43000 bytes,      82232 total
- age   3:      20872 bytes,     103104 total
- age   4:      71904 bytes,     175008 total
- age   5:      19936 bytes,     194944 total
- age   6:      62280 bytes,     257224 total
: 4888K->307K(4928K), 0.0028106 secs] 33115K->28569K(50936K), 0.0028584 secs] [Times: user=0.00 sys=0.01, real=0.00 secs] 
Heap after GC invocations=618 (full 6):
 par new generation   total 4928K, used 307K [0x00000000f0800000, 0x00000000f0d50000, 0x00000000f5a00000)
  eden space 4416K,   0% used [0x00000000f0800000, 0x00000000f0800000, 0x00000000f0c50000)
  from space 512K,  60% used [0x00000000f0c50000, 0x00000000f0c9cf40, 0x00000000f0cd0000)
  to   space 512K,   0% used [0x00000000f0cd0000, 0x00000000f0cd0000, 0x00000000f0d50000)
 concurrent mark-sweep generation total 46008K, used 28261K [0x00000000f5a00000, 0x00000000f86ee000, 0x0000000100000000)
 Metaspace       used 40511K, capacity 42150K, committed 42392K, reserved 1085440K
  class space    used 5106K, capacity 5417K, committed 5528K, reserved 1048576K
}
2019-10-16T14:16:57.137+0000: 16.989: Total time for which application threads were stopped: 0.0029704 seconds, Stopping threads took: 0.0000237 seconds
{Heap before GC invocations=618 (full 6):
 par new generation   total 4928K, used 4723K [0x00000000f0800000, 0x00000000f0d50000, 0x00000000f5a00000)
  eden space 4416K, 100% used [0x00000000f0800000, 0x00000000f0c50000, 0x00000000f0c50000)
  from space 512K,  60% used [0x00000000f0c50000, 0x00000000f0c9cf40, 0x00000000f0cd0000)
  to   space 512K,   0% used [0x00000000f0cd0000, 0x00000000f0cd0000, 0x00000000f0d50000)
 concurrent mark-sweep generation total 46008K, used 28261K [0x00000000f5a00000, 0x00000000f86ee000, 0x0000000100000000)
 Metaspace       used 40598K, capacity 42290K, committed 42648K, reserved 1087488K
  class space    used 5119K, capacity 5421K, committed 5528K, reserved 1048576K
2019-10-16T14:16:57.198+0000: 17.050: [GC (Allocation Failure) 2019-10-16T14:16:57.198+0000: 17.050: [ParNew
Desired survivor size 262144 bytes, new threshold 5 (max 6)
- age   1:      92880 bytes,      92880 total
- age   2:      35792 bytes,     128672 total
- age   3:      42560 bytes,     171232 total
- age   4:      20464 bytes,     191696 total
- age   5:      71904 bytes,     263600 total
- age   6:      19936 bytes,     283536 total
: 4723K->452K(4928K), 0.0032961 secs] 32985K->28774K(50936K), 0.0033562 secs] [Times: user=0.00 sys=0.00, real=0.00 secs] 
Heap after GC invocations=619 (full 6):
 par new generation   total 4928K, used 452K [0x00000000f0800000, 0x00000000f0d50000, 0x00000000f5a00000)
  eden space 4416K,   0% used [0x00000000f0800000, 0x00000000f0800000, 0x00000000f0c50000)
  from space 512K,  88% used [0x00000000f0cd0000, 0x00000000f0d411e0, 0x00000000f0d50000)
  to   space 512K,   0% used [0x00000000f0c50000, 0x00000000f0c50000, 0x00000000f0cd0000)
 concurrent mark-sweep generation total 46008K, used 28322K [0x00000000f5a00000, 0x00000000f86ee000, 0x0000000100000000)
 Metaspace       used 40598K, capacity 42290K, committed 42648K, reserved 1087488K
  class space    used 5119K, capacity 5421K, committed 5528K, reserved 1048576K
}
2019-10-16T14:16:57.202+0000: 17.054: Total time for which application threads were stopped: 0.0034847 seconds, Stopping threads took: 0.0000262 seconds
{Heap before GC invocations=619 (full 6):
 par new generation   total 4928K, used 4868K [0x00000000f0800000, 0x00000000f0d50000, 0x00000000f5a00000)
  eden space 4416K, 100% used [0x00000000f0800000, 0x00000000f0c50000, 0x00000000f0c50000)
  from space 512K,  88% used [0x00000000f0cd0000, 0x00000000f0d411e0, 0x00000000f0d50000)
  to   space 512K,   0% used [0x00000000f0c50000, 0x00000000f0c50000, 0x00000000f0cd0000)
 concurrent mark-sweep generation total 46008K, used 28322K [0x00000000f5a00000, 0x00000000f86ee000, 0x0000000100000000)
 Metaspace       used 40628K, capacity 42292K, committed 42648K, reserved 1087488K
  class space    used 5125K, capacity 5422K, committed 5528K, reserved 1048576K
2019-10-16T14:16:57.264+0000: 17.116: [GC (Allocation Failure) 2019-10-16T14:16:57.264+0000: 17.116: [ParNew
Desired survivor size 262144 bytes, new threshold 4 (max 6)
- age   1:     109056 bytes,     109056 total
- age   2:      87632 bytes,     196688 total
- age   3:      35792 bytes,     232480 total
- age   4:      42560 bytes,     275040 total
- age   5:      20464 bytes,     295504 total
: 4868K->512K(4928K), 0.0039861 secs] 33190K->28927K(50936K), 0.0040399 secs] [Times: user=0.00 sys=0.00, real=0.00 secs] 
Heap after GC invocations=620 (full 6):
 par new generation   total 4928K, used 512K [0x00000000f0800000, 0x00000000f0d50000, 0x00000000f5a00000)
  eden space 4416K,   0% used [0x00000000f0800000, 0x00000000f0800000, 0x00000000f0c50000)
  from space 512K, 100% used [0x00000000f0c50000, 0x00000000f0cd0000, 0x00000000f0cd0000)
  to   space 512K,   0% used [0x00000000f0cd0000, 0x00000000f0cd0000, 0x00000000f0d50000)
 concurrent mark-sweep generation total 46008K, used 28415K [0x00000000f5a00000, 0x00000000f86ee000, 0x0000000100000000)
 Metaspace       used 40628K, capacity 42292K, committed 42648K, reserved 1087488K
  class space    used 5125K, capacity 5422K, committed 5528K, reserved 1048576K
}
2019-10-16T14:16:57.268+0000: 17.120: Total time for which application threads were stopped: 0.0041608 seconds, Stopping threads took: 0.0000237 seconds
{Heap before GC invocations=620 (full 6):
 par new generation   total 4928K, used 4928K [0x00000000f0800000, 0x00000000f0d50000, 0x00000000f5a00000)
  eden space 4416K, 100% used [0x00000000f0800000, 0x00000000f0c50000, 0x00000000f0c50000)
  from space 512K, 100% used [0x00000000f0c50000, 0x00000000f0cd0000, 0x00000000f0cd0000)
  to   space 512K,   0% used [0x00000000f0cd0000, 0x00000000f0cd0000, 0x00000000f0d50000)
 concurrent mark-sweep generation total 46008K, used 28415K [0x00000000f5a00000, 0x00000000f86ee000, 0x0000000100000000)
 Metaspace       used 40712K, capacity 42432K, committed 42648K, reserved 1087488K
  class space    used 5139K, capacity 5488K, committed 5528K, reserved 1048576K
2019-10-16T14:16:57.334+0000: 17.186: [GC (Allocation Failure) 2019-10-16T14:16:57.334+0000: 17.186: [ParNew
Desired survivor size 262144 bytes, new threshold 3 (max 6)
- age   1:     123056 bytes,     123056 total
- age   2:     104328 bytes,     227384 total
- age   3:      87632 bytes,     315016 total
- age   4:      35792 bytes,     350808 total
: 4928K->348K(4928K), 0.0039995 secs] 33343K->28826K(50936K), 0.0040584 secs] [Times: user=0.00 sys=0.00, real=0.00 secs] 
Heap after GC invocations=621 (full 6):
 par new generation   total 4928K, used 348K [0x00000000f0800000, 0x00000000f0d50000, 0x00000000f5a00000)
  eden space 4416K,   0% used [0x00000000f0800000, 0x00000000f0800000, 0x00000000f0c50000)
  from space 512K,  68% used [0x00000000f0cd0000, 0x00000000f0d27320, 0x00000000f0d50000)
  to   space 512K,   0% used [0x00000000f0c50000, 0x00000000f0c50000, 0x00000000f0cd0000)
 concurrent mark-sweep generation total 46008K, used 28477K [0x00000000f5a00000, 0x00000000f86ee000, 0x0000000100000000)
 Metaspace       used 40712K, capacity 42432K, committed 42648K, reserved 1087488K
  class space    used 5139K, capacity 5488K, committed 5528K, reserved 1048576K
}
2019-10-16T14:16:57.338+0000: 17.190: Total time for which application threads were stopped: 0.0042132 seconds, Stopping threads took: 0.0000379 seconds
{Heap before GC invocations=621 (full 6):
 par new generation   total 4928K, used 4764K [0x00000000f0800000, 0x00000000f0d50000, 0x00000000f5a00000)
  eden space 4416K, 100% used [0x00000000f0800000, 0x00000000f0c50000, 0x00000000f0c50000)
  from space 512K,  68% used [0x00000000f0cd0000, 0x00000000f0d27320, 0x00000000f0d50000)
  to   space 512K,   0% used [0x00000000f0c50000, 0x00000000f0c50000, 0x00000000f0cd0000)
 concurrent mark-sweep generation total 46008K, used 28477K [0x00000000f5a00000, 0x00000000f86ee000, 0x0000000100000000)
 Metaspace       used 40749K, capacity 42432K, committed 42648K, reserved 1087488K
  class space    used 5148K, capacity 5488K, committed 5528K, reserved 1048576K
2019-10-16T14:16:57.370+0000: 17.222: [GC (Allocation Failure) 2019-10-16T14:16:57.370+0000: 17.222: [ParNew
Desired survivor size 262144 bytes, new threshold 3 (max 6)
- age   1:      84072 bytes,      84072 total
- age   2:     119504 bytes,     203576 total
- age   3:     104200 bytes,     307776 total
: 4764K->301K(4928K), 0.0038264 secs] 33242K->28901K(50936K), 0.0038983 secs] [Times: user=0.00 sys=0.00, real=0.00 secs] 
Heap after GC invocations=622 (full 6):
 par new generation   total 4928K, used 301K [0x00000000f0800000, 0x00000000f0d50000, 0x00000000f5a00000)
  eden space 4416K,   0% used [0x00000000f0800000, 0x00000000f0800000, 0x00000000f0c50000)
  from space 512K,  58% used [0x00000000f0c50000, 0x00000000f0c9b688, 0x00000000f0cd0000)
  to   space 512K,   0% used [0x00000000f0cd0000, 0x00000000f0cd0000, 0x00000000f0d50000)
 concurrent mark-sweep generation total 46008K, used 28599K [0x00000000f5a00000, 0x00000000f86ee000, 0x0000000100000000)
 Metaspace       used 40749K, capacity 42432K, committed 42648K, reserved 1087488K
  class space    used 5148K, capacity 5488K, committed 5528K, reserved 1048576K
}
2019-10-16T14:16:57.374+0000: 17.226: Total time for which application threads were stopped: 0.0040586 seconds, Stopping threads took: 0.0000264 seconds
{Heap before GC invocations=622 (full 6):
 par new generation   total 4928K, used 4717K [0x00000000f0800000, 0x00000000f0d50000, 0x00000000f5a00000)
  eden space 4416K, 100% used [0x00000000f0800000, 0x00000000f0c50000, 0x00000000f0c50000)
  from space 512K,  58% used [0x00000000f0c50000, 0x00000000f0c9b688, 0x00000000f0cd0000)
  to   space 512K,   0% used [0x00000000f0cd0000, 0x00000000f0cd0000, 0x00000000f0d50000)
 concurrent mark-sweep generation total 46008K, used 28599K [0x00000000f5a00000, 0x00000000f86ee000, 0x0000000100000000)
 Metaspace       used 40855K, capacity 42560K, committed 42904K, reserved 1087488K
  class space    used 5158K, capacity 5488K, committed 5528K, reserved 1048576K
2019-10-16T14:16:57.402+0000: 17.254: [GC (Allocation Failure) 2019-10-16T14:16:57.402+0000: 17.254: [ParNew
Desired survivor size 262144 bytes, new threshold 3 (max 6)
- age   1:      87536 bytes,      87536 total
- age   2:      80104 bytes,     167640 total
- age   3:     119488 bytes,     287128 total
: 4717K->300K(4928K), 0.0035370 secs] 33317K->29001K(50936K), 0.0035922 secs] [Times: user=0.00 sys=0.00, real=0.00 secs] 
Heap after GC invocations=623 (full 6):
 par new generation   total 4928K, used 300K [0x00000000f0800000, 0x00000000f0d50000, 0x00000000f5a00000)
  eden space 4416K,   0% used [0x00000000f0800000, 0x00000000f0800000, 0x00000000f0c50000)
  from space 512K,  58% used [0x00000000f0cd0000, 0x00000000f0d1b310, 0x00000000f0d50000)
  to   space 512K,   0% used [0x00000000f0c50000, 0x00000000f0c50000, 0x00000000f0cd0000)
 concurrent mark-sweep generation total 46008K, used 28701K [0x00000000f5a00000, 0x00000000f86ee000, 0x0000000100000000)
 Metaspace       used 40855K, capacity 42560K, committed 42904K, reserved 1087488K
  class space    used 5158K, capacity 5488K, committed 5528K, reserved 1048576K
}
2019-10-16T14:16:57.406+0000: 17.258: Total time for which application threads were stopped: 0.0037043 seconds, Stopping threads took: 0.0000219 seconds
{Heap before GC invocations=623 (full 6):
 par new generation   total 4928K, used 4716K [0x00000000f0800000, 0x00000000f0d50000, 0x00000000f5a00000)
  eden space 4416K, 100% used [0x00000000f0800000, 0x00000000f0c50000, 0x00000000f0c50000)
  from space 512K,  58% used [0x00000000f0cd0000, 0x00000000f0d1b310, 0x00000000f0d50000)
  to   space 512K,   0% used [0x00000000f0c50000, 0x00000000f0c50000, 0x00000000f0cd0000)
 concurrent mark-sweep generation total 46008K, used 28701K [0x00000000f5a00000, 0x00000000f86ee000, 0x0000000100000000)
 Metaspace       used 40935K, capacity 42662K, committed 42904K, reserved 1087488K
  class space    used 5166K, capacity 5521K, committed 5528K, reserved 1048576K
2019-10-16T14:16:57.459+0000: 17.311: [GC (Allocation Failure) 2019-10-16T14:16:57.459+0000: 17.311: [ParNew
Desired survivor size 262144 bytes, new threshold 2 (max 6)
- age   1:     201696 bytes,     201696 total
- age   2:      70528 bytes,     272224 total
- age   3:      80104 bytes,     352328 total
: 4716K->512K(4928K), 0.0038236 secs] 33417K->29332K(50936K), 0.0038861 secs] [Times: user=0.00 sys=0.00, real=0.01 secs] 
Heap after GC invocations=624 (full 6):
 par new generation   total 4928K, used 512K [0x00000000f0800000, 0x00000000f0d50000, 0x00000000f5a00000)
  eden space 4416K,   0% used [0x00000000f0800000, 0x00000000f0800000, 0x00000000f0c50000)
  from space 512K, 100% used [0x00000000f0c50000, 0x00000000f0cd0000, 0x00000000f0cd0000)
  to   space 512K,   0% used [0x00000000f0cd0000, 0x00000000f0cd0000, 0x00000000f0d50000)
 concurrent mark-sweep generation total 46008K, used 28820K [0x00000000f5a00000, 0x00000000f86ee000, 0x0000000100000000)
 Metaspace       used 40935K, capacity 42662K, committed 42904K, reserved 1087488K
  class space    used 5166K, capacity 5521K, committed 5528K, reserved 1048576K
}
2019-10-16T14:16:57.463+0000: 17.315: Total time for which application threads were stopped: 0.0040827 seconds, Stopping threads took: 0.0000225 seconds
{Heap before GC invocations=624 (full 6):
 par new generation   total 4928K, used 4928K [0x00000000f0800000, 0x00000000f0d50000, 0x00000000f5a00000)
  eden space 4416K, 100% used [0x00000000f0800000, 0x00000000f0c50000, 0x00000000f0c50000)
  from space 512K, 100% used [0x00000000f0c50000, 0x00000000f0cd0000, 0x00000000f0cd0000)
  to   space 512K,   0% used [0x00000000f0cd0000, 0x00000000f0cd0000, 0x00000000f0d50000)
 concurrent mark-sweep generation total 46008K, used 28820K [0x00000000f5a00000, 0x00000000f86ee000, 0x0000000100000000)
 Metaspace       used 40950K, capacity 42668K, committed 42904K, reserved 1087488K
  class space    used 5169K, capacity 5522K, committed 5528K, reserved 1048576K
2019-10-16T14:16:57.489+0000: 17.341: [GC (Allocation Failure) 2019-10-16T14:16:57.489+0000: 17.341: [ParNew
Desired survivor size 262144 bytes, new threshold 2 (max 6)
- age   1:      91096 bytes,      91096 total
- age   2:     199344 bytes,     290440 total
: 4928K->329K(4928K), 0.0036247 secs] 33748K->29299K(50936K), 0.0036796 secs] [Times: user=0.00 sys=0.00, real=0.01 secs] 
Heap after GC invocations=625 (full 6):
 par new generation   total 4928K, used 329K [0x00000000f0800000, 0x00000000f0d50000, 0x00000000f5a00000)
  eden space 4416K,   0% used [0x00000000f0800000, 0x00000000f0800000, 0x00000000f0c50000)
  from space 512K,  64% used [0x00000000f0cd0000, 0x00000000f0d22640, 0x00000000f0d50000)
  to   space 512K,   0% used [0x00000000f0c50000, 0x00000000f0c50000, 0x00000000f0cd0000)
 concurrent mark-sweep generation total 46008K, used 28969K [0x00000000f5a00000, 0x00000000f86ee000, 0x0000000100000000)
 Metaspace       used 40950K, capacity 42668K, committed 42904K, reserved 1087488K
  class space    used 5169K, capacity 5522K, committed 5528K, reserved 1048576K
}
2019-10-16T14:16:57.493+0000: 17.345: Total time for which application threads were stopped: 0.0038337 seconds, Stopping threads took: 0.0000333 seconds
{Heap before GC invocations=625 (full 6):
 par new generation   total 4928K, used 4745K [0x00000000f0800000, 0x00000000f0d50000, 0x00000000f5a00000)
  eden space 4416K, 100% used [0x00000000f0800000, 0x00000000f0c50000, 0x00000000f0c50000)
  from space 512K,  64% used [0x00000000f0cd0000, 0x00000000f0d22640, 0x00000000f0d50000)
  to   space 512K,   0% used [0x00000000f0c50000, 0x00000000f0c50000, 0x00000000f0cd0000)
 concurrent mark-sweep generation total 46008K, used 28969K [0x00000000f5a00000, 0x00000000f86ee000, 0x0000000100000000)
 Metaspace       used 40950K, capacity 42668K, committed 42904K, reserved 1087488K
  class space    used 5169K, capacity 5522K, committed 5528K, reserved 1048576K
2019-10-16T14:16:57.506+0000: 17.358: [GC (Allocation Failure) 2019-10-16T14:16:57.506+0000: 17.358: [ParNew
Desired survivor size 262144 bytes, new threshold 6 (max 6)
- age   1:      32200 bytes,      32200 total
- age   2:      87704 bytes,     119904 total
: 4745K->294K(4928K), 0.0029320 secs] 33715K->29460K(50936K), 0.0029699 secs] [Times: user=0.01 sys=0.00, real=0.00 secs] 
Heap after GC invocations=626 (full 6):
 par new generation   total 4928K, used 294K [0x00000000f0800000, 0x00000000f0d50000, 0x00000000f5a00000)
  eden space 4416K,   0% used [0x00000000f0800000, 0x00000000f0800000, 0x00000000f0c50000)
  from space 512K,  57% used [0x00000000f0c50000, 0x00000000f0c99a40, 0x00000000f0cd0000)
  to   space 512K,   0% used [0x00000000f0cd0000, 0x00000000f0cd0000, 0x00000000f0d50000)
 concurrent mark-sweep generation total 46008K, used 29165K [0x00000000f5a00000, 0x00000000f86ee000, 0x0000000100000000)
 Metaspace       used 40950K, capacity 42668K, committed 42904K, reserved 1087488K
  class space    used 5169K, capacity 5522K, committed 5528K, reserved 1048576K
}
2019-10-16T14:16:57.509+0000: 17.361: Total time for which application threads were stopped: 0.0030984 seconds, Stopping threads took: 0.0000223 seconds
{Heap before GC invocations=626 (full 6):
 par new generation   total 4928K, used 4710K [0x00000000f0800000, 0x00000000f0d50000, 0x00000000f5a00000)
  eden space 4416K, 100% used [0x00000000f0800000, 0x00000000f0c50000, 0x00000000f0c50000)
  from space 512K,  57% used [0x00000000f0c50000, 0x00000000f0c99a40, 0x00000000f0cd0000)
  to   space 512K,   0% used [0x00000000f0cd0000, 0x00000000f0cd0000, 0x00000000f0d50000)
 concurrent mark-sweep generation total 46008K, used 29165K [0x00000000f5a00000, 0x00000000f86ee000, 0x0000000100000000)
 Metaspace       used 40950K, capacity 42668K, committed 42904K, reserved 1087488K
  class space    used 5169K, capacity 5522K, committed 5528K, reserved 1048576K
2019-10-16T14:16:57.520+0000: 17.372: [GC (Allocation Failure) 2019-10-16T14:16:57.520+0000: 17.372: [ParNew
Desired survivor size 262144 bytes, new threshold 6 (max 6)
- age   1:       6200 bytes,       6200 total
- age   2:      30672 bytes,      36872 total
- age   3:      87704 bytes,     124576 total
: 4710K->205K(4928K), 0.0017980 secs] 33876K->29371K(50936K), 0.0018384 secs] [Times: user=0.00 sys=0.00, real=0.00 secs] 
Heap after GC invocations=627 (full 6):
 par new generation   total 4928K, used 205K [0x00000000f0800000, 0x00000000f0d50000, 0x00000000f5a00000)
  eden space 4416K,   0% used [0x00000000f0800000, 0x00000000f0800000, 0x00000000f0c50000)
  from space 512K,  40% used [0x00000000f0cd0000, 0x00000000f0d03750, 0x00000000f0d50000)
  to   space 512K,   0% used [0x00000000f0c50000, 0x00000000f0c50000, 0x00000000f0cd0000)
 concurrent mark-sweep generation total 46008K, used 29165K [0x00000000f5a00000, 0x00000000f86ee000, 0x0000000100000000)
 Metaspace       used 40950K, capacity 42668K, committed 42904K, reserved 1087488K
  class space    used 5169K, capacity 5522K, committed 5528K, reserved 1048576K
}
2019-10-16T14:16:57.522+0000: 17.374: Total time for which application threads were stopped: 0.0019308 seconds, Stopping threads took: 0.0000185 seconds
{Heap before GC invocations=627 (full 6):
 par new generation   total 4928K, used 4621K [0x00000000f0800000, 0x00000000f0d50000, 0x00000000f5a00000)
  eden space 4416K, 100% used [0x00000000f0800000, 0x00000000f0c50000, 0x00000000f0c50000)
  from space 512K,  40% used [0x00000000f0cd0000, 0x00000000f0d03750, 0x00000000f0d50000)
  to   space 512K,   0% used [0x00000000f0c50000, 0x00000000f0c50000, 0x00000000f0cd0000)
 concurrent mark-sweep generation total 46008K, used 29165K [0x00000000f5a00000, 0x00000000f86ee000, 0x0000000100000000)
 Metaspace       used 40966K, capacity 42668K, committed 42904K, reserved 1087488K
  class space    used 5173K, capacity 5522K, committed 5528K, reserved 1048576K
2019-10-16T14:16:57.545+0000: 17.397: [GC (Allocation Failure) 2019-10-16T14:16:57.545+0000: 17.397: [ParNew
Desired survivor size 262144 bytes, new threshold 6 (max 6)
- age   1:      23328 bytes,      23328 total
- age   2:       4864 bytes,      28192 total
- age   3:      30672 bytes,      58864 total
- age   4:      87552 bytes,     146416 total
: 4621K->143K(4928K), 0.0020896 secs] 33787K->29309K(50936K), 0.0021281 secs] [Times: user=0.01 sys=0.00, real=0.00 secs] 
Heap after GC invocations=628 (full 6):
 par new generation   total 4928K, used 143K [0x00000000f0800000, 0x00000000f0d50000, 0x00000000f5a00000)
  eden space 4416K,   0% used [0x00000000f0800000, 0x00000000f0800000, 0x00000000f0c50000)
  from space 512K,  28% used [0x00000000f0c50000, 0x00000000f0c73f50, 0x00000000f0cd0000)
  to   space 512K,   0% used [0x00000000f0cd0000, 0x00000000f0cd0000, 0x00000000f0d50000)
 concurrent mark-sweep generation total 46008K, used 29165K [0x00000000f5a00000, 0x00000000f86ee000, 0x0000000100000000)
 Metaspace       used 40966K, capacity 42668K, committed 42904K, reserved 1087488K
  class space    used 5173K, capacity 5522K, committed 5528K, reserved 1048576K
}
2019-10-16T14:16:57.547+0000: 17.399: Total time for which application threads were stopped: 0.0022497 seconds, Stopping threads took: 0.0000198 seconds
{Heap before GC invocations=628 (full 6):
 par new generation   total 4928K, used 4559K [0x00000000f0800000, 0x00000000f0d50000, 0x00000000f5a00000)
  eden space 4416K, 100% used [0x00000000f0800000, 0x00000000f0c50000, 0x00000000f0c50000)
  from space 512K,  28% used [0x00000000f0c50000, 0x00000000f0c73f50, 0x00000000f0cd0000)
  to   space 512K,   0% used [0x00000000f0cd0000, 0x00000000f0cd0000, 0x00000000f0d50000)
 concurrent mark-sweep generation total 46008K, used 29165K [0x00000000f5a00000, 0x00000000f86ee000, 0x0000000100000000)
 Metaspace       used 41012K, capacity 42674K, committed 42904K, reserved 1087488K
  class space    used 5179K, capacity 5523K, committed 5528K, reserved 1048576K
2019-10-16T14:16:57.590+0000: 17.442: [GC (Allocation Failure) 2019-10-16T14:16:57.590+0000: 17.442: [ParNew
Desired survivor size 262144 bytes, new threshold 6 (max 6)
- age   1:      52536 bytes,      52536 total
- age   2:      17960 bytes,      70496 total
- age   3:       4864 bytes,      75360 total
- age   4:      30672 bytes,     106032 total
- age   5:      87536 bytes,     193568 total
: 4559K->249K(4928K), 0.0025247 secs] 33725K->29415K(50936K), 0.0025846 secs] [Times: user=0.00 sys=0.00, real=0.00 secs] 
Heap after GC invocations=629 (full 6):
 par new generation   total 4928K, used 249K [0x00000000f0800000, 0x00000000f0d50000, 0x00000000f5a00000)
  eden space 4416K,   0% used [0x00000000f0800000, 0x00000000f0800000, 0x00000000f0c50000)
  from space 512K,  48% used [0x00000000f0cd0000, 0x00000000f0d0e670, 0x00000000f0d50000)
  to   space 512K,   0% used [0x00000000f0c50000, 0x00000000f0c50000, 0x00000000f0cd0000)
 concurrent mark-sweep generation total 46008K, used 29165K [0x00000000f5a00000, 0x00000000f86ee000, 0x0000000100000000)
 Metaspace       used 41012K, capacity 42674K, committed 42904K, reserved 1087488K
  class space    used 5179K, capacity 5523K, committed 5528K, reserved 1048576K
}
2019-10-16T14:16:57.593+0000: 17.445: Total time for which application threads were stopped: 0.0027123 seconds, Stopping threads took: 0.0000266 seconds
{Heap before GC invocations=629 (full 6):
 par new generation   total 4928K, used 4665K [0x00000000f0800000, 0x00000000f0d50000, 0x00000000f5a00000)
  eden space 4416K, 100% used [0x00000000f0800000, 0x00000000f0c50000, 0x00000000f0c50000)
  from space 512K,  48% used [0x00000000f0cd0000, 0x00000000f0d0e670, 0x00000000f0d50000)
  to   space 512K,   0% used [0x00000000f0c50000, 0x00000000f0c50000, 0x00000000f0cd0000)
 concurrent mark-sweep generation total 46008K, used 29165K [0x00000000f5a00000, 0x00000000f86ee000, 0x0000000100000000)
 Metaspace       used 41019K, capacity 42674K, committed 42904K, reserved 1087488K
  class space    used 5179K, capacity 5523K, committed 5528K, reserved 1048576K
2019-10-16T14:16:57.607+0000: 17.459: [GC (Allocation Failure) 2019-10-16T14:16:57.607+0000: 17.459: [ParNew
Desired survivor size 262144 bytes, new threshold 6 (max 6)
- age   1:      34376 bytes,      34376 total
- age   2:      49256 bytes,      83632 total
- age   3:      17960 bytes,     101592 total
- age   4:       4864 bytes,     106456 total
- age   5:      30672 bytes,     137128 total
- age   6:      87464 bytes,     224592 total
: 4665K->344K(4928K), 0.0025181 secs] 33831K->29509K(50936K), 0.0025612 secs] [Times: user=0.00 sys=0.00, real=0.00 secs] 
Heap after GC invocations=630 (full 6):
 par new generation   total 4928K, used 344K [0x00000000f0800000, 0x00000000f0d50000, 0x00000000f5a00000)
  eden space 4416K,   0% used [0x00000000f0800000, 0x00000000f0800000, 0x00000000f0c50000)
  from space 512K,  67% used [0x00000000f0c50000, 0x00000000f0ca6000, 0x00000000f0cd0000)
  to   space 512K,   0% used [0x00000000f0cd0000, 0x00000000f0cd0000, 0x00000000f0d50000)
 concurrent mark-sweep generation total 46008K, used 29165K [0x00000000f5a00000, 0x00000000f86ee000, 0x0000000100000000)
 Metaspace       used 41019K, capacity 42674K, committed 42904K, reserved 1087488K
  class space    used 5179K, capacity 5523K, committed 5528K, reserved 1048576K
}
2019-10-16T14:16:57.610+0000: 17.462: Total time for which application threads were stopped: 0.0026825 seconds, Stopping threads took: 0.0000210 seconds
{Heap before GC invocations=630 (full 6):
 par new generation   total 4928K, used 4760K [0x00000000f0800000, 0x00000000f0d50000, 0x00000000f5a00000)
  eden space 4416K, 100% used [0x00000000f0800000, 0x00000000f0c50000, 0x00000000f0c50000)
  from space 512K,  67% used [0x00000000f0c50000, 0x00000000f0ca6000, 0x00000000f0cd0000)
  to   space 512K,   0% used [0x00000000f0cd0000, 0x00000000f0cd0000, 0x00000000f0d50000)
 concurrent mark-sweep generation total 46008K, used 29165K [0x00000000f5a00000, 0x00000000f86ee000, 0x0000000100000000)
 Metaspace       used 41019K, capacity 42674K, committed 42904K, reserved 1087488K
  class space    used 5179K, capacity 5523K, committed 5528K, reserved 1048576K
2019-10-16T14:16:57.620+0000: 17.472: [GC (Allocation Failure) 2019-10-16T14:16:57.620+0000: 17.472: [ParNew
Desired survivor size 262144 bytes, new threshold 6 (max 6)
- age   1:      31320 bytes,      31320 total
- age   2:      18368 bytes,      49688 total
- age   3:      49112 bytes,      98800 total
- age   4:      17960 bytes,     116760 total
- age   5:       4720 bytes,     121480 total
- age   6:      30672 bytes,     152152 total
: 4760K->207K(4928K), 0.0025271 secs] 33925K->29459K(50936K), 0.0025703 secs] [Times: user=0.00 sys=0.00, real=0.01 secs] 
Heap after GC invocations=631 (full 6):
 par new generation   total 4928K, used 207K [0x00000000f0800000, 0x00000000f0d50000, 0x00000000f5a00000)
  eden space 4416K,   0% used [0x00000000f0800000, 0x00000000f0800000, 0x00000000f0c50000)
  from space 512K,  40% used [0x00000000f0cd0000, 0x00000000f0d03e08, 0x00000000f0d50000)
  to   space 512K,   0% used [0x00000000f0c50000, 0x00000000f0c50000, 0x00000000f0cd0000)
 concurrent mark-sweep generation total 46008K, used 29252K [0x00000000f5a00000, 0x00000000f86ee000, 0x0000000100000000)
 Metaspace       used 41019K, capacity 42674K, committed 42904K, reserved 1087488K
  class space    used 5179K, capacity 5523K, committed 5528K, reserved 1048576K
}
2019-10-16T14:16:57.622+0000: 17.474: Total time for which application threads were stopped: 0.0026760 seconds, Stopping threads took: 0.0000180 seconds
{Heap before GC invocations=631 (full 6):
 par new generation   total 4928K, used 4623K [0x00000000f0800000, 0x00000000f0d50000, 0x00000000f5a00000)
  eden space 4416K, 100% used [0x00000000f0800000, 0x00000000f0c50000, 0x00000000f0c50000)
  from space 512K,  40% used [0x00000000f0cd0000, 0x00000000f0d03e08, 0x00000000f0d50000)
  to   space 512K,   0% used [0x00000000f0c50000, 0x00000000f0c50000, 0x00000000f0cd0000)
 concurrent mark-sweep generation total 46008K, used 29252K [0x00000000f5a00000, 0x00000000f86ee000, 0x0000000100000000)
 Metaspace       used 41019K, capacity 42674K, committed 42904K, reserved 1087488K
  class space    used 5179K, capacity 5523K, committed 5528K, reserved 1048576K
2019-10-16T14:16:57.636+0000: 17.488: [GC (Allocation Failure) 2019-10-16T14:16:57.636+0000: 17.488: [ParNew
Desired survivor size 262144 bytes, new threshold 6 (max 6)
- age   1:       6464 bytes,       6464 total
- age   2:      29096 bytes,      35560 total
- age   3:      18368 bytes,      53928 total
- age   4:      49064 bytes,     102992 total
- age   5:      17960 bytes,     120952 total
- age   6:       4648 bytes,     125600 total
: 4623K->163K(4928K), 0.0018409 secs] 33875K->29446K(50936K), 0.0018865 secs] [Times: user=0.00 sys=0.00, real=0.00 secs] 
Heap after GC invocations=632 (full 6):
 par new generation   total 4928K, used 163K [0x00000000f0800000, 0x00000000f0d50000, 0x00000000f5a00000)
  eden space 4416K,   0% used [0x00000000f0800000, 0x00000000f0800000, 0x00000000f0c50000)
  from space 512K,  31% used [0x00000000f0c50000, 0x00000000f0c78d50, 0x00000000f0cd0000)
  to   space 512K,   0% used [0x00000000f0cd0000, 0x00000000f0cd0000, 0x00000000f0d50000)
 concurrent mark-sweep generation total 46008K, used 29282K [0x00000000f5a00000, 0x00000000f86ee000, 0x0000000100000000)
 Metaspace       used 41019K, capacity 42674K, committed 42904K, reserved 1087488K
  class space    used 5179K, capacity 5523K, committed 5528K, reserved 1048576K
}
2019-10-16T14:16:57.638+0000: 17.490: Total time for which application threads were stopped: 0.0019947 seconds, Stopping threads took: 0.0000309 seconds
{Heap before GC invocations=632 (full 6):
 par new generation   total 4928K, used 4579K [0x00000000f0800000, 0x00000000f0d50000, 0x00000000f5a00000)
  eden space 4416K, 100% used [0x00000000f0800000, 0x00000000f0c50000, 0x00000000f0c50000)
  from space 512K,  31% used [0x00000000f0c50000, 0x00000000f0c78d50, 0x00000000f0cd0000)
  to   space 512K,   0% used [0x00000000f0cd0000, 0x00000000f0cd0000, 0x00000000f0d50000)
 concurrent mark-sweep generation total 46008K, used 29282K [0x00000000f5a00000, 0x00000000f86ee000, 0x0000000100000000)
 Metaspace       used 41040K, capacity 42738K, committed 42904K, reserved 1087488K
  class space    used 5182K, capacity 5523K, committed 5528K, reserved 1048576K
2019-10-16T14:16:57.690+0000: 17.542: [GC (Allocation Failure) 2019-10-16T14:16:57.690+0000: 17.542: [ParNew
Desired survivor size 262144 bytes, new threshold 6 (max 6)
- age   1:      68112 bytes,      68112 total
- age   2:       6280 bytes,      74392 total
- age   3:      29096 bytes,     103488 total
- age   4:      18368 bytes,     121856 total
- age   5:      49040 bytes,     170896 total
- age   6:      17960 bytes,     188856 total
: 4579K->266K(4928K), 0.0028866 secs] 33862K->29553K(50936K), 0.0029487 secs] [Times: user=0.01 sys=0.00, real=0.00 secs] 
Heap after GC invocations=633 (full 6):
 par new generation   total 4928K, used 266K [0x00000000f0800000, 0x00000000f0d50000, 0x00000000f5a00000)
  eden space 4416K,   0% used [0x00000000f0800000, 0x00000000f0800000, 0x00000000f0c50000)
  from space 512K,  51% used [0x00000000f0cd0000, 0x00000000f0d12860, 0x00000000f0d50000)
  to   space 512K,   0% used [0x00000000f0c50000, 0x00000000f0c50000, 0x00000000f0cd0000)
 concurrent mark-sweep generation total 46008K, used 29287K [0x00000000f5a00000, 0x00000000f86ee000, 0x0000000100000000)
 Metaspace       used 41040K, capacity 42738K, committed 42904K, reserved 1087488K
  class space    used 5182K, capacity 5523K, committed 5528K, reserved 1048576K
}
2019-10-16T14:16:57.693+0000: 17.545: Total time for which application threads were stopped: 0.0030729 seconds, Stopping threads took: 0.0000274 seconds
2019-10-16T14:16:57.710+0000: 17.562: Total time for which application threads were stopped: 0.0005000 seconds, Stopping threads took: 0.0000248 seconds
{Heap before GC invocations=633 (full 6):
 par new generation   total 4928K, used 4682K [0x00000000f0800000, 0x00000000f0d50000, 0x00000000f5a00000)
  eden space 4416K, 100% used [0x00000000f0800000, 0x00000000f0c50000, 0x00000000f0c50000)
  from space 512K,  51% used [0x00000000f0cd0000, 0x00000000f0d12860, 0x00000000f0d50000)
  to   space 512K,   0% used [0x00000000f0c50000, 0x00000000f0c50000, 0x00000000f0cd0000)
 concurrent mark-sweep generation total 46008K, used 29287K [0x00000000f5a00000, 0x00000000f86ee000, 0x0000000100000000)
 Metaspace       used 41114K, capacity 42856K, committed 43032K, reserved 1087488K
  class space    used 5193K, capacity 5536K, committed 5656K, reserved 1048576K
2019-10-16T14:16:57.769+0000: 17.621: [GC (Allocation Failure) 2019-10-16T14:16:57.769+0000: 17.621: [ParNew
Desired survivor size 262144 bytes, new threshold 6 (max 6)
- age   1:     125080 bytes,     125080 total
- age   2:      65128 bytes,     190208 total
- age   3:       6280 bytes,     196488 total
- age   4:      29096 bytes,     225584 total
- age   5:      18368 bytes,     243952 total
- age   6:      49040 bytes,     292992 total
: 4682K->342K(4928K), 0.0036466 secs] 33969K->29648K(50936K), 0.0037051 secs] [Times: user=0.01 sys=0.00, real=0.01 secs] 
Heap after GC invocations=634 (full 6):
 par new generation   total 4928K, used 342K [0x00000000f0800000, 0x00000000f0d50000, 0x00000000f5a00000)
  eden space 4416K,   0% used [0x00000000f0800000, 0x00000000f0800000, 0x00000000f0c50000)
  from space 512K,  66% used [0x00000000f0c50000, 0x00000000f0ca5af0, 0x00000000f0cd0000)
  to   space 512K,   0% used [0x00000000f0cd0000, 0x00000000f0cd0000, 0x00000000f0d50000)
 concurrent mark-sweep generation total 46008K, used 29305K [0x00000000f5a00000, 0x00000000f86ee000, 0x0000000100000000)
 Metaspace       used 41114K, capacity 42856K, committed 43032K, reserved 1087488K
  class space    used 5193K, capacity 5536K, committed 5656K, reserved 1048576K
}
2019-10-16T14:16:57.773+0000: 17.625: Total time for which application threads were stopped: 0.0038315 seconds, Stopping threads took: 0.0000254 seconds
{Heap before GC invocations=634 (full 6):
 par new generation   total 4928K, used 4758K [0x00000000f0800000, 0x00000000f0d50000, 0x00000000f5a00000)
  eden space 4416K, 100% used [0x00000000f0800000, 0x00000000f0c50000, 0x00000000f0c50000)
  from space 512K,  66% used [0x00000000f0c50000, 0x00000000f0ca5af0, 0x00000000f0cd0000)
  to   space 512K,   0% used [0x00000000f0cd0000, 0x00000000f0cd0000, 0x00000000f0d50000)
 concurrent mark-sweep generation total 46008K, used 29305K [0x00000000f5a00000, 0x00000000f86ee000, 0x0000000100000000)
 Metaspace       used 41150K, capacity 42920K, committed 43288K, reserved 1087488K
  class space    used 5194K, capacity 5536K, committed 5656K, reserved 1048576K
2019-10-16T14:16:57.810+0000: 17.662: [GC (Allocation Failure) 2019-10-16T14:16:57.810+0000: 17.662: [ParNew
Desired survivor size 262144 bytes, new threshold 5 (max 6)
- age   1:      53248 bytes,      53248 total
- age   2:     122104 bytes,     175352 total
- age   3:      63048 bytes,     238400 total
- age   4:       6280 bytes,     244680 total
- age   5:      29096 bytes,     273776 total
- age   6:      18368 bytes,     292144 total
: 4758K->512K(4928K), 0.0034951 secs] 34064K->29865K(50936K), 0.0035654 secs] [Times: user=0.01 sys=0.00, real=0.00 secs] 
Heap after GC invocations=635 (full 6):
 par new generation   total 4928K, used 512K [0x00000000f0800000, 0x00000000f0d50000, 0x00000000f5a00000)
  eden space 4416K,   0% used [0x00000000f0800000, 0x00000000f0800000, 0x00000000f0c50000)
  from space 512K, 100% used [0x00000000f0cd0000, 0x00000000f0d50000, 0x00000000f0d50000)
  to   space 512K,   0% used [0x00000000f0c50000, 0x00000000f0c50000, 0x00000000f0cd0000)
 concurrent mark-sweep generation total 46008K, used 29353K [0x00000000f5a00000, 0x00000000f86ee000, 0x0000000100000000)
 Metaspace       used 41150K, capacity 42920K, committed 43288K, reserved 1087488K
  class space    used 5194K, capacity 5536K, committed 5656K, reserved 1048576K
}
2019-10-16T14:16:57.814+0000: 17.666: Total time for which application threads were stopped: 0.0036880 seconds, Stopping threads took: 0.0000257 seconds
2019-10-16T14:16:57.817+0000: 17.669: Total time for which application threads were stopped: 0.0004575 seconds, Stopping threads took: 0.0000187 seconds
{Heap before GC invocations=635 (full 6):
 par new generation   total 4928K, used 4928K [0x00000000f0800000, 0x00000000f0d50000, 0x00000000f5a00000)
  eden space 4416K, 100% used [0x00000000f0800000, 0x00000000f0c50000, 0x00000000f0c50000)
  from space 512K, 100% used [0x00000000f0cd0000, 0x00000000f0d50000, 0x00000000f0d50000)
  to   space 512K,   0% used [0x00000000f0c50000, 0x00000000f0c50000, 0x00000000f0cd0000)
 concurrent mark-sweep generation total 46008K, used 29353K [0x00000000f5a00000, 0x00000000f86ee000, 0x0000000100000000)
 Metaspace       used 41181K, capacity 42926K, committed 43288K, reserved 1087488K
  class space    used 5199K, capacity 5537K, committed 5656K, reserved 1048576K
2019-10-16T14:16:57.840+0000: 17.692: [GC (Allocation Failure) 2019-10-16T14:16:57.840+0000: 17.692: [ParNew
Desired survivor size 262144 bytes, new threshold 4 (max 6)
- age   1:      59744 bytes,      59744 total
- age   2:      47760 bytes,     107504 total
- age   3:     121400 bytes,     228904 total
- age   4:      63048 bytes,     291952 total
- age   5:       6280 bytes,     298232 total
: 4928K->343K(4928K), 0.0034840 secs] 34281K->29743K(50936K), 0.0035455 secs] [Times: user=0.00 sys=0.00, real=0.01 secs] 
Heap after GC invocations=636 (full 6):
 par new generation   total 4928K, used 343K [0x00000000f0800000, 0x00000000f0d50000, 0x00000000f5a00000)
  eden space 4416K,   0% used [0x00000000f0800000, 0x00000000f0800000, 0x00000000f0c50000)
  from space 512K,  67% used [0x00000000f0c50000, 0x00000000f0ca5c90, 0x00000000f0cd0000)
  to   space 512K,   0% used [0x00000000f0cd0000, 0x00000000f0cd0000, 0x00000000f0d50000)
 concurrent mark-sweep generation total 46008K, used 29400K [0x00000000f5a00000, 0x00000000f86ee000, 0x0000000100000000)
 Metaspace       used 41181K, capacity 42926K, committed 43288K, reserved 1087488K
  class space    used 5199K, capacity 5537K, committed 5656K, reserved 1048576K
}
2019-10-16T14:16:57.844+0000: 17.696: Total time for which application threads were stopped: 0.0036637 seconds, Stopping threads took: 0.0000228 seconds
{Heap before GC invocations=636 (full 6):
 par new generation   total 4928K, used 4759K [0x00000000f0800000, 0x00000000f0d50000, 0x00000000f5a00000)
  eden space 4416K, 100% used [0x00000000f0800000, 0x00000000f0c50000, 0x00000000f0c50000)
  from space 512K,  67% used [0x00000000f0c50000, 0x00000000f0ca5c90, 0x00000000f0cd0000)
  to   space 512K,   0% used [0x00000000f0cd0000, 0x00000000f0cd0000, 0x00000000f0d50000)
 concurrent mark-sweep generation total 46008K, used 29400K [0x00000000f5a00000, 0x00000000f86ee000, 0x0000000100000000)
 Metaspace       used 41181K, capacity 42926K, committed 43288K, reserved 1087488K
  class space    used 5199K, capacity 5537K, committed 5656K, reserved 1048576K
2019-10-16T14:16:57.862+0000: 17.714: [GC (Allocation Failure) 2019-10-16T14:16:57.862+0000: 17.714: [ParNew
Desired survivor size 262144 bytes, new threshold 6 (max 6)
- age   1:      29000 bytes,      29000 total
- age   2:      51824 bytes,      80824 total
- age   3:      47760 bytes,     128584 total
- age   4:     121400 bytes,     249984 total
: 4759K->260K(4928K), 0.0034433 secs] 34159K->29730K(50936K), 0.0034902 secs] [Times: user=0.00 sys=0.00, real=0.00 secs] 
Heap after GC invocations=637 (full 6):
 par new generation   total 4928K, used 260K [0x00000000f0800000, 0x00000000f0d50000, 0x00000000f5a00000)
  eden space 4416K,   0% used [0x00000000f0800000, 0x00000000f0800000, 0x00000000f0c50000)
  from space 512K,  50% used [0x00000000f0cd0000, 0x00000000f0d113a8, 0x00000000f0d50000)
  to   space 512K,   0% used [0x00000000f0c50000, 0x00000000f0c50000, 0x00000000f0cd0000)
 concurrent mark-sweep generation total 46008K, used 29469K [0x00000000f5a00000, 0x00000000f86ee000, 0x0000000100000000)
 Metaspace       used 41181K, capacity 42926K, committed 43288K, reserved 1087488K
  class space    used 5199K, capacity 5537K, committed 5656K, reserved 1048576K
}
2019-10-16T14:16:57.866+0000: 17.718: Total time for which application threads were stopped: 0.0036211 seconds, Stopping threads took: 0.0000368 seconds
{Heap before GC invocations=637 (full 6):
 par new generation   total 4928K, used 4676K [0x00000000f0800000, 0x00000000f0d50000, 0x00000000f5a00000)
  eden space 4416K, 100% used [0x00000000f0800000, 0x00000000f0c50000, 0x00000000f0c50000)
  from space 512K,  50% used [0x00000000f0cd0000, 0x00000000f0d113a8, 0x00000000f0d50000)
  to   space 512K,   0% used [0x00000000f0c50000, 0x00000000f0c50000, 0x00000000f0cd0000)
 concurrent mark-sweep generation total 46008K, used 29469K [0x00000000f5a00000, 0x00000000f86ee000, 0x0000000100000000)
 Metaspace       used 41201K, capacity 42926K, committed 43288K, reserved 1087488K
  class space    used 5202K, capacity 5537K, committed 5656K, reserved 1048576K
2019-10-16T14:16:57.954+0000: 17.806: [GC (Allocation Failure) 2019-10-16T14:16:57.954+0000: 17.806: [ParNew
Desired survivor size 262144 bytes, new threshold 5 (max 6)
- age   1:     114952 bytes,     114952 total
- age   2:      23944 bytes,     138896 total
- age   3:      48728 bytes,     187624 total
- age   4:      47760 bytes,     235384 total
- age   5:     118016 bytes,     353400 total
: 4676K->497K(4928K), 0.0034537 secs] 34146K->29967K(50936K), 0.0035042 secs] [Times: user=0.00 sys=0.00, real=0.00 secs] 
Heap after GC invocations=638 (full 6):
 par new generation   total 4928K, used 497K [0x00000000f0800000, 0x00000000f0d50000, 0x00000000f5a00000)
  eden space 4416K,   0% used [0x00000000f0800000, 0x00000000f0800000, 0x00000000f0c50000)
  from space 512K,  97% used [0x00000000f0c50000, 0x00000000f0ccc7f8, 0x00000000f0cd0000)
  to   space 512K,   0% used [0x00000000f0cd0000, 0x00000000f0cd0000, 0x00000000f0d50000)
 concurrent mark-sweep generation total 46008K, used 29469K [0x00000000f5a00000, 0x00000000f86ee000, 0x0000000100000000)
 Metaspace       used 41201K, capacity 42926K, committed 43288K, reserved 1087488K
  class space    used 5202K, capacity 5537K, committed 5656K, reserved 1048576K
}
2019-10-16T14:16:57.958+0000: 17.810: Total time for which application threads were stopped: 0.0036821 seconds, Stopping threads took: 0.0000273 seconds
{Heap before GC invocations=638 (full 6):
 par new generation   total 4928K, used 4913K [0x00000000f0800000, 0x00000000f0d50000, 0x00000000f5a00000)
  eden space 4416K, 100% used [0x00000000f0800000, 0x00000000f0c50000, 0x00000000f0c50000)
  from space 512K,  97% used [0x00000000f0c50000, 0x00000000f0ccc7f8, 0x00000000f0cd0000)
  to   space 512K,   0% used [0x00000000f0cd0000, 0x00000000f0cd0000, 0x00000000f0d50000)
 concurrent mark-sweep generation total 46008K, used 29469K [0x00000000f5a00000, 0x00000000f86ee000, 0x0000000100000000)
 Metaspace       used 41301K, capacity 43086K, committed 43288K, reserved 1087488K
  class space    used 5217K, capacity 5569K, committed 5656K, reserved 1048576K
2019-10-16T14:16:58.003+0000: 17.855: [GC (Allocation Failure) 2019-10-16T14:16:58.003+0000: 17.855: [ParNew
Desired survivor size 262144 bytes, new threshold 2 (max 6)
- age   1:     154560 bytes,     154560 total
- age   2:     111184 bytes,     265744 total
- age   3:      23832 bytes,     289576 total
- age   4:      48728 bytes,     338304 total
- age   5:      47760 bytes,     386064 total
: 4913K->512K(4928K), 0.0084430 secs] 34383K->30102K(50936K), 0.0085158 secs] [Times: user=0.00 sys=0.00, real=0.01 secs] 
Heap after GC invocations=639 (full 6):
 par new generation   total 4928K, used 512K [0x00000000f0800000, 0x00000000f0d50000, 0x00000000f5a00000)
  eden space 4416K,   0% used [0x00000000f0800000, 0x00000000f0800000, 0x00000000f0c50000)
  from space 512K, 100% used [0x00000000f0cd0000, 0x00000000f0d50000, 0x00000000f0d50000)
  to   space 512K,   0% used [0x00000000f0c50000, 0x00000000f0c50000, 0x00000000f0cd0000)
 concurrent mark-sweep generation total 46008K, used 29590K [0x00000000f5a00000, 0x00000000f86ee000, 0x0000000100000000)
 Metaspace       used 41301K, capacity 43086K, committed 43288K, reserved 1087488K
  class space    used 5217K, capacity 5569K, committed 5656K, reserved 1048576K
}
2019-10-16T14:16:58.011+0000: 17.863: Total time for which application threads were stopped: 0.0086557 seconds, Stopping threads took: 0.0000246 seconds
{Heap before GC invocations=639 (full 6):
 par new generation   total 4928K, used 4928K [0x00000000f0800000, 0x00000000f0d50000, 0x00000000f5a00000)
  eden space 4416K, 100% used [0x00000000f0800000, 0x00000000f0c50000, 0x00000000f0c50000)
  from space 512K, 100% used [0x00000000f0cd0000, 0x00000000f0d50000, 0x00000000f0d50000)
  to   space 512K,   0% used [0x00000000f0c50000, 0x00000000f0c50000, 0x00000000f0cd0000)
 concurrent mark-sweep generation total 46008K, used 29590K [0x00000000f5a00000, 0x00000000f86ee000, 0x0000000100000000)
 Metaspace       used 41461K, capacity 43156K, committed 43288K, reserved 1087488K
  class space    used 5230K, capacity 5570K, committed 5656K, reserved 1048576K
2019-10-16T14:16:58.053+0000: 17.905: [GC (Allocation Failure) 2019-10-16T14:16:58.053+0000: 17.905: [ParNew
Desired survivor size 262144 bytes, new threshold 6 (max 6)
- age   1:     103752 bytes,     103752 total
- age   2:     151624 bytes,     255376 total
: 4928K->365K(4928K), 0.0045211 secs] 34518K->30186K(50936K), 0.0045734 secs] [Times: user=0.00 sys=0.00, real=0.00 secs] 
Heap after GC invocations=640 (full 6):
 par new generation   total 4928K, used 365K [0x00000000f0800000, 0x00000000f0d50000, 0x00000000f5a00000)
  eden space 4416K,   0% used [0x00000000f0800000, 0x00000000f0800000, 0x00000000f0c50000)
  from space 512K,  71% used [0x00000000f0c50000, 0x00000000f0cab590, 0x00000000f0cd0000)
  to   space 512K,   0% used [0x00000000f0cd0000, 0x00000000f0cd0000, 0x00000000f0d50000)
 concurrent mark-sweep generation total 46008K, used 29820K [0x00000000f5a00000, 0x00000000f86ee000, 0x0000000100000000)
 Metaspace       used 41461K, capacity 43156K, committed 43288K, reserved 1087488K
  class space    used 5230K, capacity 5570K, committed 5656K, reserved 1048576K
}
2019-10-16T14:16:58.058+0000: 17.910: Total time for which application threads were stopped: 0.0047060 seconds, Stopping threads took: 0.0000247 seconds
{Heap before GC invocations=640 (full 6):
 par new generation   total 4928K, used 4781K [0x00000000f0800000, 0x00000000f0d50000, 0x00000000f5a00000)
  eden space 4416K, 100% used [0x00000000f0800000, 0x00000000f0c50000, 0x00000000f0c50000)
  from space 512K,  71% used [0x00000000f0c50000, 0x00000000f0cab590, 0x00000000f0cd0000)
  to   space 512K,   0% used [0x00000000f0cd0000, 0x00000000f0cd0000, 0x00000000f0d50000)
 concurrent mark-sweep generation total 46008K, used 29820K [0x00000000f5a00000, 0x00000000f86ee000, 0x0000000100000000)
 Metaspace       used 41480K, capacity 43226K, committed 43544K, reserved 1087488K
  class space    used 5232K, capacity 5571K, committed 5656K, reserved 1048576K
2019-10-16T14:16:58.080+0000: 17.932: [GC (Allocation Failure) 2019-10-16T14:16:58.080+0000: 17.932: [ParNew
Desired survivor size 262144 bytes, new threshold 3 (max 6)
- age   1:      67472 bytes,      67472 total
- age   2:      97208 bytes,     164680 total
- age   3:     151624 bytes,     316304 total
: 4781K->512K(4928K), 0.0026753 secs] 34602K->30332K(50936K), 0.0027258 secs] [Times: user=0.00 sys=0.00, real=0.01 secs] 
Heap after GC invocations=641 (full 6):
 par new generation   total 4928K, used 512K [0x00000000f0800000, 0x00000000f0d50000, 0x00000000f5a00000)
  eden space 4416K,   0% used [0x00000000f0800000, 0x00000000f0800000, 0x00000000f0c50000)
  from space 512K, 100% used [0x00000000f0cd0000, 0x00000000f0d50000, 0x00000000f0d50000)
  to   space 512K,   0% used [0x00000000f0c50000, 0x00000000f0c50000, 0x00000000f0cd0000)
 concurrent mark-sweep generation total 46008K, used 29820K [0x00000000f5a00000, 0x00000000f86ee000, 0x0000000100000000)
 Metaspace       used 41480K, capacity 43226K, committed 43544K, reserved 1087488K
  class space    used 5232K, capacity 5571K, committed 5656K, reserved 1048576K
}
2019-10-16T14:16:58.083+0000: 17.935: Total time for which application threads were stopped: 0.0028408 seconds, Stopping threads took: 0.0000218 seconds
{Heap before GC invocations=641 (full 6):
 par new generation   total 4928K, used 4928K [0x00000000f0800000, 0x00000000f0d50000, 0x00000000f5a00000)
  eden space 4416K, 100% used [0x00000000f0800000, 0x00000000f0c50000, 0x00000000f0c50000)
  from space 512K, 100% used [0x00000000f0cd0000, 0x00000000f0d50000, 0x00000000f0d50000)
  to   space 512K,   0% used [0x00000000f0c50000, 0x00000000f0c50000, 0x00000000f0cd0000)
 concurrent mark-sweep generation total 46008K, used 29820K [0x00000000f5a00000, 0x00000000f86ee000, 0x0000000100000000)
 Metaspace       used 41480K, capacity 43226K, committed 43544K, reserved 1087488K
  class space    used 5232K, capacity 5571K, committed 5656K, reserved 1048576K
2019-10-16T14:16:58.098+0000: 17.950: [GC (Allocation Failure) 2019-10-16T14:16:58.098+0000: 17.950: [ParNew
Desired survivor size 262144 bytes, new threshold 6 (max 6)
- age   1:       5088 bytes,       5088 total
- age   2:      65760 bytes,      70848 total
- age   3:      97208 bytes,     168056 total
: 4928K->300K(4928K), 0.0032193 secs] 34748K->30271K(50936K), 0.0032633 secs] [Times: user=0.01 sys=0.00, real=0.00 secs] 
Heap after GC invocations=642 (full 6):
 par new generation   total 4928K, used 300K [0x00000000f0800000, 0x00000000f0d50000, 0x00000000f5a00000)
  eden space 4416K,   0% used [0x00000000f0800000, 0x00000000f0800000, 0x00000000f0c50000)
  from space 512K,  58% used [0x00000000f0c50000, 0x00000000f0c9b270, 0x00000000f0cd0000)
  to   space 512K,   0% used [0x00000000f0cd0000, 0x00000000f0cd0000, 0x00000000f0d50000)
 concurrent mark-sweep generation total 46008K, used 29970K [0x00000000f5a00000, 0x00000000f86ee000, 0x0000000100000000)
 Metaspace       used 41480K, capacity 43226K, committed 43544K, reserved 1087488K
  class space    used 5232K, capacity 5571K, committed 5656K, reserved 1048576K
}
2019-10-16T14:16:58.102+0000: 17.954: Total time for which application threads were stopped: 0.0033928 seconds, Stopping threads took: 0.0000246 seconds
{Heap before GC invocations=642 (full 6):
 par new generation   total 4928K, used 4716K [0x00000000f0800000, 0x00000000f0d50000, 0x00000000f5a00000)
  eden space 4416K, 100% used [0x00000000f0800000, 0x00000000f0c50000, 0x00000000f0c50000)
  from space 512K,  58% used [0x00000000f0c50000, 0x00000000f0c9b270, 0x00000000f0cd0000)
  to   space 512K,   0% used [0x00000000f0cd0000, 0x00000000f0cd0000, 0x00000000f0d50000)
 concurrent mark-sweep generation total 46008K, used 29970K [0x00000000f5a00000, 0x00000000f86ee000, 0x0000000100000000)
 Metaspace       used 41482K, capacity 43226K, committed 43544K, reserved 1087488K
  class space    used 5232K, capacity 5571K, committed 5656K, reserved 1048576K
2019-10-16T14:16:58.116+0000: 17.968: [GC (Allocation Failure) 2019-10-16T14:16:58.116+0000: 17.968: [ParNew
Desired survivor size 262144 bytes, new threshold 6 (max 6)
- age   1:       5632 bytes,       5632 total
- age   2:       3808 bytes,       9440 total
- age   3:      65760 bytes,      75200 total
- age   4:      97208 bytes,     172408 total
: 4716K->273K(4928K), 0.0023393 secs] 34687K->30244K(50936K), 0.0023886 secs] [Times: user=0.00 sys=0.00, real=0.00 secs] 
Heap after GC invocations=643 (full 6):
 par new generation   total 4928K, used 273K [0x00000000f0800000, 0x00000000f0d50000, 0x00000000f5a00000)
  eden space 4416K,   0% used [0x00000000f0800000, 0x00000000f0800000, 0x00000000f0c50000)
  from space 512K,  53% used [0x00000000f0cd0000, 0x00000000f0d14590, 0x00000000f0d50000)
  to   space 512K,   0% used [0x00000000f0c50000, 0x00000000f0c50000, 0x00000000f0cd0000)
 concurrent mark-sweep generation total 46008K, used 29970K [0x00000000f5a00000, 0x00000000f86ee000, 0x0000000100000000)
 Metaspace       used 41482K, capacity 43226K, committed 43544K, reserved 1087488K
  class space    used 5232K, capacity 5571K, committed 5656K, reserved 1048576K
}
2019-10-16T14:16:58.119+0000: 17.971: Total time for which application threads were stopped: 0.0025119 seconds, Stopping threads took: 0.0000220 seconds
{Heap before GC invocations=643 (full 6):
 par new generation   total 4928K, used 4689K [0x00000000f0800000, 0x00000000f0d50000, 0x00000000f5a00000)
  eden space 4416K, 100% used [0x00000000f0800000, 0x00000000f0c50000, 0x00000000f0c50000)
  from space 512K,  53% used [0x00000000f0cd0000, 0x00000000f0d14590, 0x00000000f0d50000)
  to   space 512K,   0% used [0x00000000f0c50000, 0x00000000f0c50000, 0x00000000f0cd0000)
 concurrent mark-sweep generation total 46008K, used 29970K [0x00000000f5a00000, 0x00000000f86ee000, 0x0000000100000000)
 Metaspace       used 41499K, capacity 43230K, committed 43544K, reserved 1087488K
  class space    used 5234K, capacity 5573K, committed 5656K, reserved 1048576K
2019-10-16T14:16:58.145+0000: 17.997: [GC (Allocation Failure) 2019-10-16T14:16:58.145+0000: 17.997: [ParNew
Desired survivor size 262144 bytes, new threshold 6 (max 6)
- age   1:      48008 bytes,      48008 total
- age   2:       3040 bytes,      51048 total
- age   3:       3768 bytes,      54816 total
- age   4:      65760 bytes,     120576 total
- age   5:      97056 bytes,     217632 total
: 4689K->321K(4928K), 0.0028785 secs] 34660K->30291K(50936K), 0.0029299 secs] [Times: user=0.00 sys=0.00, real=0.00 secs] 
Heap after GC invocations=644 (full 6):
 par new generation   total 4928K, used 321K [0x00000000f0800000, 0x00000000f0d50000, 0x00000000f5a00000)
  eden space 4416K,   0% used [0x00000000f0800000, 0x00000000f0800000, 0x00000000f0c50000)
  from space 512K,  62% used [0x00000000f0c50000, 0x00000000f0ca04d0, 0x00000000f0cd0000)
  to   space 512K,   0% used [0x00000000f0cd0000, 0x00000000f0cd0000, 0x00000000f0d50000)
 concurrent mark-sweep generation total 46008K, used 29970K [0x00000000f5a00000, 0x00000000f86ee000, 0x0000000100000000)
 Metaspace       used 41499K, capacity 43230K, committed 43544K, reserved 1087488K
  class space    used 5234K, capacity 5573K, committed 5656K, reserved 1048576K
}
2019-10-16T14:16:58.148+0000: 18.000: Total time for which application threads were stopped: 0.0030621 seconds, Stopping threads took: 0.0000257 seconds
{Heap before GC invocations=644 (full 6):
 par new generation   total 4928K, used 4737K [0x00000000f0800000, 0x00000000f0d50000, 0x00000000f5a00000)
  eden space 4416K, 100% used [0x00000000f0800000, 0x00000000f0c50000, 0x00000000f0c50000)
  from space 512K,  62% used [0x00000000f0c50000, 0x00000000f0ca04d0, 0x00000000f0cd0000)
  to   space 512K,   0% used [0x00000000f0cd0000, 0x00000000f0cd0000, 0x00000000f0d50000)
 concurrent mark-sweep generation total 46008K, used 29970K [0x00000000f5a00000, 0x00000000f86ee000, 0x0000000100000000)
 Metaspace       used 41508K, capacity 43230K, committed 43544K, reserved 1087488K
  class space    used 5235K, capacity 5573K, committed 5656K, reserved 1048576K
2019-10-16T14:16:58.172+0000: 18.024: [GC (Allocation Failure) 2019-10-16T14:16:58.172+0000: 18.024: [ParNew
Desired survivor size 262144 bytes, new threshold 6 (max 6)
- age   1:     140216 bytes,     140216 total
- age   2:      43656 bytes,     183872 total
- age   3:       2896 bytes,     186768 total
- age   4:       3696 bytes,     190464 total
- age   5:      65760 bytes,     256224 total
- age   6:      97056 bytes,     353280 total
: 4737K->398K(4928K), 0.0031763 secs] 34707K->30369K(50936K), 0.0032414 secs] [Times: user=0.01 sys=0.00, real=0.00 secs] 
Heap after GC invocations=645 (full 6):
 par new generation   total 4928K, used 398K [0x00000000f0800000, 0x00000000f0d50000, 0x00000000f5a00000)
  eden space 4416K,   0% used [0x00000000f0800000, 0x00000000f0800000, 0x00000000f0c50000)
  from space 512K,  77% used [0x00000000f0cd0000, 0x00000000f0d33a80, 0x00000000f0d50000)
  to   space 512K,   0% used [0x00000000f0c50000, 0x00000000f0c50000, 0x00000000f0cd0000)
 concurrent mark-sweep generation total 46008K, used 29970K [0x00000000f5a00000, 0x00000000f86ee000, 0x0000000100000000)
 Metaspace       used 41508K, capacity 43230K, committed 43544K, reserved 1087488K
  class space    used 5235K, capacity 5573K, committed 5656K, reserved 1048576K
}
2019-10-16T14:16:58.175+0000: 18.027: Total time for which application threads were stopped: 0.0034295 seconds, Stopping threads took: 0.0000233 seconds
{Heap before GC invocations=645 (full 6):
 par new generation   total 4928K, used 4814K [0x00000000f0800000, 0x00000000f0d50000, 0x00000000f5a00000)
  eden space 4416K, 100% used [0x00000000f0800000, 0x00000000f0c50000, 0x00000000f0c50000)
  from space 512K,  77% used [0x00000000f0cd0000, 0x00000000f0d33a80, 0x00000000f0d50000)
  to   space 512K,   0% used [0x00000000f0c50000, 0x00000000f0c50000, 0x00000000f0cd0000)
 concurrent mark-sweep generation total 46008K, used 29970K [0x00000000f5a00000, 0x00000000f86ee000, 0x0000000100000000)
 Metaspace       used 41533K, capacity 43300K, committed 43544K, reserved 1087488K
  class space    used 5239K, capacity 5574K, committed 5656K, reserved 1048576K
2019-10-16T14:16:58.214+0000: 18.066: [GC (Allocation Failure) 2019-10-16T14:16:58.214+0000: 18.066: [ParNew
Desired survivor size 262144 bytes, new threshold 2 (max 6)
- age   1:     188888 bytes,     188888 total
- age   2:     139160 bytes,     328048 total
- age   3:      41088 bytes,     369136 total
- age   4:       2896 bytes,     372032 total
- age   5:       3696 bytes,     375728 total
- age   6:      65760 bytes,     441488 total
: 4814K->512K(4928K), 0.0044320 secs] 34785K->30580K(50936K), 0.0044987 secs] [Times: user=0.00 sys=0.00, real=0.00 secs] 
Heap after GC invocations=646 (full 6):
 par new generation   total 4928K, used 512K [0x00000000f0800000, 0x00000000f0d50000, 0x00000000f5a00000)
  eden space 4416K,   0% used [0x00000000f0800000, 0x00000000f0800000, 0x00000000f0c50000)
  from space 512K, 100% used [0x00000000f0c50000, 0x00000000f0cd0000, 0x00000000f0cd0000)
  to   space 512K,   0% used [0x00000000f0cd0000, 0x00000000f0cd0000, 0x00000000f0d50000)
 concurrent mark-sweep generation total 46008K, used 30068K [0x00000000f5a00000, 0x00000000f86ee000, 0x0000000100000000)
 Metaspace       used 41533K, capacity 43300K, committed 43544K, reserved 1087488K
  class space    used 5239K, capacity 5574K, committed 5656K, reserved 1048576K
}
2019-10-16T14:16:58.219+0000: 18.071: Total time for which application threads were stopped: 0.0046254 seconds, Stopping threads took: 0.0000265 seconds
{Heap before GC invocations=646 (full 6):
 par new generation   total 4928K, used 4928K [0x00000000f0800000, 0x00000000f0d50000, 0x00000000f5a00000)
  eden space 4416K, 100% used [0x00000000f0800000, 0x00000000f0c50000, 0x00000000f0c50000)
  from space 512K, 100% used [0x00000000f0c50000, 0x00000000f0cd0000, 0x00000000f0cd0000)
  to   space 512K,   0% used [0x00000000f0cd0000, 0x00000000f0cd0000, 0x00000000f0d50000)
 concurrent mark-sweep generation total 46008K, used 30068K [0x00000000f5a00000, 0x00000000f86ee000, 0x0000000100000000)
 Metaspace       used 41549K, capacity 43300K, committed 43544K, reserved 1087488K
  class space    used 5242K, capacity 5574K, committed 5656K, reserved 1048576K
2019-10-16T14:16:58.258+0000: 18.110: [GC (Allocation Failure) 2019-10-16T14:16:58.258+0000: 18.110: [ParNew
Desired survivor size 262144 bytes, new threshold 6 (max 6)
- age   1:      61760 bytes,      61760 total
- age   2:     187360 bytes,     249120 total
: 4928K->401K(4928K), 0.0044947 secs] 34996K->30720K(50936K), 0.0045539 secs] [Times: user=0.01 sys=0.00, real=0.01 secs] 
Heap after GC invocations=647 (full 6):
 par new generation   total 4928K, used 401K [0x00000000f0800000, 0x00000000f0d50000, 0x00000000f5a00000)
  eden space 4416K,   0% used [0x00000000f0800000, 0x00000000f0800000, 0x00000000f0c50000)
  from space 512K,  78% used [0x00000000f0cd0000, 0x00000000f0d34400, 0x00000000f0d50000)
  to   space 512K,   0% used [0x00000000f0c50000, 0x00000000f0c50000, 0x00000000f0cd0000)
 concurrent mark-sweep generation total 46008K, used 30319K [0x00000000f5a00000, 0x00000000f86ee000, 0x0000000100000000)
 Metaspace       used 41549K, capacity 43300K, committed 43544K, reserved 1087488K
  class space    used 5242K, capacity 5574K, committed 5656K, reserved 1048576K
}
2019-10-16T14:16:58.263+0000: 18.115: Total time for which application threads were stopped: 0.0046930 seconds, Stopping threads took: 0.0000266 seconds
{Heap before GC invocations=647 (full 6):
 par new generation   total 4928K, used 4817K [0x00000000f0800000, 0x00000000f0d50000, 0x00000000f5a00000)
  eden space 4416K, 100% used [0x00000000f0800000, 0x00000000f0c50000, 0x00000000f0c50000)
  from space 512K,  78% used [0x00000000f0cd0000, 0x00000000f0d34400, 0x00000000f0d50000)
  to   space 512K,   0% used [0x00000000f0c50000, 0x00000000f0c50000, 0x00000000f0cd0000)
 concurrent mark-sweep generation total 46008K, used 30319K [0x00000000f5a00000, 0x00000000f86ee000, 0x0000000100000000)
 Metaspace       used 41646K, capacity 43392K, committed 43544K, reserved 1087488K
  class space    used 5257K, capacity 5582K, committed 5656K, reserved 1048576K
2019-10-16T14:16:58.294+0000: 18.146: [GC (Allocation Failure) 2019-10-16T14:16:58.294+0000: 18.146: [ParNew
Desired survivor size 262144 bytes, new threshold 3 (max 6)
- age   1:     113000 bytes,     113000 total
- age   2:      58496 bytes,     171496 total
- age   3:     187296 bytes,     358792 total
: 4817K->512K(4928K), 0.0034770 secs] 35136K->30832K(50936K), 0.0035327 secs] [Times: user=0.01 sys=0.00, real=0.00 secs] 
Heap after GC invocations=648 (full 6):
 par new generation   total 4928K, used 512K [0x00000000f0800000, 0x00000000f0d50000, 0x00000000f5a00000)
  eden space 4416K,   0% used [0x00000000f0800000, 0x00000000f0800000, 0x00000000f0c50000)
  from space 512K, 100% used [0x00000000f0c50000, 0x00000000f0cd0000, 0x00000000f0cd0000)
  to   space 512K,   0% used [0x00000000f0cd0000, 0x00000000f0cd0000, 0x00000000f0d50000)
 concurrent mark-sweep generation total 46008K, used 30320K [0x00000000f5a00000, 0x00000000f86ee000, 0x0000000100000000)
 Metaspace       used 41646K, capacity 43392K, committed 43544K, reserved 1087488K
  class space    used 5257K, capacity 5582K, committed 5656K, reserved 1048576K
}
2019-10-16T14:16:58.298+0000: 18.150: Total time for which application threads were stopped: 0.0037147 seconds, Stopping threads took: 0.0000386 seconds
{Heap before GC invocations=648 (full 6):
 par new generation   total 4928K, used 4928K [0x00000000f0800000, 0x00000000f0d50000, 0x00000000f5a00000)
  eden space 4416K, 100% used [0x00000000f0800000, 0x00000000f0c50000, 0x00000000f0c50000)
  from space 512K, 100% used [0x00000000f0c50000, 0x00000000f0cd0000, 0x00000000f0cd0000)
  to   space 512K,   0% used [0x00000000f0cd0000, 0x00000000f0cd0000, 0x00000000f0d50000)
 concurrent mark-sweep generation total 46008K, used 30320K [0x00000000f5a00000, 0x00000000f86ee000, 0x0000000100000000)
 Metaspace       used 41722K, capacity 43496K, committed 43544K, reserved 1087488K
  class space    used 5267K, capacity 5616K, committed 5656K, reserved 1048576K
2019-10-16T14:16:58.354+0000: 18.206: [GC (Allocation Failure) 2019-10-16T14:16:58.354+0000: 18.206: [ParNew
Desired survivor size 262144 bytes, new threshold 3 (max 6)
- age   1:     145680 bytes,     145680 total
- age   2:      83360 bytes,     229040 total
- age   3:      47696 bytes,     276736 total
: 4928K->334K(4928K), 0.0044381 secs] 35248K->30840K(50936K), 0.0045068 secs] [Times: user=0.00 sys=0.00, real=0.00 secs] 
Heap after GC invocations=649 (full 6):
 par new generation   total 4928K, used 334K [0x00000000f0800000, 0x00000000f0d50000, 0x00000000f5a00000)
  eden space 4416K,   0% used [0x00000000f0800000, 0x00000000f0800000, 0x00000000f0c50000)
  from space 512K,  65% used [0x00000000f0cd0000, 0x00000000f0d23a78, 0x00000000f0d50000)
  to   space 512K,   0% used [0x00000000f0c50000, 0x00000000f0c50000, 0x00000000f0cd0000)
 concurrent mark-sweep generation total 46008K, used 30505K [0x00000000f5a00000, 0x00000000f86ee000, 0x0000000100000000)
 Metaspace       used 41722K, capacity 43496K, committed 43544K, reserved 1087488K
  class space    used 5267K, capacity 5616K, committed 5656K, reserved 1048576K
}
2019-10-16T14:16:58.359+0000: 18.211: Total time for which application threads were stopped: 0.0046535 seconds, Stopping threads took: 0.0000289 seconds
{Heap before GC invocations=649 (full 6):
 par new generation   total 4928K, used 4750K [0x00000000f0800000, 0x00000000f0d50000, 0x00000000f5a00000)
  eden space 4416K, 100% used [0x00000000f0800000, 0x00000000f0c50000, 0x00000000f0c50000)
  from space 512K,  65% used [0x00000000f0cd0000, 0x00000000f0d23a78, 0x00000000f0d50000)
  to   space 512K,   0% used [0x00000000f0c50000, 0x00000000f0c50000, 0x00000000f0cd0000)
 concurrent mark-sweep generation total 46008K, used 30505K [0x00000000f5a00000, 0x00000000f86ee000, 0x0000000100000000)
 Metaspace       used 41773K, capacity 43498K, committed 43544K, reserved 1087488K
  class space    used 5275K, capacity 5617K, committed 5656K, reserved 1048576K
2019-10-16T14:16:58.439+0000: 18.291: [GC (Allocation Failure) 2019-10-16T14:16:58.439+0000: 18.291: [ParNew
Desired survivor size 262144 bytes, new threshold 3 (max 6)
- age   1:     128232 bytes,     128232 total
- age   2:     127872 bytes,     256104 total
- age   3:      79784 bytes,     335888 total
: 4750K->512K(4928K), 0.0039036 secs] 35256K->31064K(50936K), 0.0039575 secs] [Times: user=0.00 sys=0.00, real=0.01 secs] 
Heap after GC invocations=650 (full 6):
 par new generation   total 4928K, used 512K [0x00000000f0800000, 0x00000000f0d50000, 0x00000000f5a00000)
  eden space 4416K,   0% used [0x00000000f0800000, 0x00000000f0800000, 0x00000000f0c50000)
  from space 512K, 100% used [0x00000000f0c50000, 0x00000000f0cd0000, 0x00000000f0cd0000)
  to   space 512K,   0% used [0x00000000f0cd0000, 0x00000000f0cd0000, 0x00000000f0d50000)
 concurrent mark-sweep generation total 46008K, used 30552K [0x00000000f5a00000, 0x00000000f86ee000, 0x0000000100000000)
 Metaspace       used 41773K, capacity 43498K, committed 43544K, reserved 1087488K
  class space    used 5275K, capacity 5617K, committed 5656K, reserved 1048576K
}
2019-10-16T14:16:58.443+0000: 18.295: Total time for which application threads were stopped: 0.0041082 seconds, Stopping threads took: 0.0000239 seconds
{Heap before GC invocations=650 (full 6):
 par new generation   total 4928K, used 4928K [0x00000000f0800000, 0x00000000f0d50000, 0x00000000f5a00000)
  eden space 4416K, 100% used [0x00000000f0800000, 0x00000000f0c50000, 0x00000000f0c50000)
  from space 512K, 100% used [0x00000000f0c50000, 0x00000000f0cd0000, 0x00000000f0cd0000)
  to   space 512K,   0% used [0x00000000f0cd0000, 0x00000000f0cd0000, 0x00000000f0d50000)
 concurrent mark-sweep generation total 46008K, used 30552K [0x00000000f5a00000, 0x00000000f86ee000, 0x0000000100000000)
 Metaspace       used 41823K, capacity 43570K, committed 43800K, reserved 1087488K
  class space    used 5283K, capacity 5619K, committed 5656K, reserved 1048576K
2019-10-16T14:16:58.491+0000: 18.343: [GC (Allocation Failure) 2019-10-16T14:16:58.491+0000: 18.343: [ParNew
Desired survivor size 262144 bytes, new threshold 3 (max 6)
- age   1:      80096 bytes,      80096 total
- age   2:      98456 bytes,     178552 total
- age   3:     127872 bytes,     306424 total
: 4928K->318K(4928K), 0.0039056 secs] 35480K->30950K(50936K), 0.0039629 secs] [Times: user=0.01 sys=0.00, real=0.00 secs] 
Heap after GC invocations=651 (full 6):
 par new generation   total 4928K, used 318K [0x00000000f0800000, 0x00000000f0d50000, 0x00000000f5a00000)
  eden space 4416K,   0% used [0x00000000f0800000, 0x00000000f0800000, 0x00000000f0c50000)
  from space 512K,  62% used [0x00000000f0cd0000, 0x00000000f0d1fa38, 0x00000000f0d50000)
  to   space 512K,   0% used [0x00000000f0c50000, 0x00000000f0c50000, 0x00000000f0cd0000)
 concurrent mark-sweep generation total 46008K, used 30631K [0x00000000f5a00000, 0x00000000f86ee000, 0x0000000100000000)
 Metaspace       used 41823K, capacity 43570K, committed 43800K, reserved 1087488K
  class space    used 5283K, capacity 5619K, committed 5656K, reserved 1048576K
}
2019-10-16T14:16:58.495+0000: 18.347: Total time for which application threads were stopped: 0.0041017 seconds, Stopping threads took: 0.0000234 seconds
{Heap before GC invocations=651 (full 6):
 par new generation   total 4928K, used 4734K [0x00000000f0800000, 0x00000000f0d50000, 0x00000000f5a00000)
  eden space 4416K, 100% used [0x00000000f0800000, 0x00000000f0c50000, 0x00000000f0c50000)
  from space 512K,  62% used [0x00000000f0cd0000, 0x00000000f0d1fa38, 0x00000000f0d50000)
  to   space 512K,   0% used [0x00000000f0c50000, 0x00000000f0c50000, 0x00000000f0cd0000)
 concurrent mark-sweep generation total 46008K, used 30631K [0x00000000f5a00000, 0x00000000f86ee000, 0x0000000100000000)
 Metaspace       used 41909K, capacity 43634K, committed 43800K, reserved 1087488K
  class space    used 5294K, capacity 5619K, committed 5656K, reserved 1048576K
2019-10-16T14:16:58.518+0000: 18.370: [GC (Allocation Failure) 2019-10-16T14:16:58.518+0000: 18.370: [ParNew
Desired survivor size 262144 bytes, new threshold 6 (max 6)
- age   1:      70120 bytes,      70120 total
- age   2:      76832 bytes,     146952 total
- age   3:      98456 bytes,     245408 total
: 4734K->305K(4928K), 0.0037818 secs] 35366K->31063K(50936K), 0.0038237 secs] [Times: user=0.00 sys=0.00, real=0.00 secs] 
Heap after GC invocations=652 (full 6):
 par new generation   total 4928K, used 305K [0x00000000f0800000, 0x00000000f0d50000, 0x00000000f5a00000)
  eden space 4416K,   0% used [0x00000000f0800000, 0x00000000f0800000, 0x00000000f0c50000)
  from space 512K,  59% used [0x00000000f0c50000, 0x00000000f0c9c710, 0x00000000f0cd0000)
  to   space 512K,   0% used [0x00000000f0cd0000, 0x00000000f0cd0000, 0x00000000f0d50000)
 concurrent mark-sweep generation total 46008K, used 30757K [0x00000000f5a00000, 0x00000000f86ee000, 0x0000000100000000)
 Metaspace       used 41909K, capacity 43634K, committed 43800K, reserved 1087488K
  class space    used 5294K, capacity 5619K, committed 5656K, reserved 1048576K
}
2019-10-16T14:16:58.522+0000: 18.374: Total time for which application threads were stopped: 0.0039416 seconds, Stopping threads took: 0.0000236 seconds
{Heap before GC invocations=652 (full 6):
 par new generation   total 4928K, used 4721K [0x00000000f0800000, 0x00000000f0d50000, 0x00000000f5a00000)
  eden space 4416K, 100% used [0x00000000f0800000, 0x00000000f0c50000, 0x00000000f0c50000)
  from space 512K,  59% used [0x00000000f0c50000, 0x00000000f0c9c710, 0x00000000f0cd0000)
  to   space 512K,   0% used [0x00000000f0cd0000, 0x00000000f0cd0000, 0x00000000f0d50000)
 concurrent mark-sweep generation total 46008K, used 30757K [0x00000000f5a00000, 0x00000000f86ee000, 0x0000000100000000)
 Metaspace       used 42163K, capacity 43922K, committed 44056K, reserved 1087488K
  class space    used 5305K, capacity 5651K, committed 5656K, reserved 1048576K
2019-10-16T14:16:58.547+0000: 18.400: [GC (Allocation Failure) 2019-10-16T14:16:58.548+0000: 18.400: [ParNew
Desired survivor size 262144 bytes, new threshold 6 (max 6)
- age   1:      37616 bytes,      37616 total
- age   2:      17720 bytes,      55336 total
- age   3:      75992 bytes,     131328 total
- age   4:      98456 bytes,     229784 total
: 4721K->256K(4928K), 0.0031420 secs] 35479K->31013K(50936K), 0.0031925 secs] [Times: user=0.00 sys=0.00, real=0.01 secs] 
Heap after GC invocations=653 (full 6):
 par new generation   total 4928K, used 256K [0x00000000f0800000, 0x00000000f0d50000, 0x00000000f5a00000)
  eden space 4416K,   0% used [0x00000000f0800000, 0x00000000f0800000, 0x00000000f0c50000)
  from space 512K,  50% used [0x00000000f0cd0000, 0x00000000f0d10038, 0x00000000f0d50000)
  to   space 512K,   0% used [0x00000000f0c50000, 0x00000000f0c50000, 0x00000000f0cd0000)
 concurrent mark-sweep generation total 46008K, used 30757K [0x00000000f5a00000, 0x00000000f86ee000, 0x0000000100000000)
 Metaspace       used 42163K, capacity 43922K, committed 44056K, reserved 1087488K
  class space    used 5305K, capacity 5651K, committed 5656K, reserved 1048576K
}
2019-10-16T14:16:58.551+0000: 18.403: Total time for which application threads were stopped: 0.0033058 seconds, Stopping threads took: 0.0000211 seconds
{Heap before GC invocations=653 (full 6):
 par new generation   total 4928K, used 4672K [0x00000000f0800000, 0x00000000f0d50000, 0x00000000f5a00000)
  eden space 4416K, 100% used [0x00000000f0800000, 0x00000000f0c50000, 0x00000000f0c50000)
  from space 512K,  50% used [0x00000000f0cd0000, 0x00000000f0d10038, 0x00000000f0d50000)
  to   space 512K,   0% used [0x00000000f0c50000, 0x00000000f0c50000, 0x00000000f0cd0000)
 concurrent mark-sweep generation total 46008K, used 30757K [0x00000000f5a00000, 0x00000000f86ee000, 0x0000000100000000)
 Metaspace       used 42214K, capacity 43986K, committed 44056K, reserved 1087488K
  class space    used 5315K, capacity 5651K, committed 5656K, reserved 1048576K
2019-10-16T14:16:58.569+0000: 18.421: [GC (Allocation Failure) 2019-10-16T14:16:58.569+0000: 18.421: [ParNew
Desired survivor size 262144 bytes, new threshold 6 (max 6)
- age   1:      27416 bytes,      27416 total
- age   2:      27384 bytes,      54800 total
- age   3:      15832 bytes,      70632 total
- age   4:      75520 bytes,     146152 total
- age   5:      98456 bytes,     244608 total
: 4672K->461K(4928K), 0.0029426 secs] 35429K->31219K(50936K), 0.0029800 secs] [Times: user=0.00 sys=0.00, real=0.01 secs] 
Heap after GC invocations=654 (full 6):
 par new generation   total 4928K, used 461K [0x00000000f0800000, 0x00000000f0d50000, 0x00000000f5a00000)
  eden space 4416K,   0% used [0x00000000f0800000, 0x00000000f0800000, 0x00000000f0c50000)
  from space 512K,  90% used [0x00000000f0c50000, 0x00000000f0cc36c0, 0x00000000f0cd0000)
  to   space 512K,   0% used [0x00000000f0cd0000, 0x00000000f0cd0000, 0x00000000f0d50000)
 concurrent mark-sweep generation total 46008K, used 30757K [0x00000000f5a00000, 0x00000000f86ee000, 0x0000000100000000)
 Metaspace       used 42214K, capacity 43986K, committed 44056K, reserved 1087488K
  class space    used 5315K, capacity 5651K, committed 5656K, reserved 1048576K
}
2019-10-16T14:16:58.572+0000: 18.424: Total time for which application threads were stopped: 0.0031128 seconds, Stopping threads took: 0.0000192 seconds
{Heap before GC invocations=654 (full 6):
 par new generation   total 4928K, used 4877K [0x00000000f0800000, 0x00000000f0d50000, 0x00000000f5a00000)
  eden space 4416K, 100% used [0x00000000f0800000, 0x00000000f0c50000, 0x00000000f0c50000)
  from space 512K,  90% used [0x00000000f0c50000, 0x00000000f0cc36c0, 0x00000000f0cd0000)
  to   space 512K,   0% used [0x00000000f0cd0000, 0x00000000f0cd0000, 0x00000000f0d50000)
 concurrent mark-sweep generation total 46008K, used 30757K [0x00000000f5a00000, 0x00000000f86ee000, 0x0000000100000000)
 Metaspace       used 42330K, capacity 44120K, committed 44312K, reserved 1087488K
  class space    used 5329K, capacity 5652K, committed 5656K, reserved 1048576K
2019-10-16T14:16:58.598+0000: 18.450: [GC (Allocation Failure) 2019-10-16T14:16:58.598+0000: 18.450: [ParNew
Desired survivor size 262144 bytes, new threshold 6 (max 6)
- age   1:      36248 bytes,      36248 total
- age   2:      22384 bytes,      58632 total
- age   3:      27384 bytes,      86016 total
- age   4:      15832 bytes,     101848 total
- age   5:      75392 bytes,     177240 total
- age   6:      98432 bytes,     275672 total
: 4877K->294K(4928K), 0.0049116 secs] 35635K->31052K(50936K), 0.0049616 secs] [Times: user=0.00 sys=0.00, real=0.01 secs] 
Heap after GC invocations=655 (full 6):
 par new generation   total 4928K, used 294K [0x00000000f0800000, 0x00000000f0d50000, 0x00000000f5a00000)
  eden space 4416K,   0% used [0x00000000f0800000, 0x00000000f0800000, 0x00000000f0c50000)
  from space 512K,  57% used [0x00000000f0cd0000, 0x00000000f0d19a50, 0x00000000f0d50000)
  to   space 512K,   0% used [0x00000000f0c50000, 0x00000000f0c50000, 0x00000000f0cd0000)
 concurrent mark-sweep generation total 46008K, used 30757K [0x00000000f5a00000, 0x00000000f86ee000, 0x0000000100000000)
 Metaspace       used 42330K, capacity 44120K, committed 44312K, reserved 1087488K
  class space    used 5329K, capacity 5652K, committed 5656K, reserved 1048576K
}
2019-10-16T14:16:58.603+0000: 18.455: Total time for which application threads were stopped: 0.0050853 seconds, Stopping threads took: 0.0000239 seconds
{Heap before GC invocations=655 (full 6):
 par new generation   total 4928K, used 4710K [0x00000000f0800000, 0x00000000f0d50000, 0x00000000f5a00000)
  eden space 4416K, 100% used [0x00000000f0800000, 0x00000000f0c50000, 0x00000000f0c50000)
  from space 512K,  57% used [0x00000000f0cd0000, 0x00000000f0d19a50, 0x00000000f0d50000)
  to   space 512K,   0% used [0x00000000f0c50000, 0x00000000f0c50000, 0x00000000f0cd0000)
 concurrent mark-sweep generation total 46008K, used 30757K [0x00000000f5a00000, 0x00000000f86ee000, 0x0000000100000000)
 Metaspace       used 42487K, capacity 44218K, committed 44440K, reserved 1087488K
  class space    used 5346K, capacity 5685K, committed 5784K, reserved 1048576K
2019-10-16T14:16:58.638+0000: 18.490: [GC (Allocation Failure) 2019-10-16T14:16:58.638+0000: 18.490: [ParNew
Desired survivor size 262144 bytes, new threshold 6 (max 6)
- age   1:     103272 bytes,     103272 total
- age   2:      31208 bytes,     134480 total
- age   3:      22384 bytes,     156864 total
- age   4:      27384 bytes,     184248 total
- age   5:      15832 bytes,     200080 total
- age   6:      75392 bytes,     275472 total
: 4710K->475K(4928K), 0.0038589 secs] 35468K->31331K(50936K), 0.0039032 secs] [Times: user=0.01 sys=0.00, real=0.00 secs] 
Heap after GC invocations=656 (full 6):
 par new generation   total 4928K, used 475K [0x00000000f0800000, 0x00000000f0d50000, 0x00000000f5a00000)
  eden space 4416K,   0% used [0x00000000f0800000, 0x00000000f0800000, 0x00000000f0c50000)
  from space 512K,  92% used [0x00000000f0c50000, 0x00000000f0cc6d50, 0x00000000f0cd0000)
  to   space 512K,   0% used [0x00000000f0cd0000, 0x00000000f0cd0000, 0x00000000f0d50000)
 concurrent mark-sweep generation total 46008K, used 30855K [0x00000000f5a00000, 0x00000000f86ee000, 0x0000000100000000)
 Metaspace       used 42487K, capacity 44218K, committed 44440K, reserved 1087488K
  class space    used 5346K, capacity 5685K, committed 5784K, reserved 1048576K
}
2019-10-16T14:16:58.642+0000: 18.494: Total time for which application threads were stopped: 0.0040582 seconds, Stopping threads took: 0.0000244 seconds
{Heap before GC invocations=656 (full 6):
 par new generation   total 4928K, used 4891K [0x00000000f0800000, 0x00000000f0d50000, 0x00000000f5a00000)
  eden space 4416K, 100% used [0x00000000f0800000, 0x00000000f0c50000, 0x00000000f0c50000)
  from space 512K,  92% used [0x00000000f0c50000, 0x00000000f0cc6d50, 0x00000000f0cd0000)
  to   space 512K,   0% used [0x00000000f0cd0000, 0x00000000f0cd0000, 0x00000000f0d50000)
 concurrent mark-sweep generation total 46008K, used 30855K [0x00000000f5a00000, 0x00000000f86ee000, 0x0000000100000000)
 Metaspace       used 42844K, capacity 44570K, committed 44696K, reserved 1087488K
  class space    used 5384K, capacity 5717K, committed 5784K, reserved 1048576K
2019-10-16T14:16:58.740+0000: 18.592: [GC (Allocation Failure) 2019-10-16T14:16:58.740+0000: 18.592: [ParNew
Desired survivor size 262144 bytes, new threshold 6 (max 6)
- age   1:      61840 bytes,      61840 total
- age   2:      52904 bytes,     114744 total
- age   3:      31208 bytes,     145952 total
- age   4:      22384 bytes,     168336 total
- age   5:      27384 bytes,     195720 total
- age   6:      15832 bytes,     211552 total
: 4891K->321K(4928K), 0.0037433 secs] 35747K->31252K(50936K), 0.0038015 secs] [Times: user=0.00 sys=0.00, real=0.01 secs] 
Heap after GC invocations=657 (full 6):
 par new generation   total 4928K, used 321K [0x00000000f0800000, 0x00000000f0d50000, 0x00000000f5a00000)
  eden space 4416K,   0% used [0x00000000f0800000, 0x00000000f0800000, 0x00000000f0c50000)
  from space 512K,  62% used [0x00000000f0cd0000, 0x00000000f0d20730, 0x00000000f0d50000)
  to   space 512K,   0% used [0x00000000f0c50000, 0x00000000f0c50000, 0x00000000f0cd0000)
 concurrent mark-sweep generation total 46008K, used 30930K [0x00000000f5a00000, 0x00000000f86ee000, 0x0000000100000000)
 Metaspace       used 42844K, capacity 44570K, committed 44696K, reserved 1087488K
  class space    used 5384K, capacity 5717K, committed 5784K, reserved 1048576K
}
2019-10-16T14:16:58.744+0000: 18.596: Total time for which application threads were stopped: 0.0039283 seconds, Stopping threads took: 0.0000247 seconds
2019-10-16T14:16:58.752+0000: 18.604: Total time for which application threads were stopped: 0.0004796 seconds, Stopping threads took: 0.0000095 seconds
{Heap before GC invocations=657 (full 6):
 par new generation   total 4928K, used 4737K [0x00000000f0800000, 0x00000000f0d50000, 0x00000000f5a00000)
  eden space 4416K, 100% used [0x00000000f0800000, 0x00000000f0c50000, 0x00000000f0c50000)
  from space 512K,  62% used [0x00000000f0cd0000, 0x00000000f0d20730, 0x00000000f0d50000)
  to   space 512K,   0% used [0x00000000f0c50000, 0x00000000f0c50000, 0x00000000f0cd0000)
 concurrent mark-sweep generation total 46008K, used 30930K [0x00000000f5a00000, 0x00000000f86ee000, 0x0000000100000000)
 Metaspace       used 43014K, capacity 44794K, committed 44952K, reserved 1089536K
  class space    used 5404K, capacity 5749K, committed 5784K, reserved 1048576K
2019-10-16T14:16:58.894+0000: 18.746: [GC (Allocation Failure) 2019-10-16T14:16:58.894+0000: 18.746: [ParNew
Desired survivor size 262144 bytes, new threshold 6 (max 6)
- age   1:      50808 bytes,      50808 total
- age   2:      47560 bytes,      98368 total
- age   3:      52904 bytes,     151272 total
- age   4:      31208 bytes,     182480 total
- age   5:      22384 bytes,     204864 total
- age   6:      27384 bytes,     232248 total
: 4737K->387K(4928K), 0.0032809 secs] 35668K->31334K(50936K), 0.0033452 secs] [Times: user=0.01 sys=0.00, real=0.00 secs] 
Heap after GC invocations=658 (full 6):
 par new generation   total 4928K, used 387K [0x00000000f0800000, 0x00000000f0d50000, 0x00000000f5a00000)
  eden space 4416K,   0% used [0x00000000f0800000, 0x00000000f0800000, 0x00000000f0c50000)
  from space 512K,  75% used [0x00000000f0c50000, 0x00000000f0cb0e80, 0x00000000f0cd0000)
  to   space 512K,   0% used [0x00000000f0cd0000, 0x00000000f0cd0000, 0x00000000f0d50000)
 concurrent mark-sweep generation total 46008K, used 30946K [0x00000000f5a00000, 0x00000000f86ee000, 0x0000000100000000)
 Metaspace       used 43014K, capacity 44794K, committed 44952K, reserved 1089536K
  class space    used 5404K, capacity 5749K, committed 5784K, reserved 1048576K
}
2019-10-16T14:16:58.897+0000: 18.749: Total time for which application threads were stopped: 0.0034741 seconds, Stopping threads took: 0.0000235 seconds
2019-10-16T14:16:58.980+0000: 18.832: Total time for which application threads were stopped: 0.0004599 seconds, Stopping threads took: 0.0000242 seconds
{Heap before GC invocations=658 (full 6):
 par new generation   total 4928K, used 4803K [0x00000000f0800000, 0x00000000f0d50000, 0x00000000f5a00000)
  eden space 4416K, 100% used [0x00000000f0800000, 0x00000000f0c50000, 0x00000000f0c50000)
  from space 512K,  75% used [0x00000000f0c50000, 0x00000000f0cb0e80, 0x00000000f0cd0000)
  to   space 512K,   0% used [0x00000000f0cd0000, 0x00000000f0cd0000, 0x00000000f0d50000)
 concurrent mark-sweep generation total 46008K, used 30946K [0x00000000f5a00000, 0x00000000f86ee000, 0x0000000100000000)
 Metaspace       used 43170K, capacity 44922K, committed 45208K, reserved 1089536K
  class space    used 5421K, capacity 5749K, committed 5784K, reserved 1048576K
2019-10-16T14:16:58.989+0000: 18.841: [GC (Allocation Failure) 2019-10-16T14:16:58.989+0000: 18.841: [ParNew
Desired survivor size 262144 bytes, new threshold 3 (max 6)
- age   1:     224136 bytes,     224136 total
- age   2:      23904 bytes,     248040 total
- age   3:      47464 bytes,     295504 total
- age   4:      52904 bytes,     348408 total
- age   5:      31208 bytes,     379616 total
- age   6:      22384 bytes,     402000 total
: 4803K->462K(4928K), 0.0035995 secs] 35750K->31436K(50936K), 0.0036868 secs] [Times: user=0.00 sys=0.00, real=0.01 secs] 
Heap after GC invocations=659 (full 6):
 par new generation   total 4928K, used 462K [0x00000000f0800000, 0x00000000f0d50000, 0x00000000f5a00000)
  eden space 4416K,   0% used [0x00000000f0800000, 0x00000000f0800000, 0x00000000f0c50000)
  from space 512K,  90% used [0x00000000f0cd0000, 0x00000000f0d43a00, 0x00000000f0d50000)
  to   space 512K,   0% used [0x00000000f0c50000, 0x00000000f0c50000, 0x00000000f0cd0000)
 concurrent mark-sweep generation total 46008K, used 30974K [0x00000000f5a00000, 0x00000000f86ee000, 0x0000000100000000)
 Metaspace       used 43170K, capacity 44922K, committed 45208K, reserved 1089536K
  class space    used 5421K, capacity 5749K, committed 5784K, reserved 1048576K
}
2019-10-16T14:16:58.993+0000: 18.845: Total time for which application threads were stopped: 0.0038103 seconds, Stopping threads took: 0.0000189 seconds
{Heap before GC invocations=659 (full 6):
 par new generation   total 4928K, used 4878K [0x00000000f0800000, 0x00000000f0d50000, 0x00000000f5a00000)
  eden space 4416K, 100% used [0x00000000f0800000, 0x00000000f0c50000, 0x00000000f0c50000)
  from space 512K,  90% used [0x00000000f0cd0000, 0x00000000f0d43a00, 0x00000000f0d50000)
  to   space 512K,   0% used [0x00000000f0c50000, 0x00000000f0c50000, 0x00000000f0cd0000)
 concurrent mark-sweep generation total 46008K, used 30974K [0x00000000f5a00000, 0x00000000f86ee000, 0x0000000100000000)
 Metaspace       used 43253K, capacity 45018K, committed 45208K, reserved 1089536K
  class space    used 5429K, capacity 5781K, committed 5784K, reserved 1048576K
2019-10-16T14:16:59.020+0000: 18.872: [GC (Allocation Failure) 2019-10-16T14:16:59.020+0000: 18.872: [ParNew
Desired survivor size 262144 bytes, new threshold 2 (max 6)
- age   1:     141672 bytes,     141672 total
- age   2:     209632 bytes,     351304 total
- age   3:      23760 bytes,     375064 total
: 4878K->512K(4928K), 0.0047199 secs] 35852K->31641K(50936K), 0.0047639 secs] [Times: user=0.01 sys=0.00, real=0.01 secs] 
Heap after GC invocations=660 (full 6):
 par new generation   total 4928K, used 512K [0x00000000f0800000, 0x00000000f0d50000, 0x00000000f5a00000)
  eden space 4416K,   0% used [0x00000000f0800000, 0x00000000f0800000, 0x00000000f0c50000)
  from space 512K, 100% used [0x00000000f0c50000, 0x00000000f0cd0000, 0x00000000f0cd0000)
  to   space 512K,   0% used [0x00000000f0cd0000, 0x00000000f0cd0000, 0x00000000f0d50000)
 concurrent mark-sweep generation total 46008K, used 31129K [0x00000000f5a00000, 0x00000000f86ee000, 0x0000000100000000)
 Metaspace       used 43253K, capacity 45018K, committed 45208K, reserved 1089536K
  class space    used 5429K, capacity 5781K, committed 5784K, reserved 1048576K
}
2019-10-16T14:16:59.025+0000: 18.877: Total time for which application threads were stopped: 0.0048933 seconds, Stopping threads took: 0.0000245 seconds
{Heap before GC invocations=660 (full 6):
 par new generation   total 4928K, used 4881K [0x00000000f0800000, 0x00000000f0d50000, 0x00000000f5a00000)
  eden space 4416K,  98% used [0x00000000f0800000, 0x00000000f0c44758, 0x00000000f0c50000)
  from space 512K, 100% used [0x00000000f0c50000, 0x00000000f0cd0000, 0x00000000f0cd0000)
  to   space 512K,   0% used [0x00000000f0cd0000, 0x00000000f0cd0000, 0x00000000f0d50000)
 concurrent mark-sweep generation total 46008K, used 31129K [0x00000000f5a00000, 0x00000000f86ee000, 0x0000000100000000)
 Metaspace       used 43621K, capacity 45344K, committed 45464K, reserved 1089536K
  class space    used 5458K, capacity 5782K, committed 5784K, reserved 1048576K
2019-10-16T14:16:59.197+0000: 19.049: [GC (Allocation Failure) 2019-10-16T14:16:59.197+0000: 19.049: [ParNew
Desired survivor size 262144 bytes, new threshold 6 (max 6)
- age   1:      83888 bytes,      83888 total
- age   2:     138080 bytes,     221968 total
: 4881K->298K(4928K), 0.0039751 secs] 36010K->31654K(50936K), 0.0040539 secs] [Times: user=0.00 sys=0.00, real=0.00 secs] 
Heap after GC invocations=661 (full 6):
 par new generation   total 4928K, used 298K [0x00000000f0800000, 0x00000000f0d50000, 0x00000000f5a00000)
  eden space 4416K,   0% used [0x00000000f0800000, 0x00000000f0800000, 0x00000000f0c50000)
  from space 512K,  58% used [0x00000000f0cd0000, 0x00000000f0d1ab80, 0x00000000f0d50000)
  to   space 512K,   0% used [0x00000000f0c50000, 0x00000000f0c50000, 0x00000000f0cd0000)
 concurrent mark-sweep generation total 46008K, used 31355K [0x00000000f5a00000, 0x00000000f86ee000, 0x0000000100000000)
 Metaspace       used 43621K, capacity 45344K, committed 45464K, reserved 1089536K
  class space    used 5458K, capacity 5782K, committed 5784K, reserved 1048576K
}
2019-10-16T14:16:59.201+0000: 19.053: Total time for which application threads were stopped: 0.0042001 seconds, Stopping threads took: 0.0000246 seconds
{Heap before GC invocations=661 (full 6):
 par new generation   total 4928K, used 4714K [0x00000000f0800000, 0x00000000f0d50000, 0x00000000f5a00000)
  eden space 4416K, 100% used [0x00000000f0800000, 0x00000000f0c50000, 0x00000000f0c50000)
  from space 512K,  58% used [0x00000000f0cd0000, 0x00000000f0d1ab80, 0x00000000f0d50000)
  to   space 512K,   0% used [0x00000000f0c50000, 0x00000000f0c50000, 0x00000000f0cd0000)
 concurrent mark-sweep generation total 46008K, used 31355K [0x00000000f5a00000, 0x00000000f86ee000, 0x0000000100000000)
 Metaspace       used 43775K, capacity 45564K, committed 45848K, reserved 1089536K
  class space    used 5472K, capacity 5788K, committed 5912K, reserved 1048576K
2019-10-16T14:16:59.245+0000: 19.097: [GC (Allocation Failure) 2019-10-16T14:16:59.245+0000: 19.097: [ParNew
Desired survivor size 262144 bytes, new threshold 3 (max 6)
- age   1:     156536 bytes,     156536 total
- age   2:      37392 bytes,     193928 total
- age   3:     138080 bytes,     332008 total
: 4714K->512K(4928K), 0.0034408 secs] 36070K->31869K(50936K), 0.0034947 secs] [Times: user=0.00 sys=0.00, real=0.00 secs] 
Heap after GC invocations=662 (full 6):
 par new generation   total 4928K, used 512K [0x00000000f0800000, 0x00000000f0d50000, 0x00000000f5a00000)
  eden space 4416K,   0% used [0x00000000f0800000, 0x00000000f0800000, 0x00000000f0c50000)
  from space 512K, 100% used [0x00000000f0c50000, 0x00000000f0cd0000, 0x00000000f0cd0000)
  to   space 512K,   0% used [0x00000000f0cd0000, 0x00000000f0cd0000, 0x00000000f0d50000)
 concurrent mark-sweep generation total 46008K, used 31357K [0x00000000f5a00000, 0x00000000f86ee000, 0x0000000100000000)
 Metaspace       used 43775K, capacity 45564K, committed 45848K, reserved 1089536K
  class space    used 5472K, capacity 5788K, committed 5912K, reserved 1048576K
}
2019-10-16T14:16:59.248+0000: 19.100: Total time for which application threads were stopped: 0.0036311 seconds, Stopping threads took: 0.0000261 seconds
{Heap before GC invocations=662 (full 6):
 par new generation   total 4928K, used 4928K [0x00000000f0800000, 0x00000000f0d50000, 0x00000000f5a00000)
  eden space 4416K, 100% used [0x00000000f0800000, 0x00000000f0c50000, 0x00000000f0c50000)
  from space 512K, 100% used [0x00000000f0c50000, 0x00000000f0cd0000, 0x00000000f0cd0000)
  to   space 512K,   0% used [0x00000000f0cd0000, 0x00000000f0cd0000, 0x00000000f0d50000)
 concurrent mark-sweep generation total 46008K, used 31357K [0x00000000f5a00000, 0x00000000f86ee000, 0x0000000100000000)
 Metaspace       used 43847K, capacity 45660K, committed 45848K, reserved 1089536K
  class space    used 5484K, capacity 5820K, committed 5912K, reserved 1048576K
2019-10-16T14:16:59.276+0000: 19.128: [GC (Allocation Failure) 2019-10-16T14:16:59.276+0000: 19.128: [ParNew
Desired survivor size 262144 bytes, new threshold 2 (max 6)
- age   1:     149120 bytes,     149120 total
- age   2:     151376 bytes,     300496 total
- age   3:      37352 bytes,     337848 total
: 4928K->470K(4928K), 0.0039927 secs] 36285K->31964K(50936K), 0.0040540 secs] [Times: user=0.01 sys=0.00, real=0.00 secs] 
Heap after GC invocations=663 (full 6):
 par new generation   total 4928K, used 470K [0x00000000f0800000, 0x00000000f0d50000, 0x00000000f5a00000)
  eden space 4416K,   0% used [0x00000000f0800000, 0x00000000f0800000, 0x00000000f0c50000)
  from space 512K,  91% used [0x00000000f0cd0000, 0x00000000f0d45b58, 0x00000000f0d50000)
  to   space 512K,   0% used [0x00000000f0c50000, 0x00000000f0c50000, 0x00000000f0cd0000)
 concurrent mark-sweep generation total 46008K, used 31493K [0x00000000f5a00000, 0x00000000f86ee000, 0x0000000100000000)
 Metaspace       used 43847K, capacity 45660K, committed 45848K, reserved 1089536K
  class space    used 5484K, capacity 5820K, committed 5912K, reserved 1048576K
}
2019-10-16T14:16:59.280+0000: 19.132: Total time for which application threads were stopped: 0.0041800 seconds, Stopping threads took: 0.0000237 seconds
{Heap before GC invocations=663 (full 6):
 par new generation   total 4928K, used 4886K [0x00000000f0800000, 0x00000000f0d50000, 0x00000000f5a00000)
  eden space 4416K, 100% used [0x00000000f0800000, 0x00000000f0c50000, 0x00000000f0c50000)
  from space 512K,  91% used [0x00000000f0cd0000, 0x00000000f0d45b58, 0x00000000f0d50000)
  to   space 512K,   0% used [0x00000000f0c50000, 0x00000000f0c50000, 0x00000000f0cd0000)
 concurrent mark-sweep generation total 46008K, used 31493K [0x00000000f5a00000, 0x00000000f86ee000, 0x0000000100000000)
 Metaspace       used 43889K, capacity 45660K, committed 45848K, reserved 1089536K
  class space    used 5490K, capacity 5820K, committed 5912K, reserved 1048576K
2019-10-16T14:16:59.302+0000: 19.154: [GC (Allocation Failure) 2019-10-16T14:16:59.302+0000: 19.154: [ParNew
Desired survivor size 262144 bytes, new threshold 6 (max 6)
- age   1:      61296 bytes,      61296 total
- age   2:     143768 bytes,     205064 total
: 4886K->285K(4928K), 0.0085024 secs] 36380K->31966K(50936K), 0.0085557 secs] [Times: user=0.01 sys=0.00, real=0.01 secs] 
Heap after GC invocations=664 (full 6):
 par new generation   total 4928K, used 285K [0x00000000f0800000, 0x00000000f0d50000, 0x00000000f5a00000)
  eden space 4416K,   0% used [0x00000000f0800000, 0x00000000f0800000, 0x00000000f0c50000)
  from space 512K,  55% used [0x00000000f0c50000, 0x00000000f0c97630, 0x00000000f0cd0000)
  to   space 512K,   0% used [0x00000000f0cd0000, 0x00000000f0cd0000, 0x00000000f0d50000)
 concurrent mark-sweep generation total 46008K, used 31681K [0x00000000f5a00000, 0x00000000f86ee000, 0x0000000100000000)
 Metaspace       used 43889K, capacity 45660K, committed 45848K, reserved 1089536K
  class space    used 5490K, capacity 5820K, committed 5912K, reserved 1048576K
}
2019-10-16T14:16:59.311+0000: 19.163: Total time for which application threads were stopped: 0.0087059 seconds, Stopping threads took: 0.0000262 seconds
{Heap before GC invocations=664 (full 6):
 par new generation   total 4928K, used 4701K [0x00000000f0800000, 0x00000000f0d50000, 0x00000000f5a00000)
  eden space 4416K, 100% used [0x00000000f0800000, 0x00000000f0c50000, 0x00000000f0c50000)
  from space 512K,  55% used [0x00000000f0c50000, 0x00000000f0c97630, 0x00000000f0cd0000)
  to   space 512K,   0% used [0x00000000f0cd0000, 0x00000000f0cd0000, 0x00000000f0d50000)
 concurrent mark-sweep generation total 46008K, used 31681K [0x00000000f5a00000, 0x00000000f86ee000, 0x0000000100000000)
 Metaspace       used 43949K, capacity 45730K, committed 46104K, reserved 1089536K
  class space    used 5496K, capacity 5821K, committed 5912K, reserved 1048576K
2019-10-16T14:16:59.338+0000: 19.190: [GC (Allocation Failure) 2019-10-16T14:16:59.338+0000: 19.190: [ParNew
Desired survivor size 262144 bytes, new threshold 3 (max 6)
- age   1:      91800 bytes,      91800 total
- age   2:      52760 bytes,     144560 total
- age   3:     143720 bytes,     288280 total
: 4701K->442K(4928K), 0.0029796 secs] 36382K->32124K(50936K), 0.0030399 secs] [Times: user=0.01 sys=0.00, real=0.00 secs] 
Heap after GC invocations=665 (full 6):
 par new generation   total 4928K, used 442K [0x00000000f0800000, 0x00000000f0d50000, 0x00000000f5a00000)
  eden space 4416K,   0% used [0x00000000f0800000, 0x00000000f0800000, 0x00000000f0c50000)
  from space 512K,  86% used [0x00000000f0cd0000, 0x00000000f0d3eb90, 0x00000000f0d50000)
  to   space 512K,   0% used [0x00000000f0c50000, 0x00000000f0c50000, 0x00000000f0cd0000)
 concurrent mark-sweep generation total 46008K, used 31681K [0x00000000f5a00000, 0x00000000f86ee000, 0x0000000100000000)
 Metaspace       used 43949K, capacity 45730K, committed 46104K, reserved 1089536K
  class space    used 5496K, capacity 5821K, committed 5912K, reserved 1048576K
}
2019-10-16T14:16:59.341+0000: 19.193: Total time for which application threads were stopped: 0.0031707 seconds, Stopping threads took: 0.0000278 seconds
{Heap before GC invocations=665 (full 6):
 par new generation   total 4928K, used 4858K [0x00000000f0800000, 0x00000000f0d50000, 0x00000000f5a00000)
  eden space 4416K, 100% used [0x00000000f0800000, 0x00000000f0c50000, 0x00000000f0c50000)
  from space 512K,  86% used [0x00000000f0cd0000, 0x00000000f0d3eb90, 0x00000000f0d50000)
  to   space 512K,   0% used [0x00000000f0c50000, 0x00000000f0c50000, 0x00000000f0cd0000)
 concurrent mark-sweep generation total 46008K, used 31681K [0x00000000f5a00000, 0x00000000f86ee000, 0x0000000100000000)
 Metaspace       used 44255K, capacity 46082K, committed 46360K, reserved 1089536K
  class space    used 5515K, capacity 5853K, committed 5912K, reserved 1048576K
2019-10-16T14:16:59.378+0000: 19.230: [GC (Allocation Failure) 2019-10-16T14:16:59.378+0000: 19.230: [ParNew
Desired survivor size 262144 bytes, new threshold 6 (max 6)
- age   1:     122048 bytes,     122048 total
- age   2:      87144 bytes,     209192 total
- age   3:      52184 bytes,     261376 total
: 4858K->267K(4928K), 0.0037593 secs] 36540K->32089K(50936K), 0.0038129 secs] [Times: user=0.01 sys=0.00, real=0.00 secs] 
Heap after GC invocations=666 (full 6):
 par new generation   total 4928K, used 267K [0x00000000f0800000, 0x00000000f0d50000, 0x00000000f5a00000)
  eden space 4416K,   0% used [0x00000000f0800000, 0x00000000f0800000, 0x00000000f0c50000)
  from space 512K,  52% used [0x00000000f0c50000, 0x00000000f0c92c70, 0x00000000f0cd0000)
  to   space 512K,   0% used [0x00000000f0cd0000, 0x00000000f0cd0000, 0x00000000f0d50000)
 concurrent mark-sweep generation total 46008K, used 31822K [0x00000000f5a00000, 0x00000000f86ee000, 0x0000000100000000)
 Metaspace       used 44255K, capacity 46082K, committed 46360K, reserved 1089536K
  class space    used 5515K, capacity 5853K, committed 5912K, reserved 1048576K
}
2019-10-16T14:16:59.382+0000: 19.234: Total time for which application threads were stopped: 0.0039494 seconds, Stopping threads took: 0.0000293 seconds
{Heap before GC invocations=666 (full 6):
 par new generation   total 4928K, used 4683K [0x00000000f0800000, 0x00000000f0d50000, 0x00000000f5a00000)
  eden space 4416K, 100% used [0x00000000f0800000, 0x00000000f0c50000, 0x00000000f0c50000)
  from space 512K,  52% used [0x00000000f0c50000, 0x00000000f0c92c70, 0x00000000f0cd0000)
  to   space 512K,   0% used [0x00000000f0cd0000, 0x00000000f0cd0000, 0x00000000f0d50000)
 concurrent mark-sweep generation total 46008K, used 31822K [0x00000000f5a00000, 0x00000000f86ee000, 0x0000000100000000)
 Metaspace       used 44289K, capacity 46082K, committed 46360K, reserved 1089536K
  class space    used 5521K, capacity 5853K, committed 5912K, reserved 1048576K
2019-10-16T14:16:59.401+0000: 19.253: [GC (Allocation Failure) 2019-10-16T14:16:59.401+0000: 19.253: [ParNew
Desired survivor size 262144 bytes, new threshold 4 (max 6)
- age   1:      22384 bytes,      22384 total
- age   2:     116144 bytes,     138528 total
- age   3:      83752 bytes,     222280 total
- age   4:      52184 bytes,     274464 total
: 4683K->512K(4928K), 0.0028211 secs] 36505K->32336K(50936K), 0.0028749 secs] [Times: user=0.00 sys=0.00, real=0.01 secs] 
Heap after GC invocations=667 (full 6):
 par new generation   total 4928K, used 512K [0x00000000f0800000, 0x00000000f0d50000, 0x00000000f5a00000)
  eden space 4416K,   0% used [0x00000000f0800000, 0x00000000f0800000, 0x00000000f0c50000)
  from space 512K, 100% used [0x00000000f0cd0000, 0x00000000f0d50000, 0x00000000f0d50000)
  to   space 512K,   0% used [0x00000000f0c50000, 0x00000000f0c50000, 0x00000000f0cd0000)
 concurrent mark-sweep generation total 46008K, used 31824K [0x00000000f5a00000, 0x00000000f86ee000, 0x0000000100000000)
 Metaspace       used 44289K, capacity 46082K, committed 46360K, reserved 1089536K
  class space    used 5521K, capacity 5853K, committed 5912K, reserved 1048576K
}
2019-10-16T14:16:59.404+0000: 19.256: Total time for which application threads were stopped: 0.0029988 seconds, Stopping threads took: 0.0000239 seconds
{Heap before GC invocations=667 (full 6):
 par new generation   total 4928K, used 4928K [0x00000000f0800000, 0x00000000f0d50000, 0x00000000f5a00000)
  eden space 4416K, 100% used [0x00000000f0800000, 0x00000000f0c50000, 0x00000000f0c50000)
  from space 512K, 100% used [0x00000000f0cd0000, 0x00000000f0d50000, 0x00000000f0d50000)
  to   space 512K,   0% used [0x00000000f0c50000, 0x00000000f0c50000, 0x00000000f0cd0000)
 concurrent mark-sweep generation total 46008K, used 31824K [0x00000000f5a00000, 0x00000000f86ee000, 0x0000000100000000)
 Metaspace       used 44510K, capacity 46274K, committed 46616K, reserved 1089536K
  class space    used 5536K, capacity 5853K, committed 5912K, reserved 1048576K
2019-10-16T14:16:59.434+0000: 19.286: [GC (Allocation Failure) 2019-10-16T14:16:59.434+0000: 19.286: [ParNew
Desired survivor size 262144 bytes, new threshold 6 (max 6)
- age   1:      23544 bytes,      23544 total
- age   2:      17888 bytes,      41432 total
- age   3:     113696 bytes,     155128 total
- age   4:      83752 bytes,     238880 total
: 4928K->330K(4928K), 0.0028734 secs] 36752K->32207K(50936K), 0.0029230 secs] [Times: user=0.00 sys=0.00, real=0.00 secs] 
Heap after GC invocations=668 (full 6):
 par new generation   total 4928K, used 330K [0x00000000f0800000, 0x00000000f0d50000, 0x00000000f5a00000)
  eden space 4416K,   0% used [0x00000000f0800000, 0x00000000f0800000, 0x00000000f0c50000)
  from space 512K,  64% used [0x00000000f0c50000, 0x00000000f0ca2b20, 0x00000000f0cd0000)
  to   space 512K,   0% used [0x00000000f0cd0000, 0x00000000f0cd0000, 0x00000000f0d50000)
 concurrent mark-sweep generation total 46008K, used 31876K [0x00000000f5a00000, 0x00000000f86ee000, 0x0000000100000000)
 Metaspace       used 44510K, capacity 46274K, committed 46616K, reserved 1089536K
  class space    used 5536K, capacity 5853K, committed 5912K, reserved 1048576K
}
2019-10-16T14:16:59.437+0000: 19.289: Total time for which application threads were stopped: 0.0030552 seconds, Stopping threads took: 0.0000337 seconds
{Heap before GC invocations=668 (full 6):
 par new generation   total 4928K, used 4746K [0x00000000f0800000, 0x00000000f0d50000, 0x00000000f5a00000)
  eden space 4416K, 100% used [0x00000000f0800000, 0x00000000f0c50000, 0x00000000f0c50000)
  from space 512K,  64% used [0x00000000f0c50000, 0x00000000f0ca2b20, 0x00000000f0cd0000)
  to   space 512K,   0% used [0x00000000f0cd0000, 0x00000000f0cd0000, 0x00000000f0d50000)
 concurrent mark-sweep generation total 46008K, used 31876K [0x00000000f5a00000, 0x00000000f86ee000, 0x0000000100000000)
 Metaspace       used 44542K, capacity 46370K, committed 46616K, reserved 1089536K
  class space    used 5544K, capacity 5885K, committed 5912K, reserved 1048576K
2019-10-16T14:16:59.454+0000: 19.306: [GC (Allocation Failure) 2019-10-16T14:16:59.454+0000: 19.306: [ParNew
Desired survivor size 262144 bytes, new threshold 6 (max 6)
- age   1:      33912 bytes,      33912 total
- age   2:      13944 bytes,      47856 total
- age   3:      13960 bytes,      61816 total
- age   4:     113696 bytes,     175512 total
- age   5:      83752 bytes,     259264 total
: 4746K->432K(4928K), 0.0024255 secs] 36623K->32308K(50936K), 0.0024777 secs] [Times: user=0.00 sys=0.00, real=0.00 secs] 
Heap after GC invocations=669 (full 6):
 par new generation   total 4928K, used 432K [0x00000000f0800000, 0x00000000f0d50000, 0x00000000f5a00000)
  eden space 4416K,   0% used [0x00000000f0800000, 0x00000000f0800000, 0x00000000f0c50000)
  from space 512K,  84% used [0x00000000f0cd0000, 0x00000000f0d3c140, 0x00000000f0d50000)
  to   space 512K,   0% used [0x00000000f0c50000, 0x00000000f0c50000, 0x00000000f0cd0000)
 concurrent mark-sweep generation total 46008K, used 31876K [0x00000000f5a00000, 0x00000000f86ee000, 0x0000000100000000)
 Metaspace       used 44542K, capacity 46370K, committed 46616K, reserved 1089536K
  class space    used 5544K, capacity 5885K, committed 5912K, reserved 1048576K
}
2019-10-16T14:16:59.457+0000: 19.309: Total time for which application threads were stopped: 0.0025954 seconds, Stopping threads took: 0.0000236 seconds
{Heap before GC invocations=669 (full 6):
 par new generation   total 4928K, used 4848K [0x00000000f0800000, 0x00000000f0d50000, 0x00000000f5a00000)
  eden space 4416K, 100% used [0x00000000f0800000, 0x00000000f0c50000, 0x00000000f0c50000)
  from space 512K,  84% used [0x00000000f0cd0000, 0x00000000f0d3c140, 0x00000000f0d50000)
  to   space 512K,   0% used [0x00000000f0c50000, 0x00000000f0c50000, 0x00000000f0cd0000)
 concurrent mark-sweep generation total 46008K, used 31876K [0x00000000f5a00000, 0x00000000f86ee000, 0x0000000100000000)
 Metaspace       used 44616K, capacity 46436K, committed 46616K, reserved 1089536K
  class space    used 5550K, capacity 5886K, committed 5912K, reserved 1048576K
2019-10-16T14:16:59.476+0000: 19.328: [GC (Allocation Failure) 2019-10-16T14:16:59.476+0000: 19.328: [ParNew
Desired survivor size 262144 bytes, new threshold 6 (max 6)
- age   1:      44608 bytes,      44608 total
- age   2:      14432 bytes,      59040 total
- age   3:      13920 bytes,      72960 total
- age   4:      13936 bytes,      86896 total
- age   5:     103056 bytes,     189952 total
- age   6:      83672 bytes,     273624 total
: 4848K->296K(4928K), 0.0031777 secs] 36724K->32173K(50936K), 0.0032248 secs] [Times: user=0.00 sys=0.00, real=0.00 secs] 
Heap after GC invocations=670 (full 6):
 par new generation   total 4928K, used 296K [0x00000000f0800000, 0x00000000f0d50000, 0x00000000f5a00000)
  eden space 4416K,   0% used [0x00000000f0800000, 0x00000000f0800000, 0x00000000f0c50000)
  from space 512K,  58% used [0x00000000f0c50000, 0x00000000f0c9a3f0, 0x00000000f0cd0000)
  to   space 512K,   0% used [0x00000000f0cd0000, 0x00000000f0cd0000, 0x00000000f0d50000)
 concurrent mark-sweep generation total 46008K, used 31876K [0x00000000f5a00000, 0x00000000f86ee000, 0x0000000100000000)
 Metaspace       used 44616K, capacity 46436K, committed 46616K, reserved 1089536K
  class space    used 5550K, capacity 5886K, committed 5912K, reserved 1048576K
}
2019-10-16T14:16:59.479+0000: 19.331: Total time for which application threads were stopped: 0.0033510 seconds, Stopping threads took: 0.0000262 seconds
{Heap before GC invocations=670 (full 6):
 par new generation   total 4928K, used 4712K [0x00000000f0800000, 0x00000000f0d50000, 0x00000000f5a00000)
  eden space 4416K, 100% used [0x00000000f0800000, 0x00000000f0c50000, 0x00000000f0c50000)
  from space 512K,  58% used [0x00000000f0c50000, 0x00000000f0c9a3f0, 0x00000000f0cd0000)
  to   space 512K,   0% used [0x00000000f0cd0000, 0x00000000f0cd0000, 0x00000000f0d50000)
 concurrent mark-sweep generation total 46008K, used 31876K [0x00000000f5a00000, 0x00000000f86ee000, 0x0000000100000000)
 Metaspace       used 44828K, capacity 46660K, committed 47000K, reserved 1089536K
  class space    used 5589K, capacity 5918K, committed 6040K, reserved 1048576K
2019-10-16T14:16:59.502+0000: 19.354: [GC (Allocation Failure) 2019-10-16T14:16:59.502+0000: 19.354: [ParNew
Desired survivor size 262144 bytes, new threshold 6 (max 6)
- age   1:      23416 bytes,      23416 total
- age   2:      22200 bytes,      45616 total
- age   3:      10040 bytes,      55656 total
- age   4:      13920 bytes,      69576 total
- age   5:      13936 bytes,      83512 total
- age   6:     103056 bytes,     186568 total
: 4712K->238K(4928K), 0.0030157 secs] 36589K->32197K(50936K), 0.0030758 secs] [Times: user=0.01 sys=0.00, real=0.01 secs] 
Heap after GC invocations=671 (full 6):
 par new generation   total 4928K, used 238K [0x00000000f0800000, 0x00000000f0d50000, 0x00000000f5a00000)
  eden space 4416K,   0% used [0x00000000f0800000, 0x00000000f0800000, 0x00000000f0c50000)
  from space 512K,  46% used [0x00000000f0cd0000, 0x00000000f0d0bbf0, 0x00000000f0d50000)
  to   space 512K,   0% used [0x00000000f0c50000, 0x00000000f0c50000, 0x00000000f0cd0000)
 concurrent mark-sweep generation total 46008K, used 31958K [0x00000000f5a00000, 0x00000000f86ee000, 0x0000000100000000)
 Metaspace       used 44828K, capacity 46660K, committed 47000K, reserved 1089536K
  class space    used 5589K, capacity 5918K, committed 6040K, reserved 1048576K
}
2019-10-16T14:16:59.505+0000: 19.357: Total time for which application threads were stopped: 0.0032003 seconds, Stopping threads took: 0.0000260 seconds
{Heap before GC invocations=671 (full 6):
 par new generation   total 4928K, used 4654K [0x00000000f0800000, 0x00000000f0d50000, 0x00000000f5a00000)
  eden space 4416K, 100% used [0x00000000f0800000, 0x00000000f0c50000, 0x00000000f0c50000)
  from space 512K,  46% used [0x00000000f0cd0000, 0x00000000f0d0bbf0, 0x00000000f0d50000)
  to   space 512K,   0% used [0x00000000f0c50000, 0x00000000f0c50000, 0x00000000f0cd0000)
 concurrent mark-sweep generation total 46008K, used 31958K [0x00000000f5a00000, 0x00000000f86ee000, 0x0000000100000000)
 Metaspace       used 44959K, capacity 46756K, committed 47000K, reserved 1089536K
  class space    used 5623K, capacity 5950K, committed 6040K, reserved 1048576K
2019-10-16T14:16:59.527+0000: 19.379: [GC (Allocation Failure) 2019-10-16T14:16:59.527+0000: 19.379: [ParNew
Desired survivor size 262144 bytes, new threshold 6 (max 6)
- age   1:      55928 bytes,      55928 total
- age   2:      12864 bytes,      68792 total
- age   3:      19784 bytes,      88576 total
- age   4:      10040 bytes,      98616 total
- age   5:      13920 bytes,     112536 total
- age   6:      13936 bytes,     126472 total
: 4654K->196K(4928K), 0.0030802 secs] 36613K->32256K(50936K), 0.0031266 secs] [Times: user=0.00 sys=0.00, real=0.00 secs] 
Heap after GC invocations=672 (full 6):
 par new generation   total 4928K, used 196K [0x00000000f0800000, 0x00000000f0d50000, 0x00000000f5a00000)
  eden space 4416K,   0% used [0x00000000f0800000, 0x00000000f0800000, 0x00000000f0c50000)
  from space 512K,  38% used [0x00000000f0c50000, 0x00000000f0c81228, 0x00000000f0cd0000)
  to   space 512K,   0% used [0x00000000f0cd0000, 0x00000000f0cd0000, 0x00000000f0d50000)
 concurrent mark-sweep generation total 46008K, used 32059K [0x00000000f5a00000, 0x00000000f86ee000, 0x0000000100000000)
 Metaspace       used 44959K, capacity 46756K, committed 47000K, reserved 1089536K
  class space    used 5623K, capacity 5950K, committed 6040K, reserved 1048576K
}
2019-10-16T14:16:59.530+0000: 19.382: Total time for which application threads were stopped: 0.0032607 seconds, Stopping threads took: 0.0000230 seconds
{Heap before GC invocations=672 (full 6):
 par new generation   total 4928K, used 4612K [0x00000000f0800000, 0x00000000f0d50000, 0x00000000f5a00000)
  eden space 4416K, 100% used [0x00000000f0800000, 0x00000000f0c50000, 0x00000000f0c50000)
  from space 512K,  38% used [0x00000000f0c50000, 0x00000000f0c81228, 0x00000000f0cd0000)
  to   space 512K,   0% used [0x00000000f0cd0000, 0x00000000f0cd0000, 0x00000000f0d50000)
 concurrent mark-sweep generation total 46008K, used 32059K [0x00000000f5a00000, 0x00000000f86ee000, 0x0000000100000000)
 Metaspace       used 45091K, capacity 46916K, committed 47256K, reserved 1091584K
  class space    used 5662K, capacity 5982K, committed 6040K, reserved 1048576K
2019-10-16T14:16:59.548+0000: 19.400: [GC (Allocation Failure) 2019-10-16T14:16:59.548+0000: 19.400: [ParNew
Desired survivor size 262144 bytes, new threshold 6 (max 6)
- age   1:      29584 bytes,      29584 total
- age   2:      38328 bytes,      67912 total
- age   3:      11272 bytes,      79184 total
- age   4:      19784 bytes,      98968 total
- age   5:      10040 bytes,     109008 total
- age   6:      13920 bytes,     122928 total
: 4612K->141K(4928K), 0.0022718 secs] 36672K->32215K(50936K), 0.0023163 secs] [Times: user=0.00 sys=0.00, real=0.00 secs] 
Heap after GC invocations=673 (full 6):
 par new generation   total 4928K, used 141K [0x00000000f0800000, 0x00000000f0d50000, 0x00000000f5a00000)
  eden space 4416K,   0% used [0x00000000f0800000, 0x00000000f0800000, 0x00000000f0c50000)
  from space 512K,  27% used [0x00000000f0cd0000, 0x00000000f0cf35f8, 0x00000000f0d50000)
  to   space 512K,   0% used [0x00000000f0c50000, 0x00000000f0c50000, 0x00000000f0cd0000)
 concurrent mark-sweep generation total 46008K, used 32073K [0x00000000f5a00000, 0x00000000f86ee000, 0x0000000100000000)
 Metaspace       used 45091K, capacity 46916K, committed 47256K, reserved 1091584K
  class space    used 5662K, capacity 5982K, committed 6040K, reserved 1048576K
}
2019-10-16T14:16:59.550+0000: 19.402: Total time for which application threads were stopped: 0.0024253 seconds, Stopping threads took: 0.0000233 seconds
{Heap before GC invocations=673 (full 6):
 par new generation   total 4928K, used 4557K [0x00000000f0800000, 0x00000000f0d50000, 0x00000000f5a00000)
  eden space 4416K, 100% used [0x00000000f0800000, 0x00000000f0c50000, 0x00000000f0c50000)
  from space 512K,  27% used [0x00000000f0cd0000, 0x00000000f0cf35f8, 0x00000000f0d50000)
  to   space 512K,   0% used [0x00000000f0c50000, 0x00000000f0c50000, 0x00000000f0cd0000)
 concurrent mark-sweep generation total 46008K, used 32073K [0x00000000f5a00000, 0x00000000f86ee000, 0x0000000100000000)
 Metaspace       used 45127K, capacity 46948K, committed 47256K, reserved 1091584K
  class space    used 5674K, capacity 6014K, committed 6040K, reserved 1048576K
2019-10-16T14:16:59.564+0000: 19.416: [GC (Allocation Failure) 2019-10-16T14:16:59.564+0000: 19.416: [ParNew
Desired survivor size 262144 bytes, new threshold 6 (max 6)
- age   1:      32264 bytes,      32264 total
- age   2:      13832 bytes,      46096 total
- age   3:      36344 bytes,      82440 total
- age   4:      11272 bytes,      93712 total
- age   5:      19784 bytes,     113496 total
- age   6:      10040 bytes,     123536 total
: 4557K->125K(4928K), 0.0024341 secs] 36631K->32212K(50936K), 0.0024830 secs] [Times: user=0.00 sys=0.00, real=0.00 secs] 
Heap after GC invocations=674 (full 6):
 par new generation   total 4928K, used 125K [0x00000000f0800000, 0x00000000f0d50000, 0x00000000f5a00000)
  eden space 4416K,   0% used [0x00000000f0800000, 0x00000000f0800000, 0x00000000f0c50000)
  from space 512K,  24% used [0x00000000f0c50000, 0x00000000f0c6f4d0, 0x00000000f0cd0000)
  to   space 512K,   0% used [0x00000000f0cd0000, 0x00000000f0cd0000, 0x00000000f0d50000)
 concurrent mark-sweep generation total 46008K, used 32087K [0x00000000f5a00000, 0x00000000f86ee000, 0x0000000100000000)
 Metaspace       used 45127K, capacity 46948K, committed 47256K, reserved 1091584K
  class space    used 5674K, capacity 6014K, committed 6040K, reserved 1048576K
}
2019-10-16T14:16:59.567+0000: 19.419: Total time for which application threads were stopped: 0.0026120 seconds, Stopping threads took: 0.0000203 seconds
{Heap before GC invocations=674 (full 6):
 par new generation   total 4928K, used 4541K [0x00000000f0800000, 0x00000000f0d50000, 0x00000000f5a00000)
  eden space 4416K, 100% used [0x00000000f0800000, 0x00000000f0c50000, 0x00000000f0c50000)
  from space 512K,  24% used [0x00000000f0c50000, 0x00000000f0c6f4d0, 0x00000000f0cd0000)
  to   space 512K,   0% used [0x00000000f0cd0000, 0x00000000f0cd0000, 0x00000000f0d50000)
 concurrent mark-sweep generation total 46008K, used 32087K [0x00000000f5a00000, 0x00000000f86ee000, 0x0000000100000000)
 Metaspace       used 45183K, capacity 47012K, committed 47256K, reserved 1091584K
  class space    used 5683K, capacity 6014K, committed 6040K, reserved 1048576K
2019-10-16T14:16:59.584+0000: 19.436: [GC (Allocation Failure) 2019-10-16T14:16:59.584+0000: 19.436: [ParNew
Desired survivor size 262144 bytes, new threshold 6 (max 6)
- age   1:      52416 bytes,      52416 total
- age   2:      15976 bytes,      68392 total
- age   3:      10864 bytes,      79256 total
- age   4:      35768 bytes,     115024 total
- age   5:      11272 bytes,     126296 total
- age   6:      19672 bytes,     145968 total
: 4541K->240K(4928K), 0.0022297 secs] 36628K->32338K(50936K), 0.0022731 secs] [Times: user=0.00 sys=0.00, real=0.00 secs] 
Heap after GC invocations=675 (full 6):
 par new generation   total 4928K, used 240K [0x00000000f0800000, 0x00000000f0d50000, 0x00000000f5a00000)
  eden space 4416K,   0% used [0x00000000f0800000, 0x00000000f0800000, 0x00000000f0c50000)
  from space 512K,  47% used [0x00000000f0cd0000, 0x00000000f0d0c3e8, 0x00000000f0d50000)
  to   space 512K,   0% used [0x00000000f0c50000, 0x00000000f0c50000, 0x00000000f0cd0000)
 concurrent mark-sweep generation total 46008K, used 32098K [0x00000000f5a00000, 0x00000000f86ee000, 0x0000000100000000)
 Metaspace       used 45183K, capacity 47012K, committed 47256K, reserved 1091584K
  class space    used 5683K, capacity 6014K, committed 6040K, reserved 1048576K
}
2019-10-16T14:16:59.586+0000: 19.438: Total time for which application threads were stopped: 0.0023747 seconds, Stopping threads took: 0.0000226 seconds
{Heap before GC invocations=675 (full 6):
 par new generation   total 4928K, used 4656K [0x00000000f0800000, 0x00000000f0d50000, 0x00000000f5a00000)
  eden space 4416K, 100% used [0x00000000f0800000, 0x00000000f0c50000, 0x00000000f0c50000)
  from space 512K,  47% used [0x00000000f0cd0000, 0x00000000f0d0c3e8, 0x00000000f0d50000)
  to   space 512K,   0% used [0x00000000f0c50000, 0x00000000f0c50000, 0x00000000f0cd0000)
 concurrent mark-sweep generation total 46008K, used 32098K [0x00000000f5a00000, 0x00000000f86ee000, 0x0000000100000000)
 Metaspace       used 45232K, capacity 47012K, committed 47256K, reserved 1091584K
  class space    used 5690K, capacity 6014K, committed 6040K, reserved 1048576K
2019-10-16T14:16:59.606+0000: 19.458: [GC (Allocation Failure) 2019-10-16T14:16:59.606+0000: 19.458: [ParNew
Desired survivor size 262144 bytes, new threshold 6 (max 6)
- age   1:      20688 bytes,      20688 total
- age   2:      43688 bytes,      64376 total
- age   3:      13840 bytes,      78216 total
- age   4:      10864 bytes,      89080 total
- age   5:      35768 bytes,     124848 total
- age   6:      11272 bytes,     136120 total
: 4656K->166K(4928K), 0.0027998 secs] 36754K->32284K(50936K), 0.0028488 secs] [Times: user=0.00 sys=0.00, real=0.00 secs] 
Heap after GC invocations=676 (full 6):
 par new generation   total 4928K, used 166K [0x00000000f0800000, 0x00000000f0d50000, 0x00000000f5a00000)
  eden space 4416K,   0% used [0x00000000f0800000, 0x00000000f0800000, 0x00000000f0c50000)
  from space 512K,  32% used [0x00000000f0c50000, 0x00000000f0c79b30, 0x00000000f0cd0000)
  to   space 512K,   0% used [0x00000000f0cd0000, 0x00000000f0cd0000, 0x00000000f0d50000)
 concurrent mark-sweep generation total 46008K, used 32117K [0x00000000f5a00000, 0x00000000f86ee000, 0x0000000100000000)
 Metaspace       used 45232K, capacity 47012K, committed 47256K, reserved 1091584K
  class space    used 5690K, capacity 6014K, committed 6040K, reserved 1048576K
}
2019-10-16T14:16:59.609+0000: 19.461: Total time for which application threads were stopped: 0.0029805 seconds, Stopping threads took: 0.0000282 seconds
{Heap before GC invocations=676 (full 6):
 par new generation   total 4928K, used 4582K [0x00000000f0800000, 0x00000000f0d50000, 0x00000000f5a00000)
  eden space 4416K, 100% used [0x00000000f0800000, 0x00000000f0c50000, 0x00000000f0c50000)
  from space 512K,  32% used [0x00000000f0c50000, 0x00000000f0c79b30, 0x00000000f0cd0000)
  to   space 512K,   0% used [0x00000000f0cd0000, 0x00000000f0cd0000, 0x00000000f0d50000)
 concurrent mark-sweep generation total 46008K, used 32117K [0x00000000f5a00000, 0x00000000f86ee000, 0x0000000100000000)
 Metaspace       used 45262K, capacity 47076K, committed 47256K, reserved 1091584K
  class space    used 5698K, capacity 6014K, committed 6040K, reserved 1048576K
2019-10-16T14:16:59.625+0000: 19.477: [GC (Allocation Failure) 2019-10-16T14:16:59.625+0000: 19.477: [ParNew
Desired survivor size 262144 bytes, new threshold 6 (max 6)
- age   1:      23840 bytes,      23840 total
- age   2:       9112 bytes,      32952 total
- age   3:      39800 bytes,      72752 total
- age   4:      13840 bytes,      86592 total
- age   5:      10864 bytes,      97456 total
- age   6:      35768 bytes,     133224 total
: 4582K->240K(4928K), 0.0022920 secs] 36700K->32369K(50936K), 0.0023399 secs] [Times: user=0.01 sys=0.00, real=0.00 secs] 
Heap after GC invocations=677 (full 6):
 par new generation   total 4928K, used 240K [0x00000000f0800000, 0x00000000f0d50000, 0x00000000f5a00000)
  eden space 4416K,   0% used [0x00000000f0800000, 0x00000000f0800000, 0x00000000f0c50000)
  from space 512K,  46% used [0x00000000f0cd0000, 0x00000000f0d0c110, 0x00000000f0d50000)
  to   space 512K,   0% used [0x00000000f0c50000, 0x00000000f0c50000, 0x00000000f0cd0000)
 concurrent mark-sweep generation total 46008K, used 32129K [0x00000000f5a00000, 0x00000000f86ee000, 0x0000000100000000)
 Metaspace       used 45262K, capacity 47076K, committed 47256K, reserved 1091584K
  class space    used 5698K, capacity 6014K, committed 6040K, reserved 1048576K
}
2019-10-16T14:16:59.627+0000: 19.479: Total time for which application threads were stopped: 0.0024477 seconds, Stopping threads took: 0.0000207 seconds
{Heap before GC invocations=677 (full 6):
 par new generation   total 4928K, used 4656K [0x00000000f0800000, 0x00000000f0d50000, 0x00000000f5a00000)
  eden space 4416K, 100% used [0x00000000f0800000, 0x00000000f0c50000, 0x00000000f0c50000)
  from space 512K,  46% used [0x00000000f0cd0000, 0x00000000f0d0c110, 0x00000000f0d50000)
  to   space 512K,   0% used [0x00000000f0c50000, 0x00000000f0c50000, 0x00000000f0cd0000)
 concurrent mark-sweep generation total 46008K, used 32129K [0x00000000f5a00000, 0x00000000f86ee000, 0x0000000100000000)
 Metaspace       used 45299K, capacity 47108K, committed 47384K, reserved 1091584K
  class space    used 5705K, capacity 6046K, committed 6168K, reserved 1048576K
2019-10-16T14:16:59.644+0000: 19.496: [GC (Allocation Failure) 2019-10-16T14:16:59.644+0000: 19.496: [ParNew
Desired survivor size 262144 bytes, new threshold 6 (max 6)
- age   1:      24192 bytes,      24192 total
- age   2:      10496 bytes,      34688 total
- age   3:       9064 bytes,      43752 total
- age   4:      39800 bytes,      83552 total
- age   5:      13840 bytes,      97392 total
- age   6:      10864 bytes,     108256 total
: 4656K->157K(4928K), 0.0025601 secs] 36785K->32322K(50936K), 0.0026130 secs] [Times: user=0.01 sys=0.00, real=0.00 secs] 
Heap after GC invocations=678 (full 6):
 par new generation   total 4928K, used 157K [0x00000000f0800000, 0x00000000f0d50000, 0x00000000f5a00000)
  eden space 4416K,   0% used [0x00000000f0800000, 0x00000000f0800000, 0x00000000f0c50000)
  from space 512K,  30% used [0x00000000f0c50000, 0x00000000f0c77570, 0x00000000f0cd0000)
  to   space 512K,   0% used [0x00000000f0cd0000, 0x00000000f0cd0000, 0x00000000f0d50000)
 concurrent mark-sweep generation total 46008K, used 32165K [0x00000000f5a00000, 0x00000000f86ee000, 0x0000000100000000)
 Metaspace       used 45299K, capacity 47108K, committed 47384K, reserved 1091584K
  class space    used 5705K, capacity 6046K, committed 6168K, reserved 1048576K
}
2019-10-16T14:16:59.647+0000: 19.499: Total time for which application threads were stopped: 0.0027295 seconds, Stopping threads took: 0.0000240 seconds
{Heap before GC invocations=678 (full 6):
 par new generation   total 4928K, used 4573K [0x00000000f0800000, 0x00000000f0d50000, 0x00000000f5a00000)
  eden space 4416K, 100% used [0x00000000f0800000, 0x00000000f0c50000, 0x00000000f0c50000)
  from space 512K,  30% used [0x00000000f0c50000, 0x00000000f0c77570, 0x00000000f0cd0000)
  to   space 512K,   0% used [0x00000000f0cd0000, 0x00000000f0cd0000, 0x00000000f0d50000)
 concurrent mark-sweep generation total 46008K, used 32165K [0x00000000f5a00000, 0x00000000f86ee000, 0x0000000100000000)
 Metaspace       used 45340K, capacity 47172K, committed 47384K, reserved 1091584K
  class space    used 5712K, capacity 6046K, committed 6168K, reserved 1048576K
2019-10-16T14:16:59.663+0000: 19.515: [GC (Allocation Failure) 2019-10-16T14:16:59.663+0000: 19.515: [ParNew
Desired survivor size 262144 bytes, new threshold 6 (max 6)
- age   1:      26760 bytes,      26760 total
- age   2:      14080 bytes,      40840 total
- age   3:       9648 bytes,      50488 total
- age   4:       9064 bytes,      59552 total
- age   5:      39800 bytes,      99352 total
- age   6:      13840 bytes,     113192 total
: 4573K->196K(4928K), 0.0022464 secs] 36738K->32373K(50936K), 0.0022849 secs] [Times: user=0.00 sys=0.00, real=0.00 secs] 
Heap after GC invocations=679 (full 6):
 par new generation   total 4928K, used 196K [0x00000000f0800000, 0x00000000f0d50000, 0x00000000f5a00000)
  eden space 4416K,   0% used [0x00000000f0800000, 0x00000000f0800000, 0x00000000f0c50000)
  from space 512K,  38% used [0x00000000f0cd0000, 0x00000000f0d012d0, 0x00000000f0d50000)
  to   space 512K,   0% used [0x00000000f0c50000, 0x00000000f0c50000, 0x00000000f0cd0000)
 concurrent mark-sweep generation total 46008K, used 32176K [0x00000000f5a00000, 0x00000000f86ee000, 0x0000000100000000)
 Metaspace       used 45340K, capacity 47172K, committed 47384K, reserved 1091584K
  class space    used 5712K, capacity 6046K, committed 6168K, reserved 1048576K
}
2019-10-16T14:16:59.665+0000: 19.517: Total time for which application threads were stopped: 0.0023997 seconds, Stopping threads took: 0.0000217 seconds
{Heap before GC invocations=679 (full 6):
 par new generation   total 4928K, used 4612K [0x00000000f0800000, 0x00000000f0d50000, 0x00000000f5a00000)
  eden space 4416K, 100% used [0x00000000f0800000, 0x00000000f0c50000, 0x00000000f0c50000)
  from space 512K,  38% used [0x00000000f0cd0000, 0x00000000f0d012d0, 0x00000000f0d50000)
  to   space 512K,   0% used [0x00000000f0c50000, 0x00000000f0c50000, 0x00000000f0cd0000)
 concurrent mark-sweep generation total 46008K, used 32176K [0x00000000f5a00000, 0x00000000f86ee000, 0x0000000100000000)
 Metaspace       used 45365K, capacity 47172K, committed 47384K, reserved 1091584K
  class space    used 5718K, capacity 6046K, committed 6168K, reserved 1048576K
2019-10-16T14:16:59.684+0000: 19.536: [GC (Allocation Failure) 2019-10-16T14:16:59.684+0000: 19.536: [ParNew
Desired survivor size 262144 bytes, new threshold 6 (max 6)
- age   1:      31952 bytes,      31952 total
- age   2:      16184 bytes,      48136 total
- age   3:      11440 bytes,      59576 total
- age   4:       9648 bytes,      69224 total
- age   5:       9064 bytes,      78288 total
- age   6:      29160 bytes,     107448 total
: 4612K->131K(4928K), 0.0026161 secs] 36789K->32322K(50936K), 0.0026848 secs] [Times: user=0.00 sys=0.00, real=0.00 secs] 
Heap after GC invocations=680 (full 6):
 par new generation   total 4928K, used 131K [0x00000000f0800000, 0x00000000f0d50000, 0x00000000f5a00000)
  eden space 4416K,   0% used [0x00000000f0800000, 0x00000000f0800000, 0x00000000f0c50000)
  from space 512K,  25% used [0x00000000f0c50000, 0x00000000f0c70ea0, 0x00000000f0cd0000)
  to   space 512K,   0% used [0x00000000f0cd0000, 0x00000000f0cd0000, 0x00000000f0d50000)
 concurrent mark-sweep generation total 46008K, used 32190K [0x00000000f5a00000, 0x00000000f86ee000, 0x0000000100000000)
 Metaspace       used 45365K, capacity 47172K, committed 47384K, reserved 1091584K
  class space    used 5718K, capacity 6046K, committed 6168K, reserved 1048576K
}
2019-10-16T14:16:59.687+0000: 19.539: Total time for which application threads were stopped: 0.0028156 seconds, Stopping threads took: 0.0000277 seconds
{Heap before GC invocations=680 (full 6):
 par new generation   total 4928K, used 4547K [0x00000000f0800000, 0x00000000f0d50000, 0x00000000f5a00000)
  eden space 4416K, 100% used [0x00000000f0800000, 0x00000000f0c50000, 0x00000000f0c50000)
  from space 512K,  25% used [0x00000000f0c50000, 0x00000000f0c70ea0, 0x00000000f0cd0000)
  to   space 512K,   0% used [0x00000000f0cd0000, 0x00000000f0cd0000, 0x00000000f0d50000)
 concurrent mark-sweep generation total 46008K, used 32190K [0x00000000f5a00000, 0x00000000f86ee000, 0x0000000100000000)
 Metaspace       used 45400K, capacity 47172K, committed 47384K, reserved 1091584K
  class space    used 5723K, capacity 6046K, committed 6168K, reserved 1048576K
2019-10-16T14:16:59.703+0000: 19.555: [GC (Allocation Failure) 2019-10-16T14:16:59.703+0000: 19.555: [ParNew
Desired survivor size 262144 bytes, new threshold 6 (max 6)
- age   1:      17432 bytes,      17432 total
- age   2:      24992 bytes,      42424 total
- age   3:      13720 bytes,      56144 total
- age   4:      11440 bytes,      67584 total
- age   5:       9648 bytes,      77232 total
- age   6:       8912 bytes,      86144 total
: 4547K->95K(4928K), 0.0026537 secs] 36738K->32314K(50936K), 0.0026947 secs] [Times: user=0.00 sys=0.00, real=0.00 secs] 
Heap after GC invocations=681 (full 6):
 par new generation   total 4928K, used 95K [0x00000000f0800000, 0x00000000f0d50000, 0x00000000f5a00000)
  eden space 4416K,   0% used [0x00000000f0800000, 0x00000000f0800000, 0x00000000f0c50000)
  from space 512K,  18% used [0x00000000f0cd0000, 0x00000000f0ce7ce0, 0x00000000f0d50000)
  to   space 512K,   0% used [0x00000000f0c50000, 0x00000000f0c50000, 0x00000000f0cd0000)
 concurrent mark-sweep generation total 46008K, used 32219K [0x00000000f5a00000, 0x00000000f86ee000, 0x0000000100000000)
 Metaspace       used 45400K, capacity 47172K, committed 47384K, reserved 1091584K
  class space    used 5723K, capacity 6046K, committed 6168K, reserved 1048576K
}
2019-10-16T14:16:59.705+0000: 19.558: Total time for which application threads were stopped: 0.0028087 seconds, Stopping threads took: 0.0000231 seconds
{Heap before GC invocations=681 (full 6):
 par new generation   total 4928K, used 4511K [0x00000000f0800000, 0x00000000f0d50000, 0x00000000f5a00000)
  eden space 4416K, 100% used [0x00000000f0800000, 0x00000000f0c50000, 0x00000000f0c50000)
  from space 512K,  18% used [0x00000000f0cd0000, 0x00000000f0ce7ce0, 0x00000000f0d50000)
  to   space 512K,   0% used [0x00000000f0c50000, 0x00000000f0c50000, 0x00000000f0cd0000)
 concurrent mark-sweep generation total 46008K, used 32219K [0x00000000f5a00000, 0x00000000f86ee000, 0x0000000100000000)
 Metaspace       used 45427K, capacity 47236K, committed 47640K, reserved 1091584K
  class space    used 5727K, capacity 6046K, committed 6168K, reserved 1048576K
2019-10-16T14:16:59.723+0000: 19.575: [GC (Allocation Failure) 2019-10-16T14:16:59.723+0000: 19.575: [ParNew
Desired survivor size 262144 bytes, new threshold 6 (max 6)
- age   1:      23920 bytes,      23920 total
- age   2:      13712 bytes,      37632 total
- age   3:      22224 bytes,      59856 total
- age   4:      13720 bytes,      73576 total
- age   5:      11440 bytes,      85016 total
- age   6:       9648 bytes,      94664 total
: 4511K->172K(4928K), 0.0027333 secs] 36730K->32400K(50936K), 0.0027936 secs] [Times: user=0.01 sys=0.00, real=0.00 secs] 
Heap after GC invocations=682 (full 6):
 par new generation   total 4928K, used 172K [0x00000000f0800000, 0x00000000f0d50000, 0x00000000f5a00000)
  eden space 4416K,   0% used [0x00000000f0800000, 0x00000000f0800000, 0x00000000f0c50000)
  from space 512K,  33% used [0x00000000f0c50000, 0x00000000f0c7b038, 0x00000000f0cd0000)
  to   space 512K,   0% used [0x00000000f0cd0000, 0x00000000f0cd0000, 0x00000000f0d50000)
 concurrent mark-sweep generation total 46008K, used 32228K [0x00000000f5a00000, 0x00000000f86ee000, 0x0000000100000000)
 Metaspace       used 45427K, capacity 47236K, committed 47640K, reserved 1091584K
  class space    used 5727K, capacity 6046K, committed 6168K, reserved 1048576K
}
2019-10-16T14:16:59.725+0000: 19.577: Total time for which application threads were stopped: 0.0029295 seconds, Stopping threads took: 0.0000264 seconds
{Heap before GC invocations=682 (full 6):
 par new generation   total 4928K, used 4588K [0x00000000f0800000, 0x00000000f0d50000, 0x00000000f5a00000)
  eden space 4416K, 100% used [0x00000000f0800000, 0x00000000f0c50000, 0x00000000f0c50000)
  from space 512K,  33% used [0x00000000f0c50000, 0x00000000f0c7b038, 0x00000000f0cd0000)
  to   space 512K,   0% used [0x00000000f0cd0000, 0x00000000f0cd0000, 0x00000000f0d50000)
 concurrent mark-sweep generation total 46008K, used 32228K [0x00000000f5a00000, 0x00000000f86ee000, 0x0000000100000000)
 Metaspace       used 45498K, capacity 47332K, committed 47640K, reserved 1091584K
  class space    used 5731K, capacity 6078K, committed 6168K, reserved 1048576K
2019-10-16T14:16:59.746+0000: 19.598: [GC (Allocation Failure) 2019-10-16T14:16:59.746+0000: 19.598: [ParNew
Desired survivor size 262144 bytes, new threshold 6 (max 6)
- age   1:      37448 bytes,      37448 total
- age   2:      21280 bytes,      58728 total
- age   3:      13696 bytes,      72424 total
- age   4:      20624 bytes,      93048 total
- age   5:      13720 bytes,     106768 total
- age   6:      11440 bytes,     118208 total
: 4588K->168K(4928K), 0.0026526 secs] 36816K->32406K(50936K), 0.0027038 secs] [Times: user=0.01 sys=0.00, real=0.00 secs] 
Heap after GC invocations=683 (full 6):
 par new generation   total 4928K, used 168K [0x00000000f0800000, 0x00000000f0d50000, 0x00000000f5a00000)
  eden space 4416K,   0% used [0x00000000f0800000, 0x00000000f0800000, 0x00000000f0c50000)
  from space 512K,  32% used [0x00000000f0cd0000, 0x00000000f0cfa168, 0x00000000f0d50000)
  to   space 512K,   0% used [0x00000000f0c50000, 0x00000000f0c50000, 0x00000000f0cd0000)
 concurrent mark-sweep generation total 46008K, used 32238K [0x00000000f5a00000, 0x00000000f86ee000, 0x0000000100000000)
 Metaspace       used 45498K, capacity 47332K, committed 47640K, reserved 1091584K
  class space    used 5731K, capacity 6078K, committed 6168K, reserved 1048576K
}
2019-10-16T14:16:59.748+0000: 19.600: Total time for which application threads were stopped: 0.0028454 seconds, Stopping threads took: 0.0000246 seconds
{Heap before GC invocations=683 (full 6):
 par new generation   total 4928K, used 4584K [0x00000000f0800000, 0x00000000f0d50000, 0x00000000f5a00000)
  eden space 4416K, 100% used [0x00000000f0800000, 0x00000000f0c50000, 0x00000000f0c50000)
  from space 512K,  32% used [0x00000000f0cd0000, 0x00000000f0cfa168, 0x00000000f0d50000)
  to   space 512K,   0% used [0x00000000f0c50000, 0x00000000f0c50000, 0x00000000f0cd0000)
 concurrent mark-sweep generation total 46008K, used 32238K [0x00000000f5a00000, 0x00000000f86ee000, 0x0000000100000000)
 Metaspace       used 45513K, capacity 47332K, committed 47640K, reserved 1091584K
  class space    used 5735K, capacity 6078K, committed 6168K, reserved 1048576K
2019-10-16T14:16:59.761+0000: 19.613: [GC (Allocation Failure) 2019-10-16T14:16:59.761+0000: 19.613: [ParNew
Desired survivor size 262144 bytes, new threshold 6 (max 6)
- age   1:      17696 bytes,      17696 total
- age   2:      34624 bytes,      52320 total
- age   3:      20512 bytes,      72832 total
- age   4:      13696 bytes,      86528 total
- age   5:      20624 bytes,     107152 total
- age   6:      13720 bytes,     120872 total
: 4584K->200K(4928K), 0.0026341 secs] 36822K->32450K(50936K), 0.0026939 secs] [Times: user=0.00 sys=0.00, real=0.01 secs] 
Heap after GC invocations=684 (full 6):
 par new generation   total 4928K, used 200K [0x00000000f0800000, 0x00000000f0d50000, 0x00000000f5a00000)
  eden space 4416K,   0% used [0x00000000f0800000, 0x00000000f0800000, 0x00000000f0c50000)
  from space 512K,  39% used [0x00000000f0c50000, 0x00000000f0c820a0, 0x00000000f0cd0000)
  to   space 512K,   0% used [0x00000000f0cd0000, 0x00000000f0cd0000, 0x00000000f0d50000)
 concurrent mark-sweep generation total 46008K, used 32250K [0x00000000f5a00000, 0x00000000f86ee000, 0x0000000100000000)
 Metaspace       used 45513K, capacity 47332K, committed 47640K, reserved 1091584K
  class space    used 5735K, capacity 6078K, committed 6168K, reserved 1048576K
}
2019-10-16T14:16:59.764+0000: 19.616: Total time for which application threads were stopped: 0.0028205 seconds, Stopping threads took: 0.0000246 seconds
{Heap before GC invocations=684 (full 6):
 par new generation   total 4928K, used 4616K [0x00000000f0800000, 0x00000000f0d50000, 0x00000000f5a00000)
  eden space 4416K, 100% used [0x00000000f0800000, 0x00000000f0c50000, 0x00000000f0c50000)
  from space 512K,  39% used [0x00000000f0c50000, 0x00000000f0c820a0, 0x00000000f0cd0000)
  to   space 512K,   0% used [0x00000000f0cd0000, 0x00000000f0cd0000, 0x00000000f0d50000)
 concurrent mark-sweep generation total 46008K, used 32250K [0x00000000f5a00000, 0x00000000f86ee000, 0x0000000100000000)
 Metaspace       used 45527K, capacity 47332K, committed 47640K, reserved 1091584K
  class space    used 5739K, capacity 6078K, committed 6168K, reserved 1048576K
2019-10-16T14:16:59.776+0000: 19.628: [GC (Allocation Failure) 2019-10-16T14:16:59.776+0000: 19.628: [ParNew
Desired survivor size 262144 bytes, new threshold 6 (max 6)
- age   1:      15352 bytes,      15352 total
- age   2:       8992 bytes,      24344 total
- age   3:      32272 bytes,      56616 total
- age   4:      18656 bytes,      75272 total
- age   5:      13696 bytes,      88968 total
- age   6:      20624 bytes,     109592 total
: 4616K->138K(4928K), 0.0023160 secs] 36866K->32402K(50936K), 0.0023555 secs] [Times: user=0.00 sys=0.00, real=0.00 secs] 
Heap after GC invocations=685 (full 6):
 par new generation   total 4928K, used 138K [0x00000000f0800000, 0x00000000f0d50000, 0x00000000f5a00000)
  eden space 4416K,   0% used [0x00000000f0800000, 0x00000000f0800000, 0x00000000f0c50000)
  from space 512K,  27% used [0x00000000f0cd0000, 0x00000000f0cf2a40, 0x00000000f0d50000)
  to   space 512K,   0% used [0x00000000f0c50000, 0x00000000f0c50000, 0x00000000f0cd0000)
 concurrent mark-sweep generation total 46008K, used 32264K [0x00000000f5a00000, 0x00000000f86ee000, 0x0000000100000000)
 Metaspace       used 45527K, capacity 47332K, committed 47640K, reserved 1091584K
  class space    used 5739K, capacity 6078K, committed 6168K, reserved 1048576K
}
2019-10-16T14:16:59.778+0000: 19.630: Total time for which application threads were stopped: 0.0024684 seconds, Stopping threads took: 0.0000221 seconds
{Heap before GC invocations=685 (full 6):
 par new generation   total 4928K, used 4554K [0x00000000f0800000, 0x00000000f0d50000, 0x00000000f5a00000)
  eden space 4416K, 100% used [0x00000000f0800000, 0x00000000f0c50000, 0x00000000f0c50000)
  from space 512K,  27% used [0x00000000f0cd0000, 0x00000000f0cf2a40, 0x00000000f0d50000)
  to   space 512K,   0% used [0x00000000f0c50000, 0x00000000f0c50000, 0x00000000f0cd0000)
 concurrent mark-sweep generation total 46008K, used 32264K [0x00000000f5a00000, 0x00000000f86ee000, 0x0000000100000000)
 Metaspace       used 45555K, capacity 47396K, committed 47640K, reserved 1091584K
  class space    used 5745K, capacity 6078K, committed 6168K, reserved 1048576K
2019-10-16T14:16:59.794+0000: 19.646: [GC (Allocation Failure) 2019-10-16T14:16:59.794+0000: 19.646: [ParNew
Desired survivor size 262144 bytes, new threshold 6 (max 6)
- age   1:      38696 bytes,      38696 total
- age   2:       9120 bytes,      47816 total
- age   3:       5752 bytes,      53568 total
- age   4:      30704 bytes,      84272 total
- age   5:      18656 bytes,     102928 total
- age   6:      13696 bytes,     116624 total
: 4554K->194K(4928K), 0.0025597 secs] 36818K->32479K(50936K), 0.0026126 secs] [Times: user=0.00 sys=0.00, real=0.00 secs] 
Heap after GC invocations=686 (full 6):
 par new generation   total 4928K, used 194K [0x00000000f0800000, 0x00000000f0d50000, 0x00000000f5a00000)
  eden space 4416K,   0% used [0x00000000f0800000, 0x00000000f0800000, 0x00000000f0c50000)
  from space 512K,  37% used [0x00000000f0c50000, 0x00000000f0c80990, 0x00000000f0cd0000)
  to   space 512K,   0% used [0x00000000f0cd0000, 0x00000000f0cd0000, 0x00000000f0d50000)
 concurrent mark-sweep generation total 46008K, used 32284K [0x00000000f5a00000, 0x00000000f86ee000, 0x0000000100000000)
 Metaspace       used 45555K, capacity 47396K, committed 47640K, reserved 1091584K
  class space    used 5745K, capacity 6078K, committed 6168K, reserved 1048576K
}
2019-10-16T14:16:59.797+0000: 19.649: Total time for which application threads were stopped: 0.0027387 seconds, Stopping threads took: 0.0000278 seconds
{Heap before GC invocations=686 (full 6):
 par new generation   total 4928K, used 4610K [0x00000000f0800000, 0x00000000f0d50000, 0x00000000f5a00000)
  eden space 4416K, 100% used [0x00000000f0800000, 0x00000000f0c50000, 0x00000000f0c50000)
  from space 512K,  37% used [0x00000000f0c50000, 0x00000000f0c80990, 0x00000000f0cd0000)
  to   space 512K,   0% used [0x00000000f0cd0000, 0x00000000f0cd0000, 0x00000000f0d50000)
 concurrent mark-sweep generation total 46008K, used 32284K [0x00000000f5a00000, 0x00000000f86ee000, 0x0000000100000000)
 Metaspace       used 45583K, capacity 47396K, committed 47640K, reserved 1091584K
  class space    used 5750K, capacity 6078K, committed 6168K, reserved 1048576K
2019-10-16T14:16:59.810+0000: 19.662: [GC (Allocation Failure) 2019-10-16T14:16:59.810+0000: 19.662: [ParNew
Desired survivor size 262144 bytes, new threshold 6 (max 6)
- age   1:      13912 bytes,      13912 total
- age   2:      35888 bytes,      49800 total
- age   3:       6248 bytes,      56048 total
- age   4:       4416 bytes,      60464 total
- age   5:      30704 bytes,      91168 total
- age   6:      18408 bytes,     109576 total
: 4610K->133K(4928K), 0.0023923 secs] 36895K->32431K(50936K), 0.0024326 secs] [Times: user=0.01 sys=0.00, real=0.00 secs] 
Heap after GC invocations=687 (full 6):
 par new generation   total 4928K, used 133K [0x00000000f0800000, 0x00000000f0d50000, 0x00000000f5a00000)
  eden space 4416K,   0% used [0x00000000f0800000, 0x00000000f0800000, 0x00000000f0c50000)
  from space 512K,  26% used [0x00000000f0cd0000, 0x00000000f0cf1780, 0x00000000f0d50000)
  to   space 512K,   0% used [0x00000000f0c50000, 0x00000000f0c50000, 0x00000000f0cd0000)
 concurrent mark-sweep generation total 46008K, used 32298K [0x00000000f5a00000, 0x00000000f86ee000, 0x0000000100000000)
 Metaspace       used 45583K, capacity 47396K, committed 47640K, reserved 1091584K
  class space    used 5750K, capacity 6078K, committed 6168K, reserved 1048576K
}
2019-10-16T14:16:59.813+0000: 19.665: Total time for which application threads were stopped: 0.0025596 seconds, Stopping threads took: 0.0000257 seconds
{Heap before GC invocations=687 (full 6):
 par new generation   total 4928K, used 4549K [0x00000000f0800000, 0x00000000f0d50000, 0x00000000f5a00000)
  eden space 4416K, 100% used [0x00000000f0800000, 0x00000000f0c50000, 0x00000000f0c50000)
  from space 512K,  26% used [0x00000000f0cd0000, 0x00000000f0cf1780, 0x00000000f0d50000)
  to   space 512K,   0% used [0x00000000f0c50000, 0x00000000f0c50000, 0x00000000f0cd0000)
 concurrent mark-sweep generation total 46008K, used 32298K [0x00000000f5a00000, 0x00000000f86ee000, 0x0000000100000000)
 Metaspace       used 45647K, capacity 47460K, committed 47640K, reserved 1091584K
  class space    used 5755K, capacity 6078K, committed 6168K, reserved 1048576K
2019-10-16T14:16:59.826+0000: 19.678: [GC (Allocation Failure) 2019-10-16T14:16:59.826+0000: 19.678: [ParNew
Desired survivor size 262144 bytes, new threshold 6 (max 6)
- age   1:      12872 bytes,      12872 total
- age   2:      11536 bytes,      24408 total
- age   3:      32216 bytes,      56624 total
- age   4:       4552 bytes,      61176 total
- age   5:       4416 bytes,      65592 total
- age   6:      30704 bytes,      96296 total
: 4549K->97K(4928K), 0.0025015 secs] 36847K->32413K(50936K), 0.0025586 secs] [Times: user=0.00 sys=0.00, real=0.00 secs] 
Heap after GC invocations=688 (full 6):
 par new generation   total 4928K, used 97K [0x00000000f0800000, 0x00000000f0d50000, 0x00000000f5a00000)
  eden space 4416K,   0% used [0x00000000f0800000, 0x00000000f0800000, 0x00000000f0c50000)
  from space 512K,  18% used [0x00000000f0c50000, 0x00000000f0c684a0, 0x00000000f0cd0000)
  to   space 512K,   0% used [0x00000000f0cd0000, 0x00000000f0cd0000, 0x00000000f0d50000)
 concurrent mark-sweep generation total 46008K, used 32316K [0x00000000f5a00000, 0x00000000f86ee000, 0x0000000100000000)
 Metaspace       used 45647K, capacity 47460K, committed 47640K, reserved 1091584K
  class space    used 5755K, capacity 6078K, committed 6168K, reserved 1048576K
}
2019-10-16T14:16:59.829+0000: 19.681: Total time for which application threads were stopped: 0.0026800 seconds, Stopping threads took: 0.0000263 seconds
{Heap before GC invocations=688 (full 6):
 par new generation   total 4928K, used 4513K [0x00000000f0800000, 0x00000000f0d50000, 0x00000000f5a00000)
  eden space 4416K, 100% used [0x00000000f0800000, 0x00000000f0c50000, 0x00000000f0c50000)
  from space 512K,  18% used [0x00000000f0c50000, 0x00000000f0c684a0, 0x00000000f0cd0000)
  to   space 512K,   0% used [0x00000000f0cd0000, 0x00000000f0cd0000, 0x00000000f0d50000)
 concurrent mark-sweep generation total 46008K, used 32316K [0x00000000f5a00000, 0x00000000f86ee000, 0x0000000100000000)
 Metaspace       used 45667K, capacity 47460K, committed 47640K, reserved 1091584K
  class space    used 5762K, capacity 6078K, committed 6168K, reserved 1048576K
2019-10-16T14:16:59.842+0000: 19.694: [GC (Allocation Failure) 2019-10-16T14:16:59.842+0000: 19.694: [ParNew
Desired survivor size 262144 bytes, new threshold 6 (max 6)
- age   1:      13816 bytes,      13816 total
- age   2:      10208 bytes,      24024 total
- age   3:       8456 bytes,      32480 total
- age   4:      31816 bytes,      64296 total
- age   5:       4552 bytes,      68848 total
- age   6:       4416 bytes,      73264 total
: 4513K->94K(4928K), 0.0024711 secs] 36829K->32442K(50936K), 0.0025296 secs] [Times: user=0.01 sys=0.00, real=0.00 secs] 
Heap after GC invocations=689 (full 6):
 par new generation   total 4928K, used 94K [0x00000000f0800000, 0x00000000f0d50000, 0x00000000f5a00000)
  eden space 4416K,   0% used [0x00000000f0800000, 0x00000000f0800000, 0x00000000f0c50000)
  from space 512K,  18% used [0x00000000f0cd0000, 0x00000000f0ce7b50, 0x00000000f0d50000)
  to   space 512K,   0% used [0x00000000f0c50000, 0x00000000f0c50000, 0x00000000f0cd0000)
 concurrent mark-sweep generation total 46008K, used 32347K [0x00000000f5a00000, 0x00000000f86ee000, 0x0000000100000000)
 Metaspace       used 45667K, capacity 47460K, committed 47640K, reserved 1091584K
  class space    used 5762K, capacity 6078K, committed 6168K, reserved 1048576K
}
2019-10-16T14:16:59.845+0000: 19.697: Total time for which application threads were stopped: 0.0026537 seconds, Stopping threads took: 0.0000259 seconds
{Heap before GC invocations=689 (full 6):
 par new generation   total 4928K, used 4510K [0x00000000f0800000, 0x00000000f0d50000, 0x00000000f5a00000)
  eden space 4416K, 100% used [0x00000000f0800000, 0x00000000f0c50000, 0x00000000f0c50000)
  from space 512K,  18% used [0x00000000f0cd0000, 0x00000000f0ce7b50, 0x00000000f0d50000)
  to   space 512K,   0% used [0x00000000f0c50000, 0x00000000f0c50000, 0x00000000f0cd0000)
 concurrent mark-sweep generation total 46008K, used 32347K [0x00000000f5a00000, 0x00000000f86ee000, 0x0000000100000000)
 Metaspace       used 45710K, capacity 47588K, committed 47896K, reserved 1091584K
  class space    used 5770K, capacity 6142K, committed 6168K, reserved 1048576K
2019-10-16T14:16:59.860+0000: 19.712: [GC (Allocation Failure) 2019-10-16T14:16:59.860+0000: 19.712: [ParNew
Desired survivor size 262144 bytes, new threshold 6 (max 6)
- age   1:      15744 bytes,      15744 total
- age   2:       8120 bytes,      23864 total
- age   3:       7008 bytes,      30872 total
- age   4:       7592 bytes,      38464 total
- age   5:      31816 bytes,      70280 total
- age   6:       4552 bytes,      74832 total
: 4510K->77K(4928K), 0.0022707 secs] 36858K->32429K(50936K), 0.0023202 secs] [Times: user=0.00 sys=0.00, real=0.01 secs] 
Heap after GC invocations=690 (full 6):
 par new generation   total 4928K, used 77K [0x00000000f0800000, 0x00000000f0d50000, 0x00000000f5a00000)
  eden space 4416K,   0% used [0x00000000f0800000, 0x00000000f0800000, 0x00000000f0c50000)
  from space 512K,  15% used [0x00000000f0c50000, 0x00000000f0c63580, 0x00000000f0cd0000)
  to   space 512K,   0% used [0x00000000f0cd0000, 0x00000000f0cd0000, 0x00000000f0d50000)
 concurrent mark-sweep generation total 46008K, used 32351K [0x00000000f5a00000, 0x00000000f86ee000, 0x0000000100000000)
 Metaspace       used 45710K, capacity 47588K, committed 47896K, reserved 1091584K
  class space    used 5770K, capacity 6142K, committed 6168K, reserved 1048576K
}
2019-10-16T14:16:59.862+0000: 19.714: Total time for which application threads were stopped: 0.0024530 seconds, Stopping threads took: 0.0000227 seconds
{Heap before GC invocations=690 (full 6):
 par new generation   total 4928K, used 4493K [0x00000000f0800000, 0x00000000f0d50000, 0x00000000f5a00000)
  eden space 4416K, 100% used [0x00000000f0800000, 0x00000000f0c50000, 0x00000000f0c50000)
  from space 512K,  15% used [0x00000000f0c50000, 0x00000000f0c63580, 0x00000000f0cd0000)
  to   space 512K,   0% used [0x00000000f0cd0000, 0x00000000f0cd0000, 0x00000000f0d50000)
 concurrent mark-sweep generation total 46008K, used 32351K [0x00000000f5a00000, 0x00000000f86ee000, 0x0000000100000000)
 Metaspace       used 45733K, capacity 47588K, committed 47896K, reserved 1091584K
  class space    used 5777K, capacity 6142K, committed 6168K, reserved 1048576K
2019-10-16T14:16:59.868+0000: 19.720: [GC (Allocation Failure) 2019-10-16T14:16:59.868+0000: 19.720: [ParNew
Desired survivor size 262144 bytes, new threshold 6 (max 6)
- age   1:      11656 bytes,      11656 total
- age   2:       9080 bytes,      20736 total
- age   3:       6344 bytes,      27080 total
- age   4:       4872 bytes,      31952 total
- age   5:       7592 bytes,      39544 total
- age   6:      31816 bytes,      71360 total
: 4493K->74K(4928K), 0.0015695 secs] 36845K->32430K(50936K), 0.0016032 secs] [Times: user=0.00 sys=0.00, real=0.00 secs] 
Heap after GC invocations=691 (full 6):
 par new generation   total 4928K, used 74K [0x00000000f0800000, 0x00000000f0d50000, 0x00000000f5a00000)
  eden space 4416K,   0% used [0x00000000f0800000, 0x00000000f0800000, 0x00000000f0c50000)
  from space 512K,  14% used [0x00000000f0cd0000, 0x00000000f0ce2818, 0x00000000f0d50000)
  to   space 512K,   0% used [0x00000000f0c50000, 0x00000000f0c50000, 0x00000000f0cd0000)
 concurrent mark-sweep generation total 46008K, used 32356K [0x00000000f5a00000, 0x00000000f86ee000, 0x0000000100000000)
 Metaspace       used 45733K, capacity 47588K, committed 47896K, reserved 1091584K
  class space    used 5777K, capacity 6142K, committed 6168K, reserved 1048576K
}
2019-10-16T14:16:59.870+0000: 19.722: Total time for which application threads were stopped: 0.0017054 seconds, Stopping threads took: 0.0000198 seconds
{Heap before GC invocations=691 (full 6):
 par new generation   total 4928K, used 4490K [0x00000000f0800000, 0x00000000f0d50000, 0x00000000f5a00000)
  eden space 4416K, 100% used [0x00000000f0800000, 0x00000000f0c50000, 0x00000000f0c50000)
  from space 512K,  14% used [0x00000000f0cd0000, 0x00000000f0ce2818, 0x00000000f0d50000)
  to   space 512K,   0% used [0x00000000f0c50000, 0x00000000f0c50000, 0x00000000f0cd0000)
 concurrent mark-sweep generation total 46008K, used 32356K [0x00000000f5a00000, 0x00000000f86ee000, 0x0000000100000000)
 Metaspace       used 45754K, capacity 47588K, committed 47896K, reserved 1091584K
  class space    used 5783K, capacity 6142K, committed 6168K, reserved 1048576K
2019-10-16T14:16:59.877+0000: 19.729: [GC (Allocation Failure) 2019-10-16T14:16:59.877+0000: 19.729: [ParNew
Desired survivor size 262144 bytes, new threshold 6 (max 6)
- age   1:      11648 bytes,      11648 total
- age   2:       9280 bytes,      20928 total
- age   3:       7608 bytes,      28536 total
- age   4:       4144 bytes,      32680 total
- age   5:       4872 bytes,      37552 total
- age   6:       7592 bytes,      45144 total
: 4490K->70K(4928K), 0.0015243 secs] 36846K->32458K(50936K), 0.0015644 secs] [Times: user=0.00 sys=0.00, real=0.00 secs] 
Heap after GC invocations=692 (full 6):
 par new generation   total 4928K, used 70K [0x00000000f0800000, 0x00000000f0d50000, 0x00000000f5a00000)
  eden space 4416K,   0% used [0x00000000f0800000, 0x00000000f0800000, 0x00000000f0c50000)
  from space 512K,  13% used [0x00000000f0c50000, 0x00000000f0c61bb0, 0x00000000f0cd0000)
  to   space 512K,   0% used [0x00000000f0cd0000, 0x00000000f0cd0000, 0x00000000f0d50000)
 concurrent mark-sweep generation total 46008K, used 32388K [0x00000000f5a00000, 0x00000000f86ee000, 0x0000000100000000)
 Metaspace       used 45754K, capacity 47588K, committed 47896K, reserved 1091584K
  class space    used 5783K, capacity 6142K, committed 6168K, reserved 1048576K
}
2019-10-16T14:16:59.878+0000: 19.730: Total time for which application threads were stopped: 0.0016629 seconds, Stopping threads took: 0.0000184 seconds
{Heap before GC invocations=692 (full 6):
 par new generation   total 4928K, used 4486K [0x00000000f0800000, 0x00000000f0d50000, 0x00000000f5a00000)
  eden space 4416K, 100% used [0x00000000f0800000, 0x00000000f0c50000, 0x00000000f0c50000)
  from space 512K,  13% used [0x00000000f0c50000, 0x00000000f0c61bb0, 0x00000000f0cd0000)
  to   space 512K,   0% used [0x00000000f0cd0000, 0x00000000f0cd0000, 0x00000000f0d50000)
 concurrent mark-sweep generation total 46008K, used 32388K [0x00000000f5a00000, 0x00000000f86ee000, 0x0000000100000000)
 Metaspace       used 45779K, capacity 47588K, committed 47896K, reserved 1091584K
  class space    used 5789K, capacity 6142K, committed 6168K, reserved 1048576K
2019-10-16T14:16:59.884+0000: 19.736: [GC (Allocation Failure) 2019-10-16T14:16:59.884+0000: 19.736: [ParNew
Desired survivor size 262144 bytes, new threshold 6 (max 6)
- age   1:      17200 bytes,      17200 total
- age   2:       8592 bytes,      25792 total
- age   3:       8040 bytes,      33832 total
- age   4:       4968 bytes,      38800 total
- age   5:       4144 bytes,      42944 total
- age   6:       4872 bytes,      47816 total
: 4486K->50K(4928K), 0.0015302 secs] 36874K->32446K(50936K), 0.0015640 secs] [Times: user=0.00 sys=0.00, real=0.00 secs] 
Heap after GC invocations=693 (full 6):
 par new generation   total 4928K, used 50K [0x00000000f0800000, 0x00000000f0d50000, 0x00000000f5a00000)
  eden space 4416K,   0% used [0x00000000f0800000, 0x00000000f0800000, 0x00000000f0c50000)
  from space 512K,   9% used [0x00000000f0cd0000, 0x00000000f0cdcb38, 0x00000000f0d50000)
  to   space 512K,   0% used [0x00000000f0c50000, 0x00000000f0c50000, 0x00000000f0cd0000)
 concurrent mark-sweep generation total 46008K, used 32395K [0x00000000f5a00000, 0x00000000f86ee000, 0x0000000100000000)
 Metaspace       used 45779K, capacity 47588K, committed 47896K, reserved 1091584K
  class space    used 5789K, capacity 6142K, committed 6168K, reserved 1048576K
}
2019-10-16T14:16:59.886+0000: 19.738: Total time for which application threads were stopped: 0.0016684 seconds, Stopping threads took: 0.0000194 seconds
{Heap before GC invocations=693 (full 6):
 par new generation   total 4928K, used 4466K [0x00000000f0800000, 0x00000000f0d50000, 0x00000000f5a00000)
  eden space 4416K, 100% used [0x00000000f0800000, 0x00000000f0c50000, 0x00000000f0c50000)
  from space 512K,   9% used [0x00000000f0cd0000, 0x00000000f0cdcb38, 0x00000000f0d50000)
  to   space 512K,   0% used [0x00000000f0c50000, 0x00000000f0c50000, 0x00000000f0cd0000)
 concurrent mark-sweep generation total 46008K, used 32395K [0x00000000f5a00000, 0x00000000f86ee000, 0x0000000100000000)
 Metaspace       used 45836K, capacity 47684K, committed 48024K, reserved 1091584K
  class space    used 5800K, capacity 6174K, committed 6296K, reserved 1048576K
2019-10-16T14:16:59.892+0000: 19.744: [GC (Allocation Failure) 2019-10-16T14:16:59.892+0000: 19.744: [ParNew
Desired survivor size 262144 bytes, new threshold 6 (max 6)
- age   1:      21816 bytes,      21816 total
- age   2:       8816 bytes,      30632 total
- age   3:       7496 bytes,      38128 total
- age   4:       5200 bytes,      43328 total
- age   5:       4968 bytes,      48296 total
- age   6:       4144 bytes,      52440 total
: 4466K->94K(4928K), 0.0016761 secs] 36862K->32494K(50936K), 0.0017184 secs] [Times: user=0.00 sys=0.00, real=0.00 secs] 
Heap after GC invocations=694 (full 6):
 par new generation   total 4928K, used 94K [0x00000000f0800000, 0x00000000f0d50000, 0x00000000f5a00000)
  eden space 4416K,   0% used [0x00000000f0800000, 0x00000000f0800000, 0x00000000f0c50000)
  from space 512K,  18% used [0x00000000f0c50000, 0x00000000f0c67840, 0x00000000f0cd0000)
  to   space 512K,   0% used [0x00000000f0cd0000, 0x00000000f0cd0000, 0x00000000f0d50000)
 concurrent mark-sweep generation total 46008K, used 32400K [0x00000000f5a00000, 0x00000000f86ee000, 0x0000000100000000)
 Metaspace       used 45836K, capacity 47684K, committed 48024K, reserved 1091584K
  class space    used 5800K, capacity 6174K, committed 6296K, reserved 1048576K
}
2019-10-16T14:16:59.894+0000: 19.746: Total time for which application threads were stopped: 0.0018395 seconds, Stopping threads took: 0.0000200 seconds
{Heap before GC invocations=694 (full 6):
 par new generation   total 4928K, used 4510K [0x00000000f0800000, 0x00000000f0d50000, 0x00000000f5a00000)
  eden space 4416K, 100% used [0x00000000f0800000, 0x00000000f0c50000, 0x00000000f0c50000)
  from space 512K,  18% used [0x00000000f0c50000, 0x00000000f0c67840, 0x00000000f0cd0000)
  to   space 512K,   0% used [0x00000000f0cd0000, 0x00000000f0cd0000, 0x00000000f0d50000)
 concurrent mark-sweep generation total 46008K, used 32400K [0x00000000f5a00000, 0x00000000f86ee000, 0x0000000100000000)
 Metaspace       used 45897K, capacity 47748K, committed 48024K, reserved 1091584K
  class space    used 5806K, capacity 6174K, committed 6296K, reserved 1048576K
2019-10-16T14:16:59.902+0000: 19.754: [GC (Allocation Failure) 2019-10-16T14:16:59.902+0000: 19.754: [ParNew
Desired survivor size 262144 bytes, new threshold 6 (max 6)
- age   1:      11608 bytes,      11608 total
- age   2:      18656 bytes,      30264 total
- age   3:       7456 bytes,      37720 total
- age   4:       4280 bytes,      42000 total
- age   5:       5200 bytes,      47200 total
- age   6:       4968 bytes,      52168 total
: 4510K->62K(4928K), 0.0020054 secs] 36910K->32467K(50936K), 0.0020448 secs] [Times: user=0.00 sys=0.00, real=0.01 secs] 
Heap after GC invocations=695 (full 6):
 par new generation   total 4928K, used 62K [0x00000000f0800000, 0x00000000f0d50000, 0x00000000f5a00000)
  eden space 4416K,   0% used [0x00000000f0800000, 0x00000000f0800000, 0x00000000f0c50000)
  from space 512K,  12% used [0x00000000f0cd0000, 0x00000000f0cdf840, 0x00000000f0d50000)
  to   space 512K,   0% used [0x00000000f0c50000, 0x00000000f0c50000, 0x00000000f0cd0000)
 concurrent mark-sweep generation total 46008K, used 32405K [0x00000000f5a00000, 0x00000000f86ee000, 0x0000000100000000)
 Metaspace       used 45897K, capacity 47748K, committed 48024K, reserved 1091584K
  class space    used 5806K, capacity 6174K, committed 6296K, reserved 1048576K
}
2019-10-16T14:16:59.904+0000: 19.756: Total time for which application threads were stopped: 0.0021514 seconds, Stopping threads took: 0.0000207 seconds
{Heap before GC invocations=695 (full 6):
 par new generation   total 4928K, used 4478K [0x00000000f0800000, 0x00000000f0d50000, 0x00000000f5a00000)
  eden space 4416K, 100% used [0x00000000f0800000, 0x00000000f0c50000, 0x00000000f0c50000)
  from space 512K,  12% used [0x00000000f0cd0000, 0x00000000f0cdf840, 0x00000000f0d50000)
  to   space 512K,   0% used [0x00000000f0c50000, 0x00000000f0c50000, 0x00000000f0cd0000)
 concurrent mark-sweep generation total 46008K, used 32405K [0x00000000f5a00000, 0x00000000f86ee000, 0x0000000100000000)
 Metaspace       used 45936K, capacity 47748K, committed 48024K, reserved 1091584K
  class space    used 5813K, capacity 6174K, committed 6296K, reserved 1048576K
2019-10-16T14:16:59.911+0000: 19.763: [GC (Allocation Failure) 2019-10-16T14:16:59.911+0000: 19.763: [ParNew
Desired survivor size 262144 bytes, new threshold 6 (max 6)
- age   1:      13448 bytes,      13448 total
- age   2:       8976 bytes,      22424 total
- age   3:      17232 bytes,      39656 total
- age   4:       4544 bytes,      44200 total
- age   5:       4280 bytes,      48480 total
- age   6:       5200 bytes,      53680 total
: 4478K->54K(4928K), 0.0015655 secs] 36883K->32464K(50936K), 0.0016073 secs] [Times: user=0.00 sys=0.00, real=0.00 secs] 
Heap after GC invocations=696 (full 6):
 par new generation   total 4928K, used 54K [0x00000000f0800000, 0x00000000f0d50000, 0x00000000f5a00000)
  eden space 4416K,   0% used [0x00000000f0800000, 0x00000000f0800000, 0x00000000f0c50000)
  from space 512K,  10% used [0x00000000f0c50000, 0x00000000f0c5d898, 0x00000000f0cd0000)
  to   space 512K,   0% used [0x00000000f0cd0000, 0x00000000f0cd0000, 0x00000000f0d50000)
 concurrent mark-sweep generation total 46008K, used 32410K [0x00000000f5a00000, 0x00000000f86ee000, 0x0000000100000000)
 Metaspace       used 45936K, capacity 47748K, committed 48024K, reserved 1091584K
  class space    used 5813K, capacity 6174K, committed 6296K, reserved 1048576K
}
2019-10-16T14:16:59.912+0000: 19.764: Total time for which application threads were stopped: 0.0017123 seconds, Stopping threads took: 0.0000190 seconds
{Heap before GC invocations=696 (full 6):
 par new generation   total 4928K, used 4470K [0x00000000f0800000, 0x00000000f0d50000, 0x00000000f5a00000)
  eden space 4416K, 100% used [0x00000000f0800000, 0x00000000f0c50000, 0x00000000f0c50000)
  from space 512K,  10% used [0x00000000f0c50000, 0x00000000f0c5d898, 0x00000000f0cd0000)
  to   space 512K,   0% used [0x00000000f0cd0000, 0x00000000f0cd0000, 0x00000000f0d50000)
 concurrent mark-sweep generation total 46008K, used 32410K [0x00000000f5a00000, 0x00000000f86ee000, 0x0000000100000000)
 Metaspace       used 46031K, capacity 47876K, committed 48280K, reserved 1091584K
  class space    used 5823K, capacity 6174K, committed 6296K, reserved 1048576K
2019-10-16T14:16:59.921+0000: 19.773: [GC (Allocation Failure) 2019-10-16T14:16:59.921+0000: 19.774: [ParNew
Desired survivor size 262144 bytes, new threshold 6 (max 6)
- age   1:      12808 bytes,      12808 total
- age   2:      11016 bytes,      23824 total
- age   3:       6800 bytes,      30624 total
- age   4:      14816 bytes,      45440 total
- age   5:       4544 bytes,      49984 total
- age   6:       4280 bytes,      54264 total
: 4470K->96K(4928K), 0.0015978 secs] 36880K->32512K(50936K), 0.0016324 secs] [Times: user=0.00 sys=0.00, real=0.01 secs] 
Heap after GC invocations=697 (full 6):
 par new generation   total 4928K, used 96K [0x00000000f0800000, 0x00000000f0d50000, 0x00000000f5a00000)
  eden space 4416K,   0% used [0x00000000f0800000, 0x00000000f0800000, 0x00000000f0c50000)
  from space 512K,  18% used [0x00000000f0cd0000, 0x00000000f0ce81c0, 0x00000000f0d50000)
  to   space 512K,   0% used [0x00000000f0c50000, 0x00000000f0c50000, 0x00000000f0cd0000)
 concurrent mark-sweep generation total 46008K, used 32415K [0x00000000f5a00000, 0x00000000f86ee000, 0x0000000100000000)
 Metaspace       used 46031K, capacity 47876K, committed 48280K, reserved 1091584K
  class space    used 5823K, capacity 6174K, committed 6296K, reserved 1048576K
}
2019-10-16T14:16:59.923+0000: 19.775: Total time for which application threads were stopped: 0.0017353 seconds, Stopping threads took: 0.0000197 seconds
{Heap before GC invocations=697 (full 6):
 par new generation   total 4928K, used 4512K [0x00000000f0800000, 0x00000000f0d50000, 0x00000000f5a00000)
  eden space 4416K, 100% used [0x00000000f0800000, 0x00000000f0c50000, 0x00000000f0c50000)
  from space 512K,  18% used [0x00000000f0cd0000, 0x00000000f0ce81c0, 0x00000000f0d50000)
  to   space 512K,   0% used [0x00000000f0c50000, 0x00000000f0c50000, 0x00000000f0cd0000)
 concurrent mark-sweep generation total 46008K, used 32415K [0x00000000f5a00000, 0x00000000f86ee000, 0x0000000100000000)
 Metaspace       used 46061K, capacity 47908K, committed 48280K, reserved 1091584K
  class space    used 5831K, capacity 6206K, committed 6296K, reserved 1048576K
2019-10-16T14:16:59.932+0000: 19.784: [GC (Allocation Failure) 2019-10-16T14:16:59.932+0000: 19.784: [ParNew
Desired survivor size 262144 bytes, new threshold 6 (max 6)
- age   1:      13072 bytes,      13072 total
- age   2:       9256 bytes,      22328 total
- age   3:       9216 bytes,      31544 total
- age   4:       4648 bytes,      36192 total
- age   5:      14816 bytes,      51008 total
- age   6:       4544 bytes,      55552 total
: 4512K->55K(4928K), 0.0016374 secs] 36928K->32475K(50936K), 0.0016822 secs] [Times: user=0.00 sys=0.00, real=0.00 secs] 
Heap after GC invocations=698 (full 6):
 par new generation   total 4928K, used 55K [0x00000000f0800000, 0x00000000f0d50000, 0x00000000f5a00000)
  eden space 4416K,   0% used [0x00000000f0800000, 0x00000000f0800000, 0x00000000f0c50000)
  from space 512K,  10% used [0x00000000f0c50000, 0x00000000f0c5df60, 0x00000000f0cd0000)
  to   space 512K,   0% used [0x00000000f0cd0000, 0x00000000f0cd0000, 0x00000000f0d50000)
 concurrent mark-sweep generation total 46008K, used 32420K [0x00000000f5a00000, 0x00000000f86ee000, 0x0000000100000000)
 Metaspace       used 46061K, capacity 47908K, committed 48280K, reserved 1091584K
  class space    used 5831K, capacity 6206K, committed 6296K, reserved 1048576K
}
2019-10-16T14:16:59.933+0000: 19.785: Total time for which application threads were stopped: 0.0017857 seconds, Stopping threads took: 0.0000201 seconds
{Heap before GC invocations=698 (full 6):
 par new generation   total 4928K, used 4471K [0x00000000f0800000, 0x00000000f0d50000, 0x00000000f5a00000)
  eden space 4416K, 100% used [0x00000000f0800000, 0x00000000f0c50000, 0x00000000f0c50000)
  from space 512K,  10% used [0x00000000f0c50000, 0x00000000f0c5df60, 0x00000000f0cd0000)
  to   space 512K,   0% used [0x00000000f0cd0000, 0x00000000f0cd0000, 0x00000000f0d50000)
 concurrent mark-sweep generation total 46008K, used 32420K [0x00000000f5a00000, 0x00000000f86ee000, 0x0000000100000000)
 Metaspace       used 46090K, capacity 47910K, committed 48280K, reserved 1091584K
  class space    used 5838K, capacity 6207K, committed 6296K, reserved 1048576K
2019-10-16T14:16:59.948+0000: 19.800: [GC (Allocation Failure) 2019-10-16T14:16:59.948+0000: 19.800: [ParNew
Desired survivor size 262144 bytes, new threshold 6 (max 6)
- age   1:      39792 bytes,      39792 total
- age   2:      10640 bytes,      50432 total
- age   3:       6992 bytes,      57424 total
- age   4:       7176 bytes,      64600 total
- age   5:       4648 bytes,      69248 total
- age   6:      14520 bytes,      83768 total
: 4471K->102K(4928K), 0.0021293 secs] 36891K->32527K(50936K), 0.0021806 secs] [Times: user=0.01 sys=0.00, real=0.00 secs] 
Heap after GC invocations=699 (full 6):
 par new generation   total 4928K, used 102K [0x00000000f0800000, 0x00000000f0d50000, 0x00000000f5a00000)
  eden space 4416K,   0% used [0x00000000f0800000, 0x00000000f0800000, 0x00000000f0c50000)
  from space 512K,  20% used [0x00000000f0cd0000, 0x00000000f0ce9ad0, 0x00000000f0d50000)
  to   space 512K,   0% used [0x00000000f0c50000, 0x00000000f0c50000, 0x00000000f0cd0000)
 concurrent mark-sweep generation total 46008K, used 32424K [0x00000000f5a00000, 0x00000000f86ee000, 0x0000000100000000)
 Metaspace       used 46090K, capacity 47910K, committed 48280K, reserved 1091584K
  class space    used 5838K, capacity 6207K, committed 6296K, reserved 1048576K
}
2019-10-16T14:16:59.950+0000: 19.802: Total time for which application threads were stopped: 0.0023043 seconds, Stopping threads took: 0.0000216 seconds
{Heap before GC invocations=699 (full 6):
 par new generation   total 4928K, used 4518K [0x00000000f0800000, 0x00000000f0d50000, 0x00000000f5a00000)
  eden space 4416K, 100% used [0x00000000f0800000, 0x00000000f0c50000, 0x00000000f0c50000)
  from space 512K,  20% used [0x00000000f0cd0000, 0x00000000f0ce9ad0, 0x00000000f0d50000)
  to   space 512K,   0% used [0x00000000f0c50000, 0x00000000f0c50000, 0x00000000f0cd0000)
 concurrent mark-sweep generation total 46008K, used 32424K [0x00000000f5a00000, 0x00000000f86ee000, 0x0000000100000000)
 Metaspace       used 46116K, capacity 47974K, committed 48280K, reserved 1091584K
  class space    used 5843K, capacity 6207K, committed 6296K, reserved 1048576K
2019-10-16T14:16:59.958+0000: 19.810: [GC (Allocation Failure) 2019-10-16T14:16:59.958+0000: 19.810: [ParNew
Desired survivor size 262144 bytes, new threshold 6 (max 6)
- age   1:      12392 bytes,      12392 total
- age   2:      36416 bytes,      48808 total
- age   3:       9064 bytes,      57872 total
- age   4:       5008 bytes,      62880 total
- age   5:       7176 bytes,      70056 total
- age   6:       4648 bytes,      74704 total
: 4518K->132K(4928K), 0.0023572 secs] 36943K->32572K(50936K), 0.0024070 secs] [Times: user=0.01 sys=0.00, real=0.00 secs] 
Heap after GC invocations=700 (full 6):
 par new generation   total 4928K, used 132K [0x00000000f0800000, 0x00000000f0d50000, 0x00000000f5a00000)
  eden space 4416K,   0% used [0x00000000f0800000, 0x00000000f0800000, 0x00000000f0c50000)
  from space 512K,  25% used [0x00000000f0c50000, 0x00000000f0c713c0, 0x00000000f0cd0000)
  to   space 512K,   0% used [0x00000000f0cd0000, 0x00000000f0cd0000, 0x00000000f0d50000)
 concurrent mark-sweep generation total 46008K, used 32439K [0x00000000f5a00000, 0x00000000f86ee000, 0x0000000100000000)
 Metaspace       used 46116K, capacity 47974K, committed 48280K, reserved 1091584K
  class space    used 5843K, capacity 6207K, committed 6296K, reserved 1048576K
}
2019-10-16T14:16:59.960+0000: 19.812: Total time for which application threads were stopped: 0.0025314 seconds, Stopping threads took: 0.0000219 seconds
{Heap before GC invocations=700 (full 6):
 par new generation   total 4928K, used 4548K [0x00000000f0800000, 0x00000000f0d50000, 0x00000000f5a00000)
  eden space 4416K, 100% used [0x00000000f0800000, 0x00000000f0c50000, 0x00000000f0c50000)
  from space 512K,  25% used [0x00000000f0c50000, 0x00000000f0c713c0, 0x00000000f0cd0000)
  to   space 512K,   0% used [0x00000000f0cd0000, 0x00000000f0cd0000, 0x00000000f0d50000)
 concurrent mark-sweep generation total 46008K, used 32439K [0x00000000f5a00000, 0x00000000f86ee000, 0x0000000100000000)
 Metaspace       used 46151K, capacity 47974K, committed 48280K, reserved 1091584K
  class space    used 5850K, capacity 6207K, committed 6296K, reserved 1048576K
2019-10-16T14:16:59.968+0000: 19.820: [GC (Allocation Failure) 2019-10-16T14:16:59.968+0000: 19.820: [ParNew
Desired survivor size 262144 bytes, new threshold 6 (max 6)
- age   1:      13128 bytes,      13128 total
- age   2:       9928 bytes,      23056 total
- age   3:      34864 bytes,      57920 total
- age   4:       6480 bytes,      64400 total
- age   5:       5008 bytes,      69408 total
- age   6:       7176 bytes,      76584 total
: 4548K->87K(4928K), 0.0023011 secs] 36988K->32531K(50936K), 0.0023619 secs] [Times: user=0.01 sys=0.00, real=0.01 secs] 
Heap after GC invocations=701 (full 6):
 par new generation   total 4928K, used 87K [0x00000000f0800000, 0x00000000f0d50000, 0x00000000f5a00000)
  eden space 4416K,   0% used [0x00000000f0800000, 0x00000000f0800000, 0x00000000f0c50000)
  from space 512K,  17% used [0x00000000f0cd0000, 0x00000000f0ce5fd0, 0x00000000f0d50000)
  to   space 512K,   0% used [0x00000000f0c50000, 0x00000000f0c50000, 0x00000000f0cd0000)
 concurrent mark-sweep generation total 46008K, used 32443K [0x00000000f5a00000, 0x00000000f86ee000, 0x0000000100000000)
 Metaspace       used 46151K, capacity 47974K, committed 48280K, reserved 1091584K
  class space    used 5850K, capacity 6207K, committed 6296K, reserved 1048576K
}
2019-10-16T14:16:59.970+0000: 19.822: Total time for which application threads were stopped: 0.0024806 seconds, Stopping threads took: 0.0000228 seconds
{Heap before GC invocations=701 (full 6):
 par new generation   total 4928K, used 4503K [0x00000000f0800000, 0x00000000f0d50000, 0x00000000f5a00000)
  eden space 4416K, 100% used [0x00000000f0800000, 0x00000000f0c50000, 0x00000000f0c50000)
  from space 512K,  17% used [0x00000000f0cd0000, 0x00000000f0ce5fd0, 0x00000000f0d50000)
  to   space 512K,   0% used [0x00000000f0c50000, 0x00000000f0c50000, 0x00000000f0cd0000)
 concurrent mark-sweep generation total 46008K, used 32443K [0x00000000f5a00000, 0x00000000f86ee000, 0x0000000100000000)
 Metaspace       used 46180K, capacity 47974K, committed 48280K, reserved 1091584K
  class space    used 5856K, capacity 6207K, committed 6296K, reserved 1048576K
2019-10-16T14:16:59.977+0000: 19.829: [GC (Allocation Failure) 2019-10-16T14:16:59.977+0000: 19.829: [ParNew
Desired survivor size 262144 bytes, new threshold 6 (max 6)
- age   1:      11432 bytes,      11432 total
- age   2:       9776 bytes,      21208 total
- age   3:       9104 bytes,      30312 total
- age   4:      32384 bytes,      62696 total
- age   5:       6480 bytes,      69176 total
- age   6:       5008 bytes,      74184 total
: 4503K->133K(4928K), 0.0022818 secs] 36947K->32584K(50936K), 0.0023286 secs] [Times: user=0.00 sys=0.00, real=0.00 secs] 
Heap after GC invocations=702 (full 6):
 par new generation   total 4928K, used 133K [0x00000000f0800000, 0x00000000f0d50000, 0x00000000f5a00000)
  eden space 4416K,   0% used [0x00000000f0800000, 0x00000000f0800000, 0x00000000f0c50000)
  from space 512K,  25% used [0x00000000f0c50000, 0x00000000f0c71460, 0x00000000f0cd0000)
  to   space 512K,   0% used [0x00000000f0cd0000, 0x00000000f0cd0000, 0x00000000f0d50000)
 concurrent mark-sweep generation total 46008K, used 32451K [0x00000000f5a00000, 0x00000000f86ee000, 0x0000000100000000)
 Metaspace       used 46180K, capacity 47974K, committed 48280K, reserved 1091584K
  class space    used 5856K, capacity 6207K, committed 6296K, reserved 1048576K
}
2019-10-16T14:16:59.979+0000: 19.831: Total time for which application threads were stopped: 0.0024360 seconds, Stopping threads took: 0.0000202 seconds
{Heap before GC invocations=702 (full 6):
 par new generation   total 4928K, used 4549K [0x00000000f0800000, 0x00000000f0d50000, 0x00000000f5a00000)
  eden space 4416K, 100% used [0x00000000f0800000, 0x00000000f0c50000, 0x00000000f0c50000)
  from space 512K,  25% used [0x00000000f0c50000, 0x00000000f0c71460, 0x00000000f0cd0000)
  to   space 512K,   0% used [0x00000000f0cd0000, 0x00000000f0cd0000, 0x00000000f0d50000)
 concurrent mark-sweep generation total 46008K, used 32451K [0x00000000f5a00000, 0x00000000f86ee000, 0x0000000100000000)
 Metaspace       used 46208K, capacity 48070K, committed 48280K, reserved 1091584K
  class space    used 5862K, capacity 6239K, committed 6296K, reserved 1048576K
2019-10-16T14:16:59.994+0000: 19.846: [GC (Allocation Failure) 2019-10-16T14:16:59.994+0000: 19.846: [ParNew
Desired survivor size 262144 bytes, new threshold 6 (max 6)
- age   1:      11272 bytes,      11272 total
- age   2:       8456 bytes,      19728 total
- age   3:       8376 bytes,      28104 total
- age   4:       6416 bytes,      34520 total
- age   5:      32384 bytes,      66904 total
- age   6:       6480 bytes,      73384 total
: 4549K->87K(4928K), 0.0024167 secs] 37000K->32544K(50936K), 0.0024628 secs] [Times: user=0.00 sys=0.00, real=0.00 secs] 
Heap after GC invocations=703 (full 6):
 par new generation   total 4928K, used 87K [0x00000000f0800000, 0x00000000f0d50000, 0x00000000f5a00000)
  eden space 4416K,   0% used [0x00000000f0800000, 0x00000000f0800000, 0x00000000f0c50000)
  from space 512K,  17% used [0x00000000f0cd0000, 0x00000000f0ce5e70, 0x00000000f0d50000)
  to   space 512K,   0% used [0x00000000f0c50000, 0x00000000f0c50000, 0x00000000f0cd0000)
 concurrent mark-sweep generation total 46008K, used 32456K [0x00000000f5a00000, 0x00000000f86ee000, 0x0000000100000000)
 Metaspace       used 46208K, capacity 48070K, committed 48280K, reserved 1091584K
  class space    used 5862K, capacity 6239K, committed 6296K, reserved 1048576K
}
2019-10-16T14:16:59.997+0000: 19.849: Total time for which application threads were stopped: 0.0025989 seconds, Stopping threads took: 0.0000286 seconds
{Heap before GC invocations=703 (full 6):
 par new generation   total 4928K, used 4503K [0x00000000f0800000, 0x00000000f0d50000, 0x00000000f5a00000)
  eden space 4416K, 100% used [0x00000000f0800000, 0x00000000f0c50000, 0x00000000f0c50000)
  from space 512K,  17% used [0x00000000f0cd0000, 0x00000000f0ce5e70, 0x00000000f0d50000)
  to   space 512K,   0% used [0x00000000f0c50000, 0x00000000f0c50000, 0x00000000f0cd0000)
 concurrent mark-sweep generation total 46008K, used 32456K [0x00000000f5a00000, 0x00000000f86ee000, 0x0000000100000000)
 Metaspace       used 46264K, capacity 48134K, committed 48280K, reserved 1091584K
  class space    used 5875K, capacity 6239K, committed 6296K, reserved 1048576K
2019-10-16T14:17:00.013+0000: 19.866: [GC (Allocation Failure) 2019-10-16T14:17:00.014+0000: 19.866: [ParNew
Desired survivor size 262144 bytes, new threshold 6 (max 6)
- age   1:      39736 bytes,      39736 total
- age   2:       8584 bytes,      48320 total
- age   3:       8008 bytes,      56328 total
- age   4:       5104 bytes,      61432 total
- age   5:       6416 bytes,      67848 total
- age   6:      31808 bytes,      99656 total
: 4503K->128K(4928K), 0.0026053 secs] 36960K->32591K(50936K), 0.0026670 secs] [Times: user=0.00 sys=0.00, real=0.00 secs] 
Heap after GC invocations=704 (full 6):
 par new generation   total 4928K, used 128K [0x00000000f0800000, 0x00000000f0d50000, 0x00000000f5a00000)
  eden space 4416K,   0% used [0x00000000f0800000, 0x00000000f0800000, 0x00000000f0c50000)
  from space 512K,  25% used [0x00000000f0c50000, 0x00000000f0c70250, 0x00000000f0cd0000)
  to   space 512K,   0% used [0x00000000f0cd0000, 0x00000000f0cd0000, 0x00000000f0d50000)
 concurrent mark-sweep generation total 46008K, used 32462K [0x00000000f5a00000, 0x00000000f86ee000, 0x0000000100000000)
 Metaspace       used 46264K, capacity 48134K, committed 48280K, reserved 1091584K
  class space    used 5875K, capacity 6239K, committed 6296K, reserved 1048576K
}
2019-10-16T14:17:00.016+0000: 19.868: Total time for which application threads were stopped: 0.0028064 seconds, Stopping threads took: 0.0000264 seconds
{Heap before GC invocations=704 (full 6):
 par new generation   total 4928K, used 4544K [0x00000000f0800000, 0x00000000f0d50000, 0x00000000f5a00000)
  eden space 4416K, 100% used [0x00000000f0800000, 0x00000000f0c50000, 0x00000000f0c50000)
  from space 512K,  25% used [0x00000000f0c50000, 0x00000000f0c70250, 0x00000000f0cd0000)
  to   space 512K,   0% used [0x00000000f0cd0000, 0x00000000f0cd0000, 0x00000000f0d50000)
 concurrent mark-sweep generation total 46008K, used 32462K [0x00000000f5a00000, 0x00000000f86ee000, 0x0000000100000000)
 Metaspace       used 46297K, capacity 48134K, committed 48280K, reserved 1091584K
  class space    used 5880K, capacity 6239K, committed 6296K, reserved 1048576K
2019-10-16T14:17:00.034+0000: 19.886: [GC (Allocation Failure) 2019-10-16T14:17:00.034+0000: 19.886: [ParNew
Desired survivor size 262144 bytes, new threshold 6 (max 6)
- age   1:      14544 bytes,      14544 total
- age   2:      36600 bytes,      51144 total
- age   3:       7888 bytes,      59032 total
- age   4:       4592 bytes,      63624 total
- age   5:       5104 bytes,      68728 total
- age   6:       6416 bytes,      75144 total
: 4544K->89K(4928K), 0.0027088 secs] 37007K->32584K(50936K), 0.0027827 secs] [Times: user=0.00 sys=0.00, real=0.00 secs] 
Heap after GC invocations=705 (full 6):
 par new generation   total 4928K, used 89K [0x00000000f0800000, 0x00000000f0d50000, 0x00000000f5a00000)
  eden space 4416K,   0% used [0x00000000f0800000, 0x00000000f0800000, 0x00000000f0c50000)
  from space 512K,  17% used [0x00000000f0cd0000, 0x00000000f0ce64d8, 0x00000000f0d50000)
  to   space 512K,   0% used [0x00000000f0c50000, 0x00000000f0c50000, 0x00000000f0cd0000)
 concurrent mark-sweep generation total 46008K, used 32495K [0x00000000f5a00000, 0x00000000f86ee000, 0x0000000100000000)
 Metaspace       used 46297K, capacity 48134K, committed 48280K, reserved 1091584K
  class space    used 5880K, capacity 6239K, committed 6296K, reserved 1048576K
}
2019-10-16T14:17:00.037+0000: 19.889: Total time for which application threads were stopped: 0.0029555 seconds, Stopping threads took: 0.0000386 seconds
{Heap before GC invocations=705 (full 6):
 par new generation   total 4928K, used 4505K [0x00000000f0800000, 0x00000000f0d50000, 0x00000000f5a00000)
  eden space 4416K, 100% used [0x00000000f0800000, 0x00000000f0c50000, 0x00000000f0c50000)
  from space 512K,  17% used [0x00000000f0cd0000, 0x00000000f0ce64d8, 0x00000000f0d50000)
  to   space 512K,   0% used [0x00000000f0c50000, 0x00000000f0c50000, 0x00000000f0cd0000)
 concurrent mark-sweep generation total 46008K, used 32495K [0x00000000f5a00000, 0x00000000f86ee000, 0x0000000100000000)
 Metaspace       used 46324K, capacity 48134K, committed 48280K, reserved 1091584K
  class space    used 5886K, capacity 6239K, committed 6296K, reserved 1048576K
2019-10-16T14:17:00.048+0000: 19.900: [GC (Allocation Failure) 2019-10-16T14:17:00.048+0000: 19.900: [ParNew
Desired survivor size 262144 bytes, new threshold 6 (max 6)
- age   1:      12352 bytes,      12352 total
- age   2:       8360 bytes,      20712 total
- age   3:      36600 bytes,      57312 total
- age   4:       4336 bytes,      61648 total
- age   5:       4592 bytes,      66240 total
- age   6:       5104 bytes,      71344 total
: 4505K->77K(4928K), 0.0025018 secs] 37000K->32578K(50936K), 0.0025563 secs] [Times: user=0.00 sys=0.00, real=0.01 secs] 
Heap after GC invocations=706 (full 6):
 par new generation   total 4928K, used 77K [0x00000000f0800000, 0x00000000f0d50000, 0x00000000f5a00000)
  eden space 4416K,   0% used [0x00000000f0800000, 0x00000000f0800000, 0x00000000f0c50000)
  from space 512K,  15% used [0x00000000f0c50000, 0x00000000f0c63568, 0x00000000f0cd0000)
  to   space 512K,   0% used [0x00000000f0cd0000, 0x00000000f0cd0000, 0x00000000f0d50000)
 concurrent mark-sweep generation total 46008K, used 32501K [0x00000000f5a00000, 0x00000000f86ee000, 0x0000000100000000)
 Metaspace       used 46324K, capacity 48134K, committed 48280K, reserved 1091584K
  class space    used 5886K, capacity 6239K, committed 6296K, reserved 1048576K
}
2019-10-16T14:17:00.051+0000: 19.903: Total time for which application threads were stopped: 0.0026943 seconds, Stopping threads took: 0.0000295 seconds
{Heap before GC invocations=706 (full 6):
 par new generation   total 4928K, used 4493K [0x00000000f0800000, 0x00000000f0d50000, 0x00000000f5a00000)
  eden space 4416K, 100% used [0x00000000f0800000, 0x00000000f0c50000, 0x00000000f0c50000)
  from space 512K,  15% used [0x00000000f0c50000, 0x00000000f0c63568, 0x00000000f0cd0000)
  to   space 512K,   0% used [0x00000000f0cd0000, 0x00000000f0cd0000, 0x00000000f0d50000)
 concurrent mark-sweep generation total 46008K, used 32501K [0x00000000f5a00000, 0x00000000f86ee000, 0x0000000100000000)
 Metaspace       used 46349K, capacity 48198K, committed 48536K, reserved 1091584K
  class space    used 5891K, capacity 6239K, committed 6296K, reserved 1048576K
2019-10-16T14:17:00.066+0000: 19.918: [GC (Allocation Failure) 2019-10-16T14:17:00.066+0000: 19.918: [ParNew
Desired survivor size 262144 bytes, new threshold 6 (max 6)
- age   1:      13168 bytes,      13168 total
- age   2:       9616 bytes,      22784 total
- age   3:       7936 bytes,      30720 total
- age   4:      32696 bytes,      63416 total
- age   5:       4336 bytes,      67752 total
- age   6:       4592 bytes,      72344 total
: 4493K->71K(4928K), 0.0025579 secs] 36994K->32578K(50936K), 0.0026504 secs] [Times: user=0.00 sys=0.00, real=0.00 secs] 
Heap after GC invocations=707 (full 6):
 par new generation   total 4928K, used 71K [0x00000000f0800000, 0x00000000f0d50000, 0x00000000f5a00000)
  eden space 4416K,   0% used [0x00000000f0800000, 0x00000000f0800000, 0x00000000f0c50000)
  from space 512K,  14% used [0x00000000f0cd0000, 0x00000000f0ce1ef8, 0x00000000f0d50000)
  to   space 512K,   0% used [0x00000000f0c50000, 0x00000000f0c50000, 0x00000000f0cd0000)
 concurrent mark-sweep generation total 46008K, used 32506K [0x00000000f5a00000, 0x00000000f86ee000, 0x0000000100000000)
 Metaspace       used 46349K, capacity 48198K, committed 48536K, reserved 1091584K
  class space    used 5891K, capacity 6239K, committed 6296K, reserved 1048576K
}
2019-10-16T14:17:00.068+0000: 19.921: Total time for which application threads were stopped: 0.0028017 seconds, Stopping threads took: 0.0000333 seconds
{Heap before GC invocations=707 (full 6):
 par new generation   total 4928K, used 4487K [0x00000000f0800000, 0x00000000f0d50000, 0x00000000f5a00000)
  eden space 4416K, 100% used [0x00000000f0800000, 0x00000000f0c50000, 0x00000000f0c50000)
  from space 512K,  14% used [0x00000000f0cd0000, 0x00000000f0ce1ef8, 0x00000000f0d50000)
  to   space 512K,   0% used [0x00000000f0c50000, 0x00000000f0c50000, 0x00000000f0cd0000)
 concurrent mark-sweep generation total 46008K, used 32506K [0x00000000f5a00000, 0x00000000f86ee000, 0x0000000100000000)
 Metaspace       used 46376K, capacity 48230K, committed 48536K, reserved 1091584K
  class space    used 5897K, capacity 6271K, committed 6296K, reserved 1048576K
2019-10-16T14:17:00.085+0000: 19.937: [GC (Allocation Failure) 2019-10-16T14:17:00.085+0000: 19.937: [ParNew
Desired survivor size 262144 bytes, new threshold 6 (max 6)
- age   1:      20888 bytes,      20888 total
- age   2:       9560 bytes,      30448 total
- age   3:       9080 bytes,      39528 total
- age   4:       4584 bytes,      44112 total
- age   5:      32680 bytes,      76792 total
- age   6:       4336 bytes,      81128 total
: 4487K->148K(4928K), 0.0025682 secs] 36994K->32659K(50936K), 0.0026324 secs] [Times: user=0.00 sys=0.00, real=0.00 secs] 
Heap after GC invocations=708 (full 6):
 par new generation   total 4928K, used 148K [0x00000000f0800000, 0x00000000f0d50000, 0x00000000f5a00000)
  eden space 4416K,   0% used [0x00000000f0800000, 0x00000000f0800000, 0x00000000f0c50000)
  from space 512K,  29% used [0x00000000f0c50000, 0x00000000f0c75228, 0x00000000f0cd0000)
  to   space 512K,   0% used [0x00000000f0cd0000, 0x00000000f0cd0000, 0x00000000f0d50000)
 concurrent mark-sweep generation total 46008K, used 32511K [0x00000000f5a00000, 0x00000000f86ee000, 0x0000000100000000)
 Metaspace       used 46376K, capacity 48230K, committed 48536K, reserved 1091584K
  class space    used 5897K, capacity 6271K, committed 6296K, reserved 1048576K
}
2019-10-16T14:17:00.088+0000: 19.940: Total time for which application threads were stopped: 0.0084146 seconds, Stopping threads took: 0.0056496 seconds
{Heap before GC invocations=708 (full 6):
 par new generation   total 4928K, used 4564K [0x00000000f0800000, 0x00000000f0d50000, 0x00000000f5a00000)
  eden space 4416K, 100% used [0x00000000f0800000, 0x00000000f0c50000, 0x00000000f0c50000)
  from space 512K,  29% used [0x00000000f0c50000, 0x00000000f0c75228, 0x00000000f0cd0000)
  to   space 512K,   0% used [0x00000000f0cd0000, 0x00000000f0cd0000, 0x00000000f0d50000)
 concurrent mark-sweep generation total 46008K, used 32511K [0x00000000f5a00000, 0x00000000f86ee000, 0x0000000100000000)
 Metaspace       used 46393K, capacity 48230K, committed 48536K, reserved 1091584K
  class space    used 5901K, capacity 6271K, committed 6296K, reserved 1048576K
2019-10-16T14:17:00.098+0000: 19.950: [GC (Allocation Failure) 2019-10-16T14:17:00.098+0000: 19.950: [ParNew
Desired survivor size 262144 bytes, new threshold 6 (max 6)
- age   1:      12960 bytes,      12960 total
- age   2:      10600 bytes,      23560 total
- age   3:       9112 bytes,      32672 total
- age   4:       5472 bytes,      38144 total
- age   5:       4584 bytes,      42728 total
- age   6:      32680 bytes,      75408 total
: 4564K->88K(4928K), 0.0024754 secs] 37075K->32604K(50936K), 0.0025378 secs] [Times: user=0.00 sys=0.00, real=0.00 secs] 
Heap after GC invocations=709 (full 6):
 par new generation   total 4928K, used 88K [0x00000000f0800000, 0x00000000f0d50000, 0x00000000f5a00000)
  eden space 4416K,   0% used [0x00000000f0800000, 0x00000000f0800000, 0x00000000f0c50000)
  from space 512K,  17% used [0x00000000f0cd0000, 0x00000000f0ce6228, 0x00000000f0d50000)
  to   space 512K,   0% used [0x00000000f0c50000, 0x00000000f0c50000, 0x00000000f0cd0000)
 concurrent mark-sweep generation total 46008K, used 32515K [0x00000000f5a00000, 0x00000000f86ee000, 0x0000000100000000)
 Metaspace       used 46393K, capacity 48230K, committed 48536K, reserved 1091584K
  class space    used 5901K, capacity 6271K, committed 6296K, reserved 1048576K
}
2019-10-16T14:17:00.101+0000: 19.953: Total time for which application threads were stopped: 0.0026881 seconds, Stopping threads took: 0.0000331 seconds
{Heap before GC invocations=709 (full 6):
 par new generation   total 4928K, used 4504K [0x00000000f0800000, 0x00000000f0d50000, 0x00000000f5a00000)
  eden space 4416K, 100% used [0x00000000f0800000, 0x00000000f0c50000, 0x00000000f0c50000)
  from space 512K,  17% used [0x00000000f0cd0000, 0x00000000f0ce6228, 0x00000000f0d50000)
  to   space 512K,   0% used [0x00000000f0c50000, 0x00000000f0c50000, 0x00000000f0cd0000)
 concurrent mark-sweep generation total 46008K, used 32515K [0x00000000f5a00000, 0x00000000f86ee000, 0x0000000100000000)
 Metaspace       used 46415K, capacity 48230K, committed 48536K, reserved 1091584K
  class space    used 5908K, capacity 6271K, committed 6296K, reserved 1048576K
2019-10-16T14:17:00.116+0000: 19.968: [GC (Allocation Failure) 2019-10-16T14:17:00.116+0000: 19.968: [ParNew
Desired survivor size 262144 bytes, new threshold 6 (max 6)
- age   1:      22616 bytes,      22616 total
- age   2:      10256 bytes,      32872 total
- age   3:      10488 bytes,      43360 total
- age   4:       5320 bytes,      48680 total
- age   5:       5472 bytes,      54152 total
- age   6:       4584 bytes,      58736 total
: 4504K->66K(4928K), 0.0025105 secs] 37020K->32603K(50936K), 0.0025649 secs] [Times: user=0.01 sys=0.00, real=0.00 secs] 
Heap after GC invocations=710 (full 6):
 par new generation   total 4928K, used 66K [0x00000000f0800000, 0x00000000f0d50000, 0x00000000f5a00000)
  eden space 4416K,   0% used [0x00000000f0800000, 0x00000000f0800000, 0x00000000f0c50000)
  from space 512K,  12% used [0x00000000f0c50000, 0x00000000f0c60988, 0x00000000f0cd0000)
  to   space 512K,   0% used [0x00000000f0cd0000, 0x00000000f0cd0000, 0x00000000f0d50000)
 concurrent mark-sweep generation total 46008K, used 32537K [0x00000000f5a00000, 0x00000000f86ee000, 0x0000000100000000)
 Metaspace       used 46415K, capacity 48230K, committed 48536K, reserved 1091584K
  class space    used 5908K, capacity 6271K, committed 6296K, reserved 1048576K
}
2019-10-16T14:17:00.118+0000: 19.970: Total time for which application threads were stopped: 0.0027129 seconds, Stopping threads took: 0.0000285 seconds
{Heap before GC invocations=710 (full 6):
 par new generation   total 4928K, used 4482K [0x00000000f0800000, 0x00000000f0d50000, 0x00000000f5a00000)
  eden space 4416K, 100% used [0x00000000f0800000, 0x00000000f0c50000, 0x00000000f0c50000)
  from space 512K,  12% used [0x00000000f0c50000, 0x00000000f0c60988, 0x00000000f0cd0000)
  to   space 512K,   0% used [0x00000000f0cd0000, 0x00000000f0cd0000, 0x00000000f0d50000)
 concurrent mark-sweep generation total 46008K, used 32537K [0x00000000f5a00000, 0x00000000f86ee000, 0x0000000100000000)
 Metaspace       used 46443K, capacity 48294K, committed 48536K, reserved 1091584K
  class space    used 5912K, capacity 6271K, committed 6296K, reserved 1048576K
2019-10-16T14:17:00.130+0000: 19.982: [GC (Allocation Failure) 2019-10-16T14:17:00.130+0000: 19.982: [ParNew
Desired survivor size 262144 bytes, new threshold 6 (max 6)
- age   1:      12848 bytes,      12848 total
- age   2:      18856 bytes,      31704 total
- age   3:       9648 bytes,      41352 total
- age   4:       6584 bytes,      47936 total
- age   5:       5320 bytes,      53256 total
- age   6:       5472 bytes,      58728 total
: 4482K->59K(4928K), 0.0024479 secs] 37019K->32601K(50936K), 0.0025116 secs] [Times: user=0.01 sys=0.00, real=0.01 secs] 
Heap after GC invocations=711 (full 6):
 par new generation   total 4928K, used 59K [0x00000000f0800000, 0x00000000f0d50000, 0x00000000f5a00000)
  eden space 4416K,   0% used [0x00000000f0800000, 0x00000000f0800000, 0x00000000f0c50000)
  from space 512K,  11% used [0x00000000f0cd0000, 0x00000000f0cdee80, 0x00000000f0d50000)
  to   space 512K,   0% used [0x00000000f0c50000, 0x00000000f0c50000, 0x00000000f0cd0000)
 concurrent mark-sweep generation total 46008K, used 32542K [0x00000000f5a00000, 0x00000000f86ee000, 0x0000000100000000)
 Metaspace       used 46443K, capacity 48294K, committed 48536K, reserved 1091584K
  class space    used 5912K, capacity 6271K, committed 6296K, reserved 1048576K
}
2019-10-16T14:17:00.133+0000: 19.985: Total time for which application threads were stopped: 0.0026681 seconds, Stopping threads took: 0.0000279 seconds
{Heap before GC invocations=711 (full 6):
 par new generation   total 4928K, used 4475K [0x00000000f0800000, 0x00000000f0d50000, 0x00000000f5a00000)
  eden space 4416K, 100% used [0x00000000f0800000, 0x00000000f0c50000, 0x00000000f0c50000)
  from space 512K,  11% used [0x00000000f0cd0000, 0x00000000f0cdee80, 0x00000000f0d50000)
  to   space 512K,   0% used [0x00000000f0c50000, 0x00000000f0c50000, 0x00000000f0cd0000)
 concurrent mark-sweep generation total 46008K, used 32542K [0x00000000f5a00000, 0x00000000f86ee000, 0x0000000100000000)
 Metaspace       used 46488K, capacity 48294K, committed 48536K, reserved 1091584K
  class space    used 5922K, capacity 6271K, committed 6296K, reserved 1048576K
2019-10-16T14:17:00.148+0000: 20.000: [GC (Allocation Failure) 2019-10-16T14:17:00.148+0000: 20.000: [ParNew
Desired survivor size 262144 bytes, new threshold 6 (max 6)
- age   1:      13504 bytes,      13504 total
- age   2:       9976 bytes,      23480 total
- age   3:      18416 bytes,      41896 total
- age   4:       6376 bytes,      48272 total
- age   5:       6584 bytes,      54856 total
- age   6:       5320 bytes,      60176 total
: 4475K->114K(4928K), 0.0025049 secs] 37017K->32662K(50936K), 0.0025597 secs] [Times: user=0.00 sys=0.00, real=0.01 secs] 
Heap after GC invocations=712 (full 6):
 par new generation   total 4928K, used 114K [0x00000000f0800000, 0x00000000f0d50000, 0x00000000f5a00000)
  eden space 4416K,   0% used [0x00000000f0800000, 0x00000000f0800000, 0x00000000f0c50000)
  from space 512K,  22% used [0x00000000f0c50000, 0x00000000f0c6caf0, 0x00000000f0cd0000)
  to   space 512K,   0% used [0x00000000f0cd0000, 0x00000000f0cd0000, 0x00000000f0d50000)
 concurrent mark-sweep generation total 46008K, used 32547K [0x00000000f5a00000, 0x00000000f86ee000, 0x0000000100000000)
 Metaspace       used 46488K, capacity 48294K, committed 48536K, reserved 1091584K
  class space    used 5922K, capacity 6271K, committed 6296K, reserved 1048576K
}
2019-10-16T14:17:00.151+0000: 20.003: Total time for which application threads were stopped: 0.0027071 seconds, Stopping threads took: 0.0000282 seconds
{Heap before GC invocations=712 (full 6):
 par new generation   total 4928K, used 4530K [0x00000000f0800000, 0x00000000f0d50000, 0x00000000f5a00000)
  eden space 4416K, 100% used [0x00000000f0800000, 0x00000000f0c50000, 0x00000000f0c50000)
  from space 512K,  22% used [0x00000000f0c50000, 0x00000000f0c6caf0, 0x00000000f0cd0000)
  to   space 512K,   0% used [0x00000000f0cd0000, 0x00000000f0cd0000, 0x00000000f0d50000)
 concurrent mark-sweep generation total 46008K, used 32547K [0x00000000f5a00000, 0x00000000f86ee000, 0x0000000100000000)
 Metaspace       used 46508K, capacity 48326K, committed 48664K, reserved 1091584K
  class space    used 5927K, capacity 6303K, committed 6424K, reserved 1048576K
2019-10-16T14:17:00.165+0000: 20.017: [GC (Allocation Failure) 2019-10-16T14:17:00.165+0000: 20.017: [ParNew
Desired survivor size 262144 bytes, new threshold 6 (max 6)
- age   1:      44720 bytes,      44720 total
- age   2:      10336 bytes,      55056 total
- age   3:       9528 bytes,      64584 total
- age   4:      14744 bytes,      79328 total
- age   5:       6376 bytes,      85704 total
- age   6:       6584 bytes,      92288 total
: 4530K->108K(4928K), 0.0025487 secs] 37078K->32661K(50936K), 0.0026095 secs] [Times: user=0.00 sys=0.00, real=0.00 secs] 
Heap after GC invocations=713 (full 6):
 par new generation   total 4928K, used 108K [0x00000000f0800000, 0x00000000f0d50000, 0x00000000f5a00000)
  eden space 4416K,   0% used [0x00000000f0800000, 0x00000000f0800000, 0x00000000f0c50000)
  from space 512K,  21% used [0x00000000f0cd0000, 0x00000000f0ceb258, 0x00000000f0d50000)
  to   space 512K,   0% used [0x00000000f0c50000, 0x00000000f0c50000, 0x00000000f0cd0000)
 concurrent mark-sweep generation total 46008K, used 32553K [0x00000000f5a00000, 0x00000000f86ee000, 0x0000000100000000)
 Metaspace       used 46508K, capacity 48326K, committed 48664K, reserved 1091584K
  class space    used 5927K, capacity 6303K, committed 6424K, reserved 1048576K
}
2019-10-16T14:17:00.168+0000: 20.020: Total time for which application threads were stopped: 0.0027373 seconds, Stopping threads took: 0.0000263 seconds
{Heap before GC invocations=713 (full 6):
 par new generation   total 4928K, used 4524K [0x00000000f0800000, 0x00000000f0d50000, 0x00000000f5a00000)
  eden space 4416K, 100% used [0x00000000f0800000, 0x00000000f0c50000, 0x00000000f0c50000)
  from space 512K,  21% used [0x00000000f0cd0000, 0x00000000f0ceb258, 0x00000000f0d50000)
  to   space 512K,   0% used [0x00000000f0c50000, 0x00000000f0c50000, 0x00000000f0cd0000)
 concurrent mark-sweep generation total 46008K, used 32553K [0x00000000f5a00000, 0x00000000f86ee000, 0x0000000100000000)
 Metaspace       used 46558K, capacity 48390K, committed 48664K, reserved 1091584K
  class space    used 5939K, capacity 6303K, committed 6424K, reserved 1048576K
2019-10-16T14:17:00.187+0000: 20.039: [GC (Allocation Failure) 2019-10-16T14:17:00.187+0000: 20.040: [ParNew
Desired survivor size 262144 bytes, new threshold 6 (max 6)
- age   1:      28680 bytes,      28680 total
- age   2:      37352 bytes,      66032 total
- age   3:      10336 bytes,      76368 total
- age   4:       5768 bytes,      82136 total
- age   5:      14728 bytes,      96864 total
- age   6:       6328 bytes,     103192 total
: 4524K->152K(4928K), 0.0025788 secs] 37077K->32712K(50936K), 0.0026305 secs] [Times: user=0.00 sys=0.00, real=0.00 secs] 
Heap after GC invocations=714 (full 6):
 par new generation   total 4928K, used 152K [0x00000000f0800000, 0x00000000f0d50000, 0x00000000f5a00000)
  eden space 4416K,   0% used [0x00000000f0800000, 0x00000000f0800000, 0x00000000f0c50000)
  from space 512K,  29% used [0x00000000f0c50000, 0x00000000f0c76230, 0x00000000f0cd0000)
  to   space 512K,   0% used [0x00000000f0cd0000, 0x00000000f0cd0000, 0x00000000f0d50000)
 concurrent mark-sweep generation total 46008K, used 32560K [0x00000000f5a00000, 0x00000000f86ee000, 0x0000000100000000)
 Metaspace       used 46558K, capacity 48390K, committed 48664K, reserved 1091584K
  class space    used 5939K, capacity 6303K, committed 6424K, reserved 1048576K
}
2019-10-16T14:17:00.190+0000: 20.042: Total time for which application threads were stopped: 0.0027591 seconds, Stopping threads took: 0.0000263 seconds
{Heap before GC invocations=714 (full 6):
 par new generation   total 4928K, used 4568K [0x00000000f0800000, 0x00000000f0d50000, 0x00000000f5a00000)
  eden space 4416K, 100% used [0x00000000f0800000, 0x00000000f0c50000, 0x00000000f0c50000)
  from space 512K,  29% used [0x00000000f0c50000, 0x00000000f0c76230, 0x00000000f0cd0000)
  to   space 512K,   0% used [0x00000000f0cd0000, 0x00000000f0cd0000, 0x00000000f0d50000)
 concurrent mark-sweep generation total 46008K, used 32560K [0x00000000f5a00000, 0x00000000f86ee000, 0x0000000100000000)
 Metaspace       used 46579K, capacity 48390K, committed 48664K, reserved 1091584K
  class space    used 5944K, capacity 6303K, committed 6424K, reserved 1048576K
2019-10-16T14:17:00.205+0000: 20.057: [GC (Allocation Failure) 2019-10-16T14:17:00.205+0000: 20.057: [ParNew
Desired survivor size 262144 bytes, new threshold 6 (max 6)
- age   1:      11048 bytes,      11048 total
- age   2:      25064 bytes,      36112 total
- age   3:      37320 bytes,      73432 total
- age   4:       6456 bytes,      79888 total
- age   5:       5768 bytes,      85656 total
- age   6:      14696 bytes,     100352 total
: 4568K->188K(4928K), 0.0025778 secs] 37128K->32754K(50936K), 0.0026401 secs] [Times: user=0.00 sys=0.00, real=0.00 secs] 
Heap after GC invocations=715 (full 6):
 par new generation   total 4928K, used 188K [0x00000000f0800000, 0x00000000f0d50000, 0x00000000f5a00000)
  eden space 4416K,   0% used [0x00000000f0800000, 0x00000000f0800000, 0x00000000f0c50000)
  from space 512K,  36% used [0x00000000f0cd0000, 0x00000000f0cff150, 0x00000000f0d50000)
  to   space 512K,   0% used [0x00000000f0c50000, 0x00000000f0c50000, 0x00000000f0cd0000)
 concurrent mark-sweep generation total 46008K, used 32566K [0x00000000f5a00000, 0x00000000f86ee000, 0x0000000100000000)
 Metaspace       used 46579K, capacity 48390K, committed 48664K, reserved 1091584K
  class space    used 5944K, capacity 6303K, committed 6424K, reserved 1048576K
}
2019-10-16T14:17:00.207+0000: 20.059: Total time for which application threads were stopped: 0.0027736 seconds, Stopping threads took: 0.0000297 seconds
{Heap before GC invocations=715 (full 6):
 par new generation   total 4928K, used 4604K [0x00000000f0800000, 0x00000000f0d50000, 0x00000000f5a00000)
  eden space 4416K, 100% used [0x00000000f0800000, 0x00000000f0c50000, 0x00000000f0c50000)
  from space 512K,  36% used [0x00000000f0cd0000, 0x00000000f0cff150, 0x00000000f0d50000)
  to   space 512K,   0% used [0x00000000f0c50000, 0x00000000f0c50000, 0x00000000f0cd0000)
 concurrent mark-sweep generation total 46008K, used 32566K [0x00000000f5a00000, 0x00000000f86ee000, 0x0000000100000000)
 Metaspace       used 46600K, capacity 48454K, committed 48664K, reserved 1091584K
  class space    used 5949K, capacity 6303K, committed 6424K, reserved 1048576K
2019-10-16T14:17:00.218+0000: 20.070: [GC (Allocation Failure) 2019-10-16T14:17:00.218+0000: 20.070: [ParNew
Desired survivor size 262144 bytes, new threshold 6 (max 6)
- age   1:      12208 bytes,      12208 total
- age   2:       8792 bytes,      21000 total
- age   3:      24568 bytes,      45568 total
- age   4:      32712 bytes,      78280 total
- age   5:       6456 bytes,      84736 total
- age   6:       5768 bytes,      90504 total
: 4604K->120K(4928K), 0.0024090 secs] 37170K->32701K(50936K), 0.0024584 secs] [Times: user=0.00 sys=0.00, real=0.00 secs] 
Heap after GC invocations=716 (full 6):
 par new generation   total 4928K, used 120K [0x00000000f0800000, 0x00000000f0d50000, 0x00000000f5a00000)
  eden space 4416K,   0% used [0x00000000f0800000, 0x00000000f0800000, 0x00000000f0c50000)
  from space 512K,  23% used [0x00000000f0c50000, 0x00000000f0c6e2f0, 0x00000000f0cd0000)
  to   space 512K,   0% used [0x00000000f0cd0000, 0x00000000f0cd0000, 0x00000000f0d50000)
 concurrent mark-sweep generation total 46008K, used 32581K [0x00000000f5a00000, 0x00000000f86ee000, 0x0000000100000000)
 Metaspace       used 46600K, capacity 48454K, committed 48664K, reserved 1091584K
  class space    used 5949K, capacity 6303K, committed 6424K, reserved 1048576K
}
2019-10-16T14:17:00.221+0000: 20.073: Total time for which application threads were stopped: 0.0025809 seconds, Stopping threads took: 0.0000260 seconds
{Heap before GC invocations=716 (full 6):
 par new generation   total 4928K, used 4536K [0x00000000f0800000, 0x00000000f0d50000, 0x00000000f5a00000)
  eden space 4416K, 100% used [0x00000000f0800000, 0x00000000f0c50000, 0x00000000f0c50000)
  from space 512K,  23% used [0x00000000f0c50000, 0x00000000f0c6e2f0, 0x00000000f0cd0000)
  to   space 512K,   0% used [0x00000000f0cd0000, 0x00000000f0cd0000, 0x00000000f0d50000)
 concurrent mark-sweep generation total 46008K, used 32581K [0x00000000f5a00000, 0x00000000f86ee000, 0x0000000100000000)
 Metaspace       used 46629K, capacity 48454K, committed 48664K, reserved 1091584K
  class space    used 5955K, capacity 6303K, committed 6424K, reserved 1048576K
2019-10-16T14:17:00.238+0000: 20.090: [GC (Allocation Failure) 2019-10-16T14:17:00.238+0000: 20.090: [ParNew
Desired survivor size 262144 bytes, new threshold 6 (max 6)
- age   1:      39808 bytes,      39808 total
- age   2:       9416 bytes,      49224 total
- age   3:       7928 bytes,      57152 total
- age   4:      20928 bytes,      78080 total
- age   5:      32712 bytes,     110792 total
- age   6:       6456 bytes,     117248 total
: 4536K->162K(4928K), 0.0025024 secs] 37117K->32749K(50936K), 0.0025672 secs] [Times: user=0.00 sys=0.00, real=0.00 secs] 
Heap after GC invocations=717 (full 6):
 par new generation   total 4928K, used 162K [0x00000000f0800000, 0x00000000f0d50000, 0x00000000f5a00000)
  eden space 4416K,   0% used [0x00000000f0800000, 0x00000000f0800000, 0x00000000f0c50000)
  from space 512K,  31% used [0x00000000f0cd0000, 0x00000000f0cf8850, 0x00000000f0d50000)
  to   space 512K,   0% used [0x00000000f0c50000, 0x00000000f0c50000, 0x00000000f0cd0000)
 concurrent mark-sweep generation total 46008K, used 32586K [0x00000000f5a00000, 0x00000000f86ee000, 0x0000000100000000)
 Metaspace       used 46629K, capacity 48454K, committed 48664K, reserved 1091584K
  class space    used 5955K, capacity 6303K, committed 6424K, reserved 1048576K
}
2019-10-16T14:17:00.241+0000: 20.093: Total time for which application threads were stopped: 0.0027040 seconds, Stopping threads took: 0.0000307 seconds
{Heap before GC invocations=717 (full 6):
 par new generation   total 4928K, used 4578K [0x00000000f0800000, 0x00000000f0d50000, 0x00000000f5a00000)
  eden space 4416K, 100% used [0x00000000f0800000, 0x00000000f0c50000, 0x00000000f0c50000)
  from space 512K,  31% used [0x00000000f0cd0000, 0x00000000f0cf8850, 0x00000000f0d50000)
  to   space 512K,   0% used [0x00000000f0c50000, 0x00000000f0c50000, 0x00000000f0cd0000)
 concurrent mark-sweep generation total 46008K, used 32586K [0x00000000f5a00000, 0x00000000f86ee000, 0x0000000100000000)
 Metaspace       used 46689K, capacity 48550K, committed 48920K, reserved 1091584K
  class space    used 5961K, capacity 6335K, committed 6424K, reserved 1048576K
2019-10-16T14:17:00.255+0000: 20.107: [GC (Allocation Failure) 2019-10-16T14:17:00.255+0000: 20.107: [ParNew
Desired survivor size 262144 bytes, new threshold 6 (max 6)
- age   1:      22944 bytes,      22944 total
- age   2:      36072 bytes,      59016 total
- age   3:       9416 bytes,      68432 total
- age   4:       7928 bytes,      76360 total
- age   5:      20928 bytes,      97288 total
- age   6:      32712 bytes,     130000 total
: 4578K->211K(4928K), 0.0027418 secs] 37165K->32805K(50936K), 0.0027954 secs] [Times: user=0.01 sys=0.00, real=0.00 secs] 
Heap after GC invocations=718 (full 6):
 par new generation   total 4928K, used 211K [0x00000000f0800000, 0x00000000f0d50000, 0x00000000f5a00000)
  eden space 4416K,   0% used [0x00000000f0800000, 0x00000000f0800000, 0x00000000f0c50000)
  from space 512K,  41% used [0x00000000f0c50000, 0x00000000f0c84f10, 0x00000000f0cd0000)
  to   space 512K,   0% used [0x00000000f0cd0000, 0x00000000f0cd0000, 0x00000000f0d50000)
 concurrent mark-sweep generation total 46008K, used 32593K [0x00000000f5a00000, 0x00000000f86ee000, 0x0000000100000000)
 Metaspace       used 46689K, capacity 48550K, committed 48920K, reserved 1091584K
  class space    used 5961K, capacity 6335K, committed 6424K, reserved 1048576K
}
2019-10-16T14:17:00.257+0000: 20.110: Total time for which application threads were stopped: 0.0029473 seconds, Stopping threads took: 0.0000291 seconds
{Heap before GC invocations=718 (full 6):
 par new generation   total 4928K, used 4627K [0x00000000f0800000, 0x00000000f0d50000, 0x00000000f5a00000)
  eden space 4416K, 100% used [0x00000000f0800000, 0x00000000f0c50000, 0x00000000f0c50000)
  from space 512K,  41% used [0x00000000f0c50000, 0x00000000f0c84f10, 0x00000000f0cd0000)
  to   space 512K,   0% used [0x00000000f0cd0000, 0x00000000f0cd0000, 0x00000000f0d50000)
 concurrent mark-sweep generation total 46008K, used 32593K [0x00000000f5a00000, 0x00000000f86ee000, 0x0000000100000000)
 Metaspace       used 46750K, capacity 48614K, committed 48920K, reserved 1091584K
  class space    used 5969K, capacity 6335K, committed 6424K, reserved 1048576K
2019-10-16T14:17:00.280+0000: 20.132: [GC (Allocation Failure) 2019-10-16T14:17:00.280+0000: 20.132: [ParNew
Desired survivor size 262144 bytes, new threshold 6 (max 6)
- age   1:      24688 bytes,      24688 total
- age   2:      16832 bytes,      41520 total
- age   3:      36072 bytes,      77592 total
- age   4:       8896 bytes,      86488 total
- age   5:       7928 bytes,      94416 total
- age   6:      20928 bytes,     115344 total
: 4627K->148K(4928K), 0.0028540 secs] 37221K->32774K(50936K), 0.0029153 secs] [Times: user=0.00 sys=0.00, real=0.01 secs] 
Heap after GC invocations=719 (full 6):
 par new generation   total 4928K, used 148K [0x00000000f0800000, 0x00000000f0d50000, 0x00000000f5a00000)
  eden space 4416K,   0% used [0x00000000f0800000, 0x00000000f0800000, 0x00000000f0c50000)
  from space 512K,  28% used [0x00000000f0cd0000, 0x00000000f0cf5130, 0x00000000f0d50000)
  to   space 512K,   0% used [0x00000000f0c50000, 0x00000000f0c50000, 0x00000000f0cd0000)
 concurrent mark-sweep generation total 46008K, used 32626K [0x00000000f5a00000, 0x00000000f86ee000, 0x0000000100000000)
 Metaspace       used 46750K, capacity 48614K, committed 48920K, reserved 1091584K
  class space    used 5969K, capacity 6335K, committed 6424K, reserved 1048576K
}
2019-10-16T14:17:00.283+0000: 20.135: Total time for which application threads were stopped: 0.0030712 seconds, Stopping threads took: 0.0000277 seconds
{Heap before GC invocations=719 (full 6):
 par new generation   total 4928K, used 4560K [0x00000000f0800000, 0x00000000f0d50000, 0x00000000f5a00000)
  eden space 4416K,  99% used [0x00000000f0800000, 0x00000000f0c4f078, 0x00000000f0c50000)
  from space 512K,  28% used [0x00000000f0cd0000, 0x00000000f0cf5130, 0x00000000f0d50000)
  to   space 512K,   0% used [0x00000000f0c50000, 0x00000000f0c50000, 0x00000000f0cd0000)
 concurrent mark-sweep generation total 46008K, used 32626K [0x00000000f5a00000, 0x00000000f86ee000, 0x0000000100000000)
 Metaspace       used 46804K, capacity 48614K, committed 48920K, reserved 1091584K
  class space    used 5977K, capacity 6335K, committed 6424K, reserved 1048576K
2019-10-16T14:17:00.300+0000: 20.152: [GC (Allocation Failure) 2019-10-16T14:17:00.300+0000: 20.152: [ParNew
Desired survivor size 262144 bytes, new threshold 6 (max 6)
- age   1:      27944 bytes,      27944 total
- age   2:      16560 bytes,      44504 total
- age   3:      14248 bytes,      58752 total
- age   4:      36072 bytes,      94824 total
- age   5:       8896 bytes,     103720 total
- age   6:       7928 bytes,     111648 total
: 4560K->204K(4928K), 0.0028055 secs] 37186K->32852K(50936K), 0.0028597 secs] [Times: user=0.00 sys=0.00, real=0.01 secs] 
Heap after GC invocations=720 (full 6):
 par new generation   total 4928K, used 204K [0x00000000f0800000, 0x00000000f0d50000, 0x00000000f5a00000)
  eden space 4416K,   0% used [0x00000000f0800000, 0x00000000f0800000, 0x00000000f0c50000)
  from space 512K,  40% used [0x00000000f0c50000, 0x00000000f0c833e0, 0x00000000f0cd0000)
  to   space 512K,   0% used [0x00000000f0cd0000, 0x00000000f0cd0000, 0x00000000f0d50000)
 concurrent mark-sweep generation total 46008K, used 32647K [0x00000000f5a00000, 0x00000000f86ee000, 0x0000000100000000)
 Metaspace       used 46804K, capacity 48614K, committed 48920K, reserved 1091584K
  class space    used 5977K, capacity 6335K, committed 6424K, reserved 1048576K
}
2019-10-16T14:17:00.303+0000: 20.155: Total time for which application threads were stopped: 0.0030020 seconds, Stopping threads took: 0.0000259 seconds
{Heap before GC invocations=720 (full 6):
 par new generation   total 4928K, used 4620K [0x00000000f0800000, 0x00000000f0d50000, 0x00000000f5a00000)
  eden space 4416K, 100% used [0x00000000f0800000, 0x00000000f0c50000, 0x00000000f0c50000)
  from space 512K,  40% used [0x00000000f0c50000, 0x00000000f0c833e0, 0x00000000f0cd0000)
  to   space 512K,   0% used [0x00000000f0cd0000, 0x00000000f0cd0000, 0x00000000f0d50000)
 concurrent mark-sweep generation total 46008K, used 32647K [0x00000000f5a00000, 0x00000000f86ee000, 0x0000000100000000)
 Metaspace       used 46891K, capacity 48684K, committed 48920K, reserved 1091584K
  class space    used 5987K, capacity 6336K, committed 6424K, reserved 1048576K
2019-10-16T14:17:00.322+0000: 20.174: [GC (Allocation Failure) 2019-10-16T14:17:00.322+0000: 20.174: [ParNew
Desired survivor size 262144 bytes, new threshold 6 (max 6)
- age   1:      19592 bytes,      19592 total
- age   2:      20480 bytes,      40072 total
- age   3:      14664 bytes,      54736 total
- age   4:      14248 bytes,      68984 total
- age   5:      36072 bytes,     105056 total
- age   6:       8896 bytes,     113952 total
: 4620K->132K(4928K), 0.0026930 secs] 37268K->32787K(50936K), 0.0027547 secs] [Times: user=0.01 sys=0.00, real=0.00 secs] 
Heap after GC invocations=721 (full 6):
 par new generation   total 4928K, used 132K [0x00000000f0800000, 0x00000000f0d50000, 0x00000000f5a00000)
  eden space 4416K,   0% used [0x00000000f0800000, 0x00000000f0800000, 0x00000000f0c50000)
  from space 512K,  25% used [0x00000000f0cd0000, 0x00000000f0cf1218, 0x00000000f0d50000)
  to   space 512K,   0% used [0x00000000f0c50000, 0x00000000f0c50000, 0x00000000f0cd0000)
 concurrent mark-sweep generation total 46008K, used 32655K [0x00000000f5a00000, 0x00000000f86ee000, 0x0000000100000000)
 Metaspace       used 46891K, capacity 48684K, committed 48920K, reserved 1091584K
  class space    used 5987K, capacity 6336K, committed 6424K, reserved 1048576K
}
2019-10-16T14:17:00.325+0000: 20.177: Total time for which application threads were stopped: 0.0028967 seconds, Stopping threads took: 0.0000377 seconds
{Heap before GC invocations=721 (full 6):
 par new generation   total 4928K, used 4548K [0x00000000f0800000, 0x00000000f0d50000, 0x00000000f5a00000)
  eden space 4416K, 100% used [0x00000000f0800000, 0x00000000f0c50000, 0x00000000f0c50000)
  from space 512K,  25% used [0x00000000f0cd0000, 0x00000000f0cf1218, 0x00000000f0d50000)
  to   space 512K,   0% used [0x00000000f0c50000, 0x00000000f0c50000, 0x00000000f0cd0000)
 concurrent mark-sweep generation total 46008K, used 32655K [0x00000000f5a00000, 0x00000000f86ee000, 0x0000000100000000)
 Metaspace       used 46932K, capacity 48684K, committed 48920K, reserved 1091584K
  class space    used 5994K, capacity 6336K, committed 6424K, reserved 1048576K
2019-10-16T14:17:00.347+0000: 20.199: [GC (Allocation Failure) 2019-10-16T14:17:00.347+0000: 20.199: [ParNew
Desired survivor size 262144 bytes, new threshold 6 (max 6)
- age   1:      31872 bytes,      31872 total
- age   2:      15744 bytes,      47616 total
- age   3:      15256 bytes,      62872 total
- age   4:      14664 bytes,      77536 total
- age   5:      14248 bytes,      91784 total
- age   6:      25432 bytes,     117216 total
: 4548K->199K(4928K), 0.0027739 secs] 37203K->32863K(50936K), 0.0028269 secs] [Times: user=0.00 sys=0.00, real=0.00 secs] 
Heap after GC invocations=722 (full 6):
 par new generation   total 4928K, used 199K [0x00000000f0800000, 0x00000000f0d50000, 0x00000000f5a00000)
  eden space 4416K,   0% used [0x00000000f0800000, 0x00000000f0800000, 0x00000000f0c50000)
  from space 512K,  38% used [0x00000000f0c50000, 0x00000000f0c81c40, 0x00000000f0cd0000)
  to   space 512K,   0% used [0x00000000f0cd0000, 0x00000000f0cd0000, 0x00000000f0d50000)
 concurrent mark-sweep generation total 46008K, used 32664K [0x00000000f5a00000, 0x00000000f86ee000, 0x0000000100000000)
 Metaspace       used 46932K, capacity 48684K, committed 48920K, reserved 1091584K
  class space    used 5994K, capacity 6336K, committed 6424K, reserved 1048576K
}
2019-10-16T14:17:00.349+0000: 20.201: Total time for which application threads were stopped: 0.0029698 seconds, Stopping threads took: 0.0000296 seconds
{Heap before GC invocations=722 (full 6):
 par new generation   total 4928K, used 4615K [0x00000000f0800000, 0x00000000f0d50000, 0x00000000f5a00000)
  eden space 4416K, 100% used [0x00000000f0800000, 0x00000000f0c50000, 0x00000000f0c50000)
  from space 512K,  38% used [0x00000000f0c50000, 0x00000000f0c81c40, 0x00000000f0cd0000)
  to   space 512K,   0% used [0x00000000f0cd0000, 0x00000000f0cd0000, 0x00000000f0d50000)
 concurrent mark-sweep generation total 46008K, used 32664K [0x00000000f5a00000, 0x00000000f86ee000, 0x0000000100000000)
 Metaspace       used 46995K, capacity 48786K, committed 49176K, reserved 1091584K
  class space    used 6003K, capacity 6369K, committed 6424K, reserved 1048576K
2019-10-16T14:17:00.367+0000: 20.219: [GC (Allocation Failure) 2019-10-16T14:17:00.367+0000: 20.219: [ParNew
Desired survivor size 262144 bytes, new threshold 6 (max 6)
- age   1:      26104 bytes,      26104 total
- age   2:      24664 bytes,      50768 total
- age   3:      11128 bytes,      61896 total
- age   4:      15256 bytes,      77152 total
- age   5:      14664 bytes,      91816 total
- age   6:      14176 bytes,     105992 total
: 4615K->111K(4928K), 0.0027649 secs] 37279K->32801K(50936K), 0.0028258 secs] [Times: user=0.00 sys=0.00, real=0.00 secs] 
Heap after GC invocations=723 (full 6):
 par new generation   total 4928K, used 111K [0x00000000f0800000, 0x00000000f0d50000, 0x00000000f5a00000)
  eden space 4416K,   0% used [0x00000000f0800000, 0x00000000f0800000, 0x00000000f0c50000)
  from space 512K,  21% used [0x00000000f0cd0000, 0x00000000f0cebe20, 0x00000000f0d50000)
  to   space 512K,   0% used [0x00000000f0c50000, 0x00000000f0c50000, 0x00000000f0cd0000)
 concurrent mark-sweep generation total 46008K, used 32689K [0x00000000f5a00000, 0x00000000f86ee000, 0x0000000100000000)
 Metaspace       used 46995K, capacity 48786K, committed 49176K, reserved 1091584K
  class space    used 6003K, capacity 6369K, committed 6424K, reserved 1048576K
}
2019-10-16T14:17:00.370+0000: 20.222: Total time for which application threads were stopped: 0.0029626 seconds, Stopping threads took: 0.0000280 seconds
{Heap before GC invocations=723 (full 6):
 par new generation   total 4928K, used 4527K [0x00000000f0800000, 0x00000000f0d50000, 0x00000000f5a00000)
  eden space 4416K, 100% used [0x00000000f0800000, 0x00000000f0c50000, 0x00000000f0c50000)
  from space 512K,  21% used [0x00000000f0cd0000, 0x00000000f0cebe20, 0x00000000f0d50000)
  to   space 512K,   0% used [0x00000000f0c50000, 0x00000000f0c50000, 0x00000000f0cd0000)
 concurrent mark-sweep generation total 46008K, used 32689K [0x00000000f5a00000, 0x00000000f86ee000, 0x0000000100000000)
 Metaspace       used 47056K, capacity 48856K, committed 49176K, reserved 1091584K
  class space    used 6013K, capacity 6370K, committed 6424K, reserved 1048576K
2019-10-16T14:17:00.394+0000: 20.246: [GC (Allocation Failure) 2019-10-16T14:17:00.394+0000: 20.246: [ParNew
Desired survivor size 262144 bytes, new threshold 6 (max 6)
- age   1:      53168 bytes,      53168 total
- age   2:      18992 bytes,      72160 total
- age   3:      22176 bytes,      94336 total
- age   4:      11128 bytes,     105464 total
- age   5:      15256 bytes,     120720 total
- age   6:      14664 bytes,     135384 total
: 4527K->208K(4928K), 0.0028269 secs] 37217K->32912K(50936K), 0.0028802 secs] [Times: user=0.00 sys=0.00, real=0.00 secs] 
Heap after GC invocations=724 (full 6):
 par new generation   total 4928K, used 208K [0x00000000f0800000, 0x00000000f0d50000, 0x00000000f5a00000)
  eden space 4416K,   0% used [0x00000000f0800000, 0x00000000f0800000, 0x00000000f0c50000)
  from space 512K,  40% used [0x00000000f0c50000, 0x00000000f0c84258, 0x00000000f0cd0000)
  to   space 512K,   0% used [0x00000000f0cd0000, 0x00000000f0cd0000, 0x00000000f0d50000)
 concurrent mark-sweep generation total 46008K, used 32703K [0x00000000f5a00000, 0x00000000f86ee000, 0x0000000100000000)
 Metaspace       used 47056K, capacity 48856K, committed 49176K, reserved 1091584K
  class space    used 6013K, capacity 6370K, committed 6424K, reserved 1048576K
}
2019-10-16T14:17:00.397+0000: 20.249: Total time for which application threads were stopped: 0.0030253 seconds, Stopping threads took: 0.0000259 seconds
{Heap before GC invocations=724 (full 6):
 par new generation   total 4928K, used 4624K [0x00000000f0800000, 0x00000000f0d50000, 0x00000000f5a00000)
  eden space 4416K, 100% used [0x00000000f0800000, 0x00000000f0c50000, 0x00000000f0c50000)
  from space 512K,  40% used [0x00000000f0c50000, 0x00000000f0c84258, 0x00000000f0cd0000)
  to   space 512K,   0% used [0x00000000f0cd0000, 0x00000000f0cd0000, 0x00000000f0d50000)
 concurrent mark-sweep generation total 46008K, used 32703K [0x00000000f5a00000, 0x00000000f86ee000, 0x0000000100000000)
 Metaspace       used 47091K, capacity 48856K, committed 49176K, reserved 1091584K
  class space    used 6024K, capacity 6370K, committed 6424K, reserved 1048576K
2019-10-16T14:17:00.416+0000: 20.269: [GC (Allocation Failure) 2019-10-16T14:17:00.417+0000: 20.269: [ParNew
Desired survivor size 262144 bytes, new threshold 6 (max 6)
- age   1:      23896 bytes,      23896 total
- age   2:      48424 bytes,      72320 total
- age   3:      18912 bytes,      91232 total
- age   4:      22176 bytes,     113408 total
- age   5:      11128 bytes,     124536 total
- age   6:      15256 bytes,     139792 total
: 4624K->248K(4928K), 0.0032065 secs] 37328K->32967K(50936K), 0.0032624 secs] [Times: user=0.00 sys=0.00, real=0.00 secs] 
Heap after GC invocations=725 (full 6):
 par new generation   total 4928K, used 248K [0x00000000f0800000, 0x00000000f0d50000, 0x00000000f5a00000)
  eden space 4416K,   0% used [0x00000000f0800000, 0x00000000f0800000, 0x00000000f0c50000)
  from space 512K,  48% used [0x00000000f0cd0000, 0x00000000f0d0e220, 0x00000000f0d50000)
  to   space 512K,   0% used [0x00000000f0c50000, 0x00000000f0c50000, 0x00000000f0cd0000)
 concurrent mark-sweep generation total 46008K, used 32718K [0x00000000f5a00000, 0x00000000f86ee000, 0x0000000100000000)
 Metaspace       used 47091K, capacity 48856K, committed 49176K, reserved 1091584K
  class space    used 6024K, capacity 6370K, committed 6424K, reserved 1048576K
}
2019-10-16T14:17:00.420+0000: 20.272: Total time for which application threads were stopped: 0.0034155 seconds, Stopping threads took: 0.0000266 seconds
{Heap before GC invocations=725 (full 6):
 par new generation   total 4928K, used 4664K [0x00000000f0800000, 0x00000000f0d50000, 0x00000000f5a00000)
  eden space 4416K, 100% used [0x00000000f0800000, 0x00000000f0c50000, 0x00000000f0c50000)
  from space 512K,  48% used [0x00000000f0cd0000, 0x00000000f0d0e220, 0x00000000f0d50000)
  to   space 512K,   0% used [0x00000000f0c50000, 0x00000000f0c50000, 0x00000000f0cd0000)
 concurrent mark-sweep generation total 46008K, used 32718K [0x00000000f5a00000, 0x00000000f86ee000, 0x0000000100000000)
 Metaspace       used 47139K, capacity 48952K, committed 49176K, reserved 1091584K
  class space    used 6031K, capacity 6402K, committed 6424K, reserved 1048576K
2019-10-16T14:17:00.438+0000: 20.290: [GC (Allocation Failure) 2019-10-16T14:17:00.438+0000: 20.290: [ParNew
Desired survivor size 262144 bytes, new threshold 6 (max 6)
- age   1:      49528 bytes,      49528 total
- age   2:      18832 bytes,      68360 total
- age   3:      44248 bytes,     112608 total
- age   4:      13672 bytes,     126280 total
- age   5:      22064 bytes,     148344 total
- age   6:      11128 bytes,     159472 total
: 4664K->164K(4928K), 0.0027240 secs] 37383K->32898K(50936K), 0.0027715 secs] [Times: user=0.00 sys=0.00, real=0.00 secs] 
Heap after GC invocations=726 (full 6):
 par new generation   total 4928K, used 164K [0x00000000f0800000, 0x00000000f0d50000, 0x00000000f5a00000)
  eden space 4416K,   0% used [0x00000000f0800000, 0x00000000f0800000, 0x00000000f0c50000)
  from space 512K,  32% used [0x00000000f0c50000, 0x00000000f0c79100, 0x00000000f0cd0000)
  to   space 512K,   0% used [0x00000000f0cd0000, 0x00000000f0cd0000, 0x00000000f0d50000)
 concurrent mark-sweep generation total 46008K, used 32734K [0x00000000f5a00000, 0x00000000f86ee000, 0x0000000100000000)
 Metaspace       used 47139K, capacity 48952K, committed 49176K, reserved 1091584K
  class space    used 6031K, capacity 6402K, committed 6424K, reserved 1048576K
}
2019-10-16T14:17:00.441+0000: 20.293: Total time for which application threads were stopped: 0.0029036 seconds, Stopping threads took: 0.0000300 seconds
{Heap before GC invocations=726 (full 6):
 par new generation   total 4928K, used 4580K [0x00000000f0800000, 0x00000000f0d50000, 0x00000000f5a00000)
  eden space 4416K, 100% used [0x00000000f0800000, 0x00000000f0c50000, 0x00000000f0c50000)
  from space 512K,  32% used [0x00000000f0c50000, 0x00000000f0c79100, 0x00000000f0cd0000)
  to   space 512K,   0% used [0x00000000f0cd0000, 0x00000000f0cd0000, 0x00000000f0d50000)
 concurrent mark-sweep generation total 46008K, used 32734K [0x00000000f5a00000, 0x00000000f86ee000, 0x0000000100000000)
 Metaspace       used 47181K, capacity 49016K, committed 49176K, reserved 1091584K
  class space    used 6038K, capacity 6402K, committed 6424K, reserved 1048576K
2019-10-16T14:17:00.451+0000: 20.303: [GC (Allocation Failure) 2019-10-16T14:17:00.451+0000: 20.303: [ParNew
Desired survivor size 262144 bytes, new threshold 6 (max 6)
- age   1:      23352 bytes,      23352 total
- age   2:      41424 bytes,      64776 total
- age   3:      18752 bytes,      83528 total
- age   4:      41096 bytes,     124624 total
- age   5:      13672 bytes,     138296 total
- age   6:      22064 bytes,     160360 total
: 4580K->273K(4928K), 0.0027588 secs] 37314K->33018K(50936K), 0.0028148 secs] [Times: user=0.00 sys=0.00, real=0.00 secs] 
Heap after GC invocations=727 (full 6):
 par new generation   total 4928K, used 273K [0x00000000f0800000, 0x00000000f0d50000, 0x00000000f5a00000)
  eden space 4416K,   0% used [0x00000000f0800000, 0x00000000f0800000, 0x00000000f0c50000)
  from space 512K,  53% used [0x00000000f0cd0000, 0x00000000f0d145d0, 0x00000000f0d50000)
  to   space 512K,   0% used [0x00000000f0c50000, 0x00000000f0c50000, 0x00000000f0cd0000)
 concurrent mark-sweep generation total 46008K, used 32745K [0x00000000f5a00000, 0x00000000f86ee000, 0x0000000100000000)
 Metaspace       used 47181K, capacity 49016K, committed 49176K, reserved 1091584K
  class space    used 6038K, capacity 6402K, committed 6424K, reserved 1048576K
}
2019-10-16T14:17:00.454+0000: 20.306: Total time for which application threads were stopped: 0.0029553 seconds, Stopping threads took: 0.0000248 seconds
{Heap before GC invocations=727 (full 6):
 par new generation   total 4928K, used 4689K [0x00000000f0800000, 0x00000000f0d50000, 0x00000000f5a00000)
  eden space 4416K, 100% used [0x00000000f0800000, 0x00000000f0c50000, 0x00000000f0c50000)
  from space 512K,  53% used [0x00000000f0cd0000, 0x00000000f0d145d0, 0x00000000f0d50000)
  to   space 512K,   0% used [0x00000000f0c50000, 0x00000000f0c50000, 0x00000000f0cd0000)
 concurrent mark-sweep generation total 46008K, used 32745K [0x00000000f5a00000, 0x00000000f86ee000, 0x0000000100000000)
 Metaspace       used 47223K, capacity 49016K, committed 49176K, reserved 1091584K
  class space    used 6048K, capacity 6402K, committed 6424K, reserved 1048576K
2019-10-16T14:17:00.464+0000: 20.316: [GC (Allocation Failure) 2019-10-16T14:17:00.464+0000: 20.316: [ParNew
Desired survivor size 262144 bytes, new threshold 6 (max 6)
- age   1:      22248 bytes,      22248 total
- age   2:      14320 bytes,      36568 total
- age   3:      39088 bytes,      75656 total
- age   4:      18752 bytes,      94408 total
- age   5:      41096 bytes,     135504 total
- age   6:      13672 bytes,     149176 total
: 4689K->186K(4928K), 0.0027036 secs] 37434K->32954K(50936K), 0.0027460 secs] [Times: user=0.01 sys=0.00, real=0.00 secs] 
Heap after GC invocations=728 (full 6):
 par new generation   total 4928K, used 186K [0x00000000f0800000, 0x00000000f0d50000, 0x00000000f5a00000)
  eden space 4416K,   0% used [0x00000000f0800000, 0x00000000f0800000, 0x00000000f0c50000)
  from space 512K,  36% used [0x00000000f0c50000, 0x00000000f0c7ea10, 0x00000000f0cd0000)
  to   space 512K,   0% used [0x00000000f0cd0000, 0x00000000f0cd0000, 0x00000000f0d50000)
 concurrent mark-sweep generation total 46008K, used 32767K [0x00000000f5a00000, 0x00000000f86ee000, 0x0000000100000000)
 Metaspace       used 47223K, capacity 49016K, committed 49176K, reserved 1091584K
  class space    used 6048K, capacity 6402K, committed 6424K, reserved 1048576K
}
2019-10-16T14:17:00.467+0000: 20.319: Total time for which application threads were stopped: 0.0028628 seconds, Stopping threads took: 0.0000229 seconds
{Heap before GC invocations=728 (full 6):
 par new generation   total 4928K, used 4602K [0x00000000f0800000, 0x00000000f0d50000, 0x00000000f5a00000)
  eden space 4416K, 100% used [0x00000000f0800000, 0x00000000f0c50000, 0x00000000f0c50000)
  from space 512K,  36% used [0x00000000f0c50000, 0x00000000f0c7ea10, 0x00000000f0cd0000)
  to   space 512K,   0% used [0x00000000f0cd0000, 0x00000000f0cd0000, 0x00000000f0d50000)
 concurrent mark-sweep generation total 46008K, used 32767K [0x00000000f5a00000, 0x00000000f86ee000, 0x0000000100000000)
 Metaspace       used 47260K, capacity 49080K, committed 49432K, reserved 1091584K
  class space    used 6058K, capacity 6402K, committed 6424K, reserved 1048576K
2019-10-16T14:17:00.476+0000: 20.328: [GC (Allocation Failure) 2019-10-16T14:17:00.476+0000: 20.328: [ParNew
Desired survivor size 262144 bytes, new threshold 6 (max 6)
- age   1:      20592 bytes,      20592 total
- age   2:      11384 bytes,      31976 total
- age   3:      12128 bytes,      44104 total
- age   4:      39088 bytes,      83192 total
- age   5:      18752 bytes,     101944 total
- age   6:      41096 bytes,     143040 total
: 4602K->263K(4928K), 0.0022432 secs] 37370K->33044K(50936K), 0.0022881 secs] [Times: user=0.00 sys=0.00, real=0.00 secs] 
Heap after GC invocations=729 (full 6):
 par new generation   total 4928K, used 263K [0x00000000f0800000, 0x00000000f0d50000, 0x00000000f5a00000)
  eden space 4416K,   0% used [0x00000000f0800000, 0x00000000f0800000, 0x00000000f0c50000)
  from space 512K,  51% used [0x00000000f0cd0000, 0x00000000f0d11c10, 0x00000000f0d50000)
  to   space 512K,   0% used [0x00000000f0c50000, 0x00000000f0c50000, 0x00000000f0cd0000)
 concurrent mark-sweep generation total 46008K, used 32781K [0x00000000f5a00000, 0x00000000f86ee000, 0x0000000100000000)
 Metaspace       used 47260K, capacity 49080K, committed 49432K, reserved 1091584K
  class space    used 6058K, capacity 6402K, committed 6424K, reserved 1048576K
}
2019-10-16T14:17:00.478+0000: 20.330: Total time for which application threads were stopped: 0.0023929 seconds, Stopping threads took: 0.0000211 seconds
{Heap before GC invocations=729 (full 6):
 par new generation   total 4928K, used 4679K [0x00000000f0800000, 0x00000000f0d50000, 0x00000000f5a00000)
  eden space 4416K, 100% used [0x00000000f0800000, 0x00000000f0c50000, 0x00000000f0c50000)
  from space 512K,  51% used [0x00000000f0cd0000, 0x00000000f0d11c10, 0x00000000f0d50000)
  to   space 512K,   0% used [0x00000000f0c50000, 0x00000000f0c50000, 0x00000000f0cd0000)
 concurrent mark-sweep generation total 46008K, used 32781K [0x00000000f5a00000, 0x00000000f86ee000, 0x0000000100000000)
 Metaspace       used 47327K, capacity 49112K, committed 49560K, reserved 1091584K
  class space    used 6074K, capacity 6434K, committed 6552K, reserved 1048576K
2019-10-16T14:17:00.499+0000: 20.351: [GC (Allocation Failure) 2019-10-16T14:17:00.499+0000: 20.351: [ParNew
Desired survivor size 262144 bytes, new threshold 6 (max 6)
- age   1:      24440 bytes,      24440 total
- age   2:       9592 bytes,      34032 total
- age   3:       8560 bytes,      42592 total
- age   4:      11904 bytes,      54496 total
- age   5:      39088 bytes,      93584 total
- age   6:      18752 bytes,     112336 total
: 4679K->170K(4928K), 0.0029085 secs] 37460K->32993K(50936K), 0.0029666 secs] [Times: user=0.00 sys=0.00, real=0.00 secs] 
Heap after GC invocations=730 (full 6):
 par new generation   total 4928K, used 170K [0x00000000f0800000, 0x00000000f0d50000, 0x00000000f5a00000)
  eden space 4416K,   0% used [0x00000000f0800000, 0x00000000f0800000, 0x00000000f0c50000)
  from space 512K,  33% used [0x00000000f0c50000, 0x00000000f0c7ab40, 0x00000000f0cd0000)
  to   space 512K,   0% used [0x00000000f0cd0000, 0x00000000f0cd0000, 0x00000000f0d50000)
 concurrent mark-sweep generation total 46008K, used 32822K [0x00000000f5a00000, 0x00000000f86ee000, 0x0000000100000000)
 Metaspace       used 47327K, capacity 49112K, committed 49560K, reserved 1091584K
  class space    used 6074K, capacity 6434K, committed 6552K, reserved 1048576K
}
2019-10-16T14:17:00.502+0000: 20.354: Total time for which application threads were stopped: 0.0031185 seconds, Stopping threads took: 0.0000261 seconds
{Heap before GC invocations=730 (full 6):
 par new generation   total 4928K, used 4586K [0x00000000f0800000, 0x00000000f0d50000, 0x00000000f5a00000)
  eden space 4416K, 100% used [0x00000000f0800000, 0x00000000f0c50000, 0x00000000f0c50000)
  from space 512K,  33% used [0x00000000f0c50000, 0x00000000f0c7ab40, 0x00000000f0cd0000)
  to   space 512K,   0% used [0x00000000f0cd0000, 0x00000000f0cd0000, 0x00000000f0d50000)
 concurrent mark-sweep generation total 46008K, used 32822K [0x00000000f5a00000, 0x00000000f86ee000, 0x0000000100000000)
 Metaspace       used 47405K, capacity 49208K, committed 49560K, reserved 1091584K
  class space    used 6092K, capacity 6466K, committed 6552K, reserved 1048576K
2019-10-16T14:17:00.523+0000: 20.375: [GC (Allocation Failure) 2019-10-16T14:17:00.523+0000: 20.375: [ParNew
Desired survivor size 262144 bytes, new threshold 6 (max 6)
- age   1:      21672 bytes,      21672 total
- age   2:      12688 bytes,      34360 total
- age   3:       7840 bytes,      42200 total
- age   4:       8560 bytes,      50760 total
- age   5:      11880 bytes,      62640 total
- age   6:      39088 bytes,     101728 total
: 4586K->103K(4928K), 0.0027381 secs] 37409K->32945K(50936K), 0.0027896 secs] [Times: user=0.00 sys=0.00, real=0.00 secs] 
Heap after GC invocations=731 (full 6):
 par new generation   total 4928K, used 103K [0x00000000f0800000, 0x00000000f0d50000, 0x00000000f5a00000)
  eden space 4416K,   0% used [0x00000000f0800000, 0x00000000f0800000, 0x00000000f0c50000)
  from space 512K,  20% used [0x00000000f0cd0000, 0x00000000f0ce9e48, 0x00000000f0d50000)
  to   space 512K,   0% used [0x00000000f0c50000, 0x00000000f0c50000, 0x00000000f0cd0000)
 concurrent mark-sweep generation total 46008K, used 32841K [0x00000000f5a00000, 0x00000000f86ee000, 0x0000000100000000)
 Metaspace       used 47405K, capacity 49208K, committed 49560K, reserved 1091584K
  class space    used 6092K, capacity 6466K, committed 6552K, reserved 1048576K
}
2019-10-16T14:17:00.526+0000: 20.378: Total time for which application threads were stopped: 0.0029165 seconds, Stopping threads took: 0.0000263 seconds
{Heap before GC invocations=731 (full 6):
 par new generation   total 4928K, used 4519K [0x00000000f0800000, 0x00000000f0d50000, 0x00000000f5a00000)
  eden space 4416K, 100% used [0x00000000f0800000, 0x00000000f0c50000, 0x00000000f0c50000)
  from space 512K,  20% used [0x00000000f0cd0000, 0x00000000f0ce9e48, 0x00000000f0d50000)
  to   space 512K,   0% used [0x00000000f0c50000, 0x00000000f0c50000, 0x00000000f0cd0000)
 concurrent mark-sweep generation total 46008K, used 32841K [0x00000000f5a00000, 0x00000000f86ee000, 0x0000000100000000)
 Metaspace       used 47521K, capacity 49368K, committed 49560K, reserved 1091584K
  class space    used 6128K, capacity 6498K, committed 6552K, reserved 1048576K
2019-10-16T14:17:00.552+0000: 20.404: [GC (Allocation Failure) 2019-10-16T14:17:00.552+0000: 20.404: [ParNew
Desired survivor size 262144 bytes, new threshold 6 (max 6)
- age   1:      34584 bytes,      34584 total
- age   2:      11928 bytes,      46512 total
- age   3:      10464 bytes,      56976 total
- age   4:       7840 bytes,      64816 total
- age   5:       8560 bytes,      73376 total
- age   6:      11880 bytes,      85256 total
: 4519K->100K(4928K), 0.0027430 secs] 37361K->32970K(50936K), 0.0028066 secs] [Times: user=0.01 sys=0.00, real=0.00 secs] 
Heap after GC invocations=732 (full 6):
 par new generation   total 4928K, used 100K [0x00000000f0800000, 0x00000000f0d50000, 0x00000000f5a00000)
  eden space 4416K,   0% used [0x00000000f0800000, 0x00000000f0800000, 0x00000000f0c50000)
  from space 512K,  19% used [0x00000000f0c50000, 0x00000000f0c69350, 0x00000000f0cd0000)
  to   space 512K,   0% used [0x00000000f0cd0000, 0x00000000f0cd0000, 0x00000000f0d50000)
 concurrent mark-sweep generation total 46008K, used 32869K [0x00000000f5a00000, 0x00000000f86ee000, 0x0000000100000000)
 Metaspace       used 47521K, capacity 49368K, committed 49560K, reserved 1091584K
  class space    used 6128K, capacity 6498K, committed 6552K, reserved 1048576K
}
2019-10-16T14:17:00.555+0000: 20.407: Total time for which application threads were stopped: 0.0029430 seconds, Stopping threads took: 0.0000263 seconds
{Heap before GC invocations=732 (full 6):
 par new generation   total 4928K, used 4516K [0x00000000f0800000, 0x00000000f0d50000, 0x00000000f5a00000)
  eden space 4416K, 100% used [0x00000000f0800000, 0x00000000f0c50000, 0x00000000f0c50000)
  from space 512K,  19% used [0x00000000f0c50000, 0x00000000f0c69350, 0x00000000f0cd0000)
  to   space 512K,   0% used [0x00000000f0cd0000, 0x00000000f0cd0000, 0x00000000f0d50000)
 concurrent mark-sweep generation total 46008K, used 32869K [0x00000000f5a00000, 0x00000000f86ee000, 0x0000000100000000)
 Metaspace       used 47632K, capacity 49464K, committed 49816K, reserved 1093632K
  class space    used 6158K, capacity 6530K, committed 6552K, reserved 1048576K
2019-10-16T14:17:00.578+0000: 20.430: [GC (Allocation Failure) 2019-10-16T14:17:00.578+0000: 20.430: [ParNew
Desired survivor size 262144 bytes, new threshold 6 (max 6)
- age   1:      26496 bytes,      26496 total
- age   2:      22840 bytes,      49336 total
- age   3:      10240 bytes,      59576 total
- age   4:      10464 bytes,      70040 total
- age   5:       7840 bytes,      77880 total
- age   6:       8560 bytes,      86440 total
: 4516K->87K(4928K), 0.0027198 secs] 37386K->32969K(50936K), 0.0027714 secs] [Times: user=0.00 sys=0.00, real=0.00 secs] 
Heap after GC invocations=733 (full 6):
 par new generation   total 4928K, used 87K [0x00000000f0800000, 0x00000000f0d50000, 0x00000000f5a00000)
  eden space 4416K,   0% used [0x00000000f0800000, 0x00000000f0800000, 0x00000000f0c50000)
  from space 512K,  17% used [0x00000000f0cd0000, 0x00000000f0ce5ea0, 0x00000000f0d50000)
  to   space 512K,   0% used [0x00000000f0c50000, 0x00000000f0c50000, 0x00000000f0cd0000)
 concurrent mark-sweep generation total 46008K, used 32881K [0x00000000f5a00000, 0x00000000f86ee000, 0x0000000100000000)
 Metaspace       used 47632K, capacity 49464K, committed 49816K, reserved 1093632K
  class space    used 6158K, capacity 6530K, committed 6552K, reserved 1048576K
}
2019-10-16T14:17:00.580+0000: 20.432: Total time for which application threads were stopped: 0.0029050 seconds, Stopping threads took: 0.0000253 seconds
{Heap before GC invocations=733 (full 6):
 par new generation   total 4928K, used 4503K [0x00000000f0800000, 0x00000000f0d50000, 0x00000000f5a00000)
  eden space 4416K, 100% used [0x00000000f0800000, 0x00000000f0c50000, 0x00000000f0c50000)
  from space 512K,  17% used [0x00000000f0cd0000, 0x00000000f0ce5ea0, 0x00000000f0d50000)
  to   space 512K,   0% used [0x00000000f0c50000, 0x00000000f0c50000, 0x00000000f0cd0000)
 concurrent mark-sweep generation total 46008K, used 32881K [0x00000000f5a00000, 0x00000000f86ee000, 0x0000000100000000)
 Metaspace       used 47723K, capacity 49542K, committed 49816K, reserved 1093632K
  class space    used 6175K, capacity 6537K, committed 6552K, reserved 1048576K
2019-10-16T14:17:00.594+0000: 20.446: [GC (Allocation Failure) 2019-10-16T14:17:00.594+0000: 20.446: [ParNew
Desired survivor size 262144 bytes, new threshold 6 (max 6)
- age   1:      28704 bytes,      28704 total
- age   2:      16528 bytes,      45232 total
- age   3:      21192 bytes,      66424 total
- age   4:      10160 bytes,      76584 total
- age   5:      10416 bytes,      87000 total
- age   6:       7840 bytes,      94840 total
: 4503K->166K(4928K), 0.0026210 secs] 37385K->33057K(50936K), 0.0026682 secs] [Times: user=0.00 sys=0.00, real=0.00 secs] 
Heap after GC invocations=734 (full 6):
 par new generation   total 4928K, used 166K [0x00000000f0800000, 0x00000000f0d50000, 0x00000000f5a00000)
  eden space 4416K,   0% used [0x00000000f0800000, 0x00000000f0800000, 0x00000000f0c50000)
  from space 512K,  32% used [0x00000000f0c50000, 0x00000000f0c79bd0, 0x00000000f0cd0000)
  to   space 512K,   0% used [0x00000000f0cd0000, 0x00000000f0cd0000, 0x00000000f0d50000)
 concurrent mark-sweep generation total 46008K, used 32890K [0x00000000f5a00000, 0x00000000f86ee000, 0x0000000100000000)
 Metaspace       used 47723K, capacity 49542K, committed 49816K, reserved 1093632K
  class space    used 6175K, capacity 6537K, committed 6552K, reserved 1048576K
}
2019-10-16T14:17:00.597+0000: 20.449: Total time for which application threads were stopped: 0.0027951 seconds, Stopping threads took: 0.0000265 seconds
{Heap before GC invocations=734 (full 6):
 par new generation   total 4928K, used 4582K [0x00000000f0800000, 0x00000000f0d50000, 0x00000000f5a00000)
  eden space 4416K, 100% used [0x00000000f0800000, 0x00000000f0c50000, 0x00000000f0c50000)
  from space 512K,  32% used [0x00000000f0c50000, 0x00000000f0c79bd0, 0x00000000f0cd0000)
  to   space 512K,   0% used [0x00000000f0cd0000, 0x00000000f0cd0000, 0x00000000f0d50000)
 concurrent mark-sweep generation total 46008K, used 32890K [0x00000000f5a00000, 0x00000000f86ee000, 0x0000000100000000)
 Metaspace       used 47814K, capacity 49638K, committed 49944K, reserved 1093632K
  class space    used 6199K, capacity 6569K, committed 6680K, reserved 1048576K
2019-10-16T14:17:00.610+0000: 20.462: [GC (Allocation Failure) 2019-10-16T14:17:00.610+0000: 20.462: [ParNew
Desired survivor size 262144 bytes, new threshold 6 (max 6)
- age   1:      48576 bytes,      48576 total
- age   2:      19504 bytes,      68080 total
- age   3:      12784 bytes,      80864 total
- age   4:      20896 bytes,     101760 total
- age   5:      10144 bytes,     111904 total
- age   6:      10416 bytes,     122320 total
: 4582K->166K(4928K), 0.0027764 secs] 37473K->33065K(50936K), 0.0028262 secs] [Times: user=0.00 sys=0.00, real=0.01 secs] 
Heap after GC invocations=735 (full 6):
 par new generation   total 4928K, used 166K [0x00000000f0800000, 0x00000000f0d50000, 0x00000000f5a00000)
  eden space 4416K,   0% used [0x00000000f0800000, 0x00000000f0800000, 0x00000000f0c50000)
  from space 512K,  32% used [0x00000000f0cd0000, 0x00000000f0cf9940, 0x00000000f0d50000)
  to   space 512K,   0% used [0x00000000f0c50000, 0x00000000f0c50000, 0x00000000f0cd0000)
 concurrent mark-sweep generation total 46008K, used 32899K [0x00000000f5a00000, 0x00000000f86ee000, 0x0000000100000000)
 Metaspace       used 47814K, capacity 49638K, committed 49944K, reserved 1093632K
  class space    used 6199K, capacity 6569K, committed 6680K, reserved 1048576K
}
2019-10-16T14:17:00.613+0000: 20.465: Total time for which application threads were stopped: 0.0029485 seconds, Stopping threads took: 0.0000246 seconds
{Heap before GC invocations=735 (full 6):
 par new generation   total 4928K, used 4582K [0x00000000f0800000, 0x00000000f0d50000, 0x00000000f5a00000)
  eden space 4416K, 100% used [0x00000000f0800000, 0x00000000f0c50000, 0x00000000f0c50000)
  from space 512K,  32% used [0x00000000f0cd0000, 0x00000000f0cf9940, 0x00000000f0d50000)
  to   space 512K,   0% used [0x00000000f0c50000, 0x00000000f0c50000, 0x00000000f0cd0000)
 concurrent mark-sweep generation total 46008K, used 32899K [0x00000000f5a00000, 0x00000000f86ee000, 0x0000000100000000)
 Metaspace       used 47895K, capacity 49702K, committed 50200K, reserved 1093632K
  class space    used 6221K, capacity 6569K, committed 6680K, reserved 1048576K
2019-10-16T14:17:00.627+0000: 20.479: [GC (Allocation Failure) 2019-10-16T14:17:00.627+0000: 20.479: [ParNew
Desired survivor size 262144 bytes, new threshold 6 (max 6)
- age   1:      26032 bytes,      26032 total
- age   2:      37328 bytes,      63360 total
- age   3:      17336 bytes,      80696 total
- age   4:      12784 bytes,      93480 total
- age   5:      20896 bytes,     114376 total
- age   6:      10128 bytes,     124504 total
: 4582K->205K(4928K), 0.0028751 secs] 37481K->33115K(50936K), 0.0029324 secs] [Times: user=0.00 sys=0.00, real=0.00 secs] 
Heap after GC invocations=736 (full 6):
 par new generation   total 4928K, used 205K [0x00000000f0800000, 0x00000000f0d50000, 0x00000000f5a00000)
  eden space 4416K,   0% used [0x00000000f0800000, 0x00000000f0800000, 0x00000000f0c50000)
  from space 512K,  40% used [0x00000000f0c50000, 0x00000000f0c83520, 0x00000000f0cd0000)
  to   space 512K,   0% used [0x00000000f0cd0000, 0x00000000f0cd0000, 0x00000000f0d50000)
 concurrent mark-sweep generation total 46008K, used 32909K [0x00000000f5a00000, 0x00000000f86ee000, 0x0000000100000000)
 Metaspace       used 47895K, capacity 49702K, committed 50200K, reserved 1093632K
  class space    used 6221K, capacity 6569K, committed 6680K, reserved 1048576K
}
2019-10-16T14:17:00.630+0000: 20.482: Total time for which application threads were stopped: 0.0030556 seconds, Stopping threads took: 0.0000249 seconds
{Heap before GC invocations=736 (full 6):
 par new generation   total 4928K, used 4621K [0x00000000f0800000, 0x00000000f0d50000, 0x00000000f5a00000)
  eden space 4416K, 100% used [0x00000000f0800000, 0x00000000f0c50000, 0x00000000f0c50000)
  from space 512K,  40% used [0x00000000f0c50000, 0x00000000f0c83520, 0x00000000f0cd0000)
  to   space 512K,   0% used [0x00000000f0cd0000, 0x00000000f0cd0000, 0x00000000f0d50000)
 concurrent mark-sweep generation total 46008K, used 32909K [0x00000000f5a00000, 0x00000000f86ee000, 0x0000000100000000)
 Metaspace       used 48083K, capacity 49862K, committed 50200K, reserved 1093632K
  class space    used 6251K, capacity 6601K, committed 6680K, reserved 1048576K
2019-10-16T14:17:00.644+0000: 20.496: [GC (Allocation Failure) 2019-10-16T14:17:00.644+0000: 20.496: [ParNew
Desired survivor size 262144 bytes, new threshold 6 (max 6)
- age   1:      22392 bytes,      22392 total
- age   2:      12256 bytes,      34648 total
- age   3:      35640 bytes,      70288 total
- age   4:      17336 bytes,      87624 total
- age   5:      12784 bytes,     100408 total
- age   6:      20896 bytes,     121304 total
: 4621K->142K(4928K), 0.0027162 secs] 37531K->33062K(50936K), 0.0027632 secs] [Times: user=0.01 sys=0.00, real=0.00 secs] 
Heap after GC invocations=737 (full 6):
 par new generation   total 4928K, used 142K [0x00000000f0800000, 0x00000000f0d50000, 0x00000000f5a00000)
  eden space 4416K,   0% used [0x00000000f0800000, 0x00000000f0800000, 0x00000000f0c50000)
  from space 512K,  27% used [0x00000000f0cd0000, 0x00000000f0cf3a10, 0x00000000f0d50000)
  to   space 512K,   0% used [0x00000000f0c50000, 0x00000000f0c50000, 0x00000000f0cd0000)
 concurrent mark-sweep generation total 46008K, used 32920K [0x00000000f5a00000, 0x00000000f86ee000, 0x0000000100000000)
 Metaspace       used 48083K, capacity 49862K, committed 50200K, reserved 1093632K
  class space    used 6251K, capacity 6601K, committed 6680K, reserved 1048576K
}
2019-10-16T14:17:00.647+0000: 20.499: Total time for which application threads were stopped: 0.0028909 seconds, Stopping threads took: 0.0000251 seconds
{Heap before GC invocations=737 (full 6):
 par new generation   total 4928K, used 4558K [0x00000000f0800000, 0x00000000f0d50000, 0x00000000f5a00000)
  eden space 4416K, 100% used [0x00000000f0800000, 0x00000000f0c50000, 0x00000000f0c50000)
  from space 512K,  27% used [0x00000000f0cd0000, 0x00000000f0cf3a10, 0x00000000f0d50000)
  to   space 512K,   0% used [0x00000000f0c50000, 0x00000000f0c50000, 0x00000000f0cd0000)
 concurrent mark-sweep generation total 46008K, used 32920K [0x00000000f5a00000, 0x00000000f86ee000, 0x0000000100000000)
 Metaspace       used 48110K, capacity 49900K, committed 50200K, reserved 1093632K
  class space    used 6261K, capacity 6634K, committed 6680K, reserved 1048576K
2019-10-16T14:17:00.656+0000: 20.508: [GC (Allocation Failure) 2019-10-16T14:17:00.656+0000: 20.508: [ParNew
Desired survivor size 262144 bytes, new threshold 6 (max 6)
- age   1:      44208 bytes,      44208 total
- age   2:      14664 bytes,      58872 total
- age   3:      10488 bytes,      69360 total
- age   4:      35064 bytes,     104424 total
- age   5:      17240 bytes,     121664 total
- age   6:      12784 bytes,     134448 total
: 4558K->209K(4928K), 0.0026372 secs] 37478K->33150K(50936K), 0.0026911 secs] [Times: user=0.00 sys=0.00, real=0.00 secs] 
Heap after GC invocations=738 (full 6):
 par new generation   total 4928K, used 209K [0x00000000f0800000, 0x00000000f0d50000, 0x00000000f5a00000)
  eden space 4416K,   0% used [0x00000000f0800000, 0x00000000f0800000, 0x00000000f0c50000)
  from space 512K,  40% used [0x00000000f0c50000, 0x00000000f0c84750, 0x00000000f0cd0000)
  to   space 512K,   0% used [0x00000000f0cd0000, 0x00000000f0cd0000, 0x00000000f0d50000)
 concurrent mark-sweep generation total 46008K, used 32941K [0x00000000f5a00000, 0x00000000f86ee000, 0x0000000100000000)
 Metaspace       used 48110K, capacity 49900K, committed 50200K, reserved 1093632K
  class space    used 6261K, capacity 6634K, committed 6680K, reserved 1048576K
}
2019-10-16T14:17:00.659+0000: 20.511: Total time for which application threads were stopped: 0.0028154 seconds, Stopping threads took: 0.0000236 seconds
{Heap before GC invocations=738 (full 6):
 par new generation   total 4928K, used 4625K [0x00000000f0800000, 0x00000000f0d50000, 0x00000000f5a00000)
  eden space 4416K, 100% used [0x00000000f0800000, 0x00000000f0c50000, 0x00000000f0c50000)
  from space 512K,  40% used [0x00000000f0c50000, 0x00000000f0c84750, 0x00000000f0cd0000)
  to   space 512K,   0% used [0x00000000f0cd0000, 0x00000000f0cd0000, 0x00000000f0d50000)
 concurrent mark-sweep generation total 46008K, used 32941K [0x00000000f5a00000, 0x00000000f86ee000, 0x0000000100000000)
 Metaspace       used 48171K, capacity 49970K, committed 50200K, reserved 1093632K
  class space    used 6267K, capacity 6635K, committed 6680K, reserved 1048576K
2019-10-16T14:17:00.670+0000: 20.522: [GC (Allocation Failure) 2019-10-16T14:17:00.670+0000: 20.522: [ParNew
Desired survivor size 262144 bytes, new threshold 6 (max 6)
- age   1:      22336 bytes,      22336 total
- age   2:      40072 bytes,      62408 total
- age   3:       9840 bytes,      72248 total
- age   4:      10488 bytes,      82736 total
- age   5:      35064 bytes,     117800 total
- age   6:      17240 bytes,     135040 total
: 4625K->248K(4928K), 0.0028136 secs] 37566K->33202K(50936K), 0.0028618 secs] [Times: user=0.00 sys=0.00, real=0.00 secs] 
Heap after GC invocations=739 (full 6):
 par new generation   total 4928K, used 248K [0x00000000f0800000, 0x00000000f0d50000, 0x00000000f5a00000)
  eden space 4416K,   0% used [0x00000000f0800000, 0x00000000f0800000, 0x00000000f0c50000)
  from space 512K,  48% used [0x00000000f0cd0000, 0x00000000f0d0e290, 0x00000000f0d50000)
  to   space 512K,   0% used [0x00000000f0c50000, 0x00000000f0c50000, 0x00000000f0cd0000)
 concurrent mark-sweep generation total 46008K, used 32954K [0x00000000f5a00000, 0x00000000f86ee000, 0x0000000100000000)
 Metaspace       used 48171K, capacity 49970K, committed 50200K, reserved 1093632K
  class space    used 6267K, capacity 6635K, committed 6680K, reserved 1048576K
}
2019-10-16T14:17:00.673+0000: 20.525: Total time for which application threads were stopped: 0.0029893 seconds, Stopping threads took: 0.0000263 seconds
{Heap before GC invocations=739 (full 6):
 par new generation   total 4928K, used 4664K [0x00000000f0800000, 0x00000000f0d50000, 0x00000000f5a00000)
  eden space 4416K, 100% used [0x00000000f0800000, 0x00000000f0c50000, 0x00000000f0c50000)
  from space 512K,  48% used [0x00000000f0cd0000, 0x00000000f0d0e290, 0x00000000f0d50000)
  to   space 512K,   0% used [0x00000000f0c50000, 0x00000000f0c50000, 0x00000000f0cd0000)
 concurrent mark-sweep generation total 46008K, used 32954K [0x00000000f5a00000, 0x00000000f86ee000, 0x0000000100000000)
 Metaspace       used 48209K, capacity 50034K, committed 50456K, reserved 1093632K
  class space    used 6276K, capacity 6635K, committed 6680K, reserved 1048576K
2019-10-16T14:17:00.682+0000: 20.534: [GC (Allocation Failure) 2019-10-16T14:17:00.682+0000: 20.534: [ParNew
Desired survivor size 262144 bytes, new threshold 6 (max 6)
- age   1:      23768 bytes,      23768 total
- age   2:      15280 bytes,      39048 total
- age   3:      36464 bytes,      75512 total
- age   4:       9840 bytes,      85352 total
- age   5:      10488 bytes,      95840 total
- age   6:      35064 bytes,     130904 total
: 4664K->161K(4928K), 0.0025412 secs] 37618K->33133K(50936K), 0.0026024 secs] [Times: user=0.00 sys=0.00, real=0.01 secs] 
Heap after GC invocations=740 (full 6):
 par new generation   total 4928K, used 161K [0x00000000f0800000, 0x00000000f0d50000, 0x00000000f5a00000)
  eden space 4416K,   0% used [0x00000000f0800000, 0x00000000f0800000, 0x00000000f0c50000)
  from space 512K,  31% used [0x00000000f0c50000, 0x00000000f0c78720, 0x00000000f0cd0000)
  to   space 512K,   0% used [0x00000000f0cd0000, 0x00000000f0cd0000, 0x00000000f0d50000)
 concurrent mark-sweep generation total 46008K, used 32971K [0x00000000f5a00000, 0x00000000f86ee000, 0x0000000100000000)
 Metaspace       used 48209K, capacity 50034K, committed 50456K, reserved 1093632K
  class space    used 6276K, capacity 6635K, committed 6680K, reserved 1048576K
}
2019-10-16T14:17:00.685+0000: 20.537: Total time for which application threads were stopped: 0.0027143 seconds, Stopping threads took: 0.0000228 seconds
{Heap before GC invocations=740 (full 6):
 par new generation   total 4928K, used 4577K [0x00000000f0800000, 0x00000000f0d50000, 0x00000000f5a00000)
  eden space 4416K, 100% used [0x00000000f0800000, 0x00000000f0c50000, 0x00000000f0c50000)
  from space 512K,  31% used [0x00000000f0c50000, 0x00000000f0c78720, 0x00000000f0cd0000)
  to   space 512K,   0% used [0x00000000f0cd0000, 0x00000000f0cd0000, 0x00000000f0d50000)
 concurrent mark-sweep generation total 46008K, used 32971K [0x00000000f5a00000, 0x00000000f86ee000, 0x0000000100000000)
 Metaspace       used 48543K, capacity 50386K, committed 50712K, reserved 1093632K
  class space    used 6314K, capacity 6667K, committed 6680K, reserved 1048576K
2019-10-16T14:17:00.717+0000: 20.569: [GC (Allocation Failure) 2019-10-16T14:17:00.717+0000: 20.569: [ParNew
Desired survivor size 262144 bytes, new threshold 6 (max 6)
- age   1:      85664 bytes,      85664 total
- age   2:      16928 bytes,     102592 total
- age   3:      12680 bytes,     115272 total
- age   4:      36464 bytes,     151736 total
- age   5:       9840 bytes,     161576 total
- age   6:      10488 bytes,     172064 total
: 4577K->241K(4928K), 0.0032891 secs] 37549K->33248K(50936K), 0.0033436 secs] [Times: user=0.01 sys=0.00, real=0.00 secs] 
Heap after GC invocations=741 (full 6):
 par new generation   total 4928K, used 241K [0x00000000f0800000, 0x00000000f0d50000, 0x00000000f5a00000)
  eden space 4416K,   0% used [0x00000000f0800000, 0x00000000f0800000, 0x00000000f0c50000)
  from space 512K,  47% used [0x00000000f0cd0000, 0x00000000f0d0c4b8, 0x00000000f0d50000)
  to   space 512K,   0% used [0x00000000f0c50000, 0x00000000f0c50000, 0x00000000f0cd0000)
 concurrent mark-sweep generation total 46008K, used 33007K [0x00000000f5a00000, 0x00000000f86ee000, 0x0000000100000000)
 Metaspace       used 48543K, capacity 50386K, committed 50712K, reserved 1093632K
  class space    used 6314K, capacity 6667K, committed 6680K, reserved 1048576K
}
2019-10-16T14:17:00.720+0000: 20.573: Total time for which application threads were stopped: 0.0035013 seconds, Stopping threads took: 0.0000254 seconds
{Heap before GC invocations=741 (full 6):
 par new generation   total 4928K, used 4657K [0x00000000f0800000, 0x00000000f0d50000, 0x00000000f5a00000)
  eden space 4416K, 100% used [0x00000000f0800000, 0x00000000f0c50000, 0x00000000f0c50000)
  from space 512K,  47% used [0x00000000f0cd0000, 0x00000000f0d0c4b8, 0x00000000f0d50000)
  to   space 512K,   0% used [0x00000000f0c50000, 0x00000000f0c50000, 0x00000000f0cd0000)
 concurrent mark-sweep generation total 46008K, used 33007K [0x00000000f5a00000, 0x00000000f86ee000, 0x0000000100000000)
 Metaspace       used 48682K, capacity 50546K, committed 50840K, reserved 1093632K
  class space    used 6331K, capacity 6699K, committed 6808K, reserved 1048576K
2019-10-16T14:17:00.797+0000: 20.649: [GC (Allocation Failure) 2019-10-16T14:17:00.797+0000: 20.649: [ParNew
Desired survivor size 262144 bytes, new threshold 1 (max 6)
- age   1:     272552 bytes,     272552 total
- age   2:      40240 bytes,     312792 total
- age   3:      16072 bytes,     328864 total
- age   4:      12680 bytes,     341544 total
- age   5:      25824 bytes,     367368 total
- age   6:       9840 bytes,     377208 total
: 4657K->511K(4928K), 0.0034338 secs] 37664K->33711K(50936K), 0.0035008 secs] [Times: user=0.01 sys=0.00, real=0.00 secs] 
Heap after GC invocations=742 (full 6):
 par new generation   total 4928K, used 511K [0x00000000f0800000, 0x00000000f0d50000, 0x00000000f5a00000)
  eden space 4416K,   0% used [0x00000000f0800000, 0x00000000f0800000, 0x00000000f0c50000)
  from space 512K,  99% used [0x00000000f0c50000, 0x00000000f0ccfff0, 0x00000000f0cd0000)
  to   space 512K,   0% used [0x00000000f0cd0000, 0x00000000f0cd0000, 0x00000000f0d50000)
 concurrent mark-sweep generation total 46008K, used 33199K [0x00000000f5a00000, 0x00000000f86ee000, 0x0000000100000000)
 Metaspace       used 48682K, capacity 50546K, committed 50840K, reserved 1093632K
  class space    used 6331K, capacity 6699K, committed 6808K, reserved 1048576K
}
2019-10-16T14:17:00.801+0000: 20.653: Total time for which application threads were stopped: 0.0036775 seconds, Stopping threads took: 0.0000284 seconds
{Heap before GC invocations=742 (full 6):
 par new generation   total 4928K, used 4927K [0x00000000f0800000, 0x00000000f0d50000, 0x00000000f5a00000)
  eden space 4416K,  99% used [0x00000000f0800000, 0x00000000f0c4fed8, 0x00000000f0c50000)
  from space 512K,  99% used [0x00000000f0c50000, 0x00000000f0ccfff0, 0x00000000f0cd0000)
  to   space 512K,   0% used [0x00000000f0cd0000, 0x00000000f0cd0000, 0x00000000f0d50000)
 concurrent mark-sweep generation total 46008K, used 33199K [0x00000000f5a00000, 0x00000000f86ee000, 0x0000000100000000)
 Metaspace       used 48701K, capacity 50546K, committed 50840K, reserved 1093632K
  class space    used 6331K, capacity 6699K, committed 6808K, reserved 1048576K
2019-10-16T14:17:00.843+0000: 20.695: [GC (Allocation Failure) 2019-10-16T14:17:00.843+0000: 20.695: [ParNew
Desired survivor size 262144 bytes, new threshold 1 (max 6)
- age   1:     483480 bytes,     483480 total
: 4927K->512K(4928K), 0.0036354 secs] 38126K->34021K(50936K), 0.0036963 secs] [Times: user=0.01 sys=0.00, real=0.00 secs] 
Heap after GC invocations=743 (full 6):
 par new generation   total 4928K, used 512K [0x00000000f0800000, 0x00000000f0d50000, 0x00000000f5a00000)
  eden space 4416K,   0% used [0x00000000f0800000, 0x00000000f0800000, 0x00000000f0c50000)
  from space 512K, 100% used [0x00000000f0cd0000, 0x00000000f0d50000, 0x00000000f0d50000)
  to   space 512K,   0% used [0x00000000f0c50000, 0x00000000f0c50000, 0x00000000f0cd0000)
 concurrent mark-sweep generation total 46008K, used 33509K [0x00000000f5a00000, 0x00000000f86ee000, 0x0000000100000000)
 Metaspace       used 48701K, capacity 50546K, committed 50840K, reserved 1093632K
  class space    used 6331K, capacity 6699K, committed 6808K, reserved 1048576K
}
2019-10-16T14:17:00.847+0000: 20.699: Total time for which application threads were stopped: 0.0038373 seconds, Stopping threads took: 0.0000268 seconds
{Heap before GC invocations=743 (full 6):
 par new generation   total 4928K, used 4928K [0x00000000f0800000, 0x00000000f0d50000, 0x00000000f5a00000)
  eden space 4416K, 100% used [0x00000000f0800000, 0x00000000f0c50000, 0x00000000f0c50000)
  from space 512K, 100% used [0x00000000f0cd0000, 0x00000000f0d50000, 0x00000000f0d50000)
  to   space 512K,   0% used [0x00000000f0c50000, 0x00000000f0c50000, 0x00000000f0cd0000)
 concurrent mark-sweep generation total 46008K, used 33509K [0x00000000f5a00000, 0x00000000f86ee000, 0x0000000100000000)
 Metaspace       used 48724K, capacity 50546K, committed 50840K, reserved 1093632K
  class space    used 6331K, capacity 6699K, committed 6808K, reserved 1048576K
2019-10-16T14:17:00.882+0000: 20.734: [GC (Allocation Failure) 2019-10-16T14:17:00.882+0000: 20.734: [ParNew
Desired survivor size 262144 bytes, new threshold 1 (max 6)
- age   1:     522520 bytes,     522520 total
: 4928K->511K(4928K), 0.0026470 secs] 38437K->34200K(50936K), 0.0027125 secs] [Times: user=0.01 sys=0.00, real=0.01 secs] 
Heap after GC invocations=744 (full 6):
 par new generation   total 4928K, used 511K [0x00000000f0800000, 0x00000000f0d50000, 0x00000000f5a00000)
  eden space 4416K,   0% used [0x00000000f0800000, 0x00000000f0800000, 0x00000000f0c50000)
  from space 512K,  99% used [0x00000000f0c50000, 0x00000000f0ccfff8, 0x00000000f0cd0000)
  to   space 512K,   0% used [0x00000000f0cd0000, 0x00000000f0cd0000, 0x00000000f0d50000)
 concurrent mark-sweep generation total 46008K, used 33688K [0x00000000f5a00000, 0x00000000f86ee000, 0x0000000100000000)
 Metaspace       used 48724K, capacity 50546K, committed 50840K, reserved 1093632K
  class space    used 6331K, capacity 6699K, committed 6808K, reserved 1048576K
}
2019-10-16T14:17:00.885+0000: 20.737: Total time for which application threads were stopped: 0.0028506 seconds, Stopping threads took: 0.0000272 seconds
{Heap before GC invocations=744 (full 6):
 par new generation   total 4928K, used 4927K [0x00000000f0800000, 0x00000000f0d50000, 0x00000000f5a00000)
  eden space 4416K, 100% used [0x00000000f0800000, 0x00000000f0c50000, 0x00000000f0c50000)
  from space 512K,  99% used [0x00000000f0c50000, 0x00000000f0ccfff8, 0x00000000f0cd0000)
  to   space 512K,   0% used [0x00000000f0cd0000, 0x00000000f0cd0000, 0x00000000f0d50000)
 concurrent mark-sweep generation total 46008K, used 33688K [0x00000000f5a00000, 0x00000000f86ee000, 0x0000000100000000)
 Metaspace       used 48726K, capacity 50546K, committed 50840K, reserved 1093632K
  class space    used 6331K, capacity 6699K, committed 6808K, reserved 1048576K
2019-10-16T14:17:00.914+0000: 20.766: [GC (Allocation Failure) 2019-10-16T14:17:00.914+0000: 20.766: [ParNew
Desired survivor size 262144 bytes, new threshold 1 (max 6)
- age   1:     492712 bytes,     492712 total
: 4927K->511K(4928K), 0.0026240 secs] 38616K->34409K(50936K), 0.0026786 secs] [Times: user=0.00 sys=0.00, real=0.00 secs] 
Heap after GC invocations=745 (full 6):
 par new generation   total 4928K, used 511K [0x00000000f0800000, 0x00000000f0d50000, 0x00000000f5a00000)
  eden space 4416K,   0% used [0x00000000f0800000, 0x00000000f0800000, 0x00000000f0c50000)
  from space 512K,  99% used [0x00000000f0cd0000, 0x00000000f0d4fff0, 0x00000000f0d50000)
  to   space 512K,   0% used [0x00000000f0c50000, 0x00000000f0c50000, 0x00000000f0cd0000)
 concurrent mark-sweep generation total 46008K, used 33897K [0x00000000f5a00000, 0x00000000f86ee000, 0x0000000100000000)
 Metaspace       used 48726K, capacity 50546K, committed 50840K, reserved 1093632K
  class space    used 6331K, capacity 6699K, committed 6808K, reserved 1048576K
}
2019-10-16T14:17:00.917+0000: 20.769: Total time for which application threads were stopped: 0.0028098 seconds, Stopping threads took: 0.0000269 seconds
{Heap before GC invocations=745 (full 6):
 par new generation   total 4928K, used 4927K [0x00000000f0800000, 0x00000000f0d50000, 0x00000000f5a00000)
  eden space 4416K, 100% used [0x00000000f0800000, 0x00000000f0c50000, 0x00000000f0c50000)
  from space 512K,  99% used [0x00000000f0cd0000, 0x00000000f0d4fff0, 0x00000000f0d50000)
  to   space 512K,   0% used [0x00000000f0c50000, 0x00000000f0c50000, 0x00000000f0cd0000)
 concurrent mark-sweep generation total 46008K, used 33897K [0x00000000f5a00000, 0x00000000f86ee000, 0x0000000100000000)
 Metaspace       used 48730K, capacity 50546K, committed 50840K, reserved 1093632K
  class space    used 6331K, capacity 6699K, committed 6808K, reserved 1048576K
2019-10-16T14:17:00.939+0000: 20.791: [GC (Allocation Failure) 2019-10-16T14:17:00.939+0000: 20.791: [ParNew
Desired survivor size 262144 bytes, new threshold 1 (max 6)
- age   1:     515112 bytes,     515112 total
: 4927K->511K(4928K), 0.0023973 secs] 38825K->34529K(50936K), 0.0024579 secs] [Times: user=0.00 sys=0.00, real=0.00 secs] 
Heap after GC invocations=746 (full 6):
 par new generation   total 4928K, used 511K [0x00000000f0800000, 0x00000000f0d50000, 0x00000000f5a00000)
  eden space 4416K,   0% used [0x00000000f0800000, 0x00000000f0800000, 0x00000000f0c50000)
  from space 512K,  99% used [0x00000000f0c50000, 0x00000000f0ccff90, 0x00000000f0cd0000)
  to   space 512K,   0% used [0x00000000f0cd0000, 0x00000000f0cd0000, 0x00000000f0d50000)
 concurrent mark-sweep generation total 46008K, used 34017K [0x00000000f5a00000, 0x00000000f86ee000, 0x0000000100000000)
 Metaspace       used 48730K, capacity 50546K, committed 50840K, reserved 1093632K
  class space    used 6331K, capacity 6699K, committed 6808K, reserved 1048576K
}
2019-10-16T14:17:00.942+0000: 20.794: Total time for which application threads were stopped: 0.0025975 seconds, Stopping threads took: 0.0000268 seconds
{Heap before GC invocations=746 (full 6):
 par new generation   total 4928K, used 4914K [0x00000000f0800000, 0x00000000f0d50000, 0x00000000f5a00000)
  eden space 4416K,  99% used [0x00000000f0800000, 0x00000000f0c4c8a8, 0x00000000f0c50000)
  from space 512K,  99% used [0x00000000f0c50000, 0x00000000f0ccff90, 0x00000000f0cd0000)
  to   space 512K,   0% used [0x00000000f0cd0000, 0x00000000f0cd0000, 0x00000000f0d50000)
 concurrent mark-sweep generation total 46008K, used 34017K [0x00000000f5a00000, 0x00000000f86ee000, 0x0000000100000000)
 Metaspace       used 48730K, capacity 50546K, committed 50840K, reserved 1093632K
  class space    used 6331K, capacity 6699K, committed 6808K, reserved 1048576K
2019-10-16T14:17:00.966+0000: 20.818: [GC (Allocation Failure) 2019-10-16T14:17:00.966+0000: 20.818: [ParNew
Desired survivor size 262144 bytes, new threshold 1 (max 6)
- age   1:     522672 bytes,     522672 total
: 4914K->512K(4928K), 0.0029429 secs] 38931K->35132K(50936K), 0.0029956 secs] [Times: user=0.01 sys=0.00, real=0.00 secs] 
Heap after GC invocations=747 (full 6):
 par new generation   total 4928K, used 512K [0x00000000f0800000, 0x00000000f0d50000, 0x00000000f5a00000)
  eden space 4416K,   0% used [0x00000000f0800000, 0x00000000f0800000, 0x00000000f0c50000)
  from space 512K, 100% used [0x00000000f0cd0000, 0x00000000f0d50000, 0x00000000f0d50000)
  to   space 512K,   0% used [0x00000000f0c50000, 0x00000000f0c50000, 0x00000000f0cd0000)
 concurrent mark-sweep generation total 46008K, used 34620K [0x00000000f5a00000, 0x00000000f86ee000, 0x0000000100000000)
 Metaspace       used 48730K, capacity 50546K, committed 50840K, reserved 1093632K
  class space    used 6331K, capacity 6699K, committed 6808K, reserved 1048576K
}
2019-10-16T14:17:00.969+0000: 20.821: Total time for which application threads were stopped: 0.0031320 seconds, Stopping threads took: 0.0000191 seconds
2019-10-16T14:17:00.975+0000: 20.827: [GC (CMS Initial Mark) [1 CMS-initial-mark: 34620K(46008K)] 36077K(50936K), 0.0018085 secs] [Times: user=0.01 sys=0.00, real=0.00 secs] 
2019-10-16T14:17:00.977+0000: 20.829: Total time for which application threads were stopped: 0.0018828 seconds, Stopping threads took: 0.0000146 seconds
2019-10-16T14:17:00.977+0000: 20.829: [CMS-concurrent-mark-start]
{Heap before GC invocations=747 (full 7):
 par new generation   total 4928K, used 4928K [0x00000000f0800000, 0x00000000f0d50000, 0x00000000f5a00000)
  eden space 4416K, 100% used [0x00000000f0800000, 0x00000000f0c50000, 0x00000000f0c50000)
  from space 512K, 100% used [0x00000000f0cd0000, 0x00000000f0d50000, 0x00000000f0d50000)
  to   space 512K,   0% used [0x00000000f0c50000, 0x00000000f0c50000, 0x00000000f0cd0000)
 concurrent mark-sweep generation total 46008K, used 34620K [0x00000000f5a00000, 0x00000000f86ee000, 0x0000000100000000)
 Metaspace       used 48730K, capacity 50546K, committed 50840K, reserved 1093632K
  class space    used 6331K, capacity 6699K, committed 6808K, reserved 1048576K
2019-10-16T14:17:00.994+0000: 20.846: [GC (Allocation Failure) 2019-10-16T14:17:00.994+0000: 20.846: [ParNew
Desired survivor size 262144 bytes, new threshold 1 (max 6)
- age   1:     359392 bytes,     359392 total
: 4928K->400K(4928K), 0.0020682 secs] 39548K->35020K(50936K), 0.0021240 secs] [Times: user=0.00 sys=0.00, real=0.00 secs] 
Heap after GC invocations=748 (full 7):
 par new generation   total 4928K, used 400K [0x00000000f0800000, 0x00000000f0d50000, 0x00000000f5a00000)
  eden space 4416K,   0% used [0x00000000f0800000, 0x00000000f0800000, 0x00000000f0c50000)
  from space 512K,  78% used [0x00000000f0c50000, 0x00000000f0cb4038, 0x00000000f0cd0000)
  to   space 512K,   0% used [0x00000000f0cd0000, 0x00000000f0cd0000, 0x00000000f0d50000)
 concurrent mark-sweep generation total 46008K, used 34620K [0x00000000f5a00000, 0x00000000f86ee000, 0x0000000100000000)
 Metaspace       used 48730K, capacity 50546K, committed 50840K, reserved 1093632K
  class space    used 6331K, capacity 6699K, committed 6808K, reserved 1048576K
}
2019-10-16T14:17:00.996+0000: 20.848: Total time for which application threads were stopped: 0.0022538 seconds, Stopping threads took: 0.0000165 seconds
{Heap before GC invocations=748 (full 7):
 par new generation   total 4928K, used 3493K [0x00000000f0800000, 0x00000000f0d50000, 0x00000000f5a00000)
  eden space 4416K,  70% used [0x00000000f0800000, 0x00000000f0b05680, 0x00000000f0c50000)
  from space 512K,  78% used [0x00000000f0c50000, 0x00000000f0cb4038, 0x00000000f0cd0000)
  to   space 512K,   0% used [0x00000000f0cd0000, 0x00000000f0cd0000, 0x00000000f0d50000)
 concurrent mark-sweep generation total 46008K, used 34620K [0x00000000f5a00000, 0x00000000f86ee000, 0x0000000100000000)
 Metaspace       used 48730K, capacity 50546K, committed 50840K, reserved 1093632K
  class space    used 6331K, capacity 6699K, committed 6808K, reserved 1048576K
2019-10-16T14:17:01.010+0000: 20.862: [GC (Allocation Failure) 2019-10-16T14:17:01.010+0000: 20.862: [ParNew
Desired survivor size 262144 bytes, new threshold 1 (max 6)
- age   1:     521560 bytes,     521560 total
: 3493K->512K(4928K), 0.0037663 secs] 38113K->37122K(50936K), 0.0038140 secs] [Times: user=0.01 sys=0.00, real=0.00 secs] 
Heap after GC invocations=749 (full 7):
 par new generation   total 4928K, used 512K [0x00000000f0800000, 0x00000000f0d50000, 0x00000000f5a00000)
  eden space 4416K,   0% used [0x00000000f0800000, 0x00000000f0800000, 0x00000000f0c50000)
  from space 512K, 100% used [0x00000000f0cd0000, 0x00000000f0d50000, 0x00000000f0d50000)
  to   space 512K,   0% used [0x00000000f0c50000, 0x00000000f0c50000, 0x00000000f0cd0000)
 concurrent mark-sweep generation total 46008K, used 36610K [0x00000000f5a00000, 0x00000000f86ee000, 0x0000000100000000)
 Metaspace       used 48730K, capacity 50546K, committed 50840K, reserved 1093632K
  class space    used 6331K, capacity 6699K, committed 6808K, reserved 1048576K
}
2019-10-16T14:17:01.014+0000: 20.866: Total time for which application threads were stopped: 0.0039449 seconds, Stopping threads took: 0.0000205 seconds
{Heap before GC invocations=749 (full 7):
 par new generation   total 4928K, used 4928K [0x00000000f0800000, 0x00000000f0d50000, 0x00000000f5a00000)
  eden space 4416K, 100% used [0x00000000f0800000, 0x00000000f0c50000, 0x00000000f0c50000)
  from space 512K, 100% used [0x00000000f0cd0000, 0x00000000f0d50000, 0x00000000f0d50000)
  to   space 512K,   0% used [0x00000000f0c50000, 0x00000000f0c50000, 0x00000000f0cd0000)
 concurrent mark-sweep generation total 46008K, used 36610K [0x00000000f5a00000, 0x00000000f86ee000, 0x0000000100000000)
 Metaspace       used 48730K, capacity 50546K, committed 50840K, reserved 1093632K
  class space    used 6331K, capacity 6699K, committed 6808K, reserved 1048576K
2019-10-16T14:17:01.029+0000: 20.881: [GC (Allocation Failure) 2019-10-16T14:17:01.029+0000: 20.881: [ParNew
Desired survivor size 262144 bytes, new threshold 1 (max 6)
- age   1:     521600 bytes,     521600 total
: 4928K->512K(4928K), 0.0034918 secs] 41538K->38580K(50936K), 0.0035527 secs] [Times: user=0.00 sys=0.00, real=0.01 secs] 
Heap after GC invocations=750 (full 7):
 par new generation   total 4928K, used 512K [0x00000000f0800000, 0x00000000f0d50000, 0x00000000f5a00000)
  eden space 4416K,   0% used [0x00000000f0800000, 0x00000000f0800000, 0x00000000f0c50000)
  from space 512K, 100% used [0x00000000f0c50000, 0x00000000f0cd0000, 0x00000000f0cd0000)
  to   space 512K,   0% used [0x00000000f0cd0000, 0x00000000f0cd0000, 0x00000000f0d50000)
 concurrent mark-sweep generation total 46008K, used 38068K [0x00000000f5a00000, 0x00000000f86ee000, 0x0000000100000000)
 Metaspace       used 48730K, capacity 50546K, committed 50840K, reserved 1093632K
  class space    used 6331K, capacity 6699K, committed 6808K, reserved 1048576K
}
2019-10-16T14:17:01.032+0000: 20.885: Total time for which application threads were stopped: 0.0036828 seconds, Stopping threads took: 0.0000201 seconds
{Heap before GC invocations=750 (full 7):
 par new generation   total 4928K, used 4928K [0x00000000f0800000, 0x00000000f0d50000, 0x00000000f5a00000)
  eden space 4416K, 100% used [0x00000000f0800000, 0x00000000f0c50000, 0x00000000f0c50000)
  from space 512K, 100% used [0x00000000f0c50000, 0x00000000f0cd0000, 0x00000000f0cd0000)
  to   space 512K,   0% used [0x00000000f0cd0000, 0x00000000f0cd0000, 0x00000000f0d50000)
 concurrent mark-sweep generation total 46008K, used 38068K [0x00000000f5a00000, 0x00000000f86ee000, 0x0000000100000000)
 Metaspace       used 48730K, capacity 50546K, committed 50840K, reserved 1093632K
  class space    used 6331K, capacity 6699K, committed 6808K, reserved 1048576K
2019-10-16T14:17:01.054+0000: 20.906: [GC (Allocation Failure) 2019-10-16T14:17:01.054+0000: 20.906: [ParNew
Desired survivor size 262144 bytes, new threshold 1 (max 6)
- age   1:     522560 bytes,     522560 total
: 4928K->512K(4928K), 0.0035634 secs] 42996K->40260K(50936K), 0.0036172 secs] [Times: user=0.01 sys=0.00, real=0.00 secs] 
Heap after GC invocations=751 (full 7):
 par new generation   total 4928K, used 512K [0x00000000f0800000, 0x00000000f0d50000, 0x00000000f5a00000)
  eden space 4416K,   0% used [0x00000000f0800000, 0x00000000f0800000, 0x00000000f0c50000)
  from space 512K, 100% used [0x00000000f0cd0000, 0x00000000f0d50000, 0x00000000f0d50000)
  to   space 512K,   0% used [0x00000000f0c50000, 0x00000000f0c50000, 0x00000000f0cd0000)
 concurrent mark-sweep generation total 46008K, used 39748K [0x00000000f5a00000, 0x00000000f86ee000, 0x0000000100000000)
 Metaspace       used 48730K, capacity 50546K, committed 50840K, reserved 1093632K
  class space    used 6331K, capacity 6699K, committed 6808K, reserved 1048576K
}
2019-10-16T14:17:01.058+0000: 20.910: Total time for which application threads were stopped: 0.0037508 seconds, Stopping threads took: 0.0000211 seconds
{Heap before GC invocations=751 (full 7):
 par new generation   total 4928K, used 4172K [0x00000000f0800000, 0x00000000f0d50000, 0x00000000f5a00000)
  eden space 4416K,  82% used [0x00000000f0800000, 0x00000000f0b93318, 0x00000000f0c50000)
  from space 512K, 100% used [0x00000000f0cd0000, 0x00000000f0d50000, 0x00000000f0d50000)
  to   space 512K,   0% used [0x00000000f0c50000, 0x00000000f0c50000, 0x00000000f0cd0000)
 concurrent mark-sweep generation total 46008K, used 39748K [0x00000000f5a00000, 0x00000000f86ee000, 0x0000000100000000)
 Metaspace       used 48731K, capacity 50546K, committed 50840K, reserved 1093632K
  class space    used 6331K, capacity 6699K, committed 6808K, reserved 1048576K
2019-10-16T14:17:01.093+0000: 20.945: [GC (Allocation Failure) 2019-10-16T14:17:01.093+0000: 20.945: [ParNew
Desired survivor size 262144 bytes, new threshold 1 (max 6)
- age   1:     522744 bytes,     522744 total
: 4172K->512K(4928K), 0.0050098 secs] 43921K->43793K(50936K), 0.0050662 secs] [Times: user=0.01 sys=0.00, real=0.00 secs] 
Heap after GC invocations=752 (full 7):
 par new generation   total 4928K, used 512K [0x00000000f0800000, 0x00000000f0d50000, 0x00000000f5a00000)
  eden space 4416K,   0% used [0x00000000f0800000, 0x00000000f0800000, 0x00000000f0c50000)
  from space 512K, 100% used [0x00000000f0c50000, 0x00000000f0cd0000, 0x00000000f0cd0000)
  to   space 512K,   0% used [0x00000000f0cd0000, 0x00000000f0cd0000, 0x00000000f0d50000)
 concurrent mark-sweep generation total 46008K, used 43281K [0x00000000f5a00000, 0x00000000f86ee000, 0x0000000100000000)
 Metaspace       used 48731K, capacity 50546K, committed 50840K, reserved 1093632K
  class space    used 6331K, capacity 6699K, committed 6808K, reserved 1048576K
}
2019-10-16T14:17:01.098+0000: 20.950: Total time for which application threads were stopped: 0.0052025 seconds, Stopping threads took: 0.0000172 seconds
2019-10-16T14:17:01.100+0000: 20.952: [CMS-concurrent-mark: 0.116/0.123 secs] [Times: user=0.11 sys=0.00, real=0.12 secs] 
2019-10-16T14:17:01.100+0000: 20.952: [CMS-concurrent-preclean-start]
2019-10-16T14:17:01.100+0000: 20.953: [CMS-concurrent-preclean: 0.001/0.001 secs] [Times: user=0.00 sys=0.00, real=0.00 secs] 
2019-10-16T14:17:01.100+0000: 20.953: [CMS-concurrent-abortable-preclean-start]
{Heap before GC invocations=752 (full 7):
 par new generation   total 4928K, used 4928K [0x00000000f0800000, 0x00000000f0d50000, 0x00000000f5a00000)
  eden space 4416K, 100% used [0x00000000f0800000, 0x00000000f0c50000, 0x00000000f0c50000)
  from space 512K, 100% used [0x00000000f0c50000, 0x00000000f0cd0000, 0x00000000f0cd0000)
  to   space 512K,   0% used [0x00000000f0cd0000, 0x00000000f0cd0000, 0x00000000f0d50000)
 concurrent mark-sweep generation total 46008K, used 43281K [0x00000000f5a00000, 0x00000000f86ee000, 0x0000000100000000)
 Metaspace       used 48731K, capacity 50546K, committed 50840K, reserved 1093632K
  class space    used 6331K, capacity 6699K, committed 6808K, reserved 1048576K
2019-10-16T14:17:01.110+0000: 20.962: [GC (Allocation Failure) 2019-10-16T14:17:01.110+0000: 20.962: [ParNew
Desired survivor size 262144 bytes, new threshold 1 (max 6)
- age   1:     521552 bytes,     521552 total
: 4928K->512K(4928K), 0.0023304 secs] 48209K->44307K(50936K), 0.0023750 secs] [Times: user=0.00 sys=0.00, real=0.00 secs] 
Heap after GC invocations=753 (full 7):
 par new generation   total 4928K, used 512K [0x00000000f0800000, 0x00000000f0d50000, 0x00000000f5a00000)
  eden space 4416K,   0% used [0x00000000f0800000, 0x00000000f0800000, 0x00000000f0c50000)
  from space 512K, 100% used [0x00000000f0cd0000, 0x00000000f0d50000, 0x00000000f0d50000)
  to   space 512K,   0% used [0x00000000f0c50000, 0x00000000f0c50000, 0x00000000f0cd0000)
 concurrent mark-sweep generation total 46008K, used 43795K [0x00000000f5a00000, 0x00000000f86ee000, 0x0000000100000000)
 Metaspace       used 48731K, capacity 50546K, committed 50840K, reserved 1093632K
  class space    used 6331K, capacity 6699K, committed 6808K, reserved 1048576K
}
2019-10-16T14:17:01.113+0000: 20.965: Total time for which application threads were stopped: 0.0025114 seconds, Stopping threads took: 0.0000333 seconds
{Heap before GC invocations=753 (full 7):
 par new generation   total 4928K, used 3353K [0x00000000f0800000, 0x00000000f0d50000, 0x00000000f5a00000)
  eden space 4416K,  64% used [0x00000000f0800000, 0x00000000f0ac6438, 0x00000000f0c50000)
  from space 512K, 100% used [0x00000000f0cd0000, 0x00000000f0d50000, 0x00000000f0d50000)
  to   space 512K,   0% used [0x00000000f0c50000, 0x00000000f0c50000, 0x00000000f0cd0000)
 concurrent mark-sweep generation total 46008K, used 43795K [0x00000000f5a00000, 0x00000000f86ee000, 0x0000000100000000)
 Metaspace       used 48731K, capacity 50546K, committed 50840K, reserved 1093632K
  class space    used 6331K, capacity 6699K, committed 6808K, reserved 1048576K
2019-10-16T14:17:01.124+0000: 20.976: [GC (Allocation Failure) 2019-10-16T14:17:01.124+0000: 20.976: [ParNew
Desired survivor size 262144 bytes, new threshold 1 (max 6)
- age   1:     524160 bytes,     524160 total
: 3353K->512K(4928K), 0.0028462 secs] 47148K->45791K(50936K), 0.0029000 secs] [Times: user=0.00 sys=0.00, real=0.00 secs] 
Heap after GC invocations=754 (full 7):
 par new generation   total 4928K, used 512K [0x00000000f0800000, 0x00000000f0d50000, 0x00000000f5a00000)
  eden space 4416K,   0% used [0x00000000f0800000, 0x00000000f0800000, 0x00000000f0c50000)
  from space 512K, 100% used [0x00000000f0c50000, 0x00000000f0cd0000, 0x00000000f0cd0000)
  to   space 512K,   0% used [0x00000000f0cd0000, 0x00000000f0cd0000, 0x00000000f0d50000)
 concurrent mark-sweep generation total 46008K, used 45279K [0x00000000f5a00000, 0x00000000f86ee000, 0x0000000100000000)
 Metaspace       used 48731K, capacity 50546K, committed 50840K, reserved 1093632K
  class space    used 6331K, capacity 6699K, committed 6808K, reserved 1048576K
}
2019-10-16T14:17:01.127+0000: 20.979: Total time for which application threads were stopped: 0.0030176 seconds, Stopping threads took: 0.0000163 seconds
{Heap before GC invocations=754 (full 7):
 par new generation   total 4928K, used 4618K [0x00000000f0800000, 0x00000000f0d50000, 0x00000000f5a00000)
  eden space 4416K,  92% used [0x00000000f0800000, 0x00000000f0c02a00, 0x00000000f0c50000)
  from space 512K, 100% used [0x00000000f0c50000, 0x00000000f0cd0000, 0x00000000f0cd0000)
  to   space 512K,   0% used [0x00000000f0cd0000, 0x00000000f0cd0000, 0x00000000f0d50000)
 concurrent mark-sweep generation total 46008K, used 45279K [0x00000000f5a00000, 0x00000000f86ee000, 0x0000000100000000)
 Metaspace       used 48731K, capacity 50546K, committed 50840K, reserved 1093632K
  class space    used 6331K, capacity 6699K, committed 6808K, reserved 1048576K
2019-10-16T14:17:01.143+0000: 20.995: [GC (Allocation Failure) 2019-10-16T14:17:01.143+0000: 20.995: [ParNew
Desired survivor size 262144 bytes, new threshold 1 (max 6)
- age   1:     521704 bytes,     521704 total
: 4618K->511K(4928K), 0.0024608 secs] 49898K->46642K(51512K), 0.0025094 secs] [Times: user=0.01 sys=0.00, real=0.00 secs] 
Heap after GC invocations=755 (full 7):
 par new generation   total 4928K, used 511K [0x00000000f0800000, 0x00000000f0d50000, 0x00000000f5a00000)
  eden space 4416K,   0% used [0x00000000f0800000, 0x00000000f0800000, 0x00000000f0c50000)
  from space 512K,  99% used [0x00000000f0cd0000, 0x00000000f0d4fd70, 0x00000000f0d50000)
  to   space 512K,   0% used [0x00000000f0c50000, 0x00000000f0c50000, 0x00000000f0cd0000)
 concurrent mark-sweep generation total 46584K, used 46130K [0x00000000f5a00000, 0x00000000f877e000, 0x0000000100000000)
 Metaspace       used 48731K, capacity 50546K, committed 50840K, reserved 1093632K
  class space    used 6331K, capacity 6699K, committed 6808K, reserved 1048576K
}
2019-10-16T14:17:01.146+0000: 20.998: Total time for which application threads were stopped: 0.0026340 seconds, Stopping threads took: 0.0000190 seconds
{Heap before GC invocations=755 (full 7):
 par new generation   total 4928K, used 4859K [0x00000000f0800000, 0x00000000f0d50000, 0x00000000f5a00000)
  eden space 4416K,  98% used [0x00000000f0800000, 0x00000000f0c3f260, 0x00000000f0c50000)
  from space 512K,  99% used [0x00000000f0cd0000, 0x00000000f0d4fd70, 0x00000000f0d50000)
  to   space 512K,   0% used [0x00000000f0c50000, 0x00000000f0c50000, 0x00000000f0cd0000)
 concurrent mark-sweep generation total 46584K, used 46130K [0x00000000f5a00000, 0x00000000f877e000, 0x0000000100000000)
 Metaspace       used 48731K, capacity 50546K, committed 50840K, reserved 1093632K
  class space    used 6331K, capacity 6699K, committed 6808K, reserved 1048576K
2019-10-16T14:17:01.158+0000: 21.010: [GC (Allocation Failure) 2019-10-16T14:17:01.158+0000: 21.010: [ParNew
Desired survivor size 262144 bytes, new threshold 6 (max 6)
- age   1:     108992 bytes,     108992 total
: 4859K->510K(4928K), 0.0025504 secs] 50990K->47146K(52088K), 0.0026008 secs] [Times: user=0.00 sys=0.00, real=0.00 secs] 
Heap after GC invocations=756 (full 7):
 par new generation   total 4928K, used 510K [0x00000000f0800000, 0x00000000f0d50000, 0x00000000f5a00000)
  eden space 4416K,   0% used [0x00000000f0800000, 0x00000000f0800000, 0x00000000f0c50000)
  from space 512K,  99% used [0x00000000f0c50000, 0x00000000f0ccf9f8, 0x00000000f0cd0000)
  to   space 512K,   0% used [0x00000000f0cd0000, 0x00000000f0cd0000, 0x00000000f0d50000)
 concurrent mark-sweep generation total 47160K, used 46635K [0x00000000f5a00000, 0x00000000f880e000, 0x0000000100000000)
 Metaspace       used 48731K, capacity 50546K, committed 50840K, reserved 1093632K
  class space    used 6331K, capacity 6699K, committed 6808K, reserved 1048576K
}
2019-10-16T14:17:01.160+0000: 21.012: Total time for which application threads were stopped: 0.0027528 seconds, Stopping threads took: 0.0000200 seconds
{Heap before GC invocations=756 (full 7):
 par new generation   total 4928K, used 4926K [0x00000000f0800000, 0x00000000f0d50000, 0x00000000f5a00000)
  eden space 4416K, 100% used [0x00000000f0800000, 0x00000000f0c50000, 0x00000000f0c50000)
  from space 512K,  99% used [0x00000000f0c50000, 0x00000000f0ccf9f8, 0x00000000f0cd0000)
  to   space 512K,   0% used [0x00000000f0cd0000, 0x00000000f0cd0000, 0x00000000f0d50000)
 concurrent mark-sweep generation total 47160K, used 46635K [0x00000000f5a00000, 0x00000000f880e000, 0x0000000100000000)
 Metaspace       used 48731K, capacity 50546K, committed 50840K, reserved 1093632K
  class space    used 6331K, capacity 6699K, committed 6808K, reserved 1048576K
2019-10-16T14:17:01.183+0000: 21.035: [GC (Allocation Failure) 2019-10-16T14:17:01.183+0000: 21.035: [ParNew
Desired survivor size 262144 bytes, new threshold 1 (max 6)
- age   1:     517680 bytes,     517680 total
- age   2:         40 bytes,     517720 total
: 4926K->512K(4928K), 0.0066865 secs] 51562K->48755K(53624K), 0.0067482 secs] [Times: user=0.00 sys=0.00, real=0.00 secs] 
Heap after GC invocations=757 (full 7):
 par new generation   total 4928K, used 512K [0x00000000f0800000, 0x00000000f0d50000, 0x00000000f5a00000)
  eden space 4416K,   0% used [0x00000000f0800000, 0x00000000f0800000, 0x00000000f0c50000)
  from space 512K, 100% used [0x00000000f0cd0000, 0x00000000f0d50000, 0x00000000f0d50000)
  to   space 512K,   0% used [0x00000000f0c50000, 0x00000000f0c50000, 0x00000000f0cd0000)
 concurrent mark-sweep generation total 48696K, used 48243K [0x00000000f5a00000, 0x00000000f898e000, 0x0000000100000000)
 Metaspace       used 48731K, capacity 50546K, committed 50840K, reserved 1093632K
  class space    used 6331K, capacity 6699K, committed 6808K, reserved 1048576K
}
2019-10-16T14:17:01.190+0000: 21.042: Total time for which application threads were stopped: 0.0068785 seconds, Stopping threads took: 0.0000199 seconds
{Heap before GC invocations=757 (full 7):
 par new generation   total 4928K, used 4928K [0x00000000f0800000, 0x00000000f0d50000, 0x00000000f5a00000)
  eden space 4416K, 100% used [0x00000000f0800000, 0x00000000f0c50000, 0x00000000f0c50000)
  from space 512K, 100% used [0x00000000f0cd0000, 0x00000000f0d50000, 0x00000000f0d50000)
  to   space 512K,   0% used [0x00000000f0c50000, 0x00000000f0c50000, 0x00000000f0cd0000)
 concurrent mark-sweep generation total 48696K, used 48243K [0x00000000f5a00000, 0x00000000f898e000, 0x0000000100000000)
 Metaspace       used 48733K, capacity 50546K, committed 50840K, reserved 1093632K
  class space    used 6331K, capacity 6699K, committed 6808K, reserved 1048576K
2019-10-16T14:17:01.219+0000: 21.071: [GC (Allocation Failure) 2019-10-16T14:17:01.219+0000: 21.071: [ParNew
Desired survivor size 262144 bytes, new threshold 1 (max 6)
- age   1:     521784 bytes,     521784 total
: 4928K->512K(4928K), 0.0071355 secs] 53171K->53035K(58040K), 0.0071945 secs] [Times: user=0.00 sys=0.00, real=0.01 secs] 
Heap after GC invocations=758 (full 7):
 par new generation   total 4928K, used 512K [0x00000000f0800000, 0x00000000f0d50000, 0x00000000f5a00000)
  eden space 4416K,   0% used [0x00000000f0800000, 0x00000000f0800000, 0x00000000f0c50000)
  from space 512K, 100% used [0x00000000f0c50000, 0x00000000f0cd0000, 0x00000000f0cd0000)
  to   space 512K,   0% used [0x00000000f0cd0000, 0x00000000f0cd0000, 0x00000000f0d50000)
 concurrent mark-sweep generation total 53112K, used 52523K [0x00000000f5a00000, 0x00000000f8dde000, 0x0000000100000000)
 Metaspace       used 48733K, capacity 50546K, committed 50840K, reserved 1093632K
  class space    used 6331K, capacity 6699K, committed 6808K, reserved 1048576K
}
2019-10-16T14:17:01.226+0000: 21.078: Total time for which application threads were stopped: 0.0073761 seconds, Stopping threads took: 0.0000307 seconds
{Heap before GC invocations=758 (full 7):
 par new generation   total 4928K, used 956K [0x00000000f0800000, 0x00000000f0d50000, 0x00000000f5a00000)
  eden space 4416K,  10% used [0x00000000f0800000, 0x00000000f086f080, 0x00000000f0c50000)
  from space 512K, 100% used [0x00000000f0c50000, 0x00000000f0cd0000, 0x00000000f0cd0000)
  to   space 512K,   0% used [0x00000000f0cd0000, 0x00000000f0cd0000, 0x00000000f0d50000)
 concurrent mark-sweep generation total 53112K, used 52523K [0x00000000f5a00000, 0x00000000f8dde000, 0x0000000100000000)
 Metaspace       used 48733K, capacity 50546K, committed 50840K, reserved 1093632K
  class space    used 6331K, capacity 6699K, committed 6808K, reserved 1048576K
2019-10-16T14:17:01.234+0000: 21.086: [GC (Allocation Failure) 2019-10-16T14:17:01.234+0000: 21.086: [ParNew
Desired survivor size 262144 bytes, new threshold 1 (max 6)
- age   1:     397032 bytes,     397032 total
: 956K->486K(4928K), 0.0019235 secs]2019-10-16T14:17:01.236+0000: 21.088: [CMS2019-10-16T14:17:01.236+0000: 21.088: [CMS-concurrent-abortable-preclean: 0.009/0.136 secs] [Times: user=0.10 sys=0.03, real=0.14 secs] 
 (concurrent mode failure): 53032K->39292K(53496K), 0.1115225 secs] 53479K->39292K(58424K), [Metaspace: 48733K->48733K(1093632K)], 0.1136184 secs] [Times: user=0.12 sys=0.00, real=0.11 secs] 
Heap after GC invocations=759 (full 8):
 par new generation   total 29504K, used 0K [0x00000000f0800000, 0x00000000f2800000, 0x00000000f5a00000)
  eden space 26240K,   0% used [0x00000000f0800000, 0x00000000f0800000, 0x00000000f21a0000)
  from space 3264K,   0% used [0x00000000f21a0000, 0x00000000f21a0000, 0x00000000f24d0000)
  to   space 3264K,   0% used [0x00000000f24d0000, 0x00000000f24d0000, 0x00000000f2800000)
 concurrent mark-sweep generation total 65488K, used 39292K [0x00000000f5a00000, 0x00000000f99f4000, 0x0000000100000000)
 Metaspace       used 48733K, capacity 50546K, committed 50840K, reserved 1093632K
  class space    used 6331K, capacity 6699K, committed 6808K, reserved 1048576K
}
2019-10-16T14:17:01.348+0000: 21.200: Total time for which application threads were stopped: 0.1137790 seconds, Stopping threads took: 0.0000147 seconds
{Heap before GC invocations=759 (full 8):
 par new generation   total 29504K, used 24855K [0x00000000f0800000, 0x00000000f2800000, 0x00000000f5a00000)
  eden space 26240K,  94% used [0x00000000f0800000, 0x00000000f2045e68, 0x00000000f21a0000)
  from space 3264K,   0% used [0x00000000f21a0000, 0x00000000f21a0000, 0x00000000f24d0000)
  to   space 3264K,   0% used [0x00000000f24d0000, 0x00000000f24d0000, 0x00000000f2800000)
 concurrent mark-sweep generation total 65488K, used 39292K [0x00000000f5a00000, 0x00000000f99f4000, 0x0000000100000000)
 Metaspace       used 48733K, capacity 50546K, committed 50840K, reserved 1093632K
  class space    used 6331K, capacity 6699K, committed 6808K, reserved 1048576K
2019-10-16T14:17:01.430+0000: 21.282: [GC (Allocation Failure) 2019-10-16T14:17:01.430+0000: 21.282: [ParNew
Desired survivor size 1671168 bytes, new threshold 1 (max 6)
- age   1:    3334640 bytes,    3334640 total
: 24855K->3264K(29504K), 0.0081194 secs] 64147K->43325K(94992K), 0.0081776 secs] [Times: user=0.00 sys=0.00, real=0.01 secs] 
Heap after GC invocations=760 (full 8):
 par new generation   total 29504K, used 3264K [0x00000000f0800000, 0x00000000f2800000, 0x00000000f5a00000)
  eden space 26240K,   0% used [0x00000000f0800000, 0x00000000f0800000, 0x00000000f21a0000)
  from space 3264K, 100% used [0x00000000f24d0000, 0x00000000f2800000, 0x00000000f2800000)
  to   space 3264K,   0% used [0x00000000f21a0000, 0x00000000f21a0000, 0x00000000f24d0000)
 concurrent mark-sweep generation total 65488K, used 40061K [0x00000000f5a00000, 0x00000000f99f4000, 0x0000000100000000)
 Metaspace       used 48733K, capacity 50546K, committed 50840K, reserved 1093632K
  class space    used 6331K, capacity 6699K, committed 6808K, reserved 1048576K
}
2019-10-16T14:17:01.438+0000: 21.290: Total time for which application threads were stopped: 0.0083621 seconds, Stopping threads took: 0.0000289 seconds
{Heap before GC invocations=760 (full 8):
 par new generation   total 29504K, used 29504K [0x00000000f0800000, 0x00000000f2800000, 0x00000000f5a00000)
  eden space 26240K, 100% used [0x00000000f0800000, 0x00000000f21a0000, 0x00000000f21a0000)
  from space 3264K, 100% used [0x00000000f24d0000, 0x00000000f2800000, 0x00000000f2800000)
  to   space 3264K,   0% used [0x00000000f21a0000, 0x00000000f21a0000, 0x00000000f24d0000)
 concurrent mark-sweep generation total 65488K, used 40061K [0x00000000f5a00000, 0x00000000f99f4000, 0x0000000100000000)
 Metaspace       used 48733K, capacity 50546K, committed 50840K, reserved 1093632K
  class space    used 6331K, capacity 6699K, committed 6808K, reserved 1048576K
2019-10-16T14:17:01.515+0000: 21.367: [GC (Allocation Failure) 2019-10-16T14:17:01.515+0000: 21.367: [ParNew
Desired survivor size 1671168 bytes, new threshold 6 (max 6)
- age   1:     949568 bytes,     949568 total
: 29504K->2547K(29504K), 0.0044152 secs] 69565K->45861K(94992K), 0.0044926 secs] [Times: user=0.00 sys=0.00, real=0.00 secs] 
Heap after GC invocations=761 (full 8):
 par new generation   total 29504K, used 2547K [0x00000000f0800000, 0x00000000f2800000, 0x00000000f5a00000)
  eden space 26240K,   0% used [0x00000000f0800000, 0x00000000f0800000, 0x00000000f21a0000)
  from space 3264K,  78% used [0x00000000f21a0000, 0x00000000f241ce30, 0x00000000f24d0000)
  to   space 3264K,   0% used [0x00000000f24d0000, 0x00000000f24d0000, 0x00000000f2800000)
 concurrent mark-sweep generation total 65488K, used 43314K [0x00000000f5a00000, 0x00000000f99f4000, 0x0000000100000000)
 Metaspace       used 48733K, capacity 50546K, committed 50840K, reserved 1093632K
  class space    used 6331K, capacity 6699K, committed 6808K, reserved 1048576K
}
2019-10-16T14:17:01.519+0000: 21.371: Total time for which application threads were stopped: 0.0046297 seconds, Stopping threads took: 0.0000268 seconds
{Heap before GC invocations=761 (full 8):
 par new generation   total 29504K, used 25553K [0x00000000f0800000, 0x00000000f2800000, 0x00000000f5a00000)
  eden space 26240K,  87% used [0x00000000f0800000, 0x00000000f1e775d8, 0x00000000f21a0000)
  from space 3264K,  78% used [0x00000000f21a0000, 0x00000000f241ce30, 0x00000000f24d0000)
  to   space 3264K,   0% used [0x00000000f24d0000, 0x00000000f24d0000, 0x00000000f2800000)
 concurrent mark-sweep generation total 65488K, used 43314K [0x00000000f5a00000, 0x00000000f99f4000, 0x0000000100000000)
 Metaspace       used 48733K, capacity 50546K, committed 50840K, reserved 1093632K
  class space    used 6331K, capacity 6699K, committed 6808K, reserved 1048576K
2019-10-16T14:17:01.610+0000: 21.462: [GC (Allocation Failure) 2019-10-16T14:17:01.610+0000: 21.462: [ParNew
Desired survivor size 1671168 bytes, new threshold 1 (max 6)
- age   1:    3332440 bytes,    3332440 total
: 25553K->3264K(29504K), 0.0050000 secs] 68867K->50239K(94992K), 0.0050589 secs] [Times: user=0.00 sys=0.00, real=0.01 secs] 
Heap after GC invocations=762 (full 8):
 par new generation   total 29504K, used 3264K [0x00000000f0800000, 0x00000000f2800000, 0x00000000f5a00000)
  eden space 26240K,   0% used [0x00000000f0800000, 0x00000000f0800000, 0x00000000f21a0000)
  from space 3264K, 100% used [0x00000000f24d0000, 0x00000000f2800000, 0x00000000f2800000)
  to   space 3264K,   0% used [0x00000000f21a0000, 0x00000000f21a0000, 0x00000000f24d0000)
 concurrent mark-sweep generation total 65488K, used 46975K [0x00000000f5a00000, 0x00000000f99f4000, 0x0000000100000000)
 Metaspace       used 48733K, capacity 50546K, committed 50840K, reserved 1093632K
  class space    used 6331K, capacity 6699K, committed 6808K, reserved 1048576K
}
2019-10-16T14:17:01.615+0000: 21.467: Total time for which application threads were stopped: 0.0052148 seconds, Stopping threads took: 0.0000326 seconds
{Heap before GC invocations=762 (full 8):
 par new generation   total 29504K, used 29504K [0x00000000f0800000, 0x00000000f2800000, 0x00000000f5a00000)
  eden space 26240K, 100% used [0x00000000f0800000, 0x00000000f21a0000, 0x00000000f21a0000)
  from space 3264K, 100% used [0x00000000f24d0000, 0x00000000f2800000, 0x00000000f2800000)
  to   space 3264K,   0% used [0x00000000f21a0000, 0x00000000f21a0000, 0x00000000f24d0000)
 concurrent mark-sweep generation total 65488K, used 46975K [0x00000000f5a00000, 0x00000000f99f4000, 0x0000000100000000)
 Metaspace       used 48733K, capacity 50546K, committed 50840K, reserved 1093632K
  class space    used 6331K, capacity 6699K, committed 6808K, reserved 1048576K
2019-10-16T14:17:01.670+0000: 21.522: [GC (Allocation Failure) 2019-10-16T14:17:01.670+0000: 21.522: [ParNew
Desired survivor size 1671168 bytes, new threshold 1 (max 6)
- age   1:    2081928 bytes,    2081928 total
: 29504K->2659K(29504K), 0.0048075 secs] 76479K->52888K(94992K), 0.0048729 secs] [Times: user=0.00 sys=0.00, real=0.00 secs] 
Heap after GC invocations=763 (full 8):
 par new generation   total 29504K, used 2659K [0x00000000f0800000, 0x00000000f2800000, 0x00000000f5a00000)
  eden space 26240K,   0% used [0x00000000f0800000, 0x00000000f0800000, 0x00000000f21a0000)
  from space 3264K,  81% used [0x00000000f21a0000, 0x00000000f2438c60, 0x00000000f24d0000)
  to   space 3264K,   0% used [0x00000000f24d0000, 0x00000000f24d0000, 0x00000000f2800000)
 concurrent mark-sweep generation total 65488K, used 50229K [0x00000000f5a00000, 0x00000000f99f4000, 0x0000000100000000)
 Metaspace       used 48733K, capacity 50546K, committed 50840K, reserved 1093632K
  class space    used 6331K, capacity 6699K, committed 6808K, reserved 1048576K
}
2019-10-16T14:17:01.675+0000: 21.527: Total time for which application threads were stopped: 0.0050199 seconds, Stopping threads took: 0.0000306 seconds
2019-10-16T14:17:01.677+0000: 21.529: [GC (CMS Initial Mark) [1 CMS-initial-mark: 50229K(65488K)] 53413K(94992K), 0.0019322 secs] [Times: user=0.00 sys=0.00, real=0.00 secs] 
2019-10-16T14:17:01.679+0000: 21.531: Total time for which application threads were stopped: 0.0020044 seconds, Stopping threads took: 0.0000124 seconds
2019-10-16T14:17:01.680+0000: 21.532: [CMS-concurrent-mark-start]
{Heap before GC invocations=763 (full 9):
 par new generation   total 29504K, used 28431K [0x00000000f0800000, 0x00000000f2800000, 0x00000000f5a00000)
  eden space 26240K,  98% used [0x00000000f0800000, 0x00000000f212b368, 0x00000000f21a0000)
  from space 3264K,  81% used [0x00000000f21a0000, 0x00000000f2438c60, 0x00000000f24d0000)
  to   space 3264K,   0% used [0x00000000f24d0000, 0x00000000f24d0000, 0x00000000f2800000)
 concurrent mark-sweep generation total 65488K, used 50229K [0x00000000f5a00000, 0x00000000f99f4000, 0x0000000100000000)
 Metaspace       used 48733K, capacity 50546K, committed 50840K, reserved 1093632K
  class space    used 6331K, capacity 6699K, committed 6808K, reserved 1048576K
2019-10-16T14:17:01.718+0000: 21.570: [GC (Allocation Failure) 2019-10-16T14:17:01.718+0000: 21.570: [ParNew
Desired survivor size 1671168 bytes, new threshold 6 (max 6)
- age   1:    1172656 bytes,    1172656 total
: 28431K->2189K(29504K), 0.0023786 secs] 78661K->52446K(94992K), 0.0024291 secs] [Times: user=0.00 sys=0.00, real=0.00 secs] 
Heap after GC invocations=764 (full 9):
 par new generation   total 29504K, used 2189K [0x00000000f0800000, 0x00000000f2800000, 0x00000000f5a00000)
  eden space 26240K,   0% used [0x00000000f0800000, 0x00000000f0800000, 0x00000000f21a0000)
  from space 3264K,  67% used [0x00000000f24d0000, 0x00000000f26f3500, 0x00000000f2800000)
  to   space 3264K,   0% used [0x00000000f21a0000, 0x00000000f21a0000, 0x00000000f24d0000)
 concurrent mark-sweep generation total 65488K, used 50256K [0x00000000f5a00000, 0x00000000f99f4000, 0x0000000100000000)
 Metaspace       used 48733K, capacity 50546K, committed 50840K, reserved 1093632K
  class space    used 6331K, capacity 6699K, committed 6808K, reserved 1048576K
}
2019-10-16T14:17:01.720+0000: 21.572: Total time for which application threads were stopped: 0.0025826 seconds, Stopping threads took: 0.0000204 seconds
2019-10-16T14:17:01.758+0000: 21.610: [CMS-concurrent-mark: 0.078/0.078 secs] [Times: user=0.06 sys=0.02, real=0.08 secs] 
2019-10-16T14:17:01.758+0000: 21.610: [CMS-concurrent-preclean-start]
2019-10-16T14:17:01.759+0000: 21.611: [CMS-concurrent-preclean: 0.001/0.001 secs] [Times: user=0.00 sys=0.00, real=0.00 secs] 
2019-10-16T14:17:01.759+0000: 21.611: [CMS-concurrent-abortable-preclean-start]
{Heap before GC invocations=764 (full 9):
 par new generation   total 29504K, used 28429K [0x00000000f0800000, 0x00000000f2800000, 0x00000000f5a00000)
  eden space 26240K, 100% used [0x00000000f0800000, 0x00000000f21a0000, 0x00000000f21a0000)
  from space 3264K,  67% used [0x00000000f24d0000, 0x00000000f26f3500, 0x00000000f2800000)
  to   space 3264K,   0% used [0x00000000f21a0000, 0x00000000f21a0000, 0x00000000f24d0000)
 concurrent mark-sweep generation total 65488K, used 50256K [0x00000000f5a00000, 0x00000000f99f4000, 0x0000000100000000)
 Metaspace       used 48733K, capacity 50546K, committed 50840K, reserved 1093632K
  class space    used 6331K, capacity 6699K, committed 6808K, reserved 1048576K
2019-10-16T14:17:01.781+0000: 21.633: [GC (Allocation Failure) 2019-10-16T14:17:01.781+0000: 21.633: [ParNew
Desired survivor size 1671168 bytes, new threshold 1 (max 6)
- age   1:    1817592 bytes,    1817592 total
- age   2:         96 bytes,    1817688 total
: 28429K->1953K(29504K), 0.0026209 secs] 78686K->52210K(94992K), 0.0026712 secs] [Times: user=0.00 sys=0.00, real=0.01 secs] 
Heap after GC invocations=765 (full 9):
 par new generation   total 29504K, used 1953K [0x00000000f0800000, 0x00000000f2800000, 0x00000000f5a00000)
  eden space 26240K,   0% used [0x00000000f0800000, 0x00000000f0800000, 0x00000000f21a0000)
  from space 3264K,  59% used [0x00000000f21a0000, 0x00000000f2388728, 0x00000000f24d0000)
  to   space 3264K,   0% used [0x00000000f24d0000, 0x00000000f24d0000, 0x00000000f2800000)
 concurrent mark-sweep generation total 65488K, used 50256K [0x00000000f5a00000, 0x00000000f99f4000, 0x0000000100000000)
 Metaspace       used 48733K, capacity 50546K, committed 50840K, reserved 1093632K
  class space    used 6331K, capacity 6699K, committed 6808K, reserved 1048576K
}
2019-10-16T14:17:01.784+0000: 21.636: Total time for which application threads were stopped: 0.0028077 seconds, Stopping threads took: 0.0000289 seconds
{Heap before GC invocations=765 (full 9):
 par new generation   total 29504K, used 28193K [0x00000000f0800000, 0x00000000f2800000, 0x00000000f5a00000)
  eden space 26240K, 100% used [0x00000000f0800000, 0x00000000f21a0000, 0x00000000f21a0000)
  from space 3264K,  59% used [0x00000000f21a0000, 0x00000000f2388728, 0x00000000f24d0000)
  to   space 3264K,   0% used [0x00000000f24d0000, 0x00000000f24d0000, 0x00000000f2800000)
 concurrent mark-sweep generation total 65488K, used 50256K [0x00000000f5a00000, 0x00000000f99f4000, 0x0000000100000000)
 Metaspace       used 48733K, capacity 50546K, committed 50840K, reserved 1093632K
  class space    used 6331K, capacity 6699K, committed 6808K, reserved 1048576K
2019-10-16T14:17:01.805+0000: 21.657: [GC (Allocation Failure) 2019-10-16T14:17:01.805+0000: 21.657: [ParNew
Desired survivor size 1671168 bytes, new threshold 6 (max 6)
- age   1:    1466456 bytes,    1466456 total
: 28193K->1575K(29504K), 0.0025757 secs] 78450K->51842K(94992K), 0.0026267 secs] [Times: user=0.00 sys=0.00, real=0.00 secs] 
Heap after GC invocations=766 (full 9):
 par new generation   total 29504K, used 1575K [0x00000000f0800000, 0x00000000f2800000, 0x00000000f5a00000)
  eden space 26240K,   0% used [0x00000000f0800000, 0x00000000f0800000, 0x00000000f21a0000)
  from space 3264K,  48% used [0x00000000f24d0000, 0x00000000f2659c20, 0x00000000f2800000)
  to   space 3264K,   0% used [0x00000000f21a0000, 0x00000000f21a0000, 0x00000000f24d0000)
 concurrent mark-sweep generation total 65488K, used 50267K [0x00000000f5a00000, 0x00000000f99f4000, 0x0000000100000000)
 Metaspace       used 48733K, capacity 50546K, committed 50840K, reserved 1093632K
  class space    used 6331K, capacity 6699K, committed 6808K, reserved 1048576K
}
2019-10-16T14:17:01.808+0000: 21.660: Total time for which application threads were stopped: 0.0027631 seconds, Stopping threads took: 0.0000275 seconds
{Heap before GC invocations=766 (full 9):
 par new generation   total 29504K, used 27815K [0x00000000f0800000, 0x00000000f2800000, 0x00000000f5a00000)
  eden space 26240K, 100% used [0x00000000f0800000, 0x00000000f21a0000, 0x00000000f21a0000)
  from space 3264K,  48% used [0x00000000f24d0000, 0x00000000f2659c20, 0x00000000f2800000)
  to   space 3264K,   0% used [0x00000000f21a0000, 0x00000000f21a0000, 0x00000000f24d0000)
 concurrent mark-sweep generation total 65488K, used 50267K [0x00000000f5a00000, 0x00000000f99f4000, 0x0000000100000000)
 Metaspace       used 48733K, capacity 50546K, committed 50840K, reserved 1093632K
  class space    used 6331K, capacity 6699K, committed 6808K, reserved 1048576K
2019-10-16T14:17:01.830+0000: 21.682: [GC (Allocation Failure) 2019-10-16T14:17:01.830+0000: 21.683: [ParNew
Desired survivor size 1671168 bytes, new threshold 6 (max 6)
- age   1:       5056 bytes,       5056 total
- age   2:      25376 bytes,      30432 total
: 27815K->1469K(29504K), 0.0022247 secs] 78082K->51736K(94992K), 0.0022805 secs] [Times: user=0.00 sys=0.00, real=0.00 secs] 
Heap after GC invocations=767 (full 9):
 par new generation   total 29504K, used 1469K [0x00000000f0800000, 0x00000000f2800000, 0x00000000f5a00000)
  eden space 26240K,   0% used [0x00000000f0800000, 0x00000000f0800000, 0x00000000f21a0000)
  from space 3264K,  45% used [0x00000000f21a0000, 0x00000000f230f500, 0x00000000f24d0000)
  to   space 3264K,   0% used [0x00000000f24d0000, 0x00000000f24d0000, 0x00000000f2800000)
 concurrent mark-sweep generation total 65488K, used 50267K [0x00000000f5a00000, 0x00000000f99f4000, 0x0000000100000000)
 Metaspace       used 48733K, capacity 50546K, committed 50840K, reserved 1093632K
  class space    used 6331K, capacity 6699K, committed 6808K, reserved 1048576K
}
2019-10-16T14:17:01.833+0000: 21.685: Total time for which application threads were stopped: 0.0024094 seconds, Stopping threads took: 0.0000268 seconds
2019-10-16T14:17:01.935+0000: 21.787: [CMS-concurrent-abortable-preclean: 0.004/0.177 secs] [Times: user=0.10 sys=0.02, real=0.18 secs] 
2019-10-16T14:17:01.936+0000: 21.788: [GC (CMS Final Remark) [YG occupancy: 20324 K (29504 K)]2019-10-16T14:17:01.936+0000: 21.788: [Rescan (parallel) , 0.0078475 secs]2019-10-16T14:17:01.943+0000: 21.795: [weak refs processing, 0.0000546 secs]2019-10-16T14:17:01.944+0000: 21.796: [class unloading, 0.0067970 secs]2019-10-16T14:17:01.950+0000: 21.802: [scrub symbol table, 0.0080161 secs]2019-10-16T14:17:01.958+0000: 21.810: [scrub string table, 0.0008238 secs][1 CMS-remark: 50267K(65488K)] 70591K(94992K), 0.0236341 secs] [Times: user=0.02 sys=0.00, real=0.02 secs] 
2019-10-16T14:17:01.959+0000: 21.811: Total time for which application threads were stopped: 0.0237698 seconds, Stopping threads took: 0.0000304 seconds
2019-10-16T14:17:01.966+0000: 21.818: [CMS-concurrent-sweep-start]
2019-10-16T14:17:01.982+0000: 21.834: [CMS-concurrent-sweep: 0.016/0.016 secs] [Times: user=0.01 sys=0.00, real=0.01 secs] 
2019-10-16T14:17:01.982+0000: 21.834: [CMS-concurrent-reset-start]
2019-10-16T14:17:01.985+0000: 21.837: [CMS-concurrent-reset: 0.003/0.003 secs] [Times: user=0.00 sys=0.00, real=0.01 secs] 
{Heap before GC invocations=767 (full 9):
 par new generation   total 29504K, used 27709K [0x00000000f0800000, 0x00000000f2800000, 0x00000000f5a00000)
  eden space 26240K, 100% used [0x00000000f0800000, 0x00000000f21a0000, 0x00000000f21a0000)
  from space 3264K,  45% used [0x00000000f21a0000, 0x00000000f230f500, 0x00000000f24d0000)
  to   space 3264K,   0% used [0x00000000f24d0000, 0x00000000f24d0000, 0x00000000f2800000)
 concurrent mark-sweep generation total 65488K, used 32574K [0x00000000f5a00000, 0x00000000f99f4000, 0x0000000100000000)
 Metaspace       used 49021K, capacity 50836K, committed 51096K, reserved 1093632K
  class space    used 6378K, capacity 6732K, committed 6808K, reserved 1048576K
2019-10-16T14:17:01.993+0000: 21.845: [GC (Allocation Failure) 2019-10-16T14:17:01.993+0000: 21.845: [ParNew
Desired survivor size 1671168 bytes, new threshold 6 (max 6)
- age   1:     147584 bytes,     147584 total
- age   2:        296 bytes,     147880 total
- age   3:      24704 bytes,     172584 total
: 27709K->384K(29504K), 0.0031089 secs] 60283K->32958K(94992K), 0.0031577 secs] [Times: user=0.01 sys=0.00, real=0.00 secs] 
Heap after GC invocations=768 (full 9):
 par new generation   total 29504K, used 384K [0x00000000f0800000, 0x00000000f2800000, 0x00000000f5a00000)
  eden space 26240K,   0% used [0x00000000f0800000, 0x00000000f0800000, 0x00000000f21a0000)
  from space 3264K,  11% used [0x00000000f24d0000, 0x00000000f2530300, 0x00000000f2800000)
  to   space 3264K,   0% used [0x00000000f21a0000, 0x00000000f21a0000, 0x00000000f24d0000)
 concurrent mark-sweep generation total 65488K, used 32574K [0x00000000f5a00000, 0x00000000f99f4000, 0x0000000100000000)
 Metaspace       used 49021K, capacity 50836K, committed 51096K, reserved 1093632K
  class space    used 6378K, capacity 6732K, committed 6808K, reserved 1048576K
}
2019-10-16T14:17:01.996+0000: 21.848: Total time for which application threads were stopped: 0.0032955 seconds, Stopping threads took: 0.0000244 seconds
2019-10-16T14:17:02.996+0000: 22.848: Total time for which application threads were stopped: 0.0001174 seconds, Stopping threads took: 0.0000207 seconds
2019-10-16T14:17:03.997+0000: 23.849: Total time for which application threads were stopped: 0.0000888 seconds, Stopping threads took: 0.0000225 seconds
2019-10-16T14:17:04.997+0000: 24.849: Total time for which application threads were stopped: 0.0000793 seconds, Stopping threads took: 0.0000185 seconds
2019-10-16T14:17:05.997+0000: 25.849: Total time for which application threads were stopped: 0.0001309 seconds, Stopping threads took: 0.0000239 seconds
2019-10-16T14:17:06.997+0000: 26.849: Total time for which application threads were stopped: 0.0000972 seconds, Stopping threads took: 0.0000188 seconds
2019-10-16T14:17:07.998+0000: 27.850: Total time for which application threads were stopped: 0.0000849 seconds, Stopping threads took: 0.0000202 seconds
2019-10-16T14:17:08.998+0000: 28.850: Total time for which application threads were stopped: 0.0000822 seconds, Stopping threads took: 0.0000195 seconds
2019-10-16T14:17:09.998+0000: 29.850: Total time for which application threads were stopped: 0.0001040 seconds, Stopping threads took: 0.0000244 seconds
2019-10-16T14:17:12.999+0000: 32.851: Total time for which application threads were stopped: 0.0000899 seconds, Stopping threads took: 0.0000206 seconds
2019-10-16T14:17:13.999+0000: 33.851: Total time for which application threads were stopped: 0.0000911 seconds, Stopping threads took: 0.0000203 seconds
2019-10-16T14:17:14.999+0000: 34.851: Total time for which application threads were stopped: 0.0001002 seconds, Stopping threads took: 0.0000230 seconds
2019-10-16T14:17:15.999+0000: 35.851: Total time for which application threads were stopped: 0.0001077 seconds, Stopping threads took: 0.0000235 seconds
2019-10-16T14:17:17.000+0000: 36.852: Total time for which application threads were stopped: 0.0000965 seconds, Stopping threads took: 0.0000234 seconds
2019-10-16T14:17:21.000+0000: 40.852: Total time for which application threads were stopped: 0.0001108 seconds, Stopping threads took: 0.0000249 seconds
{Heap before GC invocations=768 (full 9):
 par new generation   total 29504K, used 26624K [0x00000000f0800000, 0x00000000f2800000, 0x00000000f5a00000)
  eden space 26240K, 100% used [0x00000000f0800000, 0x00000000f21a0000, 0x00000000f21a0000)
  from space 3264K,  11% used [0x00000000f24d0000, 0x00000000f2530300, 0x00000000f2800000)
  to   space 3264K,   0% used [0x00000000f21a0000, 0x00000000f21a0000, 0x00000000f24d0000)
 concurrent mark-sweep generation total 65488K, used 32574K [0x00000000f5a00000, 0x00000000f99f4000, 0x0000000100000000)
 Metaspace       used 49565K, capacity 51354K, committed 51608K, reserved 1093632K
  class space    used 6427K, capacity 6797K, committed 6808K, reserved 1048576K
2019-10-16T14:17:21.145+0000: 40.997: [GC (Allocation Failure) 2019-10-16T14:17:21.145+0000: 40.997: [ParNew
Desired survivor size 1671168 bytes, new threshold 1 (max 6)
- age   1:    2373688 bytes,    2373688 total
- age   2:     116648 bytes,    2490336 total
- age   3:        296 bytes,    2490632 total
- age   4:      23928 bytes,    2514560 total
: 26624K->2584K(29504K), 0.0075798 secs] 59198K->35158K(94992K), 0.0076850 secs] [Times: user=0.01 sys=0.00, real=0.01 secs] 
Heap after GC invocations=769 (full 9):
 par new generation   total 29504K, used 2584K [0x00000000f0800000, 0x00000000f2800000, 0x00000000f5a00000)
  eden space 26240K,   0% used [0x00000000f0800000, 0x00000000f0800000, 0x00000000f21a0000)
  from space 3264K,  79% used [0x00000000f21a0000, 0x00000000f2426300, 0x00000000f24d0000)
  to   space 3264K,   0% used [0x00000000f24d0000, 0x00000000f24d0000, 0x00000000f2800000)
 concurrent mark-sweep generation total 65488K, used 32574K [0x00000000f5a00000, 0x00000000f99f4000, 0x0000000100000000)
 Metaspace       used 49565K, capacity 51354K, committed 51608K, reserved 1093632K
  class space    used 6427K, capacity 6797K, committed 6808K, reserved 1048576K
}
2019-10-16T14:17:21.152+0000: 41.004: Total time for which application threads were stopped: 0.0078349 seconds, Stopping threads took: 0.0000270 seconds
{Heap before GC invocations=769 (full 9):
 par new generation   total 29504K, used 28824K [0x00000000f0800000, 0x00000000f2800000, 0x00000000f5a00000)
  eden space 26240K, 100% used [0x00000000f0800000, 0x00000000f21a0000, 0x00000000f21a0000)
  from space 3264K,  79% used [0x00000000f21a0000, 0x00000000f2426300, 0x00000000f24d0000)
  to   space 3264K,   0% used [0x00000000f24d0000, 0x00000000f24d0000, 0x00000000f2800000)
 concurrent mark-sweep generation total 65488K, used 32574K [0x00000000f5a00000, 0x00000000f99f4000, 0x0000000100000000)
 Metaspace       used 50109K, capacity 51936K, committed 52248K, reserved 1095680K
  class space    used 6509K, capacity 6862K, committed 6936K, reserved 1048576K
2019-10-16T14:17:21.229+0000: 41.081: [GC (Allocation Failure) 2019-10-16T14:17:21.229+0000: 41.081: [ParNew
Desired survivor size 1671168 bytes, new threshold 6 (max 6)
- age   1:      86872 bytes,      86872 total
: 28824K->1884K(29504K), 0.0125534 secs] 61398K->36927K(94992K), 0.0126079 secs] [Times: user=0.02 sys=0.00, real=0.01 secs] 
Heap after GC invocations=770 (full 9):
 par new generation   total 29504K, used 1884K [0x00000000f0800000, 0x00000000f2800000, 0x00000000f5a00000)
  eden space 26240K,   0% used [0x00000000f0800000, 0x00000000f0800000, 0x00000000f21a0000)
  from space 3264K,  57% used [0x00000000f24d0000, 0x00000000f26a72a0, 0x00000000f2800000)
  to   space 3264K,   0% used [0x00000000f21a0000, 0x00000000f21a0000, 0x00000000f24d0000)
 concurrent mark-sweep generation total 65488K, used 35042K [0x00000000f5a00000, 0x00000000f99f4000, 0x0000000100000000)
 Metaspace       used 50109K, capacity 51936K, committed 52248K, reserved 1095680K
  class space    used 6509K, capacity 6862K, committed 6936K, reserved 1048576K
}
2019-10-16T14:17:21.242+0000: 41.094: Total time for which application threads were stopped: 0.0127384 seconds, Stopping threads took: 0.0000262 seconds
{Heap before GC invocations=770 (full 9):
 par new generation   total 29504K, used 28124K [0x00000000f0800000, 0x00000000f2800000, 0x00000000f5a00000)
  eden space 26240K, 100% used [0x00000000f0800000, 0x00000000f21a0000, 0x00000000f21a0000)
  from space 3264K,  57% used [0x00000000f24d0000, 0x00000000f26a72a0, 0x00000000f2800000)
  to   space 3264K,   0% used [0x00000000f21a0000, 0x00000000f21a0000, 0x00000000f24d0000)
 concurrent mark-sweep generation total 65488K, used 35042K [0x00000000f5a00000, 0x00000000f99f4000, 0x0000000100000000)
 Metaspace       used 50657K, capacity 52448K, committed 52760K, reserved 1095680K
  class space    used 6563K, capacity 6926K, committed 6936K, reserved 1048576K
2019-10-16T14:17:21.326+0000: 41.178: [GC (Allocation Failure) 2019-10-16T14:17:21.326+0000: 41.178: [ParNew
Desired survivor size 1671168 bytes, new threshold 6 (max 6)
- age   1:     132192 bytes,     132192 total
- age   2:      53528 bytes,     185720 total
: 28124K->494K(29504K), 0.0035968 secs] 63167K->35536K(94992K), 0.0036572 secs] [Times: user=0.01 sys=0.00, real=0.00 secs] 
Heap after GC invocations=771 (full 9):
 par new generation   total 29504K, used 494K [0x00000000f0800000, 0x00000000f2800000, 0x00000000f5a00000)
  eden space 26240K,   0% used [0x00000000f0800000, 0x00000000f0800000, 0x00000000f21a0000)
  from space 3264K,  15% used [0x00000000f21a0000, 0x00000000f221b8c8, 0x00000000f24d0000)
  to   space 3264K,   0% used [0x00000000f24d0000, 0x00000000f24d0000, 0x00000000f2800000)
 concurrent mark-sweep generation total 65488K, used 35042K [0x00000000f5a00000, 0x00000000f99f4000, 0x0000000100000000)
 Metaspace       used 50657K, capacity 52448K, committed 52760K, reserved 1095680K
  class space    used 6563K, capacity 6926K, committed 6936K, reserved 1048576K
}
2019-10-16T14:17:21.330+0000: 41.182: Total time for which application threads were stopped: 0.0037974 seconds, Stopping threads took: 0.0000253 seconds
{Heap before GC invocations=771 (full 9):
 par new generation   total 29504K, used 26734K [0x00000000f0800000, 0x00000000f2800000, 0x00000000f5a00000)
  eden space 26240K, 100% used [0x00000000f0800000, 0x00000000f21a0000, 0x00000000f21a0000)
  from space 3264K,  15% used [0x00000000f21a0000, 0x00000000f221b8c8, 0x00000000f24d0000)
  to   space 3264K,   0% used [0x00000000f24d0000, 0x00000000f24d0000, 0x00000000f2800000)
 concurrent mark-sweep generation total 65488K, used 35042K [0x00000000f5a00000, 0x00000000f99f4000, 0x0000000100000000)
 Metaspace       used 51012K, capacity 52902K, committed 53144K, reserved 1095680K
  class space    used 6624K, capacity 6991K, committed 7064K, reserved 1048576K
2019-10-16T14:17:21.406+0000: 41.258: [GC (Allocation Failure) 2019-10-16T14:17:21.406+0000: 41.258: [ParNew
Desired survivor size 1671168 bytes, new threshold 6 (max 6)
- age   1:     145264 bytes,     145264 total
- age   2:      94304 bytes,     239568 total
- age   3:      53432 bytes,     293000 total
: 26734K->340K(29504K), 0.0043298 secs] 61776K->35382K(94992K), 0.0043825 secs] [Times: user=0.00 sys=0.00, real=0.00 secs] 
Heap after GC invocations=772 (full 9):
 par new generation   total 29504K, used 340K [0x00000000f0800000, 0x00000000f2800000, 0x00000000f5a00000)
  eden space 26240K,   0% used [0x00000000f0800000, 0x00000000f0800000, 0x00000000f21a0000)
  from space 3264K,  10% used [0x00000000f24d0000, 0x00000000f2525068, 0x00000000f2800000)
  to   space 3264K,   0% used [0x00000000f21a0000, 0x00000000f21a0000, 0x00000000f24d0000)
 concurrent mark-sweep generation total 65488K, used 35042K [0x00000000f5a00000, 0x00000000f99f4000, 0x0000000100000000)
 Metaspace       used 51012K, capacity 52902K, committed 53144K, reserved 1095680K
  class space    used 6624K, capacity 6991K, committed 7064K, reserved 1048576K
}
2019-10-16T14:17:21.410+0000: 41.262: Total time for which application threads were stopped: 0.0045479 seconds, Stopping threads took: 0.0000251 seconds
{Heap before GC invocations=772 (full 9):
 par new generation   total 29504K, used 26580K [0x00000000f0800000, 0x00000000f2800000, 0x00000000f5a00000)
  eden space 26240K, 100% used [0x00000000f0800000, 0x00000000f21a0000, 0x00000000f21a0000)
  from space 3264K,  10% used [0x00000000f24d0000, 0x00000000f2525068, 0x00000000f2800000)
  to   space 3264K,   0% used [0x00000000f21a0000, 0x00000000f21a0000, 0x00000000f24d0000)
 concurrent mark-sweep generation total 65488K, used 35042K [0x00000000f5a00000, 0x00000000f99f4000, 0x0000000100000000)
 Metaspace       used 51521K, capacity 53432K, committed 53656K, reserved 1095680K
  class space    used 6687K, capacity 7058K, committed 7064K, reserved 1048576K
2019-10-16T14:17:21.629+0000: 41.481: [GC (Allocation Failure) 2019-10-16T14:17:21.629+0000: 41.481: [ParNew
Desired survivor size 1671168 bytes, new threshold 6 (max 6)
- age   1:     648760 bytes,     648760 total
- age   2:     105816 bytes,     754576 total
- age   3:      88320 bytes,     842896 total
- age   4:      53088 bytes,     895984 total
: 26580K->986K(29504K), 0.0058063 secs] 61622K->36028K(94992K), 0.0058752 secs] [Times: user=0.01 sys=0.00, real=0.01 secs] 
Heap after GC invocations=773 (full 9):
 par new generation   total 29504K, used 986K [0x00000000f0800000, 0x00000000f2800000, 0x00000000f5a00000)
  eden space 26240K,   0% used [0x00000000f0800000, 0x00000000f0800000, 0x00000000f21a0000)
  from space 3264K,  30% used [0x00000000f21a0000, 0x00000000f2296998, 0x00000000f24d0000)
  to   space 3264K,   0% used [0x00000000f24d0000, 0x00000000f24d0000, 0x00000000f2800000)
 concurrent mark-sweep generation total 65488K, used 35042K [0x00000000f5a00000, 0x00000000f99f4000, 0x0000000100000000)
 Metaspace       used 51521K, capacity 53432K, committed 53656K, reserved 1095680K
  class space    used 6687K, capacity 7058K, committed 7064K, reserved 1048576K
}
2019-10-16T14:17:21.635+0000: 41.487: Total time for which application threads were stopped: 0.0061073 seconds, Stopping threads took: 0.0000256 seconds
{Heap before GC invocations=773 (full 9):
 par new generation   total 29504K, used 27226K [0x00000000f0800000, 0x00000000f2800000, 0x00000000f5a00000)
  eden space 26240K, 100% used [0x00000000f0800000, 0x00000000f21a0000, 0x00000000f21a0000)
  from space 3264K,  30% used [0x00000000f21a0000, 0x00000000f2296998, 0x00000000f24d0000)
  to   space 3264K,   0% used [0x00000000f24d0000, 0x00000000f24d0000, 0x00000000f2800000)
 concurrent mark-sweep generation total 65488K, used 35042K [0x00000000f5a00000, 0x00000000f99f4000, 0x0000000100000000)
 Metaspace       used 52012K, capacity 53834K, committed 54296K, reserved 1095680K
  class space    used 6769K, capacity 7125K, committed 7192K, reserved 1048576K
2019-10-16T14:17:21.714+0000: 41.566: [GC (Allocation Failure) 2019-10-16T14:17:21.714+0000: 41.566: [ParNew
Desired survivor size 1671168 bytes, new threshold 6 (max 6)
- age   1:     134568 bytes,     134568 total
- age   2:     617736 bytes,     752304 total
- age   3:     104872 bytes,     857176 total
- age   4:      88320 bytes,     945496 total
- age   5:      53088 bytes,     998584 total
: 27226K->1429K(29504K), 0.0054561 secs] 62268K->36471K(94992K), 0.0055158 secs] [Times: user=0.01 sys=0.00, real=0.00 secs] 
Heap after GC invocations=774 (full 9):
 par new generation   total 29504K, used 1429K [0x00000000f0800000, 0x00000000f2800000, 0x00000000f5a00000)
  eden space 26240K,   0% used [0x00000000f0800000, 0x00000000f0800000, 0x00000000f21a0000)
  from space 3264K,  43% used [0x00000000f24d0000, 0x00000000f26355c0, 0x00000000f2800000)
  to   space 3264K,   0% used [0x00000000f21a0000, 0x00000000f21a0000, 0x00000000f24d0000)
 concurrent mark-sweep generation total 65488K, used 35042K [0x00000000f5a00000, 0x00000000f99f4000, 0x0000000100000000)
 Metaspace       used 52012K, capacity 53834K, committed 54296K, reserved 1095680K
  class space    used 6769K, capacity 7125K, committed 7192K, reserved 1048576K
}
2019-10-16T14:17:21.720+0000: 41.572: Total time for which application threads were stopped: 0.0056479 seconds, Stopping threads took: 0.0000260 seconds
{Heap before GC invocations=774 (full 9):
 par new generation   total 29504K, used 27669K [0x00000000f0800000, 0x00000000f2800000, 0x00000000f5a00000)
  eden space 26240K, 100% used [0x00000000f0800000, 0x00000000f21a0000, 0x00000000f21a0000)
  from space 3264K,  43% used [0x00000000f24d0000, 0x00000000f26355c0, 0x00000000f2800000)
  to   space 3264K,   0% used [0x00000000f21a0000, 0x00000000f21a0000, 0x00000000f24d0000)
 concurrent mark-sweep generation total 65488K, used 35042K [0x00000000f5a00000, 0x00000000f99f4000, 0x0000000100000000)
 Metaspace       used 52358K, capacity 54186K, committed 54552K, reserved 1097728K
  class space    used 6814K, capacity 7157K, committed 7192K, reserved 1048576K
2019-10-16T14:17:21.775+0000: 41.627: [GC (Allocation Failure) 2019-10-16T14:17:21.775+0000: 41.627: [ParNew
Desired survivor size 1671168 bytes, new threshold 6 (max 6)
- age   1:     106920 bytes,     106920 total
- age   2:     101192 bytes,     208112 total
- age   3:     617736 bytes,     825848 total
- age   4:     104872 bytes,     930720 total
- age   5:      88320 bytes,    1019040 total
- age   6:      53088 bytes,    1072128 total
: 27669K->1807K(29504K), 0.0055984 secs] 62711K->36850K(94992K), 0.0056593 secs] [Times: user=0.01 sys=0.00, real=0.00 secs] 
Heap after GC invocations=775 (full 9):
 par new generation   total 29504K, used 1807K [0x00000000f0800000, 0x00000000f2800000, 0x00000000f5a00000)
  eden space 26240K,   0% used [0x00000000f0800000, 0x00000000f0800000, 0x00000000f21a0000)
  from space 3264K,  55% used [0x00000000f21a0000, 0x00000000f2363f40, 0x00000000f24d0000)
  to   space 3264K,   0% used [0x00000000f24d0000, 0x00000000f24d0000, 0x00000000f2800000)
 concurrent mark-sweep generation total 65488K, used 35042K [0x00000000f5a00000, 0x00000000f99f4000, 0x0000000100000000)
 Metaspace       used 52358K, capacity 54186K, committed 54552K, reserved 1097728K
  class space    used 6814K, capacity 7157K, committed 7192K, reserved 1048576K
}
2019-10-16T14:17:21.780+0000: 41.632: Total time for which application threads were stopped: 0.0057913 seconds, Stopping threads took: 0.0000294 seconds
{Heap before GC invocations=775 (full 9):
 par new generation   total 29504K, used 28047K [0x00000000f0800000, 0x00000000f2800000, 0x00000000f5a00000)
  eden space 26240K, 100% used [0x00000000f0800000, 0x00000000f21a0000, 0x00000000f21a0000)
  from space 3264K,  55% used [0x00000000f21a0000, 0x00000000f2363f40, 0x00000000f24d0000)
  to   space 3264K,   0% used [0x00000000f24d0000, 0x00000000f24d0000, 0x00000000f2800000)
 concurrent mark-sweep generation total 65488K, used 35042K [0x00000000f5a00000, 0x00000000f99f4000, 0x0000000100000000)
 Metaspace       used 52781K, capacity 54634K, committed 54936K, reserved 1097728K
  class space    used 6862K, capacity 7221K, committed 7320K, reserved 1048576K
2019-10-16T14:17:21.895+0000: 41.748: [GC (Allocation Failure) 2019-10-16T14:17:21.896+0000: 41.748: [ParNew
Desired survivor size 1671168 bytes, new threshold 6 (max 6)
- age   1:     329920 bytes,     329920 total
- age   2:      76808 bytes,     406728 total
- age   3:     101088 bytes,     507816 total
- age   4:     617464 bytes,    1125280 total
- age   5:      98552 bytes,    1223832 total
- age   6:      88320 bytes,    1312152 total
: 28047K->1849K(29504K), 0.0069131 secs] 63090K->36946K(94992K), 0.0069797 secs] [Times: user=0.01 sys=0.00, real=0.01 secs] 
Heap after GC invocations=776 (full 9):
 par new generation   total 29504K, used 1849K [0x00000000f0800000, 0x00000000f2800000, 0x00000000f5a00000)
  eden space 26240K,   0% used [0x00000000f0800000, 0x00000000f0800000, 0x00000000f21a0000)
  from space 3264K,  56% used [0x00000000f24d0000, 0x00000000f269e438, 0x00000000f2800000)
  to   space 3264K,   0% used [0x00000000f21a0000, 0x00000000f21a0000, 0x00000000f24d0000)
 concurrent mark-sweep generation total 65488K, used 35097K [0x00000000f5a00000, 0x00000000f99f4000, 0x0000000100000000)
 Metaspace       used 52781K, capacity 54634K, committed 54936K, reserved 1097728K
  class space    used 6862K, capacity 7221K, committed 7320K, reserved 1048576K
}
2019-10-16T14:17:21.902+0000: 41.755: Total time for which application threads were stopped: 0.0071279 seconds, Stopping threads took: 0.0000245 seconds
{Heap before GC invocations=776 (full 9):
 par new generation   total 29504K, used 28089K [0x00000000f0800000, 0x00000000f2800000, 0x00000000f5a00000)
  eden space 26240K, 100% used [0x00000000f0800000, 0x00000000f21a0000, 0x00000000f21a0000)
  from space 3264K,  56% used [0x00000000f24d0000, 0x00000000f269e438, 0x00000000f2800000)
  to   space 3264K,   0% used [0x00000000f21a0000, 0x00000000f21a0000, 0x00000000f24d0000)
 concurrent mark-sweep generation total 65488K, used 35097K [0x00000000f5a00000, 0x00000000f99f4000, 0x0000000100000000)
 Metaspace       used 53074K, capacity 54914K, committed 55192K, reserved 1097728K
  class space    used 6909K, capacity 7269K, committed 7320K, reserved 1048576K
2019-10-16T14:17:21.993+0000: 41.845: [GC (Allocation Failure) 2019-10-16T14:17:21.993+0000: 41.845: [ParNew
Desired survivor size 1671168 bytes, new threshold 6 (max 6)
- age   1:     169776 bytes,     169776 total
- age   2:     309128 bytes,     478904 total
- age   3:      76808 bytes,     555712 total
- age   4:     101088 bytes,     656800 total
- age   5:     617464 bytes,    1274264 total
- age   6:      98552 bytes,    1372816 total
: 28089K->2220K(29504K), 0.0071056 secs] 63186K->37408K(94992K), 0.0071691 secs] [Times: user=0.01 sys=0.00, real=0.00 secs] 
Heap after GC invocations=777 (full 9):
 par new generation   total 29504K, used 2220K [0x00000000f0800000, 0x00000000f2800000, 0x00000000f5a00000)
  eden space 26240K,   0% used [0x00000000f0800000, 0x00000000f0800000, 0x00000000f21a0000)
  from space 3264K,  68% used [0x00000000f21a0000, 0x00000000f23cb260, 0x00000000f24d0000)
  to   space 3264K,   0% used [0x00000000f24d0000, 0x00000000f24d0000, 0x00000000f2800000)
 concurrent mark-sweep generation total 65488K, used 35187K [0x00000000f5a00000, 0x00000000f99f4000, 0x0000000100000000)
 Metaspace       used 53074K, capacity 54914K, committed 55192K, reserved 1097728K
  class space    used 6909K, capacity 7269K, committed 7320K, reserved 1048576K
}
2019-10-16T14:17:22.000+0000: 41.852: Total time for which application threads were stopped: 0.0073123 seconds, Stopping threads took: 0.0000246 seconds
{Heap before GC invocations=777 (full 9):
 par new generation   total 29504K, used 28460K [0x00000000f0800000, 0x00000000f2800000, 0x00000000f5a00000)
  eden space 26240K, 100% used [0x00000000f0800000, 0x00000000f21a0000, 0x00000000f21a0000)
  from space 3264K,  68% used [0x00000000f21a0000, 0x00000000f23cb260, 0x00000000f24d0000)
  to   space 3264K,   0% used [0x00000000f24d0000, 0x00000000f24d0000, 0x00000000f2800000)
 concurrent mark-sweep generation total 65488K, used 35187K [0x00000000f5a00000, 0x00000000f99f4000, 0x0000000100000000)
 Metaspace       used 53731K, capacity 55618K, committed 55960K, reserved 1097728K
  class space    used 6961K, capacity 7305K, committed 7320K, reserved 1048576K
2019-10-16T14:17:22.307+0000: 42.160: [GC (Allocation Failure) 2019-10-16T14:17:22.308+0000: 42.160: [ParNew
Desired survivor size 1671168 bytes, new threshold 6 (max 6)
- age   1:     348576 bytes,     348576 total
- age   2:     101112 bytes,     449688 total
- age   3:     298312 bytes,     748000 total
- age   4:      76808 bytes,     824808 total
- age   5:     100352 bytes,     925160 total
- age   6:     617064 bytes,    1542224 total
: 28460K->2561K(29504K), 0.0117494 secs] 63648K->37848K(94992K), 0.0118125 secs] [Times: user=0.01 sys=0.00, real=0.01 secs] 
Heap after GC invocations=778 (full 9):
 par new generation   total 29504K, used 2561K [0x00000000f0800000, 0x00000000f2800000, 0x00000000f5a00000)
  eden space 26240K,   0% used [0x00000000f0800000, 0x00000000f0800000, 0x00000000f21a0000)
  from space 3264K,  78% used [0x00000000f24d0000, 0x00000000f27504d0, 0x00000000f2800000)
  to   space 3264K,   0% used [0x00000000f21a0000, 0x00000000f21a0000, 0x00000000f24d0000)
 concurrent mark-sweep generation total 65488K, used 35286K [0x00000000f5a00000, 0x00000000f99f4000, 0x0000000100000000)
 Metaspace       used 53731K, capacity 55618K, committed 55960K, reserved 1097728K
  class space    used 6961K, capacity 7305K, committed 7320K, reserved 1048576K
}
2019-10-16T14:17:22.319+0000: 42.171: Total time for which application threads were stopped: 0.0120496 seconds, Stopping threads took: 0.0000271 seconds
{Heap before GC invocations=778 (full 9):
 par new generation   total 29504K, used 28801K [0x00000000f0800000, 0x00000000f2800000, 0x00000000f5a00000)
  eden space 26240K, 100% used [0x00000000f0800000, 0x00000000f21a0000, 0x00000000f21a0000)
  from space 3264K,  78% used [0x00000000f24d0000, 0x00000000f27504d0, 0x00000000f2800000)
  to   space 3264K,   0% used [0x00000000f21a0000, 0x00000000f21a0000, 0x00000000f24d0000)
 concurrent mark-sweep generation total 65488K, used 35286K [0x00000000f5a00000, 0x00000000f99f4000, 0x0000000100000000)
 Metaspace       used 54045K, capacity 55950K, committed 56344K, reserved 1097728K
  class space    used 7012K, capacity 7371K, committed 7448K, reserved 1048576K
2019-10-16T14:17:22.443+0000: 42.295: [GC (Allocation Failure) 2019-10-16T14:17:22.444+0000: 42.296: [ParNew
Desired survivor size 1671168 bytes, new threshold 6 (max 6)
- age   1:     128832 bytes,     128832 total
- age   2:     323552 bytes,     452384 total
- age   3:     101112 bytes,     553496 total
- age   4:     298312 bytes,     851808 total
- age   5:      76688 bytes,     928496 total
- age   6:     100304 bytes,    1028800 total
: 28801K->1773K(29504K), 0.0135953 secs] 64088K->37674K(94992K), 0.0136736 secs] [Times: user=0.02 sys=0.00, real=0.01 secs] 
Heap after GC invocations=779 (full 9):
 par new generation   total 29504K, used 1773K [0x00000000f0800000, 0x00000000f2800000, 0x00000000f5a00000)
  eden space 26240K,   0% used [0x00000000f0800000, 0x00000000f0800000, 0x00000000f21a0000)
  from space 3264K,  54% used [0x00000000f21a0000, 0x00000000f235b580, 0x00000000f24d0000)
  to   space 3264K,   0% used [0x00000000f24d0000, 0x00000000f24d0000, 0x00000000f2800000)
 concurrent mark-sweep generation total 65488K, used 35901K [0x00000000f5a00000, 0x00000000f99f4000, 0x0000000100000000)
 Metaspace       used 54045K, capacity 55950K, committed 56344K, reserved 1097728K
  class space    used 7012K, capacity 7371K, committed 7448K, reserved 1048576K
}
2019-10-16T14:17:22.457+0000: 42.309: Total time for which application threads were stopped: 0.0138226 seconds, Stopping threads took: 0.0000250 seconds
{Heap before GC invocations=779 (full 9):
 par new generation   total 29504K, used 28013K [0x00000000f0800000, 0x00000000f2800000, 0x00000000f5a00000)
  eden space 26240K, 100% used [0x00000000f0800000, 0x00000000f21a0000, 0x00000000f21a0000)
  from space 3264K,  54% used [0x00000000f21a0000, 0x00000000f235b580, 0x00000000f24d0000)
  to   space 3264K,   0% used [0x00000000f24d0000, 0x00000000f24d0000, 0x00000000f2800000)
 concurrent mark-sweep generation total 65488K, used 35901K [0x00000000f5a00000, 0x00000000f99f4000, 0x0000000100000000)
 Metaspace       used 54251K, capacity 56174K, committed 56600K, reserved 1097728K
  class space    used 7060K, capacity 7403K, committed 7448K, reserved 1048576K
2019-10-16T14:17:22.526+0000: 42.378: [GC (Allocation Failure) 2019-10-16T14:17:22.526+0000: 42.378: [ParNew
Desired survivor size 1671168 bytes, new threshold 6 (max 6)
- age   1:      59576 bytes,      59576 total
- age   2:     105840 bytes,     165416 total
- age   3:     323552 bytes,     488968 total
- age   4:     101112 bytes,     590080 total
- age   5:     298312 bytes,     888392 total
- age   6:      76688 bytes,     965080 total
: 28013K->1191K(29504K), 0.0059756 secs] 63914K->37194K(94992K), 0.0060301 secs] [Times: user=0.01 sys=0.00, real=0.01 secs] 
Heap after GC invocations=780 (full 9):
 par new generation   total 29504K, used 1191K [0x00000000f0800000, 0x00000000f2800000, 0x00000000f5a00000)
  eden space 26240K,   0% used [0x00000000f0800000, 0x00000000f0800000, 0x00000000f21a0000)
  from space 3264K,  36% used [0x00000000f24d0000, 0x00000000f25f9d80, 0x00000000f2800000)
  to   space 3264K,   0% used [0x00000000f21a0000, 0x00000000f21a0000, 0x00000000f24d0000)
 concurrent mark-sweep generation total 65488K, used 36002K [0x00000000f5a00000, 0x00000000f99f4000, 0x0000000100000000)
 Metaspace       used 54251K, capacity 56174K, committed 56600K, reserved 1097728K
  class space    used 7060K, capacity 7403K, committed 7448K, reserved 1048576K
}
2019-10-16T14:17:22.532+0000: 42.384: Total time for which application threads were stopped: 0.0061719 seconds, Stopping threads took: 0.0000269 seconds
{Heap before GC invocations=780 (full 9):
 par new generation   total 29504K, used 27431K [0x00000000f0800000, 0x00000000f2800000, 0x00000000f5a00000)
  eden space 26240K, 100% used [0x00000000f0800000, 0x00000000f21a0000, 0x00000000f21a0000)
  from space 3264K,  36% used [0x00000000f24d0000, 0x00000000f25f9d80, 0x00000000f2800000)
  to   space 3264K,   0% used [0x00000000f21a0000, 0x00000000f21a0000, 0x00000000f24d0000)
 concurrent mark-sweep generation total 65488K, used 36002K [0x00000000f5a00000, 0x00000000f99f4000, 0x0000000100000000)
 Metaspace       used 54461K, capacity 56366K, committed 56728K, reserved 1097728K
  class space    used 7116K, capacity 7467K, committed 7576K, reserved 1048576K
2019-10-16T14:17:22.589+0000: 42.441: [GC (Allocation Failure) 2019-10-16T14:17:22.589+0000: 42.441: [ParNew
Desired survivor size 1671168 bytes, new threshold 6 (max 6)
- age   1:      56168 bytes,      56168 total
- age   2:      31632 bytes,      87800 total
- age   3:     105168 bytes,     192968 total
- age   4:     323552 bytes,     516520 total
- age   5:     101112 bytes,     617632 total
- age   6:     298312 bytes,     915944 total
: 27431K->1706K(29504K), 0.0058519 secs] 63434K->37788K(94992K), 0.0059208 secs] [Times: user=0.01 sys=0.00, real=0.01 secs] 
Heap after GC invocations=781 (full 9):
 par new generation   total 29504K, used 1706K [0x00000000f0800000, 0x00000000f2800000, 0x00000000f5a00000)
  eden space 26240K,   0% used [0x00000000f0800000, 0x00000000f0800000, 0x00000000f21a0000)
  from space 3264K,  52% used [0x00000000f21a0000, 0x00000000f234ab40, 0x00000000f24d0000)
  to   space 3264K,   0% used [0x00000000f24d0000, 0x00000000f24d0000, 0x00000000f2800000)
 concurrent mark-sweep generation total 65488K, used 36081K [0x00000000f5a00000, 0x00000000f99f4000, 0x0000000100000000)
 Metaspace       used 54461K, capacity 56366K, committed 56728K, reserved 1097728K
  class space    used 7116K, capacity 7467K, committed 7576K, reserved 1048576K
}
2019-10-16T14:17:22.595+0000: 42.447: Total time for which application threads were stopped: 0.0060671 seconds, Stopping threads took: 0.0000286 seconds
{Heap before GC invocations=781 (full 9):
 par new generation   total 29504K, used 27946K [0x00000000f0800000, 0x00000000f2800000, 0x00000000f5a00000)
  eden space 26240K, 100% used [0x00000000f0800000, 0x00000000f21a0000, 0x00000000f21a0000)
  from space 3264K,  52% used [0x00000000f21a0000, 0x00000000f234ab40, 0x00000000f24d0000)
  to   space 3264K,   0% used [0x00000000f24d0000, 0x00000000f24d0000, 0x00000000f2800000)
 concurrent mark-sweep generation total 65488K, used 36081K [0x00000000f5a00000, 0x00000000f99f4000, 0x0000000100000000)
 Metaspace       used 54672K, capacity 56564K, committed 56984K, reserved 1099776K
  class space    used 7172K, capacity 7532K, committed 7576K, reserved 1048576K
2019-10-16T14:17:22.637+0000: 42.489: [GC (Allocation Failure) 2019-10-16T14:17:22.637+0000: 42.489: [ParNew
Desired survivor size 1671168 bytes, new threshold 6 (max 6)
- age   1:      59736 bytes,      59736 total
- age   2:      29240 bytes,      88976 total
- age   3:      31632 bytes,     120608 total
- age   4:     105168 bytes,     225776 total
- age   5:     323552 bytes,     549328 total
- age   6:     101112 bytes,     650440 total
: 27946K->1096K(29504K), 0.0062220 secs] 64028K->37474K(94992K), 0.0062741 secs] [Times: user=0.01 sys=0.00, real=0.01 secs] 
Heap after GC invocations=782 (full 9):
 par new generation   total 29504K, used 1096K [0x00000000f0800000, 0x00000000f2800000, 0x00000000f5a00000)
  eden space 26240K,   0% used [0x00000000f0800000, 0x00000000f0800000, 0x00000000f21a0000)
  from space 3264K,  33% used [0x00000000f24d0000, 0x00000000f25e22e0, 0x00000000f2800000)
  to   space 3264K,   0% used [0x00000000f21a0000, 0x00000000f21a0000, 0x00000000f24d0000)
 concurrent mark-sweep generation total 65488K, used 36378K [0x00000000f5a00000, 0x00000000f99f4000, 0x0000000100000000)
 Metaspace       used 54672K, capacity 56564K, committed 56984K, reserved 1099776K
  class space    used 7172K, capacity 7532K, committed 7576K, reserved 1048576K
}
2019-10-16T14:17:22.643+0000: 42.495: Total time for which application threads were stopped: 0.0064214 seconds, Stopping threads took: 0.0000274 seconds
{Heap before GC invocations=782 (full 9):
 par new generation   total 29504K, used 27336K [0x00000000f0800000, 0x00000000f2800000, 0x00000000f5a00000)
  eden space 26240K, 100% used [0x00000000f0800000, 0x00000000f21a0000, 0x00000000f21a0000)
  from space 3264K,  33% used [0x00000000f24d0000, 0x00000000f25e22e0, 0x00000000f2800000)
  to   space 3264K,   0% used [0x00000000f21a0000, 0x00000000f21a0000, 0x00000000f24d0000)
 concurrent mark-sweep generation total 65488K, used 36378K [0x00000000f5a00000, 0x00000000f99f4000, 0x0000000100000000)
 Metaspace       used 54861K, capacity 56788K, committed 56984K, reserved 1099776K
  class space    used 7216K, capacity 7564K, committed 7576K, reserved 1048576K
2019-10-16T14:17:22.693+0000: 42.545: [GC (Allocation Failure) 2019-10-16T14:17:22.693+0000: 42.545: [ParNew
Desired survivor size 1671168 bytes, new threshold 6 (max 6)
- age   1:      86728 bytes,      86728 total
- age   2:      35536 bytes,     122264 total
- age   3:      29240 bytes,     151504 total
- age   4:      31632 bytes,     183136 total
- age   5:     104728 bytes,     287864 total
- age   6:     323552 bytes,     611416 total
: 27336K->750K(29504K), 0.0069606 secs] 63714K->37230K(94992K), 0.0070342 secs] [Times: user=0.01 sys=0.00, real=0.00 secs] 
Heap after GC invocations=783 (full 9):
 par new generation   total 29504K, used 750K [0x00000000f0800000, 0x00000000f2800000, 0x00000000f5a00000)
  eden space 26240K,   0% used [0x00000000f0800000, 0x00000000f0800000, 0x00000000f21a0000)
  from space 3264K,  22% used [0x00000000f21a0000, 0x00000000f225b930, 0x00000000f24d0000)
  to   space 3264K,   0% used [0x00000000f24d0000, 0x00000000f24d0000, 0x00000000f2800000)
 concurrent mark-sweep generation total 65488K, used 36480K [0x00000000f5a00000, 0x00000000f99f4000, 0x0000000100000000)
 Metaspace       used 54861K, capacity 56788K, committed 56984K, reserved 1099776K
  class space    used 7216K, capacity 7564K, committed 7576K, reserved 1048576K
}
2019-10-16T14:17:22.700+0000: 42.552: Total time for which application threads were stopped: 0.0071752 seconds, Stopping threads took: 0.0000258 seconds
{Heap before GC invocations=783 (full 9):
 par new generation   total 29504K, used 26990K [0x00000000f0800000, 0x00000000f2800000, 0x00000000f5a00000)
  eden space 26240K, 100% used [0x00000000f0800000, 0x00000000f21a0000, 0x00000000f21a0000)
  from space 3264K,  22% used [0x00000000f21a0000, 0x00000000f225b930, 0x00000000f24d0000)
  to   space 3264K,   0% used [0x00000000f24d0000, 0x00000000f24d0000, 0x00000000f2800000)
 concurrent mark-sweep generation total 65488K, used 36480K [0x00000000f5a00000, 0x00000000f99f4000, 0x0000000100000000)
 Metaspace       used 55072K, capacity 56990K, committed 57368K, reserved 1099776K
  class space    used 7253K, capacity 7603K, committed 7704K, reserved 1048576K
2019-10-16T14:17:22.784+0000: 42.636: [GC (Allocation Failure) 2019-10-16T14:17:22.784+0000: 42.636: [ParNew
Desired survivor size 1671168 bytes, new threshold 6 (max 6)
- age   1:      94288 bytes,      94288 total
- age   2:      34280 bytes,     128568 total
- age   3:      35112 bytes,     163680 total
- age   4:      29088 bytes,     192768 total
- age   5:      31632 bytes,     224400 total
- age   6:     104728 bytes,     329128 total
: 26990K->543K(29504K), 0.0056346 secs] 63470K->37342K(94992K), 0.0057020 secs] [Times: user=0.00 sys=0.00, real=0.00 secs] 
Heap after GC invocations=784 (full 9):
 par new generation   total 29504K, used 543K [0x00000000f0800000, 0x00000000f2800000, 0x00000000f5a00000)
  eden space 26240K,   0% used [0x00000000f0800000, 0x00000000f0800000, 0x00000000f21a0000)
  from space 3264K,  16% used [0x00000000f24d0000, 0x00000000f2557c58, 0x00000000f2800000)
  to   space 3264K,   0% used [0x00000000f21a0000, 0x00000000f21a0000, 0x00000000f24d0000)
 concurrent mark-sweep generation total 65488K, used 36799K [0x00000000f5a00000, 0x00000000f99f4000, 0x0000000100000000)
 Metaspace       used 55072K, capacity 56990K, committed 57368K, reserved 1099776K
  class space    used 7253K, capacity 7603K, committed 7704K, reserved 1048576K
}
2019-10-16T14:17:22.790+0000: 42.642: Total time for which application threads were stopped: 0.0058774 seconds, Stopping threads took: 0.0000279 seconds
{Heap before GC invocations=784 (full 9):
 par new generation   total 29504K, used 26783K [0x00000000f0800000, 0x00000000f2800000, 0x00000000f5a00000)
  eden space 26240K, 100% used [0x00000000f0800000, 0x00000000f21a0000, 0x00000000f21a0000)
  from space 3264K,  16% used [0x00000000f24d0000, 0x00000000f2557c58, 0x00000000f2800000)
  to   space 3264K,   0% used [0x00000000f21a0000, 0x00000000f21a0000, 0x00000000f24d0000)
 concurrent mark-sweep generation total 65488K, used 36799K [0x00000000f5a00000, 0x00000000f99f4000, 0x0000000100000000)
 Metaspace       used 55373K, capacity 57278K, committed 57624K, reserved 1099776K
  class space    used 7291K, capacity 7635K, committed 7704K, reserved 1048576K
2019-10-16T14:17:22.852+0000: 42.704: [GC (Allocation Failure) 2019-10-16T14:17:22.852+0000: 42.704: [ParNew
Desired survivor size 1671168 bytes, new threshold 6 (max 6)
- age   1:      51816 bytes,      51816 total
- age   2:      70104 bytes,     121920 total
- age   3:      34280 bytes,     156200 total
- age   4:      35096 bytes,     191296 total
- age   5:      29088 bytes,     220384 total
- age   6:      31632 bytes,     252016 total
: 26783K->259K(29504K), 0.0045412 secs] 63582K->37164K(94992K), 0.0046172 secs] [Times: user=0.00 sys=0.00, real=0.00 secs] 
Heap after GC invocations=785 (full 9):
 par new generation   total 29504K, used 259K [0x00000000f0800000, 0x00000000f2800000, 0x00000000f5a00000)
  eden space 26240K,   0% used [0x00000000f0800000, 0x00000000f0800000, 0x00000000f21a0000)
  from space 3264K,   7% used [0x00000000f21a0000, 0x00000000f21e0c18, 0x00000000f24d0000)
  to   space 3264K,   0% used [0x00000000f24d0000, 0x00000000f24d0000, 0x00000000f2800000)
 concurrent mark-sweep generation total 65488K, used 36905K [0x00000000f5a00000, 0x00000000f99f4000, 0x0000000100000000)
 Metaspace       used 55373K, capacity 57278K, committed 57624K, reserved 1099776K
  class space    used 7291K, capacity 7635K, committed 7704K, reserved 1048576K
}
2019-10-16T14:17:22.857+0000: 42.709: Total time for which application threads were stopped: 0.0047708 seconds, Stopping threads took: 0.0000268 seconds
{Heap before GC invocations=785 (full 9):
 par new generation   total 29504K, used 26498K [0x00000000f0800000, 0x00000000f2800000, 0x00000000f5a00000)
  eden space 26240K,  99% used [0x00000000f0800000, 0x00000000f219ff60, 0x00000000f21a0000)
  from space 3264K,   7% used [0x00000000f21a0000, 0x00000000f21e0c18, 0x00000000f24d0000)
  to   space 3264K,   0% used [0x00000000f24d0000, 0x00000000f24d0000, 0x00000000f2800000)
 concurrent mark-sweep generation total 65488K, used 36905K [0x00000000f5a00000, 0x00000000f99f4000, 0x0000000100000000)
 Metaspace       used 55579K, capacity 57534K, committed 57880K, reserved 1099776K
  class space    used 7328K, capacity 7699K, committed 7704K, reserved 1048576K
2019-10-16T14:17:22.905+0000: 42.757: [GC (Allocation Failure) 2019-10-16T14:17:22.905+0000: 42.757: [ParNew
Desired survivor size 1671168 bytes, new threshold 6 (max 6)
- age   1:      69720 bytes,      69720 total
- age   2:      26888 bytes,      96608 total
- age   3:      70088 bytes,     166696 total
- age   4:      34280 bytes,     200976 total
- age   5:      35096 bytes,     236072 total
- age   6:      29088 bytes,     265160 total
: 26498K->491K(29504K), 0.0040312 secs] 63404K->37429K(94992K), 0.0040855 secs] [Times: user=0.00 sys=0.00, real=0.00 secs] 
Heap after GC invocations=786 (full 9):
 par new generation   total 29504K, used 491K [0x00000000f0800000, 0x00000000f2800000, 0x00000000f5a00000)
  eden space 26240K,   0% used [0x00000000f0800000, 0x00000000f0800000, 0x00000000f21a0000)
  from space 3264K,  15% used [0x00000000f24d0000, 0x00000000f254ad80, 0x00000000f2800000)
  to   space 3264K,   0% used [0x00000000f21a0000, 0x00000000f21a0000, 0x00000000f24d0000)
 concurrent mark-sweep generation total 65488K, used 36937K [0x00000000f5a00000, 0x00000000f99f4000, 0x0000000100000000)
 Metaspace       used 55579K, capacity 57534K, committed 57880K, reserved 1099776K
  class space    used 7328K, capacity 7699K, committed 7704K, reserved 1048576K
}
2019-10-16T14:17:22.909+0000: 42.761: Total time for which application threads were stopped: 0.0042227 seconds, Stopping threads took: 0.0000268 seconds
{Heap before GC invocations=786 (full 9):
 par new generation   total 29504K, used 26731K [0x00000000f0800000, 0x00000000f2800000, 0x00000000f5a00000)
  eden space 26240K, 100% used [0x00000000f0800000, 0x00000000f21a0000, 0x00000000f21a0000)
  from space 3264K,  15% used [0x00000000f24d0000, 0x00000000f254ad80, 0x00000000f2800000)
  to   space 3264K,   0% used [0x00000000f21a0000, 0x00000000f21a0000, 0x00000000f24d0000)
 concurrent mark-sweep generation total 65488K, used 36937K [0x00000000f5a00000, 0x00000000f99f4000, 0x0000000100000000)
 Metaspace       used 55840K, capacity 57790K, committed 58264K, reserved 1099776K
  class space    used 7377K, capacity 7763K, committed 7832K, reserved 1048576K
2019-10-16T14:17:22.975+0000: 42.827: [GC (Allocation Failure) 2019-10-16T14:17:22.975+0000: 42.827: [ParNew
Desired survivor size 1671168 bytes, new threshold 6 (max 6)
- age   1:      87208 bytes,      87208 total
- age   2:      29344 bytes,     116552 total
- age   3:      23320 bytes,     139872 total
- age   4:      30944 bytes,     170816 total
- age   5:      25448 bytes,     196264 total
- age   6:      35096 bytes,     231360 total
: 26731K->317K(29504K), 0.0038675 secs] 63669K->37283K(94992K), 0.0039318 secs] [Times: user=0.01 sys=0.00, real=0.00 secs] 
Heap after GC invocations=787 (full 9):
 par new generation   total 29504K, used 317K [0x00000000f0800000, 0x00000000f2800000, 0x00000000f5a00000)
  eden space 26240K,   0% used [0x00000000f0800000, 0x00000000f0800000, 0x00000000f21a0000)
  from space 3264K,   9% used [0x00000000f21a0000, 0x00000000f21ef430, 0x00000000f24d0000)
  to   space 3264K,   0% used [0x00000000f24d0000, 0x00000000f24d0000, 0x00000000f2800000)
 concurrent mark-sweep generation total 65488K, used 36966K [0x00000000f5a00000, 0x00000000f99f4000, 0x0000000100000000)
 Metaspace       used 55840K, capacity 57790K, committed 58264K, reserved 1099776K
  class space    used 7377K, capacity 7763K, committed 7832K, reserved 1048576K
}
2019-10-16T14:17:22.979+0000: 42.831: Total time for which application threads were stopped: 0.0041979 seconds, Stopping threads took: 0.0000275 seconds
2019-10-16T14:17:23.207+0000: 43.059: Total time for which application threads were stopped: 0.0001844 seconds, Stopping threads took: 0.0000240 seconds
{Heap before GC invocations=787 (full 9):
 par new generation   total 29504K, used 26557K [0x00000000f0800000, 0x00000000f2800000, 0x00000000f5a00000)
  eden space 26240K, 100% used [0x00000000f0800000, 0x00000000f21a0000, 0x00000000f21a0000)
  from space 3264K,   9% used [0x00000000f21a0000, 0x00000000f21ef430, 0x00000000f24d0000)
  to   space 3264K,   0% used [0x00000000f24d0000, 0x00000000f24d0000, 0x00000000f2800000)
 concurrent mark-sweep generation total 65488K, used 36966K [0x00000000f5a00000, 0x00000000f99f4000, 0x0000000100000000)
 Metaspace       used 56269K, capacity 58246K, committed 58520K, reserved 1099776K
  class space    used 7406K, capacity 7803K, committed 7832K, reserved 1048576K
2019-10-16T14:17:23.392+0000: 43.244: [GC (Allocation Failure) 2019-10-16T14:17:23.392+0000: 43.244: [ParNew
Desired survivor size 1671168 bytes, new threshold 6 (max 6)
- age   1:     544376 bytes,     544376 total
- age   2:      67960 bytes,     612336 total
- age   3:      29344 bytes,     641680 total
- age   4:      23320 bytes,     665000 total
- age   5:      30944 bytes,     695944 total
- age   6:      25448 bytes,     721392 total
: 26557K->815K(29504K), 0.0053147 secs] 63523K->37816K(94992K), 0.0053688 secs] [Times: user=0.01 sys=0.00, real=0.00 secs] 
Heap after GC invocations=788 (full 9):
 par new generation   total 29504K, used 815K [0x00000000f0800000, 0x00000000f2800000, 0x00000000f5a00000)
  eden space 26240K,   0% used [0x00000000f0800000, 0x00000000f0800000, 0x00000000f21a0000)
  from space 3264K,  24% used [0x00000000f24d0000, 0x00000000f259bdb0, 0x00000000f2800000)
  to   space 3264K,   0% used [0x00000000f21a0000, 0x00000000f21a0000, 0x00000000f24d0000)
 concurrent mark-sweep generation total 65488K, used 37001K [0x00000000f5a00000, 0x00000000f99f4000, 0x0000000100000000)
 Metaspace       used 56269K, capacity 58246K, committed 58520K, reserved 1099776K
  class space    used 7406K, capacity 7803K, committed 7832K, reserved 1048576K
}
2019-10-16T14:17:23.397+0000: 43.249: Total time for which application threads were stopped: 0.0056052 seconds, Stopping threads took: 0.0000250 seconds
{Heap before GC invocations=788 (full 9):
 par new generation   total 29504K, used 27055K [0x00000000f0800000, 0x00000000f2800000, 0x00000000f5a00000)
  eden space 26240K, 100% used [0x00000000f0800000, 0x00000000f21a0000, 0x00000000f21a0000)
  from space 3264K,  24% used [0x00000000f24d0000, 0x00000000f259bdb0, 0x00000000f2800000)
  to   space 3264K,   0% used [0x00000000f21a0000, 0x00000000f21a0000, 0x00000000f24d0000)
 concurrent mark-sweep generation total 65488K, used 37001K [0x00000000f5a00000, 0x00000000f99f4000, 0x0000000100000000)
 Metaspace       used 56624K, capacity 58598K, committed 58904K, reserved 1099776K
  class space    used 7463K, capacity 7835K, committed 7960K, reserved 1048576K
2019-10-16T14:17:23.485+0000: 43.337: [GC (Allocation Failure) 2019-10-16T14:17:23.485+0000: 43.337: [ParNew
Desired survivor size 1671168 bytes, new threshold 6 (max 6)
- age   1:     120680 bytes,     120680 total
- age   2:     534672 bytes,     655352 total
- age   3:      67960 bytes,     723312 total
- age   4:      29344 bytes,     752656 total
- age   5:      23320 bytes,     775976 total
- age   6:      30944 bytes,     806920 total
: 27055K->1167K(29504K), 0.0052056 secs] 64056K->38194K(94992K), 0.0052629 secs] [Times: user=0.00 sys=0.00, real=0.00 secs] 
Heap after GC invocations=789 (full 9):
 par new generation   total 29504K, used 1167K [0x00000000f0800000, 0x00000000f2800000, 0x00000000f5a00000)
  eden space 26240K,   0% used [0x00000000f0800000, 0x00000000f0800000, 0x00000000f21a0000)
  from space 3264K,  35% used [0x00000000f21a0000, 0x00000000f22c3da0, 0x00000000f24d0000)
  to   space 3264K,   0% used [0x00000000f24d0000, 0x00000000f24d0000, 0x00000000f2800000)
 concurrent mark-sweep generation total 65488K, used 37026K [0x00000000f5a00000, 0x00000000f99f4000, 0x0000000100000000)
 Metaspace       used 56624K, capacity 58598K, committed 58904K, reserved 1099776K
  class space    used 7463K, capacity 7835K, committed 7960K, reserved 1048576K
}
2019-10-16T14:17:23.490+0000: 43.342: Total time for which application threads were stopped: 0.0053926 seconds, Stopping threads took: 0.0000240 seconds
{Heap before GC invocations=789 (full 9):
 par new generation   total 29504K, used 27407K [0x00000000f0800000, 0x00000000f2800000, 0x00000000f5a00000)
  eden space 26240K, 100% used [0x00000000f0800000, 0x00000000f21a0000, 0x00000000f21a0000)
  from space 3264K,  35% used [0x00000000f21a0000, 0x00000000f22c3da0, 0x00000000f24d0000)
  to   space 3264K,   0% used [0x00000000f24d0000, 0x00000000f24d0000, 0x00000000f2800000)
 concurrent mark-sweep generation total 65488K, used 37026K [0x00000000f5a00000, 0x00000000f99f4000, 0x0000000100000000)
 Metaspace       used 57048K, capacity 58984K, committed 59416K, reserved 1101824K
  class space    used 7522K, capacity 7900K, committed 7960K, reserved 1048576K
2019-10-16T14:17:23.668+0000: 43.520: [GC (Allocation Failure) 2019-10-16T14:17:23.668+0000: 43.520: [ParNew
Desired survivor size 1671168 bytes, new threshold 6 (max 6)
- age   1:     341640 bytes,     341640 total
- age   2:      77872 bytes,     419512 total
- age   3:     534608 bytes,     954120 total
- age   4:      67960 bytes,    1022080 total
- age   5:      29344 bytes,    1051424 total
- age   6:      23320 bytes,    1074744 total
: 27407K->1463K(29504K), 0.0056617 secs] 64434K->38521K(94992K), 0.0057193 secs] [Times: user=0.01 sys=0.00, real=0.01 secs] 
Heap after GC invocations=790 (full 9):
 par new generation   total 29504K, used 1463K [0x00000000f0800000, 0x00000000f2800000, 0x00000000f5a00000)
  eden space 26240K,   0% used [0x00000000f0800000, 0x00000000f0800000, 0x00000000f21a0000)
  from space 3264K,  44% used [0x00000000f24d0000, 0x00000000f263dcf0, 0x00000000f2800000)
  to   space 3264K,   0% used [0x00000000f21a0000, 0x00000000f21a0000, 0x00000000f24d0000)
 concurrent mark-sweep generation total 65488K, used 37058K [0x00000000f5a00000, 0x00000000f99f4000, 0x0000000100000000)
 Metaspace       used 57048K, capacity 58984K, committed 59416K, reserved 1101824K
  class space    used 7522K, capacity 7900K, committed 7960K, reserved 1048576K
}
2019-10-16T14:17:23.673+0000: 43.525: Total time for which application threads were stopped: 0.0058609 seconds, Stopping threads took: 0.0000248 seconds
{Heap before GC invocations=790 (full 9):
 par new generation   total 29504K, used 27703K [0x00000000f0800000, 0x00000000f2800000, 0x00000000f5a00000)
  eden space 26240K, 100% used [0x00000000f0800000, 0x00000000f21a0000, 0x00000000f21a0000)
  from space 3264K,  44% used [0x00000000f24d0000, 0x00000000f263dcf0, 0x00000000f2800000)
  to   space 3264K,   0% used [0x00000000f21a0000, 0x00000000f21a0000, 0x00000000f24d0000)
 concurrent mark-sweep generation total 65488K, used 37058K [0x00000000f5a00000, 0x00000000f99f4000, 0x0000000100000000)
 Metaspace       used 57140K, capacity 59080K, committed 59416K, reserved 1101824K
  class space    used 7541K, capacity 7932K, committed 7960K, reserved 1048576K
2019-10-16T14:17:23.721+0000: 43.573: [GC (Allocation Failure) 2019-10-16T14:17:23.721+0000: 43.573: [ParNew
Desired survivor size 1671168 bytes, new threshold 6 (max 6)
- age   1:      76216 bytes,      76216 total
- age   2:     309904 bytes,     386120 total
- age   3:      77872 bytes,     463992 total
- age   4:     534552 bytes,     998544 total
- age   5:      67960 bytes,    1066504 total
- age   6:      29344 bytes,    1095848 total
: 27703K->1923K(29504K), 0.0060058 secs] 64761K->39005K(94992K), 0.0060612 secs] [Times: user=0.00 sys=0.00, real=0.01 secs] 
Heap after GC invocations=791 (full 9):
 par new generation   total 29504K, used 1923K [0x00000000f0800000, 0x00000000f2800000, 0x00000000f5a00000)
  eden space 26240K,   0% used [0x00000000f0800000, 0x00000000f0800000, 0x00000000f21a0000)
  from space 3264K,  58% used [0x00000000f21a0000, 0x00000000f2380c70, 0x00000000f24d0000)
  to   space 3264K,   0% used [0x00000000f24d0000, 0x00000000f24d0000, 0x00000000f2800000)
 concurrent mark-sweep generation total 65488K, used 37082K [0x00000000f5a00000, 0x00000000f99f4000, 0x0000000100000000)
 Metaspace       used 57140K, capacity 59080K, committed 59416K, reserved 1101824K
  class space    used 7541K, capacity 7932K, committed 7960K, reserved 1048576K
}
2019-10-16T14:17:23.727+0000: 43.579: Total time for which application threads were stopped: 0.0061945 seconds, Stopping threads took: 0.0000259 seconds
{Heap before GC invocations=791 (full 9):
 par new generation   total 29504K, used 28163K [0x00000000f0800000, 0x00000000f2800000, 0x00000000f5a00000)
  eden space 26240K, 100% used [0x00000000f0800000, 0x00000000f21a0000, 0x00000000f21a0000)
  from space 3264K,  58% used [0x00000000f21a0000, 0x00000000f2380c70, 0x00000000f24d0000)
  to   space 3264K,   0% used [0x00000000f24d0000, 0x00000000f24d0000, 0x00000000f2800000)
 concurrent mark-sweep generation total 65488K, used 37082K [0x00000000f5a00000, 0x00000000f99f4000, 0x0000000100000000)
 Metaspace       used 57473K, capacity 59484K, committed 59800K, reserved 1101824K
  class space    used 7588K, capacity 7976K, committed 8088K, reserved 1048576K
2019-10-16T14:17:23.878+0000: 43.730: [GC (Allocation Failure) 2019-10-16T14:17:23.878+0000: 43.730: [ParNew
Desired survivor size 1671168 bytes, new threshold 6 (max 6)
- age   1:     452784 bytes,     452784 total
- age   2:      53536 bytes,     506320 total
- age   3:     309696 bytes,     816016 total
- age   4:      77872 bytes,     893888 total
- age   5:     534552 bytes,    1428440 total
- age   6:      67960 bytes,    1496400 total
: 28163K->1927K(29504K), 0.0084030 secs] 65245K->39039K(94992K), 0.0084700 secs] [Times: user=0.01 sys=0.00, real=0.01 secs] 
Heap after GC invocations=792 (full 9):
 par new generation   total 29504K, used 1927K [0x00000000f0800000, 0x00000000f2800000, 0x00000000f5a00000)
  eden space 26240K,   0% used [0x00000000f0800000, 0x00000000f0800000, 0x00000000f21a0000)
  from space 3264K,  59% used [0x00000000f24d0000, 0x00000000f26b1c98, 0x00000000f2800000)
  to   space 3264K,   0% used [0x00000000f21a0000, 0x00000000f21a0000, 0x00000000f24d0000)
 concurrent mark-sweep generation total 65488K, used 37112K [0x00000000f5a00000, 0x00000000f99f4000, 0x0000000100000000)
 Metaspace       used 57473K, capacity 59484K, committed 59800K, reserved 1101824K
  class space    used 7588K, capacity 7976K, committed 8088K, reserved 1048576K
}
2019-10-16T14:17:23.887+0000: 43.739: Total time for which application threads were stopped: 0.0086332 seconds, Stopping threads took: 0.0000303 seconds
{Heap before GC invocations=792 (full 9):
 par new generation   total 29504K, used 28167K [0x00000000f0800000, 0x00000000f2800000, 0x00000000f5a00000)
  eden space 26240K, 100% used [0x00000000f0800000, 0x00000000f21a0000, 0x00000000f21a0000)
  from space 3264K,  59% used [0x00000000f24d0000, 0x00000000f26b1c98, 0x00000000f2800000)
  to   space 3264K,   0% used [0x00000000f21a0000, 0x00000000f21a0000, 0x00000000f24d0000)
 concurrent mark-sweep generation total 65488K, used 37112K [0x00000000f5a00000, 0x00000000f99f4000, 0x0000000100000000)
 Metaspace       used 58161K, capacity 60140K, committed 60568K, reserved 1101824K
  class space    used 7665K, capacity 8044K, committed 8088K, reserved 1048576K
2019-10-16T14:17:24.040+0000: 43.892: [GC (Allocation Failure) 2019-10-16T14:17:24.040+0000: 43.892: [ParNew
Desired survivor size 1671168 bytes, new threshold 6 (max 6)
- age   1:      95352 bytes,      95352 total
- age   2:     427552 bytes,     522904 total
- age   3:      53096 bytes,     576000 total
- age   4:     309664 bytes,     885664 total
- age   5:      77872 bytes,     963536 total
- age   6:     534552 bytes,    1498088 total
: 28167K->2511K(29504K), 0.0116367 secs] 65279K->39692K(94992K), 0.0117099 secs] [Times: user=0.01 sys=0.00, real=0.02 secs] 
Heap after GC invocations=793 (full 9):
 par new generation   total 29504K, used 2511K [0x00000000f0800000, 0x00000000f2800000, 0x00000000f5a00000)
  eden space 26240K,   0% used [0x00000000f0800000, 0x00000000f0800000, 0x00000000f21a0000)
  from space 3264K,  76% used [0x00000000f21a0000, 0x00000000f2413e40, 0x00000000f24d0000)
  to   space 3264K,   0% used [0x00000000f24d0000, 0x00000000f24d0000, 0x00000000f2800000)
 concurrent mark-sweep generation total 65488K, used 37180K [0x00000000f5a00000, 0x00000000f99f4000, 0x0000000100000000)
 Metaspace       used 58161K, capacity 60140K, committed 60568K, reserved 1101824K
  class space    used 7665K, capacity 8044K, committed 8088K, reserved 1048576K
}
2019-10-16T14:17:24.052+0000: 43.904: Total time for which application threads were stopped: 0.0118675 seconds, Stopping threads took: 0.0000269 seconds
{Heap before GC invocations=793 (full 9):
 par new generation   total 29504K, used 28751K [0x00000000f0800000, 0x00000000f2800000, 0x00000000f5a00000)
  eden space 26240K, 100% used [0x00000000f0800000, 0x00000000f21a0000, 0x00000000f21a0000)
  from space 3264K,  76% used [0x00000000f21a0000, 0x00000000f2413e40, 0x00000000f24d0000)
  to   space 3264K,   0% used [0x00000000f24d0000, 0x00000000f24d0000, 0x00000000f2800000)
 concurrent mark-sweep generation total 65488K, used 37180K [0x00000000f5a00000, 0x00000000f99f4000, 0x0000000100000000)
 Metaspace       used 58781K, capacity 61028K, committed 61208K, reserved 1101824K
  class space    used 7769K, capacity 8196K, committed 8216K, reserved 1048576K
2019-10-16T14:17:24.238+0000: 44.090: [GC (Allocation Failure) 2019-10-16T14:17:24.238+0000: 44.090: [ParNew
Desired survivor size 1671168 bytes, new threshold 6 (max 6)
- age   1:     314784 bytes,     314784 total
- age   2:      62576 bytes,     377360 total
- age   3:     422848 bytes,     800208 total
- age   4:      53096 bytes,     853304 total
- age   5:     309664 bytes,    1162968 total
- age   6:      77872 bytes,    1240840 total
: 28751K->1723K(29504K), 0.0137904 secs] 65932K->39431K(94992K), 0.0138639 secs] [Times: user=0.01 sys=0.00, real=0.02 secs] 
Heap after GC invocations=794 (full 9):
 par new generation   total 29504K, used 1723K [0x00000000f0800000, 0x00000000f2800000, 0x00000000f5a00000)
  eden space 26240K,   0% used [0x00000000f0800000, 0x00000000f0800000, 0x00000000f21a0000)
  from space 3264K,  52% used [0x00000000f24d0000, 0x00000000f267ec10, 0x00000000f2800000)
  to   space 3264K,   0% used [0x00000000f21a0000, 0x00000000f21a0000, 0x00000000f24d0000)
 concurrent mark-sweep generation total 65488K, used 37708K [0x00000000f5a00000, 0x00000000f99f4000, 0x0000000100000000)
 Metaspace       used 58781K, capacity 61028K, committed 61208K, reserved 1101824K
  class space    used 7769K, capacity 8196K, committed 8216K, reserved 1048576K
}
2019-10-16T14:17:24.252+0000: 44.104: Total time for which application threads were stopped: 0.0140617 seconds, Stopping threads took: 0.0000446 seconds
2019-10-16T14:17:24.309+0000: 44.161: Total time for which application threads were stopped: 0.0006908 seconds, Stopping threads took: 0.0000257 seconds
{Heap before GC invocations=794 (full 9):
 par new generation   total 29504K, used 27963K [0x00000000f0800000, 0x00000000f2800000, 0x00000000f5a00000)
  eden space 26240K, 100% used [0x00000000f0800000, 0x00000000f21a0000, 0x00000000f21a0000)
  from space 3264K,  52% used [0x00000000f24d0000, 0x00000000f267ec10, 0x00000000f2800000)
  to   space 3264K,   0% used [0x00000000f21a0000, 0x00000000f21a0000, 0x00000000f24d0000)
 concurrent mark-sweep generation total 65488K, used 37708K [0x00000000f5a00000, 0x00000000f99f4000, 0x0000000100000000)
 Metaspace       used 59204K, capacity 61524K, committed 61848K, reserved 1103872K
  class space    used 7831K, capacity 8246K, committed 8344K, reserved 1048576K
2019-10-16T14:17:24.376+0000: 44.228: [GC (Allocation Failure) 2019-10-16T14:17:24.376+0000: 44.228: [ParNew
Desired survivor size 1671168 bytes, new threshold 6 (max 6)
- age   1:     205016 bytes,     205016 total
- age   2:     284656 bytes,     489672 total
- age   3:      62576 bytes,     552248 total
- age   4:     420224 bytes,     972472 total
- age   5:      53096 bytes,    1025568 total
- age   6:     309664 bytes,    1335232 total
: 27963K->2239K(29504K), 0.0109997 secs] 65671K->40027K(94992K), 0.0110639 secs] [Times: user=0.01 sys=0.00, real=0.01 secs] 
Heap after GC invocations=795 (full 9):
 par new generation   total 29504K, used 2239K [0x00000000f0800000, 0x00000000f2800000, 0x00000000f5a00000)
  eden space 26240K,   0% used [0x00000000f0800000, 0x00000000f0800000, 0x00000000f21a0000)
  from space 3264K,  68% used [0x00000000f21a0000, 0x00000000f23cfd38, 0x00000000f24d0000)
  to   space 3264K,   0% used [0x00000000f24d0000, 0x00000000f24d0000, 0x00000000f2800000)
 concurrent mark-sweep generation total 65488K, used 37787K [0x00000000f5a00000, 0x00000000f99f4000, 0x0000000100000000)
 Metaspace       used 59204K, capacity 61524K, committed 61848K, reserved 1103872K
  class space    used 7831K, capacity 8246K, committed 8344K, reserved 1048576K
}
2019-10-16T14:17:24.387+0000: 44.239: Total time for which application threads were stopped: 0.0112086 seconds, Stopping threads took: 0.0000251 seconds
{Heap before GC invocations=795 (full 9):
 par new generation   total 29504K, used 28479K [0x00000000f0800000, 0x00000000f2800000, 0x00000000f5a00000)
  eden space 26240K, 100% used [0x00000000f0800000, 0x00000000f21a0000, 0x00000000f21a0000)
  from space 3264K,  68% used [0x00000000f21a0000, 0x00000000f23cfd38, 0x00000000f24d0000)
  to   space 3264K,   0% used [0x00000000f24d0000, 0x00000000f24d0000, 0x00000000f2800000)
 concurrent mark-sweep generation total 65488K, used 37787K [0x00000000f5a00000, 0x00000000f99f4000, 0x0000000100000000)
 Metaspace       used 59665K, capacity 62082K, committed 62232K, reserved 1103872K
  class space    used 7913K, capacity 8357K, committed 8472K, reserved 1048576K
2019-10-16T14:17:24.510+0000: 44.362: [GC (Allocation Failure) 2019-10-16T14:17:24.510+0000: 44.362: [ParNew
Desired survivor size 1671168 bytes, new threshold 6 (max 6)
- age   1:     145576 bytes,     145576 total
- age   2:     172824 bytes,     318400 total
- age   3:     283656 bytes,     602056 total
- age   4:      62576 bytes,     664632 total
- age   5:     417544 bytes,    1082176 total
- age   6:      53096 bytes,    1135272 total
: 28479K->1540K(29504K), 0.0080041 secs] 66267K->39633K(94992K), 0.0080640 secs] [Times: user=0.01 sys=0.00, real=0.01 secs] 
Heap after GC invocations=796 (full 9):
 par new generation   total 29504K, used 1540K [0x00000000f0800000, 0x00000000f2800000, 0x00000000f5a00000)
  eden space 26240K,   0% used [0x00000000f0800000, 0x00000000f0800000, 0x00000000f21a0000)
  from space 3264K,  47% used [0x00000000f24d0000, 0x00000000f2651060, 0x00000000f2800000)
  to   space 3264K,   0% used [0x00000000f21a0000, 0x00000000f21a0000, 0x00000000f24d0000)
 concurrent mark-sweep generation total 65488K, used 38093K [0x00000000f5a00000, 0x00000000f99f4000, 0x0000000100000000)
 Metaspace       used 59665K, capacity 62082K, committed 62232K, reserved 1103872K
  class space    used 7913K, capacity 8357K, committed 8472K, reserved 1048576K
}
2019-10-16T14:17:24.518+0000: 44.370: Total time for which application threads were stopped: 0.0082275 seconds, Stopping threads took: 0.0000259 seconds
2019-10-16T14:17:24.559+0000: 44.411: Total time for which application threads were stopped: 0.0007389 seconds, Stopping threads took: 0.0000272 seconds
{Heap before GC invocations=796 (full 9):
 par new generation   total 29504K, used 27780K [0x00000000f0800000, 0x00000000f2800000, 0x00000000f5a00000)
  eden space 26240K, 100% used [0x00000000f0800000, 0x00000000f21a0000, 0x00000000f21a0000)
  from space 3264K,  47% used [0x00000000f24d0000, 0x00000000f2651060, 0x00000000f2800000)
  to   space 3264K,   0% used [0x00000000f21a0000, 0x00000000f21a0000, 0x00000000f24d0000)
 concurrent mark-sweep generation total 65488K, used 38093K [0x00000000f5a00000, 0x00000000f99f4000, 0x0000000100000000)
 Metaspace       used 60339K, capacity 62730K, committed 63000K, reserved 1103872K
  class space    used 7999K, capacity 8439K, committed 8472K, reserved 1048576K
2019-10-16T14:17:24.678+0000: 44.530: [GC (Allocation Failure) 2019-10-16T14:17:24.678+0000: 44.530: [ParNew
Desired survivor size 1671168 bytes, new threshold 6 (max 6)
- age   1:     245856 bytes,     245856 total
- age   2:     114416 bytes,     360272 total
- age   3:     165816 bytes,     526088 total
- age   4:     273016 bytes,     799104 total
- age   5:      62528 bytes,     861632 total
- age   6:     417104 bytes,    1278736 total
: 27780K->2040K(29504K), 0.0075104 secs] 65873K->40185K(94992K), 0.0075636 secs] [Times: user=0.01 sys=0.00, real=0.01 secs] 
Heap after GC invocations=797 (full 9):
 par new generation   total 29504K, used 2040K [0x00000000f0800000, 0x00000000f2800000, 0x00000000f5a00000)
  eden space 26240K,   0% used [0x00000000f0800000, 0x00000000f0800000, 0x00000000f21a0000)
  from space 3264K,  62% used [0x00000000f21a0000, 0x00000000f239e2c0, 0x00000000f24d0000)
  to   space 3264K,   0% used [0x00000000f24d0000, 0x00000000f24d0000, 0x00000000f2800000)
 concurrent mark-sweep generation total 65488K, used 38145K [0x00000000f5a00000, 0x00000000f99f4000, 0x0000000100000000)
 Metaspace       used 60339K, capacity 62730K, committed 63000K, reserved 1103872K
  class space    used 7999K, capacity 8439K, committed 8472K, reserved 1048576K
}
2019-10-16T14:17:24.686+0000: 44.538: Total time for which application threads were stopped: 0.0077086 seconds, Stopping threads took: 0.0000278 seconds
2019-10-16T14:17:24.849+0000: 44.701: Total time for which application threads were stopped: 0.0008007 seconds, Stopping threads took: 0.0000307 seconds
2019-10-16T14:17:24.865+0000: 44.717: Total time for which application threads were stopped: 0.0007583 seconds, Stopping threads took: 0.0000221 seconds
{Heap before GC invocations=797 (full 9):
 par new generation   total 29504K, used 28280K [0x00000000f0800000, 0x00000000f2800000, 0x00000000f5a00000)
  eden space 26240K, 100% used [0x00000000f0800000, 0x00000000f21a0000, 0x00000000f21a0000)
  from space 3264K,  62% used [0x00000000f21a0000, 0x00000000f239e2c0, 0x00000000f24d0000)
  to   space 3264K,   0% used [0x00000000f24d0000, 0x00000000f24d0000, 0x00000000f2800000)
 concurrent mark-sweep generation total 65488K, used 38145K [0x00000000f5a00000, 0x00000000f99f4000, 0x0000000100000000)
 Metaspace       used 60771K, capacity 63290K, committed 63384K, reserved 1103872K
  class space    used 8061K, capacity 8511K, committed 8600K, reserved 1048576K
2019-10-16T14:17:24.942+0000: 44.794: [GC (Allocation Failure) 2019-10-16T14:17:24.942+0000: 44.794: [ParNew
Desired survivor size 1671168 bytes, new threshold 6 (max 6)
- age   1:     598656 bytes,     598656 total
- age   2:     214152 bytes,     812808 total
- age   3:     111120 bytes,     923928 total
- age   4:     165776 bytes,    1089704 total
- age   5:     272504 bytes,    1362208 total
- age   6:      62528 bytes,    1424736 total
: 28280K->2368K(29504K), 0.0185989 secs] 66425K->40927K(94992K), 0.0186788 secs] [Times: user=0.02 sys=0.01, real=0.01 secs] 
Heap after GC invocations=798 (full 9):
 par new generation   total 29504K, used 2368K [0x00000000f0800000, 0x00000000f2800000, 0x00000000f5a00000)
  eden space 26240K,   0% used [0x00000000f0800000, 0x00000000f0800000, 0x00000000f21a0000)
  from space 3264K,  72% used [0x00000000f24d0000, 0x00000000f2720270, 0x00000000f2800000)
  to   space 3264K,   0% used [0x00000000f21a0000, 0x00000000f21a0000, 0x00000000f24d0000)
 concurrent mark-sweep generation total 65488K, used 38558K [0x00000000f5a00000, 0x00000000f99f4000, 0x0000000100000000)
 Metaspace       used 60771K, capacity 63290K, committed 63384K, reserved 1103872K
  class space    used 8061K, capacity 8511K, committed 8600K, reserved 1048576K
}
2019-10-16T14:17:24.961+0000: 44.813: Total time for which application threads were stopped: 0.0189006 seconds, Stopping threads took: 0.0000279 seconds
{Heap before GC invocations=798 (full 9):
 par new generation   total 29504K, used 28608K [0x00000000f0800000, 0x00000000f2800000, 0x00000000f5a00000)
  eden space 26240K, 100% used [0x00000000f0800000, 0x00000000f21a0000, 0x00000000f21a0000)
  from space 3264K,  72% used [0x00000000f24d0000, 0x00000000f2720270, 0x00000000f2800000)
  to   space 3264K,   0% used [0x00000000f21a0000, 0x00000000f21a0000, 0x00000000f24d0000)
 concurrent mark-sweep generation total 65488K, used 38558K [0x00000000f5a00000, 0x00000000f99f4000, 0x0000000100000000)
 Metaspace       used 61299K, capacity 63854K, committed 63896K, reserved 1103872K
  class space    used 8124K, capacity 8583K, committed 8600K, reserved 1048576K
2019-10-16T14:17:25.162+0000: 45.014: [GC (Allocation Failure) 2019-10-16T14:17:25.162+0000: 45.014: [ParNew
Desired survivor size 1671168 bytes, new threshold 6 (max 6)
- age   1:     351240 bytes,     351240 total
- age   2:     580440 bytes,     931680 total
- age   3:     201016 bytes,    1132696 total
- age   4:     108344 bytes,    1241040 total
- age   5:     165776 bytes,    1406816 total
- age   6:     272280 bytes,    1679096 total
: 28608K->2449K(29504K), 0.0089380 secs] 67167K->41071K(94992K), 0.0090004 secs] [Times: user=0.01 sys=0.00, real=0.01 secs] 
Heap after GC invocations=799 (full 9):
 par new generation   total 29504K, used 2449K [0x00000000f0800000, 0x00000000f2800000, 0x00000000f5a00000)
  eden space 26240K,   0% used [0x00000000f0800000, 0x00000000f0800000, 0x00000000f21a0000)
  from space 3264K,  75% used [0x00000000f21a0000, 0x00000000f2404450, 0x00000000f24d0000)
  to   space 3264K,   0% used [0x00000000f24d0000, 0x00000000f24d0000, 0x00000000f2800000)
 concurrent mark-sweep generation total 65488K, used 38622K [0x00000000f5a00000, 0x00000000f99f4000, 0x0000000100000000)
 Metaspace       used 61299K, capacity 63854K, committed 63896K, reserved 1103872K
  class space    used 8124K, capacity 8583K, committed 8600K, reserved 1048576K
}
2019-10-16T14:17:25.171+0000: 45.023: Total time for which application threads were stopped: 0.0091678 seconds, Stopping threads took: 0.0000290 seconds
2019-10-16T14:17:25.223+0000: 45.075: Total time for which application threads were stopped: 0.0007259 seconds, Stopping threads took: 0.0000169 seconds
{Heap before GC invocations=799 (full 9):
 par new generation   total 29504K, used 28689K [0x00000000f0800000, 0x00000000f2800000, 0x00000000f5a00000)
  eden space 26240K, 100% used [0x00000000f0800000, 0x00000000f21a0000, 0x00000000f21a0000)
  from space 3264K,  75% used [0x00000000f21a0000, 0x00000000f2404450, 0x00000000f24d0000)
  to   space 3264K,   0% used [0x00000000f24d0000, 0x00000000f24d0000, 0x00000000f2800000)
 concurrent mark-sweep generation total 65488K, used 38622K [0x00000000f5a00000, 0x00000000f99f4000, 0x0000000100000000)
 Metaspace       used 61906K, capacity 64506K, committed 64792K, reserved 1105920K
  class space    used 8191K, capacity 8649K, committed 8728K, reserved 1048576K
2019-10-16T14:17:25.378+0000: 45.230: [GC (Allocation Failure) 2019-10-16T14:17:25.378+0000: 45.230: [ParNew
Desired survivor size 1671168 bytes, new threshold 6 (max 6)
- age   1:     245560 bytes,     245560 total
- age   2:     323080 bytes,     568640 total
- age   3:     580440 bytes,    1149080 total
- age   4:     201016 bytes,    1350096 total
- age   5:     108344 bytes,    1458440 total
- age   6:     165776 bytes,    1624216 total
: 28689K->2867K(29504K), 0.0173198 secs] 67311K->41762K(94992K), 0.0173973 secs] [Times: user=0.02 sys=0.00, real=0.02 secs] 
Heap after GC invocations=800 (full 9):
 par new generation   total 29504K, used 2867K [0x00000000f0800000, 0x00000000f2800000, 0x00000000f5a00000)
  eden space 26240K,   0% used [0x00000000f0800000, 0x00000000f0800000, 0x00000000f21a0000)
  from space 3264K,  87% used [0x00000000f24d0000, 0x00000000f279cdd0, 0x00000000f2800000)
  to   space 3264K,   0% used [0x00000000f21a0000, 0x00000000f21a0000, 0x00000000f24d0000)
 concurrent mark-sweep generation total 65488K, used 38895K [0x00000000f5a00000, 0x00000000f99f4000, 0x0000000100000000)
 Metaspace       used 61906K, capacity 64506K, committed 64792K, reserved 1105920K
  class space    used 8191K, capacity 8649K, committed 8728K, reserved 1048576K
}
2019-10-16T14:17:25.396+0000: 45.248: Total time for which application threads were stopped: 0.0175746 seconds, Stopping threads took: 0.0000387 seconds
{Heap before GC invocations=800 (full 9):
 par new generation   total 29504K, used 29107K [0x00000000f0800000, 0x00000000f2800000, 0x00000000f5a00000)
  eden space 26240K, 100% used [0x00000000f0800000, 0x00000000f21a0000, 0x00000000f21a0000)
  from space 3264K,  87% used [0x00000000f24d0000, 0x00000000f279cdd0, 0x00000000f2800000)
  to   space 3264K,   0% used [0x00000000f21a0000, 0x00000000f21a0000, 0x00000000f24d0000)
 concurrent mark-sweep generation total 65488K, used 38895K [0x00000000f5a00000, 0x00000000f99f4000, 0x0000000100000000)
 Metaspace       used 62431K, capacity 64994K, committed 65048K, reserved 1105920K
  class space    used 8245K, capacity 8693K, committed 8728K, reserved 1048576K
2019-10-16T14:17:25.706+0000: 45.558: [GC (Allocation Failure) 2019-10-16T14:17:25.706+0000: 45.558: [ParNew
Desired survivor size 1671168 bytes, new threshold 5 (max 6)
- age   1:     414656 bytes,     414656 total
- age   2:     211624 bytes,     626280 total
- age   3:     313272 bytes,     939552 total
- age   4:     580392 bytes,    1519944 total
- age   5:     200992 bytes,    1720936 total
- age   6:     108344 bytes,    1829280 total
: 29107K->1902K(29504K), 0.0108416 secs] 68002K->40963K(94992K), 0.0109016 secs] [Times: user=0.01 sys=0.00, real=0.01 secs] 
Heap after GC invocations=801 (full 9):
 par new generation   total 29504K, used 1902K [0x00000000f0800000, 0x00000000f2800000, 0x00000000f5a00000)
  eden space 26240K,   0% used [0x00000000f0800000, 0x00000000f0800000, 0x00000000f21a0000)
  from space 3264K,  58% used [0x00000000f21a0000, 0x00000000f237ba20, 0x00000000f24d0000)
  to   space 3264K,   0% used [0x00000000f24d0000, 0x00000000f24d0000, 0x00000000f2800000)
 concurrent mark-sweep generation total 65488K, used 39061K [0x00000000f5a00000, 0x00000000f99f4000, 0x0000000100000000)
 Metaspace       used 62431K, capacity 64994K, committed 65048K, reserved 1105920K
  class space    used 8245K, capacity 8693K, committed 8728K, reserved 1048576K
}
2019-10-16T14:17:25.717+0000: 45.569: Total time for which application threads were stopped: 0.0111053 seconds, Stopping threads took: 0.0000283 seconds
{Heap before GC invocations=801 (full 9):
 par new generation   total 29504K, used 28142K [0x00000000f0800000, 0x00000000f2800000, 0x00000000f5a00000)
  eden space 26240K, 100% used [0x00000000f0800000, 0x00000000f21a0000, 0x00000000f21a0000)
  from space 3264K,  58% used [0x00000000f21a0000, 0x00000000f237ba20, 0x00000000f24d0000)
  to   space 3264K,   0% used [0x00000000f24d0000, 0x00000000f24d0000, 0x00000000f2800000)
 concurrent mark-sweep generation total 65488K, used 39061K [0x00000000f5a00000, 0x00000000f99f4000, 0x0000000100000000)
 Metaspace       used 62652K, capacity 65226K, committed 65304K, reserved 1105920K
  class space    used 8254K, capacity 8699K, committed 8728K, reserved 1048576K
2019-10-16T14:17:25.997+0000: 45.849: [GC (Allocation Failure) 2019-10-16T14:17:25.997+0000: 45.849: [ParNew
Desired survivor size 1671168 bytes, new threshold 5 (max 6)
- age   1:     603128 bytes,     603128 total
- age   2:     392376 bytes,     995504 total
- age   3:     211600 bytes,    1207104 total
- age   4:     312992 bytes,    1520096 total
- age   5:     580328 bytes,    2100424 total
: 28142K->3141K(29504K), 0.0150857 secs] 67203K->42513K(94992K), 0.0151724 secs] [Times: user=0.01 sys=0.00, real=0.02 secs] 
Heap after GC invocations=802 (full 9):
 par new generation   total 29504K, used 3141K [0x00000000f0800000, 0x00000000f2800000, 0x00000000f5a00000)
  eden space 26240K,   0% used [0x00000000f0800000, 0x00000000f0800000, 0x00000000f21a0000)
  from space 3264K,  96% used [0x00000000f24d0000, 0x00000000f27e1510, 0x00000000f2800000)
  to   space 3264K,   0% used [0x00000000f21a0000, 0x00000000f21a0000, 0x00000000f24d0000)
 concurrent mark-sweep generation total 65488K, used 39372K [0x00000000f5a00000, 0x00000000f99f4000, 0x0000000100000000)
 Metaspace       used 62652K, capacity 65226K, committed 65304K, reserved 1105920K
  class space    used 8254K, capacity 8699K, committed 8728K, reserved 1048576K
}
2019-10-16T14:17:26.013+0000: 45.865: Total time for which application threads were stopped: 0.0153608 seconds, Stopping threads took: 0.0000275 seconds
{Heap before GC invocations=802 (full 9):
 par new generation   total 29504K, used 29381K [0x00000000f0800000, 0x00000000f2800000, 0x00000000f5a00000)
  eden space 26240K, 100% used [0x00000000f0800000, 0x00000000f21a0000, 0x00000000f21a0000)
  from space 3264K,  96% used [0x00000000f24d0000, 0x00000000f27e1510, 0x00000000f2800000)
  to   space 3264K,   0% used [0x00000000f21a0000, 0x00000000f21a0000, 0x00000000f24d0000)
 concurrent mark-sweep generation total 65488K, used 39372K [0x00000000f5a00000, 0x00000000f99f4000, 0x0000000100000000)
 Metaspace       used 63144K, capacity 65808K, committed 65944K, reserved 1105920K
  class space    used 8316K, capacity 8778K, committed 8856K, reserved 1048576K
2019-10-16T14:17:26.310+0000: 46.162: [GC (Allocation Failure) 2019-10-16T14:17:26.310+0000: 46.162: [ParNew
Desired survivor size 1671168 bytes, new threshold 4 (max 6)
- age   1:     662104 bytes,     662104 total
- age   2:     590064 bytes,    1252168 total
- age   3:     392200 bytes,    1644368 total
- age   4:     211600 bytes,    1855968 total
- age   5:     312608 bytes,    2168576 total
: 29381K->3264K(29504K), 0.0241497 secs] 68753K->43223K(94992K), 0.0242211 secs] [Times: user=0.02 sys=0.00, real=0.03 secs] 
Heap after GC invocations=803 (full 9):
 par new generation   total 29504K, used 3264K [0x00000000f0800000, 0x00000000f2800000, 0x00000000f5a00000)
  eden space 26240K,   0% used [0x00000000f0800000, 0x00000000f0800000, 0x00000000f21a0000)
  from space 3264K, 100% used [0x00000000f21a0000, 0x00000000f24d0000, 0x00000000f24d0000)
  to   space 3264K,   0% used [0x00000000f24d0000, 0x00000000f24d0000, 0x00000000f2800000)
 concurrent mark-sweep generation total 65488K, used 39959K [0x00000000f5a00000, 0x00000000f99f4000, 0x0000000100000000)
 Metaspace       used 63144K, capacity 65808K, committed 65944K, reserved 1105920K
  class space    used 8316K, capacity 8778K, committed 8856K, reserved 1048576K
}
2019-10-16T14:17:26.334+0000: 46.186: Total time for which application threads were stopped: 0.0244259 seconds, Stopping threads took: 0.0000252 seconds
{Heap before GC invocations=803 (full 9):
 par new generation   total 29504K, used 29504K [0x00000000f0800000, 0x00000000f2800000, 0x00000000f5a00000)
  eden space 26240K, 100% used [0x00000000f0800000, 0x00000000f21a0000, 0x00000000f21a0000)
  from space 3264K, 100% used [0x00000000f21a0000, 0x00000000f24d0000, 0x00000000f24d0000)
  to   space 3264K,   0% used [0x00000000f24d0000, 0x00000000f24d0000, 0x00000000f2800000)
 concurrent mark-sweep generation total 65488K, used 39959K [0x00000000f5a00000, 0x00000000f99f4000, 0x0000000100000000)
 Metaspace       used 63349K, capacity 66056K, committed 66200K, reserved 1105920K
  class space    used 8333K, capacity 8798K, committed 8856K, reserved 1048576K
2019-10-16T14:17:26.594+0000: 46.446: [GC (Allocation Failure) 2019-10-16T14:17:26.594+0000: 46.446: [ParNew
Desired survivor size 1671168 bytes, new threshold 3 (max 6)
- age   1:     779920 bytes,     779920 total
- age   2:     625904 bytes,    1405824 total
- age   3:     589032 bytes,    1994856 total
- age   4:     391736 bytes,    2386592 total
: 29504K->3264K(29504K), 0.0213779 secs] 69463K->43747K(94992K), 0.0214504 secs] [Times: user=0.02 sys=0.00, real=0.02 secs] 
Heap after GC invocations=804 (full 9):
 par new generation   total 29504K, used 3264K [0x00000000f0800000, 0x00000000f2800000, 0x00000000f5a00000)
  eden space 26240K,   0% used [0x00000000f0800000, 0x00000000f0800000, 0x00000000f21a0000)
  from space 3264K, 100% used [0x00000000f24d0000, 0x00000000f2800000, 0x00000000f2800000)
  to   space 3264K,   0% used [0x00000000f21a0000, 0x00000000f21a0000, 0x00000000f24d0000)
 concurrent mark-sweep generation total 65488K, used 40483K [0x00000000f5a00000, 0x00000000f99f4000, 0x0000000100000000)
 Metaspace       used 63349K, capacity 66056K, committed 66200K, reserved 1105920K
  class space    used 8333K, capacity 8798K, committed 8856K, reserved 1048576K
}
2019-10-16T14:17:26.616+0000: 46.468: Total time for which application threads were stopped: 0.0216147 seconds, Stopping threads took: 0.0000279 seconds
{Heap before GC invocations=804 (full 9):
 par new generation   total 29504K, used 29504K [0x00000000f0800000, 0x00000000f2800000, 0x00000000f5a00000)
  eden space 26240K, 100% used [0x00000000f0800000, 0x00000000f21a0000, 0x00000000f21a0000)
  from space 3264K, 100% used [0x00000000f24d0000, 0x00000000f2800000, 0x00000000f2800000)
  to   space 3264K,   0% used [0x00000000f21a0000, 0x00000000f21a0000, 0x00000000f24d0000)
 concurrent mark-sweep generation total 65488K, used 40483K [0x00000000f5a00000, 0x00000000f99f4000, 0x0000000100000000)
 Metaspace       used 63517K, capacity 66246K, committed 66456K, reserved 1107968K
  class space    used 8344K, capacity 8835K, committed 8856K, reserved 1048576K
2019-10-16T14:17:26.844+0000: 46.696: [GC (Allocation Failure) 2019-10-16T14:17:26.844+0000: 46.696: [ParNew
Desired survivor size 1671168 bytes, new threshold 3 (max 6)
- age   1:     476808 bytes,     476808 total
- age   2:     700088 bytes,    1176896 total
- age   3:     625904 bytes,    1802800 total
: 29504K->2266K(29504K), 0.0206254 secs] 69987K->43732K(94992K), 0.0206954 secs] [Times: user=0.02 sys=0.00, real=0.02 secs] 
Heap after GC invocations=805 (full 9):
 par new generation   total 29504K, used 2266K [0x00000000f0800000, 0x00000000f2800000, 0x00000000f5a00000)
  eden space 26240K,   0% used [0x00000000f0800000, 0x00000000f0800000, 0x00000000f21a0000)
  from space 3264K,  69% used [0x00000000f21a0000, 0x00000000f23d6be0, 0x00000000f24d0000)
  to   space 3264K,   0% used [0x00000000f24d0000, 0x00000000f24d0000, 0x00000000f2800000)
 concurrent mark-sweep generation total 65488K, used 41465K [0x00000000f5a00000, 0x00000000f99f4000, 0x0000000100000000)
 Metaspace       used 63517K, capacity 66246K, committed 66456K, reserved 1107968K
  class space    used 8344K, capacity 8835K, committed 8856K, reserved 1048576K
}
2019-10-16T14:17:26.865+0000: 46.717: Total time for which application threads were stopped: 0.0208558 seconds, Stopping threads took: 0.0000283 seconds
{Heap before GC invocations=805 (full 9):
 par new generation   total 29504K, used 28506K [0x00000000f0800000, 0x00000000f2800000, 0x00000000f5a00000)
  eden space 26240K, 100% used [0x00000000f0800000, 0x00000000f21a0000, 0x00000000f21a0000)
  from space 3264K,  69% used [0x00000000f21a0000, 0x00000000f23d6be0, 0x00000000f24d0000)
  to   space 3264K,   0% used [0x00000000f24d0000, 0x00000000f24d0000, 0x00000000f2800000)
 concurrent mark-sweep generation total 65488K, used 41465K [0x00000000f5a00000, 0x00000000f99f4000, 0x0000000100000000)
 Metaspace       used 63725K, capacity 66416K, committed 66456K, reserved 1107968K
  class space    used 8356K, capacity 8842K, committed 8856K, reserved 1048576K
2019-10-16T14:17:27.120+0000: 46.972: [GC (Allocation Failure) 2019-10-16T14:17:27.120+0000: 46.972: [ParNew
Desired survivor size 1671168 bytes, new threshold 3 (max 6)
- age   1:     731544 bytes,     731544 total
- age   2:     462008 bytes,    1193552 total
- age   3:     698568 bytes,    1892120 total
: 28506K->1887K(29504K), 0.0199374 secs] 69972K->43978K(94992K), 0.0200184 secs] [Times: user=0.02 sys=0.00, real=0.02 secs] 
Heap after GC invocations=806 (full 9):
 par new generation   total 29504K, used 1887K [0x00000000f0800000, 0x00000000f2800000, 0x00000000f5a00000)
  eden space 26240K,   0% used [0x00000000f0800000, 0x00000000f0800000, 0x00000000f21a0000)
  from space 3264K,  57% used [0x00000000f24d0000, 0x00000000f26a7d38, 0x00000000f2800000)
  to   space 3264K,   0% used [0x00000000f21a0000, 0x00000000f21a0000, 0x00000000f24d0000)
 concurrent mark-sweep generation total 65488K, used 42091K [0x00000000f5a00000, 0x00000000f99f4000, 0x0000000100000000)
 Metaspace       used 63725K, capacity 66416K, committed 66456K, reserved 1107968K
  class space    used 8356K, capacity 8842K, committed 8856K, reserved 1048576K
}
2019-10-16T14:17:27.140+0000: 46.992: Total time for which application threads were stopped: 0.0201996 seconds, Stopping threads took: 0.0000262 seconds
{Heap before GC invocations=806 (full 9):
 par new generation   total 29504K, used 28127K [0x00000000f0800000, 0x00000000f2800000, 0x00000000f5a00000)
  eden space 26240K, 100% used [0x00000000f0800000, 0x00000000f21a0000, 0x00000000f21a0000)
  from space 3264K,  57% used [0x00000000f24d0000, 0x00000000f26a7d38, 0x00000000f2800000)
  to   space 3264K,   0% used [0x00000000f21a0000, 0x00000000f21a0000, 0x00000000f24d0000)
 concurrent mark-sweep generation total 65488K, used 42091K [0x00000000f5a00000, 0x00000000f99f4000, 0x0000000100000000)
 Metaspace       used 63940K, capacity 66710K, committed 66968K, reserved 1107968K
  class space    used 8366K, capacity 8847K, committed 8856K, reserved 1048576K
2019-10-16T14:17:27.367+0000: 47.219: [GC (Allocation Failure) 2019-10-16T14:17:27.367+0000: 47.219: [ParNew
Desired survivor size 1671168 bytes, new threshold 3 (max 6)
- age   1:     574592 bytes,     574592 total
- age   2:     717064 bytes,    1291656 total
- age   3:     461936 bytes,    1753592 total
: 28127K->1857K(29504K), 0.0151162 secs] 70218K->44647K(94992K), 0.0151856 secs] [Times: user=0.02 sys=0.00, real=0.01 secs] 
Heap after GC invocations=807 (full 9):
 par new generation   total 29504K, used 1857K [0x00000000f0800000, 0x00000000f2800000, 0x00000000f5a00000)
  eden space 26240K,   0% used [0x00000000f0800000, 0x00000000f0800000, 0x00000000f21a0000)
  from space 3264K,  56% used [0x00000000f21a0000, 0x00000000f23704f8, 0x00000000f24d0000)
  to   space 3264K,   0% used [0x00000000f24d0000, 0x00000000f24d0000, 0x00000000f2800000)
 concurrent mark-sweep generation total 65488K, used 42790K [0x00000000f5a00000, 0x00000000f99f4000, 0x0000000100000000)
 Metaspace       used 63940K, capacity 66710K, committed 66968K, reserved 1107968K
  class space    used 8366K, capacity 8847K, committed 8856K, reserved 1048576K
}
2019-10-16T14:17:27.382+0000: 47.234: Total time for which application threads were stopped: 0.0153498 seconds, Stopping threads took: 0.0000283 seconds
{Heap before GC invocations=807 (full 9):
 par new generation   total 29504K, used 28097K [0x00000000f0800000, 0x00000000f2800000, 0x00000000f5a00000)
  eden space 26240K, 100% used [0x00000000f0800000, 0x00000000f21a0000, 0x00000000f21a0000)
  from space 3264K,  56% used [0x00000000f21a0000, 0x00000000f23704f8, 0x00000000f24d0000)
  to   space 3264K,   0% used [0x00000000f24d0000, 0x00000000f24d0000, 0x00000000f2800000)
 concurrent mark-sweep generation total 65488K, used 42790K [0x00000000f5a00000, 0x00000000f99f4000, 0x0000000100000000)
 Metaspace       used 64140K, capacity 66912K, committed 66968K, reserved 1107968K
  class space    used 8373K, capacity 8848K, committed 8856K, reserved 1048576K
2019-10-16T14:17:27.630+0000: 47.482: [GC (Allocation Failure) 2019-10-16T14:17:27.630+0000: 47.482: [ParNew
Desired survivor size 1671168 bytes, new threshold 3 (max 6)
- age   1:     858080 bytes,     858080 total
- age   2:     568168 bytes,    1426248 total
- age   3:     716896 bytes,    2143144 total
: 28097K->3264K(29504K), 0.0109841 secs] 70887K->46513K(94992K), 0.0110506 secs] [Times: user=0.02 sys=0.00, real=0.00 secs] 
Heap after GC invocations=808 (full 9):
 par new generation   total 29504K, used 3264K [0x00000000f0800000, 0x00000000f2800000, 0x00000000f5a00000)
  eden space 26240K,   0% used [0x00000000f0800000, 0x00000000f0800000, 0x00000000f21a0000)
  from space 3264K, 100% used [0x00000000f24d0000, 0x00000000f2800000, 0x00000000f2800000)
  to   space 3264K,   0% used [0x00000000f21a0000, 0x00000000f21a0000, 0x00000000f24d0000)
 concurrent mark-sweep generation total 65488K, used 43249K [0x00000000f5a00000, 0x00000000f99f4000, 0x0000000100000000)
 Metaspace       used 64140K, capacity 66912K, committed 66968K, reserved 1107968K
  class space    used 8373K, capacity 8848K, committed 8856K, reserved 1048576K
}
2019-10-16T14:17:27.641+0000: 47.493: Total time for which application threads were stopped: 0.0112180 seconds, Stopping threads took: 0.0000286 seconds
{Heap before GC invocations=808 (full 9):
 par new generation   total 29504K, used 29504K [0x00000000f0800000, 0x00000000f2800000, 0x00000000f5a00000)
  eden space 26240K, 100% used [0x00000000f0800000, 0x00000000f21a0000, 0x00000000f21a0000)
  from space 3264K, 100% used [0x00000000f24d0000, 0x00000000f2800000, 0x00000000f2800000)
  to   space 3264K,   0% used [0x00000000f21a0000, 0x00000000f21a0000, 0x00000000f24d0000)
 concurrent mark-sweep generation total 65488K, used 43249K [0x00000000f5a00000, 0x00000000f99f4000, 0x0000000100000000)
 Metaspace       used 64449K, capacity 67280K, committed 67608K, reserved 1107968K
  class space    used 8398K, capacity 8904K, committed 8984K, reserved 1048576K
2019-10-16T14:17:27.891+0000: 47.743: [GC (Allocation Failure) 2019-10-16T14:17:27.891+0000: 47.743: [ParNew
Desired survivor size 1671168 bytes, new threshold 3 (max 6)
- age   1:     591320 bytes,     591320 total
- age   2:     618208 bytes,    1209528 total
- age   3:     567992 bytes,    1777520 total
: 29504K->2008K(29504K), 0.0198200 secs] 72753K->45978K(94992K), 0.0198836 secs] [Times: user=0.02 sys=0.00, real=0.02 secs] 
Heap after GC invocations=809 (full 9):
 par new generation   total 29504K, used 2008K [0x00000000f0800000, 0x00000000f2800000, 0x00000000f5a00000)
  eden space 26240K,   0% used [0x00000000f0800000, 0x00000000f0800000, 0x00000000f21a0000)
  from space 3264K,  61% used [0x00000000f21a0000, 0x00000000f23963c0, 0x00000000f24d0000)
  to   space 3264K,   0% used [0x00000000f24d0000, 0x00000000f24d0000, 0x00000000f2800000)
 concurrent mark-sweep generation total 65488K, used 43969K [0x00000000f5a00000, 0x00000000f99f4000, 0x0000000100000000)
 Metaspace       used 64449K, capacity 67280K, committed 67608K, reserved 1107968K
  class space    used 8398K, capacity 8904K, committed 8984K, reserved 1048576K
}
2019-10-16T14:17:27.911+0000: 47.763: Total time for which application threads were stopped: 0.0200686 seconds, Stopping threads took: 0.0000271 seconds
2019-10-16T14:17:28.013+0000: 47.865: Total time for which application threads were stopped: 0.0007728 seconds, Stopping threads took: 0.0000266 seconds
{Heap before GC invocations=809 (full 9):
 par new generation   total 29504K, used 28248K [0x00000000f0800000, 0x00000000f2800000, 0x00000000f5a00000)
  eden space 26240K, 100% used [0x00000000f0800000, 0x00000000f21a0000, 0x00000000f21a0000)
  from space 3264K,  61% used [0x00000000f21a0000, 0x00000000f23963c0, 0x00000000f24d0000)
  to   space 3264K,   0% used [0x00000000f24d0000, 0x00000000f24d0000, 0x00000000f2800000)
 concurrent mark-sweep generation total 65488K, used 43969K [0x00000000f5a00000, 0x00000000f99f4000, 0x0000000100000000)
 Metaspace       used 64786K, capacity 67600K, committed 67864K, reserved 1107968K
  class space    used 8439K, capacity 8968K, committed 8984K, reserved 1048576K
2019-10-16T14:17:28.058+0000: 47.910: [GC (Allocation Failure) 2019-10-16T14:17:28.058+0000: 47.910: [ParNew
Desired survivor size 1671168 bytes, new threshold 6 (max 6)
- age   1:     145248 bytes,     145248 total
- age   2:     581552 bytes,     726800 total
- age   3:     618208 bytes,    1345008 total
: 28248K->1811K(29504K), 0.0103359 secs] 72218K->46350K(94992K), 0.0104028 secs] [Times: user=0.01 sys=0.00, real=0.01 secs] 
Heap after GC invocations=810 (full 9):
 par new generation   total 29504K, used 1811K [0x00000000f0800000, 0x00000000f2800000, 0x00000000f5a00000)
  eden space 26240K,   0% used [0x00000000f0800000, 0x00000000f0800000, 0x00000000f21a0000)
  from space 3264K,  55% used [0x00000000f24d0000, 0x00000000f2694cf8, 0x00000000f2800000)
  to   space 3264K,   0% used [0x00000000f21a0000, 0x00000000f21a0000, 0x00000000f24d0000)
 concurrent mark-sweep generation total 65488K, used 44539K [0x00000000f5a00000, 0x00000000f99f4000, 0x0000000100000000)
 Metaspace       used 64786K, capacity 67600K, committed 67864K, reserved 1107968K
  class space    used 8439K, capacity 8968K, committed 8984K, reserved 1048576K
}
2019-10-16T14:17:28.069+0000: 47.921: Total time for which application threads were stopped: 0.0105521 seconds, Stopping threads took: 0.0000291 seconds
{Heap before GC invocations=810 (full 9):
 par new generation   total 29504K, used 28051K [0x00000000f0800000, 0x00000000f2800000, 0x00000000f5a00000)
  eden space 26240K, 100% used [0x00000000f0800000, 0x00000000f21a0000, 0x00000000f21a0000)
  from space 3264K,  55% used [0x00000000f24d0000, 0x00000000f2694cf8, 0x00000000f2800000)
  to   space 3264K,   0% used [0x00000000f21a0000, 0x00000000f21a0000, 0x00000000f24d0000)
 concurrent mark-sweep generation total 65488K, used 44539K [0x00000000f5a00000, 0x00000000f99f4000, 0x0000000100000000)
 Metaspace       used 65302K, capacity 68144K, committed 68504K, reserved 1107968K
  class space    used 8483K, capacity 9000K, committed 9112K, reserved 1048576K
2019-10-16T14:17:28.198+0000: 48.050: [GC (Allocation Failure) 2019-10-16T14:17:28.198+0000: 48.050: [ParNew
Desired survivor size 1671168 bytes, new threshold 1 (max 6)
- age   1:    2166400 bytes,    2166400 total
- age   2:     104040 bytes,    2270440 total
- age   3:     529656 bytes,    2800096 total
- age   4:     529768 bytes,    3329864 total
: 28051K->3264K(29504K), 0.0110857 secs] 72590K->47975K(94992K), 0.0111571 secs] [Times: user=0.01 sys=0.00, real=0.01 secs] 
Heap after GC invocations=811 (full 9):
 par new generation   total 29504K, used 3264K [0x00000000f0800000, 0x00000000f2800000, 0x00000000f5a00000)
  eden space 26240K,   0% used [0x00000000f0800000, 0x00000000f0800000, 0x00000000f21a0000)
  from space 3264K, 100% used [0x00000000f21a0000, 0x00000000f24d0000, 0x00000000f24d0000)
  to   space 3264K,   0% used [0x00000000f24d0000, 0x00000000f24d0000, 0x00000000f2800000)
 concurrent mark-sweep generation total 65488K, used 44711K [0x00000000f5a00000, 0x00000000f99f4000, 0x0000000100000000)
 Metaspace       used 65302K, capacity 68144K, committed 68504K, reserved 1107968K
  class space    used 8483K, capacity 9000K, committed 9112K, reserved 1048576K
}
2019-10-16T14:17:28.210+0000: 48.062: Total time for which application threads were stopped: 0.0113121 seconds, Stopping threads took: 0.0000321 seconds
{Heap before GC invocations=811 (full 9):
 par new generation   total 29504K, used 29504K [0x00000000f0800000, 0x00000000f2800000, 0x00000000f5a00000)
  eden space 26240K, 100% used [0x00000000f0800000, 0x00000000f21a0000, 0x00000000f21a0000)
  from space 3264K, 100% used [0x00000000f21a0000, 0x00000000f24d0000, 0x00000000f24d0000)
  to   space 3264K,   0% used [0x00000000f24d0000, 0x00000000f24d0000, 0x00000000f2800000)
 concurrent mark-sweep generation total 65488K, used 44711K [0x00000000f5a00000, 0x00000000f99f4000, 0x0000000100000000)
 Metaspace       used 66046K, capacity 68916K, committed 69016K, reserved 1110016K
  class space    used 8566K, capacity 9104K, committed 9112K, reserved 1048576K
2019-10-16T14:17:28.561+0000: 48.413: [GC (Allocation Failure) 2019-10-16T14:17:28.561+0000: 48.413: [ParNew
Desired survivor size 1671168 bytes, new threshold 6 (max 6)
- age   1:     365472 bytes,     365472 total
: 29504K->2808K(29504K), 0.0164287 secs] 74215K->50793K(94992K), 0.0165062 secs] [Times: user=0.01 sys=0.00, real=0.02 secs] 
Heap after GC invocations=812 (full 9):
 par new generation   total 29504K, used 2808K [0x00000000f0800000, 0x00000000f2800000, 0x00000000f5a00000)
  eden space 26240K,   0% used [0x00000000f0800000, 0x00000000f0800000, 0x00000000f21a0000)
  from space 3264K,  86% used [0x00000000f24d0000, 0x00000000f278e0e8, 0x00000000f2800000)
  to   space 3264K,   0% used [0x00000000f21a0000, 0x00000000f21a0000, 0x00000000f24d0000)
 concurrent mark-sweep generation total 65488K, used 47985K [0x00000000f5a00000, 0x00000000f99f4000, 0x0000000100000000)
 Metaspace       used 66046K, capacity 68916K, committed 69016K, reserved 1110016K
  class space    used 8566K, capacity 9104K, committed 9112K, reserved 1048576K
}
2019-10-16T14:17:28.578+0000: 48.430: Total time for which application threads were stopped: 0.0166982 seconds, Stopping threads took: 0.0000269 seconds
2019-10-16T14:17:28.603+0000: 48.455: Total time for which application threads were stopped: 0.0008334 seconds, Stopping threads took: 0.0000282 seconds
2019-10-16T14:17:28.640+0000: 48.492: Total time for which application threads were stopped: 0.0008309 seconds, Stopping threads took: 0.0000189 seconds
2019-10-16T14:17:28.641+0000: 48.493: Total time for which application threads were stopped: 0.0003097 seconds, Stopping threads took: 0.0000094 seconds
{Heap before GC invocations=812 (full 9):
 par new generation   total 29504K, used 29048K [0x00000000f0800000, 0x00000000f2800000, 0x00000000f5a00000)
  eden space 26240K, 100% used [0x00000000f0800000, 0x00000000f21a0000, 0x00000000f21a0000)
  from space 3264K,  86% used [0x00000000f24d0000, 0x00000000f278e0e8, 0x00000000f2800000)
  to   space 3264K,   0% used [0x00000000f21a0000, 0x00000000f21a0000, 0x00000000f24d0000)
 concurrent mark-sweep generation total 65488K, used 47985K [0x00000000f5a00000, 0x00000000f99f4000, 0x0000000100000000)
 Metaspace       used 66921K, capacity 69764K, committed 69912K, reserved 1110016K
  class space    used 8674K, capacity 9172K, committed 9240K, reserved 1048576K
2019-10-16T14:17:28.794+0000: 48.646: [GC (Allocation Failure) 2019-10-16T14:17:28.794+0000: 48.646: [ParNew
Desired survivor size 1671168 bytes, new threshold 6 (max 6)
- age   1:     201600 bytes,     201600 total
- age   2:     332280 bytes,     533880 total
: 29048K->783K(29504K), 0.0055195 secs] 77033K->48769K(94992K), 0.0055905 secs] [Times: user=0.01 sys=0.00, real=0.00 secs] 
Heap after GC invocations=813 (full 9):
 par new generation   total 29504K, used 783K [0x00000000f0800000, 0x00000000f2800000, 0x00000000f5a00000)
  eden space 26240K,   0% used [0x00000000f0800000, 0x00000000f0800000, 0x00000000f21a0000)
  from space 3264K,  24% used [0x00000000f21a0000, 0x00000000f2263f68, 0x00000000f24d0000)
  to   space 3264K,   0% used [0x00000000f24d0000, 0x00000000f24d0000, 0x00000000f2800000)
 concurrent mark-sweep generation total 65488K, used 47985K [0x00000000f5a00000, 0x00000000f99f4000, 0x0000000100000000)
 Metaspace       used 66921K, capacity 69764K, committed 69912K, reserved 1110016K
  class space    used 8674K, capacity 9172K, committed 9240K, reserved 1048576K
}
2019-10-16T14:17:28.800+0000: 48.652: Total time for which application threads were stopped: 0.0057549 seconds, Stopping threads took: 0.0000274 seconds
{Heap before GC invocations=813 (full 9):
 par new generation   total 29504K, used 27023K [0x00000000f0800000, 0x00000000f2800000, 0x00000000f5a00000)
  eden space 26240K, 100% used [0x00000000f0800000, 0x00000000f21a0000, 0x00000000f21a0000)
  from space 3264K,  24% used [0x00000000f21a0000, 0x00000000f2263f68, 0x00000000f24d0000)
  to   space 3264K,   0% used [0x00000000f24d0000, 0x00000000f24d0000, 0x00000000f2800000)
 concurrent mark-sweep generation total 65488K, used 47985K [0x00000000f5a00000, 0x00000000f99f4000, 0x0000000100000000)
 Metaspace       used 67992K, capacity 70820K, committed 71064K, reserved 1112064K
  class space    used 8761K, capacity 9268K, committed 9368K, reserved 1048576K
2019-10-16T14:17:29.052+0000: 48.904: [GC (Allocation Failure) 2019-10-16T14:17:29.052+0000: 48.904: [ParNew
Desired survivor size 1671168 bytes, new threshold 6 (max 6)
- age   1:     300040 bytes,     300040 total
- age   2:     150816 bytes,     450856 total
- age   3:     332280 bytes,     783136 total
: 27023K->1154K(29504K), 0.0062510 secs] 75009K->49140K(94992K), 0.0063161 secs] [Times: user=0.01 sys=0.00, real=0.00 secs] 
Heap after GC invocations=814 (full 9):
 par new generation   total 29504K, used 1154K [0x00000000f0800000, 0x00000000f2800000, 0x00000000f5a00000)
  eden space 26240K,   0% used [0x00000000f0800000, 0x00000000f0800000, 0x00000000f21a0000)
  from space 3264K,  35% used [0x00000000f24d0000, 0x00000000f25f0aa8, 0x00000000f2800000)
  to   space 3264K,   0% used [0x00000000f21a0000, 0x00000000f21a0000, 0x00000000f24d0000)
 concurrent mark-sweep generation total 65488K, used 47985K [0x00000000f5a00000, 0x00000000f99f4000, 0x0000000100000000)
 Metaspace       used 67992K, capacity 70820K, committed 71064K, reserved 1112064K
  class space    used 8761K, capacity 9268K, committed 9368K, reserved 1048576K
}
2019-10-16T14:17:29.058+0000: 48.910: Total time for which application threads were stopped: 0.0064565 seconds, Stopping threads took: 0.0000246 seconds
{Heap before GC invocations=814 (full 9):
 par new generation   total 29504K, used 27394K [0x00000000f0800000, 0x00000000f2800000, 0x00000000f5a00000)
  eden space 26240K, 100% used [0x00000000f0800000, 0x00000000f21a0000, 0x00000000f21a0000)
  from space 3264K,  35% used [0x00000000f24d0000, 0x00000000f25f0aa8, 0x00000000f2800000)
  to   space 3264K,   0% used [0x00000000f21a0000, 0x00000000f21a0000, 0x00000000f24d0000)
 concurrent mark-sweep generation total 65488K, used 47985K [0x00000000f5a00000, 0x00000000f99f4000, 0x0000000100000000)
 Metaspace       used 68771K, capacity 71644K, committed 71960K, reserved 1112064K
  class space    used 8848K, capacity 9369K, committed 9496K, reserved 1048576K
2019-10-16T14:17:29.425+0000: 49.277: [GC (Allocation Failure) 2019-10-16T14:17:29.425+0000: 49.278: [ParNew
Desired survivor size 1671168 bytes, new threshold 4 (max 6)
- age   1:     981880 bytes,     981880 total
- age   2:     248608 bytes,    1230488 total
- age   3:     149648 bytes,    1380136 total
- age   4:     332280 bytes,    1712416 total
: 27394K->2115K(29504K), 0.0082601 secs] 75380K->50100K(94992K), 0.0083171 secs] [Times: user=0.02 sys=0.00, real=0.01 secs] 
Heap after GC invocations=815 (full 9):
 par new generation   total 29504K, used 2115K [0x00000000f0800000, 0x00000000f2800000, 0x00000000f5a00000)
  eden space 26240K,   0% used [0x00000000f0800000, 0x00000000f0800000, 0x00000000f21a0000)
  from space 3264K,  64% used [0x00000000f21a0000, 0x00000000f23b0dc8, 0x00000000f24d0000)
  to   space 3264K,   0% used [0x00000000f24d0000, 0x00000000f24d0000, 0x00000000f2800000)
 concurrent mark-sweep generation total 65488K, used 47985K [0x00000000f5a00000, 0x00000000f99f4000, 0x0000000100000000)
 Metaspace       used 68771K, capacity 71644K, committed 71960K, reserved 1112064K
  class space    used 8848K, capacity 9369K, committed 9496K, reserved 1048576K
}
2019-10-16T14:17:29.434+0000: 49.286: Total time for which application threads were stopped: 0.0084863 seconds, Stopping threads took: 0.0000268 seconds
2019-10-16T14:17:29.498+0000: 49.350: Total time for which application threads were stopped: 0.0008617 seconds, Stopping threads took: 0.0000240 seconds
{Heap before GC invocations=815 (full 9):
 par new generation   total 29504K, used 28355K [0x00000000f0800000, 0x00000000f2800000, 0x00000000f5a00000)
  eden space 26240K, 100% used [0x00000000f0800000, 0x00000000f21a0000, 0x00000000f21a0000)
  from space 3264K,  64% used [0x00000000f21a0000, 0x00000000f23b0dc8, 0x00000000f24d0000)
  to   space 3264K,   0% used [0x00000000f24d0000, 0x00000000f24d0000, 0x00000000f2800000)
 concurrent mark-sweep generation total 65488K, used 47985K [0x00000000f5a00000, 0x00000000f99f4000, 0x0000000100000000)
 Metaspace       used 69374K, capacity 72276K, committed 72472K, reserved 1112064K
  class space    used 8910K, capacity 9406K, committed 9496K, reserved 1048576K
2019-10-16T14:17:29.694+0000: 49.546: [GC (Allocation Failure) 2019-10-16T14:17:29.694+0000: 49.546: [ParNew
Desired survivor size 1671168 bytes, new threshold 6 (max 6)
- age   1:     667736 bytes,     667736 total
- age   2:     326776 bytes,     994512 total
- age   3:     227200 bytes,    1221712 total
- age   4:     144968 bytes,    1366680 total
: 28355K->1427K(29504K), 0.0117728 secs] 76340K->49742K(94992K), 0.0118528 secs] [Times: user=0.01 sys=0.00, real=0.01 secs] 
Heap after GC invocations=816 (full 9):
 par new generation   total 29504K, used 1427K [0x00000000f0800000, 0x00000000f2800000, 0x00000000f5a00000)
  eden space 26240K,   0% used [0x00000000f0800000, 0x00000000f0800000, 0x00000000f21a0000)
  from space 3264K,  43% used [0x00000000f24d0000, 0x00000000f2634cb0, 0x00000000f2800000)
  to   space 3264K,   0% used [0x00000000f21a0000, 0x00000000f21a0000, 0x00000000f24d0000)
 concurrent mark-sweep generation total 65488K, used 48315K [0x00000000f5a00000, 0x00000000f99f4000, 0x0000000100000000)
 Metaspace       used 69374K, capacity 72276K, committed 72472K, reserved 1112064K
  class space    used 8910K, capacity 9406K, committed 9496K, reserved 1048576K
}
2019-10-16T14:17:29.706+0000: 49.558: Total time for which application threads were stopped: 0.0120514 seconds, Stopping threads took: 0.0000296 seconds
{Heap before GC invocations=816 (full 9):
 par new generation   total 29504K, used 27667K [0x00000000f0800000, 0x00000000f2800000, 0x00000000f5a00000)
  eden space 26240K, 100% used [0x00000000f0800000, 0x00000000f21a0000, 0x00000000f21a0000)
  from space 3264K,  43% used [0x00000000f24d0000, 0x00000000f2634cb0, 0x00000000f2800000)
  to   space 3264K,   0% used [0x00000000f21a0000, 0x00000000f21a0000, 0x00000000f24d0000)
 concurrent mark-sweep generation total 65488K, used 48315K [0x00000000f5a00000, 0x00000000f99f4000, 0x0000000100000000)
 Metaspace       used 69605K, capacity 72534K, committed 72728K, reserved 1112064K
  class space    used 8942K, capacity 9445K, committed 9496K, reserved 1048576K
2019-10-16T14:17:29.921+0000: 49.773: [GC (Allocation Failure) 2019-10-16T14:17:29.921+0000: 49.773: [ParNew
Desired survivor size 1671168 bytes, new threshold 5 (max 6)
- age   1:     567408 bytes,     567408 total
- age   2:     473624 bytes,    1041032 total
- age   3:     326776 bytes,    1367808 total
- age   4:     227200 bytes,    1595008 total
- age   5:     144968 bytes,    1739976 total
: 27667K->2700K(29504K), 0.0175816 secs] 75982K->51015K(94992K), 0.0176662 secs] [Times: user=0.02 sys=0.00, real=0.02 secs] 
Heap after GC invocations=817 (full 9):
 par new generation   total 29504K, used 2700K [0x00000000f0800000, 0x00000000f2800000, 0x00000000f5a00000)
  eden space 26240K,   0% used [0x00000000f0800000, 0x00000000f0800000, 0x00000000f21a0000)
  from space 3264K,  82% used [0x00000000f21a0000, 0x00000000f24432a0, 0x00000000f24d0000)
  to   space 3264K,   0% used [0x00000000f24d0000, 0x00000000f24d0000, 0x00000000f2800000)
 concurrent mark-sweep generation total 65488K, used 48315K [0x00000000f5a00000, 0x00000000f99f4000, 0x0000000100000000)
 Metaspace       used 69605K, capacity 72534K, committed 72728K, reserved 1112064K
  class space    used 8942K, capacity 9445K, committed 9496K, reserved 1048576K
}
2019-10-16T14:17:29.938+0000: 49.790: Total time for which application threads were stopped: 0.0178650 seconds, Stopping threads took: 0.0000431 seconds
2019-10-16T14:17:29.952+0000: 49.804: Total time for which application threads were stopped: 0.0007933 seconds, Stopping threads took: 0.0000210 seconds
2019-10-16T14:17:30.060+0000: 49.912: Total time for which application threads were stopped: 0.0008481 seconds, Stopping threads took: 0.0000385 seconds
{Heap before GC invocations=817 (full 9):
 par new generation   total 29504K, used 28940K [0x00000000f0800000, 0x00000000f2800000, 0x00000000f5a00000)
  eden space 26240K, 100% used [0x00000000f0800000, 0x00000000f21a0000, 0x00000000f21a0000)
  from space 3264K,  82% used [0x00000000f21a0000, 0x00000000f24432a0, 0x00000000f24d0000)
  to   space 3264K,   0% used [0x00000000f24d0000, 0x00000000f24d0000, 0x00000000f2800000)
 concurrent mark-sweep generation total 65488K, used 48315K [0x00000000f5a00000, 0x00000000f99f4000, 0x0000000100000000)
 Metaspace       used 69939K, capacity 72862K, committed 73112K, reserved 1112064K
  class space    used 8992K, capacity 9511K, committed 9624K, reserved 1048576K
2019-10-16T14:17:30.132+0000: 49.984: [GC (Allocation Failure) 2019-10-16T14:17:30.132+0000: 49.984: [ParNew
Desired survivor size 1671168 bytes, new threshold 4 (max 6)
- age   1:     356320 bytes,     356320 total
- age   2:     552112 bytes,     908432 total
- age   3:     473624 bytes,    1382056 total
- age   4:     326776 bytes,    1708832 total
- age   5:     227200 bytes,    1936032 total
: 28940K->3222K(29504K), 0.0108761 secs] 77255K->51683K(94992K), 0.0109408 secs] [Times: user=0.01 sys=0.00, real=0.01 secs] 
Heap after GC invocations=818 (full 9):
 par new generation   total 29504K, used 3222K [0x00000000f0800000, 0x00000000f2800000, 0x00000000f5a00000)
  eden space 26240K,   0% used [0x00000000f0800000, 0x00000000f0800000, 0x00000000f21a0000)
  from space 3264K,  98% used [0x00000000f24d0000, 0x00000000f27f5940, 0x00000000f2800000)
  to   space 3264K,   0% used [0x00000000f21a0000, 0x00000000f21a0000, 0x00000000f24d0000)
 concurrent mark-sweep generation total 65488K, used 48461K [0x00000000f5a00000, 0x00000000f99f4000, 0x0000000100000000)
 Metaspace       used 69939K, capacity 72862K, committed 73112K, reserved 1112064K
  class space    used 8992K, capacity 9511K, committed 9624K, reserved 1048576K
}
2019-10-16T14:17:30.143+0000: 49.995: Total time for which application threads were stopped: 0.0111147 seconds, Stopping threads took: 0.0000316 seconds
{Heap before GC invocations=818 (full 9):
 par new generation   total 29504K, used 29462K [0x00000000f0800000, 0x00000000f2800000, 0x00000000f5a00000)
  eden space 26240K, 100% used [0x00000000f0800000, 0x00000000f21a0000, 0x00000000f21a0000)
  from space 3264K,  98% used [0x00000000f24d0000, 0x00000000f27f5940, 0x00000000f2800000)
  to   space 3264K,   0% used [0x00000000f21a0000, 0x00000000f21a0000, 0x00000000f24d0000)
 concurrent mark-sweep generation total 65488K, used 48461K [0x00000000f5a00000, 0x00000000f99f4000, 0x0000000100000000)
 Metaspace       used 70408K, capacity 73356K, committed 73624K, reserved 1114112K
  class space    used 9046K, capacity 9546K, committed 9624K, reserved 1048576K
2019-10-16T14:17:30.296+0000: 50.148: [GC (Allocation Failure) 2019-10-16T14:17:30.296+0000: 50.148: [ParNew
Desired survivor size 1671168 bytes, new threshold 6 (max 6)
- age   1:     238736 bytes,     238736 total
- age   2:     334528 bytes,     573264 total
- age   3:     546360 bytes,    1119624 total
- age   4:     473448 bytes,    1593072 total
: 29462K->2220K(29504K), 0.0130471 secs] 77923K->51234K(94992K), 0.0131150 secs] [Times: user=0.01 sys=0.00, real=0.01 secs] 
Heap after GC invocations=819 (full 9):
 par new generation   total 29504K, used 2220K [0x00000000f0800000, 0x00000000f2800000, 0x00000000f5a00000)
  eden space 26240K,   0% used [0x00000000f0800000, 0x00000000f0800000, 0x00000000f21a0000)
  from space 3264K,  68% used [0x00000000f21a0000, 0x00000000f23cb008, 0x00000000f24d0000)
  to   space 3264K,   0% used [0x00000000f24d0000, 0x00000000f24d0000, 0x00000000f2800000)
 concurrent mark-sweep generation total 65488K, used 49014K [0x00000000f5a00000, 0x00000000f99f4000, 0x0000000100000000)
 Metaspace       used 70408K, capacity 73356K, committed 73624K, reserved 1114112K
  class space    used 9046K, capacity 9546K, committed 9624K, reserved 1048576K
}
2019-10-16T14:17:30.309+0000: 50.161: Total time for which application threads were stopped: 0.0152781 seconds, Stopping threads took: 0.0020270 seconds
2019-10-16T14:17:30.411+0000: 50.263: Total time for which application threads were stopped: 0.0006230 seconds, Stopping threads took: 0.0000280 seconds
2019-10-16T14:17:30.420+0000: 50.272: Total time for which application threads were stopped: 0.0023305 seconds, Stopping threads took: 0.0020269 seconds
2019-10-16T14:17:30.420+0000: 50.272: Total time for which application threads were stopped: 0.0002804 seconds, Stopping threads took: 0.0000077 seconds
2019-10-16T14:17:30.444+0000: 50.296: Total time for which application threads were stopped: 0.0025894 seconds, Stopping threads took: 0.0020251 seconds
2019-10-16T14:17:30.477+0000: 50.329: Total time for which application threads were stopped: 0.0040788 seconds, Stopping threads took: 0.0033620 seconds
{Heap before GC invocations=819 (full 9):
 par new generation   total 29504K, used 28460K [0x00000000f0800000, 0x00000000f2800000, 0x00000000f5a00000)
  eden space 26240K, 100% used [0x00000000f0800000, 0x00000000f21a0000, 0x00000000f21a0000)
  from space 3264K,  68% used [0x00000000f21a0000, 0x00000000f23cb008, 0x00000000f24d0000)
  to   space 3264K,   0% used [0x00000000f24d0000, 0x00000000f24d0000, 0x00000000f2800000)
 concurrent mark-sweep generation total 65488K, used 49014K [0x00000000f5a00000, 0x00000000f99f4000, 0x0000000100000000)
 Metaspace       used 71237K, capacity 74264K, committed 74520K, reserved 1114112K
  class space    used 9149K, capacity 9654K, committed 9752K, reserved 1048576K
2019-10-16T14:17:30.571+0000: 50.423: [GC (Allocation Failure) 2019-10-16T14:17:30.571+0000: 50.423: [ParNew
Desired survivor size 1671168 bytes, new threshold 4 (max 6)
- age   1:     796872 bytes,     796872 total
- age   2:     210128 bytes,    1007000 total
- age   3:     334528 bytes,    1341528 total
- age   4:     545848 bytes,    1887376 total
- age   5:     472008 bytes,    2359384 total
: 28460K->2950K(29504K), 0.0237006 secs] 77474K->51964K(94992K), 0.0237717 secs] [Times: user=0.03 sys=0.00, real=0.02 secs] 
Heap after GC invocations=820 (full 9):
 par new generation   total 29504K, used 2950K [0x00000000f0800000, 0x00000000f2800000, 0x00000000f5a00000)
  eden space 26240K,   0% used [0x00000000f0800000, 0x00000000f0800000, 0x00000000f21a0000)
  from space 3264K,  90% used [0x00000000f24d0000, 0x00000000f27b1898, 0x00000000f2800000)
  to   space 3264K,   0% used [0x00000000f21a0000, 0x00000000f21a0000, 0x00000000f24d0000)
 concurrent mark-sweep generation total 65488K, used 49014K [0x00000000f5a00000, 0x00000000f99f4000, 0x0000000100000000)
 Metaspace       used 71237K, capacity 74264K, committed 74520K, reserved 1114112K
  class space    used 9149K, capacity 9654K, committed 9752K, reserved 1048576K
}
2019-10-16T14:17:30.595+0000: 50.447: Total time for which application threads were stopped: 0.0261834 seconds, Stopping threads took: 0.0022600 seconds
2019-10-16T14:17:30.638+0000: 50.490: Total time for which application threads were stopped: 0.0008305 seconds, Stopping threads took: 0.0000327 seconds
{Heap before GC invocations=820 (full 9):
 par new generation   total 29504K, used 29190K [0x00000000f0800000, 0x00000000f2800000, 0x00000000f5a00000)
  eden space 26240K, 100% used [0x00000000f0800000, 0x00000000f21a0000, 0x00000000f21a0000)
  from space 3264K,  90% used [0x00000000f24d0000, 0x00000000f27b1898, 0x00000000f2800000)
  to   space 3264K,   0% used [0x00000000f21a0000, 0x00000000f21a0000, 0x00000000f24d0000)
 concurrent mark-sweep generation total 65488K, used 49014K [0x00000000f5a00000, 0x00000000f99f4000, 0x0000000100000000)
 Metaspace       used 72292K, capacity 75380K, committed 75672K, reserved 1116160K
  class space    used 9249K, capacity 9824K, committed 9880K, reserved 1048576K
2019-10-16T14:17:30.854+0000: 50.706: [GC (Allocation Failure) 2019-10-16T14:17:30.854+0000: 50.706: [ParNew
Desired survivor size 1671168 bytes, new threshold 2 (max 6)
- age   1:    1623768 bytes,    1623768 total
- age   2:     700448 bytes,    2324216 total
- age   3:     209520 bytes,    2533736 total
- age   4:     334528 bytes,    2868264 total
: 29190K->3264K(29504K), 0.0311279 secs] 78204K->53309K(94992K), 0.0312036 secs] [Times: user=0.03 sys=0.00, real=0.03 secs] 
Heap after GC invocations=821 (full 9):
 par new generation   total 29504K, used 3264K [0x00000000f0800000, 0x00000000f2800000, 0x00000000f5a00000)
  eden space 26240K,   0% used [0x00000000f0800000, 0x00000000f0800000, 0x00000000f21a0000)
  from space 3264K, 100% used [0x00000000f21a0000, 0x00000000f24d0000, 0x00000000f24d0000)
  to   space 3264K,   0% used [0x00000000f24d0000, 0x00000000f24d0000, 0x00000000f2800000)
 concurrent mark-sweep generation total 65488K, used 50045K [0x00000000f5a00000, 0x00000000f99f4000, 0x0000000100000000)
 Metaspace       used 72292K, capacity 75380K, committed 75672K, reserved 1116160K
  class space    used 9249K, capacity 9824K, committed 9880K, reserved 1048576K
}
2019-10-16T14:17:30.886+0000: 50.738: Total time for which application threads were stopped: 0.0314251 seconds, Stopping threads took: 0.0000392 seconds
2019-10-16T14:17:30.888+0000: 50.740: [GC (CMS Initial Mark) [1 CMS-initial-mark: 50045K(65488K)] 53720K(94992K), 0.0049471 secs] [Times: user=0.01 sys=0.00, real=0.01 secs] 
2019-10-16T14:17:30.893+0000: 50.745: Total time for which application threads were stopped: 0.0050831 seconds, Stopping threads took: 0.0000243 seconds
2019-10-16T14:17:30.906+0000: 50.758: [CMS-concurrent-mark-start]
2019-10-16T14:17:30.928+0000: 50.780: Total time for which application threads were stopped: 0.0008711 seconds, Stopping threads took: 0.0000170 seconds
2019-10-16T14:17:30.951+0000: 50.803: Total time for which application threads were stopped: 0.0008020 seconds, Stopping threads took: 0.0000167 seconds
2019-10-16T14:17:31.000+0000: 50.852: Total time for which application threads were stopped: 0.0049990 seconds, Stopping threads took: 0.0041224 seconds
2019-10-16T14:17:31.170+0000: 51.022: [CMS-concurrent-mark: 0.257/0.263 secs] [Times: user=0.25 sys=0.00, real=0.26 secs] 
2019-10-16T14:17:31.170+0000: 51.022: [CMS-concurrent-preclean-start]
2019-10-16T14:17:31.172+0000: 51.024: [CMS-concurrent-preclean: 0.002/0.003 secs] [Times: user=0.01 sys=0.00, real=0.01 secs] 
2019-10-16T14:17:31.172+0000: 51.024: [CMS-concurrent-abortable-preclean-start]
{Heap before GC invocations=821 (full 10):
 par new generation   total 29504K, used 29504K [0x00000000f0800000, 0x00000000f2800000, 0x00000000f5a00000)
  eden space 26240K, 100% used [0x00000000f0800000, 0x00000000f21a0000, 0x00000000f21a0000)
  from space 3264K, 100% used [0x00000000f21a0000, 0x00000000f24d0000, 0x00000000f24d0000)
  to   space 3264K,   0% used [0x00000000f24d0000, 0x00000000f24d0000, 0x00000000f2800000)
 concurrent mark-sweep generation total 65488K, used 50045K [0x00000000f5a00000, 0x00000000f99f4000, 0x0000000100000000)
 Metaspace       used 74543K, capacity 77604K, committed 77976K, reserved 1118208K
  class space    used 9481K, capacity 10026K, committed 10136K, reserved 1048576K
2019-10-16T14:17:31.608+0000: 51.460: [GC (Allocation Failure) 2019-10-16T14:17:31.608+0000: 51.460: [ParNew
Desired survivor size 1671168 bytes, new threshold 2 (max 6)
- age   1:    1144672 bytes,    1144672 total
- age   2:    1599848 bytes,    2744520 total
: 29504K->2754K(29504K), 0.0154113 secs] 79549K->54028K(94992K), 0.0154809 secs] [Times: user=0.02 sys=0.00, real=0.02 secs] 
Heap after GC invocations=822 (full 10):
 par new generation   total 29504K, used 2754K [0x00000000f0800000, 0x00000000f2800000, 0x00000000f5a00000)
  eden space 26240K,   0% used [0x00000000f0800000, 0x00000000f0800000, 0x00000000f21a0000)
  from space 3264K,  84% used [0x00000000f24d0000, 0x00000000f2780aa8, 0x00000000f2800000)
  to   space 3264K,   0% used [0x00000000f21a0000, 0x00000000f21a0000, 0x00000000f24d0000)
 concurrent mark-sweep generation total 65488K, used 51273K [0x00000000f5a00000, 0x00000000f99f4000, 0x0000000100000000)
 Metaspace       used 74543K, capacity 77604K, committed 77976K, reserved 1118208K
  class space    used 9481K, capacity 10026K, committed 10136K, reserved 1048576K
}
2019-10-16T14:17:31.623+0000: 51.475: Total time for which application threads were stopped: 0.0156770 seconds, Stopping threads took: 0.0000321 seconds
2019-10-16T14:17:32.247+0000: 52.099: Total time for which application threads were stopped: 0.0009060 seconds, Stopping threads took: 0.0000180 seconds
2019-10-16T14:17:32.277+0000: 52.129: [CMS-concurrent-abortable-preclean: 0.405/1.104 secs] [Times: user=0.81 sys=0.02, real=1.10 secs] 
2019-10-16T14:17:32.277+0000: 52.129: [GC (CMS Final Remark) [YG occupancy: 19384 K (29504 K)]2019-10-16T14:17:32.277+0000: 52.129: [Rescan (parallel) , 0.0190014 secs]2019-10-16T14:17:32.296+0000: 52.148: [weak refs processing, 0.0000663 secs]2019-10-16T14:17:32.296+0000: 52.148: [class unloading, 0.0177875 secs]2019-10-16T14:17:32.314+0000: 52.166: [scrub symbol table, 0.0130657 secs]2019-10-16T14:17:32.327+0000: 52.179: [scrub string table, 0.0011589 secs][1 CMS-remark: 51273K(65488K)] 70658K(94992K), 0.0515447 secs] [Times: user=0.06 sys=0.00, real=0.05 secs] 
2019-10-16T14:17:32.329+0000: 52.181: Total time for which application threads were stopped: 0.0516572 seconds, Stopping threads took: 0.0000286 seconds
2019-10-16T14:17:32.338+0000: 52.190: [CMS-concurrent-sweep-start]
2019-10-16T14:17:32.385+0000: 52.237: [CMS-concurrent-sweep: 0.047/0.047 secs] [Times: user=0.05 sys=0.00, real=0.05 secs] 
2019-10-16T14:17:32.385+0000: 52.237: [CMS-concurrent-reset-start]
2019-10-16T14:17:32.385+0000: 52.237: [CMS-concurrent-reset: 0.000/0.000 secs] [Times: user=0.00 sys=0.00, real=0.00 secs] 
{Heap before GC invocations=822 (full 10):
 par new generation   total 29504K, used 28994K [0x00000000f0800000, 0x00000000f2800000, 0x00000000f5a00000)
  eden space 26240K, 100% used [0x00000000f0800000, 0x00000000f21a0000, 0x00000000f21a0000)
  from space 3264K,  84% used [0x00000000f24d0000, 0x00000000f2780aa8, 0x00000000f2800000)
  to   space 3264K,   0% used [0x00000000f21a0000, 0x00000000f21a0000, 0x00000000f24d0000)
 concurrent mark-sweep generation total 83300K, used 49979K [0x00000000f5a00000, 0x00000000fab59000, 0x0000000100000000)
 Metaspace       used 75318K, capacity 78352K, committed 78488K, reserved 1118208K
  class space    used 9588K, capacity 10124K, committed 10136K, reserved 1048576K
2019-10-16T14:17:32.406+0000: 52.258: [GC (Allocation Failure) 2019-10-16T14:17:32.406+0000: 52.258: [ParNew
Desired survivor size 1671168 bytes, new threshold 6 (max 6)
- age   1:     570008 bytes,     570008 total
- age   2:     961608 bytes,    1531616 total
: 28994K->2578K(29504K), 0.0139695 secs] 78974K->54132K(112804K), 0.0140356 secs] [Times: user=0.01 sys=0.00, real=0.01 secs] 
Heap after GC invocations=823 (full 10):
 par new generation   total 29504K, used 2578K [0x00000000f0800000, 0x00000000f2800000, 0x00000000f5a00000)
  eden space 26240K,   0% used [0x00000000f0800000, 0x00000000f0800000, 0x00000000f21a0000)
  from space 3264K,  79% used [0x00000000f21a0000, 0x00000000f2424b48, 0x00000000f24d0000)
  to   space 3264K,   0% used [0x00000000f24d0000, 0x00000000f24d0000, 0x00000000f2800000)
 concurrent mark-sweep generation total 83300K, used 51553K [0x00000000f5a00000, 0x00000000fab59000, 0x0000000100000000)
 Metaspace       used 75318K, capacity 78352K, committed 78488K, reserved 1118208K
  class space    used 9588K, capacity 10124K, committed 10136K, reserved 1048576K
}
2019-10-16T14:17:32.420+0000: 52.272: Total time for which application threads were stopped: 0.0142049 seconds, Stopping threads took: 0.0000307 seconds
2019-10-16T14:17:32.801+0000: 52.653: Total time for which application threads were stopped: 0.0008757 seconds, Stopping threads took: 0.0000282 seconds
2019-10-16T14:17:32.815+0000: 52.667: Total time for which application threads were stopped: 0.0006394 seconds, Stopping threads took: 0.0000196 seconds
2019-10-16T14:17:33.816+0000: 53.668: Total time for which application threads were stopped: 0.0001796 seconds, Stopping threads took: 0.0000216 seconds
{Heap before GC invocations=823 (full 10):
 par new generation   total 29504K, used 28818K [0x00000000f0800000, 0x00000000f2800000, 0x00000000f5a00000)
  eden space 26240K, 100% used [0x00000000f0800000, 0x00000000f21a0000, 0x00000000f21a0000)
  from space 3264K,  79% used [0x00000000f21a0000, 0x00000000f2424b48, 0x00000000f24d0000)
  to   space 3264K,   0% used [0x00000000f24d0000, 0x00000000f24d0000, 0x00000000f2800000)
 concurrent mark-sweep generation total 83300K, used 51553K [0x00000000f5a00000, 0x00000000fab59000, 0x0000000100000000)
 Metaspace       used 76019K, capacity 79168K, committed 79384K, reserved 1118208K
  class space    used 9677K, capacity 10246K, committed 10264K, reserved 1048576K
2019-10-16T14:17:34.678+0000: 54.530: [GC (Allocation Failure) 2019-10-16T14:17:34.678+0000: 54.530: [ParNew
Desired survivor size 1671168 bytes, new threshold 3 (max 6)
- age   1:     623640 bytes,     623640 total
- age   2:     477744 bytes,    1101384 total
- age   3:     950392 bytes,    2051776 total
: 28818K->2395K(29504K), 0.0089113 secs] 80372K->53949K(112804K), 0.0089783 secs] [Times: user=0.01 sys=0.00, real=0.01 secs] 
Heap after GC invocations=824 (full 10):
 par new generation   total 29504K, used 2395K [0x00000000f0800000, 0x00000000f2800000, 0x00000000f5a00000)
  eden space 26240K,   0% used [0x00000000f0800000, 0x00000000f0800000, 0x00000000f21a0000)
  from space 3264K,  73% used [0x00000000f24d0000, 0x00000000f2726f58, 0x00000000f2800000)
  to   space 3264K,   0% used [0x00000000f21a0000, 0x00000000f21a0000, 0x00000000f24d0000)
 concurrent mark-sweep generation total 83300K, used 51553K [0x00000000f5a00000, 0x00000000fab59000, 0x0000000100000000)
 Metaspace       used 76019K, capacity 79168K, committed 79384K, reserved 1118208K
  class space    used 9677K, capacity 10246K, committed 10264K, reserved 1048576K
}
2019-10-16T14:17:34.687+0000: 54.539: Total time for which application threads were stopped: 0.0091318 seconds, Stopping threads took: 0.0000281 seconds
2019-10-16T14:17:35.690+0000: 55.542: Total time for which application threads were stopped: 0.0001111 seconds, Stopping threads took: 0.0000193 seconds
2019-10-16T14:17:36.690+0000: 56.542: Total time for which application threads were stopped: 0.0001158 seconds, Stopping threads took: 0.0000304 seconds
2019-10-16T14:17:37.690+0000: 57.542: Total time for which application threads were stopped: 0.0001134 seconds, Stopping threads took: 0.0000205 seconds
{Heap before GC invocations=824 (full 10):
 par new generation   total 29504K, used 28635K [0x00000000f0800000, 0x00000000f2800000, 0x00000000f5a00000)
  eden space 26240K, 100% used [0x00000000f0800000, 0x00000000f21a0000, 0x00000000f21a0000)
  from space 3264K,  73% used [0x00000000f24d0000, 0x00000000f2726f58, 0x00000000f2800000)
  to   space 3264K,   0% used [0x00000000f21a0000, 0x00000000f21a0000, 0x00000000f24d0000)
 concurrent mark-sweep generation total 83300K, used 51553K [0x00000000f5a00000, 0x00000000fab59000, 0x0000000100000000)
 Metaspace       used 76709K, capacity 79904K, committed 80024K, reserved 1118208K
  class space    used 9739K, capacity 10278K, committed 10392K, reserved 1048576K
2019-10-16T14:17:37.692+0000: 57.544: [GC (Allocation Failure) 2019-10-16T14:17:37.692+0000: 57.544: [ParNew
Desired survivor size 1671168 bytes, new threshold 6 (max 6)
- age   1:     557360 bytes,     557360 total
- age   2:     531704 bytes,    1089064 total
- age   3:     453296 bytes,    1542360 total
: 28635K->1801K(29504K), 0.0143423 secs] 80189K->54283K(112804K), 0.0144014 secs] [Times: user=0.01 sys=0.00, real=0.01 secs] 
Heap after GC invocations=825 (full 10):
 par new generation   total 29504K, used 1801K [0x00000000f0800000, 0x00000000f2800000, 0x00000000f5a00000)
  eden space 26240K,   0% used [0x00000000f0800000, 0x00000000f0800000, 0x00000000f21a0000)
  from space 3264K,  55% used [0x00000000f21a0000, 0x00000000f2362700, 0x00000000f24d0000)
  to   space 3264K,   0% used [0x00000000f24d0000, 0x00000000f24d0000, 0x00000000f2800000)
 concurrent mark-sweep generation total 83300K, used 52481K [0x00000000f5a00000, 0x00000000fab59000, 0x0000000100000000)
 Metaspace       used 76709K, capacity 79904K, committed 80024K, reserved 1118208K
  class space    used 9739K, capacity 10278K, committed 10392K, reserved 1048576K
}
2019-10-16T14:17:37.707+0000: 57.559: Total time for which application threads were stopped: 0.0145190 seconds, Stopping threads took: 0.0000198 seconds
{Heap before GC invocations=825 (full 10):
 par new generation   total 29504K, used 28041K [0x00000000f0800000, 0x00000000f2800000, 0x00000000f5a00000)
  eden space 26240K, 100% used [0x00000000f0800000, 0x00000000f21a0000, 0x00000000f21a0000)
  from space 3264K,  55% used [0x00000000f21a0000, 0x00000000f2362700, 0x00000000f24d0000)
  to   space 3264K,   0% used [0x00000000f24d0000, 0x00000000f24d0000, 0x00000000f2800000)
 concurrent mark-sweep generation total 83300K, used 52481K [0x00000000f5a00000, 0x00000000fab59000, 0x0000000100000000)
 Metaspace       used 77118K, capacity 80288K, committed 80536K, reserved 1120256K
  class space    used 9794K, capacity 10342K, committed 10392K, reserved 1048576K
2019-10-16T14:17:37.820+0000: 57.672: [GC (Allocation Failure) 2019-10-16T14:17:37.820+0000: 57.672: [ParNew
Desired survivor size 1671168 bytes, new threshold 6 (max 6)
- age   1:     121344 bytes,     121344 total
- age   2:     532456 bytes,     653800 total
- age   3:     531704 bytes,    1185504 total
- age   4:     453296 bytes,    1638800 total
: 28041K->3142K(29504K), 0.0082104 secs] 80523K->55623K(112804K), 0.0082731 secs] [Times: user=0.01 sys=0.00, real=0.01 secs] 
Heap after GC invocations=826 (full 10):
 par new generation   total 29504K, used 3142K [0x00000000f0800000, 0x00000000f2800000, 0x00000000f5a00000)
  eden space 26240K,   0% used [0x00000000f0800000, 0x00000000f0800000, 0x00000000f21a0000)
  from space 3264K,  96% used [0x00000000f24d0000, 0x00000000f27e18b0, 0x00000000f2800000)
  to   space 3264K,   0% used [0x00000000f21a0000, 0x00000000f21a0000, 0x00000000f24d0000)
 concurrent mark-sweep generation total 83300K, used 52481K [0x00000000f5a00000, 0x00000000fab59000, 0x0000000100000000)
 Metaspace       used 77118K, capacity 80288K, committed 80536K, reserved 1120256K
  class space    used 9794K, capacity 10342K, committed 10392K, reserved 1048576K
}
2019-10-16T14:17:37.829+0000: 57.681: Total time for which application threads were stopped: 0.0084161 seconds, Stopping threads took: 0.0000270 seconds
{Heap before GC invocations=826 (full 10):
 par new generation   total 29504K, used 29382K [0x00000000f0800000, 0x00000000f2800000, 0x00000000f5a00000)
  eden space 26240K, 100% used [0x00000000f0800000, 0x00000000f21a0000, 0x00000000f21a0000)
  from space 3264K,  96% used [0x00000000f24d0000, 0x00000000f27e18b0, 0x00000000f2800000)
  to   space 3264K,   0% used [0x00000000f21a0000, 0x00000000f21a0000, 0x00000000f24d0000)
 concurrent mark-sweep generation total 83300K, used 52481K [0x00000000f5a00000, 0x00000000fab59000, 0x0000000100000000)
 Metaspace       used 77484K, capacity 80582K, committed 80792K, reserved 1120256K
  class space    used 9833K, capacity 10375K, committed 10392K, reserved 1048576K
2019-10-16T14:17:38.022+0000: 57.874: [GC (Allocation Failure) 2019-10-16T14:17:38.022+0000: 57.874: [ParNew
Desired survivor size 1671168 bytes, new threshold 5 (max 6)
- age   1:     311616 bytes,     311616 total
- age   2:      60936 bytes,     372552 total
- age   3:     532440 bytes,     904992 total
- age   4:     531704 bytes,    1436696 total
- age   5:     453296 bytes,    1889992 total
: 29382K->1984K(29504K), 0.0128271 secs] 81863K->54466K(112804K), 0.0129011 secs] [Times: user=0.02 sys=0.00, real=0.01 secs] 
Heap after GC invocations=827 (full 10):
 par new generation   total 29504K, used 1984K [0x00000000f0800000, 0x00000000f2800000, 0x00000000f5a00000)
  eden space 26240K,   0% used [0x00000000f0800000, 0x00000000f0800000, 0x00000000f21a0000)
  from space 3264K,  60% used [0x00000000f21a0000, 0x00000000f23903d8, 0x00000000f24d0000)
  to   space 3264K,   0% used [0x00000000f24d0000, 0x00000000f24d0000, 0x00000000f2800000)
 concurrent mark-sweep generation total 83300K, used 52481K [0x00000000f5a00000, 0x00000000fab59000, 0x0000000100000000)
 Metaspace       used 77484K, capacity 80582K, committed 80792K, reserved 1120256K
  class space    used 9833K, capacity 10375K, committed 10392K, reserved 1048576K
}
2019-10-16T14:17:38.035+0000: 57.887: Total time for which application threads were stopped: 0.0130647 seconds, Stopping threads took: 0.0000305 seconds
{Heap before GC invocations=827 (full 10):
 par new generation   total 29504K, used 28224K [0x00000000f0800000, 0x00000000f2800000, 0x00000000f5a00000)
  eden space 26240K, 100% used [0x00000000f0800000, 0x00000000f21a0000, 0x00000000f21a0000)
  from space 3264K,  60% used [0x00000000f21a0000, 0x00000000f23903d8, 0x00000000f24d0000)
  to   space 3264K,   0% used [0x00000000f24d0000, 0x00000000f24d0000, 0x00000000f2800000)
 concurrent mark-sweep generation total 83300K, used 52481K [0x00000000f5a00000, 0x00000000fab59000, 0x0000000100000000)
 Metaspace       used 78660K, capacity 81980K, committed 82072K, reserved 1120256K
  class space    used 9992K, capacity 10578K, committed 10648K, reserved 1048576K
2019-10-16T14:17:38.482+0000: 58.334: [GC (Allocation Failure) 2019-10-16T14:17:38.482+0000: 58.334: [ParNew
Desired survivor size 1671168 bytes, new threshold 2 (max 6)
- age   1:    1470328 bytes,    1470328 total
- age   2:     293448 bytes,    1763776 total
- age   3:      60680 bytes,    1824456 total
- age   4:     532224 bytes,    2356680 total
- age   5:     526096 bytes,    2882776 total
: 28224K->3263K(29504K), 0.0142527 secs] 80706K->56198K(112804K), 0.0143173 secs] [Times: user=0.02 sys=0.00, real=0.01 secs] 
Heap after GC invocations=828 (full 10):
 par new generation   total 29504K, used 3263K [0x00000000f0800000, 0x00000000f2800000, 0x00000000f5a00000)
  eden space 26240K,   0% used [0x00000000f0800000, 0x00000000f0800000, 0x00000000f21a0000)
  from space 3264K,  99% used [0x00000000f24d0000, 0x00000000f27fff78, 0x00000000f2800000)
  to   space 3264K,   0% used [0x00000000f21a0000, 0x00000000f21a0000, 0x00000000f24d0000)
 concurrent mark-sweep generation total 83300K, used 52934K [0x00000000f5a00000, 0x00000000fab59000, 0x0000000100000000)
 Metaspace       used 78660K, capacity 81980K, committed 82072K, reserved 1120256K
  class space    used 9992K, capacity 10578K, committed 10648K, reserved 1048576K
}
2019-10-16T14:17:38.497+0000: 58.349: Total time for which application threads were stopped: 0.0145539 seconds, Stopping threads took: 0.0000308 seconds
{Heap before GC invocations=828 (full 10):
 par new generation   total 29504K, used 29503K [0x00000000f0800000, 0x00000000f2800000, 0x00000000f5a00000)
  eden space 26240K, 100% used [0x00000000f0800000, 0x00000000f21a0000, 0x00000000f21a0000)
  from space 3264K,  99% used [0x00000000f24d0000, 0x00000000f27fff78, 0x00000000f2800000)
  to   space 3264K,   0% used [0x00000000f21a0000, 0x00000000f21a0000, 0x00000000f24d0000)
 concurrent mark-sweep generation total 83300K, used 52934K [0x00000000f5a00000, 0x00000000fab59000, 0x0000000100000000)
 Metaspace       used 78950K, capacity 82298K, committed 82584K, reserved 1122304K
  class space    used 10006K, capacity 10617K, committed 10648K, reserved 1048576K
2019-10-16T14:17:38.737+0000: 58.589: [GC (Allocation Failure) 2019-10-16T14:17:38.737+0000: 58.589: [ParNew
Desired survivor size 1671168 bytes, new threshold 2 (max 6)
- age   1:     813352 bytes,     813352 total
- age   2:    1432272 bytes,    2245624 total
: 29503K->2507K(29504K), 0.0248718 secs] 82438K->56857K(112804K), 0.0249690 secs] [Times: user=0.02 sys=0.00, real=0.02 secs] 
Heap after GC invocations=829 (full 10):
 par new generation   total 29504K, used 2507K [0x00000000f0800000, 0x00000000f2800000, 0x00000000f5a00000)
  eden space 26240K,   0% used [0x00000000f0800000, 0x00000000f0800000, 0x00000000f21a0000)
  from space 3264K,  76% used [0x00000000f21a0000, 0x00000000f2412ca0, 0x00000000f24d0000)
  to   space 3264K,   0% used [0x00000000f24d0000, 0x00000000f24d0000, 0x00000000f2800000)
 concurrent mark-sweep generation total 83300K, used 54350K [0x00000000f5a00000, 0x00000000fab59000, 0x0000000100000000)
 Metaspace       used 78950K, capacity 82298K, committed 82584K, reserved 1122304K
  class space    used 10006K, capacity 10617K, committed 10648K, reserved 1048576K
}
2019-10-16T14:17:38.762+0000: 58.614: Total time for which application threads were stopped: 0.0252150 seconds, Stopping threads took: 0.0000282 seconds
{Heap before GC invocations=829 (full 10):
 par new generation   total 29504K, used 28747K [0x00000000f0800000, 0x00000000f2800000, 0x00000000f5a00000)
  eden space 26240K, 100% used [0x00000000f0800000, 0x00000000f21a0000, 0x00000000f21a0000)
  from space 3264K,  76% used [0x00000000f21a0000, 0x00000000f2412ca0, 0x00000000f24d0000)
  to   space 3264K,   0% used [0x00000000f24d0000, 0x00000000f24d0000, 0x00000000f2800000)
 concurrent mark-sweep generation total 83300K, used 54350K [0x00000000f5a00000, 0x00000000fab59000, 0x0000000100000000)
 Metaspace       used 79677K, capacity 82982K, committed 83224K, reserved 1122304K
  class space    used 10066K, capacity 10651K, committed 10776K, reserved 1048576K
2019-10-16T14:17:38.994+0000: 58.846: [GC (Allocation Failure) 2019-10-16T14:17:38.994+0000: 58.846: [ParNew
Desired survivor size 1671168 bytes, new threshold 6 (max 6)
- age   1:     484864 bytes,     484864 total
- age   2:     798392 bytes,    1283256 total
: 28747K->2280K(29504K), 0.0289468 secs] 83097K->58058K(112804K), 0.0290195 secs] [Times: user=0.03 sys=0.00, real=0.03 secs] 
Heap after GC invocations=830 (full 10):
 par new generation   total 29504K, used 2280K [0x00000000f0800000, 0x00000000f2800000, 0x00000000f5a00000)
  eden space 26240K,   0% used [0x00000000f0800000, 0x00000000f0800000, 0x00000000f21a0000)
  from space 3264K,  69% used [0x00000000f24d0000, 0x00000000f270a228, 0x00000000f2800000)
  to   space 3264K,   0% used [0x00000000f21a0000, 0x00000000f21a0000, 0x00000000f24d0000)
 concurrent mark-sweep generation total 83300K, used 55777K [0x00000000f5a00000, 0x00000000fab59000, 0x0000000100000000)
 Metaspace       used 79677K, capacity 82982K, committed 83224K, reserved 1122304K
  class space    used 10066K, capacity 10651K, committed 10776K, reserved 1048576K
}
2019-10-16T14:17:39.023+0000: 58.875: Total time for which application threads were stopped: 0.0292120 seconds, Stopping threads took: 0.0000309 seconds
{Heap before GC invocations=830 (full 10):
 par new generation   total 29504K, used 28520K [0x00000000f0800000, 0x00000000f2800000, 0x00000000f5a00000)
  eden space 26240K, 100% used [0x00000000f0800000, 0x00000000f21a0000, 0x00000000f21a0000)
  from space 3264K,  69% used [0x00000000f24d0000, 0x00000000f270a228, 0x00000000f2800000)
  to   space 3264K,   0% used [0x00000000f21a0000, 0x00000000f21a0000, 0x00000000f24d0000)
 concurrent mark-sweep generation total 83300K, used 55777K [0x00000000f5a00000, 0x00000000fab59000, 0x0000000100000000)
 Metaspace       used 82690K, capacity 86298K, committed 86552K, reserved 1124352K
  class space    used 10488K, capacity 11227K, committed 11288K, reserved 1048576K
2019-10-16T14:17:39.705+0000: 59.557: [GC (Allocation Failure) 2019-10-16T14:17:39.705+0000: 59.557: [ParNew
Desired survivor size 1671168 bytes, new threshold 2 (max 6)
- age   1:    1408392 bytes,    1408392 total
- age   2:     459208 bytes,    1867600 total
- age   3:     798088 bytes,    2665688 total
: 28520K->3263K(29504K), 0.0253835 secs] 84298K->60581K(112804K), 0.0254607 secs] [Times: user=0.03 sys=0.00, real=0.03 secs] 
Heap after GC invocations=831 (full 10):
 par new generation   total 29504K, used 3263K [0x00000000f0800000, 0x00000000f2800000, 0x00000000f5a00000)
  eden space 26240K,   0% used [0x00000000f0800000, 0x00000000f0800000, 0x00000000f21a0000)
  from space 3264K,  99% used [0x00000000f21a0000, 0x00000000f24cfff0, 0x00000000f24d0000)
  to   space 3264K,   0% used [0x00000000f24d0000, 0x00000000f24d0000, 0x00000000f2800000)
 concurrent mark-sweep generation total 83300K, used 57317K [0x00000000f5a00000, 0x00000000fab59000, 0x0000000100000000)
 Metaspace       used 82690K, capacity 86298K, committed 86552K, reserved 1124352K
  class space    used 10488K, capacity 11227K, committed 11288K, reserved 1048576K
}
2019-10-16T14:17:39.731+0000: 59.583: Total time for which application threads were stopped: 0.0256351 seconds, Stopping threads took: 0.0000264 seconds
{Heap before GC invocations=831 (full 10):
 par new generation   total 29504K, used 29503K [0x00000000f0800000, 0x00000000f2800000, 0x00000000f5a00000)
  eden space 26240K, 100% used [0x00000000f0800000, 0x00000000f21a0000, 0x00000000f21a0000)
  from space 3264K,  99% used [0x00000000f21a0000, 0x00000000f24cfff0, 0x00000000f24d0000)
  to   space 3264K,   0% used [0x00000000f24d0000, 0x00000000f24d0000, 0x00000000f2800000)
 concurrent mark-sweep generation total 83300K, used 57317K [0x00000000f5a00000, 0x00000000fab59000, 0x0000000100000000)
 Metaspace       used 84051K, capacity 87694K, committed 88088K, reserved 1126400K
  class space    used 10692K, capacity 11429K, committed 11544K, reserved 1048576K
2019-10-16T14:17:40.060+0000: 59.912: [GC (Allocation Failure) 2019-10-16T14:17:40.060+0000: 59.912: [ParNew
Desired survivor size 1671168 bytes, new threshold 2 (max 6)
- age   1:     688304 bytes,     688304 total
- age   2:    1208216 bytes,    1896520 total
: 29503K->2118K(29504K), 0.0291784 secs] 86821K->60692K(112804K), 0.0292705 secs] [Times: user=0.02 sys=0.00, real=0.03 secs] 
Heap after GC invocations=832 (full 10):
 par new generation   total 29504K, used 2118K [0x00000000f0800000, 0x00000000f2800000, 0x00000000f5a00000)
  eden space 26240K,   0% used [0x00000000f0800000, 0x00000000f0800000, 0x00000000f21a0000)
  from space 3264K,  64% used [0x00000000f24d0000, 0x00000000f26e1ba8, 0x00000000f2800000)
  to   space 3264K,   0% used [0x00000000f21a0000, 0x00000000f21a0000, 0x00000000f24d0000)
 concurrent mark-sweep generation total 83300K, used 58573K [0x00000000f5a00000, 0x00000000fab59000, 0x0000000100000000)
 Metaspace       used 84051K, capacity 87694K, committed 88088K, reserved 1126400K
  class space    used 10692K, capacity 11429K, committed 11544K, reserved 1048576K
}
2019-10-16T14:17:40.089+0000: 59.941: Total time for which application threads were stopped: 0.0295090 seconds, Stopping threads took: 0.0000737 seconds
{Heap before GC invocations=832 (full 10):
 par new generation   total 29504K, used 28358K [0x00000000f0800000, 0x00000000f2800000, 0x00000000f5a00000)
  eden space 26240K, 100% used [0x00000000f0800000, 0x00000000f21a0000, 0x00000000f21a0000)
  from space 3264K,  64% used [0x00000000f24d0000, 0x00000000f26e1ba8, 0x00000000f2800000)
  to   space 3264K,   0% used [0x00000000f21a0000, 0x00000000f21a0000, 0x00000000f24d0000)
 concurrent mark-sweep generation total 83300K, used 58573K [0x00000000f5a00000, 0x00000000fab59000, 0x0000000100000000)
 Metaspace       used 84492K, capacity 88122K, committed 88344K, reserved 1126400K
  class space    used 10808K, capacity 11527K, committed 11544K, reserved 1048576K
2019-10-16T14:17:40.209+0000: 60.061: [GC (Allocation Failure) 2019-10-16T14:17:40.209+0000: 60.061: [ParNew
Desired survivor size 1671168 bytes, new threshold 6 (max 6)
- age   1:     312168 bytes,     312168 total
- age   2:     631288 bytes,     943456 total
: 28358K->1897K(29504K), 0.0207063 secs] 86932K->61658K(112804K), 0.0248216 secs] [Times: user=0.02 sys=0.00, real=0.03 secs] 
Heap after GC invocations=833 (full 10):
 par new generation   total 29504K, used 1897K [0x00000000f0800000, 0x00000000f2800000, 0x00000000f5a00000)
  eden space 26240K,   0% used [0x00000000f0800000, 0x00000000f0800000, 0x00000000f21a0000)
  from space 3264K,  58% used [0x00000000f21a0000, 0x00000000f237a7e8, 0x00000000f24d0000)
  to   space 3264K,   0% used [0x00000000f24d0000, 0x00000000f24d0000, 0x00000000f2800000)
 concurrent mark-sweep generation total 83300K, used 59760K [0x00000000f5a00000, 0x00000000fab59000, 0x0000000100000000)
 Metaspace       used 84492K, capacity 88122K, committed 88344K, reserved 1126400K
  class space    used 10808K, capacity 11527K, committed 11544K, reserved 1048576K
}
2019-10-16T14:17:40.234+0000: 60.086: Total time for which application threads were stopped: 0.0250006 seconds, Stopping threads took: 0.0000286 seconds
{Heap before GC invocations=833 (full 10):
 par new generation   total 29504K, used 28137K [0x00000000f0800000, 0x00000000f2800000, 0x00000000f5a00000)
  eden space 26240K, 100% used [0x00000000f0800000, 0x00000000f21a0000, 0x00000000f21a0000)
  from space 3264K,  58% used [0x00000000f21a0000, 0x00000000f237a7e8, 0x00000000f24d0000)
  to   space 3264K,   0% used [0x00000000f24d0000, 0x00000000f24d0000, 0x00000000f2800000)
 concurrent mark-sweep generation total 83300K, used 59760K [0x00000000f5a00000, 0x00000000fab59000, 0x0000000100000000)
 Metaspace       used 84966K, capacity 88620K, committed 88728K, reserved 1126400K
  class space    used 10888K, capacity 11626K, committed 11672K, reserved 1048576K
2019-10-16T14:17:40.350+0000: 60.202: [GC (Allocation Failure) 2019-10-16T14:17:40.350+0000: 60.202: [ParNew
Desired survivor size 1671168 bytes, new threshold 6 (max 6)
- age   1:      83736 bytes,      83736 total
- age   2:     262552 bytes,     346288 total
- age   3:     631248 bytes,     977536 total
: 28137K->1638K(29504K), 0.0075014 secs] 87898K->61399K(112804K), 0.0075575 secs] [Times: user=0.01 sys=0.00, real=0.00 secs] 
Heap after GC invocations=834 (full 10):
 par new generation   total 29504K, used 1638K [0x00000000f0800000, 0x00000000f2800000, 0x00000000f5a00000)
  eden space 26240K,   0% used [0x00000000f0800000, 0x00000000f0800000, 0x00000000f21a0000)
  from space 3264K,  50% used [0x00000000f24d0000, 0x00000000f2669990, 0x00000000f2800000)
  to   space 3264K,   0% used [0x00000000f21a0000, 0x00000000f21a0000, 0x00000000f24d0000)
 concurrent mark-sweep generation total 83300K, used 59760K [0x00000000f5a00000, 0x00000000fab59000, 0x0000000100000000)
 Metaspace       used 84966K, capacity 88620K, committed 88728K, reserved 1126400K
  class space    used 10888K, capacity 11626K, committed 11672K, reserved 1048576K
}
2019-10-16T14:17:40.358+0000: 60.210: Total time for which application threads were stopped: 0.0077187 seconds, Stopping threads took: 0.0000348 seconds
{Heap before GC invocations=834 (full 10):
 par new generation   total 29504K, used 27878K [0x00000000f0800000, 0x00000000f2800000, 0x00000000f5a00000)
  eden space 26240K, 100% used [0x00000000f0800000, 0x00000000f21a0000, 0x00000000f21a0000)
  from space 3264K,  50% used [0x00000000f24d0000, 0x00000000f2669990, 0x00000000f2800000)
  to   space 3264K,   0% used [0x00000000f21a0000, 0x00000000f21a0000, 0x00000000f24d0000)
 concurrent mark-sweep generation total 83300K, used 59760K [0x00000000f5a00000, 0x00000000fab59000, 0x0000000100000000)
 Metaspace       used 85348K, capacity 89002K, committed 89240K, reserved 1126400K
  class space    used 10942K, capacity 11663K, committed 11672K, reserved 1048576K
2019-10-16T14:17:40.490+0000: 60.342: [GC (Allocation Failure) 2019-10-16T14:17:40.490+0000: 60.342: [ParNew
Desired survivor size 1671168 bytes, new threshold 6 (max 6)
- age   1:     116696 bytes,     116696 total
- age   2:      55896 bytes,     172592 total
- age   3:     262552 bytes,     435144 total
- age   4:     631248 bytes,    1066392 total
: 27878K->1125K(29504K), 0.0075623 secs] 87639K->60886K(112804K), 0.0076317 secs] [Times: user=0.00 sys=0.00, real=0.00 secs] 
Heap after GC invocations=835 (full 10):
 par new generation   total 29504K, used 1125K [0x00000000f0800000, 0x00000000f2800000, 0x00000000f5a00000)
  eden space 26240K,   0% used [0x00000000f0800000, 0x00000000f0800000, 0x00000000f21a0000)
  from space 3264K,  34% used [0x00000000f21a0000, 0x00000000f22b9770, 0x00000000f24d0000)
  to   space 3264K,   0% used [0x00000000f24d0000, 0x00000000f24d0000, 0x00000000f2800000)
 concurrent mark-sweep generation total 83300K, used 59760K [0x00000000f5a00000, 0x00000000fab59000, 0x0000000100000000)
 Metaspace       used 85348K, capacity 89002K, committed 89240K, reserved 1126400K
  class space    used 10942K, capacity 11663K, committed 11672K, reserved 1048576K
}
2019-10-16T14:17:40.498+0000: 60.350: Total time for which application threads were stopped: 0.0078192 seconds, Stopping threads took: 0.0000283 seconds
{Heap before GC invocations=835 (full 10):
 par new generation   total 29504K, used 27365K [0x00000000f0800000, 0x00000000f2800000, 0x00000000f5a00000)
  eden space 26240K, 100% used [0x00000000f0800000, 0x00000000f21a0000, 0x00000000f21a0000)
  from space 3264K,  34% used [0x00000000f21a0000, 0x00000000f22b9770, 0x00000000f24d0000)
  to   space 3264K,   0% used [0x00000000f24d0000, 0x00000000f24d0000, 0x00000000f2800000)
 concurrent mark-sweep generation total 83300K, used 59760K [0x00000000f5a00000, 0x00000000fab59000, 0x0000000100000000)
 Metaspace       used 85830K, capacity 89482K, committed 89624K, reserved 1126400K
  class space    used 11015K, capacity 11759K, committed 11800K, reserved 1048576K
2019-10-16T14:17:40.609+0000: 60.461: [GC (Allocation Failure) 2019-10-16T14:17:40.609+0000: 60.461: [ParNew
Desired survivor size 1671168 bytes, new threshold 6 (max 6)
- age   1:     105864 bytes,     105864 total
- age   2:      85016 bytes,     190880 total
- age   3:      51360 bytes,     242240 total
- age   4:     262416 bytes,     504656 total
- age   5:     625264 bytes,    1129920 total
: 27365K->1839K(29504K), 0.0117737 secs] 87126K->61600K(112804K), 0.0118308 secs] [Times: user=0.01 sys=0.00, real=0.01 secs] 
Heap after GC invocations=836 (full 10):
 par new generation   total 29504K, used 1839K [0x00000000f0800000, 0x00000000f2800000, 0x00000000f5a00000)
  eden space 26240K,   0% used [0x00000000f0800000, 0x00000000f0800000, 0x00000000f21a0000)
  from space 3264K,  56% used [0x00000000f24d0000, 0x00000000f269bd30, 0x00000000f2800000)
  to   space 3264K,   0% used [0x00000000f21a0000, 0x00000000f21a0000, 0x00000000f24d0000)
 concurrent mark-sweep generation total 83300K, used 59760K [0x00000000f5a00000, 0x00000000fab59000, 0x0000000100000000)
 Metaspace       used 85830K, capacity 89482K, committed 89624K, reserved 1126400K
  class space    used 11015K, capacity 11759K, committed 11800K, reserved 1048576K
}
2019-10-16T14:17:40.620+0000: 60.472: Total time for which application threads were stopped: 0.0119945 seconds, Stopping threads took: 0.0000284 seconds
{Heap before GC invocations=836 (full 10):
 par new generation   total 29504K, used 28079K [0x00000000f0800000, 0x00000000f2800000, 0x00000000f5a00000)
  eden space 26240K, 100% used [0x00000000f0800000, 0x00000000f21a0000, 0x00000000f21a0000)
  from space 3264K,  56% used [0x00000000f24d0000, 0x00000000f269bd30, 0x00000000f2800000)
  to   space 3264K,   0% used [0x00000000f21a0000, 0x00000000f21a0000, 0x00000000f24d0000)
 concurrent mark-sweep generation total 83300K, used 59760K [0x00000000f5a00000, 0x00000000fab59000, 0x0000000100000000)
 Metaspace       used 86365K, capacity 89994K, committed 90264K, reserved 1128448K
  class space    used 11150K, capacity 11887K, committed 11928K, reserved 1048576K
2019-10-16T14:17:40.731+0000: 60.583: [GC (Allocation Failure) 2019-10-16T14:17:40.731+0000: 60.583: [ParNew
Desired survivor size 1671168 bytes, new threshold 6 (max 6)
- age   1:      65312 bytes,      65312 total
- age   2:      71448 bytes,     136760 total
- age   3:      83840 bytes,     220600 total
- age   4:      51360 bytes,     271960 total
- age   5:     262368 bytes,     534328 total
- age   6:     625264 bytes,    1159592 total
: 28079K->1284K(29504K), 0.0117649 secs] 87840K->61045K(112804K), 0.0118339 secs] [Times: user=0.01 sys=0.00, real=0.01 secs] 
Heap after GC invocations=837 (full 10):
 par new generation   total 29504K, used 1284K [0x00000000f0800000, 0x00000000f2800000, 0x00000000f5a00000)
  eden space 26240K,   0% used [0x00000000f0800000, 0x00000000f0800000, 0x00000000f21a0000)
  from space 3264K,  39% used [0x00000000f21a0000, 0x00000000f22e1020, 0x00000000f24d0000)
  to   space 3264K,   0% used [0x00000000f24d0000, 0x00000000f24d0000, 0x00000000f2800000)
 concurrent mark-sweep generation total 83300K, used 59760K [0x00000000f5a00000, 0x00000000fab59000, 0x0000000100000000)
 Metaspace       used 86365K, capacity 89994K, committed 90264K, reserved 1128448K
  class space    used 11150K, capacity 11887K, committed 11928K, reserved 1048576K
}
2019-10-16T14:17:40.743+0000: 60.595: Total time for which application threads were stopped: 0.0120106 seconds, Stopping threads took: 0.0000327 seconds
{Heap before GC invocations=837 (full 10):
 par new generation   total 29504K, used 27524K [0x00000000f0800000, 0x00000000f2800000, 0x00000000f5a00000)
  eden space 26240K, 100% used [0x00000000f0800000, 0x00000000f21a0000, 0x00000000f21a0000)
  from space 3264K,  39% used [0x00000000f21a0000, 0x00000000f22e1020, 0x00000000f24d0000)
  to   space 3264K,   0% used [0x00000000f24d0000, 0x00000000f24d0000, 0x00000000f2800000)
 concurrent mark-sweep generation total 83300K, used 59760K [0x00000000f5a00000, 0x00000000fab59000, 0x0000000100000000)
 Metaspace       used 86889K, capacity 90506K, committed 90648K, reserved 1128448K
  class space    used 11233K, capacity 11951K, committed 12056K, reserved 1048576K
2019-10-16T14:17:40.878+0000: 60.730: [GC (Allocation Failure) 2019-10-16T14:17:40.878+0000: 60.730: [ParNew
Desired survivor size 1671168 bytes, new threshold 6 (max 6)
- age   1:     285264 bytes,     285264 total
- age   2:      31368 bytes,     316632 total
- age   3:      66952 bytes,     383584 total
- age   4:      83824 bytes,     467408 total
- age   5:      51360 bytes,     518768 total
- age   6:     261432 bytes,     780200 total
: 27524K->1010K(29504K), 0.0096965 secs] 87285K->61387K(112804K), 0.0097594 secs] [Times: user=0.00 sys=0.00, real=0.01 secs] 
Heap after GC invocations=838 (full 10):
 par new generation   total 29504K, used 1010K [0x00000000f0800000, 0x00000000f2800000, 0x00000000f5a00000)
  eden space 26240K,   0% used [0x00000000f0800000, 0x00000000f0800000, 0x00000000f21a0000)
  from space 3264K,  30% used [0x00000000f24d0000, 0x00000000f25cc920, 0x00000000f2800000)
  to   space 3264K,   0% used [0x00000000f21a0000, 0x00000000f21a0000, 0x00000000f24d0000)
 concurrent mark-sweep generation total 83300K, used 60377K [0x00000000f5a00000, 0x00000000fab59000, 0x0000000100000000)
 Metaspace       used 86889K, capacity 90506K, committed 90648K, reserved 1128448K
  class space    used 11233K, capacity 11951K, committed 12056K, reserved 1048576K
}
2019-10-16T14:17:40.888+0000: 60.740: Total time for which application threads were stopped: 0.0099425 seconds, Stopping threads took: 0.0000309 seconds
{Heap before GC invocations=838 (full 10):
 par new generation   total 29504K, used 27250K [0x00000000f0800000, 0x00000000f2800000, 0x00000000f5a00000)
  eden space 26240K, 100% used [0x00000000f0800000, 0x00000000f21a0000, 0x00000000f21a0000)
  from space 3264K,  30% used [0x00000000f24d0000, 0x00000000f25cc920, 0x00000000f2800000)
  to   space 3264K,   0% used [0x00000000f21a0000, 0x00000000f21a0000, 0x00000000f24d0000)
 concurrent mark-sweep generation total 83300K, used 60377K [0x00000000f5a00000, 0x00000000fab59000, 0x0000000100000000)
 Metaspace       used 87280K, capacity 90928K, committed 91160K, reserved 1128448K
  class space    used 11311K, capacity 12048K, committed 12056K, reserved 1048576K
2019-10-16T14:17:41.006+0000: 60.858: [GC (Allocation Failure) 2019-10-16T14:17:41.006+0000: 60.858: [ParNew
Desired survivor size 1671168 bytes, new threshold 6 (max 6)
- age   1:     273648 bytes,     273648 total
- age   2:     246968 bytes,     520616 total
- age   3:      31336 bytes,     551952 total
- age   4:      66904 bytes,     618856 total
- age   5:      83824 bytes,     702680 total
- age   6:      51360 bytes,     754040 total
: 27250K->824K(29504K), 0.0077757 secs] 87627K->61457K(112804K), 0.0078494 secs] [Times: user=0.01 sys=0.00, real=0.01 secs] 
Heap after GC invocations=839 (full 10):
 par new generation   total 29504K, used 824K [0x00000000f0800000, 0x00000000f2800000, 0x00000000f5a00000)
  eden space 26240K,   0% used [0x00000000f0800000, 0x00000000f0800000, 0x00000000f21a0000)
  from space 3264K,  25% used [0x00000000f21a0000, 0x00000000f226e0a0, 0x00000000f24d0000)
  to   space 3264K,   0% used [0x00000000f24d0000, 0x00000000f24d0000, 0x00000000f2800000)
 concurrent mark-sweep generation total 83300K, used 60633K [0x00000000f5a00000, 0x00000000fab59000, 0x0000000100000000)
 Metaspace       used 87280K, capacity 90928K, committed 91160K, reserved 1128448K
  class space    used 11311K, capacity 12048K, committed 12056K, reserved 1048576K
}
2019-10-16T14:17:41.014+0000: 60.866: Total time for which application threads were stopped: 0.0080440 seconds, Stopping threads took: 0.0000302 seconds
2019-10-16T14:17:41.091+0000: 60.943: Total time for which application threads were stopped: 0.0009926 seconds, Stopping threads took: 0.0000317 seconds
{Heap before GC invocations=839 (full 10):
 par new generation   total 29504K, used 27064K [0x00000000f0800000, 0x00000000f2800000, 0x00000000f5a00000)
  eden space 26240K, 100% used [0x00000000f0800000, 0x00000000f21a0000, 0x00000000f21a0000)
  from space 3264K,  25% used [0x00000000f21a0000, 0x00000000f226e0a0, 0x00000000f24d0000)
  to   space 3264K,   0% used [0x00000000f24d0000, 0x00000000f24d0000, 0x00000000f2800000)
 concurrent mark-sweep generation total 83300K, used 60633K [0x00000000f5a00000, 0x00000000fab59000, 0x0000000100000000)
 Metaspace       used 87798K, capacity 91448K, committed 91800K, reserved 1128448K
  class space    used 11384K, capacity 12114K, committed 12184K, reserved 1048576K
2019-10-16T14:17:41.134+0000: 60.986: [GC (Allocation Failure) 2019-10-16T14:17:41.134+0000: 60.986: [ParNew
Desired survivor size 1671168 bytes, new threshold 6 (max 6)
- age   1:     133504 bytes,     133504 total
- age   2:     233280 bytes,     366784 total
- age   3:     240792 bytes,     607576 total
- age   4:      31336 bytes,     638912 total
- age   5:      57808 bytes,     696720 total
- age   6:      83568 bytes,     780288 total
: 27064K->762K(29504K), 0.0110890 secs] 87697K->61447K(112804K), 0.0111481 secs] [Times: user=0.00 sys=0.00, real=0.01 secs] 
Heap after GC invocations=840 (full 10):
 par new generation   total 29504K, used 762K [0x00000000f0800000, 0x00000000f2800000, 0x00000000f5a00000)
  eden space 26240K,   0% used [0x00000000f0800000, 0x00000000f0800000, 0x00000000f21a0000)
  from space 3264K,  23% used [0x00000000f24d0000, 0x00000000f258eb48, 0x00000000f2800000)
  to   space 3264K,   0% used [0x00000000f21a0000, 0x00000000f21a0000, 0x00000000f24d0000)
 concurrent mark-sweep generation total 83300K, used 60684K [0x00000000f5a00000, 0x00000000fab59000, 0x0000000100000000)
 Metaspace       used 87798K, capacity 91448K, committed 91800K, reserved 1128448K
  class space    used 11384K, capacity 12114K, committed 12184K, reserved 1048576K
}
2019-10-16T14:17:41.145+0000: 60.997: Total time for which application threads were stopped: 0.0113230 seconds, Stopping threads took: 0.0000251 seconds
{Heap before GC invocations=840 (full 10):
 par new generation   total 29504K, used 27002K [0x00000000f0800000, 0x00000000f2800000, 0x00000000f5a00000)
  eden space 26240K, 100% used [0x00000000f0800000, 0x00000000f21a0000, 0x00000000f21a0000)
  from space 3264K,  23% used [0x00000000f24d0000, 0x00000000f258eb48, 0x00000000f2800000)
  to   space 3264K,   0% used [0x00000000f21a0000, 0x00000000f21a0000, 0x00000000f24d0000)
 concurrent mark-sweep generation total 83300K, used 60684K [0x00000000f5a00000, 0x00000000fab59000, 0x0000000100000000)
 Metaspace       used 88189K, capacity 91832K, committed 92056K, reserved 1128448K
  class space    used 11458K, capacity 12178K, committed 12184K, reserved 1048576K
2019-10-16T14:17:41.255+0000: 61.107: [GC (Allocation Failure) 2019-10-16T14:17:41.255+0000: 61.107: [ParNew
Desired survivor size 1671168 bytes, new threshold 6 (max 6)
- age   1:      70680 bytes,      70680 total
- age   2:      90488 bytes,     161168 total
- age   3:     233168 bytes,     394336 total
- age   4:     240792 bytes,     635128 total
- age   5:      31320 bytes,     666448 total
- age   6:      57808 bytes,     724256 total
: 27002K->757K(29504K), 0.0070366 secs] 87687K->61527K(112804K), 0.0071147 secs] [Times: user=0.00 sys=0.00, real=0.00 secs] 
Heap after GC invocations=841 (full 10):
 par new generation   total 29504K, used 757K [0x00000000f0800000, 0x00000000f2800000, 0x00000000f5a00000)
  eden space 26240K,   0% used [0x00000000f0800000, 0x00000000f0800000, 0x00000000f21a0000)
  from space 3264K,  23% used [0x00000000f21a0000, 0x00000000f225d768, 0x00000000f24d0000)
  to   space 3264K,   0% used [0x00000000f24d0000, 0x00000000f24d0000, 0x00000000f2800000)
 concurrent mark-sweep generation total 83300K, used 60769K [0x00000000f5a00000, 0x00000000fab59000, 0x0000000100000000)
 Metaspace       used 88189K, capacity 91832K, committed 92056K, reserved 1128448K
  class space    used 11458K, capacity 12178K, committed 12184K, reserved 1048576K
}
2019-10-16T14:17:41.262+0000: 61.114: Total time for which application threads were stopped: 0.0072640 seconds, Stopping threads took: 0.0000285 seconds
{Heap before GC invocations=841 (full 10):
 par new generation   total 29504K, used 26997K [0x00000000f0800000, 0x00000000f2800000, 0x00000000f5a00000)
  eden space 26240K, 100% used [0x00000000f0800000, 0x00000000f21a0000, 0x00000000f21a0000)
  from space 3264K,  23% used [0x00000000f21a0000, 0x00000000f225d768, 0x00000000f24d0000)
  to   space 3264K,   0% used [0x00000000f24d0000, 0x00000000f24d0000, 0x00000000f2800000)
 concurrent mark-sweep generation total 83300K, used 60769K [0x00000000f5a00000, 0x00000000fab59000, 0x0000000100000000)
 Metaspace       used 88645K, capacity 92312K, committed 92440K, reserved 1130496K
  class space    used 11526K, capacity 12274K, committed 12312K, reserved 1048576K
2019-10-16T14:17:41.382+0000: 61.234: [GC (Allocation Failure) 2019-10-16T14:17:41.382+0000: 61.234: [ParNew
Desired survivor size 1671168 bytes, new threshold 6 (max 6)
- age   1:     123536 bytes,     123536 total
- age   2:      34160 bytes,     157696 total
- age   3:      89424 bytes,     247120 total
- age   4:     233168 bytes,     480288 total
- age   5:     240792 bytes,     721080 total
- age   6:      31320 bytes,     752400 total
: 26997K->1429K(29504K), 0.0066219 secs] 87767K->62258K(112804K), 0.0066771 secs] [Times: user=0.00 sys=0.00, real=0.00 secs] 
Heap after GC invocations=842 (full 10):
 par new generation   total 29504K, used 1429K [0x00000000f0800000, 0x00000000f2800000, 0x00000000f5a00000)
  eden space 26240K,   0% used [0x00000000f0800000, 0x00000000f0800000, 0x00000000f21a0000)
  from space 3264K,  43% used [0x00000000f24d0000, 0x00000000f2635540, 0x00000000f2800000)
  to   space 3264K,   0% used [0x00000000f21a0000, 0x00000000f21a0000, 0x00000000f24d0000)
 concurrent mark-sweep generation total 83300K, used 60829K [0x00000000f5a00000, 0x00000000fab59000, 0x0000000100000000)
 Metaspace       used 88645K, capacity 92312K, committed 92440K, reserved 1130496K
  class space    used 11526K, capacity 12274K, committed 12312K, reserved 1048576K
}
2019-10-16T14:17:41.389+0000: 61.241: Total time for which application threads were stopped: 0.0068348 seconds, Stopping threads took: 0.0000296 seconds
{Heap before GC invocations=842 (full 10):
 par new generation   total 29504K, used 27669K [0x00000000f0800000, 0x00000000f2800000, 0x00000000f5a00000)
  eden space 26240K, 100% used [0x00000000f0800000, 0x00000000f21a0000, 0x00000000f21a0000)
  from space 3264K,  43% used [0x00000000f24d0000, 0x00000000f2635540, 0x00000000f2800000)
  to   space 3264K,   0% used [0x00000000f21a0000, 0x00000000f21a0000, 0x00000000f24d0000)
 concurrent mark-sweep generation total 83300K, used 60829K [0x00000000f5a00000, 0x00000000fab59000, 0x0000000100000000)
 Metaspace       used 88959K, capacity 92600K, committed 92696K, reserved 1130496K
  class space    used 11576K, capacity 12306K, committed 12312K, reserved 1048576K
2019-10-16T14:17:41.491+0000: 61.343: [GC (Allocation Failure) 2019-10-16T14:17:41.492+0000: 61.344: [ParNew
Desired survivor size 1671168 bytes, new threshold 6 (max 6)
- age   1:      73776 bytes,      73776 total
- age   2:      45976 bytes,     119752 total
- age   3:      34144 bytes,     153896 total
- age   4:      88896 bytes,     242792 total
- age   5:     233168 bytes,     475960 total
- age   6:     240792 bytes,     716752 total
: 27669K->1035K(29504K), 0.0096679 secs] 88498K->61897K(112804K), 0.0111304 secs] [Times: user=0.02 sys=0.00, real=0.00 secs] 
Heap after GC invocations=843 (full 10):
 par new generation   total 29504K, used 1035K [0x00000000f0800000, 0x00000000f2800000, 0x00000000f5a00000)
  eden space 26240K,   0% used [0x00000000f0800000, 0x00000000f0800000, 0x00000000f21a0000)
  from space 3264K,  31% used [0x00000000f21a0000, 0x00000000f22a2ee0, 0x00000000f24d0000)
  to   space 3264K,   0% used [0x00000000f24d0000, 0x00000000f24d0000, 0x00000000f2800000)
 concurrent mark-sweep generation total 83300K, used 60862K [0x00000000f5a00000, 0x00000000fab59000, 0x0000000100000000)
 Metaspace       used 88959K, capacity 92600K, committed 92696K, reserved 1130496K
  class space    used 11576K, capacity 12306K, committed 12312K, reserved 1048576K
}
2019-10-16T14:17:41.502+0000: 61.354: Total time for which application threads were stopped: 0.0112978 seconds, Stopping threads took: 0.0000410 seconds
{Heap before GC invocations=843 (full 10):
 par new generation   total 29504K, used 27275K [0x00000000f0800000, 0x00000000f2800000, 0x00000000f5a00000)
  eden space 26240K, 100% used [0x00000000f0800000, 0x00000000f21a0000, 0x00000000f21a0000)
  from space 3264K,  31% used [0x00000000f21a0000, 0x00000000f22a2ee0, 0x00000000f24d0000)
  to   space 3264K,   0% used [0x00000000f24d0000, 0x00000000f24d0000, 0x00000000f2800000)
 concurrent mark-sweep generation total 83300K, used 60862K [0x00000000f5a00000, 0x00000000fab59000, 0x0000000100000000)
 Metaspace       used 89337K, capacity 92984K, committed 93336K, reserved 1130496K
  class space    used 11631K, capacity 12370K, committed 12440K, reserved 1048576K
2019-10-16T14:17:41.614+0000: 61.466: [GC (Allocation Failure) 2019-10-16T14:17:41.614+0000: 61.466: [ParNew
Desired survivor size 1671168 bytes, new threshold 6 (max 6)
- age   1:      74296 bytes,      74296 total
- age   2:      40072 bytes,     114368 total
- age   3:      42320 bytes,     156688 total
- age   4:      34144 bytes,     190832 total
- age   5:      88304 bytes,     279136 total
- age   6:     232920 bytes,     512056 total
: 27275K->544K(29504K), 0.0067956 secs] 88137K->61643K(112804K), 0.0068530 secs] [Times: user=0.01 sys=0.00, real=0.00 secs] 
Heap after GC invocations=844 (full 10):
 par new generation   total 29504K, used 544K [0x00000000f0800000, 0x00000000f2800000, 0x00000000f5a00000)
  eden space 26240K,   0% used [0x00000000f0800000, 0x00000000f0800000, 0x00000000f21a0000)
  from space 3264K,  16% used [0x00000000f24d0000, 0x00000000f2558008, 0x00000000f2800000)
  to   space 3264K,   0% used [0x00000000f21a0000, 0x00000000f21a0000, 0x00000000f24d0000)
 concurrent mark-sweep generation total 83300K, used 61099K [0x00000000f5a00000, 0x00000000fab59000, 0x0000000100000000)
 Metaspace       used 89337K, capacity 92984K, committed 93336K, reserved 1130496K
  class space    used 11631K, capacity 12370K, committed 12440K, reserved 1048576K
}
2019-10-16T14:17:41.621+0000: 61.473: Total time for which application threads were stopped: 0.0070261 seconds, Stopping threads took: 0.0000296 seconds
{Heap before GC invocations=844 (full 10):
 par new generation   total 29504K, used 26784K [0x00000000f0800000, 0x00000000f2800000, 0x00000000f5a00000)
  eden space 26240K, 100% used [0x00000000f0800000, 0x00000000f21a0000, 0x00000000f21a0000)
  from space 3264K,  16% used [0x00000000f24d0000, 0x00000000f2558008, 0x00000000f2800000)
  to   space 3264K,   0% used [0x00000000f21a0000, 0x00000000f21a0000, 0x00000000f24d0000)
 concurrent mark-sweep generation total 83300K, used 61099K [0x00000000f5a00000, 0x00000000fab59000, 0x0000000100000000)
 Metaspace       used 89756K, capacity 93432K, committed 93592K, reserved 1130496K
  class space    used 11687K, capacity 12434K, committed 12440K, reserved 1048576K
2019-10-16T14:17:41.712+0000: 61.564: [GC (Allocation Failure) 2019-10-16T14:17:41.712+0000: 61.564: [ParNew
Desired survivor size 1671168 bytes, new threshold 6 (max 6)
- age   1:     256912 bytes,     256912 total
- age   2:      37808 bytes,     294720 total
- age   3:      40072 bytes,     334792 total
- age   4:      42320 bytes,     377112 total
- age   5:      34128 bytes,     411240 total
- age   6:      87824 bytes,     499064 total
: 26784K->510K(29504K), 0.0144186 secs] 87883K->61839K(112804K), 0.0144887 secs] [Times: user=0.01 sys=0.00, real=0.01 secs] 
Heap after GC invocations=845 (full 10):
 par new generation   total 29504K, used 510K [0x00000000f0800000, 0x00000000f2800000, 0x00000000f5a00000)
  eden space 26240K,   0% used [0x00000000f0800000, 0x00000000f0800000, 0x00000000f21a0000)
  from space 3264K,  15% used [0x00000000f21a0000, 0x00000000f221fb60, 0x00000000f24d0000)
  to   space 3264K,   0% used [0x00000000f24d0000, 0x00000000f24d0000, 0x00000000f2800000)
 concurrent mark-sweep generation total 83300K, used 61329K [0x00000000f5a00000, 0x00000000fab59000, 0x0000000100000000)
 Metaspace       used 89756K, capacity 93432K, committed 93592K, reserved 1130496K
  class space    used 11687K, capacity 12434K, committed 12440K, reserved 1048576K
}
2019-10-16T14:17:41.726+0000: 61.578: Total time for which application threads were stopped: 0.0170433 seconds, Stopping threads took: 0.0024253 seconds
{Heap before GC invocations=845 (full 10):
 par new generation   total 29504K, used 26750K [0x00000000f0800000, 0x00000000f2800000, 0x00000000f5a00000)
  eden space 26240K, 100% used [0x00000000f0800000, 0x00000000f21a0000, 0x00000000f21a0000)
  from space 3264K,  15% used [0x00000000f21a0000, 0x00000000f221fb60, 0x00000000f24d0000)
  to   space 3264K,   0% used [0x00000000f24d0000, 0x00000000f24d0000, 0x00000000f2800000)
 concurrent mark-sweep generation total 83300K, used 61329K [0x00000000f5a00000, 0x00000000fab59000, 0x0000000100000000)
 Metaspace       used 90048K, capacity 93720K, committed 93976K, reserved 1130496K
  class space    used 11747K, capacity 12466K, committed 12568K, reserved 1048576K
2019-10-16T14:17:41.818+0000: 61.670: [GC (Allocation Failure) 2019-10-16T14:17:41.818+0000: 61.670: [ParNew
Desired survivor size 1671168 bytes, new threshold 6 (max 6)
- age   1:     145368 bytes,     145368 total
- age   2:     221568 bytes,     366936 total
- age   3:      37776 bytes,     404712 total
- age   4:      40072 bytes,     444784 total
- age   5:      42288 bytes,     487072 total
- age   6:      34112 bytes,     521184 total
: 26750K->976K(29504K), 0.0061990 secs] 88079K->62393K(112804K), 0.0062557 secs] [Times: user=0.00 sys=0.00, real=0.01 secs] 
Heap after GC invocations=846 (full 10):
 par new generation   total 29504K, used 976K [0x00000000f0800000, 0x00000000f2800000, 0x00000000f5a00000)
  eden space 26240K,   0% used [0x00000000f0800000, 0x00000000f0800000, 0x00000000f21a0000)
  from space 3264K,  29% used [0x00000000f24d0000, 0x00000000f25c4170, 0x00000000f2800000)
  to   space 3264K,   0% used [0x00000000f21a0000, 0x00000000f21a0000, 0x00000000f24d0000)
 concurrent mark-sweep generation total 83300K, used 61417K [0x00000000f5a00000, 0x00000000fab59000, 0x0000000100000000)
 Metaspace       used 90048K, capacity 93720K, committed 93976K, reserved 1130496K
  class space    used 11747K, capacity 12466K, committed 12568K, reserved 1048576K
}
2019-10-16T14:17:41.825+0000: 61.677: Total time for which application threads were stopped: 0.0064499 seconds, Stopping threads took: 0.0000417 seconds
{Heap before GC invocations=846 (full 10):
 par new generation   total 29504K, used 27216K [0x00000000f0800000, 0x00000000f2800000, 0x00000000f5a00000)
  eden space 26240K, 100% used [0x00000000f0800000, 0x00000000f21a0000, 0x00000000f21a0000)
  from space 3264K,  29% used [0x00000000f24d0000, 0x00000000f25c4170, 0x00000000f2800000)
  to   space 3264K,   0% used [0x00000000f21a0000, 0x00000000f21a0000, 0x00000000f24d0000)
 concurrent mark-sweep generation total 83300K, used 61417K [0x00000000f5a00000, 0x00000000fab59000, 0x0000000100000000)
 Metaspace       used 90600K, capacity 94288K, committed 94488K, reserved 1130496K
  class space    used 11842K, capacity 12566K, committed 12568K, reserved 1048576K
2019-10-16T14:17:41.978+0000: 61.830: [GC (Allocation Failure) 2019-10-16T14:17:41.978+0000: 61.830: [ParNew
Desired survivor size 1671168 bytes, new threshold 6 (max 6)
- age   1:     336984 bytes,     336984 total
- age   2:     116504 bytes,     453488 total
- age   3:     220208 bytes,     673696 total
- age   4:      37776 bytes,     711472 total
- age   5:      40072 bytes,     751544 total
- age   6:      42272 bytes,     793816 total
: 27216K->856K(29504K), 0.0065547 secs] 88633K->62309K(112804K), 0.0066291 secs] [Times: user=0.00 sys=0.00, real=0.01 secs] 
Heap after GC invocations=847 (full 10):
 par new generation   total 29504K, used 856K [0x00000000f0800000, 0x00000000f2800000, 0x00000000f5a00000)
  eden space 26240K,   0% used [0x00000000f0800000, 0x00000000f0800000, 0x00000000f21a0000)
  from space 3264K,  26% used [0x00000000f21a0000, 0x00000000f2276398, 0x00000000f24d0000)
  to   space 3264K,   0% used [0x00000000f24d0000, 0x00000000f24d0000, 0x00000000f2800000)
 concurrent mark-sweep generation total 83300K, used 61452K [0x00000000f5a00000, 0x00000000fab59000, 0x0000000100000000)
 Metaspace       used 90600K, capacity 94288K, committed 94488K, reserved 1130496K
  class space    used 11842K, capacity 12566K, committed 12568K, reserved 1048576K
}
2019-10-16T14:17:41.985+0000: 61.837: Total time for which application threads were stopped: 0.0068154 seconds, Stopping threads took: 0.0000557 seconds
{Heap before GC invocations=847 (full 10):
 par new generation   total 29504K, used 27096K [0x00000000f0800000, 0x00000000f2800000, 0x00000000f5a00000)
  eden space 26240K, 100% used [0x00000000f0800000, 0x00000000f21a0000, 0x00000000f21a0000)
  from space 3264K,  26% used [0x00000000f21a0000, 0x00000000f2276398, 0x00000000f24d0000)
  to   space 3264K,   0% used [0x00000000f24d0000, 0x00000000f24d0000, 0x00000000f2800000)
 concurrent mark-sweep generation total 83300K, used 61452K [0x00000000f5a00000, 0x00000000fab59000, 0x0000000100000000)
 Metaspace       used 91572K, capacity 95280K, committed 95512K, reserved 1132544K
  class space    used 11970K, capacity 12726K, committed 12824K, reserved 1048576K
2019-10-16T14:17:42.137+0000: 61.989: [GC (Allocation Failure) 2019-10-16T14:17:42.137+0000: 61.989: [ParNew
Desired survivor size 1671168 bytes, new threshold 6 (max 6)
- age   1:     282272 bytes,     282272 total
- age   2:     294968 bytes,     577240 total
- age   3:     116504 bytes,     693744 total
- age   4:     220208 bytes,     913952 total
- age   5:      37776 bytes,     951728 total
- age   6:      40072 bytes,     991800 total
: 27096K->977K(29504K), 0.0069341 secs] 88549K->62473K(112804K), 0.0069863 secs] [Times: user=0.01 sys=0.00, real=0.01 secs] 
Heap after GC invocations=848 (full 10):
 par new generation   total 29504K, used 977K [0x00000000f0800000, 0x00000000f2800000, 0x00000000f5a00000)
  eden space 26240K,   0% used [0x00000000f0800000, 0x00000000f0800000, 0x00000000f21a0000)
  from space 3264K,  29% used [0x00000000f24d0000, 0x00000000f25c45c8, 0x00000000f2800000)
  to   space 3264K,   0% used [0x00000000f21a0000, 0x00000000f21a0000, 0x00000000f24d0000)
 concurrent mark-sweep generation total 83300K, used 61496K [0x00000000f5a00000, 0x00000000fab59000, 0x0000000100000000)
 Metaspace       used 91572K, capacity 95280K, committed 95512K, reserved 1132544K
  class space    used 11970K, capacity 12726K, committed 12824K, reserved 1048576K
}
2019-10-16T14:17:42.144+0000: 61.996: Total time for which application threads were stopped: 0.0071378 seconds, Stopping threads took: 0.0000286 seconds
{Heap before GC invocations=848 (full 10):
 par new generation   total 29504K, used 27217K [0x00000000f0800000, 0x00000000f2800000, 0x00000000f5a00000)
  eden space 26240K, 100% used [0x00000000f0800000, 0x00000000f21a0000, 0x00000000f21a0000)
  from space 3264K,  29% used [0x00000000f24d0000, 0x00000000f25c45c8, 0x00000000f2800000)
  to   space 3264K,   0% used [0x00000000f21a0000, 0x00000000f21a0000, 0x00000000f24d0000)
 concurrent mark-sweep generation total 83300K, used 61496K [0x00000000f5a00000, 0x00000000fab59000, 0x0000000100000000)
 Metaspace       used 91986K, capacity 95728K, committed 96024K, reserved 1132544K
  class space    used 12027K, capacity 12790K, committed 12824K, reserved 1048576K
2019-10-16T14:17:42.209+0000: 62.061: [GC (Allocation Failure) 2019-10-16T14:17:42.209+0000: 62.061: [ParNew
Desired survivor size 1671168 bytes, new threshold 6 (max 6)
- age   1:     135000 bytes,     135000 total
- age   2:     219872 bytes,     354872 total
- age   3:     287264 bytes,     642136 total
- age   4:     116504 bytes,     758640 total
- age   5:     220208 bytes,     978848 total
- age   6:      37776 bytes,    1016624 total
: 27217K->1668K(29504K), 0.0068285 secs] 88713K->63206K(112804K), 0.0068895 secs] [Times: user=0.01 sys=0.00, real=0.01 secs] 
Heap after GC invocations=849 (full 10):
 par new generation   total 29504K, used 1668K [0x00000000f0800000, 0x00000000f2800000, 0x00000000f5a00000)
  eden space 26240K,   0% used [0x00000000f0800000, 0x00000000f0800000, 0x00000000f21a0000)
  from space 3264K,  51% used [0x00000000f21a0000, 0x00000000f2341210, 0x00000000f24d0000)
  to   space 3264K,   0% used [0x00000000f24d0000, 0x00000000f24d0000, 0x00000000f2800000)
 concurrent mark-sweep generation total 83300K, used 61537K [0x00000000f5a00000, 0x00000000fab59000, 0x0000000100000000)
 Metaspace       used 91986K, capacity 95728K, committed 96024K, reserved 1132544K
  class space    used 12027K, capacity 12790K, committed 12824K, reserved 1048576K
}
2019-10-16T14:17:42.216+0000: 62.068: Total time for which application threads were stopped: 0.0070611 seconds, Stopping threads took: 0.0000293 seconds
{Heap before GC invocations=849 (full 10):
 par new generation   total 29504K, used 27908K [0x00000000f0800000, 0x00000000f2800000, 0x00000000f5a00000)
  eden space 26240K, 100% used [0x00000000f0800000, 0x00000000f21a0000, 0x00000000f21a0000)
  from space 3264K,  51% used [0x00000000f21a0000, 0x00000000f2341210, 0x00000000f24d0000)
  to   space 3264K,   0% used [0x00000000f24d0000, 0x00000000f24d0000, 0x00000000f2800000)
 concurrent mark-sweep generation total 83300K, used 61537K [0x00000000f5a00000, 0x00000000fab59000, 0x0000000100000000)
 Metaspace       used 92156K, capacity 95888K, committed 96024K, reserved 1132544K
  class space    used 12056K, capacity 12822K, committed 12824K, reserved 1048576K
2019-10-16T14:17:42.257+0000: 62.109: [GC (Allocation Failure) 2019-10-16T14:17:42.257+0000: 62.109: [ParNew
Desired survivor size 1671168 bytes, new threshold 6 (max 6)
- age   1:      71928 bytes,      71928 total
- age   2:     107608 bytes,     179536 total
- age   3:     214232 bytes,     393768 total
- age   4:     287248 bytes,     681016 total
- age   5:     116504 bytes,     797520 total
- age   6:     220208 bytes,    1017728 total
: 27908K->1157K(29504K), 0.0065948 secs] 89446K->62734K(112804K), 0.0066580 secs] [Times: user=0.00 sys=0.00, real=0.01 secs] 
Heap after GC invocations=850 (full 10):
 par new generation   total 29504K, used 1157K [0x00000000f0800000, 0x00000000f2800000, 0x00000000f5a00000)
  eden space 26240K,   0% used [0x00000000f0800000, 0x00000000f0800000, 0x00000000f21a0000)
  from space 3264K,  35% used [0x00000000f24d0000, 0x00000000f25f1460, 0x00000000f2800000)
  to   space 3264K,   0% used [0x00000000f21a0000, 0x00000000f21a0000, 0x00000000f24d0000)
 concurrent mark-sweep generation total 83300K, used 61576K [0x00000000f5a00000, 0x00000000fab59000, 0x0000000100000000)
 Metaspace       used 92156K, capacity 95888K, committed 96024K, reserved 1132544K
  class space    used 12056K, capacity 12822K, committed 12824K, reserved 1048576K
}
2019-10-16T14:17:42.264+0000: 62.116: Total time for which application threads were stopped: 0.0068175 seconds, Stopping threads took: 0.0000326 seconds
{Heap before GC invocations=850 (full 10):
 par new generation   total 29504K, used 27397K [0x00000000f0800000, 0x00000000f2800000, 0x00000000f5a00000)
  eden space 26240K, 100% used [0x00000000f0800000, 0x00000000f21a0000, 0x00000000f21a0000)
  from space 3264K,  35% used [0x00000000f24d0000, 0x00000000f25f1460, 0x00000000f2800000)
  to   space 3264K,   0% used [0x00000000f21a0000, 0x00000000f21a0000, 0x00000000f24d0000)
 concurrent mark-sweep generation total 83300K, used 61576K [0x00000000f5a00000, 0x00000000fab59000, 0x0000000100000000)
 Metaspace       used 92976K, capacity 96720K, committed 96920K, reserved 1132544K
  class space    used 12186K, capacity 12950K, committed 12952K, reserved 1048576K
2019-10-16T14:17:42.442+0000: 62.294: [GC (Allocation Failure) 2019-10-16T14:17:42.442+0000: 62.294: [ParNew
Desired survivor size 1671168 bytes, new threshold 6 (max 6)
- age   1:     306936 bytes,     306936 total
- age   2:      50016 bytes,     356952 total
- age   3:      89232 bytes,     446184 total
- age   4:     213704 bytes,     659888 total
- age   5:     287072 bytes,     946960 total
- age   6:     116504 bytes,    1063464 total
: 27397K->1788K(29504K), 0.0074836 secs] 88974K->63582K(112804K), 0.0075512 secs] [Times: user=0.01 sys=0.00, real=0.00 secs] 
Heap after GC invocations=851 (full 10):
 par new generation   total 29504K, used 1788K [0x00000000f0800000, 0x00000000f2800000, 0x00000000f5a00000)
  eden space 26240K,   0% used [0x00000000f0800000, 0x00000000f0800000, 0x00000000f21a0000)
  from space 3264K,  54% used [0x00000000f21a0000, 0x00000000f235f150, 0x00000000f24d0000)
  to   space 3264K,   0% used [0x00000000f24d0000, 0x00000000f24d0000, 0x00000000f2800000)
 concurrent mark-sweep generation total 83300K, used 61794K [0x00000000f5a00000, 0x00000000fab59000, 0x0000000100000000)
 Metaspace       used 92976K, capacity 96720K, committed 96920K, reserved 1132544K
  class space    used 12186K, capacity 12950K, committed 12952K, reserved 1048576K
}
2019-10-16T14:17:42.450+0000: 62.302: Total time for which application threads were stopped: 0.0077336 seconds, Stopping threads took: 0.0000321 seconds
{Heap before GC invocations=851 (full 10):
 par new generation   total 29504K, used 28028K [0x00000000f0800000, 0x00000000f2800000, 0x00000000f5a00000)
  eden space 26240K, 100% used [0x00000000f0800000, 0x00000000f21a0000, 0x00000000f21a0000)
  from space 3264K,  54% used [0x00000000f21a0000, 0x00000000f235f150, 0x00000000f24d0000)
  to   space 3264K,   0% used [0x00000000f24d0000, 0x00000000f24d0000, 0x00000000f2800000)
 concurrent mark-sweep generation total 83300K, used 61794K [0x00000000f5a00000, 0x00000000fab59000, 0x0000000100000000)
 Metaspace       used 93938K, capacity 97648K, committed 97816K, reserved 1134592K
  class space    used 12300K, capacity 13046K, committed 13080K, reserved 1048576K
2019-10-16T14:17:42.613+0000: 62.465: [GC (Allocation Failure) 2019-10-16T14:17:42.613+0000: 62.465: [ParNew
Desired survivor size 1671168 bytes, new threshold 6 (max 6)
- age   1:     236272 bytes,     236272 total
- age   2:     257096 bytes,     493368 total
- age   3:      50016 bytes,     543384 total
- age   4:      89136 bytes,     632520 total
- age   5:     213704 bytes,     846224 total
- age   6:     286296 bytes,    1132520 total
: 28028K->1220K(29504K), 0.0093211 secs] 89822K->63131K(112804K), 0.0093904 secs] [Times: user=0.00 sys=0.00, real=0.00 secs] 
Heap after GC invocations=852 (full 10):
 par new generation   total 29504K, used 1220K [0x00000000f0800000, 0x00000000f2800000, 0x00000000f5a00000)
  eden space 26240K,   0% used [0x00000000f0800000, 0x00000000f0800000, 0x00000000f21a0000)
  from space 3264K,  37% used [0x00000000f24d0000, 0x00000000f26013b0, 0x00000000f2800000)
  to   space 3264K,   0% used [0x00000000f21a0000, 0x00000000f21a0000, 0x00000000f24d0000)
 concurrent mark-sweep generation total 83300K, used 61910K [0x00000000f5a00000, 0x00000000fab59000, 0x0000000100000000)
 Metaspace       used 93938K, capacity 97648K, committed 97816K, reserved 1134592K
  class space    used 12300K, capacity 13046K, committed 13080K, reserved 1048576K
}
2019-10-16T14:17:42.622+0000: 62.474: Total time for which application threads were stopped: 0.0096063 seconds, Stopping threads took: 0.0000313 seconds
{Heap before GC invocations=852 (full 10):
 par new generation   total 29504K, used 27460K [0x00000000f0800000, 0x00000000f2800000, 0x00000000f5a00000)
  eden space 26240K, 100% used [0x00000000f0800000, 0x00000000f21a0000, 0x00000000f21a0000)
  from space 3264K,  37% used [0x00000000f24d0000, 0x00000000f26013b0, 0x00000000f2800000)
  to   space 3264K,   0% used [0x00000000f21a0000, 0x00000000f21a0000, 0x00000000f24d0000)
 concurrent mark-sweep generation total 83300K, used 61910K [0x00000000f5a00000, 0x00000000fab59000, 0x0000000100000000)
 Metaspace       used 94656K, capacity 98440K, committed 98712K, reserved 1134592K
  class space    used 12350K, capacity 13124K, committed 13208K, reserved 1048576K
2019-10-16T14:17:42.891+0000: 62.743: [GC (Allocation Failure) 2019-10-16T14:17:42.891+0000: 62.743: [ParNew
Desired survivor size 1671168 bytes, new threshold 6 (max 6)
- age   1:     812312 bytes,     812312 total
- age   2:     205800 bytes,    1018112 total
- age   3:     257096 bytes,    1275208 total
- age   4:      50016 bytes,    1325224 total
- age   5:      89136 bytes,    1414360 total
- age   6:     213704 bytes,    1628064 total
: 27460K->1940K(29504K), 0.0143581 secs] 89371K->64134K(112804K), 0.0144248 secs] [Times: user=0.01 sys=0.00, real=0.01 secs] 
Heap after GC invocations=853 (full 10):
 par new generation   total 29504K, used 1940K [0x00000000f0800000, 0x00000000f2800000, 0x00000000f5a00000)
  eden space 26240K,   0% used [0x00000000f0800000, 0x00000000f0800000, 0x00000000f21a0000)
  from space 3264K,  59% used [0x00000000f21a0000, 0x00000000f2385020, 0x00000000f24d0000)
  to   space 3264K,   0% used [0x00000000f24d0000, 0x00000000f24d0000, 0x00000000f2800000)
 concurrent mark-sweep generation total 83300K, used 62194K [0x00000000f5a00000, 0x00000000fab59000, 0x0000000100000000)
 Metaspace       used 94656K, capacity 98440K, committed 98712K, reserved 1134592K
  class space    used 12350K, capacity 13124K, committed 13208K, reserved 1048576K
}
2019-10-16T14:17:42.905+0000: 62.757: Total time for which application threads were stopped: 0.0146017 seconds, Stopping threads took: 0.0000307 seconds
{Heap before GC invocations=853 (full 10):
 par new generation   total 29504K, used 28180K [0x00000000f0800000, 0x00000000f2800000, 0x00000000f5a00000)
  eden space 26240K, 100% used [0x00000000f0800000, 0x00000000f21a0000, 0x00000000f21a0000)
  from space 3264K,  59% used [0x00000000f21a0000, 0x00000000f2385020, 0x00000000f24d0000)
  to   space 3264K,   0% used [0x00000000f24d0000, 0x00000000f24d0000, 0x00000000f2800000)
 concurrent mark-sweep generation total 83300K, used 62194K [0x00000000f5a00000, 0x00000000fab59000, 0x0000000100000000)
 Metaspace       used 95159K, capacity 98948K, committed 99224K, reserved 1134592K
  class space    used 12367K, capacity 13134K, committed 13208K, reserved 1048576K
2019-10-16T14:17:43.204+0000: 63.056: [GC (Allocation Failure) 2019-10-16T14:17:43.204+0000: 63.056: [ParNew
Desired survivor size 1671168 bytes, new threshold 2 (max 6)
- age   1:    1555456 bytes,    1555456 total
- age   2:     798152 bytes,    2353608 total
- age   3:     204992 bytes,    2558600 total
- age   4:     257096 bytes,    2815696 total
- age   5:      50016 bytes,    2865712 total
- age   6:      89136 bytes,    2954848 total
: 28180K->3264K(29504K), 0.0144818 secs] 90374K->65673K(112804K), 0.0145528 secs] [Times: user=0.01 sys=0.00, real=0.01 secs] 
Heap after GC invocations=854 (full 10):
 par new generation   total 29504K, used 3264K [0x00000000f0800000, 0x00000000f2800000, 0x00000000f5a00000)
  eden space 26240K,   0% used [0x00000000f0800000, 0x00000000f0800000, 0x00000000f21a0000)
  from space 3264K, 100% used [0x00000000f24d0000, 0x00000000f2800000, 0x00000000f2800000)
  to   space 3264K,   0% used [0x00000000f21a0000, 0x00000000f21a0000, 0x00000000f24d0000)
 concurrent mark-sweep generation total 83300K, used 62409K [0x00000000f5a00000, 0x00000000fab59000, 0x0000000100000000)
 Metaspace       used 95159K, capacity 98948K, committed 99224K, reserved 1134592K
  class space    used 12367K, capacity 13134K, committed 13208K, reserved 1048576K
}
2019-10-16T14:17:43.218+0000: 63.070: Total time for which application threads were stopped: 0.0147184 seconds, Stopping threads took: 0.0000315 seconds
{Heap before GC invocations=854 (full 10):
 par new generation   total 29504K, used 29504K [0x00000000f0800000, 0x00000000f2800000, 0x00000000f5a00000)
  eden space 26240K, 100% used [0x00000000f0800000, 0x00000000f21a0000, 0x00000000f21a0000)
  from space 3264K, 100% used [0x00000000f24d0000, 0x00000000f2800000, 0x00000000f2800000)
  to   space 3264K,   0% used [0x00000000f21a0000, 0x00000000f21a0000, 0x00000000f24d0000)
 concurrent mark-sweep generation total 83300K, used 62409K [0x00000000f5a00000, 0x00000000fab59000, 0x0000000100000000)
 Metaspace       used 96257K, capacity 100034K, committed 100376K, reserved 1136640K
  class space    used 12453K, capacity 13235K, committed 13336K, reserved 1048576K
2019-10-16T14:17:43.478+0000: 63.330: [GC (Allocation Failure) 2019-10-16T14:17:43.478+0000: 63.330: [ParNew
Desired survivor size 1671168 bytes, new threshold 2 (max 6)
- age   1:    1601608 bytes,    1601608 total
- age   2:    1204024 bytes,    2805632 total
: 29504K->3264K(29504K), 0.0184296 secs] 91913K->67069K(112804K), 0.0185234 secs] [Times: user=0.01 sys=0.00, real=0.02 secs] 
Heap after GC invocations=855 (full 10):
 par new generation   total 29504K, used 3264K [0x00000000f0800000, 0x00000000f2800000, 0x00000000f5a00000)
  eden space 26240K,   0% used [0x00000000f0800000, 0x00000000f0800000, 0x00000000f21a0000)
  from space 3264K, 100% used [0x00000000f21a0000, 0x00000000f24d0000, 0x00000000f24d0000)
  to   space 3264K,   0% used [0x00000000f24d0000, 0x00000000f24d0000, 0x00000000f2800000)
 concurrent mark-sweep generation total 83300K, used 63805K [0x00000000f5a00000, 0x00000000fab59000, 0x0000000100000000)
 Metaspace       used 96257K, capacity 100034K, committed 100376K, reserved 1136640K
  class space    used 12453K, capacity 13235K, committed 13336K, reserved 1048576K
}
2019-10-16T14:17:43.497+0000: 63.349: Total time for which application threads were stopped: 0.0186954 seconds, Stopping threads took: 0.0000294 seconds
2019-10-16T14:17:43.503+0000: 63.355: [GC (CMS Initial Mark) [1 CMS-initial-mark: 63805K(83300K)] 67651K(112804K), 0.0052609 secs] [Times: user=0.01 sys=0.00, real=0.00 secs] 
2019-10-16T14:17:43.509+0000: 63.361: Total time for which application threads were stopped: 0.0053520 seconds, Stopping threads took: 0.0000142 seconds
2019-10-16T14:17:43.517+0000: 63.369: [CMS-concurrent-mark-start]
2019-10-16T14:17:43.805+0000: 63.657: [CMS-concurrent-mark: 0.288/0.288 secs] [Times: user=0.28 sys=0.00, real=0.29 secs] 
2019-10-16T14:17:43.805+0000: 63.657: [CMS-concurrent-preclean-start]
2019-10-16T14:17:43.817+0000: 63.669: [CMS-concurrent-preclean: 0.011/0.012 secs] [Times: user=0.01 sys=0.00, real=0.01 secs] 
2019-10-16T14:17:43.817+0000: 63.669: [CMS-concurrent-abortable-preclean-start]
{Heap before GC invocations=855 (full 11):
 par new generation   total 29504K, used 29504K [0x00000000f0800000, 0x00000000f2800000, 0x00000000f5a00000)
  eden space 26240K, 100% used [0x00000000f0800000, 0x00000000f21a0000, 0x00000000f21a0000)
  from space 3264K, 100% used [0x00000000f21a0000, 0x00000000f24d0000, 0x00000000f24d0000)
  to   space 3264K,   0% used [0x00000000f24d0000, 0x00000000f24d0000, 0x00000000f2800000)
 concurrent mark-sweep generation total 83300K, used 63805K [0x00000000f5a00000, 0x00000000fab59000, 0x0000000100000000)
 Metaspace       used 97796K, capacity 101602K, committed 101784K, reserved 1138688K
  class space    used 12633K, capacity 13395K, committed 13464K, reserved 1048576K
2019-10-16T14:17:43.953+0000: 63.805: [GC (Allocation Failure) 2019-10-16T14:17:43.953+0000: 63.805: [ParNew2019-10-16T14:17:43.962+0000: 63.815: [CMS-concurrent-abortable-preclean: 0.045/0.146 secs] [Times: user=0.14 sys=0.00, real=0.15 secs] 

Desired survivor size 1671168 bytes, new threshold 2 (max 6)
- age   1:     735488 bytes,     735488 total
- age   2:    1581416 bytes,    2316904 total
: 29504K->2717K(29504K), 0.0267962 secs] 93309K->67712K(112804K), 0.0268758 secs] [Times: user=0.03 sys=0.00, real=0.02 secs] 
Heap after GC invocations=856 (full 11):
 par new generation   total 29504K, used 2717K [0x00000000f0800000, 0x00000000f2800000, 0x00000000f5a00000)
  eden space 26240K,   0% used [0x00000000f0800000, 0x00000000f0800000, 0x00000000f21a0000)
  from space 3264K,  83% used [0x00000000f24d0000, 0x00000000f2777660, 0x00000000f2800000)
  to   space 3264K,   0% used [0x00000000f21a0000, 0x00000000f21a0000, 0x00000000f24d0000)
 concurrent mark-sweep generation total 83300K, used 64994K [0x00000000f5a00000, 0x00000000fab59000, 0x0000000100000000)
 Metaspace       used 97796K, capacity 101602K, committed 101784K, reserved 1138688K
  class space    used 12633K, capacity 13395K, committed 13464K, reserved 1048576K
}
2019-10-16T14:17:43.980+0000: 63.832: Total time for which application threads were stopped: 0.0270689 seconds, Stopping threads took: 0.0000346 seconds
2019-10-16T14:17:43.990+0000: 63.842: [GC (CMS Final Remark) [YG occupancy: 4777 K (29504 K)]2019-10-16T14:17:43.990+0000: 63.842: [Rescan (parallel) , 0.0111499 secs]2019-10-16T14:17:44.002+0000: 63.854: [weak refs processing, 0.0001169 secs]2019-10-16T14:17:44.002+0000: 63.854: [class unloading, 0.0139928 secs]2019-10-16T14:17:44.016+0000: 63.868: [scrub symbol table, 0.0165367 secs]2019-10-16T14:17:44.032+0000: 63.884: [scrub string table, 0.0014557 secs][1 CMS-remark: 64994K(83300K)] 69772K(112804K), 0.0435740 secs] [Times: user=0.04 sys=0.00, real=0.04 secs] 
2019-10-16T14:17:44.034+0000: 63.886: Total time for which application threads were stopped: 0.0438604 seconds, Stopping threads took: 0.0001796 seconds
2019-10-16T14:17:44.043+0000: 63.895: [CMS-concurrent-sweep-start]
2019-10-16T14:17:44.101+0000: 63.953: [CMS-concurrent-sweep: 0.059/0.059 secs] [Times: user=0.06 sys=0.00, real=0.05 secs] 
2019-10-16T14:17:44.101+0000: 63.953: [CMS-concurrent-reset-start]
2019-10-16T14:17:44.102+0000: 63.954: [CMS-concurrent-reset: 0.000/0.000 secs] [Times: user=0.00 sys=0.00, real=0.00 secs] 
{Heap before GC invocations=856 (full 11):
 par new generation   total 29504K, used 28957K [0x00000000f0800000, 0x00000000f2800000, 0x00000000f5a00000)
  eden space 26240K, 100% used [0x00000000f0800000, 0x00000000f21a0000, 0x00000000f21a0000)
  from space 3264K,  83% used [0x00000000f24d0000, 0x00000000f2777660, 0x00000000f2800000)
  to   space 3264K,   0% used [0x00000000f21a0000, 0x00000000f21a0000, 0x00000000f24d0000)
 concurrent mark-sweep generation total 103744K, used 62245K [0x00000000f5a00000, 0x00000000fbf50000, 0x0000000100000000)
 Metaspace       used 97973K, capacity 101768K, committed 102040K, reserved 1138688K
  class space    used 12674K, capacity 13428K, committed 13464K, reserved 1048576K
2019-10-16T14:17:44.209+0000: 64.061: [GC (Allocation Failure) 2019-10-16T14:17:44.209+0000: 64.061: [ParNew
Desired survivor size 1671168 bytes, new threshold 6 (max 6)
- age   1:     262408 bytes,     262408 total
- age   2:     681088 bytes,     943496 total
: 28957K->2353K(29504K), 0.0130016 secs] 91203K->66155K(133248K), 0.0130632 secs] [Times: user=0.01 sys=0.00, real=0.01 secs] 
Heap after GC invocations=857 (full 11):
 par new generation   total 29504K, used 2353K [0x00000000f0800000, 0x00000000f2800000, 0x00000000f5a00000)
  eden space 26240K,   0% used [0x00000000f0800000, 0x00000000f0800000, 0x00000000f21a0000)
  from space 3264K,  72% used [0x00000000f21a0000, 0x00000000f23ec520, 0x00000000f24d0000)
  to   space 3264K,   0% used [0x00000000f24d0000, 0x00000000f24d0000, 0x00000000f2800000)
 concurrent mark-sweep generation total 103744K, used 63801K [0x00000000f5a00000, 0x00000000fbf50000, 0x0000000100000000)
 Metaspace       used 97973K, capacity 101768K, committed 102040K, reserved 1138688K
  class space    used 12674K, capacity 13428K, committed 13464K, reserved 1048576K
}
2019-10-16T14:17:44.222+0000: 64.074: Total time for which application threads were stopped: 0.0133448 seconds, Stopping threads took: 0.0000306 seconds
{Heap before GC invocations=857 (full 11):
 par new generation   total 29504K, used 28593K [0x00000000f0800000, 0x00000000f2800000, 0x00000000f5a00000)
  eden space 26240K, 100% used [0x00000000f0800000, 0x00000000f21a0000, 0x00000000f21a0000)
  from space 3264K,  72% used [0x00000000f21a0000, 0x00000000f23ec520, 0x00000000f24d0000)
  to   space 3264K,   0% used [0x00000000f24d0000, 0x00000000f24d0000, 0x00000000f2800000)
 concurrent mark-sweep generation total 103744K, used 63801K [0x00000000f5a00000, 0x00000000fbf50000, 0x0000000100000000)
 Metaspace       used 98332K, capacity 102120K, committed 102296K, reserved 1138688K
  class space    used 12719K, capacity 13460K, committed 13464K, reserved 1048576K
2019-10-16T14:17:44.450+0000: 64.302: [GC (Allocation Failure) 2019-10-16T14:17:44.450+0000: 64.302: [ParNew
Desired survivor size 1671168 bytes, new threshold 6 (max 6)
- age   1:     393504 bytes,     393504 total
- age   2:     234056 bytes,     627560 total
- age   3:     679112 bytes,    1306672 total
: 28593K->1638K(29504K), 0.0127435 secs] 92395K->65440K(133248K), 0.0128186 secs] [Times: user=0.01 sys=0.00, real=0.01 secs] 
Heap after GC invocations=858 (full 11):
 par new generation   total 29504K, used 1638K [0x00000000f0800000, 0x00000000f2800000, 0x00000000f5a00000)
  eden space 26240K,   0% used [0x00000000f0800000, 0x00000000f0800000, 0x00000000f21a0000)
  from space 3264K,  50% used [0x00000000f24d0000, 0x00000000f2669b88, 0x00000000f2800000)
  to   space 3264K,   0% used [0x00000000f21a0000, 0x00000000f21a0000, 0x00000000f24d0000)
 concurrent mark-sweep generation total 103744K, used 63801K [0x00000000f5a00000, 0x00000000fbf50000, 0x0000000100000000)
 Metaspace       used 98332K, capacity 102120K, committed 102296K, reserved 1138688K
  class space    used 12719K, capacity 13460K, committed 13464K, reserved 1048576K
}
2019-10-16T14:17:44.463+0000: 64.315: Total time for which application threads were stopped: 0.0130755 seconds, Stopping threads took: 0.0000330 seconds
2019-10-16T14:17:44.577+0000: 64.429: Total time for which application threads were stopped: 0.0010442 seconds, Stopping threads took: 0.0000314 seconds
2019-10-16T14:17:44.577+0000: 64.429: Total time for which application threads were stopped: 0.0003398 seconds, Stopping threads took: 0.0000179 seconds
2019-10-16T14:17:44.581+0000: 64.433: Total time for which application threads were stopped: 0.0003688 seconds, Stopping threads took: 0.0000205 seconds
{Heap before GC invocations=858 (full 11):
 par new generation   total 29504K, used 27878K [0x00000000f0800000, 0x00000000f2800000, 0x00000000f5a00000)
  eden space 26240K, 100% used [0x00000000f0800000, 0x00000000f21a0000, 0x00000000f21a0000)
  from space 3264K,  50% used [0x00000000f24d0000, 0x00000000f2669b88, 0x00000000f2800000)
  to   space 3264K,   0% used [0x00000000f21a0000, 0x00000000f21a0000, 0x00000000f24d0000)
 concurrent mark-sweep generation total 103744K, used 63801K [0x00000000f5a00000, 0x00000000fbf50000, 0x0000000100000000)
 Metaspace       used 98513K, capacity 102282K, committed 102680K, reserved 1138688K
  class space    used 12739K, capacity 13493K, committed 13592K, reserved 1048576K
2019-10-16T14:17:44.614+0000: 64.466: [GC (Allocation Failure) 2019-10-16T14:17:44.614+0000: 64.466: [ParNew
Desired survivor size 1671168 bytes, new threshold 4 (max 6)
- age   1:     507816 bytes,     507816 total
- age   2:     358488 bytes,     866304 total
- age   3:     233168 bytes,    1099472 total
- age   4:     678904 bytes,    1778376 total
: 27878K->2311K(29504K), 0.0183881 secs] 91680K->66113K(133248K), 0.0184677 secs] [Times: user=0.02 sys=0.00, real=0.02 secs] 
Heap after GC invocations=859 (full 11):
 par new generation   total 29504K, used 2311K [0x00000000f0800000, 0x00000000f2800000, 0x00000000f5a00000)
  eden space 26240K,   0% used [0x00000000f0800000, 0x00000000f0800000, 0x00000000f21a0000)
  from space 3264K,  70% used [0x00000000f21a0000, 0x00000000f23e1d88, 0x00000000f24d0000)
  to   space 3264K,   0% used [0x00000000f24d0000, 0x00000000f24d0000, 0x00000000f2800000)
 concurrent mark-sweep generation total 103744K, used 63801K [0x00000000f5a00000, 0x00000000fbf50000, 0x0000000100000000)
 Metaspace       used 98513K, capacity 102282K, committed 102680K, reserved 1138688K
  class space    used 12739K, capacity 13493K, committed 13592K, reserved 1048576K
}
2019-10-16T14:17:44.633+0000: 64.485: Total time for which application threads were stopped: 0.0186384 seconds, Stopping threads took: 0.0000296 seconds
2019-10-16T14:17:44.723+0000: 64.575: Total time for which application threads were stopped: 0.0010799 seconds, Stopping threads took: 0.0000330 seconds
{Heap before GC invocations=859 (full 11):
 par new generation   total 29504K, used 28551K [0x00000000f0800000, 0x00000000f2800000, 0x00000000f5a00000)
  eden space 26240K, 100% used [0x00000000f0800000, 0x00000000f21a0000, 0x00000000f21a0000)
  from space 3264K,  70% used [0x00000000f21a0000, 0x00000000f23e1d88, 0x00000000f24d0000)
  to   space 3264K,   0% used [0x00000000f24d0000, 0x00000000f24d0000, 0x00000000f2800000)
 concurrent mark-sweep generation total 103744K, used 63801K [0x00000000f5a00000, 0x00000000fbf50000, 0x0000000100000000)
 Metaspace       used 98847K, capacity 102682K, committed 102936K, reserved 1138688K
  class space    used 12782K, capacity 13545K, committed 13592K, reserved 1048576K
2019-10-16T14:17:44.894+0000: 64.746: [GC (Allocation Failure) 2019-10-16T14:17:44.894+0000: 64.746: [ParNew
Desired survivor size 1671168 bytes, new threshold 4 (max 6)
- age   1:     792048 bytes,     792048 total
- age   2:     488664 bytes,    1280712 total
- age   3:     355536 bytes,    1636248 total
- age   4:     231800 bytes,    1868048 total
: 28551K->3177K(29504K), 0.0186016 secs] 92353K->67653K(133248K), 0.0186889 secs] [Times: user=0.02 sys=0.00, real=0.02 secs] 
Heap after GC invocations=860 (full 11):
 par new generation   total 29504K, used 3177K [0x00000000f0800000, 0x00000000f2800000, 0x00000000f5a00000)
  eden space 26240K,   0% used [0x00000000f0800000, 0x00000000f0800000, 0x00000000f21a0000)
  from space 3264K,  97% used [0x00000000f24d0000, 0x00000000f27ea5e0, 0x00000000f2800000)
  to   space 3264K,   0% used [0x00000000f21a0000, 0x00000000f21a0000, 0x00000000f24d0000)
 concurrent mark-sweep generation total 103744K, used 64475K [0x00000000f5a00000, 0x00000000fbf50000, 0x0000000100000000)
 Metaspace       used 98847K, capacity 102682K, committed 102936K, reserved 1138688K
  class space    used 12782K, capacity 13545K, committed 13592K, reserved 1048576K
}
2019-10-16T14:17:44.913+0000: 64.765: Total time for which application threads were stopped: 0.0189282 seconds, Stopping threads took: 0.0000342 seconds
{Heap before GC invocations=860 (full 11):
 par new generation   total 29504K, used 29417K [0x00000000f0800000, 0x00000000f2800000, 0x00000000f5a00000)
  eden space 26240K, 100% used [0x00000000f0800000, 0x00000000f21a0000, 0x00000000f21a0000)
  from space 3264K,  97% used [0x00000000f24d0000, 0x00000000f27ea5e0, 0x00000000f2800000)
  to   space 3264K,   0% used [0x00000000f21a0000, 0x00000000f21a0000, 0x00000000f24d0000)
 concurrent mark-sweep generation total 103744K, used 64475K [0x00000000f5a00000, 0x00000000fbf50000, 0x0000000100000000)
 Metaspace       used 99018K, capacity 102846K, committed 102936K, reserved 1138688K
  class space    used 12811K, capacity 13577K, committed 13592K, reserved 1048576K
2019-10-16T14:17:45.065+0000: 64.917: [GC (Allocation Failure) 2019-10-16T14:17:45.065+0000: 64.917: [ParNew
Desired survivor size 1671168 bytes, new threshold 4 (max 6)
- age   1:     375888 bytes,     375888 total
- age   2:     779416 bytes,    1155304 total
- age   3:     487048 bytes,    1642352 total
- age   4:     350384 bytes,    1992736 total
: 29417K->2163K(29504K), 0.0186211 secs] 93893K->66871K(133248K), 0.0186974 secs] [Times: user=0.01 sys=0.00, real=0.02 secs] 
Heap after GC invocations=861 (full 11):
 par new generation   total 29504K, used 2163K [0x00000000f0800000, 0x00000000f2800000, 0x00000000f5a00000)
  eden space 26240K,   0% used [0x00000000f0800000, 0x00000000f0800000, 0x00000000f21a0000)
  from space 3264K,  66% used [0x00000000f21a0000, 0x00000000f23bcfa8, 0x00000000f24d0000)
  to   space 3264K,   0% used [0x00000000f24d0000, 0x00000000f24d0000, 0x00000000f2800000)
 concurrent mark-sweep generation total 103744K, used 64707K [0x00000000f5a00000, 0x00000000fbf50000, 0x0000000100000000)
 Metaspace       used 99018K, capacity 102846K, committed 102936K, reserved 1138688K
  class space    used 12811K, capacity 13577K, committed 13592K, reserved 1048576K
}
2019-10-16T14:17:45.084+0000: 64.936: Total time for which application threads were stopped: 0.0188725 seconds, Stopping threads took: 0.0000322 seconds
{Heap before GC invocations=861 (full 11):
 par new generation   total 29504K, used 28403K [0x00000000f0800000, 0x00000000f2800000, 0x00000000f5a00000)
  eden space 26240K, 100% used [0x00000000f0800000, 0x00000000f21a0000, 0x00000000f21a0000)
  from space 3264K,  66% used [0x00000000f21a0000, 0x00000000f23bcfa8, 0x00000000f24d0000)
  to   space 3264K,   0% used [0x00000000f24d0000, 0x00000000f24d0000, 0x00000000f2800000)
 concurrent mark-sweep generation total 103744K, used 64707K [0x00000000f5a00000, 0x00000000fbf50000, 0x0000000100000000)
 Metaspace       used 99202K, capacity 103072K, committed 103320K, reserved 1138688K
  class space    used 12836K, capacity 13610K, committed 13720K, reserved 1048576K
2019-10-16T14:17:45.198+0000: 65.050: [GC (Allocation Failure) 2019-10-16T14:17:45.198+0000: 65.050: [ParNew
Desired survivor size 1671168 bytes, new threshold 4 (max 6)
- age   1:     234064 bytes,     234064 total
- age   2:     361296 bytes,     595360 total
- age   3:     779096 bytes,    1374456 total
- age   4:     487048 bytes,    1861504 total
: 28403K->3264K(29504K), 0.0227881 secs] 93111K->68327K(133248K), 0.0228578 secs] [Times: user=0.02 sys=0.00, real=0.02 secs] 
Heap after GC invocations=862 (full 11):
 par new generation   total 29504K, used 3264K [0x00000000f0800000, 0x00000000f2800000, 0x00000000f5a00000)
  eden space 26240K,   0% used [0x00000000f0800000, 0x00000000f0800000, 0x00000000f21a0000)
  from space 3264K, 100% used [0x00000000f24d0000, 0x00000000f2800000, 0x00000000f2800000)
  to   space 3264K,   0% used [0x00000000f21a0000, 0x00000000f21a0000, 0x00000000f24d0000)
 concurrent mark-sweep generation total 103744K, used 65063K [0x00000000f5a00000, 0x00000000fbf50000, 0x0000000100000000)
 Metaspace       used 99202K, capacity 103072K, committed 103320K, reserved 1138688K
  class space    used 12836K, capacity 13610K, committed 13720K, reserved 1048576K
}
2019-10-16T14:17:45.221+0000: 65.073: Total time for which application threads were stopped: 0.0230601 seconds, Stopping threads took: 0.0000349 seconds
{Heap before GC invocations=862 (full 11):
 par new generation   total 29504K, used 29504K [0x00000000f0800000, 0x00000000f2800000, 0x00000000f5a00000)
  eden space 26240K, 100% used [0x00000000f0800000, 0x00000000f21a0000, 0x00000000f21a0000)
  from space 3264K, 100% used [0x00000000f24d0000, 0x00000000f2800000, 0x00000000f2800000)
  to   space 3264K,   0% used [0x00000000f21a0000, 0x00000000f21a0000, 0x00000000f24d0000)
 concurrent mark-sweep generation total 103744K, used 65063K [0x00000000f5a00000, 0x00000000fbf50000, 0x0000000100000000)
 Metaspace       used 99484K, capacity 103296K, committed 103576K, reserved 1138688K
  class space    used 12877K, capacity 13642K, committed 13720K, reserved 1048576K
2019-10-16T14:17:45.314+0000: 65.166: [GC (Allocation Failure) 2019-10-16T14:17:45.314+0000: 65.166: [ParNew
Desired survivor size 1671168 bytes, new threshold 6 (max 6)
- age   1:     102120 bytes,     102120 total
- age   2:     199744 bytes,     301864 total
- age   3:     361296 bytes,     663160 total
- age   4:     779096 bytes,    1442256 total
: 29504K->2234K(29504K), 0.0198431 secs] 94567K->67779K(133248K), 0.0199367 secs] [Times: user=0.02 sys=0.00, real=0.02 secs] 
Heap after GC invocations=863 (full 11):
 par new generation   total 29504K, used 2234K [0x00000000f0800000, 0x00000000f2800000, 0x00000000f5a00000)
  eden space 26240K,   0% used [0x00000000f0800000, 0x00000000f0800000, 0x00000000f21a0000)
  from space 3264K,  68% used [0x00000000f21a0000, 0x00000000f23ce8f8, 0x00000000f24d0000)
  to   space 3264K,   0% used [0x00000000f24d0000, 0x00000000f24d0000, 0x00000000f2800000)
 concurrent mark-sweep generation total 103744K, used 65544K [0x00000000f5a00000, 0x00000000fbf50000, 0x0000000100000000)
 Metaspace       used 99484K, capacity 103296K, committed 103576K, reserved 1138688K
  class space    used 12877K, capacity 13642K, committed 13720K, reserved 1048576K
}
2019-10-16T14:17:45.334+0000: 65.186: Total time for which application threads were stopped: 0.0201177 seconds, Stopping threads took: 0.0000354 seconds
{Heap before GC invocations=863 (full 11):
 par new generation   total 29504K, used 28474K [0x00000000f0800000, 0x00000000f2800000, 0x00000000f5a00000)
  eden space 26240K, 100% used [0x00000000f0800000, 0x00000000f21a0000, 0x00000000f21a0000)
  from space 3264K,  68% used [0x00000000f21a0000, 0x00000000f23ce8f8, 0x00000000f24d0000)
  to   space 3264K,   0% used [0x00000000f24d0000, 0x00000000f24d0000, 0x00000000f2800000)
 concurrent mark-sweep generation total 103744K, used 65544K [0x00000000f5a00000, 0x00000000fbf50000, 0x0000000100000000)
 Metaspace       used 99662K, capacity 103534K, committed 103576K, reserved 1138688K
  class space    used 12912K, capacity 13679K, committed 13720K, reserved 1048576K
2019-10-16T14:17:45.454+0000: 65.306: [GC (Allocation Failure) 2019-10-16T14:17:45.454+0000: 65.306: [ParNew
Desired survivor size 1671168 bytes, new threshold 6 (max 6)
- age   1:     246704 bytes,     246704 total
- age   2:      70832 bytes,     317536 total
- age   3:     199024 bytes,     516560 total
- age   4:     361296 bytes,     877856 total
- age   5:     779096 bytes,    1656952 total
: 28474K->2663K(29504K), 0.0177195 secs] 94019K->68208K(133248K), 0.0178034 secs] [Times: user=0.02 sys=0.00, real=0.02 secs] 
Heap after GC invocations=864 (full 11):
 par new generation   total 29504K, used 2663K [0x00000000f0800000, 0x00000000f2800000, 0x00000000f5a00000)
  eden space 26240K,   0% used [0x00000000f0800000, 0x00000000f0800000, 0x00000000f21a0000)
  from space 3264K,  81% used [0x00000000f24d0000, 0x00000000f2769e00, 0x00000000f2800000)
  to   space 3264K,   0% used [0x00000000f21a0000, 0x00000000f21a0000, 0x00000000f24d0000)
 concurrent mark-sweep generation total 103744K, used 65544K [0x00000000f5a00000, 0x00000000fbf50000, 0x0000000100000000)
 Metaspace       used 99662K, capacity 103534K, committed 103576K, reserved 1138688K
  class space    used 12912K, capacity 13679K, committed 13720K, reserved 1048576K
}
2019-10-16T14:17:45.472+0000: 65.324: Total time for which application threads were stopped: 0.0179903 seconds, Stopping threads took: 0.0000335 seconds
{Heap before GC invocations=864 (full 11):
 par new generation   total 29504K, used 28903K [0x00000000f0800000, 0x00000000f2800000, 0x00000000f5a00000)
  eden space 26240K, 100% used [0x00000000f0800000, 0x00000000f21a0000, 0x00000000f21a0000)
  from space 3264K,  81% used [0x00000000f24d0000, 0x00000000f2769e00, 0x00000000f2800000)
  to   space 3264K,   0% used [0x00000000f21a0000, 0x00000000f21a0000, 0x00000000f24d0000)
 concurrent mark-sweep generation total 103744K, used 65544K [0x00000000f5a00000, 0x00000000fbf50000, 0x0000000100000000)
 Metaspace       used 99811K, capacity 103696K, committed 103832K, reserved 1138688K
  class space    used 12936K, capacity 13712K, committed 13720K, reserved 1048576K
2019-10-16T14:17:45.567+0000: 65.419: [GC (Allocation Failure) 2019-10-16T14:17:45.567+0000: 65.419: [ParNew
Desired survivor size 1671168 bytes, new threshold 6 (max 6)
- age   1:     270432 bytes,     270432 total
- age   2:     228552 bytes,     498984 total
- age   3:      70832 bytes,     569816 total
- age   4:     197400 bytes,     767216 total
- age   5:     361296 bytes,    1128512 total
- age   6:     779096 bytes,    1907608 total
: 28903K->3083K(29504K), 0.0193916 secs] 94448K->68628K(133248K), 0.0194632 secs] [Times: user=0.02 sys=0.00, real=0.02 secs] 
Heap after GC invocations=865 (full 11):
 par new generation   total 29504K, used 3083K [0x00000000f0800000, 0x00000000f2800000, 0x00000000f5a00000)
  eden space 26240K,   0% used [0x00000000f0800000, 0x00000000f0800000, 0x00000000f21a0000)
  from space 3264K,  94% used [0x00000000f21a0000, 0x00000000f24a2c50, 0x00000000f24d0000)
  to   space 3264K,   0% used [0x00000000f24d0000, 0x00000000f24d0000, 0x00000000f2800000)
 concurrent mark-sweep generation total 103744K, used 65544K [0x00000000f5a00000, 0x00000000fbf50000, 0x0000000100000000)
 Metaspace       used 99811K, capacity 103696K, committed 103832K, reserved 1138688K
  class space    used 12936K, capacity 13712K, committed 13720K, reserved 1048576K
}
2019-10-16T14:17:45.587+0000: 65.439: Total time for which application threads were stopped: 0.0196459 seconds, Stopping threads took: 0.0000331 seconds
2019-10-16T14:17:45.627+0000: 65.479: Total time for which application threads were stopped: 0.0010060 seconds, Stopping threads took: 0.0000300 seconds
{Heap before GC invocations=865 (full 11):
 par new generation   total 29504K, used 29323K [0x00000000f0800000, 0x00000000f2800000, 0x00000000f5a00000)
  eden space 26240K, 100% used [0x00000000f0800000, 0x00000000f21a0000, 0x00000000f21a0000)
  from space 3264K,  94% used [0x00000000f21a0000, 0x00000000f24a2c50, 0x00000000f24d0000)
  to   space 3264K,   0% used [0x00000000f24d0000, 0x00000000f24d0000, 0x00000000f2800000)
 concurrent mark-sweep generation total 103744K, used 65544K [0x00000000f5a00000, 0x00000000fbf50000, 0x0000000100000000)
 Metaspace       used 100065K, capacity 103950K, committed 104216K, reserved 1140736K
  class space    used 12978K, capacity 13749K, committed 13848K, reserved 1048576K
2019-10-16T14:17:45.770+0000: 65.622: [GC (Allocation Failure) 2019-10-16T14:17:45.770+0000: 65.622: [ParNew
Desired survivor size 1671168 bytes, new threshold 6 (max 6)
- age   1:     572080 bytes,     572080 total
- age   2:     261928 bytes,     834008 total
- age   3:     228376 bytes,    1062384 total
- age   4:      70832 bytes,    1133216 total
- age   5:     197400 bytes,    1330616 total
- age   6:     358576 bytes,    1689192 total
: 29323K->1786K(29504K), 0.0196886 secs] 94868K->68128K(133248K), 0.0197566 secs] [Times: user=0.02 sys=0.00, real=0.01 secs] 
Heap after GC invocations=866 (full 11):
 par new generation   total 29504K, used 1786K [0x00000000f0800000, 0x00000000f2800000, 0x00000000f5a00000)
  eden space 26240K,   0% used [0x00000000f0800000, 0x00000000f0800000, 0x00000000f21a0000)
  from space 3264K,  54% used [0x00000000f24d0000, 0x00000000f268ea38, 0x00000000f2800000)
  to   space 3264K,   0% used [0x00000000f21a0000, 0x00000000f21a0000, 0x00000000f24d0000)
 concurrent mark-sweep generation total 103744K, used 66342K [0x00000000f5a00000, 0x00000000fbf50000, 0x0000000100000000)
 Metaspace       used 100065K, capacity 103950K, committed 104216K, reserved 1140736K
  class space    used 12978K, capacity 13749K, committed 13848K, reserved 1048576K
}
2019-10-16T14:17:45.794+0000: 65.646: Total time for which application threads were stopped: 0.0239997 seconds, Stopping threads took: 0.0000426 seconds
2019-10-16T14:17:45.863+0000: 65.715: Total time for which application threads were stopped: 0.0009259 seconds, Stopping threads took: 0.0000347 seconds
{Heap before GC invocations=866 (full 11):
 par new generation   total 29504K, used 28026K [0x00000000f0800000, 0x00000000f2800000, 0x00000000f5a00000)
  eden space 26240K, 100% used [0x00000000f0800000, 0x00000000f21a0000, 0x00000000f21a0000)
  from space 3264K,  54% used [0x00000000f24d0000, 0x00000000f268ea38, 0x00000000f2800000)
  to   space 3264K,   0% used [0x00000000f21a0000, 0x00000000f21a0000, 0x00000000f24d0000)
 concurrent mark-sweep generation total 103744K, used 66342K [0x00000000f5a00000, 0x00000000fbf50000, 0x0000000100000000)
 Metaspace       used 100250K, capacity 104112K, committed 104472K, reserved 1140736K
  class space    used 13001K, capacity 13756K, committed 13848K, reserved 1048576K
2019-10-16T14:17:45.954+0000: 65.806: [GC (Allocation Failure) 2019-10-16T14:17:45.954+0000: 65.806: [ParNew
Desired survivor size 1671168 bytes, new threshold 6 (max 6)
- age   1:     303920 bytes,     303920 total
- age   2:     558536 bytes,     862456 total
- age   3:     261688 bytes,    1124144 total
- age   4:     228376 bytes,    1352520 total
- age   5:      70832 bytes,    1423352 total
- age   6:     197400 bytes,    1620752 total
: 28026K->1679K(29504K), 0.0207254 secs] 94368K->68377K(133248K), 0.0208203 secs] [Times: user=0.02 sys=0.00, real=0.02 secs] 
Heap after GC invocations=867 (full 11):
 par new generation   total 29504K, used 1679K [0x00000000f0800000, 0x00000000f2800000, 0x00000000f5a00000)
  eden space 26240K,   0% used [0x00000000f0800000, 0x00000000f0800000, 0x00000000f21a0000)
  from space 3264K,  51% used [0x00000000f21a0000, 0x00000000f2343e88, 0x00000000f24d0000)
  to   space 3264K,   0% used [0x00000000f24d0000, 0x00000000f24d0000, 0x00000000f2800000)
 concurrent mark-sweep generation total 103744K, used 66697K [0x00000000f5a00000, 0x00000000fbf50000, 0x0000000100000000)
 Metaspace       used 100250K, capacity 104112K, committed 104472K, reserved 1140736K
  class space    used 13001K, capacity 13756K, committed 13848K, reserved 1048576K
}
2019-10-16T14:17:45.975+0000: 65.827: Total time for which application threads were stopped: 0.0210513 seconds, Stopping threads took: 0.0000389 seconds
2019-10-16T14:17:46.090+0000: 65.942: Total time for which application threads were stopped: 0.0010552 seconds, Stopping threads took: 0.0000343 seconds
{Heap before GC invocations=867 (full 11):
 par new generation   total 29504K, used 27919K [0x00000000f0800000, 0x00000000f2800000, 0x00000000f5a00000)
  eden space 26240K, 100% used [0x00000000f0800000, 0x00000000f21a0000, 0x00000000f21a0000)
  from space 3264K,  51% used [0x00000000f21a0000, 0x00000000f2343e88, 0x00000000f24d0000)
  to   space 3264K,   0% used [0x00000000f24d0000, 0x00000000f24d0000, 0x00000000f2800000)
 concurrent mark-sweep generation total 103744K, used 66697K [0x00000000f5a00000, 0x00000000fbf50000, 0x0000000100000000)
 Metaspace       used 100523K, capacity 104424K, committed 104728K, reserved 1140736K
  class space    used 13035K, capacity 13792K, committed 13848K, reserved 1048576K
2019-10-16T14:17:46.104+0000: 65.956: [GC (Allocation Failure) 2019-10-16T14:17:46.104+0000: 65.956: [ParNew
Desired survivor size 1671168 bytes, new threshold 6 (max 6)
- age   1:     251432 bytes,     251432 total
- age   2:     281416 bytes,     532848 total
- age   3:     558536 bytes,    1091384 total
- age   4:     261688 bytes,    1353072 total
- age   5:     225912 bytes,    1578984 total
- age   6:      70832 bytes,    1649816 total
: 27919K->1611K(29504K), 0.0155810 secs] 94617K->68505K(133248K), 0.0156450 secs] [Times: user=0.01 sys=0.00, real=0.01 secs] 
Heap after GC invocations=868 (full 11):
 par new generation   total 29504K, used 1611K [0x00000000f0800000, 0x00000000f2800000, 0x00000000f5a00000)
  eden space 26240K,   0% used [0x00000000f0800000, 0x00000000f0800000, 0x00000000f21a0000)
  from space 3264K,  49% used [0x00000000f24d0000, 0x00000000f2662cd8, 0x00000000f2800000)
  to   space 3264K,   0% used [0x00000000f21a0000, 0x00000000f21a0000, 0x00000000f24d0000)
 concurrent mark-sweep generation total 103744K, used 66893K [0x00000000f5a00000, 0x00000000fbf50000, 0x0000000100000000)
 Metaspace       used 100523K, capacity 104424K, committed 104728K, reserved 1140736K
  class space    used 13035K, capacity 13792K, committed 13848K, reserved 1048576K
}
2019-10-16T14:17:46.120+0000: 65.972: Total time for which application threads were stopped: 0.0158126 seconds, Stopping threads took: 0.0000342 seconds
2019-10-16T14:17:46.157+0000: 66.009: Total time for which application threads were stopped: 0.0011101 seconds, Stopping threads took: 0.0000243 seconds
{Heap before GC invocations=868 (full 11):
 par new generation   total 29504K, used 27851K [0x00000000f0800000, 0x00000000f2800000, 0x00000000f5a00000)
  eden space 26240K, 100% used [0x00000000f0800000, 0x00000000f21a0000, 0x00000000f21a0000)
  from space 3264K,  49% used [0x00000000f24d0000, 0x00000000f2662cd8, 0x00000000f2800000)
  to   space 3264K,   0% used [0x00000000f21a0000, 0x00000000f21a0000, 0x00000000f24d0000)
 concurrent mark-sweep generation total 103744K, used 66893K [0x00000000f5a00000, 0x00000000fbf50000, 0x0000000100000000)
 Metaspace       used 100778K, capacity 104750K, committed 104984K, reserved 1140736K
  class space    used 13076K, capacity 13841K, committed 13848K, reserved 1048576K
2019-10-16T14:17:46.264+0000: 66.116: [GC (Allocation Failure) 2019-10-16T14:17:46.264+0000: 66.116: [ParNew
Desired survivor size 1671168 bytes, new threshold 6 (max 6)
- age   1:     200776 bytes,     200776 total
- age   2:     226528 bytes,     427304 total
- age   3:     277864 bytes,     705168 total
- age   4:     558392 bytes,    1263560 total
- age   5:     261688 bytes,    1525248 total
- age   6:     225912 bytes,    1751160 total
: 27851K->3215K(29504K), 0.0150369 secs] 94745K->70180K(133248K), 0.0151195 secs] [Times: user=0.02 sys=0.00, real=0.01 secs] 
Heap after GC invocations=869 (full 11):
 par new generation   total 29504K, used 3215K [0x00000000f0800000, 0x00000000f2800000, 0x00000000f5a00000)
  eden space 26240K,   0% used [0x00000000f0800000, 0x00000000f0800000, 0x00000000f21a0000)
  from space 3264K,  98% used [0x00000000f21a0000, 0x00000000f24c3dd0, 0x00000000f24d0000)
  to   space 3264K,   0% used [0x00000000f24d0000, 0x00000000f24d0000, 0x00000000f2800000)
 concurrent mark-sweep generation total 103744K, used 66965K [0x00000000f5a00000, 0x00000000fbf50000, 0x0000000100000000)
 Metaspace       used 100778K, capacity 104750K, committed 104984K, reserved 1140736K
  class space    used 13076K, capacity 13841K, committed 13848K, reserved 1048576K
}
2019-10-16T14:17:46.279+0000: 66.131: Total time for which application threads were stopped: 0.0153074 seconds, Stopping threads took: 0.0000338 seconds
{Heap before GC invocations=869 (full 11):
 par new generation   total 29504K, used 29455K [0x00000000f0800000, 0x00000000f2800000, 0x00000000f5a00000)
  eden space 26240K, 100% used [0x00000000f0800000, 0x00000000f21a0000, 0x00000000f21a0000)
  from space 3264K,  98% used [0x00000000f21a0000, 0x00000000f24c3dd0, 0x00000000f24d0000)
  to   space 3264K,   0% used [0x00000000f24d0000, 0x00000000f24d0000, 0x00000000f2800000)
 concurrent mark-sweep generation total 103744K, used 66965K [0x00000000f5a00000, 0x00000000fbf50000, 0x0000000100000000)
 Metaspace       used 101033K, capacity 104998K, committed 105112K, reserved 1140736K
  class space    used 13113K, capacity 13877K, committed 13976K, reserved 1048576K
2019-10-16T14:17:46.462+0000: 66.314: [GC (Allocation Failure) 2019-10-16T14:17:46.462+0000: 66.314: [ParNew
Desired survivor size 1671168 bytes, new threshold 6 (max 6)
- age   1:     274808 bytes,     274808 total
- age   2:     172024 bytes,     446832 total
- age   3:     226128 bytes,     672960 total
- age   4:     277144 bytes,     950104 total
- age   5:     555720 bytes,    1505824 total
- age   6:     261688 bytes,    1767512 total
: 29455K->2085K(29504K), 0.0171490 secs] 96420K->69274K(133248K), 0.0172371 secs] [Times: user=0.02 sys=0.00, real=0.01 secs] 
Heap after GC invocations=870 (full 11):
 par new generation   total 29504K, used 2085K [0x00000000f0800000, 0x00000000f2800000, 0x00000000f5a00000)
  eden space 26240K,   0% used [0x00000000f0800000, 0x00000000f0800000, 0x00000000f21a0000)
  from space 3264K,  63% used [0x00000000f24d0000, 0x00000000f26d9550, 0x00000000f2800000)
  to   space 3264K,   0% used [0x00000000f21a0000, 0x00000000f21a0000, 0x00000000f24d0000)
 concurrent mark-sweep generation total 103744K, used 67189K [0x00000000f5a00000, 0x00000000fbf50000, 0x0000000100000000)
 Metaspace       used 101033K, capacity 104998K, committed 105112K, reserved 1140736K
  class space    used 13113K, capacity 13877K, committed 13976K, reserved 1048576K
}
2019-10-16T14:17:46.480+0000: 66.332: Total time for which application threads were stopped: 0.0174323 seconds, Stopping threads took: 0.0000363 seconds
2019-10-16T14:17:46.493+0000: 66.345: Total time for which application threads were stopped: 0.0010131 seconds, Stopping threads took: 0.0000141 seconds
{Heap before GC invocations=870 (full 11):
 par new generation   total 29504K, used 28325K [0x00000000f0800000, 0x00000000f2800000, 0x00000000f5a00000)
  eden space 26240K, 100% used [0x00000000f0800000, 0x00000000f21a0000, 0x00000000f21a0000)
  from space 3264K,  63% used [0x00000000f24d0000, 0x00000000f26d9550, 0x00000000f2800000)
  to   space 3264K,   0% used [0x00000000f21a0000, 0x00000000f21a0000, 0x00000000f24d0000)
 concurrent mark-sweep generation total 103744K, used 67189K [0x00000000f5a00000, 0x00000000fbf50000, 0x0000000100000000)
 Metaspace       used 101577K, capacity 105552K, committed 105624K, reserved 1140736K
  class space    used 13176K, capacity 13954K, committed 13976K, reserved 1048576K
2019-10-16T14:17:46.674+0000: 66.526: [GC (Allocation Failure) 2019-10-16T14:17:46.674+0000: 66.526: [ParNew
Desired survivor size 1671168 bytes, new threshold 6 (max 6)
- age   1:     408464 bytes,     408464 total
- age   2:     258672 bytes,     667136 total
- age   3:     171832 bytes,     838968 total
- age   4:     226128 bytes,    1065096 total
- age   5:     277144 bytes,    1342240 total
- age   6:     555240 bytes,    1897480 total
: 28325K->3109K(29504K), 0.0169663 secs] 95514K->70556K(133248K), 0.0170332 secs] [Times: user=0.02 sys=0.00, real=0.02 secs] 
Heap after GC invocations=871 (full 11):
 par new generation   total 29504K, used 3109K [0x00000000f0800000, 0x00000000f2800000, 0x00000000f5a00000)
  eden space 26240K,   0% used [0x00000000f0800000, 0x00000000f0800000, 0x00000000f21a0000)
  from space 3264K,  95% used [0x00000000f21a0000, 0x00000000f24a9420, 0x00000000f24d0000)
  to   space 3264K,   0% used [0x00000000f24d0000, 0x00000000f24d0000, 0x00000000f2800000)
 concurrent mark-sweep generation total 103744K, used 67447K [0x00000000f5a00000, 0x00000000fbf50000, 0x0000000100000000)
 Metaspace       used 101577K, capacity 105552K, committed 105624K, reserved 1140736K
  class space    used 13176K, capacity 13954K, committed 13976K, reserved 1048576K
}
2019-10-16T14:17:46.691+0000: 66.543: Total time for which application threads were stopped: 0.0172350 seconds, Stopping threads took: 0.0000340 seconds
{Heap before GC invocations=871 (full 11):
 par new generation   total 29504K, used 29349K [0x00000000f0800000, 0x00000000f2800000, 0x00000000f5a00000)
  eden space 26240K, 100% used [0x00000000f0800000, 0x00000000f21a0000, 0x00000000f21a0000)
  from space 3264K,  95% used [0x00000000f21a0000, 0x00000000f24a9420, 0x00000000f24d0000)
  to   space 3264K,   0% used [0x00000000f24d0000, 0x00000000f24d0000, 0x00000000f2800000)
 concurrent mark-sweep generation total 103744K, used 67447K [0x00000000f5a00000, 0x00000000fbf50000, 0x0000000100000000)
 Metaspace       used 101954K, capacity 106176K, committed 106264K, reserved 1140736K
  class space    used 13252K, capacity 14038K, committed 14104K, reserved 1048576K
2019-10-16T14:17:46.871+0000: 66.723: [GC (Allocation Failure) 2019-10-16T14:17:46.871+0000: 66.723: [ParNew
Desired survivor size 1671168 bytes, new threshold 6 (max 6)
- age   1:     452936 bytes,     452936 total
- age   2:     378456 bytes,     831392 total
- age   3:     258496 bytes,    1089888 total
- age   4:     171832 bytes,    1261720 total
- age   5:     226032 bytes,    1487752 total
- age   6:     277048 bytes,    1764800 total
: 29349K->2168K(29504K), 0.0228619 secs] 96796K->70165K(133248K), 0.0229458 secs] [Times: user=0.03 sys=0.00, real=0.02 secs] 
Heap after GC invocations=872 (full 11):
 par new generation   total 29504K, used 2168K [0x00000000f0800000, 0x00000000f2800000, 0x00000000f5a00000)
  eden space 26240K,   0% used [0x00000000f0800000, 0x00000000f0800000, 0x00000000f21a0000)
  from space 3264K,  66% used [0x00000000f24d0000, 0x00000000f26ee1b0, 0x00000000f2800000)
  to   space 3264K,   0% used [0x00000000f21a0000, 0x00000000f21a0000, 0x00000000f24d0000)
 concurrent mark-sweep generation total 103744K, used 67997K [0x00000000f5a00000, 0x00000000fbf50000, 0x0000000100000000)
 Metaspace       used 101954K, capacity 106176K, committed 106264K, reserved 1140736K
  class space    used 13252K, capacity 14038K, committed 14104K, reserved 1048576K
}
2019-10-16T14:17:46.894+0000: 66.746: Total time for which application threads were stopped: 0.0231254 seconds, Stopping threads took: 0.0000296 seconds
2019-10-16T14:17:46.993+0000: 66.845: Total time for which application threads were stopped: 0.0011427 seconds, Stopping threads took: 0.0000206 seconds
{Heap before GC invocations=872 (full 11):
 par new generation   total 29504K, used 28408K [0x00000000f0800000, 0x00000000f2800000, 0x00000000f5a00000)
  eden space 26240K, 100% used [0x00000000f0800000, 0x00000000f21a0000, 0x00000000f21a0000)
  from space 3264K,  66% used [0x00000000f24d0000, 0x00000000f26ee1b0, 0x00000000f2800000)
  to   space 3264K,   0% used [0x00000000f21a0000, 0x00000000f21a0000, 0x00000000f24d0000)
 concurrent mark-sweep generation total 103744K, used 67997K [0x00000000f5a00000, 0x00000000fbf50000, 0x0000000100000000)
 Metaspace       used 102557K, capacity 106790K, committed 106904K, reserved 1142784K
  class space    used 13341K, capacity 14136K, committed 14232K, reserved 1048576K
2019-10-16T14:17:47.082+0000: 66.934: [GC (Allocation Failure) 2019-10-16T14:17:47.082+0000: 66.934: [ParNew
Desired survivor size 1671168 bytes, new threshold 6 (max 6)
- age   1:     216656 bytes,     216656 total
- age   2:     410992 bytes,     627648 total
- age   3:     378424 bytes,    1006072 total
- age   4:     258496 bytes,    1264568 total
- age   5:     171832 bytes,    1436400 total
- age   6:     226032 bytes,    1662432 total
: 28408K->3125K(29504K), 0.0135012 secs] 96405K->71398K(133248K), 0.0135699 secs] [Times: user=0.02 sys=0.00, real=0.01 secs] 
Heap after GC invocations=873 (full 11):
 par new generation   total 29504K, used 3125K [0x00000000f0800000, 0x00000000f2800000, 0x00000000f5a00000)
  eden space 26240K,   0% used [0x00000000f0800000, 0x00000000f0800000, 0x00000000f21a0000)
  from space 3264K,  95% used [0x00000000f21a0000, 0x00000000f24ad730, 0x00000000f24d0000)
  to   space 3264K,   0% used [0x00000000f24d0000, 0x00000000f24d0000, 0x00000000f2800000)
 concurrent mark-sweep generation total 103744K, used 68272K [0x00000000f5a00000, 0x00000000fbf50000, 0x0000000100000000)
 Metaspace       used 102557K, capacity 106790K, committed 106904K, reserved 1142784K
  class space    used 13341K, capacity 14136K, committed 14232K, reserved 1048576K
}
2019-10-16T14:17:47.096+0000: 66.948: Total time for which application threads were stopped: 0.0137621 seconds, Stopping threads took: 0.0000341 seconds
{Heap before GC invocations=873 (full 11):
 par new generation   total 29504K, used 29365K [0x00000000f0800000, 0x00000000f2800000, 0x00000000f5a00000)
  eden space 26240K, 100% used [0x00000000f0800000, 0x00000000f21a0000, 0x00000000f21a0000)
  from space 3264K,  95% used [0x00000000f21a0000, 0x00000000f24ad730, 0x00000000f24d0000)
  to   space 3264K,   0% used [0x00000000f24d0000, 0x00000000f24d0000, 0x00000000f2800000)
 concurrent mark-sweep generation total 103744K, used 68272K [0x00000000f5a00000, 0x00000000fbf50000, 0x0000000100000000)
 Metaspace       used 102930K, capacity 107158K, committed 107416K, reserved 1142784K
  class space    used 13403K, capacity 14208K, committed 14232K, reserved 1048576K
2019-10-16T14:17:47.239+0000: 67.091: [GC (Allocation Failure) 2019-10-16T14:17:47.239+0000: 67.091: [ParNew
Desired survivor size 1671168 bytes, new threshold 6 (max 6)
- age   1:     345576 bytes,     345576 total
- age   2:     174152 bytes,     519728 total
- age   3:     401768 bytes,     921496 total
- age   4:     378424 bytes,    1299920 total
- age   5:     258496 bytes,    1558416 total
- age   6:     171832 bytes,    1730248 total
: 29365K->1992K(29504K), 0.0229046 secs] 97638K->70488K(133248K), 0.0229941 secs] [Times: user=0.02 sys=0.00, real=0.03 secs] 
Heap after GC invocations=874 (full 11):
 par new generation   total 29504K, used 1992K [0x00000000f0800000, 0x00000000f2800000, 0x00000000f5a00000)
  eden space 26240K,   0% used [0x00000000f0800000, 0x00000000f0800000, 0x00000000f21a0000)
  from space 3264K,  61% used [0x00000000f24d0000, 0x00000000f26c2068, 0x00000000f2800000)
  to   space 3264K,   0% used [0x00000000f21a0000, 0x00000000f21a0000, 0x00000000f24d0000)
 concurrent mark-sweep generation total 103744K, used 68496K [0x00000000f5a00000, 0x00000000fbf50000, 0x0000000100000000)
 Metaspace       used 102930K, capacity 107158K, committed 107416K, reserved 1142784K
  class space    used 13403K, capacity 14208K, committed 14232K, reserved 1048576K
}
2019-10-16T14:17:47.262+0000: 67.114: Total time for which application threads were stopped: 0.0231994 seconds, Stopping threads took: 0.0000335 seconds
{Heap before GC invocations=874 (full 11):
 par new generation   total 29504K, used 28232K [0x00000000f0800000, 0x00000000f2800000, 0x00000000f5a00000)
  eden space 26240K, 100% used [0x00000000f0800000, 0x00000000f21a0000, 0x00000000f21a0000)
  from space 3264K,  61% used [0x00000000f24d0000, 0x00000000f26c2068, 0x00000000f2800000)
  to   space 3264K,   0% used [0x00000000f21a0000, 0x00000000f21a0000, 0x00000000f24d0000)
 concurrent mark-sweep generation total 103744K, used 68496K [0x00000000f5a00000, 0x00000000fbf50000, 0x0000000100000000)
 Metaspace       used 103047K, capacity 107300K, committed 107416K, reserved 1142784K
  class space    used 13417K, capacity 14211K, committed 14232K, reserved 1048576K
2019-10-16T14:17:47.377+0000: 67.229: [GC (Allocation Failure) 2019-10-16T14:17:47.377+0000: 67.229: [ParNew
Desired survivor size 1671168 bytes, new threshold 6 (max 6)
- age   1:     368272 bytes,     368272 total
- age   2:     311768 bytes,     680040 total
- age   3:     174152 bytes,     854192 total
- age   4:     401744 bytes,    1255936 total
- age   5:     378424 bytes,    1634360 total
- age   6:     258496 bytes,    1892856 total
: 28232K->3015K(29504K), 0.0134384 secs] 96728K->71682K(133248K), 0.0135207 secs] [Times: user=0.01 sys=0.00, real=0.02 secs] 
Heap after GC invocations=875 (full 11):
 par new generation   total 29504K, used 3015K [0x00000000f0800000, 0x00000000f2800000, 0x00000000f5a00000)
  eden space 26240K,   0% used [0x00000000f0800000, 0x00000000f0800000, 0x00000000f21a0000)
  from space 3264K,  92% used [0x00000000f21a0000, 0x00000000f2491ec0, 0x00000000f24d0000)
  to   space 3264K,   0% used [0x00000000f24d0000, 0x00000000f24d0000, 0x00000000f2800000)
 concurrent mark-sweep generation total 103744K, used 68667K [0x00000000f5a00000, 0x00000000fbf50000, 0x0000000100000000)
 Metaspace       used 103047K, capacity 107300K, committed 107416K, reserved 1142784K
  class space    used 13417K, capacity 14211K, committed 14232K, reserved 1048576K
}
2019-10-16T14:17:47.390+0000: 67.243: Total time for which application threads were stopped: 0.0137065 seconds, Stopping threads took: 0.0000227 seconds
{Heap before GC invocations=875 (full 11):
 par new generation   total 29504K, used 29255K [0x00000000f0800000, 0x00000000f2800000, 0x00000000f5a00000)
  eden space 26240K, 100% used [0x00000000f0800000, 0x00000000f21a0000, 0x00000000f21a0000)
  from space 3264K,  92% used [0x00000000f21a0000, 0x00000000f2491ec0, 0x00000000f24d0000)
  to   space 3264K,   0% used [0x00000000f24d0000, 0x00000000f24d0000, 0x00000000f2800000)
 concurrent mark-sweep generation total 103744K, used 68667K [0x00000000f5a00000, 0x00000000fbf50000, 0x0000000100000000)
 Metaspace       used 103334K, capacity 107748K, committed 107800K, reserved 1142784K
  class space    used 13482K, capacity 14335K, committed 14360K, reserved 1048576K
2019-10-16T14:17:47.574+0000: 67.426: [GC (Allocation Failure) 2019-10-16T14:17:47.574+0000: 67.426: [ParNew
Desired survivor size 1671168 bytes, new threshold 3 (max 6)
- age   1:    1125920 bytes,    1125920 total
- age   2:     360224 bytes,    1486144 total
- age   3:     311768 bytes,    1797912 total
- age   4:     174152 bytes,    1972064 total
- age   5:     401144 bytes,    2373208 total
- age   6:     378424 bytes,    2751632 total
: 29255K->3264K(29504K), 0.0235499 secs] 97922K->72198K(133248K), 0.0236328 secs] [Times: user=0.02 sys=0.00, real=0.02 secs] 
Heap after GC invocations=876 (full 11):
 par new generation   total 29504K, used 3264K [0x00000000f0800000, 0x00000000f2800000, 0x00000000f5a00000)
  eden space 26240K,   0% used [0x00000000f0800000, 0x00000000f0800000, 0x00000000f21a0000)
  from space 3264K, 100% used [0x00000000f24d0000, 0x00000000f2800000, 0x00000000f2800000)
  to   space 3264K,   0% used [0x00000000f21a0000, 0x00000000f21a0000, 0x00000000f24d0000)
 concurrent mark-sweep generation total 103744K, used 68934K [0x00000000f5a00000, 0x00000000fbf50000, 0x0000000100000000)
 Metaspace       used 103334K, capacity 107748K, committed 107800K, reserved 1142784K
  class space    used 13482K, capacity 14335K, committed 14360K, reserved 1048576K
}
2019-10-16T14:17:47.598+0000: 67.450: Total time for which application threads were stopped: 0.0238283 seconds, Stopping threads took: 0.0000349 seconds
{Heap before GC invocations=876 (full 11):
 par new generation   total 29504K, used 29504K [0x00000000f0800000, 0x00000000f2800000, 0x00000000f5a00000)
  eden space 26240K, 100% used [0x00000000f0800000, 0x00000000f21a0000, 0x00000000f21a0000)
  from space 3264K, 100% used [0x00000000f24d0000, 0x00000000f2800000, 0x00000000f2800000)
  to   space 3264K,   0% used [0x00000000f21a0000, 0x00000000f21a0000, 0x00000000f24d0000)
 concurrent mark-sweep generation total 103744K, used 68934K [0x00000000f5a00000, 0x00000000fbf50000, 0x0000000100000000)
 Metaspace       used 103687K, capacity 108068K, committed 108184K, reserved 1142784K
  class space    used 13539K, capacity 14399K, committed 14488K, reserved 1048576K
2019-10-16T14:17:47.724+0000: 67.576: [GC (Allocation Failure) 2019-10-16T14:17:47.724+0000: 67.576: [ParNew
Desired survivor size 1671168 bytes, new threshold 6 (max 6)
- age   1:     174536 bytes,     174536 total
- age   2:    1102792 bytes,    1277328 total
- age   3:     360224 bytes,    1637552 total
: 29504K->2469K(29504K), 0.0296238 secs] 98438K->72667K(133248K), 0.0296990 secs] [Times: user=0.03 sys=0.00, real=0.03 secs] 
Heap after GC invocations=877 (full 11):
 par new generation   total 29504K, used 2469K [0x00000000f0800000, 0x00000000f2800000, 0x00000000f5a00000)
  eden space 26240K,   0% used [0x00000000f0800000, 0x00000000f0800000, 0x00000000f21a0000)
  from space 3264K,  75% used [0x00000000f21a0000, 0x00000000f2409428, 0x00000000f24d0000)
  to   space 3264K,   0% used [0x00000000f24d0000, 0x00000000f24d0000, 0x00000000f2800000)
 concurrent mark-sweep generation total 103744K, used 70198K [0x00000000f5a00000, 0x00000000fbf50000, 0x0000000100000000)
 Metaspace       used 103687K, capacity 108068K, committed 108184K, reserved 1142784K
  class space    used 13539K, capacity 14399K, committed 14488K, reserved 1048576K
}
2019-10-16T14:17:47.754+0000: 67.606: Total time for which application threads were stopped: 0.0298823 seconds, Stopping threads took: 0.0000324 seconds
{Heap before GC invocations=877 (full 11):
 par new generation   total 29504K, used 28709K [0x00000000f0800000, 0x00000000f2800000, 0x00000000f5a00000)
  eden space 26240K, 100% used [0x00000000f0800000, 0x00000000f21a0000, 0x00000000f21a0000)
  from space 3264K,  75% used [0x00000000f21a0000, 0x00000000f2409428, 0x00000000f24d0000)
  to   space 3264K,   0% used [0x00000000f24d0000, 0x00000000f24d0000, 0x00000000f2800000)
 concurrent mark-sweep generation total 103744K, used 70198K [0x00000000f5a00000, 0x00000000fbf50000, 0x0000000100000000)
 Metaspace       used 103988K, capacity 108368K, committed 108440K, reserved 1142784K
  class space    used 13590K, capacity 14433K, committed 14488K, reserved 1048576K
2019-10-16T14:17:47.913+0000: 67.765: [GC (Allocation Failure) 2019-10-16T14:17:47.913+0000: 67.765: [ParNew
Desired survivor size 1671168 bytes, new threshold 3 (max 6)
- age   1:     469624 bytes,     469624 total
- age   2:     138280 bytes,     607904 total
- age   3:    1095336 bytes,    1703240 total
- age   4:     360224 bytes,    2063464 total
: 28709K->3264K(29504K), 0.0143124 secs] 98907K->73474K(133248K), 0.0143936 secs] [Times: user=0.01 sys=0.00, real=0.01 secs] 
Heap after GC invocations=878 (full 11):
 par new generation   total 29504K, used 3264K [0x00000000f0800000, 0x00000000f2800000, 0x00000000f5a00000)
  eden space 26240K,   0% used [0x00000000f0800000, 0x00000000f0800000, 0x00000000f21a0000)
  from space 3264K, 100% used [0x00000000f24d0000, 0x00000000f2800000, 0x00000000f2800000)
  to   space 3264K,   0% used [0x00000000f21a0000, 0x00000000f21a0000, 0x00000000f24d0000)
 concurrent mark-sweep generation total 103744K, used 70210K [0x00000000f5a00000, 0x00000000fbf50000, 0x0000000100000000)
 Metaspace       used 103988K, capacity 108368K, committed 108440K, reserved 1142784K
  class space    used 13590K, capacity 14433K, committed 14488K, reserved 1048576K
}
2019-10-16T14:17:47.928+0000: 67.780: Total time for which application threads were stopped: 0.0146208 seconds, Stopping threads took: 0.0000360 seconds
{Heap before GC invocations=878 (full 11):
 par new generation   total 29504K, used 29504K [0x00000000f0800000, 0x00000000f2800000, 0x00000000f5a00000)
  eden space 26240K, 100% used [0x00000000f0800000, 0x00000000f21a0000, 0x00000000f21a0000)
  from space 3264K, 100% used [0x00000000f24d0000, 0x00000000f2800000, 0x00000000f2800000)
  to   space 3264K,   0% used [0x00000000f21a0000, 0x00000000f21a0000, 0x00000000f24d0000)
 concurrent mark-sweep generation total 103744K, used 70210K [0x00000000f5a00000, 0x00000000fbf50000, 0x0000000100000000)
 Metaspace       used 104245K, capacity 108628K, committed 108696K, reserved 1142784K
  class space    used 13623K, capacity 14471K, committed 14488K, reserved 1048576K
2019-10-16T14:17:48.187+0000: 68.039: [GC (Allocation Failure) 2019-10-16T14:17:48.187+0000: 68.039: [ParNew
Desired survivor size 1671168 bytes, new threshold 6 (max 6)
- age   1:     709192 bytes,     709192 total
- age   2:     459472 bytes,    1168664 total
- age   3:     138280 bytes,    1306944 total
: 29504K->1966K(29504K), 0.0202243 secs] 99714K->73612K(133248K), 0.0203124 secs] [Times: user=0.02 sys=0.00, real=0.02 secs] 
Heap after GC invocations=879 (full 11):
 par new generation   total 29504K, used 1966K [0x00000000f0800000, 0x00000000f2800000, 0x00000000f5a00000)
  eden space 26240K,   0% used [0x00000000f0800000, 0x00000000f0800000, 0x00000000f21a0000)
  from space 3264K,  60% used [0x00000000f21a0000, 0x00000000f238bae8, 0x00000000f24d0000)
  to   space 3264K,   0% used [0x00000000f24d0000, 0x00000000f24d0000, 0x00000000f2800000)
 concurrent mark-sweep generation total 103744K, used 71645K [0x00000000f5a00000, 0x00000000fbf50000, 0x0000000100000000)
 Metaspace       used 104245K, capacity 108628K, committed 108696K, reserved 1142784K
  class space    used 13623K, capacity 14471K, committed 14488K, reserved 1048576K
}
2019-10-16T14:17:48.207+0000: 68.059: Total time for which application threads were stopped: 0.0205361 seconds, Stopping threads took: 0.0000334 seconds
{Heap before GC invocations=879 (full 11):
 par new generation   total 29504K, used 28206K [0x00000000f0800000, 0x00000000f2800000, 0x00000000f5a00000)
  eden space 26240K, 100% used [0x00000000f0800000, 0x00000000f21a0000, 0x00000000f21a0000)
  from space 3264K,  60% used [0x00000000f21a0000, 0x00000000f238bae8, 0x00000000f24d0000)
  to   space 3264K,   0% used [0x00000000f24d0000, 0x00000000f24d0000, 0x00000000f2800000)
 concurrent mark-sweep generation total 103744K, used 71645K [0x00000000f5a00000, 0x00000000fbf50000, 0x0000000100000000)
 Metaspace       used 105158K, capacity 109570K, committed 109848K, reserved 1144832K
  class space    used 13726K, capacity 14572K, committed 14616K, reserved 1048576K
2019-10-16T14:17:48.494+0000: 68.346: [GC (Allocation Failure) 2019-10-16T14:17:48.494+0000: 68.346: [ParNew
Desired survivor size 1671168 bytes, new threshold 6 (max 6)
- age   1:     302024 bytes,     302024 total
- age   2:     700248 bytes,    1002272 total
- age   3:     459472 bytes,    1461744 total
- age   4:     138280 bytes,    1600024 total
: 28206K->2908K(29504K), 0.0101252 secs] 99852K->74554K(133248K), 0.0101937 secs] [Times: user=0.01 sys=0.00, real=0.01 secs] 
Heap after GC invocations=880 (full 11):
 par new generation   total 29504K, used 2908K [0x00000000f0800000, 0x00000000f2800000, 0x00000000f5a00000)
  eden space 26240K,   0% used [0x00000000f0800000, 0x00000000f0800000, 0x00000000f21a0000)
  from space 3264K,  89% used [0x00000000f24d0000, 0x00000000f27a72b0, 0x00000000f2800000)
  to   space 3264K,   0% used [0x00000000f21a0000, 0x00000000f21a0000, 0x00000000f24d0000)
 concurrent mark-sweep generation total 103744K, used 71645K [0x00000000f5a00000, 0x00000000fbf50000, 0x0000000100000000)
 Metaspace       used 105158K, capacity 109570K, committed 109848K, reserved 1144832K
  class space    used 13726K, capacity 14572K, committed 14616K, reserved 1048576K
}
2019-10-16T14:17:48.505+0000: 68.357: Total time for which application threads were stopped: 0.0103901 seconds, Stopping threads took: 0.0000319 seconds
{Heap before GC invocations=880 (full 11):
 par new generation   total 29504K, used 29148K [0x00000000f0800000, 0x00000000f2800000, 0x00000000f5a00000)
  eden space 26240K, 100% used [0x00000000f0800000, 0x00000000f21a0000, 0x00000000f21a0000)
  from space 3264K,  89% used [0x00000000f24d0000, 0x00000000f27a72b0, 0x00000000f2800000)
  to   space 3264K,   0% used [0x00000000f21a0000, 0x00000000f21a0000, 0x00000000f24d0000)
 concurrent mark-sweep generation total 103744K, used 71645K [0x00000000f5a00000, 0x00000000fbf50000, 0x0000000100000000)
 Metaspace       used 105488K, capacity 109890K, committed 110232K, reserved 1144832K
  class space    used 13775K, capacity 14636K, committed 14744K, reserved 1048576K
2019-10-16T14:17:48.676+0000: 68.528: [GC (Allocation Failure) 2019-10-16T14:17:48.676+0000: 68.528: [ParNew
Desired survivor size 1671168 bytes, new threshold 5 (max 6)
- age   1:     123496 bytes,     123496 total
- age   2:     260264 bytes,     383760 total
- age   3:     700248 bytes,    1084008 total
- age   4:     459472 bytes,    1543480 total
- age   5:     138280 bytes,    1681760 total
: 29148K->1888K(29504K), 0.0180322 secs] 100794K->73534K(133248K), 0.0181021 secs] [Times: user=0.02 sys=0.00, real=0.02 secs] 
Heap after GC invocations=881 (full 11):
 par new generation   total 29504K, used 1888K [0x00000000f0800000, 0x00000000f2800000, 0x00000000f5a00000)
  eden space 26240K,   0% used [0x00000000f0800000, 0x00000000f0800000, 0x00000000f21a0000)
  from space 3264K,  57% used [0x00000000f21a0000, 0x00000000f23783c0, 0x00000000f24d0000)
  to   space 3264K,   0% used [0x00000000f24d0000, 0x00000000f24d0000, 0x00000000f2800000)
 concurrent mark-sweep generation total 103744K, used 71645K [0x00000000f5a00000, 0x00000000fbf50000, 0x0000000100000000)
 Metaspace       used 105488K, capacity 109890K, committed 110232K, reserved 1144832K
  class space    used 13775K, capacity 14636K, committed 14744K, reserved 1048576K
}
2019-10-16T14:17:48.694+0000: 68.546: Total time for which application threads were stopped: 0.0183083 seconds, Stopping threads took: 0.0000344 seconds
{Heap before GC invocations=881 (full 11):
 par new generation   total 29504K, used 28128K [0x00000000f0800000, 0x00000000f2800000, 0x00000000f5a00000)
  eden space 26240K, 100% used [0x00000000f0800000, 0x00000000f21a0000, 0x00000000f21a0000)
  from space 3264K,  57% used [0x00000000f21a0000, 0x00000000f23783c0, 0x00000000f24d0000)
  to   space 3264K,   0% used [0x00000000f24d0000, 0x00000000f24d0000, 0x00000000f2800000)
 concurrent mark-sweep generation total 103744K, used 71645K [0x00000000f5a00000, 0x00000000fbf50000, 0x0000000100000000)
 Metaspace       used 105661K, capacity 110036K, committed 110232K, reserved 1144832K
  class space    used 13801K, capacity 14639K, committed 14744K, reserved 1048576K
2019-10-16T14:17:48.905+0000: 68.757: [GC (Allocation Failure) 2019-10-16T14:17:48.905+0000: 68.757: [ParNew
Desired survivor size 1671168 bytes, new threshold 5 (max 6)
- age   1:     162752 bytes,     162752 total
- age   2:     104560 bytes,     267312 total
- age   3:     256208 bytes,     523520 total
- age   4:     700248 bytes,    1223768 total
- age   5:     459472 bytes,    1683240 total
: 28128K->2924K(29504K), 0.0184775 secs] 99774K->74708K(133248K), 0.0185554 secs] [Times: user=0.01 sys=0.00, real=0.02 secs] 
Heap after GC invocations=882 (full 11):
 par new generation   total 29504K, used 2924K [0x00000000f0800000, 0x00000000f2800000, 0x00000000f5a00000)
  eden space 26240K,   0% used [0x00000000f0800000, 0x00000000f0800000, 0x00000000f21a0000)
  from space 3264K,  89% used [0x00000000f24d0000, 0x00000000f27ab3a0, 0x00000000f2800000)
  to   space 3264K,   0% used [0x00000000f21a0000, 0x00000000f21a0000, 0x00000000f24d0000)
 concurrent mark-sweep generation total 103744K, used 71783K [0x00000000f5a00000, 0x00000000fbf50000, 0x0000000100000000)
 Metaspace       used 105661K, capacity 110036K, committed 110232K, reserved 1144832K
  class space    used 13801K, capacity 14639K, committed 14744K, reserved 1048576K
}
2019-10-16T14:17:48.923+0000: 68.775: Total time for which application threads were stopped: 0.0187873 seconds, Stopping threads took: 0.0000458 seconds
{Heap before GC invocations=882 (full 11):
 par new generation   total 29504K, used 29164K [0x00000000f0800000, 0x00000000f2800000, 0x00000000f5a00000)
  eden space 26240K, 100% used [0x00000000f0800000, 0x00000000f21a0000, 0x00000000f21a0000)
  from space 3264K,  89% used [0x00000000f24d0000, 0x00000000f27ab3a0, 0x00000000f2800000)
  to   space 3264K,   0% used [0x00000000f21a0000, 0x00000000f21a0000, 0x00000000f24d0000)
 concurrent mark-sweep generation total 103744K, used 71783K [0x00000000f5a00000, 0x00000000fbf50000, 0x0000000100000000)
 Metaspace       used 105854K, capacity 110266K, committed 110488K, reserved 1144832K
  class space    used 13818K, capacity 14672K, committed 14744K, reserved 1048576K
2019-10-16T14:17:49.230+0000: 69.082: [GC (Allocation Failure) 2019-10-16T14:17:49.230+0000: 69.082: [ParNew
Desired survivor size 1671168 bytes, new threshold 6 (max 6)
- age   1:     256232 bytes,     256232 total
- age   2:     139512 bytes,     395744 total
- age   3:     101824 bytes,     497568 total
- age   4:     252952 bytes,     750520 total
- age   5:     700248 bytes,    1450768 total
: 29164K->1964K(29504K), 0.0220165 secs] 100948K->74202K(133248K), 0.0220885 secs] [Times: user=0.02 sys=0.00, real=0.03 secs] 
Heap after GC invocations=883 (full 11):
 par new generation   total 29504K, used 1964K [0x00000000f0800000, 0x00000000f2800000, 0x00000000f5a00000)
  eden space 26240K,   0% used [0x00000000f0800000, 0x00000000f0800000, 0x00000000f21a0000)
  from space 3264K,  60% used [0x00000000f21a0000, 0x00000000f238b040, 0x00000000f24d0000)
  to   space 3264K,   0% used [0x00000000f24d0000, 0x00000000f24d0000, 0x00000000f2800000)
 concurrent mark-sweep generation total 103744K, used 72238K [0x00000000f5a00000, 0x00000000fbf50000, 0x0000000100000000)
 Metaspace       used 105854K, capacity 110266K, committed 110488K, reserved 1144832K
  class space    used 13818K, capacity 14672K, committed 14744K, reserved 1048576K
}
2019-10-16T14:17:49.252+0000: 69.104: Total time for which application threads were stopped: 0.0223448 seconds, Stopping threads took: 0.0000364 seconds
{Heap before GC invocations=883 (full 11):
 par new generation   total 29504K, used 28204K [0x00000000f0800000, 0x00000000f2800000, 0x00000000f5a00000)
  eden space 26240K, 100% used [0x00000000f0800000, 0x00000000f21a0000, 0x00000000f21a0000)
  from space 3264K,  60% used [0x00000000f21a0000, 0x00000000f238b040, 0x00000000f24d0000)
  to   space 3264K,   0% used [0x00000000f24d0000, 0x00000000f24d0000, 0x00000000f2800000)
 concurrent mark-sweep generation total 103744K, used 72238K [0x00000000f5a00000, 0x00000000fbf50000, 0x0000000100000000)
 Metaspace       used 105941K, capacity 110360K, committed 110488K, reserved 1144832K
  class space    used 13822K, capacity 14677K, committed 14744K, reserved 1048576K
2019-10-16T14:17:49.539+0000: 69.391: [GC (Allocation Failure) 2019-10-16T14:17:49.539+0000: 69.391: [ParNew
Desired survivor size 1671168 bytes, new threshold 6 (max 6)
- age   1:     216768 bytes,     216768 total
- age   2:     233008 bytes,     449776 total
- age   3:     138896 bytes,     588672 total
- age   4:     101824 bytes,     690496 total
- age   5:     252912 bytes,     943408 total
- age   6:     700248 bytes,    1643656 total
: 28204K->2608K(29504K), 0.0109544 secs] 100442K->74846K(133248K), 0.0110330 secs] [Times: user=0.02 sys=0.00, real=0.01 secs] 
Heap after GC invocations=884 (full 11):
 par new generation   total 29504K, used 2608K [0x00000000f0800000, 0x00000000f2800000, 0x00000000f5a00000)
  eden space 26240K,   0% used [0x00000000f0800000, 0x00000000f0800000, 0x00000000f21a0000)
  from space 3264K,  79% used [0x00000000f24d0000, 0x00000000f275c080, 0x00000000f2800000)
  to   space 3264K,   0% used [0x00000000f21a0000, 0x00000000f21a0000, 0x00000000f24d0000)
 concurrent mark-sweep generation total 103744K, used 72238K [0x00000000f5a00000, 0x00000000fbf50000, 0x0000000100000000)
 Metaspace       used 105941K, capacity 110360K, committed 110488K, reserved 1144832K
  class space    used 13822K, capacity 14677K, committed 14744K, reserved 1048576K
}
2019-10-16T14:17:49.550+0000: 69.402: Total time for which application threads were stopped: 0.0112380 seconds, Stopping threads took: 0.0000338 seconds
{Heap before GC invocations=884 (full 11):
 par new generation   total 29504K, used 28848K [0x00000000f0800000, 0x00000000f2800000, 0x00000000f5a00000)
  eden space 26240K, 100% used [0x00000000f0800000, 0x00000000f21a0000, 0x00000000f21a0000)
  from space 3264K,  79% used [0x00000000f24d0000, 0x00000000f275c080, 0x00000000f2800000)
  to   space 3264K,   0% used [0x00000000f21a0000, 0x00000000f21a0000, 0x00000000f24d0000)
 concurrent mark-sweep generation total 103744K, used 72238K [0x00000000f5a00000, 0x00000000fbf50000, 0x0000000100000000)
 Metaspace       used 106013K, capacity 110448K, committed 110744K, reserved 1144832K
  class space    used 13825K, capacity 14681K, committed 14744K, reserved 1048576K
2019-10-16T14:17:49.836+0000: 69.688: [GC (Allocation Failure) 2019-10-16T14:17:49.836+0000: 69.688: [ParNew
Desired survivor size 1671168 bytes, new threshold 6 (max 6)
- age   1:     164544 bytes,     164544 total
- age   2:     205224 bytes,     369768 total
- age   3:     232760 bytes,     602528 total
- age   4:     138864 bytes,     741392 total
- age   5:     100160 bytes,     841552 total
- age   6:     252640 bytes,    1094192 total
: 28848K->1530K(29504K), 0.0151070 secs] 101086K->74459K(133248K), 0.0151684 secs] [Times: user=0.02 sys=0.00, real=0.02 secs] 
Heap after GC invocations=885 (full 11):
 par new generation   total 29504K, used 1530K [0x00000000f0800000, 0x00000000f2800000, 0x00000000f5a00000)
  eden space 26240K,   0% used [0x00000000f0800000, 0x00000000f0800000, 0x00000000f21a0000)
  from space 3264K,  46% used [0x00000000f21a0000, 0x00000000f231e9d0, 0x00000000f24d0000)
  to   space 3264K,   0% used [0x00000000f24d0000, 0x00000000f24d0000, 0x00000000f2800000)
 concurrent mark-sweep generation total 103744K, used 72929K [0x00000000f5a00000, 0x00000000fbf50000, 0x0000000100000000)
 Metaspace       used 106013K, capacity 110448K, committed 110744K, reserved 1144832K
  class space    used 13825K, capacity 14681K, committed 14744K, reserved 1048576K
}
2019-10-16T14:17:49.851+0000: 69.703: Total time for which application threads were stopped: 0.0153888 seconds, Stopping threads took: 0.0000244 seconds
{Heap before GC invocations=885 (full 11):
 par new generation   total 29504K, used 27770K [0x00000000f0800000, 0x00000000f2800000, 0x00000000f5a00000)
  eden space 26240K, 100% used [0x00000000f0800000, 0x00000000f21a0000, 0x00000000f21a0000)
  from space 3264K,  46% used [0x00000000f21a0000, 0x00000000f231e9d0, 0x00000000f24d0000)
  to   space 3264K,   0% used [0x00000000f24d0000, 0x00000000f24d0000, 0x00000000f2800000)
 concurrent mark-sweep generation total 103744K, used 72929K [0x00000000f5a00000, 0x00000000fbf50000, 0x0000000100000000)
 Metaspace       used 106054K, capacity 110512K, committed 110744K, reserved 1144832K
  class space    used 13825K, capacity 14681K, committed 14744K, reserved 1048576K
2019-10-16T14:17:50.125+0000: 69.977: [GC (Allocation Failure) 2019-10-16T14:17:50.125+0000: 69.977: [ParNew
Desired survivor size 1671168 bytes, new threshold 6 (max 6)
- age   1:     243672 bytes,     243672 total
- age   2:     151632 bytes,     395304 total
- age   3:     204264 bytes,     599568 total
- age   4:     232576 bytes,     832144 total
- age   5:     138816 bytes,     970960 total
- age   6:     100160 bytes,    1071120 total
: 27770K->1185K(29504K), 0.0126083 secs] 100699K->74365K(133248K), 0.0126897 secs] [Times: user=0.01 sys=0.00, real=0.01 secs] 
Heap after GC invocations=886 (full 11):
 par new generation   total 29504K, used 1185K [0x00000000f0800000, 0x00000000f2800000, 0x00000000f5a00000)
  eden space 26240K,   0% used [0x00000000f0800000, 0x00000000f0800000, 0x00000000f21a0000)
  from space 3264K,  36% used [0x00000000f24d0000, 0x00000000f25f8410, 0x00000000f2800000)
  to   space 3264K,   0% used [0x00000000f21a0000, 0x00000000f21a0000, 0x00000000f24d0000)
 concurrent mark-sweep generation total 103744K, used 73180K [0x00000000f5a00000, 0x00000000fbf50000, 0x0000000100000000)
 Metaspace       used 106054K, capacity 110512K, committed 110744K, reserved 1144832K
  class space    used 13825K, capacity 14681K, committed 14744K, reserved 1048576K
}
2019-10-16T14:17:50.138+0000: 69.990: Total time for which application threads were stopped: 0.0128789 seconds, Stopping threads took: 0.0000351 seconds
{Heap before GC invocations=886 (full 11):
 par new generation   total 29504K, used 27425K [0x00000000f0800000, 0x00000000f2800000, 0x00000000f5a00000)
  eden space 26240K, 100% used [0x00000000f0800000, 0x00000000f21a0000, 0x00000000f21a0000)
  from space 3264K,  36% used [0x00000000f24d0000, 0x00000000f25f8410, 0x00000000f2800000)
  to   space 3264K,   0% used [0x00000000f21a0000, 0x00000000f21a0000, 0x00000000f24d0000)
 concurrent mark-sweep generation total 103744K, used 73180K [0x00000000f5a00000, 0x00000000fbf50000, 0x0000000100000000)
 Metaspace       used 106090K, capacity 110512K, committed 110744K, reserved 1144832K
  class space    used 13825K, capacity 14681K, committed 14744K, reserved 1048576K
2019-10-16T14:17:50.396+0000: 70.248: [GC (Allocation Failure) 2019-10-16T14:17:50.396+0000: 70.248: [ParNew
Desired survivor size 1671168 bytes, new threshold 6 (max 6)
- age   1:     214952 bytes,     214952 total
- age   2:     178080 bytes,     393032 total
- age   3:     150768 bytes,     543800 total
- age   4:     204024 bytes,     747824 total
- age   5:     232360 bytes,     980184 total
- age   6:     138776 bytes,    1118960 total
: 27425K->2156K(29504K), 0.0115884 secs] 100605K->75437K(133248K), 0.0116534 secs] [Times: user=0.02 sys=0.00, real=0.01 secs] 
Heap after GC invocations=887 (full 11):
 par new generation   total 29504K, used 2156K [0x00000000f0800000, 0x00000000f2800000, 0x00000000f5a00000)
  eden space 26240K,   0% used [0x00000000f0800000, 0x00000000f0800000, 0x00000000f21a0000)
  from space 3264K,  66% used [0x00000000f21a0000, 0x00000000f23bb1f0, 0x00000000f24d0000)
  to   space 3264K,   0% used [0x00000000f24d0000, 0x00000000f24d0000, 0x00000000f2800000)
 concurrent mark-sweep generation total 103744K, used 73281K [0x00000000f5a00000, 0x00000000fbf50000, 0x0000000100000000)
 Metaspace       used 106090K, capacity 110512K, committed 110744K, reserved 1144832K
  class space    used 13825K, capacity 14681K, committed 14744K, reserved 1048576K
}
2019-10-16T14:17:50.407+0000: 70.259: Total time for which application threads were stopped: 0.0118366 seconds, Stopping threads took: 0.0000346 seconds
{Heap before GC invocations=887 (full 11):
 par new generation   total 29504K, used 28396K [0x00000000f0800000, 0x00000000f2800000, 0x00000000f5a00000)
  eden space 26240K, 100% used [0x00000000f0800000, 0x00000000f21a0000, 0x00000000f21a0000)
  from space 3264K,  66% used [0x00000000f21a0000, 0x00000000f23bb1f0, 0x00000000f24d0000)
  to   space 3264K,   0% used [0x00000000f24d0000, 0x00000000f24d0000, 0x00000000f2800000)
 concurrent mark-sweep generation total 103744K, used 73281K [0x00000000f5a00000, 0x00000000fbf50000, 0x0000000100000000)
 Metaspace       used 106121K, capacity 110576K, committed 110744K, reserved 1144832K
  class space    used 13826K, capacity 14681K, committed 14744K, reserved 1048576K
2019-10-16T14:17:50.654+0000: 70.506: [GC (Allocation Failure) 2019-10-16T14:17:50.654+0000: 70.506: [ParNew
Desired survivor size 1671168 bytes, new threshold 6 (max 6)
- age   1:     212704 bytes,     212704 total
- age   2:     136336 bytes,     349040 total
- age   3:     177648 bytes,     526688 total
- age   4:     150264 bytes,     676952 total
- age   5:     203704 bytes,     880656 total
- age   6:     232360 bytes,    1113016 total
: 28396K->1357K(29504K), 0.0076842 secs] 101677K->74777K(133248K), 0.0117890 secs] [Times: user=0.01 sys=0.00, real=0.01 secs] 
Heap after GC invocations=888 (full 11):
 par new generation   total 29504K, used 1357K [0x00000000f0800000, 0x00000000f2800000, 0x00000000f5a00000)
  eden space 26240K,   0% used [0x00000000f0800000, 0x00000000f0800000, 0x00000000f21a0000)
  from space 3264K,  41% used [0x00000000f24d0000, 0x00000000f26235e8, 0x00000000f2800000)
  to   space 3264K,   0% used [0x00000000f21a0000, 0x00000000f21a0000, 0x00000000f24d0000)
 concurrent mark-sweep generation total 103744K, used 73420K [0x00000000f5a00000, 0x00000000fbf50000, 0x0000000100000000)
 Metaspace       used 106121K, capacity 110576K, committed 110744K, reserved 1144832K
  class space    used 13826K, capacity 14681K, committed 14744K, reserved 1048576K
}
2019-10-16T14:17:50.666+0000: 70.518: Total time for which application threads were stopped: 0.0120420 seconds, Stopping threads took: 0.0000591 seconds
{Heap before GC invocations=888 (full 11):
 par new generation   total 29504K, used 27597K [0x00000000f0800000, 0x00000000f2800000, 0x00000000f5a00000)
  eden space 26240K, 100% used [0x00000000f0800000, 0x00000000f21a0000, 0x00000000f21a0000)
  from space 3264K,  41% used [0x00000000f24d0000, 0x00000000f26235e8, 0x00000000f2800000)
  to   space 3264K,   0% used [0x00000000f21a0000, 0x00000000f21a0000, 0x00000000f24d0000)
 concurrent mark-sweep generation total 103744K, used 73420K [0x00000000f5a00000, 0x00000000fbf50000, 0x0000000100000000)
 Metaspace       used 106143K, capacity 110576K, committed 110744K, reserved 1144832K
  class space    used 13828K, capacity 14681K, committed 14744K, reserved 1048576K
2019-10-16T14:17:50.864+0000: 70.716: [GC (Allocation Failure) 2019-10-16T14:17:50.864+0000: 70.716: [ParNew
Desired survivor size 1671168 bytes, new threshold 6 (max 6)
- age   1:     204096 bytes,     204096 total
- age   2:     102408 bytes,     306504 total
- age   3:     135064 bytes,     441568 total
- age   4:     177360 bytes,     618928 total
- age   5:     150168 bytes,     769096 total
- age   6:     203536 bytes,     972632 total
: 27597K->986K(29504K), 0.0079526 secs] 101017K->74640K(133248K), 0.0080122 secs] [Times: user=0.01 sys=0.00, real=0.01 secs] 
Heap after GC invocations=889 (full 11):
 par new generation   total 29504K, used 986K [0x00000000f0800000, 0x00000000f2800000, 0x00000000f5a00000)
  eden space 26240K,   0% used [0x00000000f0800000, 0x00000000f0800000, 0x00000000f21a0000)
  from space 3264K,  30% used [0x00000000f21a0000, 0x00000000f2296af8, 0x00000000f24d0000)
  to   space 3264K,   0% used [0x00000000f24d0000, 0x00000000f24d0000, 0x00000000f2800000)
 concurrent mark-sweep generation total 103744K, used 73653K [0x00000000f5a00000, 0x00000000fbf50000, 0x0000000100000000)
 Metaspace       used 106143K, capacity 110576K, committed 110744K, reserved 1144832K
  class space    used 13828K, capacity 14681K, committed 14744K, reserved 1048576K
}
2019-10-16T14:17:50.872+0000: 70.724: Total time for which application threads were stopped: 0.0081969 seconds, Stopping threads took: 0.0000342 seconds
{Heap before GC invocations=889 (full 11):
 par new generation   total 29504K, used 27226K [0x00000000f0800000, 0x00000000f2800000, 0x00000000f5a00000)
  eden space 26240K, 100% used [0x00000000f0800000, 0x00000000f21a0000, 0x00000000f21a0000)
  from space 3264K,  30% used [0x00000000f21a0000, 0x00000000f2296af8, 0x00000000f24d0000)
  to   space 3264K,   0% used [0x00000000f24d0000, 0x00000000f24d0000, 0x00000000f2800000)
 concurrent mark-sweep generation total 103744K, used 73653K [0x00000000f5a00000, 0x00000000fbf50000, 0x0000000100000000)
 Metaspace       used 106169K, capacity 110582K, committed 110744K, reserved 1144832K
  class space    used 13828K, capacity 14682K, committed 14744K, reserved 1048576K
2019-10-16T14:17:51.105+0000: 70.957: [GC (Allocation Failure) 2019-10-16T14:17:51.105+0000: 70.957: [ParNew
Desired survivor size 1671168 bytes, new threshold 6 (max 6)
- age   1:     203120 bytes,     203120 total
- age   2:     146480 bytes,     349600 total
- age   3:     101856 bytes,     451456 total
- age   4:     135064 bytes,     586520 total
- age   5:     177144 bytes,     763664 total
- age   6:     150168 bytes,     913832 total
: 27226K->958K(29504K), 0.0076851 secs] 100880K->74815K(133248K), 0.0077512 secs] [Times: user=0.00 sys=0.00, real=0.01 secs] 
Heap after GC invocations=890 (full 11):
 par new generation   total 29504K, used 958K [0x00000000f0800000, 0x00000000f2800000, 0x00000000f5a00000)
  eden space 26240K,   0% used [0x00000000f0800000, 0x00000000f0800000, 0x00000000f21a0000)
  from space 3264K,  29% used [0x00000000f24d0000, 0x00000000f25bf8a0, 0x00000000f2800000)
  to   space 3264K,   0% used [0x00000000f21a0000, 0x00000000f21a0000, 0x00000000f24d0000)
 concurrent mark-sweep generation total 103744K, used 73857K [0x00000000f5a00000, 0x00000000fbf50000, 0x0000000100000000)
 Metaspace       used 106169K, capacity 110582K, committed 110744K, reserved 1144832K
  class space    used 13828K, capacity 14682K, committed 14744K, reserved 1048576K
}
2019-10-16T14:17:51.113+0000: 70.965: Total time for which application threads were stopped: 0.0079649 seconds, Stopping threads took: 0.0000589 seconds
{Heap before GC invocations=890 (full 11):
 par new generation   total 29504K, used 27198K [0x00000000f0800000, 0x00000000f2800000, 0x00000000f5a00000)
  eden space 26240K, 100% used [0x00000000f0800000, 0x00000000f21a0000, 0x00000000f21a0000)
  from space 3264K,  29% used [0x00000000f24d0000, 0x00000000f25bf8a0, 0x00000000f2800000)
  to   space 3264K,   0% used [0x00000000f21a0000, 0x00000000f21a0000, 0x00000000f24d0000)
 concurrent mark-sweep generation total 103744K, used 73857K [0x00000000f5a00000, 0x00000000fbf50000, 0x0000000100000000)
 Metaspace       used 106192K, capacity 110646K, committed 110744K, reserved 1144832K
  class space    used 13828K, capacity 14682K, committed 14744K, reserved 1048576K
2019-10-16T14:17:51.344+0000: 71.197: [GC (Allocation Failure) 2019-10-16T14:17:51.345+0000: 71.197: [ParNew
Desired survivor size 1671168 bytes, new threshold 6 (max 6)
- age   1:     149624 bytes,     149624 total
- age   2:     169896 bytes,     319520 total
- age   3:     145920 bytes,     465440 total
- age   4:     101424 bytes,     566864 total
- age   5:     134856 bytes,     701720 total
- age   6:     175912 bytes,     877632 total
: 27198K->908K(29504K), 0.0071502 secs] 101055K->74916K(133248K), 0.0072198 secs] [Times: user=0.01 sys=0.00, real=0.01 secs] 
Heap after GC invocations=891 (full 11):
 par new generation   total 29504K, used 908K [0x00000000f0800000, 0x00000000f2800000, 0x00000000f5a00000)
  eden space 26240K,   0% used [0x00000000f0800000, 0x00000000f0800000, 0x00000000f21a0000)
  from space 3264K,  27% used [0x00000000f21a0000, 0x00000000f2283178, 0x00000000f24d0000)
  to   space 3264K,   0% used [0x00000000f24d0000, 0x00000000f24d0000, 0x00000000f2800000)
 concurrent mark-sweep generation total 103744K, used 74007K [0x00000000f5a00000, 0x00000000fbf50000, 0x0000000100000000)
 Metaspace       used 106192K, capacity 110646K, committed 110744K, reserved 1144832K
  class space    used 13828K, capacity 14682K, committed 14744K, reserved 1048576K
}
2019-10-16T14:17:51.352+0000: 71.204: Total time for which application threads were stopped: 0.0074106 seconds, Stopping threads took: 0.0000369 seconds
{Heap before GC invocations=891 (full 11):
 par new generation   total 29504K, used 27148K [0x00000000f0800000, 0x00000000f2800000, 0x00000000f5a00000)
  eden space 26240K, 100% used [0x00000000f0800000, 0x00000000f21a0000, 0x00000000f21a0000)
  from space 3264K,  27% used [0x00000000f21a0000, 0x00000000f2283178, 0x00000000f24d0000)
  to   space 3264K,   0% used [0x00000000f24d0000, 0x00000000f24d0000, 0x00000000f2800000)
 concurrent mark-sweep generation total 103744K, used 74007K [0x00000000f5a00000, 0x00000000fbf50000, 0x0000000100000000)
 Metaspace       used 106224K, capacity 110646K, committed 110744K, reserved 1144832K
  class space    used 13828K, capacity 14682K, committed 14744K, reserved 1048576K
2019-10-16T14:17:51.586+0000: 71.438: [GC (Allocation Failure) 2019-10-16T14:17:51.586+0000: 71.438: [ParNew
Desired survivor size 1671168 bytes, new threshold 6 (max 6)
- age   1:     169632 bytes,     169632 total
- age   2:      92576 bytes,     262208 total
- age   3:     168232 bytes,     430440 total
- age   4:     145816 bytes,     576256 total
- age   5:     101360 bytes,     677616 total
- age   6:     134376 bytes,     811992 total
: 27148K->869K(29504K), 0.0073203 secs] 101156K->75054K(133248K), 0.0073913 secs] [Times: user=0.01 sys=0.00, real=0.01 secs] 
Heap after GC invocations=892 (full 11):
 par new generation   total 29504K, used 869K [0x00000000f0800000, 0x00000000f2800000, 0x00000000f5a00000)
  eden space 26240K,   0% used [0x00000000f0800000, 0x00000000f0800000, 0x00000000f21a0000)
  from space 3264K,  26% used [0x00000000f24d0000, 0x00000000f25a9798, 0x00000000f2800000)
  to   space 3264K,   0% used [0x00000000f21a0000, 0x00000000f21a0000, 0x00000000f24d0000)
 concurrent mark-sweep generation total 103744K, used 74184K [0x00000000f5a00000, 0x00000000fbf50000, 0x0000000100000000)
 Metaspace       used 106224K, capacity 110646K, committed 110744K, reserved 1144832K
  class space    used 13828K, capacity 14682K, committed 14744K, reserved 1048576K
}
2019-10-16T14:17:51.594+0000: 71.446: Total time for which application threads were stopped: 0.0075867 seconds, Stopping threads took: 0.0000349 seconds
{Heap before GC invocations=892 (full 11):
 par new generation   total 29504K, used 27109K [0x00000000f0800000, 0x00000000f2800000, 0x00000000f5a00000)
  eden space 26240K, 100% used [0x00000000f0800000, 0x00000000f21a0000, 0x00000000f21a0000)
  from space 3264K,  26% used [0x00000000f24d0000, 0x00000000f25a9798, 0x00000000f2800000)
  to   space 3264K,   0% used [0x00000000f21a0000, 0x00000000f21a0000, 0x00000000f24d0000)
 concurrent mark-sweep generation total 103744K, used 74184K [0x00000000f5a00000, 0x00000000fbf50000, 0x0000000100000000)
 Metaspace       used 106259K, capacity 110716K, committed 111000K, reserved 1144832K
  class space    used 13830K, capacity 14683K, committed 14744K, reserved 1048576K
2019-10-16T14:17:51.825+0000: 71.677: [GC (Allocation Failure) 2019-10-16T14:17:51.825+0000: 71.677: [ParNew
Desired survivor size 1671168 bytes, new threshold 6 (max 6)
- age   1:     187424 bytes,     187424 total
- age   2:      99136 bytes,     286560 total
- age   3:      92424 bytes,     378984 total
- age   4:     168104 bytes,     547088 total
- age   5:     145760 bytes,     692848 total
- age   6:     101200 bytes,     794048 total
: 27109K->812K(29504K), 0.0111124 secs] 101294K->75131K(133248K), 0.0111855 secs] [Times: user=0.01 sys=0.00, real=0.01 secs] 
Heap after GC invocations=893 (full 11):
 par new generation   total 29504K, used 812K [0x00000000f0800000, 0x00000000f2800000, 0x00000000f5a00000)
  eden space 26240K,   0% used [0x00000000f0800000, 0x00000000f0800000, 0x00000000f21a0000)
  from space 3264K,  24% used [0x00000000f21a0000, 0x00000000f226b280, 0x00000000f24d0000)
  to   space 3264K,   0% used [0x00000000f24d0000, 0x00000000f24d0000, 0x00000000f2800000)
 concurrent mark-sweep generation total 103744K, used 74318K [0x00000000f5a00000, 0x00000000fbf50000, 0x0000000100000000)
 Metaspace       used 106259K, capacity 110716K, committed 111000K, reserved 1144832K
  class space    used 13830K, capacity 14683K, committed 14744K, reserved 1048576K
}
2019-10-16T14:17:51.836+0000: 71.688: Total time for which application threads were stopped: 0.0113826 seconds, Stopping threads took: 0.0000365 seconds
{Heap before GC invocations=893 (full 11):
 par new generation   total 29504K, used 27052K [0x00000000f0800000, 0x00000000f2800000, 0x00000000f5a00000)
  eden space 26240K, 100% used [0x00000000f0800000, 0x00000000f21a0000, 0x00000000f21a0000)
  from space 3264K,  24% used [0x00000000f21a0000, 0x00000000f226b280, 0x00000000f24d0000)
  to   space 3264K,   0% used [0x00000000f24d0000, 0x00000000f24d0000, 0x00000000f2800000)
 concurrent mark-sweep generation total 103744K, used 74318K [0x00000000f5a00000, 0x00000000fbf50000, 0x0000000100000000)
 Metaspace       used 106269K, capacity 110716K, committed 111000K, reserved 1144832K
  class space    used 13830K, capacity 14683K, committed 14744K, reserved 1048576K
2019-10-16T14:17:52.066+0000: 71.918: [GC (Allocation Failure) 2019-10-16T14:17:52.066+0000: 71.918: [ParNew
Desired survivor size 1671168 bytes, new threshold 6 (max 6)
- age   1:     134472 bytes,     134472 total
- age   2:     150464 bytes,     284936 total
- age   3:      99000 bytes,     383936 total
- age   4:      92360 bytes,     476296 total
- age   5:     167784 bytes,     644080 total
- age   6:     145408 bytes,     789488 total
: 27052K->784K(29504K), 0.0068036 secs] 101371K->75204K(133248K), 0.0068619 secs] [Times: user=0.00 sys=0.00, real=0.01 secs] 
Heap after GC invocations=894 (full 11):
 par new generation   total 29504K, used 784K [0x00000000f0800000, 0x00000000f2800000, 0x00000000f5a00000)
  eden space 26240K,   0% used [0x00000000f0800000, 0x00000000f0800000, 0x00000000f21a0000)
  from space 3264K,  24% used [0x00000000f24d0000, 0x00000000f2594148, 0x00000000f2800000)
  to   space 3264K,   0% used [0x00000000f21a0000, 0x00000000f21a0000, 0x00000000f24d0000)
 concurrent mark-sweep generation total 103744K, used 74420K [0x00000000f5a00000, 0x00000000fbf50000, 0x0000000100000000)
 Metaspace       used 106269K, capacity 110716K, committed 111000K, reserved 1144832K
  class space    used 13830K, capacity 14683K, committed 14744K, reserved 1048576K
}
2019-10-16T14:17:52.073+0000: 71.925: Total time for which application threads were stopped: 0.0070692 seconds, Stopping threads took: 0.0000353 seconds
{Heap before GC invocations=894 (full 11):
 par new generation   total 29504K, used 27010K [0x00000000f0800000, 0x00000000f2800000, 0x00000000f5a00000)
  eden space 26240K,  99% used [0x00000000f0800000, 0x00000000f219c7e8, 0x00000000f21a0000)
  from space 3264K,  24% used [0x00000000f24d0000, 0x00000000f2594148, 0x00000000f2800000)
  to   space 3264K,   0% used [0x00000000f21a0000, 0x00000000f21a0000, 0x00000000f24d0000)
 concurrent mark-sweep generation total 103744K, used 74420K [0x00000000f5a00000, 0x00000000fbf50000, 0x0000000100000000)
 Metaspace       used 106317K, capacity 110780K, committed 111000K, reserved 1144832K
  class space    used 13832K, capacity 14683K, committed 14744K, reserved 1048576K
2019-10-16T14:17:52.330+0000: 72.182: [GC (Allocation Failure) 2019-10-16T14:17:52.330+0000: 72.182: [ParNew
Desired survivor size 1671168 bytes, new threshold 6 (max 6)
- age   1:     339232 bytes,     339232 total
- age   2:     101240 bytes,     440472 total
- age   3:     149472 bytes,     589944 total
- age   4:      98904 bytes,     688848 total
- age   5:      92288 bytes,     781136 total
- age   6:     167784 bytes,     948920 total
: 27010K->1547K(29504K), 0.0107985 secs] 101430K->76113K(133248K), 0.0108777 secs] [Times: user=0.01 sys=0.00, real=0.01 secs] 
Heap after GC invocations=895 (full 11):
 par new generation   total 29504K, used 1547K [0x00000000f0800000, 0x00000000f2800000, 0x00000000f5a00000)
  eden space 26240K,   0% used [0x00000000f0800000, 0x00000000f0800000, 0x00000000f21a0000)
  from space 3264K,  47% used [0x00000000f21a0000, 0x00000000f2322c28, 0x00000000f24d0000)
  to   space 3264K,   0% used [0x00000000f24d0000, 0x00000000f24d0000, 0x00000000f2800000)
 concurrent mark-sweep generation total 103744K, used 74566K [0x00000000f5a00000, 0x00000000fbf50000, 0x0000000100000000)
 Metaspace       used 106317K, capacity 110780K, committed 111000K, reserved 1144832K
  class space    used 13832K, capacity 14683K, committed 14744K, reserved 1048576K
}
2019-10-16T14:17:52.340+0000: 72.193: Total time for which application threads were stopped: 0.0110874 seconds, Stopping threads took: 0.0000342 seconds
{Heap before GC invocations=895 (full 11):
 par new generation   total 29504K, used 27729K [0x00000000f0800000, 0x00000000f2800000, 0x00000000f5a00000)
  eden space 26240K,  99% used [0x00000000f0800000, 0x00000000f21918a8, 0x00000000f21a0000)
  from space 3264K,  47% used [0x00000000f21a0000, 0x00000000f2322c28, 0x00000000f24d0000)
  to   space 3264K,   0% used [0x00000000f24d0000, 0x00000000f24d0000, 0x00000000f2800000)
 concurrent mark-sweep generation total 103744K, used 74566K [0x00000000f5a00000, 0x00000000fbf50000, 0x0000000100000000)
 Metaspace       used 106332K, capacity 110786K, committed 111000K, reserved 1144832K
  class space    used 13833K, capacity 14684K, committed 14744K, reserved 1048576K
2019-10-16T14:17:52.537+0000: 72.389: [GC (Allocation Failure) 2019-10-16T14:17:52.537+0000: 72.389: [ParNew
Desired survivor size 1671168 bytes, new threshold 6 (max 6)
- age   1:     270936 bytes,     270936 total
- age   2:     236128 bytes,     507064 total
- age   3:     101120 bytes,     608184 total
- age   4:     149400 bytes,     757584 total
- age   5:      98808 bytes,     856392 total
- age   6:      92192 bytes,     948584 total
: 27729K->1079K(29504K), 0.0096318 secs] 102295K->75813K(133248K), 0.0096996 secs] [Times: user=0.01 sys=0.00, real=0.01 secs] 
Heap after GC invocations=896 (full 11):
 par new generation   total 29504K, used 1079K [0x00000000f0800000, 0x00000000f2800000, 0x00000000f5a00000)
  eden space 26240K,   0% used [0x00000000f0800000, 0x00000000f0800000, 0x00000000f21a0000)
  from space 3264K,  33% used [0x00000000f24d0000, 0x00000000f25ddef0, 0x00000000f2800000)
  to   space 3264K,   0% used [0x00000000f21a0000, 0x00000000f21a0000, 0x00000000f24d0000)
 concurrent mark-sweep generation total 103744K, used 74733K [0x00000000f5a00000, 0x00000000fbf50000, 0x0000000100000000)
 Metaspace       used 106332K, capacity 110786K, committed 111000K, reserved 1144832K
  class space    used 13833K, capacity 14684K, committed 14744K, reserved 1048576K
}
2019-10-16T14:17:52.547+0000: 72.399: Total time for which application threads were stopped: 0.0098900 seconds, Stopping threads took: 0.0000361 seconds
{Heap before GC invocations=896 (full 11):
 par new generation   total 29504K, used 27319K [0x00000000f0800000, 0x00000000f2800000, 0x00000000f5a00000)
  eden space 26240K, 100% used [0x00000000f0800000, 0x00000000f21a0000, 0x00000000f21a0000)
  from space 3264K,  33% used [0x00000000f24d0000, 0x00000000f25ddef0, 0x00000000f2800000)
  to   space 3264K,   0% used [0x00000000f21a0000, 0x00000000f21a0000, 0x00000000f24d0000)
 concurrent mark-sweep generation total 103744K, used 74733K [0x00000000f5a00000, 0x00000000fbf50000, 0x0000000100000000)
 Metaspace       used 106349K, capacity 110786K, committed 111000K, reserved 1144832K
  class space    used 13833K, capacity 14684K, committed 14744K, reserved 1048576K
2019-10-16T14:17:52.734+0000: 72.586: [GC (Allocation Failure) 2019-10-16T14:17:52.734+0000: 72.586: [ParNew
Desired survivor size 1671168 bytes, new threshold 6 (max 6)
- age   1:      65544 bytes,      65544 total
- age   2:      69520 bytes,     135064 total
- age   3:     236016 bytes,     371080 total
- age   4:     101120 bytes,     472200 total
- age   5:     149400 bytes,     621600 total
- age   6:      98808 bytes,     720408 total
: 27319K->829K(29504K), 0.0065550 secs] 102053K->75655K(133248K), 0.0066405 secs] [Times: user=0.00 sys=0.00, real=0.00 secs] 
Heap after GC invocations=897 (full 11):
 par new generation   total 29504K, used 829K [0x00000000f0800000, 0x00000000f2800000, 0x00000000f5a00000)
  eden space 26240K,   0% used [0x00000000f0800000, 0x00000000f0800000, 0x00000000f21a0000)
  from space 3264K,  25% used [0x00000000f21a0000, 0x00000000f226f490, 0x00000000f24d0000)
  to   space 3264K,   0% used [0x00000000f24d0000, 0x00000000f24d0000, 0x00000000f2800000)
 concurrent mark-sweep generation total 103744K, used 74826K [0x00000000f5a00000, 0x00000000fbf50000, 0x0000000100000000)
 Metaspace       used 106349K, capacity 110786K, committed 111000K, reserved 1144832K
  class space    used 13833K, capacity 14684K, committed 14744K, reserved 1048576K
}
2019-10-16T14:17:52.741+0000: 72.593: Total time for which application threads were stopped: 0.0068428 seconds, Stopping threads took: 0.0000436 seconds
{Heap before GC invocations=897 (full 11):
 par new generation   total 29504K, used 27069K [0x00000000f0800000, 0x00000000f2800000, 0x00000000f5a00000)
  eden space 26240K, 100% used [0x00000000f0800000, 0x00000000f21a0000, 0x00000000f21a0000)
  from space 3264K,  25% used [0x00000000f21a0000, 0x00000000f226f490, 0x00000000f24d0000)
  to   space 3264K,   0% used [0x00000000f24d0000, 0x00000000f24d0000, 0x00000000f2800000)
 concurrent mark-sweep generation total 103744K, used 74826K [0x00000000f5a00000, 0x00000000fbf50000, 0x0000000100000000)
 Metaspace       used 106350K, capacity 110786K, committed 111000K, reserved 1144832K
  class space    used 13833K, capacity 14684K, committed 14744K, reserved 1048576K
2019-10-16T14:17:52.912+0000: 72.764: [GC (Allocation Failure) 2019-10-16T14:17:52.912+0000: 72.764: [ParNew
Desired survivor size 1671168 bytes, new threshold 6 (max 6)
- age   1:     310880 bytes,     310880 total
- age   2:      28072 bytes,     338952 total
- age   3:      69408 bytes,     408360 total
- age   4:     236016 bytes,     644376 total
- age   5:     101120 bytes,     745496 total
- age   6:     149400 bytes,     894896 total
: 27069K->1468K(29504K), 0.0095689 secs] 101895K->76393K(133248K), 0.0096438 secs] [Times: user=0.00 sys=0.00, real=0.00 secs] 
Heap after GC invocations=898 (full 11):
 par new generation   total 29504K, used 1468K [0x00000000f0800000, 0x00000000f2800000, 0x00000000f5a00000)
  eden space 26240K,   0% used [0x00000000f0800000, 0x00000000f0800000, 0x00000000f21a0000)
  from space 3264K,  44% used [0x00000000f24d0000, 0x00000000f263f108, 0x00000000f2800000)
  to   space 3264K,   0% used [0x00000000f21a0000, 0x00000000f21a0000, 0x00000000f24d0000)
 concurrent mark-sweep generation total 103744K, used 74925K [0x00000000f5a00000, 0x00000000fbf50000, 0x0000000100000000)
 Metaspace       used 106350K, capacity 110786K, committed 111000K, reserved 1144832K
  class space    used 13833K, capacity 14684K, committed 14744K, reserved 1048576K
}
2019-10-16T14:17:52.922+0000: 72.774: Total time for which application threads were stopped: 0.0098308 seconds, Stopping threads took: 0.0000349 seconds
{Heap before GC invocations=898 (full 11):
 par new generation   total 29504K, used 27708K [0x00000000f0800000, 0x00000000f2800000, 0x00000000f5a00000)
  eden space 26240K, 100% used [0x00000000f0800000, 0x00000000f21a0000, 0x00000000f21a0000)
  from space 3264K,  44% used [0x00000000f24d0000, 0x00000000f263f108, 0x00000000f2800000)
  to   space 3264K,   0% used [0x00000000f21a0000, 0x00000000f21a0000, 0x00000000f24d0000)
 concurrent mark-sweep generation total 103744K, used 74925K [0x00000000f5a00000, 0x00000000fbf50000, 0x0000000100000000)
 Metaspace       used 106353K, capacity 110786K, committed 111000K, reserved 1144832K
  class space    used 13833K, capacity 14684K, committed 14744K, reserved 1048576K
2019-10-16T14:17:53.093+0000: 72.945: [GC (Allocation Failure) 2019-10-16T14:17:53.093+0000: 72.945: [ParNew
Desired survivor size 1671168 bytes, new threshold 6 (max 6)
- age   1:      82320 bytes,      82320 total
- age   2:      31640 bytes,     113960 total
- age   3:      28072 bytes,     142032 total
- age   4:      69328 bytes,     211360 total
- age   5:     236016 bytes,     447376 total
- age   6:     101120 bytes,     548496 total
: 27708K->1022K(29504K), 0.0064659 secs] 102633K->76098K(133248K), 0.0065351 secs] [Times: user=0.01 sys=0.00, real=0.00 secs] 
Heap after GC invocations=899 (full 11):
 par new generation   total 29504K, used 1022K [0x00000000f0800000, 0x00000000f2800000, 0x00000000f5a00000)
  eden space 26240K,   0% used [0x00000000f0800000, 0x00000000f0800000, 0x00000000f21a0000)
  from space 3264K,  31% used [0x00000000f21a0000, 0x00000000f229f978, 0x00000000f24d0000)
  to   space 3264K,   0% used [0x00000000f24d0000, 0x00000000f24d0000, 0x00000000f2800000)
 concurrent mark-sweep generation total 103744K, used 75076K [0x00000000f5a00000, 0x00000000fbf50000, 0x0000000100000000)
 Metaspace       used 106353K, capacity 110786K, committed 111000K, reserved 1144832K
  class space    used 13833K, capacity 14684K, committed 14744K, reserved 1048576K
}
2019-10-16T14:17:53.099+0000: 72.951: Total time for which application threads were stopped: 0.0067118 seconds, Stopping threads took: 0.0000361 seconds
{Heap before GC invocations=899 (full 11):
 par new generation   total 29504K, used 27262K [0x00000000f0800000, 0x00000000f2800000, 0x00000000f5a00000)
  eden space 26240K, 100% used [0x00000000f0800000, 0x00000000f21a0000, 0x00000000f21a0000)
  from space 3264K,  31% used [0x00000000f21a0000, 0x00000000f229f978, 0x00000000f24d0000)
  to   space 3264K,   0% used [0x00000000f24d0000, 0x00000000f24d0000, 0x00000000f2800000)
 concurrent mark-sweep generation total 103744K, used 75076K [0x00000000f5a00000, 0x00000000fbf50000, 0x0000000100000000)
 Metaspace       used 106382K, capacity 110850K, committed 111000K, reserved 1144832K
  class space    used 13833K, capacity 14684K, committed 14744K, reserved 1048576K
2019-10-16T14:17:53.312+0000: 73.164: [GC (Allocation Failure) 2019-10-16T14:17:53.312+0000: 73.164: [ParNew
Desired survivor size 1671168 bytes, new threshold 6 (max 6)
- age   1:     135392 bytes,     135392 total
- age   2:      29776 bytes,     165168 total
- age   3:      31112 bytes,     196280 total
- age   4:      27688 bytes,     223968 total
- age   5:      68016 bytes,     291984 total
- age   6:     235768 bytes,     527752 total
: 27262K->659K(29504K), 0.0061941 secs] 102338K->75836K(133248K), 0.0062535 secs] [Times: user=0.01 sys=0.00, real=0.00 secs] 
Heap after GC invocations=900 (full 11):
 par new generation   total 29504K, used 659K [0x00000000f0800000, 0x00000000f2800000, 0x00000000f5a00000)
  eden space 26240K,   0% used [0x00000000f0800000, 0x00000000f0800000, 0x00000000f21a0000)
  from space 3264K,  20% used [0x00000000f24d0000, 0x00000000f2574ce0, 0x00000000f2800000)
  to   space 3264K,   0% used [0x00000000f21a0000, 0x00000000f21a0000, 0x00000000f24d0000)
 concurrent mark-sweep generation total 103744K, used 75177K [0x00000000f5a00000, 0x00000000fbf50000, 0x0000000100000000)
 Metaspace       used 106382K, capacity 110850K, committed 111000K, reserved 1144832K
  class space    used 13833K, capacity 14684K, committed 14744K, reserved 1048576K
}
2019-10-16T14:17:53.318+0000: 73.170: Total time for which application threads were stopped: 0.0064581 seconds, Stopping threads took: 0.0000351 seconds
{Heap before GC invocations=900 (full 11):
 par new generation   total 29504K, used 26899K [0x00000000f0800000, 0x00000000f2800000, 0x00000000f5a00000)
  eden space 26240K, 100% used [0x00000000f0800000, 0x00000000f21a0000, 0x00000000f21a0000)
  from space 3264K,  20% used [0x00000000f24d0000, 0x00000000f2574ce0, 0x00000000f2800000)
  to   space 3264K,   0% used [0x00000000f21a0000, 0x00000000f21a0000, 0x00000000f24d0000)
 concurrent mark-sweep generation total 103744K, used 75177K [0x00000000f5a00000, 0x00000000fbf50000, 0x0000000100000000)
 Metaspace       used 106389K, capacity 110850K, committed 111000K, reserved 1144832K
  class space    used 13833K, capacity 14684K, committed 14744K, reserved 1048576K
2019-10-16T14:17:53.544+0000: 73.396: [GC (Allocation Failure) 2019-10-16T14:17:53.544+0000: 73.396: [ParNew
Desired survivor size 1671168 bytes, new threshold 6 (max 6)
- age   1:     201704 bytes,     201704 total
- age   2:     119944 bytes,     321648 total
- age   3:      29776 bytes,     351424 total
- age   4:      31112 bytes,     382536 total
- age   5:      27688 bytes,     410224 total
- age   6:      67824 bytes,     478048 total
: 26899K->470K(29504K), 0.0108076 secs] 102076K->75884K(133248K), 0.0108897 secs] [Times: user=0.01 sys=0.00, real=0.01 secs] 
Heap after GC invocations=901 (full 11):
 par new generation   total 29504K, used 470K [0x00000000f0800000, 0x00000000f2800000, 0x00000000f5a00000)
  eden space 26240K,   0% used [0x00000000f0800000, 0x00000000f0800000, 0x00000000f21a0000)
  from space 3264K,  14% used [0x00000000f21a0000, 0x00000000f22159b0, 0x00000000f24d0000)
  to   space 3264K,   0% used [0x00000000f24d0000, 0x00000000f24d0000, 0x00000000f2800000)
 concurrent mark-sweep generation total 103744K, used 75414K [0x00000000f5a00000, 0x00000000fbf50000, 0x0000000100000000)
 Metaspace       used 106389K, capacity 110850K, committed 111000K, reserved 1144832K
  class space    used 13833K, capacity 14684K, committed 14744K, reserved 1048576K
}
2019-10-16T14:17:53.555+0000: 73.407: Total time for which application threads were stopped: 0.0110664 seconds, Stopping threads took: 0.0000355 seconds
2019-10-16T14:17:53.688+0000: 73.540: Total time for which application threads were stopped: 0.0011609 seconds, Stopping threads took: 0.0000342 seconds
{Heap before GC invocations=901 (full 11):
 par new generation   total 29504K, used 26710K [0x00000000f0800000, 0x00000000f2800000, 0x00000000f5a00000)
  eden space 26240K, 100% used [0x00000000f0800000, 0x00000000f21a0000, 0x00000000f21a0000)
  from space 3264K,  14% used [0x00000000f21a0000, 0x00000000f22159b0, 0x00000000f24d0000)
  to   space 3264K,   0% used [0x00000000f24d0000, 0x00000000f24d0000, 0x00000000f2800000)
 concurrent mark-sweep generation total 103744K, used 75414K [0x00000000f5a00000, 0x00000000fbf50000, 0x0000000100000000)
 Metaspace       used 106670K, capacity 111150K, committed 111256K, reserved 1146880K
  class space    used 13883K, capacity 14732K, committed 14744K, reserved 1048576K
2019-10-16T14:17:53.937+0000: 73.789: [GC (Allocation Failure) 2019-10-16T14:17:53.937+0000: 73.789: [ParNew
Desired survivor size 1671168 bytes, new threshold 6 (max 6)
- age   1:     442688 bytes,     442688 total
- age   2:     118232 bytes,     560920 total
- age   3:     118096 bytes,     679016 total
- age   4:      29776 bytes,     708792 total
- age   5:      31112 bytes,     739904 total
- age   6:      27688 bytes,     767592 total
: 26710K->936K(29504K), 0.0161543 secs] 102124K->76418K(133248K), 0.0162295 secs] [Times: user=0.02 sys=0.00, real=0.02 secs] 
Heap after GC invocations=902 (full 11):
 par new generation   total 29504K, used 936K [0x00000000f0800000, 0x00000000f2800000, 0x00000000f5a00000)
  eden space 26240K,   0% used [0x00000000f0800000, 0x00000000f0800000, 0x00000000f21a0000)
  from space 3264K,  28% used [0x00000000f24d0000, 0x00000000f25ba088, 0x00000000f2800000)
  to   space 3264K,   0% used [0x00000000f21a0000, 0x00000000f21a0000, 0x00000000f24d0000)
 concurrent mark-sweep generation total 103744K, used 75482K [0x00000000f5a00000, 0x00000000fbf50000, 0x0000000100000000)
 Metaspace       used 106670K, capacity 111150K, committed 111256K, reserved 1146880K
  class space    used 13883K, capacity 14732K, committed 14744K, reserved 1048576K
}
2019-10-16T14:17:53.953+0000: 73.805: Total time for which application threads were stopped: 0.0164243 seconds, Stopping threads took: 0.0000376 seconds
2019-10-16T14:17:54.960+0000: 74.812: Total time for which application threads were stopped: 0.0001757 seconds, Stopping threads took: 0.0000352 seconds
2019-10-16T14:17:55.961+0000: 75.813: Total time for which application threads were stopped: 0.0001401 seconds, Stopping threads took: 0.0000322 seconds
2019-10-16T14:17:56.961+0000: 76.813: Total time for which application threads were stopped: 0.0001551 seconds, Stopping threads took: 0.0000351 seconds
{Heap before GC invocations=902 (full 11):
 par new generation   total 29504K, used 27176K [0x00000000f0800000, 0x00000000f2800000, 0x00000000f5a00000)
  eden space 26240K, 100% used [0x00000000f0800000, 0x00000000f21a0000, 0x00000000f21a0000)
  from space 3264K,  28% used [0x00000000f24d0000, 0x00000000f25ba088, 0x00000000f2800000)
  to   space 3264K,   0% used [0x00000000f21a0000, 0x00000000f21a0000, 0x00000000f24d0000)
 concurrent mark-sweep generation total 103744K, used 75482K [0x00000000f5a00000, 0x00000000fbf50000, 0x0000000100000000)
 Metaspace       used 107300K, capacity 111882K, committed 112152K, reserved 1146880K
  class space    used 13965K, capacity 14850K, committed 14872K, reserved 1048576K
2019-10-16T14:17:57.256+0000: 77.108: [GC (Allocation Failure) 2019-10-16T14:17:57.256+0000: 77.108: [ParNew
Desired survivor size 1671168 bytes, new threshold 6 (max 6)
- age   1:     730864 bytes,     730864 total
- age   2:     426072 bytes,    1156936 total
- age   3:     118120 bytes,    1275056 total
- age   4:     118096 bytes,    1393152 total
- age   5:      29776 bytes,    1422928 total
- age   6:      31112 bytes,    1454040 total
: 27176K->2022K(29504K), 0.0116467 secs] 102658K->77532K(133248K), 0.0117229 secs] [Times: user=0.01 sys=0.00, real=0.01 secs] 
Heap after GC invocations=903 (full 11):
 par new generation   total 29504K, used 2022K [0x00000000f0800000, 0x00000000f2800000, 0x00000000f5a00000)
  eden space 26240K,   0% used [0x00000000f0800000, 0x00000000f0800000, 0x00000000f21a0000)
  from space 3264K,  61% used [0x00000000f21a0000, 0x00000000f23998c0, 0x00000000f24d0000)
  to   space 3264K,   0% used [0x00000000f24d0000, 0x00000000f24d0000, 0x00000000f2800000)
 concurrent mark-sweep generation total 103744K, used 75509K [0x00000000f5a00000, 0x00000000fbf50000, 0x0000000100000000)
 Metaspace       used 107300K, capacity 111882K, committed 112152K, reserved 1146880K
  class space    used 13965K, capacity 14850K, committed 14872K, reserved 1048576K
}
2019-10-16T14:17:57.268+0000: 77.120: Total time for which application threads were stopped: 0.0119441 seconds, Stopping threads took: 0.0000375 seconds
2019-10-16T14:17:58.276+0000: 78.128: Total time for which application threads were stopped: 0.0003210 seconds, Stopping threads took: 0.0000464 seconds
2019-10-16T14:17:58.409+0000: 78.261: Total time for which application threads were stopped: 0.0012654 seconds, Stopping threads took: 0.0000385 seconds
{Heap before GC invocations=903 (full 11):
 par new generation   total 29504K, used 28262K [0x00000000f0800000, 0x00000000f2800000, 0x00000000f5a00000)
  eden space 26240K, 100% used [0x00000000f0800000, 0x00000000f21a0000, 0x00000000f21a0000)
  from space 3264K,  61% used [0x00000000f21a0000, 0x00000000f23998c0, 0x00000000f24d0000)
  to   space 3264K,   0% used [0x00000000f24d0000, 0x00000000f24d0000, 0x00000000f2800000)
 concurrent mark-sweep generation total 103744K, used 75509K [0x00000000f5a00000, 0x00000000fbf50000, 0x0000000100000000)
 Metaspace       used 109489K, capacity 114006K, committed 114200K, reserved 1148928K
  class space    used 14215K, capacity 15073K, committed 15128K, reserved 1048576K
2019-10-16T14:17:58.550+0000: 78.402: [GC (Allocation Failure) 2019-10-16T14:17:58.550+0000: 78.402: [ParNew
Desired survivor size 1671168 bytes, new threshold 1 (max 6)
- age   1:    1690232 bytes,    1690232 total
- age   2:     694424 bytes,    2384656 total
- age   3:     426072 bytes,    2810728 total
- age   4:     117568 bytes,    2928296 total
- age   5:     117064 bytes,    3045360 total
- age   6:      28960 bytes,    3074320 total
: 28262K->3263K(29504K), 0.0114110 secs] 103772K->79731K(133248K), 0.0114931 secs] [Times: user=0.01 sys=0.00, real=0.01 secs] 
Heap after GC invocations=904 (full 11):
 par new generation   total 29504K, used 3263K [0x00000000f0800000, 0x00000000f2800000, 0x00000000f5a00000)
  eden space 26240K,   0% used [0x00000000f0800000, 0x00000000f0800000, 0x00000000f21a0000)
  from space 3264K,  99% used [0x00000000f24d0000, 0x00000000f27ffff8, 0x00000000f2800000)
  to   space 3264K,   0% used [0x00000000f21a0000, 0x00000000f21a0000, 0x00000000f24d0000)
 concurrent mark-sweep generation total 103744K, used 76467K [0x00000000f5a00000, 0x00000000fbf50000, 0x0000000100000000)
 Metaspace       used 109489K, capacity 114006K, committed 114200K, reserved 1148928K
  class space    used 14215K, capacity 15073K, committed 15128K, reserved 1048576K
}
2019-10-16T14:17:58.561+0000: 78.413: Total time for which application threads were stopped: 0.0117525 seconds, Stopping threads took: 0.0000412 seconds
2019-10-16T14:17:58.850+0000: 78.702: Total time for which application threads were stopped: 0.0002811 seconds, Stopping threads took: 0.0000390 seconds
2019-10-16T14:17:59.094+0000: 78.946: Total time for which application threads were stopped: 0.0002463 seconds, Stopping threads took: 0.0000416 seconds
{Heap before GC invocations=904 (full 11):
 par new generation   total 29504K, used 29503K [0x00000000f0800000, 0x00000000f2800000, 0x00000000f5a00000)
  eden space 26240K, 100% used [0x00000000f0800000, 0x00000000f21a0000, 0x00000000f21a0000)
  from space 3264K,  99% used [0x00000000f24d0000, 0x00000000f27ffff8, 0x00000000f2800000)
  to   space 3264K,   0% used [0x00000000f21a0000, 0x00000000f21a0000, 0x00000000f24d0000)
 concurrent mark-sweep generation total 103744K, used 76467K [0x00000000f5a00000, 0x00000000fbf50000, 0x0000000100000000)
 Metaspace       used 111521K, capacity 116506K, committed 116632K, reserved 1150976K
  class space    used 14478K, capacity 15502K, committed 15512K, reserved 1048576K
2019-10-16T14:17:59.755+0000: 79.607: [GC (Allocation Failure) 2019-10-16T14:17:59.755+0000: 79.607: [ParNew
Desired survivor size 1671168 bytes, new threshold 1 (max 6)
- age   1:    2284320 bytes,    2284320 total
: 29503K->2521K(29504K), 0.0191633 secs] 105971K->81122K(133248K), 0.0192482 secs] [Times: user=0.02 sys=0.00, real=0.02 secs] 
Heap after GC invocations=905 (full 11):
 par new generation   total 29504K, used 2521K [0x00000000f0800000, 0x00000000f2800000, 0x00000000f5a00000)
  eden space 26240K,   0% used [0x00000000f0800000, 0x00000000f0800000, 0x00000000f21a0000)
  from space 3264K,  77% used [0x00000000f21a0000, 0x00000000f2416578, 0x00000000f24d0000)
  to   space 3264K,   0% used [0x00000000f24d0000, 0x00000000f24d0000, 0x00000000f2800000)
 concurrent mark-sweep generation total 103744K, used 78600K [0x00000000f5a00000, 0x00000000fbf50000, 0x0000000100000000)
 Metaspace       used 111521K, capacity 116506K, committed 116632K, reserved 1150976K
  class space    used 14478K, capacity 15502K, committed 15512K, reserved 1048576K
}
2019-10-16T14:17:59.774+0000: 79.626: Total time for which application threads were stopped: 0.0196279 seconds, Stopping threads took: 0.0000481 seconds
2019-10-16T14:17:59.784+0000: 79.636: [GC (CMS Initial Mark) [1 CMS-initial-mark: 78600K(103744K)] 81641K(133248K), 0.0084516 secs] [Times: user=0.01 sys=0.00, real=0.01 secs] 
2019-10-16T14:17:59.793+0000: 79.645: Total time for which application threads were stopped: 0.0092449 seconds, Stopping threads took: 0.0006600 seconds
2019-10-16T14:17:59.802+0000: 79.654: [CMS-concurrent-mark-start]
2019-10-16T14:18:00.242+0000: 80.094: [CMS-concurrent-mark: 0.440/0.440 secs] [Times: user=0.43 sys=0.01, real=0.43 secs] 
2019-10-16T14:18:00.242+0000: 80.094: [CMS-concurrent-preclean-start]
2019-10-16T14:18:00.250+0000: 80.102: [CMS-concurrent-preclean: 0.008/0.008 secs] [Times: user=0.01 sys=0.00, real=0.01 secs] 
2019-10-16T14:18:00.250+0000: 80.102: [CMS-concurrent-abortable-preclean-start]
{Heap before GC invocations=905 (full 12):
 par new generation   total 29504K, used 28761K [0x00000000f0800000, 0x00000000f2800000, 0x00000000f5a00000)
  eden space 26240K, 100% used [0x00000000f0800000, 0x00000000f21a0000, 0x00000000f21a0000)
  from space 3264K,  77% used [0x00000000f21a0000, 0x00000000f2416578, 0x00000000f24d0000)
  to   space 3264K,   0% used [0x00000000f24d0000, 0x00000000f24d0000, 0x00000000f2800000)
 concurrent mark-sweep generation total 103744K, used 78600K [0x00000000f5a00000, 0x00000000fbf50000, 0x0000000100000000)
 Metaspace       used 112353K, capacity 118058K, committed 118168K, reserved 1150976K
  class space    used 14550K, capacity 15675K, committed 15768K, reserved 1048576K
2019-10-16T14:18:00.650+0000: 80.502: [GC (Allocation Failure) 2019-10-16T14:18:00.650+0000: 80.502: [ParNew
Desired survivor size 1671168 bytes, new threshold 6 (max 6)
- age   1:    1509056 bytes,    1509056 total
: 28761K->1762K(29504K), 0.0351015 secs] 107362K->81806K(133248K), 0.0352115 secs] [Times: user=0.03 sys=0.00, real=0.04 secs] 
Heap after GC invocations=906 (full 12):
 par new generation   total 29504K, used 1762K [0x00000000f0800000, 0x00000000f2800000, 0x00000000f5a00000)
  eden space 26240K,   0% used [0x00000000f0800000, 0x00000000f0800000, 0x00000000f21a0000)
  from space 3264K,  53% used [0x00000000f24d0000, 0x00000000f2688890, 0x00000000f2800000)
  to   space 3264K,   0% used [0x00000000f21a0000, 0x00000000f21a0000, 0x00000000f24d0000)
 concurrent mark-sweep generation total 103744K, used 80044K [0x00000000f5a00000, 0x00000000fbf50000, 0x0000000100000000)
 Metaspace       used 112353K, capacity 118058K, committed 118168K, reserved 1150976K
  class space    used 14550K, capacity 15675K, committed 15768K, reserved 1048576K
}
2019-10-16T14:18:00.685+0000: 80.537: Total time for which application threads were stopped: 0.0355389 seconds, Stopping threads took: 0.0000397 seconds
2019-10-16T14:18:01.703+0000: 81.555: Total time for which application threads were stopped: 0.0001867 seconds, Stopping threads took: 0.0000341 seconds
2019-10-16T14:18:01.823+0000: 81.675: [CMS-concurrent-abortable-preclean: 0.431/1.573 secs] [Times: user=1.23 sys=0.01, real=1.58 secs] 
2019-10-16T14:18:01.825+0000: 81.677: [GC (CMS Final Remark) [YG occupancy: 16524 K (29504 K)]2019-10-16T14:18:01.825+0000: 81.677: [Rescan (parallel) , 0.0139225 secs]2019-10-16T14:18:01.839+0000: 81.691: [weak refs processing, 0.0001079 secs]2019-10-16T14:18:01.839+0000: 81.691: [class unloading, 0.0171139 secs]2019-10-16T14:18:01.856+0000: 81.708: [scrub symbol table, 0.0202468 secs]2019-10-16T14:18:01.876+0000: 81.728: [scrub string table, 0.0015057 secs][1 CMS-remark: 80044K(103744K)] 96568K(133248K), 0.0534393 secs] [Times: user=0.05 sys=0.00, real=0.05 secs] 
2019-10-16T14:18:01.878+0000: 81.730: Total time for which application threads were stopped: 0.0556313 seconds, Stopping threads took: 0.0020308 seconds
2019-10-16T14:18:01.890+0000: 81.742: [CMS-concurrent-sweep-start]
2019-10-16T14:18:01.999+0000: 81.851: [CMS-concurrent-sweep: 0.109/0.109 secs] [Times: user=0.11 sys=0.00, real=0.10 secs] 
2019-10-16T14:18:02.000+0000: 81.852: [CMS-concurrent-reset-start]
2019-10-16T14:18:02.000+0000: 81.852: [CMS-concurrent-reset: 0.000/0.000 secs] [Times: user=0.00 sys=0.00, real=0.00 secs] 
2019-10-16T14:18:02.895+0000: 82.747: Total time for which application threads were stopped: 0.0001832 seconds, Stopping threads took: 0.0000390 seconds
{Heap before GC invocations=906 (full 12):
 par new generation   total 29504K, used 28002K [0x00000000f0800000, 0x00000000f2800000, 0x00000000f5a00000)
  eden space 26240K, 100% used [0x00000000f0800000, 0x00000000f21a0000, 0x00000000f21a0000)
  from space 3264K,  53% used [0x00000000f24d0000, 0x00000000f2688890, 0x00000000f2800000)
  to   space 3264K,   0% used [0x00000000f21a0000, 0x00000000f21a0000, 0x00000000f24d0000)
 concurrent mark-sweep generation total 110980K, used 66585K [0x00000000f5a00000, 0x00000000fc661000, 0x0000000100000000)
 Metaspace       used 112792K, capacity 118644K, committed 118808K, reserved 1153024K
  class space    used 14581K, capacity 15771K, committed 15896K, reserved 1048576K
2019-10-16T14:18:07.813+0000: 87.665: [GC (Allocation Failure) 2019-10-16T14:18:07.813+0000: 87.665: [ParNew
Desired survivor size 1671168 bytes, new threshold 2 (max 6)
- age   1:     626920 bytes,     626920 total
- age   2:    1461656 bytes,    2088576 total
: 28002K->3047K(29504K), 0.0091139 secs] 94587K->69632K(140484K), 0.0091908 secs] [Times: user=0.01 sys=0.00, real=0.00 secs] 
Heap after GC invocations=907 (full 12):
 par new generation   total 29504K, used 3047K [0x00000000f0800000, 0x00000000f2800000, 0x00000000f5a00000)
  eden space 26240K,   0% used [0x00000000f0800000, 0x00000000f0800000, 0x00000000f21a0000)
  from space 3264K,  93% used [0x00000000f21a0000, 0x00000000f2499cc0, 0x00000000f24d0000)
  to   space 3264K,   0% used [0x00000000f24d0000, 0x00000000f24d0000, 0x00000000f2800000)
 concurrent mark-sweep generation total 110980K, used 66585K [0x00000000f5a00000, 0x00000000fc661000, 0x0000000100000000)
 Metaspace       used 112792K, capacity 118644K, committed 118808K, reserved 1153024K
  class space    used 14581K, capacity 15771K, committed 15896K, reserved 1048576K
}
2019-10-16T14:18:07.822+0000: 87.674: Total time for which application threads were stopped: 0.0093895 seconds, Stopping threads took: 0.0000384 seconds
2019-10-16T14:18:07.916+0000: 87.768: Total time for which application threads were stopped: 0.0014597 seconds, Stopping threads took: 0.0000406 seconds
{Heap before GC invocations=907 (full 12):
 par new generation   total 29504K, used 29287K [0x00000000f0800000, 0x00000000f2800000, 0x00000000f5a00000)
  eden space 26240K, 100% used [0x00000000f0800000, 0x00000000f21a0000, 0x00000000f21a0000)
  from space 3264K,  93% used [0x00000000f21a0000, 0x00000000f2499cc0, 0x00000000f24d0000)
  to   space 3264K,   0% used [0x00000000f24d0000, 0x00000000f24d0000, 0x00000000f2800000)
 concurrent mark-sweep generation total 110980K, used 66585K [0x00000000f5a00000, 0x00000000fc661000, 0x0000000100000000)
 Metaspace       used 113252K, capacity 119060K, committed 119320K, reserved 1153024K
  class space    used 14638K, capacity 15803K, committed 15896K, reserved 1048576K
2019-10-16T14:18:07.923+0000: 87.775: [GC (Allocation Failure) 2019-10-16T14:18:07.923+0000: 87.775: [ParNew
Desired survivor size 1671168 bytes, new threshold 6 (max 6)
- age   1:     229392 bytes,     229392 total
- age   2:     604744 bytes,     834136 total
: 29287K->1905K(29504K), 0.0129933 secs] 95872K->69936K(140484K), 0.0130614 secs] [Times: user=0.01 sys=0.00, real=0.01 secs] 
Heap after GC invocations=908 (full 12):
 par new generation   total 29504K, used 1905K [0x00000000f0800000, 0x00000000f2800000, 0x00000000f5a00000)
  eden space 26240K,   0% used [0x00000000f0800000, 0x00000000f0800000, 0x00000000f21a0000)
  from space 3264K,  58% used [0x00000000f24d0000, 0x00000000f26ac6a8, 0x00000000f2800000)
  to   space 3264K,   0% used [0x00000000f21a0000, 0x00000000f21a0000, 0x00000000f24d0000)
 concurrent mark-sweep generation total 110980K, used 68030K [0x00000000f5a00000, 0x00000000fc661000, 0x0000000100000000)
 Metaspace       used 113252K, capacity 119060K, committed 119320K, reserved 1153024K
  class space    used 14638K, capacity 15803K, committed 15896K, reserved 1048576K
}
2019-10-16T14:18:07.936+0000: 87.788: Total time for which application threads were stopped: 0.0132386 seconds, Stopping threads took: 0.0000238 seconds
{Heap before GC invocations=908 (full 12):
 par new generation   total 29504K, used 28145K [0x00000000f0800000, 0x00000000f2800000, 0x00000000f5a00000)
  eden space 26240K, 100% used [0x00000000f0800000, 0x00000000f21a0000, 0x00000000f21a0000)
  from space 3264K,  58% used [0x00000000f24d0000, 0x00000000f26ac6a8, 0x00000000f2800000)
  to   space 3264K,   0% used [0x00000000f21a0000, 0x00000000f21a0000, 0x00000000f24d0000)
 concurrent mark-sweep generation total 110980K, used 68030K [0x00000000f5a00000, 0x00000000fc661000, 0x0000000100000000)
 Metaspace       used 113621K, capacity 119456K, committed 119576K, reserved 1153024K
  class space    used 14685K, capacity 15869K, committed 15896K, reserved 1048576K
2019-10-16T14:18:08.103+0000: 87.955: [GC (Allocation Failure) 2019-10-16T14:18:08.103+0000: 87.955: [ParNew
Desired survivor size 1671168 bytes, new threshold 6 (max 6)
- age   1:     219120 bytes,     219120 total
- age   2:     201208 bytes,     420328 total
- age   3:     603328 bytes,    1023656 total
: 28145K->1558K(29504K), 0.0165911 secs] 96176K->69589K(140484K), 0.0166781 secs] [Times: user=0.01 sys=0.00, real=0.01 secs] 
Heap after GC invocations=909 (full 12):
 par new generation   total 29504K, used 1558K [0x00000000f0800000, 0x00000000f2800000, 0x00000000f5a00000)
  eden space 26240K,   0% used [0x00000000f0800000, 0x00000000f0800000, 0x00000000f21a0000)
  from space 3264K,  47% used [0x00000000f21a0000, 0x00000000f23259b0, 0x00000000f24d0000)
  to   space 3264K,   0% used [0x00000000f24d0000, 0x00000000f24d0000, 0x00000000f2800000)
 concurrent mark-sweep generation total 110980K, used 68030K [0x00000000f5a00000, 0x00000000fc661000, 0x0000000100000000)
 Metaspace       used 113621K, capacity 119456K, committed 119576K, reserved 1153024K
  class space    used 14685K, capacity 15869K, committed 15896K, reserved 1048576K
}
2019-10-16T14:18:08.119+0000: 87.971: Total time for which application threads were stopped: 0.0169214 seconds, Stopping threads took: 0.0000386 seconds
2019-10-16T14:18:09.125+0000: 88.977: Total time for which application threads were stopped: 0.0005052 seconds, Stopping threads took: 0.0000460 seconds
{Heap before GC invocations=909 (full 12):
 par new generation   total 29504K, used 27798K [0x00000000f0800000, 0x00000000f2800000, 0x00000000f5a00000)
  eden space 26240K, 100% used [0x00000000f0800000, 0x00000000f21a0000, 0x00000000f21a0000)
  from space 3264K,  47% used [0x00000000f21a0000, 0x00000000f23259b0, 0x00000000f24d0000)
  to   space 3264K,   0% used [0x00000000f24d0000, 0x00000000f24d0000, 0x00000000f2800000)
 concurrent mark-sweep generation total 110980K, used 68030K [0x00000000f5a00000, 0x00000000fc661000, 0x0000000100000000)
 Metaspace       used 113926K, capacity 119816K, committed 120088K, reserved 1153024K
  class space    used 14713K, capacity 15877K, committed 15896K, reserved 1048576K
2019-10-16T14:18:09.212+0000: 89.064: [GC (Allocation Failure) 2019-10-16T14:18:09.212+0000: 89.064: [ParNew
Desired survivor size 1671168 bytes, new threshold 6 (max 6)
- age   1:     346832 bytes,     346832 total
- age   2:     195328 bytes,     542160 total
- age   3:     200848 bytes,     743008 total
- age   4:     564048 bytes,    1307056 total
: 27798K->1880K(29504K), 0.0094490 secs] 95829K->69911K(140484K), 0.0095209 secs] [Times: user=0.01 sys=0.00, real=0.00 secs] 
Heap after GC invocations=910 (full 12):
 par new generation   total 29504K, used 1880K [0x00000000f0800000, 0x00000000f2800000, 0x00000000f5a00000)
  eden space 26240K,   0% used [0x00000000f0800000, 0x00000000f0800000, 0x00000000f21a0000)
  from space 3264K,  57% used [0x00000000f24d0000, 0x00000000f26a6150, 0x00000000f2800000)
  to   space 3264K,   0% used [0x00000000f21a0000, 0x00000000f21a0000, 0x00000000f24d0000)
 concurrent mark-sweep generation total 110980K, used 68030K [0x00000000f5a00000, 0x00000000fc661000, 0x0000000100000000)
 Metaspace       used 113926K, capacity 119816K, committed 120088K, reserved 1153024K
  class space    used 14713K, capacity 15877K, committed 15896K, reserved 1048576K
}
2019-10-16T14:18:09.222+0000: 89.074: Total time for which application threads were stopped: 0.0098997 seconds, Stopping threads took: 0.0000513 seconds
2019-10-16T14:18:10.227+0000: 90.079: Total time for which application threads were stopped: 0.0001789 seconds, Stopping threads took: 0.0000364 seconds
2019-10-16T14:18:13.228+0000: 93.080: Total time for which application threads were stopped: 0.0001729 seconds, Stopping threads took: 0.0000357 seconds
2019-10-16T14:18:25.230+0000: 105.082: Total time for which application threads were stopped: 0.0001628 seconds, Stopping threads took: 0.0000474 seconds
{Heap before GC invocations=910 (full 12):
 par new generation   total 29504K, used 28120K [0x00000000f0800000, 0x00000000f2800000, 0x00000000f5a00000)
  eden space 26240K, 100% used [0x00000000f0800000, 0x00000000f21a0000, 0x00000000f21a0000)
  from space 3264K,  57% used [0x00000000f24d0000, 0x00000000f26a6150, 0x00000000f2800000)
  to   space 3264K,   0% used [0x00000000f21a0000, 0x00000000f21a0000, 0x00000000f24d0000)
 concurrent mark-sweep generation total 110980K, used 68030K [0x00000000f5a00000, 0x00000000fc661000, 0x0000000100000000)
 Metaspace       used 113994K, capacity 119904K, committed 120088K, reserved 1153024K
  class space    used 14717K, capacity 15883K, committed 15896K, reserved 1048576K
2019-10-16T14:18:54.686+0000: 134.538: [GC (Allocation Failure) 2019-10-16T14:18:54.686+0000: 134.538: [ParNew
Desired survivor size 1671168 bytes, new threshold 5 (max 6)
- age   1:     507552 bytes,     507552 total
- age   2:     320632 bytes,     828184 total
- age   3:     194392 bytes,    1022576 total
- age   4:     198688 bytes,    1221264 total
- age   5:     511272 bytes,    1732536 total
: 28120K->2376K(29504K), 0.0108439 secs] 96151K->70407K(140484K), 0.0109563 secs] [Times: user=0.01 sys=0.01, real=0.01 secs] 
Heap after GC invocations=911 (full 12):
 par new generation   total 29504K, used 2376K [0x00000000f0800000, 0x00000000f2800000, 0x00000000f5a00000)
  eden space 26240K,   0% used [0x00000000f0800000, 0x00000000f0800000, 0x00000000f21a0000)
  from space 3264K,  72% used [0x00000000f21a0000, 0x00000000f23f23b0, 0x00000000f24d0000)
  to   space 3264K,   0% used [0x00000000f24d0000, 0x00000000f24d0000, 0x00000000f2800000)
 concurrent mark-sweep generation total 110980K, used 68030K [0x00000000f5a00000, 0x00000000fc661000, 0x0000000100000000)
 Metaspace       used 113994K, capacity 119904K, committed 120088K, reserved 1153024K
  class space    used 14717K, capacity 15883K, committed 15896K, reserved 1048576K
}
2019-10-16T14:18:54.697+0000: 134.549: Total time for which application threads were stopped: 0.0111872 seconds, Stopping threads took: 0.0000400 seconds
2019-10-16T14:18:55.704+0000: 135.556: Total time for which application threads were stopped: 0.0001677 seconds, Stopping threads took: 0.0000362 seconds
2019-10-16T14:18:57.704+0000: 137.556: Total time for which application threads were stopped: 0.0001613 seconds, Stopping threads took: 0.0000366 seconds
2019-10-16T14:18:58.705+0000: 138.557: Total time for which application threads were stopped: 0.0001531 seconds, Stopping threads took: 0.0000357 seconds
2019-10-16T14:19:10.707+0000: 150.559: Total time for which application threads were stopped: 0.0001434 seconds, Stopping threads took: 0.0000378 seconds
2019-10-16T14:19:46.712+0000: 186.564: Total time for which application threads were stopped: 0.0001356 seconds, Stopping threads took: 0.0000333 seconds
2019-10-16T14:19:49.713+0000: 189.565: Total time for which application threads were stopped: 0.0002153 seconds, Stopping threads took: 0.0000492 seconds
2019-10-16T14:20:20.718+0000: 220.570: Total time for which application threads were stopped: 0.0001538 seconds, Stopping threads took: 0.0000387 seconds
2019-10-16T14:20:21.718+0000: 221.570: Total time for which application threads were stopped: 0.0001478 seconds, Stopping threads took: 0.0000344 seconds
2019-10-16T14:21:45.731+0000: 305.583: Total time for which application threads were stopped: 0.0001607 seconds, Stopping threads took: 0.0000392 seconds
2019-10-16T14:21:58.733+0000: 318.585: Total time for which application threads were stopped: 0.0001559 seconds, Stopping threads took: 0.0000381 seconds
2019-10-16T14:22:00.733+0000: 320.585: Total time for which application threads were stopped: 0.0001526 seconds, Stopping threads took: 0.0000368 seconds
2019-10-16T14:22:04.734+0000: 324.586: Total time for which application threads were stopped: 0.0001726 seconds, Stopping threads took: 0.0000362 seconds
2019-10-16T14:22:06.735+0000: 326.587: Total time for which application threads were stopped: 0.0001480 seconds, Stopping threads took: 0.0000352 seconds
2019-10-16T14:22:10.735+0000: 330.587: Total time for which application threads were stopped: 0.0001477 seconds, Stopping threads took: 0.0000361 seconds
2019-10-16T14:22:43.740+0000: 363.592: Total time for which application threads were stopped: 0.0001526 seconds, Stopping threads took: 0.0000367 seconds
2019-10-16T14:22:50.741+0000: 370.594: Total time for which application threads were stopped: 0.0001802 seconds, Stopping threads took: 0.0000488 seconds
2019-10-16T14:23:29.747+0000: 409.599: Total time for which application threads were stopped: 0.0001654 seconds, Stopping threads took: 0.0000362 seconds
2019-10-16T14:23:40.749+0000: 420.601: Total time for which application threads were stopped: 0.0002475 seconds, Stopping threads took: 0.0000497 seconds
2019-10-16T14:23:54.751+0000: 434.603: Total time for which application threads were stopped: 0.0001488 seconds, Stopping threads took: 0.0000373 seconds
2019-10-16T14:24:06.753+0000: 446.605: Total time for which application threads were stopped: 0.0001615 seconds, Stopping threads took: 0.0000355 seconds
2019-10-16T14:24:30.757+0000: 470.609: Total time for which application threads were stopped: 0.0001515 seconds, Stopping threads took: 0.0000375 seconds
2019-10-16T14:25:06.763+0000: 506.615: Total time for which application threads were stopped: 0.0001622 seconds, Stopping threads took: 0.0000372 seconds
2019-10-16T14:26:20.774+0000: 580.626: Total time for which application threads were stopped: 0.0001601 seconds, Stopping threads took: 0.0000376 seconds
2019-10-16T14:27:50.788+0000: 670.640: Total time for which application threads were stopped: 0.0001526 seconds, Stopping threads took: 0.0000372 seconds
2019-10-16T14:27:51.789+0000: 671.641: Total time for which application threads were stopped: 0.0001881 seconds, Stopping threads took: 0.0000358 seconds
{Heap before GC invocations=911 (full 12):
 par new generation   total 29504K, used 28616K [0x00000000f0800000, 0x00000000f2800000, 0x00000000f5a00000)
  eden space 26240K, 100% used [0x00000000f0800000, 0x00000000f21a0000, 0x00000000f21a0000)
  from space 3264K,  72% used [0x00000000f21a0000, 0x00000000f23f23b0, 0x00000000f24d0000)
  to   space 3264K,   0% used [0x00000000f24d0000, 0x00000000f24d0000, 0x00000000f2800000)
 concurrent mark-sweep generation total 110980K, used 68030K [0x00000000f5a00000, 0x00000000fc661000, 0x0000000100000000)
 Metaspace       used 114235K, capacity 120158K, committed 120472K, reserved 1153024K
  class space    used 14723K, capacity 15918K, committed 16024K, reserved 1048576K
2019-10-16T14:28:58.566+0000: 738.418: [GC (Allocation Failure) 2019-10-16T14:28:58.566+0000: 738.419: [ParNew
Desired survivor size 1671168 bytes, new threshold 6 (max 6)
- age   1:      76016 bytes,      76016 total
- age   2:     466744 bytes,     542760 total
- age   3:     320368 bytes,     863128 total
- age   4:     194392 bytes,    1057520 total
- age   5:     198656 bytes,    1256176 total
: 28616K->1568K(29504K), 0.0097921 secs] 96647K->70105K(140484K), 0.0098777 secs] [Times: user=0.00 sys=0.00, real=0.01 secs] 
Heap after GC invocations=912 (full 12):
 par new generation   total 29504K, used 1568K [0x00000000f0800000, 0x00000000f2800000, 0x00000000f5a00000)
  eden space 26240K,   0% used [0x00000000f0800000, 0x00000000f0800000, 0x00000000f21a0000)
  from space 3264K,  48% used [0x00000000f24d0000, 0x00000000f2658158, 0x00000000f2800000)
  to   space 3264K,   0% used [0x00000000f21a0000, 0x00000000f21a0000, 0x00000000f24d0000)
 concurrent mark-sweep generation total 110980K, used 68537K [0x00000000f5a00000, 0x00000000fc661000, 0x0000000100000000)
 Metaspace       used 114235K, capacity 120158K, committed 120472K, reserved 1153024K
  class space    used 14723K, capacity 15918K, committed 16024K, reserved 1048576K
}
2019-10-16T14:28:58.576+0000: 738.428: Total time for which application threads were stopped: 0.0101057 seconds, Stopping threads took: 0.0000380 seconds
2019-10-16T14:28:58.582+0000: 738.434: Total time for which application threads were stopped: 0.0013987 seconds, Stopping threads took: 0.0000166 seconds
2019-10-16T14:28:59.582+0000: 739.434: Total time for which application threads were stopped: 0.0001734 seconds, Stopping threads took: 0.0000374 seconds
{Heap before GC invocations=912 (full 12):
 par new generation   total 29504K, used 27808K [0x00000000f0800000, 0x00000000f2800000, 0x00000000f5a00000)
  eden space 26240K, 100% used [0x00000000f0800000, 0x00000000f21a0000, 0x00000000f21a0000)
  from space 3264K,  48% used [0x00000000f24d0000, 0x00000000f2658158, 0x00000000f2800000)
  to   space 3264K,   0% used [0x00000000f21a0000, 0x00000000f21a0000, 0x00000000f24d0000)
 concurrent mark-sweep generation total 110980K, used 68537K [0x00000000f5a00000, 0x00000000fc661000, 0x0000000100000000)
 Metaspace       used 114448K, capacity 120374K, committed 120728K, reserved 1155072K
  class space    used 14748K, capacity 15922K, committed 16024K, reserved 1048576K
2019-10-16T14:29:06.874+0000: 746.727: [GC (Allocation Failure) 2019-10-16T14:29:06.875+0000: 746.727: [ParNew
Desired survivor size 1671168 bytes, new threshold 1 (max 6)
- age   1:    2950648 bytes,    2950648 total
- age   2:       3256 bytes,    2953904 total
- age   3:     273792 bytes,    3227696 total
- age   4:      47984 bytes,    3275680 total
- age   5:      27752 bytes,    3303432 total
- age   6:      38224 bytes,    3341656 total
: 27808K->3264K(29504K), 0.0160060 secs] 96345K->72694K(140484K), 0.0161052 secs] [Times: user=0.02 sys=0.00, real=0.02 secs] 
Heap after GC invocations=913 (full 12):
 par new generation   total 29504K, used 3264K [0x00000000f0800000, 0x00000000f2800000, 0x00000000f5a00000)
  eden space 26240K,   0% used [0x00000000f0800000, 0x00000000f0800000, 0x00000000f21a0000)
  from space 3264K, 100% used [0x00000000f21a0000, 0x00000000f24d0000, 0x00000000f24d0000)
  to   space 3264K,   0% used [0x00000000f24d0000, 0x00000000f24d0000, 0x00000000f2800000)
 concurrent mark-sweep generation total 110980K, used 69430K [0x00000000f5a00000, 0x00000000fc661000, 0x0000000100000000)
 Metaspace       used 114448K, capacity 120374K, committed 120728K, reserved 1155072K
  class space    used 14748K, capacity 15922K, committed 16024K, reserved 1048576K
}
2019-10-16T14:29:06.891+0000: 746.743: Total time for which application threads were stopped: 0.0164346 seconds, Stopping threads took: 0.0000484 seconds
2019-10-16T14:29:07.897+0000: 747.749: Total time for which application threads were stopped: 0.0002275 seconds, Stopping threads took: 0.0000369 seconds
{Heap before GC invocations=913 (full 12):
 par new generation   total 29504K, used 29504K [0x00000000f0800000, 0x00000000f2800000, 0x00000000f5a00000)
  eden space 26240K, 100% used [0x00000000f0800000, 0x00000000f21a0000, 0x00000000f21a0000)
  from space 3264K, 100% used [0x00000000f21a0000, 0x00000000f24d0000, 0x00000000f24d0000)
  to   space 3264K,   0% used [0x00000000f24d0000, 0x00000000f24d0000, 0x00000000f2800000)
 concurrent mark-sweep generation total 110980K, used 69430K [0x00000000f5a00000, 0x00000000fc661000, 0x0000000100000000)
 Metaspace       used 114743K, capacity 120772K, committed 120984K, reserved 1155072K
  class space    used 14771K, capacity 15967K, committed 16024K, reserved 1048576K
2019-10-16T14:29:08.572+0000: 748.424: [GC (Allocation Failure) 2019-10-16T14:29:08.572+0000: 748.424: [ParNew
Desired survivor size 1671168 bytes, new threshold 6 (max 6)
- age   1:    1219048 bytes,    1219048 total
: 29504K->2782K(29504K), 0.0102010 secs] 98934K->72610K(140484K), 0.0102853 secs] [Times: user=0.01 sys=0.00, real=0.00 secs] 
Heap after GC invocations=914 (full 12):
 par new generation   total 29504K, used 2782K [0x00000000f0800000, 0x00000000f2800000, 0x00000000f5a00000)
  eden space 26240K,   0% used [0x00000000f0800000, 0x00000000f0800000, 0x00000000f21a0000)
  from space 3264K,  85% used [0x00000000f24d0000, 0x00000000f2787a08, 0x00000000f2800000)
  to   space 3264K,   0% used [0x00000000f21a0000, 0x00000000f21a0000, 0x00000000f24d0000)
 concurrent mark-sweep generation total 110980K, used 69827K [0x00000000f5a00000, 0x00000000fc661000, 0x0000000100000000)
 Metaspace       used 114743K, capacity 120772K, committed 120984K, reserved 1155072K
  class space    used 14771K, capacity 15967K, committed 16024K, reserved 1048576K
}
2019-10-16T14:29:08.582+0000: 748.434: Total time for which application threads were stopped: 0.0105778 seconds, Stopping threads took: 0.0000438 seconds
{Heap before GC invocations=914 (full 12):
 par new generation   total 29504K, used 29022K [0x00000000f0800000, 0x00000000f2800000, 0x00000000f5a00000)
  eden space 26240K, 100% used [0x00000000f0800000, 0x00000000f21a0000, 0x00000000f21a0000)
  from space 3264K,  85% used [0x00000000f24d0000, 0x00000000f2787a08, 0x00000000f2800000)
  to   space 3264K,   0% used [0x00000000f21a0000, 0x00000000f21a0000, 0x00000000f24d0000)
 concurrent mark-sweep generation total 110980K, used 69827K [0x00000000f5a00000, 0x00000000fc661000, 0x0000000100000000)
 Metaspace       used 115024K, capacity 120998K, committed 121240K, reserved 1155072K
  class space    used 14812K, capacity 16000K, committed 16024K, reserved 1048576K
2019-10-16T14:29:08.710+0000: 748.562: [GC (Allocation Failure) 2019-10-16T14:29:08.710+0000: 748.562: [ParNew
Desired survivor size 1671168 bytes, new threshold 2 (max 6)
- age   1:    1594496 bytes,    1594496 total
- age   2:    1200240 bytes,    2794736 total
: 29022K->3264K(29504K), 0.0166007 secs] 98850K->73101K(140484K), 0.0167029 secs] [Times: user=0.01 sys=0.00, real=0.01 secs] 
Heap after GC invocations=915 (full 12):
 par new generation   total 29504K, used 3264K [0x00000000f0800000, 0x00000000f2800000, 0x00000000f5a00000)
  eden space 26240K,   0% used [0x00000000f0800000, 0x00000000f0800000, 0x00000000f21a0000)
  from space 3264K, 100% used [0x00000000f21a0000, 0x00000000f24d0000, 0x00000000f24d0000)
  to   space 3264K,   0% used [0x00000000f24d0000, 0x00000000f24d0000, 0x00000000f2800000)
 concurrent mark-sweep generation total 110980K, used 69837K [0x00000000f5a00000, 0x00000000fc661000, 0x0000000100000000)
 Metaspace       used 115024K, capacity 120998K, committed 121240K, reserved 1155072K
  class space    used 14812K, capacity 16000K, committed 16024K, reserved 1048576K
}
2019-10-16T14:29:08.727+0000: 748.579: Total time for which application threads were stopped: 0.0169703 seconds, Stopping threads took: 0.0000452 seconds
{Heap before GC invocations=915 (full 12):
 par new generation   total 29504K, used 29504K [0x00000000f0800000, 0x00000000f2800000, 0x00000000f5a00000)
  eden space 26240K, 100% used [0x00000000f0800000, 0x00000000f21a0000, 0x00000000f21a0000)
  from space 3264K, 100% used [0x00000000f21a0000, 0x00000000f24d0000, 0x00000000f24d0000)
  to   space 3264K,   0% used [0x00000000f24d0000, 0x00000000f24d0000, 0x00000000f2800000)
 concurrent mark-sweep generation total 110980K, used 69837K [0x00000000f5a00000, 0x00000000fc661000, 0x0000000100000000)
 Metaspace       used 115261K, capacity 121254K, committed 121624K, reserved 1155072K
  class space    used 14865K, capacity 16064K, committed 16152K, reserved 1048576K
2019-10-16T14:29:08.852+0000: 748.704: [GC (Allocation Failure) 2019-10-16T14:29:08.852+0000: 748.704: [ParNew
Desired survivor size 1671168 bytes, new threshold 2 (max 6)
- age   1:     574680 bytes,     574680 total
- age   2:    1580552 bytes,    2155232 total
: 29504K->2346K(29504K), 0.0232598 secs] 99341K->73358K(140484K), 0.0233513 secs] [Times: user=0.03 sys=0.00, real=0.02 secs] 
Heap after GC invocations=916 (full 12):
 par new generation   total 29504K, used 2346K [0x00000000f0800000, 0x00000000f2800000, 0x00000000f5a00000)
  eden space 26240K,   0% used [0x00000000f0800000, 0x00000000f0800000, 0x00000000f21a0000)
  from space 3264K,  71% used [0x00000000f24d0000, 0x00000000f271ab98, 0x00000000f2800000)
  to   space 3264K,   0% used [0x00000000f21a0000, 0x00000000f21a0000, 0x00000000f24d0000)
 concurrent mark-sweep generation total 110980K, used 71011K [0x00000000f5a00000, 0x00000000fc661000, 0x0000000100000000)
 Metaspace       used 115261K, capacity 121254K, committed 121624K, reserved 1155072K
  class space    used 14865K, capacity 16064K, committed 16152K, reserved 1048576K
}
2019-10-16T14:29:08.876+0000: 748.728: Total time for which application threads were stopped: 0.0236207 seconds, Stopping threads took: 0.0000485 seconds
{Heap before GC invocations=916 (full 12):
 par new generation   total 29504K, used 28586K [0x00000000f0800000, 0x00000000f2800000, 0x00000000f5a00000)
  eden space 26240K, 100% used [0x00000000f0800000, 0x00000000f21a0000, 0x00000000f21a0000)
  from space 3264K,  71% used [0x00000000f24d0000, 0x00000000f271ab98, 0x00000000f2800000)
  to   space 3264K,   0% used [0x00000000f21a0000, 0x00000000f21a0000, 0x00000000f24d0000)
 concurrent mark-sweep generation total 110980K, used 71011K [0x00000000f5a00000, 0x00000000fc661000, 0x0000000100000000)
 Metaspace       used 115654K, capacity 121606K, committed 121880K, reserved 1155072K
  class space    used 14926K, capacity 16096K, committed 16152K, reserved 1048576K
2019-10-16T14:29:09.148+0000: 749.000: [GC (Allocation Failure) 2019-10-16T14:29:09.148+0000: 749.001: [ParNew
Desired survivor size 1671168 bytes, new threshold 6 (max 6)
- age   1:     580112 bytes,     580112 total
- age   2:     523792 bytes,    1103904 total
: 28586K->2163K(29504K), 0.0122863 secs] 99598K->74733K(140484K), 0.0123798 secs] [Times: user=0.02 sys=0.00, real=0.01 secs] 
Heap after GC invocations=917 (full 12):
 par new generation   total 29504K, used 2163K [0x00000000f0800000, 0x00000000f2800000, 0x00000000f5a00000)
  eden space 26240K,   0% used [0x00000000f0800000, 0x00000000f0800000, 0x00000000f21a0000)
  from space 3264K,  66% used [0x00000000f21a0000, 0x00000000f23bce18, 0x00000000f24d0000)
  to   space 3264K,   0% used [0x00000000f24d0000, 0x00000000f24d0000, 0x00000000f2800000)
 concurrent mark-sweep generation total 110980K, used 72570K [0x00000000f5a00000, 0x00000000fc661000, 0x0000000100000000)
 Metaspace       used 115654K, capacity 121606K, committed 121880K, reserved 1155072K
  class space    used 14926K, capacity 16096K, committed 16152K, reserved 1048576K
}
2019-10-16T14:29:09.161+0000: 749.013: Total time for which application threads were stopped: 0.0126725 seconds, Stopping threads took: 0.0000410 seconds
2019-10-16T14:29:10.166+0000: 750.018: Total time for which application threads were stopped: 0.0002457 seconds, Stopping threads took: 0.0000426 seconds
2019-10-16T14:29:11.166+0000: 751.018: Total time for which application threads were stopped: 0.0001640 seconds, Stopping threads took: 0.0000383 seconds
2019-10-16T14:29:13.166+0000: 753.018: Total time for which application threads were stopped: 0.0001948 seconds, Stopping threads took: 0.0000372 seconds
{Heap before GC invocations=917 (full 12):
 par new generation   total 29504K, used 28403K [0x00000000f0800000, 0x00000000f2800000, 0x00000000f5a00000)
  eden space 26240K, 100% used [0x00000000f0800000, 0x00000000f21a0000, 0x00000000f21a0000)
  from space 3264K,  66% used [0x00000000f21a0000, 0x00000000f23bce18, 0x00000000f24d0000)
  to   space 3264K,   0% used [0x00000000f24d0000, 0x00000000f24d0000, 0x00000000f2800000)
 concurrent mark-sweep generation total 110980K, used 72570K [0x00000000f5a00000, 0x00000000fc661000, 0x0000000100000000)
 Metaspace       used 115974K, capacity 121914K, committed 122136K, reserved 1155072K
  class space    used 14955K, capacity 16132K, committed 16152K, reserved 1048576K
2019-10-16T14:29:13.460+0000: 753.312: [GC (Allocation Failure) 2019-10-16T14:29:13.460+0000: 753.312: [ParNew
Desired survivor size 1671168 bytes, new threshold 2 (max 6)
- age   1:    1346784 bytes,    1346784 total
- age   2:     528368 bytes,    1875152 total
- age   3:     523728 bytes,    2398880 total
: 28403K->2814K(29504K), 0.0104324 secs] 100973K->75384K(140484K), 0.0105181 secs] [Times: user=0.01 sys=0.00, real=0.02 secs] 
Heap after GC invocations=918 (full 12):
 par new generation   total 29504K, used 2814K [0x00000000f0800000, 0x00000000f2800000, 0x00000000f5a00000)
  eden space 26240K,   0% used [0x00000000f0800000, 0x00000000f0800000, 0x00000000f21a0000)
  from space 3264K,  86% used [0x00000000f24d0000, 0x00000000f278f9e0, 0x00000000f2800000)
  to   space 3264K,   0% used [0x00000000f21a0000, 0x00000000f21a0000, 0x00000000f24d0000)
 concurrent mark-sweep generation total 110980K, used 72570K [0x00000000f5a00000, 0x00000000fc661000, 0x0000000100000000)
 Metaspace       used 115974K, capacity 121914K, committed 122136K, reserved 1155072K
  class space    used 14955K, capacity 16132K, committed 16152K, reserved 1048576K
}
2019-10-16T14:29:13.471+0000: 753.323: Total time for which application threads were stopped: 0.0107541 seconds, Stopping threads took: 0.0000308 seconds
2019-10-16T14:29:14.476+0000: 754.328: Total time for which application threads were stopped: 0.0001722 seconds, Stopping threads took: 0.0000404 seconds
2019-10-16T14:29:15.478+0000: 755.330: Total time for which application threads were stopped: 0.0014727 seconds, Stopping threads took: 0.0013533 seconds
2019-10-16T14:29:16.478+0000: 756.330: Total time for which application threads were stopped: 0.0001854 seconds, Stopping threads took: 0.0000361 seconds
2019-10-16T14:29:17.478+0000: 757.330: Total time for which application threads were stopped: 0.0001826 seconds, Stopping threads took: 0.0000352 seconds
{Heap before GC invocations=918 (full 12):
 par new generation   total 29504K, used 29054K [0x00000000f0800000, 0x00000000f2800000, 0x00000000f5a00000)
  eden space 26240K, 100% used [0x00000000f0800000, 0x00000000f21a0000, 0x00000000f21a0000)
  from space 3264K,  86% used [0x00000000f24d0000, 0x00000000f278f9e0, 0x00000000f2800000)
  to   space 3264K,   0% used [0x00000000f21a0000, 0x00000000f21a0000, 0x00000000f24d0000)
 concurrent mark-sweep generation total 110980K, used 72570K [0x00000000f5a00000, 0x00000000fc661000, 0x0000000100000000)
 Metaspace       used 116359K, capacity 122366K, committed 122520K, reserved 1155072K
  class space    used 14975K, capacity 16170K, committed 16280K, reserved 1048576K
2019-10-16T14:29:18.211+0000: 758.063: [GC (Allocation Failure) 2019-10-16T14:29:18.211+0000: 758.063: [ParNew
Desired survivor size 1671168 bytes, new threshold 1 (max 6)
- age   1:    1904080 bytes,    1904080 total
- age   2:    1287624 bytes,    3191704 total
: 29054K->3264K(29504K), 0.0160352 secs] 101624K->76877K(140484K), 0.0161172 secs] [Times: user=0.02 sys=0.00, real=0.01 secs] 
Heap after GC invocations=919 (full 12):
 par new generation   total 29504K, used 3264K [0x00000000f0800000, 0x00000000f2800000, 0x00000000f5a00000)
  eden space 26240K,   0% used [0x00000000f0800000, 0x00000000f0800000, 0x00000000f21a0000)
  from space 3264K, 100% used [0x00000000f21a0000, 0x00000000f24d0000, 0x00000000f24d0000)
  to   space 3264K,   0% used [0x00000000f24d0000, 0x00000000f24d0000, 0x00000000f2800000)
 concurrent mark-sweep generation total 110980K, used 73613K [0x00000000f5a00000, 0x00000000fc661000, 0x0000000100000000)
 Metaspace       used 116359K, capacity 122366K, committed 122520K, reserved 1155072K
  class space    used 14975K, capacity 16170K, committed 16280K, reserved 1048576K
}
2019-10-16T14:29:18.227+0000: 758.079: Total time for which application threads were stopped: 0.0165071 seconds, Stopping threads took: 0.0000442 seconds
{Heap before GC invocations=919 (full 12):
 par new generation   total 29504K, used 29504K [0x00000000f0800000, 0x00000000f2800000, 0x00000000f5a00000)
  eden space 26240K, 100% used [0x00000000f0800000, 0x00000000f21a0000, 0x00000000f21a0000)
  from space 3264K, 100% used [0x00000000f21a0000, 0x00000000f24d0000, 0x00000000f24d0000)
  to   space 3264K,   0% used [0x00000000f24d0000, 0x00000000f24d0000, 0x00000000f2800000)
 concurrent mark-sweep generation total 110980K, used 73613K [0x00000000f5a00000, 0x00000000fc661000, 0x0000000100000000)
 Metaspace       used 116662K, capacity 122660K, committed 122776K, reserved 1155072K
  class space    used 15017K, capacity 16203K, committed 16280K, reserved 1048576K
2019-10-16T14:29:18.474+0000: 758.326: [GC (Allocation Failure) 2019-10-16T14:29:18.474+0000: 758.326: [ParNew
Desired survivor size 1671168 bytes, new threshold 6 (max 6)
- age   1:     580072 bytes,     580072 total
: 29504K->2843K(29504K), 0.0154627 secs] 103117K->79364K(140484K), 0.0155485 secs] [Times: user=0.01 sys=0.00, real=0.01 secs] 
Heap after GC invocations=920 (full 12):
 par new generation   total 29504K, used 2843K [0x00000000f0800000, 0x00000000f2800000, 0x00000000f5a00000)
  eden space 26240K,   0% used [0x00000000f0800000, 0x00000000f0800000, 0x00000000f21a0000)
  from space 3264K,  87% used [0x00000000f24d0000, 0x00000000f2796c30, 0x00000000f2800000)
  to   space 3264K,   0% used [0x00000000f21a0000, 0x00000000f21a0000, 0x00000000f24d0000)
 concurrent mark-sweep generation total 110980K, used 76521K [0x00000000f5a00000, 0x00000000fc661000, 0x0000000100000000)
 Metaspace       used 116662K, capacity 122660K, committed 122776K, reserved 1155072K
  class space    used 15017K, capacity 16203K, committed 16280K, reserved 1048576K
}
2019-10-16T14:29:18.490+0000: 758.342: Total time for which application threads were stopped: 0.0159849 seconds, Stopping threads took: 0.0000402 seconds
2019-10-16T14:29:19.501+0000: 759.353: Total time for which application threads were stopped: 0.0002668 seconds, Stopping threads took: 0.0000346 seconds
{Heap before GC invocations=920 (full 12):
 par new generation   total 29504K, used 29083K [0x00000000f0800000, 0x00000000f2800000, 0x00000000f5a00000)
  eden space 26240K, 100% used [0x00000000f0800000, 0x00000000f21a0000, 0x00000000f21a0000)
  from space 3264K,  87% used [0x00000000f24d0000, 0x00000000f2796c30, 0x00000000f2800000)
  to   space 3264K,   0% used [0x00000000f21a0000, 0x00000000f21a0000, 0x00000000f24d0000)
 concurrent mark-sweep generation total 110980K, used 76521K [0x00000000f5a00000, 0x00000000fc661000, 0x0000000100000000)
 Metaspace       used 117372K, capacity 123522K, committed 123672K, reserved 1157120K
  class space    used 15119K, capacity 16316K, committed 16408K, reserved 1048576K
2019-10-16T14:29:20.424+0000: 760.276: [GC (Allocation Failure) 2019-10-16T14:29:20.424+0000: 760.276: [ParNew
Desired survivor size 1671168 bytes, new threshold 6 (max 6)
- age   1:    1266248 bytes,    1266248 total
- age   2:     296464 bytes,    1562712 total
: 29083K->1637K(29504K), 0.0089895 secs] 105604K->78159K(140484K), 0.0090647 secs] [Times: user=0.01 sys=0.00, real=0.01 secs] 
Heap after GC invocations=921 (full 12):
 par new generation   total 29504K, used 1637K [0x00000000f0800000, 0x00000000f2800000, 0x00000000f5a00000)
  eden space 26240K,   0% used [0x00000000f0800000, 0x00000000f0800000, 0x00000000f21a0000)
  from space 3264K,  50% used [0x00000000f21a0000, 0x00000000f2339750, 0x00000000f24d0000)
  to   space 3264K,   0% used [0x00000000f24d0000, 0x00000000f24d0000, 0x00000000f2800000)
 concurrent mark-sweep generation total 110980K, used 76521K [0x00000000f5a00000, 0x00000000fc661000, 0x0000000100000000)
 Metaspace       used 117372K, capacity 123522K, committed 123672K, reserved 1157120K
  class space    used 15119K, capacity 16316K, committed 16408K, reserved 1048576K
}
2019-10-16T14:29:20.433+0000: 760.285: Total time for which application threads were stopped: 0.0094471 seconds, Stopping threads took: 0.0000449 seconds
2019-10-16T14:29:21.443+0000: 761.295: Total time for which application threads were stopped: 0.0003039 seconds, Stopping threads took: 0.0000646 seconds
2019-10-16T14:29:23.443+0000: 763.295: Total time for which application threads were stopped: 0.0002123 seconds, Stopping threads took: 0.0000352 seconds
2019-10-16T14:29:24.443+0000: 764.296: Total time for which application threads were stopped: 0.0001756 seconds, Stopping threads took: 0.0000400 seconds
2019-10-16T14:29:30.445+0000: 770.297: Total time for which application threads were stopped: 0.0002020 seconds, Stopping threads took: 0.0000405 seconds
2019-10-16T14:29:31.445+0000: 771.297: Total time for which application threads were stopped: 0.0001858 seconds, Stopping threads took: 0.0000405 seconds
2019-10-16T14:29:41.447+0000: 781.299: Total time for which application threads were stopped: 0.0001938 seconds, Stopping threads took: 0.0000392 seconds
2019-10-16T14:29:42.447+0000: 782.299: Total time for which application threads were stopped: 0.0001746 seconds, Stopping threads took: 0.0000417 seconds
2019-10-16T14:29:44.447+0000: 784.300: Total time for which application threads were stopped: 0.0002027 seconds, Stopping threads took: 0.0000398 seconds
2019-10-16T14:29:49.448+0000: 789.300: Total time for which application threads were stopped: 0.0002030 seconds, Stopping threads took: 0.0000349 seconds
2019-10-16T14:29:50.449+0000: 790.301: Total time for which application threads were stopped: 0.0001871 seconds, Stopping threads took: 0.0000417 seconds
2019-10-16T14:29:56.450+0000: 796.302: Total time for which application threads were stopped: 0.0002035 seconds, Stopping threads took: 0.0000394 seconds
2019-10-16T14:29:57.450+0000: 797.302: Total time for which application threads were stopped: 0.0001773 seconds, Stopping threads took: 0.0000393 seconds
2019-10-16T14:30:00.451+0000: 800.303: Total time for which application threads were stopped: 0.0001981 seconds, Stopping threads took: 0.0000390 seconds
2019-10-16T14:30:01.451+0000: 801.303: Total time for which application threads were stopped: 0.0001776 seconds, Stopping threads took: 0.0000407 seconds
2019-10-16T14:30:05.452+0000: 805.304: Total time for which application threads were stopped: 0.0002178 seconds, Stopping threads took: 0.0000491 seconds
2019-10-16T14:30:06.452+0000: 806.304: Total time for which application threads were stopped: 0.0001728 seconds, Stopping threads took: 0.0000405 seconds
2019-10-16T14:30:10.453+0000: 810.305: Total time for which application threads were stopped: 0.0002116 seconds, Stopping threads took: 0.0000382 seconds
2019-10-16T14:30:15.454+0000: 815.306: Total time for which application threads were stopped: 0.0002070 seconds, Stopping threads took: 0.0000382 seconds
2019-10-16T14:30:20.455+0000: 820.307: Total time for which application threads were stopped: 0.0002122 seconds, Stopping threads took: 0.0000494 seconds
2019-10-16T14:30:25.456+0000: 825.308: Total time for which application threads were stopped: 0.0002020 seconds, Stopping threads took: 0.0000386 seconds
2019-10-16T14:30:30.457+0000: 830.309: Total time for which application threads were stopped: 0.0002073 seconds, Stopping threads took: 0.0000434 seconds
2019-10-16T14:30:31.457+0000: 831.309: Total time for which application threads were stopped: 0.0001803 seconds, Stopping threads took: 0.0000431 seconds
2019-10-16T14:30:36.458+0000: 836.310: Total time for which application threads were stopped: 0.0003245 seconds, Stopping threads took: 0.0000496 seconds
2019-10-16T14:30:41.459+0000: 841.311: Total time for which application threads were stopped: 0.0002080 seconds, Stopping threads took: 0.0000424 seconds
2019-10-16T14:30:45.460+0000: 845.312: Total time for which application threads were stopped: 0.0002779 seconds, Stopping threads took: 0.0000517 seconds
2019-10-16T14:30:46.461+0000: 846.313: Total time for which application threads were stopped: 0.0001865 seconds, Stopping threads took: 0.0000390 seconds
2019-10-16T14:30:50.461+0000: 850.313: Total time for which application threads were stopped: 0.0002174 seconds, Stopping threads took: 0.0000386 seconds
2019-10-16T14:30:51.462+0000: 851.314: Total time for which application threads were stopped: 0.0001724 seconds, Stopping threads took: 0.0000405 seconds
2019-10-16T14:30:55.463+0000: 855.315: Total time for which application threads were stopped: 0.0002101 seconds, Stopping threads took: 0.0000388 seconds
2019-10-16T14:31:05.464+0000: 865.316: Total time for which application threads were stopped: 0.0001921 seconds, Stopping threads took: 0.0000362 seconds
2019-10-16T14:31:09.465+0000: 869.317: Total time for which application threads were stopped: 0.0002395 seconds, Stopping threads took: 0.0000426 seconds
2019-10-16T14:31:10.465+0000: 870.317: Total time for which application threads were stopped: 0.0001714 seconds, Stopping threads took: 0.0000406 seconds
2019-10-16T14:31:15.466+0000: 875.318: Total time for which application threads were stopped: 0.0002771 seconds, Stopping threads took: 0.0000493 seconds
2019-10-16T14:31:16.467+0000: 876.319: Total time for which application threads were stopped: 0.0002027 seconds, Stopping threads took: 0.0000499 seconds
2019-10-16T14:31:20.467+0000: 880.320: Total time for which application threads were stopped: 0.0001978 seconds, Stopping threads took: 0.0000391 seconds
2019-10-16T14:31:21.468+0000: 881.320: Total time for which application threads were stopped: 0.0001798 seconds, Stopping threads took: 0.0000401 seconds
2019-10-16T14:31:25.469+0000: 885.321: Total time for which application threads were stopped: 0.0002099 seconds, Stopping threads took: 0.0000377 seconds
2019-10-16T14:31:26.469+0000: 886.321: Total time for which application threads were stopped: 0.0001762 seconds, Stopping threads took: 0.0000382 seconds
2019-10-16T14:31:30.470+0000: 890.322: Total time for which application threads were stopped: 0.0002038 seconds, Stopping threads took: 0.0000517 seconds
2019-10-16T14:31:31.470+0000: 891.322: Total time for which application threads were stopped: 0.0001676 seconds, Stopping threads took: 0.0000384 seconds
2019-10-16T14:31:35.471+0000: 895.323: Total time for which application threads were stopped: 0.0001841 seconds, Stopping threads took: 0.0000348 seconds
2019-10-16T14:31:40.472+0000: 900.324: Total time for which application threads were stopped: 0.0002306 seconds, Stopping threads took: 0.0000366 seconds
2019-10-16T14:31:45.473+0000: 905.325: Total time for which application threads were stopped: 0.0001960 seconds, Stopping threads took: 0.0000400 seconds
2019-10-16T14:31:51.474+0000: 911.326: Total time for which application threads were stopped: 0.0001943 seconds, Stopping threads took: 0.0000360 seconds
2019-10-16T14:31:52.474+0000: 912.326: Total time for which application threads were stopped: 0.0001761 seconds, Stopping threads took: 0.0000401 seconds
2019-10-16T14:31:54.475+0000: 914.327: Total time for which application threads were stopped: 0.0002403 seconds, Stopping threads took: 0.0000374 seconds
2019-10-16T14:31:59.476+0000: 919.328: Total time for which application threads were stopped: 0.0002700 seconds, Stopping threads took: 0.0000497 seconds
2019-10-16T14:32:00.476+0000: 920.328: Total time for which application threads were stopped: 0.0001969 seconds, Stopping threads took: 0.0000396 seconds
2019-10-16T14:32:06.477+0000: 926.329: Total time for which application threads were stopped: 0.0002131 seconds, Stopping threads took: 0.0000428 seconds
2019-10-16T14:32:10.478+0000: 930.330: Total time for which application threads were stopped: 0.0002275 seconds, Stopping threads took: 0.0000377 seconds
2019-10-16T14:32:15.479+0000: 935.331: Total time for which application threads were stopped: 0.0001922 seconds, Stopping threads took: 0.0000367 seconds
2019-10-16T14:32:20.480+0000: 940.332: Total time for which application threads were stopped: 0.0002027 seconds, Stopping threads took: 0.0000390 seconds
2019-10-16T14:32:24.481+0000: 944.333: Total time for which application threads were stopped: 0.0001961 seconds, Stopping threads took: 0.0000360 seconds
2019-10-16T14:32:30.482+0000: 950.334: Total time for which application threads were stopped: 0.0002594 seconds, Stopping threads took: 0.0000490 seconds
2019-10-16T14:32:36.483+0000: 956.335: Total time for which application threads were stopped: 0.0001839 seconds, Stopping threads took: 0.0000373 seconds
2019-10-16T14:32:39.484+0000: 959.336: Total time for which application threads were stopped: 0.0002724 seconds, Stopping threads took: 0.0000536 seconds
2019-10-16T14:32:40.484+0000: 960.336: Total time for which application threads were stopped: 0.0001800 seconds, Stopping threads took: 0.0000393 seconds
2019-10-16T14:32:42.485+0000: 962.337: Total time for which application threads were stopped: 0.0002276 seconds, Stopping threads took: 0.0000403 seconds
2019-10-16T14:32:45.485+0000: 965.337: Total time for which application threads were stopped: 0.0002069 seconds, Stopping threads took: 0.0000505 seconds
2019-10-16T14:32:46.486+0000: 966.338: Total time for which application threads were stopped: 0.0001751 seconds, Stopping threads took: 0.0000426 seconds
2019-10-16T14:33:00.488+0000: 980.340: Total time for which application threads were stopped: 0.0002138 seconds, Stopping threads took: 0.0000472 seconds
{Heap before GC invocations=921 (full 12):
 par new generation   total 29504K, used 27877K [0x00000000f0800000, 0x00000000f2800000, 0x00000000f5a00000)
  eden space 26240K, 100% used [0x00000000f0800000, 0x00000000f21a0000, 0x00000000f21a0000)
  from space 3264K,  50% used [0x00000000f21a0000, 0x00000000f2339750, 0x00000000f24d0000)
  to   space 3264K,   0% used [0x00000000f24d0000, 0x00000000f24d0000, 0x00000000f2800000)
 concurrent mark-sweep generation total 110980K, used 76521K [0x00000000f5a00000, 0x00000000fc661000, 0x0000000100000000)
 Metaspace       used 117827K, capacity 123982K, committed 124184K, reserved 1157120K
  class space    used 15125K, capacity 16328K, committed 16408K, reserved 1048576K
2019-10-16T14:33:05.026+0000: 984.878: [GC (Allocation Failure) 2019-10-16T14:33:05.026+0000: 984.878: [ParNew
Desired survivor size 1671168 bytes, new threshold 6 (max 6)
- age   1:     201544 bytes,     201544 total
- age   2:     710832 bytes,     912376 total
- age   3:     294088 bytes,    1206464 total
: 27877K->1339K(29504K), 0.0082724 secs] 104399K->77860K(140484K), 0.0083743 secs] [Times: user=0.01 sys=0.00, real=0.01 secs] 
Heap after GC invocations=922 (full 12):
 par new generation   total 29504K, used 1339K [0x00000000f0800000, 0x00000000f2800000, 0x00000000f5a00000)
  eden space 26240K,   0% used [0x00000000f0800000, 0x00000000f0800000, 0x00000000f21a0000)
  from space 3264K,  41% used [0x00000000f24d0000, 0x00000000f261ed58, 0x00000000f2800000)
  to   space 3264K,   0% used [0x00000000f21a0000, 0x00000000f21a0000, 0x00000000f24d0000)
 concurrent mark-sweep generation total 110980K, used 76521K [0x00000000f5a00000, 0x00000000fc661000, 0x0000000100000000)
 Metaspace       used 117827K, capacity 123982K, committed 124184K, reserved 1157120K
  class space    used 15125K, capacity 16328K, committed 16408K, reserved 1048576K
}
2019-10-16T14:33:05.034+0000: 984.886: Total time for which application threads were stopped: 0.0086876 seconds, Stopping threads took: 0.0000427 seconds
2019-10-16T14:33:06.040+0000: 985.892: Total time for which application threads were stopped: 0.0002203 seconds, Stopping threads took: 0.0000406 seconds
2019-10-16T14:33:11.041+0000: 990.893: Total time for which application threads were stopped: 0.0001734 seconds, Stopping threads took: 0.0000395 seconds
2019-10-16T14:33:15.042+0000: 994.894: Total time for which application threads were stopped: 0.0002094 seconds, Stopping threads took: 0.0000325 seconds
2019-10-16T14:33:20.043+0000: 999.895: Total time for which application threads were stopped: 0.0001680 seconds, Stopping threads took: 0.0000402 seconds
2019-10-16T14:33:21.043+0000: 1000.895: Total time for which application threads were stopped: 0.0001688 seconds, Stopping threads took: 0.0000404 seconds
2019-10-16T14:33:26.044+0000: 1005.896: Total time for which application threads were stopped: 0.0001866 seconds, Stopping threads took: 0.0000616 seconds
2019-10-16T14:33:30.045+0000: 1009.897: Total time for which application threads were stopped: 0.0002601 seconds, Stopping threads took: 0.0000573 seconds
2019-10-16T14:33:36.046+0000: 1015.898: Total time for which application threads were stopped: 0.0002071 seconds, Stopping threads took: 0.0000398 seconds
2019-10-16T14:33:39.046+0000: 1018.899: Total time for which application threads were stopped: 0.0002382 seconds, Stopping threads took: 0.0000545 seconds
2019-10-16T14:33:40.047+0000: 1019.899: Total time for which application threads were stopped: 0.0001829 seconds, Stopping threads took: 0.0000343 seconds
2019-10-16T14:33:41.047+0000: 1020.899: Total time for which application threads were stopped: 0.0001660 seconds, Stopping threads took: 0.0000395 seconds
2019-10-16T14:33:46.048+0000: 1025.900: Total time for which application threads were stopped: 0.0001917 seconds, Stopping threads took: 0.0000624 seconds
2019-10-16T14:33:51.049+0000: 1030.901: Total time for which application threads were stopped: 0.0002084 seconds, Stopping threads took: 0.0000628 seconds
2019-10-16T14:33:56.050+0000: 1035.902: Total time for which application threads were stopped: 0.0001807 seconds, Stopping threads took: 0.0000528 seconds
2019-10-16T14:34:00.051+0000: 1039.903: Total time for which application threads were stopped: 0.0002078 seconds, Stopping threads took: 0.0000414 seconds
2019-10-16T14:34:05.052+0000: 1044.904: Total time for which application threads were stopped: 0.0002239 seconds, Stopping threads took: 0.0000418 seconds
2019-10-16T14:34:06.052+0000: 1045.904: Total time for which application threads were stopped: 0.0001725 seconds, Stopping threads took: 0.0000408 seconds
2019-10-16T14:34:11.054+0000: 1050.906: Total time for which application threads were stopped: 0.0001813 seconds, Stopping threads took: 0.0000402 seconds
2019-10-16T14:34:16.055+0000: 1055.907: Total time for which application threads were stopped: 0.0001882 seconds, Stopping threads took: 0.0000390 seconds
2019-10-16T14:34:21.056+0000: 1060.908: Total time for which application threads were stopped: 0.0001695 seconds, Stopping threads took: 0.0000413 seconds
2019-10-16T14:34:25.056+0000: 1064.908: Total time for which application threads were stopped: 0.0001973 seconds, Stopping threads took: 0.0000435 seconds
2019-10-16T14:34:31.057+0000: 1070.909: Total time for which application threads were stopped: 0.0001722 seconds, Stopping threads took: 0.0000401 seconds
2019-10-16T14:34:36.058+0000: 1075.910: Total time for which application threads were stopped: 0.0001788 seconds, Stopping threads took: 0.0000400 seconds
2019-10-16T14:34:41.059+0000: 1080.911: Total time for which application threads were stopped: 0.0001817 seconds, Stopping threads took: 0.0000390 seconds
2019-10-16T14:34:51.061+0000: 1090.913: Total time for which application threads were stopped: 0.0001906 seconds, Stopping threads took: 0.0000673 seconds
2019-10-16T14:34:55.062+0000: 1094.914: Total time for which application threads were stopped: 0.0001887 seconds, Stopping threads took: 0.0000378 seconds
2019-10-16T14:34:56.062+0000: 1095.914: Total time for which application threads were stopped: 0.0001719 seconds, Stopping threads took: 0.0000394 seconds
2019-10-16T14:35:01.063+0000: 1100.915: Total time for which application threads were stopped: 0.0001731 seconds, Stopping threads took: 0.0000413 seconds
2019-10-16T14:35:06.064+0000: 1105.916: Total time for which application threads were stopped: 0.0002026 seconds, Stopping threads took: 0.0000393 seconds
2019-10-16T14:35:11.065+0000: 1110.917: Total time for which application threads were stopped: 0.0001766 seconds, Stopping threads took: 0.0000404 seconds
2019-10-16T14:35:16.066+0000: 1115.918: Total time for which application threads were stopped: 0.0002122 seconds, Stopping threads took: 0.0000387 seconds
2019-10-16T14:35:20.067+0000: 1119.919: Total time for which application threads were stopped: 0.0001995 seconds, Stopping threads took: 0.0000389 seconds
2019-10-16T14:35:21.067+0000: 1120.919: Total time for which application threads were stopped: 0.0001838 seconds, Stopping threads took: 0.0000415 seconds
2019-10-16T14:35:25.068+0000: 1124.920: Total time for which application threads were stopped: 0.0001697 seconds, Stopping threads took: 0.0000402 seconds
2019-10-16T14:35:31.069+0000: 1130.921: Total time for which application threads were stopped: 0.0001635 seconds, Stopping threads took: 0.0000378 seconds
2019-10-16T14:35:35.070+0000: 1134.922: Total time for which application threads were stopped: 0.0002438 seconds, Stopping threads took: 0.0000547 seconds
2019-10-16T14:35:40.071+0000: 1139.923: Total time for which application threads were stopped: 0.0002063 seconds, Stopping threads took: 0.0000386 seconds
2019-10-16T14:35:41.071+0000: 1140.923: Total time for which application threads were stopped: 0.0001661 seconds, Stopping threads took: 0.0000398 seconds
2019-10-16T14:35:44.072+0000: 1143.924: Total time for which application threads were stopped: 0.0001725 seconds, Stopping threads took: 0.0000415 seconds
2019-10-16T14:35:46.072+0000: 1145.924: Total time for which application threads were stopped: 0.0002112 seconds, Stopping threads took: 0.0000414 seconds
2019-10-16T14:35:56.074+0000: 1155.926: Total time for which application threads were stopped: 0.0001738 seconds, Stopping threads took: 0.0000393 seconds
2019-10-16T14:36:00.075+0000: 1159.927: Total time for which application threads were stopped: 0.0002056 seconds, Stopping threads took: 0.0000423 seconds
2019-10-16T14:36:06.075+0000: 1165.927: Total time for which application threads were stopped: 0.0001689 seconds, Stopping threads took: 0.0000380 seconds
2019-10-16T14:36:10.076+0000: 1169.928: Total time for which application threads were stopped: 0.0001914 seconds, Stopping threads took: 0.0000361 seconds
2019-10-16T14:36:11.077+0000: 1170.929: Total time for which application threads were stopped: 0.0001775 seconds, Stopping threads took: 0.0000418 seconds
2019-10-16T14:36:16.078+0000: 1175.930: Total time for which application threads were stopped: 0.0002408 seconds, Stopping threads took: 0.0000677 seconds
2019-10-16T14:36:21.079+0000: 1180.931: Total time for which application threads were stopped: 0.0002439 seconds, Stopping threads took: 0.0000522 seconds
2019-10-16T14:36:26.080+0000: 1185.932: Total time for which application threads were stopped: 0.0001930 seconds, Stopping threads took: 0.0000392 seconds
2019-10-16T14:36:30.080+0000: 1189.932: Total time for which application threads were stopped: 0.0002002 seconds, Stopping threads took: 0.0000389 seconds
2019-10-16T14:36:31.081+0000: 1190.933: Total time for which application threads were stopped: 0.0001740 seconds, Stopping threads took: 0.0000403 seconds
2019-10-16T14:36:36.082+0000: 1195.934: Total time for which application threads were stopped: 0.0001793 seconds, Stopping threads took: 0.0000392 seconds
2019-10-16T14:36:40.082+0000: 1199.934: Total time for which application threads were stopped: 0.0002010 seconds, Stopping threads took: 0.0000390 seconds
2019-10-16T14:36:49.084+0000: 1208.936: Total time for which application threads were stopped: 0.0002053 seconds, Stopping threads took: 0.0000390 seconds
2019-10-16T14:36:50.084+0000: 1209.936: Total time for which application threads were stopped: 0.0001732 seconds, Stopping threads took: 0.0000462 seconds
2019-10-16T14:36:55.085+0000: 1214.937: Total time for which application threads were stopped: 0.0002144 seconds, Stopping threads took: 0.0000356 seconds
2019-10-16T14:36:57.086+0000: 1216.938: Total time for which application threads were stopped: 0.0001891 seconds, Stopping threads took: 0.0000383 seconds
2019-10-16T14:37:00.087+0000: 1219.939: Total time for which application threads were stopped: 0.0002072 seconds, Stopping threads took: 0.0000377 seconds
2019-10-16T14:37:11.088+0000: 1230.940: Total time for which application threads were stopped: 0.0001805 seconds, Stopping threads took: 0.0000547 seconds
2019-10-16T14:37:14.089+0000: 1233.941: Total time for which application threads were stopped: 0.0002290 seconds, Stopping threads took: 0.0000458 seconds
2019-10-16T14:37:21.090+0000: 1240.942: Total time for which application threads were stopped: 0.0002143 seconds, Stopping threads took: 0.0000399 seconds
2019-10-16T14:37:25.091+0000: 1244.943: Total time for which application threads were stopped: 0.0002173 seconds, Stopping threads took: 0.0000375 seconds
{Heap before GC invocations=922 (full 12):
 par new generation   total 29504K, used 27579K [0x00000000f0800000, 0x00000000f2800000, 0x00000000f5a00000)
  eden space 26240K, 100% used [0x00000000f0800000, 0x00000000f21a0000, 0x00000000f21a0000)
  from space 3264K,  41% used [0x00000000f24d0000, 0x00000000f261ed58, 0x00000000f2800000)
  to   space 3264K,   0% used [0x00000000f21a0000, 0x00000000f21a0000, 0x00000000f24d0000)
 concurrent mark-sweep generation total 110980K, used 76521K [0x00000000f5a00000, 0x00000000fc661000, 0x0000000100000000)
 Metaspace       used 118274K, capacity 124466K, committed 124696K, reserved 1157120K
  class space    used 15127K, capacity 16360K, committed 16408K, reserved 1048576K
2019-10-16T14:37:30.124+0000: 1249.976: [GC (Allocation Failure) 2019-10-16T14:37:30.124+0000: 1249.976: [ParNew
Desired survivor size 1671168 bytes, new threshold 6 (max 6)
- age   1:      66840 bytes,      66840 total
- age   2:     162048 bytes,     228888 total
- age   3:     597224 bytes,     826112 total
- age   4:     288480 bytes,    1114592 total
: 27579K->1218K(29504K), 0.0083817 secs] 104100K->77740K(140484K), 0.0084725 secs] [Times: user=0.01 sys=0.00, real=0.01 secs] 
Heap after GC invocations=923 (full 12):
 par new generation   total 29504K, used 1218K [0x00000000f0800000, 0x00000000f2800000, 0x00000000f5a00000)
  eden space 26240K,   0% used [0x00000000f0800000, 0x00000000f0800000, 0x00000000f21a0000)
  from space 3264K,  37% used [0x00000000f21a0000, 0x00000000f22d0a80, 0x00000000f24d0000)
  to   space 3264K,   0% used [0x00000000f24d0000, 0x00000000f24d0000, 0x00000000f2800000)
 concurrent mark-sweep generation total 110980K, used 76521K [0x00000000f5a00000, 0x00000000fc661000, 0x0000000100000000)
 Metaspace       used 118274K, capacity 124466K, committed 124696K, reserved 1157120K
  class space    used 15127K, capacity 16360K, committed 16408K, reserved 1048576K
}
2019-10-16T14:37:30.132+0000: 1249.984: Total time for which application threads were stopped: 0.0087162 seconds, Stopping threads took: 0.0000443 seconds
2019-10-16T14:37:35.141+0000: 1254.993: Total time for which application threads were stopped: 0.0002169 seconds, Stopping threads took: 0.0000365 seconds
2019-10-16T14:37:39.142+0000: 1258.994: Total time for which application threads were stopped: 0.0001904 seconds, Stopping threads took: 0.0000349 seconds
2019-10-16T14:37:40.142+0000: 1259.994: Total time for which application threads were stopped: 0.0001646 seconds, Stopping threads took: 0.0000359 seconds
2019-10-16T14:37:46.144+0000: 1265.996: Total time for which application threads were stopped: 0.0002206 seconds, Stopping threads took: 0.0000548 seconds
2019-10-16T14:37:50.144+0000: 1269.996: Total time for which application threads were stopped: 0.0001761 seconds, Stopping threads took: 0.0000391 seconds
2019-10-16T14:37:55.145+0000: 1274.997: Total time for which application threads were stopped: 0.0001994 seconds, Stopping threads took: 0.0000374 seconds
2019-10-16T14:37:56.145+0000: 1275.997: Total time for which application threads were stopped: 0.0001833 seconds, Stopping threads took: 0.0000401 seconds
2019-10-16T14:38:01.146+0000: 1280.998: Total time for which application threads were stopped: 0.0001790 seconds, Stopping threads took: 0.0000487 seconds
2019-10-16T14:38:10.148+0000: 1290.000: Total time for which application threads were stopped: 0.0002118 seconds, Stopping threads took: 0.0000435 seconds
2019-10-16T14:38:11.148+0000: 1291.000: Total time for which application threads were stopped: 0.0001754 seconds, Stopping threads took: 0.0000399 seconds
2019-10-16T14:38:15.149+0000: 1295.001: Total time for which application threads were stopped: 0.0002057 seconds, Stopping threads took: 0.0000395 seconds
2019-10-16T14:38:21.150+0000: 1301.002: Total time for which application threads were stopped: 0.0001720 seconds, Stopping threads took: 0.0000424 seconds
2019-10-16T14:38:25.151+0000: 1305.003: Total time for which application threads were stopped: 0.0001883 seconds, Stopping threads took: 0.0000350 seconds
2019-10-16T14:38:26.151+0000: 1306.003: Total time for which application threads were stopped: 0.0002115 seconds, Stopping threads took: 0.0000394 seconds
2019-10-16T14:38:31.152+0000: 1311.004: Total time for which application threads were stopped: 0.0001713 seconds, Stopping threads took: 0.0000408 seconds
2019-10-16T14:38:35.153+0000: 1315.005: Total time for which application threads were stopped: 0.0002019 seconds, Stopping threads took: 0.0000371 seconds
2019-10-16T14:38:36.153+0000: 1316.005: Total time for which application threads were stopped: 0.0001894 seconds, Stopping threads took: 0.0000449 seconds
2019-10-16T14:38:50.156+0000: 1330.008: Total time for which application threads were stopped: 0.0002069 seconds, Stopping threads took: 0.0000384 seconds
2019-10-16T14:38:51.156+0000: 1331.008: Total time for which application threads were stopped: 0.0001710 seconds, Stopping threads took: 0.0000404 seconds
2019-10-16T14:38:55.157+0000: 1335.009: Total time for which application threads were stopped: 0.0002263 seconds, Stopping threads took: 0.0000389 seconds
2019-10-16T14:39:00.158+0000: 1340.010: Total time for which application threads were stopped: 0.0002078 seconds, Stopping threads took: 0.0000466 seconds
2019-10-16T14:39:01.158+0000: 1341.010: Total time for which application threads were stopped: 0.0001833 seconds, Stopping threads took: 0.0000412 seconds
2019-10-16T14:39:06.159+0000: 1346.011: Total time for which application threads were stopped: 0.0001732 seconds, Stopping threads took: 0.0000421 seconds
2019-10-16T14:39:11.160+0000: 1351.012: Total time for which application threads were stopped: 0.0001767 seconds, Stopping threads took: 0.0000414 seconds
2019-10-16T14:39:25.162+0000: 1365.014: Total time for which application threads were stopped: 0.0002286 seconds, Stopping threads took: 0.0000413 seconds
2019-10-16T14:39:26.162+0000: 1366.015: Total time for which application threads were stopped: 0.0001750 seconds, Stopping threads took: 0.0000382 seconds
2019-10-16T14:39:31.163+0000: 1371.015: Total time for which application threads were stopped: 0.0001721 seconds, Stopping threads took: 0.0000398 seconds
2019-10-16T14:39:35.164+0000: 1375.016: Total time for which application threads were stopped: 0.0001967 seconds, Stopping threads took: 0.0000348 seconds
2019-10-16T14:39:36.165+0000: 1376.017: Total time for which application threads were stopped: 0.0001776 seconds, Stopping threads took: 0.0000409 seconds
2019-10-16T14:39:41.165+0000: 1381.017: Total time for which application threads were stopped: 0.0001778 seconds, Stopping threads took: 0.0000423 seconds
2019-10-16T14:39:46.166+0000: 1386.018: Total time for which application threads were stopped: 0.0002348 seconds, Stopping threads took: 0.0000346 seconds
2019-10-16T14:39:51.167+0000: 1391.019: Total time for which application threads were stopped: 0.0001779 seconds, Stopping threads took: 0.0000378 seconds
2019-10-16T14:39:55.168+0000: 1395.020: Total time for which application threads were stopped: 0.0002201 seconds, Stopping threads took: 0.0000390 seconds
2019-10-16T14:39:56.168+0000: 1396.021: Total time for which application threads were stopped: 0.0001743 seconds, Stopping threads took: 0.0000415 seconds
2019-10-16T14:40:02.170+0000: 1402.022: Total time for which application threads were stopped: 0.0001796 seconds, Stopping threads took: 0.0000421 seconds
2019-10-16T14:40:06.170+0000: 1406.022: Total time for which application threads were stopped: 0.0001792 seconds, Stopping threads took: 0.0000469 seconds
2019-10-16T14:40:10.171+0000: 1410.023: Total time for which application threads were stopped: 0.0002362 seconds, Stopping threads took: 0.0000405 seconds
2019-10-16T14:40:14.172+0000: 1414.024: Total time for which application threads were stopped: 0.0002106 seconds, Stopping threads took: 0.0000371 seconds
2019-10-16T14:40:15.172+0000: 1415.024: Total time for which application threads were stopped: 0.0001760 seconds, Stopping threads took: 0.0000419 seconds
2019-10-16T14:40:24.174+0000: 1424.026: Total time for which application threads were stopped: 0.0002009 seconds, Stopping threads took: 0.0000345 seconds
2019-10-16T14:40:30.175+0000: 1430.027: Total time for which application threads were stopped: 0.0002124 seconds, Stopping threads took: 0.0000409 seconds
2019-10-16T14:40:35.176+0000: 1435.028: Total time for which application threads were stopped: 0.0002177 seconds, Stopping threads took: 0.0000571 seconds
2019-10-16T14:40:36.176+0000: 1436.028: Total time for which application threads were stopped: 0.0001733 seconds, Stopping threads took: 0.0000399 seconds
2019-10-16T14:40:41.177+0000: 1441.029: Total time for which application threads were stopped: 0.0001818 seconds, Stopping threads took: 0.0000514 seconds
2019-10-16T14:40:44.178+0000: 1444.030: Total time for which application threads were stopped: 0.0001633 seconds, Stopping threads took: 0.0000370 seconds
2019-10-16T14:40:45.178+0000: 1445.030: Total time for which application threads were stopped: 0.0003305 seconds, Stopping threads took: 0.0000533 seconds
2019-10-16T14:40:49.179+0000: 1449.031: Total time for which application threads were stopped: 0.0002013 seconds, Stopping threads took: 0.0000373 seconds
2019-10-16T14:40:51.180+0000: 1451.032: Total time for which application threads were stopped: 0.0002091 seconds, Stopping threads took: 0.0000399 seconds
2019-10-16T14:40:55.180+0000: 1455.032: Total time for which application threads were stopped: 0.0002104 seconds, Stopping threads took: 0.0000415 seconds
2019-10-16T14:40:56.181+0000: 1456.033: Total time for which application threads were stopped: 0.0002453 seconds, Stopping threads took: 0.0000537 seconds
2019-10-16T14:41:06.183+0000: 1466.035: Total time for which application threads were stopped: 0.0002022 seconds, Stopping threads took: 0.0000415 seconds
2019-10-16T14:41:15.184+0000: 1475.036: Total time for which application threads were stopped: 0.0002123 seconds, Stopping threads took: 0.0000405 seconds
2019-10-16T14:41:16.184+0000: 1476.036: Total time for which application threads were stopped: 0.0001814 seconds, Stopping threads took: 0.0000438 seconds
2019-10-16T14:41:21.185+0000: 1481.037: Total time for which application threads were stopped: 0.0001827 seconds, Stopping threads took: 0.0000389 seconds
2019-10-16T14:41:26.186+0000: 1486.038: Total time for which application threads were stopped: 0.0001975 seconds, Stopping threads took: 0.0000451 seconds
2019-10-16T14:41:30.187+0000: 1490.039: Total time for which application threads were stopped: 0.0003023 seconds, Stopping threads took: 0.0000534 seconds
2019-10-16T14:41:31.188+0000: 1491.040: Total time for which application threads were stopped: 0.0001724 seconds, Stopping threads took: 0.0000410 seconds
2019-10-16T14:41:36.189+0000: 1496.041: Total time for which application threads were stopped: 0.0001910 seconds, Stopping threads took: 0.0000387 seconds
2019-10-16T14:41:41.189+0000: 1501.042: Total time for which application threads were stopped: 0.0002237 seconds, Stopping threads took: 0.0000374 seconds
2019-10-16T14:41:42.190+0000: 1502.042: Total time for which application threads were stopped: 0.0001785 seconds, Stopping threads took: 0.0000381 seconds
2019-10-16T14:41:51.191+0000: 1511.043: Total time for which application threads were stopped: 0.0001805 seconds, Stopping threads took: 0.0000419 seconds
2019-10-16T14:41:55.192+0000: 1515.044: Total time for which application threads were stopped: 0.0002104 seconds, Stopping threads took: 0.0000360 seconds
2019-10-16T14:41:56.192+0000: 1516.044: Total time for which application threads were stopped: 0.0001871 seconds, Stopping threads took: 0.0000415 seconds
{Heap before GC invocations=923 (full 12):
 par new generation   total 29504K, used 27458K [0x00000000f0800000, 0x00000000f2800000, 0x00000000f5a00000)
  eden space 26240K, 100% used [0x00000000f0800000, 0x00000000f21a0000, 0x00000000f21a0000)
  from space 3264K,  37% used [0x00000000f21a0000, 0x00000000f22d0a80, 0x00000000f24d0000)
  to   space 3264K,   0% used [0x00000000f24d0000, 0x00000000f24d0000, 0x00000000f2800000)
 concurrent mark-sweep generation total 110980K, used 76521K [0x00000000f5a00000, 0x00000000fc661000, 0x0000000100000000)
 Metaspace       used 118619K, capacity 124850K, committed 124952K, reserved 1157120K
  class space    used 15127K, capacity 16360K, committed 16408K, reserved 1048576K
2019-10-16T14:42:00.017+0000: 1519.869: [GC (Allocation Failure) 2019-10-16T14:42:00.017+0000: 1519.869: [ParNew
Desired survivor size 1671168 bytes, new threshold 6 (max 6)
- age   1:      67144 bytes,      67144 total
- age   2:      27592 bytes,      94736 total
- age   3:     162048 bytes,     256784 total
- age   4:     597176 bytes,     853960 total
- age   5:     288480 bytes,    1142440 total
: 27458K->1120K(29504K), 0.0088992 secs] 103980K->77642K(140484K), 0.0090247 secs] [Times: user=0.00 sys=0.00, real=0.01 secs] 
Heap after GC invocations=924 (full 12):
 par new generation   total 29504K, used 1120K [0x00000000f0800000, 0x00000000f2800000, 0x00000000f5a00000)
  eden space 26240K,   0% used [0x00000000f0800000, 0x00000000f0800000, 0x00000000f21a0000)
  from space 3264K,  34% used [0x00000000f24d0000, 0x00000000f25e8380, 0x00000000f2800000)
  to   space 3264K,   0% used [0x00000000f21a0000, 0x00000000f21a0000, 0x00000000f24d0000)
 concurrent mark-sweep generation total 110980K, used 76521K [0x00000000f5a00000, 0x00000000fc661000, 0x0000000100000000)
 Metaspace       used 118619K, capacity 124850K, committed 124952K, reserved 1157120K
  class space    used 15127K, capacity 16360K, committed 16408K, reserved 1048576K
}
2019-10-16T14:42:00.026+0000: 1519.878: Total time for which application threads were stopped: 0.0093086 seconds, Stopping threads took: 0.0000474 seconds
2019-10-16T14:42:01.027+0000: 1520.879: Total time for which application threads were stopped: 0.0001789 seconds, Stopping threads took: 0.0000415 seconds
2019-10-16T14:42:05.028+0000: 1524.880: Total time for which application threads were stopped: 0.0001697 seconds, Stopping threads took: 0.0000391 seconds
2019-10-16T14:42:06.029+0000: 1525.881: Total time for which application threads were stopped: 0.0001729 seconds, Stopping threads took: 0.0000387 seconds
2019-10-16T14:42:10.029+0000: 1529.881: Total time for which application threads were stopped: 0.0001936 seconds, Stopping threads took: 0.0000336 seconds
2019-10-16T14:42:11.030+0000: 1530.882: Total time for which application threads were stopped: 0.0001936 seconds, Stopping threads took: 0.0000415 seconds
2019-10-16T14:42:16.031+0000: 1535.883: Total time for which application threads were stopped: 0.0001778 seconds, Stopping threads took: 0.0000402 seconds
2019-10-16T14:42:21.032+0000: 1540.884: Total time for which application threads were stopped: 0.0001729 seconds, Stopping threads took: 0.0000395 seconds
2019-10-16T14:42:24.032+0000: 1543.884: Total time for which application threads were stopped: 0.0002260 seconds, Stopping threads took: 0.0000362 seconds
2019-10-16T14:42:31.033+0000: 1550.886: Total time for which application threads were stopped: 0.0002031 seconds, Stopping threads took: 0.0000515 seconds
2019-10-16T14:42:35.034+0000: 1554.886: Total time for which application threads were stopped: 0.0002229 seconds, Stopping threads took: 0.0000395 seconds
2019-10-16T14:45:11.057+0000: 1710.909: Total time for which application threads were stopped: 0.0001948 seconds, Stopping threads took: 0.0000426 seconds
2019-10-16T14:46:08.066+0000: 1767.918: Total time for which application threads were stopped: 0.0001774 seconds, Stopping threads took: 0.0000397 seconds
2019-10-16T14:48:34.088+0000: 1913.940: Total time for which application threads were stopped: 0.0001699 seconds, Stopping threads took: 0.0000387 seconds
2019-10-16T14:48:35.088+0000: 1914.940: Total time for which application threads were stopped: 0.0001821 seconds, Stopping threads took: 0.0000385 seconds
2019-10-16T14:49:32.098+0000: 1971.950: Total time for which application threads were stopped: 0.0001771 seconds, Stopping threads took: 0.0000400 seconds
2019-10-16T14:51:41.117+0000: 2100.969: Total time for which application threads were stopped: 0.0001703 seconds, Stopping threads took: 0.0000387 seconds
2019-10-16T14:52:51.127+0000: 2170.979: Total time for which application threads were stopped: 0.0001864 seconds, Stopping threads took: 0.0000532 seconds
2019-10-16T14:54:34.148+0000: 2274.004: Total time for which application threads were stopped: 0.0044148 seconds, Stopping threads took: 0.0005550 seconds
2019-10-16T14:54:35.152+0000: 2275.004: Total time for which application threads were stopped: 0.0001774 seconds, Stopping threads took: 0.0000401 seconds
2019-10-16T14:54:51.155+0000: 2291.007: Total time for which application threads were stopped: 0.0001744 seconds, Stopping threads took: 0.0000407 seconds
2019-10-16T14:55:01.156+0000: 2301.008: Total time for which application threads were stopped: 0.0001811 seconds, Stopping threads took: 0.0000391 seconds
2019-10-16T14:56:09.168+0000: 2369.020: Total time for which application threads were stopped: 0.0001867 seconds, Stopping threads took: 0.0000513 seconds
2019-10-16T14:56:25.170+0000: 2385.022: Total time for which application threads were stopped: 0.0002027 seconds, Stopping threads took: 0.0000418 seconds
2019-10-16T14:56:50.174+0000: 2410.026: Total time for which application threads were stopped: 0.0001970 seconds, Stopping threads took: 0.0000361 seconds
